07-02 20:38:06.442   735   735 I boot_progress_start: 7901
07-02 20:38:07.022   735   735 I boot_progress_preload_start: 8485
07-02 20:38:07.292   736   736 I boot_progress_preload_start: 8756
07-02 20:38:08.682   735   735 I boot_progress_preload_end: 10142
07-02 20:38:08.752   736   736 I boot_progress_preload_end: 10211
07-02 20:38:08.852  1319  1319 I boot_progress_system_run: 10314
07-02 20:38:09.112  1319  1319 I boot_progress_pms_start: 10570
07-02 20:38:09.712  1319  1319 I boot_progress_pms_system_scan_start: 11178
07-02 20:38:11.822  1319  1319 I boot_progress_pms_data_scan_start: 13286
07-02 20:38:18.752  1319  1319 I boot_progress_pms_scan_end: 20215
07-02 20:38:18.962  1319  1319 I boot_progress_pms_ready: 20427
07-02 20:38:18.982  1319  1339 I battery_status: [3,2,1,0,Li-ion]
07-02 20:38:18.982  1319  1339 I battery_level: [30,3724,322]
07-02 20:38:19.212  1319  1319 I wm_stack_created: [0,0,0,0,0]
07-02 20:38:19.242  1319  1319 I configuration_changed: 7672
07-02 20:38:19.252  1319  1319 I configuration_changed: 1024
07-02 20:38:19.262  1319  1319 I configuration_changed: 512
07-02 20:38:19.392  1319  1812 I configuration_changed: 8
07-02 20:38:19.522   505   505 I auditd  : avc:  denied  { find } for service=permission scontext=u:r:location:s0 tcontext=u:object_r:permission_service:s0 tclass=service_manager
07-02 20:38:19.682  1319  1319 I free_storage_left: [23222788096,457252864,254267392]
07-02 20:38:19.682  1319  1319 I free_storage_changed: 23222788096
07-02 20:38:19.872  1319  1319 I stream_devices_changed: [0,0,1]
07-02 20:38:19.872  1319  1319 I stream_devices_changed: [2,0,2]
07-02 20:38:19.872  1319  1319 I stream_devices_changed: [3,0,2]
07-02 20:38:19.872  1319  1319 I stream_devices_changed: [4,0,2]
07-02 20:38:19.872  1319  1319 I stream_devices_changed: [6,0,1]
07-02 20:38:20.522   505   505 I auditd  : avc:  denied  { find } for service=permission scontext=u:r:location:s0 tcontext=u:object_r:permission_service:s0 tclass=service_manager
07-02 20:38:20.852  1319  1319 I boot_progress_ams_ready: 22316
07-02 20:38:20.882  1319  1403 I am_proc_start: [0,1881,1000,com.vivo.appfilter,service,com.vivo.appfilter/.service.VivoBringupManagerService]
07-02 20:38:20.912  1319  1343 I am_proc_start: [0,1899,10007,android.process.media,broadcast,com.android.providers.media/.MtpReceiver]
07-02 20:38:20.952  1319  1319 I am_proc_start: [0,1922,1037,WebViewLoader-armeabi-v7a,,]
07-02 20:38:20.962  1319  1319 I am_proc_start: [0,1930,1037,WebViewLoader-arm64-v8a,,]
07-02 20:38:20.982  1319  1319 I am_proc_start: [0,1947,10017,com.android.systemui,service,com.android.systemui/.SystemUIService]
07-02 20:38:20.982  1319  1339 I am_proc_bound: [0,1899,android.process.media]
07-02 20:38:20.992  1319  1340 I am_proc_bound: [0,1881,com.vivo.appfilter]
07-02 20:38:21.002  1319  1343 I am_proc_start: [0,1960,10009,com.android.externalstorage,broadcast,com.android.externalstorage/.MountReceiver]
07-02 20:38:21.012  1319  1339 I am_proc_bound: [0,1947,com.android.systemui]
07-02 20:38:21.052  1319  1921 I am_proc_bound: [0,1960,com.android.externalstorage]
07-02 20:38:21.242  1947  1994 I sysui_action: [213,2]
07-02 20:38:21.362  1319  1914 I am_proc_start: [0,2062,1000,com.android.settings,content provider,com.android.settings/com.vivo.settings.provider.SecretProvider]
07-02 20:38:21.412  1319  1340 I am_proc_bound: [0,2062,com.android.settings]
07-02 20:38:21.522   505   505 I auditd  : avc:  denied  { find } for service=permission scontext=u:r:location:s0 tcontext=u:object_r:permission_service:s0 tclass=service_manager
07-02 20:38:21.552  1319  1914 I am_proc_start: [0,2116,10057,com.bbk.iqoo.logsystem,content provider,com.bbk.iqoo.logsystem/.databases.CommonProvider]
07-02 20:38:21.632  1319  1921 I am_proc_bound: [0,2116,com.bbk.iqoo.logsystem]
07-02 20:38:21.832  1319  1319 I am_proc_start: [0,2164,10186,cn.ginshell.bong,service,cn.ginshell.bong/.notify.NotificationDetectServiceW]
07-02 20:38:21.842  1319  1343 I am_proc_start: [0,2176,10185,com.tencent.mm,broadcast,com.tencent.mm/.booter.BluetoothReceiver]
07-02 20:38:21.882  1319  1921 I am_proc_bound: [0,2164,cn.ginshell.bong]
07-02 20:38:21.892  1319  1921 I am_proc_bound: [0,2176,com.tencent.mm]
07-02 20:38:21.932  1319  1319 I am_proc_start: [0,2208,10147,com.sohu.inputmethod.sogou,service,com.sohu.inputmethod.sogou/.SogouIME]
07-02 20:38:21.962  1319  1914 I am_proc_bound: [0,2208,com.sohu.inputmethod.sogou]
07-02 20:38:21.962  1319  1818 I netstats_mobile_sample: [0,0,0,0,0,0,0,0,0,0,0,0,-1]
07-02 20:38:21.962  1319  1818 I netstats_wifi_sample: [0,0,0,0,0,0,0,0,0,0,0,0,-1]
07-02 20:38:21.992  1319  1319 I am_proc_start: [0,2229,10061,com.baidu.map.location,service,com.baidu.map.location/.BaiduNetworkLocationService]
07-02 20:38:22.042  1319  1921 I am_proc_bound: [0,2229,com.baidu.map.location]
07-02 20:38:22.092  1319  1343 I am_proc_start: [0,2269,1000,com.android.bbklog,broadcast,com.android.bbklog/.BbkLogReceiver]
07-02 20:38:22.122  1319  1319 I am_proc_start: [0,2277,1000,com.vivo.abe,added application,com.vivo.abe]
07-02 20:38:22.132  1319  1319 I am_proc_start: [0,2290,1000,com.vivo.daemonService,added application,com.vivo.daemonService]
07-02 20:38:22.152  1319  1319 I am_proc_start: [0,2300,1000,com.quicinc.cne.CNEService,added application,com.quicinc.cne.CNEService]
07-02 20:38:22.162  1319  1319 I am_proc_start: [0,2314,1000,com.qti.dpmserviceapp,added application,com.qti.dpmserviceapp]
07-02 20:38:22.192  1319  1319 I am_proc_start: [0,2338,1000,com.android.server.telecom,added application,com.android.server.telecom]
07-02 20:38:22.222  1319  1319 I am_proc_start: [0,2356,1000,com.qualcomm.qti.tetherservice,added application,com.qualcomm.qti.tetherservice]
07-02 20:38:22.242  1319  1319 I am_proc_start: [0,2374,1000,com.vivo.upslide,added application,com.vivo.upslide]
07-02 20:38:22.262  1319  1319 I am_proc_start: [0,2395,1001,com.android.phone,added application,com.android.phone]
07-02 20:38:22.282  1319  1319 I am_create_task: [0,1]
07-02 20:38:22.282  1319  1319 I am_create_activity: [0,250945705,1,com.bbk.launcher2/.Launcher,android.intent.action.MAIN,NULL,NULL,276824064]
07-02 20:38:22.282  1319  1319 I wm_task_created: [1,0]
07-02 20:38:22.282  1319  1319 I wm_task_moved: [1,1,0]
07-02 20:38:22.302  1319  1319 I am_proc_start: [0,2429,10027,com.bbk.launcher2,activity,com.bbk.launcher2/.Launcher]
07-02 20:38:22.302  1319  1319 I wm_task_moved: [1,1,0]
07-02 20:38:22.302  1319  1319 I am_focused_activity: [0,com.bbk.launcher2/.Launcher]
07-02 20:38:22.332  1319  1341 I am_proc_start: [0,2452,10067,com.android.printspooler,service,com.android.printspooler/.model.PrintSpoolerService]
07-02 20:38:22.352  1319  2336 I am_proc_bound: [0,2290,com.vivo.daemonService]
07-02 20:38:22.362  1319  2343 I am_proc_bound: [0,2300,com.quicinc.cne.CNEService]
07-02 20:38:22.362  1319  2348 I am_proc_bound: [0,2277,com.vivo.abe]
07-02 20:38:22.362  1319  2352 I am_proc_bound: [0,2314,com.qti.dpmserviceapp]
07-02 20:38:22.372  1319  2355 I am_proc_bound: [0,2338,com.android.server.telecom]
07-02 20:38:22.372  1319  2381 I am_proc_bound: [0,2356,com.qualcomm.qti.tetherservice]
07-02 20:38:22.382  1319  2393 I am_proc_bound: [0,2374,com.vivo.upslide]
07-02 20:38:22.392  1319  2425 I am_proc_start: [0,2501,1000,com.vivo.smartmultiwindow,content provider,com.vivo.smartmultiwindow/.AppConfigProvider]
07-02 20:38:22.392  1319  2385 I am_proc_bound: [0,2395,com.android.phone]
07-02 20:38:22.402  1319  1921 I am_proc_bound: [0,2269,com.android.bbklog]
07-02 20:38:22.422  1319  1340 I am_proc_start: [0,2509,10185,com.tencent.mm:recovery,service,com.tencent.mm/com.tencent.recovery.service.RecoveryReportService]
07-02 20:38:22.422  1319  2067 I am_proc_bound: [0,2429,com.bbk.launcher2]
07-02 20:38:22.442  1319  2067 I am_restart_activity: [0,250945705,1,com.bbk.launcher2/.Launcher]
07-02 20:38:22.472  1319  2067 I am_focused_activity: [0,com.bbk.launcher2/.Launcher]
07-02 20:38:22.502  1319  1319 I am_proc_start: [0,2534,10113,com.sankuai.meituan:dppushservice,service,com.sankuai.meituan/com.dianping.base.push.pushservice.PushWakeUpJob]
07-02 20:38:22.522   505   505 I auditd  : avc:  denied  { find } for service=permission scontext=u:r:location:s0 tcontext=u:object_r:permission_service:s0 tclass=service_manager
07-02 20:38:22.572  1319  1319 I am_proc_start: [0,2560,10141,com.dotamax.app:pushservice,service,com.dotamax.app/com.xiaomi.push.service.XMJobService]
07-02 20:38:22.572  1319  2352 I am_proc_bound: [0,2452,com.android.printspooler]
07-02 20:38:22.632  1319  2352 I am_proc_bound: [0,2509,com.tencent.mm:recovery]
07-02 20:38:22.672  1319  1340 I am_proc_bound: [0,2501,com.vivo.smartmultiwindow]
07-02 20:38:22.682  1319  2385 I am_proc_bound: [0,2534,com.sankuai.meituan:dppushservice]
07-02 20:38:22.712  1319  2393 I am_proc_bound: [0,2560,com.dotamax.app:pushservice]
07-02 20:38:22.972  1319  2067 I battery_level: [29,3724,322]
07-02 20:38:23.042  1319  2355 I am_proc_start: [0,2667,10058,com.vivo.magazine,service,com.vivo.magazine/.MagazineService]
07-02 20:38:23.192  1319  2355 I am_proc_bound: [0,2667,com.vivo.magazine]
07-02 20:38:23.282  1319  2348 I am_proc_start: [0,2707,10093,com.android.smspush,service,com.android.smspush/.WapPushManager]
07-02 20:38:23.382  1319  2385 I am_proc_start: [0,2735,1001,com.qualcomm.qcrilmsgtunnel,service,com.qualcomm.qcrilmsgtunnel/.QcrilMsgTunnelService]
07-02 20:38:23.472  1319  2348 I am_proc_bound: [0,2707,com.android.smspush]
07-02 20:38:23.532   505   505 I auditd  : avc:  denied  { find } for service=permission scontext=u:r:location:s0 tcontext=u:object_r:permission_service:s0 tclass=service_manager
07-02 20:38:23.692  1319  1921 I am_proc_bound: [0,2735,com.qualcomm.qcrilmsgtunnel]
07-02 20:38:23.732  1319  2460 I am_proc_start: [0,2785,1000,com.vivo.nail,service,com.vivo.nail/.service.NailService]
07-02 20:38:23.822  1319  2385 I am_proc_bound: [0,2785,com.vivo.nail]
07-02 20:38:23.862  1319  2067 I am_proc_start: [0,2808,10141,com.dotamax.app:mult,service,com.dotamax.app/cn.jpush.android.service.PushService]
07-02 20:38:24.002  1319  2336 I am_proc_bound: [0,2808,com.dotamax.app:mult]
07-02 20:38:24.052  1319  2336 I am_proc_start: [0,2833,10055,com.iqoo.secure,broadcast,com.iqoo.secure/.update.download.DownloadReceiver]
07-02 20:38:24.272  1319  1914 I am_proc_bound: [0,2833,com.iqoo.secure]
07-02 20:38:24.442  1319  1914 I am_proc_start: [0,2877,10055,com.iqoo.secure:remote,content provider,com.iqoo.secure/.provider.SecureProvider]
07-02 20:38:24.552  1319  1921 I am_proc_bound: [0,2877,com.iqoo.secure:remote]
07-02 20:38:24.602  1319  2067 I am_proc_start: [0,2910,10027,com.bbk.launcher2:remote,service,com.bbk.launcher2/.loadingdialog.LoadingProgressDialogService]
07-02 20:38:24.662  1319  2355 I am_proc_start: [0,2918,10003,android.process.acore,content provider,com.android.providers.contacts/.CallLogProvider]
07-02 20:38:24.882  1319  2343 I am_proc_bound: [0,2918,android.process.acore]
07-02 20:38:24.892  1319  2336 I am_proc_bound: [0,2910,com.bbk.launcher2:remote]
07-02 20:38:30.438  2429  2429 I am_on_resume_called: [0,com.bbk.launcher2.Launcher]
07-02 20:38:30.998  1319  2343 I am_proc_start: [0,3084,1000,com.qti.service.colorservice,service,com.qti.service.colorservice/.ColorServiceApp]
07-02 20:38:31.038  1319  2352 I am_proc_bound: [0,3084,com.qti.service.colorservice]
07-02 20:38:31.078  2395  2395 I gsm_service_state_change: [1,1,0,0]
07-02 20:38:31.078  2395  2395 I gsm_rat_switched_new: [176055298,0,14]
07-02 20:38:31.158  1319  1402 I am_activity_launch_time: [0,250945705,com.bbk.launcher2/.Launcher,3710,3710]
07-02 20:38:31.168  1319  1343 I boot_progress_enable_screen: 27465
07-02 20:38:31.168  1319  1343 I screen_toggled: 1
07-02 20:38:31.208  1319  1319 I sysui_histogram: [fingerprint_token,0]
07-02 20:38:32.134  1319  2067 I configuration_changed: 3
07-02 20:38:32.614  1319  1825 I netstats_mobile_sample: [0,0,0,0,0,0,0,0,0,0,0,0,-1]
07-02 20:38:32.614  1319  1825 I netstats_wifi_sample: [0,0,0,0,0,0,0,0,0,0,0,0,-1]
07-02 20:38:32.614  1319  1825 I netstats_mobile_sample: [0,0,0,0,0,0,0,0,0,0,0,0,-1]
07-02 20:38:32.614  1319  1825 I netstats_wifi_sample: [0,0,0,0,0,0,0,0,0,0,0,0,-1]
07-02 20:38:32.944  1319  2381 I am_broadcast_discard_app: [0,183317593,android.intent.action.MEDIA_MOUNTED,5,ResolveInfo{2c8981e com.autonavi.minimap/.offline.receiver.SdCardReceiver m=0x208000}]
07-02 20:38:33.054  1947  1947 I sysui_status_bar_state: [1,1,0,0,1,0]
07-02 20:38:33.054  1319  1914 I am_pause_activity: [0,250945705,com.bbk.launcher2/.Launcher]
07-02 20:38:33.064  2429  2429 I am_on_paused_called: [0,com.bbk.launcher2.Launcher]
07-02 20:38:33.074  1319  1343 I am_focused_activity: [0,com.bbk.launcher2/.Launcher]
07-02 20:38:33.114   506   506 I sf_frame_dur: [,81,8,3,3,0,0,0]
07-02 20:38:33.244  1319  1825 I netstats_mobile_sample: [0,0,0,0,0,0,0,0,0,0,0,0,-1]
07-02 20:38:33.244  1319  1825 I netstats_wifi_sample: [0,0,250,3,0,0,208,3,0,0,1040,15,-1]
07-02 20:38:33.594  1319  2067 I am_proc_start: [0,3230,10038,com.vivo.weather.provider,content provider,com.vivo.weather.provider/.WeatherProvider]
07-02 20:38:33.664  1319  1914 I am_proc_bound: [0,3230,com.vivo.weather.provider]
07-02 20:38:34.814   506   506 I sf_frame_dur: [BootAnimation,15,19,98,10,0,0,0]
07-02 20:38:35.364  1319  2385 I am_proc_start: [0,3287,10023,com.bbk.appstore,content provider,com.bbk.appstore/.provider.AppstoreProvider]
07-02 20:38:35.384  1319  1340 I am_proc_bound: [0,3287,com.bbk.appstore]
07-02 20:38:37.834  1319  1402 I am_proc_start: [0,3328,1002,com.android.bluetooth,on-hold,]
07-02 20:38:37.944  1319  1921 I am_proc_bound: [0,3328,com.android.bluetooth]
07-02 20:38:38.024  1319  1346 I cache_file_deleted: lost+found
07-02 20:38:38.434  1319  1341 I am_pss  : [2429,10027,com.bbk.launcher2,58850304,54300672]
07-02 20:38:38.514  1319  2352 I am_proc_start: [0,3417,10048,com.vivo.doubletimezoneclock,service,com.vivo.doubletimezoneclock/.clock.ClockWidgetService]
07-02 20:38:38.584  1319  1921 I am_proc_bound: [0,3417,com.vivo.doubletimezoneclock]
07-02 20:38:38.624  1319  2385 I am_proc_died: [0,2910,com.bbk.launcher2:remote]
07-02 20:38:39.084  1319  2343 I am_proc_start: [0,3467,10185,com.tencent.mm:push,service,com.tencent.mm/.booter.CoreService]
07-02 20:38:39.104  1319  2460 I am_proc_bound: [0,3467,com.tencent.mm:push]
07-02 20:38:39.144  1319  2381 I am_broadcast_discard_app: [0,183317593,android.intent.action.MEDIA_MOUNTED,7,ResolveInfo{9ad0641 com.duowan.mobile/com.yy.pushsvc.WakeUpReceiver m=0x208000}]
07-02 20:38:39.154  1319  1343 I am_proc_start: [0,3480,10117,com.tencent.mobileqq:MSF,broadcast,com.tencent.mobileqq/.msf.core.NetConnInfoCenter]
07-02 20:38:39.204  1319  1340 I am_proc_bound: [0,3480,com.tencent.mobileqq:MSF]
07-02 20:38:39.734  1319  2421 I am_broadcast_discard_app: [0,34068647,android.bluetooth.adapter.action.STATE_CHANGED,0,ResolveInfo{9845154 com.jd.jrapp/com.tencent.android.tpush.XGPushReceiver p=2147483647 m=0x108000}]
07-02 20:38:39.754  1319  1343 I am_proc_start: [0,3537,1000,com.android.bluetoothsettings,broadcast,com.android.bluetoothsettings/.bluetooth.DockEventReceiver]
07-02 20:38:39.804  1319  2306 I am_proc_bound: [0,3537,com.android.bluetoothsettings]
07-02 20:38:39.834  1319  2393 I am_proc_start: [0,3557,10117,com.tencent.mobileqq,content provider,com.tencent.mobileqq/com.tencent.mqq.shared_file_accessor.ContentProviderImpl]
07-02 20:38:39.864  1319  2460 I am_broadcast_discard_app: [0,34068647,android.bluetooth.adapter.action.STATE_CHANGED,9,ResolveInfo{3debab5 com.jd.jrapp/com.robile.push.JDPushReceiver m=0x108000}]
07-02 20:38:39.864  1319  1343 I am_broadcast_discard_app: [0,34068647,android.bluetooth.adapter.action.STATE_CHANGED,10,ResolveInfo{fb6d54a com.hexin.plat.android/com.fordapplink.ApplinkReceiver m=0x108000}]
07-02 20:38:39.874  1319  1343 I am_broadcast_discard_app: [0,118590651,android.bluetooth.adapter.action.STATE_CHANGED,0,ResolveInfo{efc15d8 com.jd.jrapp/com.tencent.android.tpush.XGPushReceiver p=2147483647 m=0x108000}]
07-02 20:38:39.874  1319  2306 I am_proc_bound: [0,3557,com.tencent.mobileqq]
07-02 20:38:39.934  1319  2385 I notification_cancel_all: [1002,3328,com.android.bluetooth,0,0,64,9,NULL]
07-02 20:38:39.994  1319  2348 I am_broadcast_discard_app: [0,118590651,android.bluetooth.adapter.action.STATE_CHANGED,9,ResolveInfo{fdd849 com.jd.jrapp/com.robile.push.JDPushReceiver m=0x108000}]
07-02 20:38:40.004  1319  1343 I am_broadcast_discard_app: [0,118590651,android.bluetooth.adapter.action.STATE_CHANGED,10,ResolveInfo{571854e com.hexin.plat.android/com.fordapplink.ApplinkReceiver m=0x108000}]
07-02 20:38:40.104  1319  1914 I am_proc_start: [0,3603,1000,com.volte.config,service,com.volte.config/.VoLTEMessageConfigService]
07-02 20:38:40.124  1319  2306 I am_proc_bound: [0,3603,com.volte.config]
07-02 20:38:40.154  1319  1319 I notification_enqueue: [10185,3467,com.tencent.mm,-1213,NULL,0,Notification(pri=-2 contentView=com.tencent.mm/0x1090085 vibrate=null sound=null defaults=0x0 flags=0x40 color=0xff607d8b vis=PRIVATE),0]
07-02 20:38:40.404  1319  2385 I am_broadcast_discard_app: [0,183317593,android.intent.action.MEDIA_MOUNTED,9,ResolveInfo{77b8a74 com.panda.videoliveplatform/tv.panda.component.WakeUpReceiver m=0x208000}]
07-02 20:38:40.414  1319  1343 I am_broadcast_discard_app: [0,183317593,android.intent.action.MEDIA_MOUNTED,10,ResolveInfo{d817b9d com.hunantv.imgo.activity/com.mgtv.offline.cache.MountReceiver m=0x208000}]
07-02 20:38:40.414  1319  1343 I am_broadcast_discard_app: [0,183317593,android.intent.action.MEDIA_MOUNTED,11,ResolveInfo{c39a812 com.tencent.androidqqmail/com.tencent.qqmail.utilities.qmbroadcastreceiver.QMPushReceiver m=0x208000}]
07-02 20:38:40.414  1319  1343 I am_broadcast_discard_app: [0,183317593,android.intent.action.MEDIA_MOUNTED,12,ResolveInfo{5ae3be3 com.tencent.androidqqmail/com.tencent.qqmail.utilities.qmbroadcastreceiver.QMMediaBroadCast m=0x208000}]
07-02 20:38:40.524  1319  1319 I notification_enqueue: [10185,3467,com.tencent.mm,-1213,NULL,0,Notification(pri=-2 contentView=com.tencent.mm/0x1090085 vibrate=null sound=null defaults=0x0 flags=0x40 color=0xff607d8b vis=PRIVATE),1]
07-02 20:38:40.524  1319  1319 I notification_canceled: [0|com.tencent.mm|-1213|null|10185|0,8,368,2,0]
07-02 20:38:40.534  1319  1319 I am_broadcast_discard_app: [0,14525130,android.intent.action.ACTION_POWER_DISCONNECTED,0,ResolveInfo{8340c3b com.jd.jrapp/com.tencent.android.tpush.XGPushReceiver p=2147483647 m=0x108000}]
07-02 20:38:40.534  1319  1343 I am_broadcast_discard_app: [0,14525130,android.intent.action.ACTION_POWER_DISCONNECTED,1,ResolveInfo{a855f58 com.zhongcai500/com.tencent.android.tpush.XGPushReceiver p=2147483647 m=0x108000}]
07-02 20:38:40.534  1319  1343 I am_broadcast_discard_app: [0,14525130,android.intent.action.ACTION_POWER_DISCONNECTED,2,ResolveInfo{3e698b1 com.gotokeep.keep/com.tencent.android.tpush.XGPushReceiver p=2147483647 m=0x108000}]
07-02 20:38:40.534  1319  1343 I am_broadcast_discard_app: [0,14525130,android.intent.action.ACTION_POWER_DISCONNECTED,3,ResolveInfo{59b2196 com.zhongcai500/com.host.widget.DaemonReceiver p=1879048191 m=0x108000}]
07-02 20:38:40.544  1319  2336 I am_broadcast_discard_app: [0,14525130,android.intent.action.ACTION_POWER_DISCONNECTED,6,ResolveInfo{74d3117 com.jd.jrapp/com.robile.push.JDPushReceiver m=0x108000}]
07-02 20:38:40.544  1319  1343 I am_broadcast_discard_app: [0,14525130,android.intent.action.ACTION_POWER_DISCONNECTED,7,ResolveInfo{f9d1904 cn.damai/com.igexin.sdk.PushReceiver m=0x108000}]
07-02 20:38:40.544  1319  1343 I am_broadcast_discard_app: [0,14525130,android.intent.action.ACTION_POWER_DISCONNECTED,8,ResolveInfo{9b0eed com.qiyi.video/com.baidu.android.pushservice.PushServiceReceiver m=0x108000}]
07-02 20:38:40.544  1319  1343 I am_broadcast_discard_app: [0,14525130,android.intent.action.ACTION_POWER_DISCONNECTED,9,ResolveInfo{8dfc122 com.jianshu.haruki/com.igexin.sdk.PushReceiver m=0x108000}]
07-02 20:38:40.544  1319  1343 I am_broadcast_discard_app: [0,14525130,android.intent.action.ACTION_POWER_DISCONNECTED,10,ResolveInfo{669c7b3 com.baidu.netdisk/com.baidu.android.pushservice.PushServiceReceiver m=0x108000}]
07-02 20:38:40.544  1319  1343 I am_broadcast_discard_app: [0,14525130,android.intent.action.ACTION_POWER_DISCONNECTED,11,ResolveInfo{d54c170 com.baidu.netdisk/.kernel.device.monitor.battery.BatteryMonitor m=0x108000}]
07-02 20:38:40.544  1319  1343 I am_broadcast_discard_app: [0,14525130,android.intent.action.ACTION_POWER_DISCONNECTED,12,ResolveInfo{ca6ace9 com.gotokeep.keep/.service.outdoor.receiver.WakeUpReceiver m=0x108000}]
07-02 20:38:40.544  1319  1343 I am_broadcast_discard_app: [0,14525130,android.intent.action.ACTION_POWER_DISCONNECTED,13,ResolveInfo{dccd6e cn.wps.moffice_eng/com.igexin.sdk.PushReceiver m=0x108000}]
07-02 20:38:40.544  1319  1343 I am_broadcast_discard_app: [0,14525130,android.intent.action.ACTION_POWER_DISCONNECTED,14,ResolveInfo{5af2c0f com.dajie.official/com.igexin.sdk.PushReceiver m=0x108000}]
07-02 20:38:40.554  1319  1343 I am_broadcast_discard_app: [0,14525130,android.intent.action.ACTION_POWER_DISCONNECTED,15,ResolveInfo{d9c849c air.tv.douyu.android/com.igexin.sdk.PushReceiver m=0x108000}]
07-02 20:38:40.554  1319  1343 I am_broadcast_discard_app: [0,14525130,android.intent.action.ACTION_POWER_DISCONNECTED,16,ResolveInfo{8b42ea5 com.mfw.roadbook/com.igexin.sdk.PushReceiver m=0x108000}]
07-02 20:38:40.554  1319  1343 I am_broadcast_discard_app: [0,14525130,android.intent.action.ACTION_POWER_DISCONNECTED,17,ResolveInfo{38c527a com.jingdong.pdj/com.igexin.sdk.PushReceiver m=0x108000}]
07-02 20:38:40.554  1319  1343 I am_broadcast_discard_app: [0,14525130,android.intent.action.ACTION_POWER_DISCONNECTED,18,ResolveInfo{83c7a2b com.mobike.mobikeapp/com.igexin.sdk.PushReceiver m=0x108000}]
07-02 20:38:40.554  1319  1343 I am_broadcast_discard_app: [0,14525130,android.intent.action.ACTION_POWER_DISCONNECTED,19,ResolveInfo{73b4e88 com.duowan.mobile/com.yy.mobile.backgroundprocess.processprotecter.BackgroundProcessBroadcastReveiver m=0x108000}]
07-02 20:38:40.554  1319  1343 I am_broadcast_discard_app: [0,14525130,android.intent.action.ACTION_POWER_DISCONNECTED,20,ResolveInfo{b5e1021 com.movier.magicbox/io.rong.push.PushReceiver m=0x108000}]
07-02 20:38:40.554  1319  1343 I am_broadcast_discard_app: [0,14525130,android.intent.action.ACTION_POWER_DISCONNECTED,21,ResolveInfo{a7d1c46 com.panda.videoliveplatform/tv.panda.component.WakeUpReceiver m=0x108000}]
07-02 20:38:40.554  1319  1343 I am_broadcast_discard_app: [0,14525130,android.intent.action.ACTION_POWER_DISCONNECTED,22,ResolveInfo{a068e07 com.hunantv.imgo.activity/com.igexin.sdk.PushReceiver m=0x108000}]
07-02 20:38:40.554  1319  1343 I am_broadcast_discard_app: [0,14525130,android.intent.action.ACTION_POWER_DISCONNECTED,23,ResolveInfo{47acb34 com.tencent.androidqqmail/com.tencent.qqmail.utilities.qmbroadcastreceiver.QMPushReceiver m=0x108000}]
07-02 20:38:40.554  1319  1343 I am_broadcast_discard_app: [0,6983005,android.net.wifi.WIFI_STATE_CHANGED,0,ResolveInfo{75eb6d2 com.baidu.netdisk/com.baidu.cyberplayer.dlna.NetworkChangeReceiver m=0x108000}]
07-02 20:38:40.614  1319  1807 I am_proc_start: [0,3651,10185,com.tencent.mm:exdevice,service,com.tencent.mm/.plugin.exdevice.service.ExDeviceService]
07-02 20:38:40.674  1319  2348 I am_proc_bound: [0,3651,com.tencent.mm:exdevice]
07-02 20:38:41.574  1319  2355 I am_broadcast_discard_app: [0,6983005,android.net.wifi.WIFI_STATE_CHANGED,2,ResolveInfo{29e20df com.hunantv.imgo.activity/com.mangogamehall.receiver.GHWifiStateReceiver m=0x108000}]
07-02 20:38:41.594  1319  2348 I am_proc_start: [0,3738,1000,com.android.settings.search_service,service,com.android.settings/com.vivo.settings.xml.SettingsItemGenerateService]
07-02 20:38:41.614  1319  1340 I am_proc_start: [0,3749,10003,com.android.contacts,broadcast,com.android.contacts/com.vivo.contacts.sim.BootCmpReceiver]
07-02 20:38:41.644  1319  2336 I am_proc_bound: [0,3738,com.android.settings.search_service]
07-02 20:38:41.654  1319  2421 I am_proc_bound: [0,3749,com.android.contacts]
07-02 20:38:42.024  1319  2381 I am_proc_start: [0,3777,1001,org.codeaurora.ims,broadcast,org.codeaurora.ims/.ImsServiceAutoboot]
07-02 20:38:42.064  1319  2336 I am_proc_bound: [0,3777,org.codeaurora.ims]
07-02 20:38:42.274  1319  2336 I am_proc_start: [0,3801,10185,com.tencent.mm:tools,content provider,com.tencent.mm/.plugin.risk_scanner.RiskScannerReqBufferProvider]
07-02 20:38:42.294  1319  2355 I am_proc_start: [0,3811,10075,com.mobiletools.systemhelper:register,broadcast,com.mobiletools.systemhelper/.control.SimStateReceiver]
07-02 20:38:42.334  1319  1921 I am_proc_bound: [0,3801,com.tencent.mm:tools]
07-02 20:38:42.344  1319  2393 I am_proc_bound: [0,3811,com.mobiletools.systemhelper:register]
07-02 20:38:42.494  1319  1914 I am_proc_start: [0,3842,10050,com.vivo.findphone,broadcast,com.vivo.findphone/.BootBroadcastReceiver]
07-02 20:38:42.514  1319  2381 I am_proc_bound: [0,3842,com.vivo.findphone]
07-02 20:38:42.574  1319  1914 I am_proc_start: [0,3859,10018,com.vivo.browser,service,com.vivo.browser/com.vivo.push.sdk.service.CommandService]
07-02 20:38:42.584  1319  1921 I am_proc_start: [0,3870,10101,com.vivo.game,service,com.vivo.game/com.vivo.push.sdk.service.CommandService]
07-02 20:38:42.584  1319  2393 I am_broadcast_discard_app: [0,194731805,android.intent.action.SIM_STATE_CHANGED,12,ResolveInfo{5908592 com.duowan.mobile/com.yy.pushsvc.WakeUpReceiver m=0x108000}]
07-02 20:38:42.604  1319  2352 I am_proc_start: [0,3880,10103,com.vivo.space,service,com.vivo.space/com.vivo.push.sdk.service.CommandService]
07-02 20:38:42.624  1319  2355 I am_proc_start: [0,3894,10028,com.android.bbkmusic,service,com.android.bbkmusic/com.vivo.push.sdk.service.CommandService]
07-02 20:38:42.624  1319  1343 I am_broadcast_discard_app: [0,115389280,android.net.wifi.STATE_CHANGE,0,ResolveInfo{93d019 com.UCMobile/com.uc.browser.business.openwifi.NetworkConnectReceiver p=1000 m=0x108000}]
07-02 20:38:42.624  1319  2348 I am_proc_bound: [0,3859,com.vivo.browser]
07-02 20:38:42.644  1319  2381 I am_proc_start: [0,3902,10098,com.chaozh.iReader,service,com.chaozh.iReader/com.vivo.push.sdk.service.CommandService]
07-02 20:38:42.644  1319  2393 I am_proc_bound: [0,3880,com.vivo.space]
07-02 20:38:42.644  1319  2343 I am_proc_bound: [0,3870,com.vivo.game]
07-02 20:38:42.674  1319  2421 I am_proc_bound: [0,3894,com.android.bbkmusic]
07-02 20:38:42.684  1319  1914 I am_proc_bound: [0,3902,com.chaozh.iReader]
07-02 20:38:42.704  1319  2385 I am_proc_died: [0,3842,com.vivo.findphone]
07-02 20:38:43.834  1319  2343 I am_broadcast_discard_app: [0,115389280,android.net.wifi.STATE_CHANGE,3,ResolveInfo{9224b44 com.baidu.netdisk/com.baidu.cyberplayer.dlna.NetworkChangeReceiver m=0x108000}]
07-02 20:38:43.844  1319  1343 I am_broadcast_discard_app: [0,115389280,android.net.wifi.STATE_CHANGE,4,ResolveInfo{120f42d com.xiaomi.hm.health/cn.com.smartdevices.bracelet.gps.sync.WifiConnectionReceiver m=0x108000}]
07-02 20:38:43.844  1319  1343 I am_broadcast_discard_app: [0,115389280,android.net.wifi.STATE_CHANGE,5,ResolveInfo{d3bdd62 com.hunantv.imgo.activity/com.mangogamehall.receiver.GHWifiStateReceiver m=0x108000}]
07-02 20:38:43.864  1319  2460 I am_broadcast_discard_app: [0,196955891,android.net.wifi.WIFI_STATE_CHANGED,0,ResolveInfo{9ad7b0 com.baidu.netdisk/com.baidu.cyberplayer.dlna.NetworkChangeReceiver m=0x108000}]
07-02 20:38:43.874  1319  2355 I am_broadcast_discard_app: [0,196955891,android.net.wifi.WIFI_STATE_CHANGED,2,ResolveInfo{1c5a629 com.hunantv.imgo.activity/com.mangogamehall.receiver.GHWifiStateReceiver m=0x108000}]
07-02 20:38:44.004  1319  1341 I am_pss  : [2877,10055,com.iqoo.secure:remote,30159872,25444352]
07-02 20:38:44.054  1319  2355 I am_proc_start: [0,4071,10050,com.vivo.findphone,broadcast,com.vivo.findphone/.BootBroadcastReceiver]
07-02 20:38:44.074  1319  1407 I power_sleep_requested: 0
07-02 20:38:44.074  1319  1319 I power_screen_state: [0,3,0,0]
07-02 20:38:44.074  1319  1319 I screen_toggled: 0
07-02 20:38:44.074  1319  1319 I sysui_histogram: [screen_timeout,30]
07-02 20:38:44.074  1319  1319 I power_screen_broadcast_send: 1
07-02 20:38:44.154  1319  2385 I am_proc_bound: [0,4071,com.vivo.findphone]
07-02 20:38:44.274  1319  2336 I am_broadcast_discard_app: [0,131140980,android.intent.action.SIM_STATE_CHANGED,12,ResolveInfo{1d4429d com.duowan.mobile/com.yy.pushsvc.WakeUpReceiver m=0x108000}]
07-02 20:38:44.294  1319  1818 I netstats_mobile_sample: [0,0,0,0,0,0,0,0,0,0,0,0,1498999125188]
07-02 20:38:44.294  1319  1818 I netstats_wifi_sample: [17145,99,17046,132,17061,96,15142,130,16541,91,16886,158,1498999125188]
07-02 20:38:44.344  1319  1343 I am_broadcast_discard_app: [0,67774549,android.intent.action.PHONE_STATE,2,ResolveInfo{75b426a com.autonavi.minimap/.app.WakeupReceiver m=0x108000}]
07-02 20:38:44.344  1319  1343 I am_broadcast_discard_app: [0,67774549,android.intent.action.PHONE_STATE,3,ResolveInfo{813c35b com.baidu.netdisk/.p2pshare.PhoneStateReceiver m=0x108000}]
07-02 20:38:44.344  1319  1343 I am_broadcast_discard_app: [0,67774549,android.intent.action.PHONE_STATE,4,ResolveInfo{d11f4d1 com.dajie.official/.receivers.PhoneReceiver m=0x108000}]
07-02 20:38:44.354  1319  1343 I am_broadcast_discard_app: [0,67774549,android.intent.action.PHONE_STATE,5,ResolveInfo{3e31b36 com.xiaomi.hm.health/.receiver.PhoneStateReceiver m=0x108000}]
07-02 20:38:44.354  1319  1343 I am_broadcast_discard_app: [0,67774549,android.intent.action.PHONE_STATE,6,ResolveInfo{bc13a37 com.tencent.androidqqmail/com.tencent.qqmail.utilities.qmbroadcastreceiver.QMPushReceiver m=0x108000}]
07-02 20:38:44.354  1319  1343 I am_broadcast_discard_app: [0,244104100,android.net.wifi.supplicant.STATE_CHANGE,0,ResolveInfo{7f00d0d com.UCMobile/com.uc.browser.business.openwifi.NetworkConnectReceiver p=1000 m=0x108000}]
07-02 20:38:44.354  1319  1343 I am_broadcast_discard_app: [0,171816130,android.net.wifi.STATE_CHANGE,0,ResolveInfo{96542d3 com.UCMobile/com.uc.browser.business.openwifi.NetworkConnectReceiver p=1000 m=0x108000}]
07-02 20:38:44.374  1319  2385 I am_proc_died: [0,4071,com.vivo.findphone]
07-02 20:38:44.404  1319  2352 I am_broadcast_discard_app: [0,171816130,android.net.wifi.STATE_CHANGE,3,ResolveInfo{9b65b0e com.baidu.netdisk/com.baidu.cyberplayer.dlna.NetworkChangeReceiver m=0x108000}]
07-02 20:38:44.424  1319  1343 I am_broadcast_discard_app: [0,171816130,android.net.wifi.STATE_CHANGE,4,ResolveInfo{d37392f com.xiaomi.hm.health/cn.com.smartdevices.bracelet.gps.sync.WifiConnectionReceiver m=0x108000}]
07-02 20:38:44.424  1319  1343 I am_broadcast_discard_app: [0,171816130,android.net.wifi.STATE_CHANGE,5,ResolveInfo{d49db3c com.hunantv.imgo.activity/com.mangogamehall.receiver.GHWifiStateReceiver m=0x108000}]
07-02 20:38:44.434  1319  1921 I am_broadcast_discard_app: [0,94818501,android.intent.action.TIME_SET,0,ResolveInfo{9011a1a com.taobao.taobao/com.taobao.calendar.sdk.alarm.CalendarAlarmReceiver m=0x108000}]
07-02 20:38:44.454  1319  1340 I am_proc_start: [0,4098,1000,com.android.BBKCrontab,broadcast,com.android.BBKCrontab/.AlarmReceiver]
07-02 20:38:44.484  1319  2421 I am_proc_bound: [0,4098,com.android.BBKCrontab]
07-02 20:38:44.624  1319  1339 I am_proc_start: [0,4111,1000,com.qualcomm.timeservice,broadcast,com.qualcomm.timeservice/.TimeServiceBroadcastReceiver]
07-02 20:38:44.664  1319  2336 I am_proc_bound: [0,4111,com.qualcomm.timeservice]
07-02 20:38:44.854  1319  1921 I am_proc_start: [0,4129,1000,com.vivo.nightpearl,service,com.vivo.nightpearl/.NightPearlShowService]
07-02 20:38:44.864  1319  2352 I am_proc_start: [0,4139,10030,com.android.notes,content provider,com.android.notes/.db.NoteProvider]
07-02 20:38:44.884  1319  1914 I am_proc_start: [0,4152,10095,com.vivo.widget.calendar,broadcast,com.vivo.widget.calendar/.CalendarAppWidgetProvider]
07-02 20:38:44.904  1319  2336 I am_proc_bound: [0,4129,com.vivo.nightpearl]
07-02 20:38:44.904  1319  2381 I am_proc_bound: [0,4139,com.android.notes]
07-02 20:38:44.964  1319  2355 I am_proc_bound: [0,4152,com.vivo.widget.calendar]
07-02 20:38:44.964  1319  1319 I power_screen_broadcast_done: [1,894,1]
07-02 20:38:44.964  1319  1319 I power_screen_broadcast_send: 1
07-02 20:38:45.074  1319  2460 I am_broadcast_discard_app: [0,94818501,android.intent.action.TIME_SET,11,ResolveInfo{eb0786e air.tv.douyu.android/tv.douyu.framework.broadcast.DateBroadcastReceiver m=0x108000}]
07-02 20:38:45.074  1319  1343 I am_broadcast_discard_app: [0,94818501,android.intent.action.TIME_SET,12,ResolveInfo{8e8fb0f air.tv.douyu.android/com.tencent.qalsdk.core.NetConnInfoCenter m=0x108000}]
07-02 20:38:45.104  1319  1340 I am_proc_start: [0,4176,10002,com.android.providers.calendar,content provider,com.android.providers.calendar/.CalendarProvider2]
07-02 20:38:45.154  1319  1914 I am_proc_bound: [0,4176,com.android.providers.calendar]
07-02 20:38:45.174  1319  1319 I power_screen_broadcast_done: [0,209,1]
07-02 20:38:45.184  1319  2460 I am_broadcast_discard_app: [0,94818501,android.intent.action.TIME_SET,15,ResolveInfo{ff015a5 com.sankuai.meituan/com.meituan.android.time.TimeChangeReceiver m=0x108000}]
07-02 20:38:45.204  1319  1343 I am_proc_start: [0,4189,1000,com.vivo.networkimprove,broadcast,com.vivo.networkimprove/.StartupReceiver]
07-02 20:38:45.244  1319  2460 I am_proc_bound: [0,4189,com.vivo.networkimprove]
07-02 20:38:45.694   506   506 I sf_frame_dur: [ColorFade,14,1,0,0,0,0,0]
07-02 20:38:45.954  1319  2067 I am_proc_start: [0,4212,10050,com.vivo.findphone,broadcast,com.vivo.findphone/.BootBroadcastReceiver]
07-02 20:38:45.964  1319  2385 I am_proc_bound: [0,4212,com.vivo.findphone]
07-02 20:38:46.004  1319  2421 I am_broadcast_discard_app: [0,162618001,android.intent.action.SIM_STATE_CHANGED,12,ResolveInfo{741edf6 com.duowan.mobile/com.yy.pushsvc.WakeUpReceiver m=0x108000}]
07-02 20:38:46.114  1319  2460 I am_proc_died: [0,4212,com.vivo.findphone]
07-02 20:38:46.124  1319  2421 I am_proc_start: [0,4229,10050,com.vivo.findphone,broadcast,com.vivo.findphone/.BootBroadcastReceiver]
07-02 20:38:46.154  1319  2381 I am_proc_bound: [0,4229,com.vivo.findphone]
07-02 20:38:46.214  1319  2348 I am_broadcast_discard_app: [0,146320484,android.intent.action.SIM_STATE_CHANGED,12,ResolveInfo{4800ecd com.duowan.mobile/com.yy.pushsvc.WakeUpReceiver m=0x108000}]
07-02 20:38:46.214  1319  1343 I am_broadcast_discard_app: [0,244773762,android.net.wifi.STATE_CHANGE,0,ResolveInfo{d037a93 com.UCMobile/com.uc.browser.business.openwifi.NetworkConnectReceiver p=1000 m=0x108000}]
07-02 20:38:46.224  1319  2421 I am_proc_died: [0,4229,com.vivo.findphone]
07-02 20:38:46.254  1319  1340 I am_broadcast_discard_app: [0,244773762,android.net.wifi.STATE_CHANGE,3,ResolveInfo{a862ad0 com.baidu.netdisk/com.baidu.cyberplayer.dlna.NetworkChangeReceiver m=0x108000}]
07-02 20:38:46.254  1319  1343 I am_broadcast_discard_app: [0,244773762,android.net.wifi.STATE_CHANGE,4,ResolveInfo{90bcac9 com.xiaomi.hm.health/cn.com.smartdevices.bracelet.gps.sync.WifiConnectionReceiver m=0x108000}]
07-02 20:38:46.254  1319  1343 I am_broadcast_discard_app: [0,244773762,android.net.wifi.STATE_CHANGE,5,ResolveInfo{244c5ce com.hunantv.imgo.activity/com.mangogamehall.receiver.GHWifiStateReceiver m=0x108000}]
07-02 20:38:46.264  1319  1914 I am_broadcast_discard_app: [0,115420399,android.net.wifi.STATE_CHANGE,0,ResolveInfo{96b23fc com.UCMobile/com.uc.browser.business.openwifi.NetworkConnectReceiver p=1000 m=0x108000}]
07-02 20:38:46.284  1319  2460 I am_broadcast_discard_app: [0,115420399,android.net.wifi.STATE_CHANGE,3,ResolveInfo{87d4a85 com.baidu.netdisk/com.baidu.cyberplayer.dlna.NetworkChangeReceiver m=0x108000}]
07-02 20:38:46.284  1319  1343 I am_broadcast_discard_app: [0,115420399,android.net.wifi.STATE_CHANGE,4,ResolveInfo{1eb70da com.xiaomi.hm.health/cn.com.smartdevices.bracelet.gps.sync.WifiConnectionReceiver m=0x108000}]
07-02 20:38:46.284  1319  1343 I am_broadcast_discard_app: [0,115420399,android.net.wifi.STATE_CHANGE,5,ResolveInfo{3da90b com.hunantv.imgo.activity/com.mangogamehall.receiver.GHWifiStateReceiver m=0x108000}]
07-02 20:38:46.534  1319  2352 I am_proc_start: [0,4248,10050,com.vivo.findphone,broadcast,com.vivo.findphone/.BootBroadcastReceiver]
07-02 20:38:46.564  1319  2067 I am_proc_bound: [0,4248,com.vivo.findphone]
07-02 20:38:46.594  1319  2067 I am_broadcast_discard_app: [0,222594024,android.intent.action.SIM_STATE_CHANGED,12,ResolveInfo{3cd0a01 com.duowan.mobile/com.yy.pushsvc.WakeUpReceiver m=0x108000}]
07-02 20:38:46.604  1319  2355 I am_proc_died: [0,4248,com.vivo.findphone]
07-02 20:38:46.614  1319  1339 I am_broadcast_discard_app: [0,85967014,android.net.wifi.STATE_CHANGE,0,ResolveInfo{19bcae7 com.UCMobile/com.uc.browser.business.openwifi.NetworkConnectReceiver p=1000 m=0x108000}]
07-02 20:38:46.624  1319  2067 I am_broadcast_discard_app: [0,85967014,android.net.wifi.STATE_CHANGE,3,ResolveInfo{cd1f694 com.baidu.netdisk/com.baidu.cyberplayer.dlna.NetworkChangeReceiver m=0x108000}]
07-02 20:38:46.634  1319  1343 I am_broadcast_discard_app: [0,85967014,android.net.wifi.STATE_CHANGE,4,ResolveInfo{8ff453d com.xiaomi.hm.health/cn.com.smartdevices.bracelet.gps.sync.WifiConnectionReceiver m=0x108000}]
07-02 20:38:46.634  1319  1343 I am_broadcast_discard_app: [0,85967014,android.net.wifi.STATE_CHANGE,5,ResolveInfo{5f74132 com.hunantv.imgo.activity/com.mangogamehall.receiver.GHWifiStateReceiver m=0x108000}]
07-02 20:38:46.634  1319  2421 I am_broadcast_discard_app: [0,248524419,android.net.wifi.STATE_CHANGE,0,ResolveInfo{921e800 com.UCMobile/com.uc.browser.business.openwifi.NetworkConnectReceiver p=1000 m=0x108000}]
07-02 20:38:46.644  1319  2067 I am_broadcast_discard_app: [0,248524419,android.net.wifi.STATE_CHANGE,3,ResolveInfo{81ff839 com.baidu.netdisk/com.baidu.cyberplayer.dlna.NetworkChangeReceiver m=0x108000}]
07-02 20:38:46.644  1319  1343 I am_broadcast_discard_app: [0,248524419,android.net.wifi.STATE_CHANGE,4,ResolveInfo{8543e7e com.xiaomi.hm.health/cn.com.smartdevices.bracelet.gps.sync.WifiConnectionReceiver m=0x108000}]
07-02 20:38:46.644  1319  1343 I am_broadcast_discard_app: [0,248524419,android.net.wifi.STATE_CHANGE,5,ResolveInfo{a5d2fdf com.hunantv.imgo.activity/com.mangogamehall.receiver.GHWifiStateReceiver m=0x108000}]
07-02 20:38:46.654  1319  2460 I am_broadcast_discard_app: [0,62751788,android.net.wifi.STATE_CHANGE,0,ResolveInfo{bfedef5 com.UCMobile/com.uc.browser.business.openwifi.NetworkConnectReceiver p=1000 m=0x108000}]
07-02 20:38:46.684  1319  1921 I am_broadcast_discard_app: [0,62751788,android.net.wifi.STATE_CHANGE,3,ResolveInfo{9f1c48a com.baidu.netdisk/com.baidu.cyberplayer.dlna.NetworkChangeReceiver m=0x108000}]
07-02 20:38:46.684  1319  1343 I am_broadcast_discard_app: [0,62751788,android.net.wifi.STATE_CHANGE,4,ResolveInfo{28eeafb com.xiaomi.hm.health/cn.com.smartdevices.bracelet.gps.sync.WifiConnectionReceiver m=0x108000}]
07-02 20:38:46.684  1319  1343 I am_broadcast_discard_app: [0,62751788,android.net.wifi.STATE_CHANGE,5,ResolveInfo{b94b718 com.hunantv.imgo.activity/com.mangogamehall.receiver.GHWifiStateReceiver m=0x108000}]
07-02 20:38:46.704  1319  1914 I am_broadcast_discard_app: [0,44791153,android.net.wifi.STATE_CHANGE,0,ResolveInfo{72f9f56 com.UCMobile/com.uc.browser.business.openwifi.NetworkConnectReceiver p=1000 m=0x108000}]
07-02 20:38:46.714  1319  2355 I am_broadcast_discard_app: [0,44791153,android.net.wifi.STATE_CHANGE,3,ResolveInfo{4573bd7 com.baidu.netdisk/com.baidu.cyberplayer.dlna.NetworkChangeReceiver m=0x108000}]
07-02 20:38:46.714  1319  1343 I am_broadcast_discard_app: [0,44791153,android.net.wifi.STATE_CHANGE,4,ResolveInfo{caa2cc4 com.xiaomi.hm.health/cn.com.smartdevices.bracelet.gps.sync.WifiConnectionReceiver m=0x108000}]
07-02 20:38:46.714  1319  1343 I am_broadcast_discard_app: [0,44791153,android.net.wifi.STATE_CHANGE,5,ResolveInfo{1b0f7ad com.hunantv.imgo.activity/com.mangogamehall.receiver.GHWifiStateReceiver m=0x108000}]
07-02 20:38:46.724  1319  1339 I am_broadcast_discard_app: [0,10377954,android.net.wifi.RSSI_CHANGED,0,ResolveInfo{fe9be73 com.tencent.androidqqmail/com.tencent.qqmail.utilities.qmbroadcastreceiver.WifiChangeReceiver m=0x108000}]
07-02 20:38:46.734  1319  2393 I am_broadcast_discard_app: [0,243224880,android.net.wifi.RSSI_CHANGED,0,ResolveInfo{21261a9 com.tencent.androidqqmail/com.tencent.qqmail.utilities.qmbroadcastreceiver.WifiChangeReceiver m=0x108000}]
07-02 20:38:46.734  1319  2352 I am_broadcast_discard_app: [0,223036206,android.net.wifi.STATE_CHANGE,0,ResolveInfo{b17cecf com.UCMobile/com.uc.browser.business.openwifi.NetworkConnectReceiver p=1000 m=0x108000}]
07-02 20:38:46.754  1319  1339 I am_broadcast_discard_app: [0,223036206,android.net.wifi.STATE_CHANGE,3,ResolveInfo{d40505c com.baidu.netdisk/com.baidu.cyberplayer.dlna.NetworkChangeReceiver m=0x108000}]
07-02 20:38:46.754  1319  1343 I am_broadcast_discard_app: [0,223036206,android.net.wifi.STATE_CHANGE,4,ResolveInfo{66f65 com.xiaomi.hm.health/cn.com.smartdevices.bracelet.gps.sync.WifiConnectionReceiver m=0x108000}]
07-02 20:38:46.754  1319  1343 I am_broadcast_discard_app: [0,223036206,android.net.wifi.STATE_CHANGE,5,ResolveInfo{5cc643a com.hunantv.imgo.activity/com.mangogamehall.receiver.GHWifiStateReceiver m=0x108000}]
07-02 20:38:46.764  1319  2385 I am_broadcast_discard_app: [0,225216747,android.net.wifi.STATE_CHANGE,0,ResolveInfo{9b01648 com.UCMobile/com.uc.browser.business.openwifi.NetworkConnectReceiver p=1000 m=0x108000}]
07-02 20:38:46.794  1319  1921 I am_broadcast_discard_app: [0,225216747,android.net.wifi.STATE_CHANGE,3,ResolveInfo{40c8a06 com.baidu.netdisk/com.baidu.cyberplayer.dlna.NetworkChangeReceiver m=0x108000}]
07-02 20:38:46.794  1319  1343 I am_broadcast_discard_app: [0,225216747,android.net.wifi.STATE_CHANGE,4,ResolveInfo{208c8c7 com.xiaomi.hm.health/cn.com.smartdevices.bracelet.gps.sync.WifiConnectionReceiver m=0x108000}]
07-02 20:38:46.794  1319  1343 I am_broadcast_discard_app: [0,225216747,android.net.wifi.STATE_CHANGE,5,ResolveInfo{bd44ef4 com.hunantv.imgo.activity/com.mangogamehall.receiver.GHWifiStateReceiver m=0x108000}]
07-02 20:38:46.824  1319  1339 I am_broadcast_discard_app: [0,237774365,android.net.conn.CONNECTIVITY_CHANGE,0,ResolveInfo{3d74092 com.jd.jrapp/com.tencent.android.tpush.XGPushReceiver p=2147483647 m=0x108000}]
07-02 20:38:46.824  1319  1343 I am_broadcast_discard_app: [0,237774365,android.net.conn.CONNECTIVITY_CHANGE,1,ResolveInfo{b3f2a63 com.zhongcai500/com.tencent.android.tpush.XGPushReceiver p=2147483647 m=0x108000}]
07-02 20:38:46.824  1319  1343 I am_broadcast_discard_app: [0,237774365,android.net.conn.CONNECTIVITY_CHANGE,2,ResolveInfo{4616660 com.gotokeep.keep/com.tencent.android.tpush.XGPushReceiver p=2147483647 m=0x108000}]
07-02 20:38:46.824  1319  1343 I am_broadcast_discard_app: [0,237774365,android.net.conn.CONNECTIVITY_CHANGE,3,ResolveInfo{8ea0719 com.eg.android.AlipayGphone/com.alipay.pushsdk.BroadcastActionReceiver p=2147483647 m=0x108000}]
07-02 20:38:46.824  1319  1343 I am_broadcast_discard_app: [0,237774365,android.net.conn.CONNECTIVITY_CHANGE,4,ResolveInfo{24d3de com.zhongcai500/com.host.widget.DaemonReceiver p=1879048191 m=0x108000}]
07-02 20:38:46.844  1319  1343 I am_proc_start: [0,4266,10076,com.bbk.updater,broadcast,com.bbk.updater/.receiver.NetworkReceiver]
07-02 20:38:46.864  1319  1921 I am_proc_bound: [0,4266,com.bbk.updater]
07-02 20:38:46.944  1319  2352 I am_broadcast_discard_app: [0,237774365,android.net.conn.CONNECTIVITY_CHANGE,6,ResolveInfo{70c8051 com.UCMobile/com.xiaomi.push.service.receivers.NetworkStatusReceiver m=0x108000}]
07-02 20:38:46.944  1319  1343 I am_broadcast_discard_app: [0,237774365,android.net.conn.CONNECTIVITY_CHANGE,7,ResolveInfo{f1180b6 cmb.pb/com.xiaomi.push.service.receivers.NetworkStatusReceiver m=0x108000}]
07-02 20:38:46.944  1319  1343 I am_broadcast_discard_app: [0,237774365,android.net.conn.CONNECTIVITY_CHANGE,8,ResolveInfo{26f71b7 com.sina.weibo/com.xiaomi.push.service.receivers.NetworkStatusReceiver m=0x108000}]
07-02 20:38:46.954  1319  1343 I am_broadcast_discard_app: [0,237774365,android.net.conn.CONNECTIVITY_CHANGE,9,ResolveInfo{8a35d24 com.netease.vopen/com.xiaomi.push.service.receivers.NetworkStatusReceiver m=0x108000}]
07-02 20:38:46.954  1319  1343 I am_broadcast_discard_app: [0,237774365,android.net.conn.CONNECTIVITY_CHANGE,10,ResolveInfo{1c7d08d com.hexin.plat.android/com.xiaomi.push.service.receivers.NetworkStatusReceiver m=0x108000}]
07-02 20:38:46.954  1319  1343 I am_broadcast_discard_app: [0,237774365,android.net.conn.CONNECTIVITY_CHANGE,11,ResolveInfo{dacf242 com.qiyi.video/com.xiaomi.push.service.receivers.NetworkStatusReceiver m=0x108000}]
07-02 20:38:46.954  1319  1343 I am_broadcast_discard_app: [0,237774365,android.net.conn.CONNECTIVITY_CHANGE,12,ResolveInfo{57f7253 com.jianshu.haruki/com.xiaomi.push.service.receivers.NetworkStatusReceiver m=0x108000}]
07-02 20:38:46.954  1319  1343 I am_broadcast_discard_app: [0,237774365,android.net.conn.CONNECTIVITY_CHANGE,13,ResolveInfo{b4b2790 com.gotokeep.keep/com.xiaomi.push.service.receivers.NetworkStatusReceiver m=0x108000}]
07-02 20:38:46.954  1319  1343 I am_broadcast_discard_app: [0,237774365,android.net.conn.CONNECTIVITY_CHANGE,14,ResolveInfo{e6de889 cn.wps.moffice_eng/com.xiaomi.push.service.receivers.NetworkStatusReceiver m=0x108000}]
07-02 20:38:46.954  1319  1343 I am_broadcast_discard_app: [0,237774365,android.net.conn.CONNECTIVITY_CHANGE,15,ResolveInfo{49bf08e cn.wps.moffice_eng/cn.wps.moffice.service.receivers.MonitorServiceReceiver m=0x108000}]
07-02 20:38:46.954  1319  1343 I am_broadcast_discard_app: [0,237774365,android.net.conn.CONNECTIVITY_CHANGE,16,ResolveInfo{584e0af com.dajie.official/com.xiaomi.push.service.receivers.NetworkStatusReceiver m=0x108000}]
07-02 20:38:46.954  1319  1343 I am_broadcast_discard_app: [0,237774365,android.net.conn.CONNECTIVITY_CHANGE,17,ResolveInfo{c632cbc com.wepie.wespy/com.xiaomi.push.service.receivers.NetworkStatusReceiver m=0x108000}]
07-02 20:38:46.954  1319  1343 I am_broadcast_discard_app: [0,237774365,android.net.conn.CONNECTIVITY_CHANGE,18,ResolveInfo{3438445 com.dotamax.app/com.xiaomi.push.service.receivers.NetworkStatusReceiver m=0x108000}]
07-02 20:38:46.954  1319  1343 I am_broadcast_discard_app: [0,237774365,android.net.conn.CONNECTIVITY_CHANGE,19,ResolveInfo{86a879a com.suning.mobile.ebuy/com.xiaomi.push.service.receivers.NetworkStatusReceiver m=0x108000}]
07-02 20:38:46.954  1319  1343 I am_broadcast_discard_app: [0,237774365,android.net.conn.CONNECTIVITY_CHANGE,20,ResolveInfo{5c8d8cb com.immomo.momo/com.xiaomi.push.service.receivers.NetworkStatusReceiver m=0x108000}]
07-02 20:38:46.954  1319  1343 I am_broadcast_discard_app: [0,237774365,android.net.conn.CONNECTIVITY_CHANGE,21,ResolveInfo{9458a8 com.mfw.roadbook/com.xiaomi.push.service.receivers.NetworkStatusReceiver m=0x108000}]
07-02 20:38:46.954  1319  1343 I am_broadcast_discard_app: [0,237774365,android.net.conn.CONNECTIVITY_CHANGE,22,ResolveInfo{c1d1fc1 com.xiaomi.hm.health/com.xiaomi.push.service.receivers.NetworkStatusReceiver m=0x108000}]
07-02 20:38:46.954  1319  1343 I am_broadcast_discard_app: [0,237774365,android.net.conn.CONNECTIVITY_CHANGE,23,ResolveInfo{8598366 com.duowan.mobile/com.xiaomi.push.service.receivers.NetworkStatusReceiver m=0x108000}]
07-02 20:38:46.954  1319  1343 I am_broadcast_discard_app: [0,237774365,android.net.conn.CONNECTIVITY_CHANGE,24,ResolveInfo{b0a36a7 com.movier.magicbox/com.xiaomi.push.service.receivers.NetworkStatusReceiver m=0x108000}]
07-02 20:38:46.954  1319  1343 I am_broadcast_discard_app: [0,237774365,android.net.conn.CONNECTIVITY_CHANGE,25,ResolveInfo{c2a5754 com.mmmono.starcity/com.xiaomi.push.service.receivers.NetworkStatusReceiver m=0x108000}]
07-02 20:38:46.954  1319  1343 I am_broadcast_discard_app: [0,237774365,android.net.conn.CONNECTIVITY_CHANGE,26,ResolveInfo{39af6fd com.youdao.dict/com.xiaomi.push.service.receivers.NetworkStatusReceiver m=0x108000}]
07-02 20:38:46.954  1319  1343 I am_broadcast_discard_app: [0,237774365,android.net.conn.CONNECTIVITY_CHANGE,27,ResolveInfo{4ea6ff2 com.eg.android.AlipayGphone/com.xiaomi.push.service.receivers.NetworkStatusReceiver m=0x108000}]
07-02 20:38:46.954  1319  1343 I am_broadcast_discard_app: [0,237774365,android.net.conn.CONNECTIVITY_CHANGE,28,ResolveInfo{d199643 com.tencent.androidqqmail/com.xiaomi.push.service.receivers.NetworkStatusReceiver m=0x108000}]
07-02 20:38:46.974  1319  2306 I am_proc_start: [0,4286,10008,com.vivo.email,broadcast,com.vivo.email/.service.MailService$InsideService]
07-02 20:38:46.984  1319  1341 I am_pss  : [2062,1000,com.android.settings,5319680,3477504]
07-02 20:38:46.994  1319  2306 I am_proc_bound: [0,4286,com.vivo.email]
07-02 20:38:47.034  1319  1341 I am_pss  : [2176,10185,com.tencent.mm,76953600,66981888]
07-02 20:38:47.774  1319  1341 I am_pss  : [2229,10061,com.baidu.map.location,7204864,5750784]
07-02 20:38:47.794  1319  1341 I am_pss  : [2208,10147,com.sohu.inputmethod.sogou,42593280,39673856]
07-02 20:38:47.894  1319  2067 I am_proc_start: [0,4371,10012,com.vivo.numbermark,broadcast,com.vivo.numbermark/.update.NUpdateReceiver]
07-02 20:38:47.924  1319  1341 I am_pss  : [2501,1000,com.vivo.smartmultiwindow,3745792,2998272]
07-02 20:38:47.924  1319  2355 I am_proc_bound: [0,4371,com.vivo.numbermark]
07-02 20:38:47.954  1319  1341 I am_pss  : [2509,10185,com.tencent.mm:recovery,4805632,2457600]
07-02 20:38:48.004  1319  2352 I am_proc_start: [0,4402,1000,com.vivo.networkstate,broadcast,com.vivo.networkstate/.StartupReceiver]
07-02 20:38:48.024  1319  2348 I am_proc_bound: [0,4402,com.vivo.networkstate]
07-02 20:38:48.064  1319  1921 I am_proc_start: [0,4414,10086,com.vivo.msgpush,content provider,com.vivo.msgpush/.data.SettingsProvider]
07-02 20:38:48.094  1319  2381 I am_proc_bound: [0,4414,com.vivo.msgpush]
