07-02 20:42:21.254  1319  1341 I am_pss  : [3651,10185,com.tencent.mm:exdevice,18572288,12480512]
07-02 20:42:21.264  1319  1341 I am_pss  : [2116,10057,com.bbk.iqoo.logsystem,9265152,7933952]
07-02 20:42:21.274  1319  1341 I am_pss  : [6471,10075,com.mobiletools.systemhelper:register,3049472,2400256]
07-02 20:42:21.284  1319  1341 I am_pss  : [3467,10185,com.tencent.mm:push,22680576,17756160]
07-02 20:42:22.204  1319  1343 I am_proc_start: [0,6741,10023,com.bbk.appstore,service,com.bbk.appstore/.update.AutoUpdateService]
07-02 20:42:22.224  1319  2355 I am_proc_bound: [0,6741,com.bbk.appstore]
07-02 20:42:22.244  1319  1341 I am_pss  : [6610,10119,com.dangdang.buy2,22032384,16449536]
07-02 20:42:22.254  1319  1341 I am_pss  : [4904,10046,com.vivo.devicereg,3464192,2793472]
07-02 20:42:37.464  1319  2381 I am_proc_died: [0,6741,com.bbk.appstore]
07-02 20:42:37.464  1319  2381 I am_schedule_service_restart: [0,com.bbk.appstore/.update.AutoUpdateService,1000]
07-02 20:42:37.474  1319  1341 I am_pss  : [6650,10119,com.dangdang.buy2:pushservice,12423168,7413760]
07-02 20:42:37.484  1319  1341 I am_pss  : [6244,1000,com.bbk.facewake,6122496,4964352]
07-02 20:42:38.484  1319  1343 I am_proc_start: [0,6770,10023,com.bbk.appstore,service,com.bbk.appstore/.update.AutoUpdateService]
07-02 20:42:38.504  1319  2421 I am_proc_bound: [0,6770,com.bbk.appstore]
07-02 20:42:53.794  1319  1921 I am_proc_died: [0,6770,com.bbk.appstore]
07-02 20:42:53.794  1319  1921 I am_schedule_service_restart: [0,com.bbk.appstore/.update.AutoUpdateService,1000]
07-02 20:42:54.834  1319  1343 I am_proc_start: [0,6803,10023,com.bbk.appstore,service,com.bbk.appstore/.update.AutoUpdateService]
07-02 20:42:54.864  1319  2421 I am_proc_bound: [0,6803,com.bbk.appstore]
07-02 20:43:10.204  1319  2381 I am_proc_died: [0,6803,com.bbk.appstore]
07-02 20:43:10.204  1319  2381 I am_schedule_service_restart: [0,com.bbk.appstore/.update.AutoUpdateService,1000]
07-02 20:43:11.244  1319  1343 I am_proc_start: [0,6836,10023,com.bbk.appstore,service,com.bbk.appstore/.update.AutoUpdateService]
07-02 20:43:11.274  1319  1921 I am_proc_bound: [0,6836,com.bbk.appstore]
07-02 20:43:26.574  1319  2393 I am_proc_died: [0,6836,com.bbk.appstore]
07-02 20:43:26.574  1319  2393 I am_schedule_service_restart: [0,com.bbk.appstore/.update.AutoUpdateService,1000]
07-02 20:43:26.594  1319  1341 I am_pss  : [2534,10113,com.sankuai.meituan:dppushservice,25480192,22814720]
07-02 20:43:27.614  1319  1343 I am_proc_start: [0,6867,10023,com.bbk.appstore,service,com.bbk.appstore/.update.AutoUpdateService]
07-02 20:43:27.664  1319  2336 I am_proc_bound: [0,6867,com.bbk.appstore]
07-02 20:43:42.954  1319  2355 I am_proc_died: [0,6867,com.bbk.appstore]
07-02 20:43:42.954  1319  2355 I am_schedule_service_restart: [0,com.bbk.appstore/.update.AutoUpdateService,1000]
07-02 20:43:43.994  1319  1343 I am_proc_start: [0,6897,10023,com.bbk.appstore,service,com.bbk.appstore/.update.AutoUpdateService]
07-02 20:43:44.024  1319  1914 I am_proc_bound: [0,6897,com.bbk.appstore]
07-02 20:43:59.304  1319  2385 I am_proc_died: [0,6897,com.bbk.appstore]
07-02 20:43:59.304  1319  2385 I am_schedule_service_restart: [0,com.bbk.appstore/.update.AutoUpdateService,1000]
07-02 20:44:00.344  1319  1343 I am_proc_start: [0,6930,10023,com.bbk.appstore,service,com.bbk.appstore/.update.AutoUpdateService]
07-02 20:44:00.384  1319  2421 I am_proc_bound: [0,6930,com.bbk.appstore]
07-02 20:44:15.804  1319  2306 I am_proc_died: [0,6930,com.bbk.appstore]
07-02 20:44:15.804  1319  2306 I am_schedule_service_restart: [0,com.bbk.appstore/.update.AutoUpdateService,1000]
07-02 20:44:15.834  1319  1341 I am_pss  : [2877,10055,com.iqoo.secure:remote,29448192,24903680]
07-02 20:44:16.854  1319  1343 I am_proc_start: [0,6968,10023,com.bbk.appstore,service,com.bbk.appstore/.update.AutoUpdateService]
07-02 20:44:16.884  1319  1339 I am_proc_bound: [0,6968,com.bbk.appstore]
07-02 20:44:28.564  1319  2393 I am_kill : [0,4981,com.qualcomm.qti.telephonyservice,8,stop com.qualcomm.qti.telephonyservice]
07-02 20:44:28.584  1319  2393 I am_schedule_service_restart: [0,com.qualcomm.qti.telephonyservice/.QtiTelephonyService,1000]
07-02 20:44:28.594  1319  1319 I notification_cancel_all: [1000,1319,com.qualcomm.qti.telephonyservice,0,0,0,5,NULL]
07-02 20:44:28.624  1319  1341 I am_pss  : [2808,10141,com.dotamax.app:mult,11340800,8060928]
07-02 20:44:28.634  1319  1914 I am_broadcast_discard_app: [0,202329200,android.intent.action.PACKAGE_RESTARTED,4,ResolveInfo{a6ddbe9 com.suning.mobile.ebuy/com.suning.cloud.push.pushservice.RegistrationReceiver m=0x208000}]
07-02 20:44:28.654  1319  1341 I am_pss  : [2560,10141,com.dotamax.app:pushservice,10279936,7020544]
07-02 20:44:28.664  1319  1341 I am_pss  : [3467,10185,com.tencent.mm:push,22901760,17977344]
07-02 20:44:30.414  1319  2067 I am_kill : [0,5244,com.vivo.widget,13,stop com.vivo.dream.note]
07-02 20:44:30.454  1319  1319 I notification_cancel_all: [1000,1319,com.vivo.dream.note,0,0,0,5,NULL]
07-02 20:44:30.514  1319  2067 I am_broadcast_discard_app: [0,212300559,android.intent.action.PACKAGE_RESTARTED,4,ResolveInfo{4f4bf9c com.suning.mobile.ebuy/com.suning.cloud.push.pushservice.RegistrationReceiver m=0x208000}]
07-02 20:44:30.794  1319  2385 I am_kill : [0,4414,com.vivo.msgpush,11,stop com.vivo.msgpush]
07-02 20:44:30.824  1319  1319 I notification_cancel_all: [1000,1319,com.vivo.msgpush,0,0,0,5,NULL]
07-02 20:44:30.894  1319  1341 I am_pss  : [3902,10098,com.chaozh.iReader,12049408,10620928]
07-02 20:44:30.904  1319  2352 I am_broadcast_discard_app: [0,3835258,android.intent.action.PACKAGE_RESTARTED,4,ResolveInfo{3f2312b com.suning.mobile.ebuy/com.suning.cloud.push.pushservice.RegistrationReceiver m=0x208000}]
07-02 20:44:30.924  1319  1341 I am_pss  : [3894,10028,com.android.bbkmusic,20327424,18575360]
07-02 20:44:30.934  1319  1341 I am_pss  : [5031,10103,com.vivo.space,20823040,19107840]
07-02 20:44:30.954  1319  1341 I am_pss  : [4491,10101,com.vivo.game,9802752,8781824]
07-02 20:44:31.194  1319  1914 I am_kill : [0,5367,com.vivo.widget.calendar,11,stop com.vivo.widget.calendar]
07-02 20:44:31.244  1319  1319 I notification_cancel_all: [1000,1319,com.vivo.widget.calendar,0,0,0,5,NULL]
07-02 20:44:31.324  1319  2421 I am_broadcast_discard_app: [0,117186337,android.intent.action.PACKAGE_RESTARTED,4,ResolveInfo{f5b7f46 com.suning.mobile.ebuy/com.suning.cloud.push.pushservice.RegistrationReceiver m=0x208000}]
07-02 20:44:31.714  1319  2385 I am_kill : [0,5122,com.qualcomm.embms:remote,13,stop com.qualcomm.embms]
07-02 20:44:31.744  1319  2385 I am_kill : [0,5107,com.qualcomm.embms,13,stop com.qualcomm.embms]
07-02 20:44:31.784  1319  1319 I notification_cancel_all: [1000,1319,com.qualcomm.embms,0,0,0,5,NULL]
07-02 20:44:31.834  1319  1340 I am_broadcast_discard_app: [0,14726407,android.intent.action.PACKAGE_RESTARTED,4,ResolveInfo{13f6634 com.suning.mobile.ebuy/com.suning.cloud.push.pushservice.RegistrationReceiver m=0x208000}]
07-02 20:44:32.164  1319  2352 I am_proc_died: [0,6968,com.bbk.appstore]
07-02 20:44:32.164  1319  2352 I am_schedule_service_restart: [0,com.bbk.appstore/.update.AutoUpdateService,1000]
07-02 20:44:32.484  1319  2421 I am_kill : [0,4491,com.vivo.game,9,stop com.vivo.game]
07-02 20:44:32.504  1319  1319 I notification_cancel_all: [1000,1319,com.vivo.game,0,0,0,5,NULL]
07-02 20:44:32.574  1319  2421 I am_broadcast_discard_app: [0,210153888,android.intent.action.PACKAGE_RESTARTED,4,ResolveInfo{1389159 com.suning.mobile.ebuy/com.suning.cloud.push.pushservice.RegistrationReceiver m=0x208000}]
07-02 20:44:32.794  1319  2460 I am_kill : [0,5031,com.vivo.space,9,stop com.vivo.space]
07-02 20:44:32.844  1319  1319 I notification_cancel_all: [1000,1319,com.vivo.space,0,0,0,5,NULL]
07-02 20:44:32.874  1319  2306 I am_broadcast_discard_app: [0,131153407,android.intent.action.PACKAGE_RESTARTED,4,ResolveInfo{73547cc com.suning.mobile.ebuy/com.suning.cloud.push.pushservice.RegistrationReceiver m=0x208000}]
07-02 20:44:33.004  1319  1319 I notification_cancel_all: [1000,1319,com.vivo.msgpush,0,0,0,5,NULL]
07-02 20:44:33.074  1319  2355 I am_broadcast_discard_app: [0,22538773,android.intent.action.PACKAGE_RESTARTED,4,ResolveInfo{cff412a com.suning.mobile.ebuy/com.suning.cloud.push.pushservice.RegistrationReceiver m=0x208000}]
07-02 20:44:33.104  1319  1339 I am_kill : [0,2534,com.sankuai.meituan:dppushservice,8,stop com.sankuai.meituan]
07-02 20:44:33.144  1319  1339 I am_schedule_service_restart: [0,com.sankuai.meituan/com.dianping.base.push.pushservice.dp.DPPushService,10022]
07-02 20:44:33.144  1319  1319 I notification_cancel_all: [1000,1319,com.sankuai.meituan,0,0,0,5,NULL]
07-02 20:44:33.204  1319  1343 I am_proc_start: [0,7005,10023,com.bbk.appstore,service,com.bbk.appstore/.update.AutoUpdateService]
07-02 20:44:33.234  1319  1339 I am_proc_bound: [0,7005,com.bbk.appstore]
07-02 20:44:33.234  1319  2336 I am_broadcast_discard_app: [0,252033819,android.intent.action.PACKAGE_RESTARTED,4,ResolveInfo{65514b8 com.suning.mobile.ebuy/com.suning.cloud.push.pushservice.RegistrationReceiver m=0x208000}]
07-02 20:44:33.474  1319  2460 I am_kill : [0,6610,com.dangdang.buy2,1,stop com.dangdang.buy2]
07-02 20:44:33.494  1319  2460 I am_schedule_service_restart: [0,com.dangdang.buy2/com.morgoo.droidplugin.PluginManagerService,1000]
07-02 20:44:33.494  1319  2460 I am_schedule_service_restart: [0,com.dangdang.buy2/.keepalive.service.RestartJobService,11000]
07-02 20:44:33.494  1319  2460 I am_kill : [0,6650,com.dangdang.buy2:pushservice,5,stop com.dangdang.buy2]
07-02 20:44:33.504  1319  2460 I am_schedule_service_restart: [0,com.dangdang.buy2/com.xiaomi.push.service.XMPushService,20989]
07-02 20:44:33.574  1319  2067 I am_broadcast_discard_app: [0,78348288,android.intent.action.PACKAGE_RESTARTED,4,ResolveInfo{e05b039 com.suning.mobile.ebuy/com.suning.cloud.push.pushservice.RegistrationReceiver m=0x208000}]
07-02 20:44:33.584  1319  1319 I am_proc_start: [0,7034,10113,com.sankuai.meituan:dppushservice,service,com.sankuai.meituan/com.dianping.base.push.pushservice.PushWakeUpJob]
07-02 20:44:33.584  1319  1319 I notification_cancel_all: [1000,1319,com.dangdang.buy2,0,0,0,5,NULL]
07-02 20:44:33.604  1319  2385 I am_proc_bound: [0,7034,com.sankuai.meituan:dppushservice]
07-02 20:44:33.664  1319  1319 I notification_cancel_all: [1000,1319,com.dangdang.buy2,0,0,0,5,NULL]
07-02 20:44:33.684  1319  2336 I am_broadcast_discard_app: [0,64893666,android.intent.action.PACKAGE_RESTARTED,4,ResolveInfo{5e8b673 com.suning.mobile.ebuy/com.suning.cloud.push.pushservice.RegistrationReceiver m=0x208000}]
07-02 20:44:33.824  1319  2306 I am_kill : [0,2560,com.dotamax.app:pushservice,5,stop com.dotamax.app]
07-02 20:44:33.844  1319  2306 I am_schedule_service_restart: [0,com.dotamax.app/com.xiaomi.push.service.XMPushService,1000]
07-02 20:44:33.844  1319  2306 I am_kill : [0,2808,com.dotamax.app:mult,8,stop com.dotamax.app]
07-02 20:44:33.854  1319  2306 I am_schedule_service_restart: [0,com.dotamax.app/cn.jpush.android.service.PushService,10983]
07-02 20:44:33.854  1319  2306 I am_kill : [0,4554,com.dotamax.app,9,stop com.dotamax.app]
07-02 20:44:33.904  1319  1319 I notification_cancel_all: [1000,1319,com.dotamax.app,0,0,0,5,NULL]
07-02 20:44:33.924  1319  1319 I notification_cancel_all: [1000,1319,com.dotamax.app,0,0,0,5,NULL]
07-02 20:44:33.934  1319  1914 I am_broadcast_discard_app: [0,194963760,android.intent.action.PACKAGE_RESTARTED,4,ResolveInfo{8d619a9 com.suning.mobile.ebuy/com.suning.cloud.push.pushservice.RegistrationReceiver m=0x208000}]
07-02 20:44:34.004  1319  2306 I am_broadcast_discard_app: [0,11574062,android.intent.action.PACKAGE_RESTARTED,4,ResolveInfo{e0e46cf com.suning.mobile.ebuy/com.suning.cloud.push.pushservice.RegistrationReceiver m=0x208000}]
07-02 20:44:34.154  1319  1914 I am_kill : [0,5847,com.tmall.wireless,2,stop com.tmall.wireless]
07-02 20:44:34.194  1319  1914 I am_schedule_service_restart: [0,com.tmall.wireless/.messagebox.receiver.TMMsgboxRegisterService,1000]
07-02 20:44:34.194  1319  1914 I am_schedule_service_restart: [0,com.tmall.wireless/.wangxin.receiver.TMWXRegisterService,10999]
07-02 20:44:34.194  1319  1914 I am_schedule_service_restart: [0,com.tmall.wireless/com.taobao.orange.service.OrangeApiService,20999]
07-02 20:44:34.194  1319  1914 I am_kill : [0,5940,com.tmall.wireless:channel,2,stop com.tmall.wireless]
07-02 20:44:34.214  1319  1914 I am_schedule_service_restart: [0,com.tmall.wireless/com.taobao.accs.ChannelService,20976]
07-02 20:44:34.214  1319  1914 I am_schedule_service_restart: [0,com.tmall.wireless/.httpserver.TMHttpserverServerServicel,30976]
07-02 20:44:34.244  1319  1319 I notification_cancel_all: [1000,1319,com.tmall.wireless,0,0,0,5,NULL]
07-02 20:44:34.274  1319  1319 I notification_cancel_all: [1000,1319,com.tmall.wireless,0,0,0,5,NULL]
07-02 20:44:34.344  1319  1914 I am_broadcast_discard_app: [0,63234566,android.intent.action.PACKAGE_RESTARTED,4,ResolveInfo{e5640c7 com.suning.mobile.ebuy/com.suning.cloud.push.pushservice.RegistrationReceiver m=0x208000}]
07-02 20:44:34.354  1319  2393 I am_broadcast_discard_app: [0,56649460,android.intent.action.PACKAGE_RESTARTED,4,ResolveInfo{4225e1d com.suning.mobile.ebuy/com.suning.cloud.push.pushservice.RegistrationReceiver m=0x208000}]
07-02 20:44:34.364  1319  1319 I notification_cancel_all: [1000,1319,ctrip.android.view,0,0,0,5,NULL]
07-02 20:44:34.364  1319  1914 I am_broadcast_discard_app: [0,45947026,android.intent.action.PACKAGE_RESTARTED,4,ResolveInfo{aec2263 com.suning.mobile.ebuy/com.suning.cloud.push.pushservice.RegistrationReceiver m=0x208000}]
07-02 20:46:00.836  1319  1319 I am_proc_start: [0,7072,10119,com.dangdang.buy2,service,com.dangdang.buy2/.keepalive.service.RestartJobService]
07-02 20:46:00.916  1319  2355 I am_proc_bound: [0,7072,com.dangdang.buy2]
07-02 20:46:01.436  1319  2381 I am_proc_start: [0,7110,10119,com.dangdang.buy2:pushservice,service,com.dangdang.buy2/com.xiaomi.push.service.XMPushService]
07-02 20:46:01.456  1319  1339 I am_proc_bound: [0,7110,com.dangdang.buy2:pushservice]
07-02 20:46:03.676  1319  1341 I am_pss  : [2877,10055,com.iqoo.secure:remote,29752320,25124864]
07-02 20:46:12.596  1319  2067 I am_proc_died: [0,7005,com.bbk.appstore]
07-02 20:46:12.596  1319  2067 I am_schedule_service_restart: [0,com.bbk.appstore/.update.AutoUpdateService,1000]
07-02 20:46:13.616  1319  1343 I am_proc_start: [0,7172,10023,com.bbk.appstore,service,com.bbk.appstore/.update.AutoUpdateService]
07-02 20:46:13.646  1319  2460 I am_proc_bound: [0,7172,com.bbk.appstore]
07-02 20:46:24.856  1319  1341 I am_pss  : [7072,10119,com.dangdang.buy2,22999040,16908288]
07-02 20:46:24.866  1319  1341 I am_pss  : [7110,10119,com.dangdang.buy2:pushservice,12444672,7168000]
07-02 20:46:24.876  1319  1341 I am_pss  : [7034,10113,com.sankuai.meituan:dppushservice,25872384,22626304]
07-02 20:46:28.856  1319  2352 I am_proc_died: [0,7172,com.bbk.appstore]
07-02 20:46:28.856  1319  2352 I am_schedule_service_restart: [0,com.bbk.appstore/.update.AutoUpdateService,1000]
07-02 20:46:29.866  1319  1343 I am_proc_start: [0,7210,10023,com.bbk.appstore,service,com.bbk.appstore/.update.AutoUpdateService]
07-02 20:46:29.896  1319  1921 I am_proc_bound: [0,7210,com.bbk.appstore]
07-02 20:46:45.166  1319  1339 I am_proc_died: [0,7210,com.bbk.appstore]
07-02 20:46:45.166  1319  1339 I am_schedule_service_restart: [0,com.bbk.appstore/.update.AutoUpdateService,1000]
07-02 20:46:46.206  1319  1343 I am_proc_start: [0,7241,10023,com.bbk.appstore,service,com.bbk.appstore/.update.AutoUpdateService]
07-02 20:46:46.236  1319  2393 I am_proc_bound: [0,7241,com.bbk.appstore]
07-02 20:47:00.376  1319  1341 I am_pss  : [3467,10185,com.tencent.mm:push,23833600,18448384]
07-02 20:47:01.536  1319  1339 I am_proc_died: [0,7241,com.bbk.appstore]
07-02 20:47:01.536  1319  1339 I am_schedule_service_restart: [0,com.bbk.appstore/.update.AutoUpdateService,1000]
07-02 20:47:02.576  1319  1343 I am_proc_start: [0,7272,10023,com.bbk.appstore,service,com.bbk.appstore/.update.AutoUpdateService]
07-02 20:47:02.596  1319  1340 I am_proc_bound: [0,7272,com.bbk.appstore]
07-02 20:47:17.906  1319  2306 I am_proc_died: [0,7272,com.bbk.appstore]
07-02 20:47:17.906  1319  2306 I am_schedule_service_restart: [0,com.bbk.appstore/.update.AutoUpdateService,1000]
07-02 20:47:18.946  1319  1343 I am_proc_start: [0,7306,10023,com.bbk.appstore,service,com.bbk.appstore/.update.AutoUpdateService]
07-02 20:47:18.976  1319  1340 I am_proc_bound: [0,7306,com.bbk.appstore]
07-02 20:47:34.266  1319  2421 I am_proc_died: [0,7306,com.bbk.appstore]
07-02 20:47:34.266  1319  2421 I am_schedule_service_restart: [0,com.bbk.appstore/.update.AutoUpdateService,1000]
07-02 20:47:34.306  1319  1341 I am_pss  : [7034,10113,com.sankuai.meituan:dppushservice,25953280,22708224]
07-02 20:47:35.306  1319  1343 I am_proc_start: [0,7336,10023,com.bbk.appstore,service,com.bbk.appstore/.update.AutoUpdateService]
07-02 20:47:35.356  1319  2067 I am_proc_bound: [0,7336,com.bbk.appstore]
07-02 20:47:50.636  1319  2067 I am_proc_died: [0,7336,com.bbk.appstore]
07-02 20:47:50.636  1319  2067 I am_schedule_service_restart: [0,com.bbk.appstore/.update.AutoUpdateService,1000]
07-02 20:47:51.676  1319  1343 I am_proc_start: [0,7366,10023,com.bbk.appstore,service,com.bbk.appstore/.update.AutoUpdateService]
07-02 20:47:51.736  1319  2306 I am_proc_bound: [0,7366,com.bbk.appstore]
07-02 20:48:07.016  1319  2352 I am_proc_died: [0,7366,com.bbk.appstore]
07-02 20:48:07.016  1319  2352 I am_schedule_service_restart: [0,com.bbk.appstore/.update.AutoUpdateService,1000]
07-02 20:48:07.046  1319  1341 I am_pss  : [2877,10055,com.iqoo.secure:remote,29810688,25157632]
07-02 20:48:08.056  1319  1343 I am_proc_start: [0,7398,10023,com.bbk.appstore,service,com.bbk.appstore/.update.AutoUpdateService]
07-02 20:48:08.086  1319  2348 I am_proc_bound: [0,7398,com.bbk.appstore]
07-02 20:48:23.366  1319  2067 I am_proc_died: [0,7398,com.bbk.appstore]
07-02 20:48:23.366  1319  2067 I am_schedule_service_restart: [0,com.bbk.appstore/.update.AutoUpdateService,1000]
07-02 20:48:24.416  1319  1343 I am_proc_start: [0,7430,10023,com.bbk.appstore,service,com.bbk.appstore/.update.AutoUpdateService]
07-02 20:48:24.456  1319  2381 I am_proc_bound: [0,7430,com.bbk.appstore]
07-02 20:48:39.776  1319  2460 I am_proc_died: [0,7430,com.bbk.appstore]
07-02 20:48:39.776  1319  2460 I am_schedule_service_restart: [0,com.bbk.appstore/.update.AutoUpdateService,1000]
07-02 20:48:40.436  1319  1319 I free_storage_changed: 23204921344
07-02 20:48:40.826  1319  1343 I am_proc_start: [0,7463,10023,com.bbk.appstore,service,com.bbk.appstore/.update.AutoUpdateService]
07-02 20:48:40.856  1319  2381 I am_proc_bound: [0,7463,com.bbk.appstore]
07-02 20:48:56.136  1319  2306 I am_proc_died: [0,7463,com.bbk.appstore]
07-02 20:48:56.136  1319  2306 I am_schedule_service_restart: [0,com.bbk.appstore/.update.AutoUpdateService,1000]
07-02 20:48:57.186  1319  1343 I am_proc_start: [0,7493,10023,com.bbk.appstore,service,com.bbk.appstore/.update.AutoUpdateService]
07-02 20:48:57.216  1319  2421 I am_proc_bound: [0,7493,com.bbk.appstore]
07-02 20:49:00.406  1319  1319 I am_proc_start: [0,7524,10148,com.tmall.wireless,service,com.tmall.wireless/.push.service.TMPushMyJobService]
07-02 20:49:00.456  1319  2381 I am_proc_bound: [0,7524,com.tmall.wireless]
07-02 20:49:01.166  1319  2385 I am_proc_start: [0,7619,10148,com.tmall.wireless:channel,service,com.tmall.wireless/com.taobao.accs.ChannelService]
07-02 20:49:01.196  1319  2336 I am_proc_bound: [0,7619,com.tmall.wireless:channel]
07-02 20:49:01.646  1319  1319 I notification_enqueue: [10148,7619,com.tmall.wireless,9371,NULL,0,Notification(pri=0 contentView=com.tmall.wireless/0x1090085 vibrate=null sound=null defaults=0x0 flags=0x40 color=0x00000000 vis=PRIVATE),0]
07-02 20:49:01.646  1319  1319 I notification_enqueue: [10148,7619,com.tmall.wireless,9371,NULL,0,Notification(pri=0 contentView=com.tmall.wireless/0x1090085 vibrate=null sound=null defaults=0x0 flags=0x40 color=0x00000000 vis=PRIVATE),0]
07-02 20:49:12.476  1319  2348 I am_proc_died: [0,7493,com.bbk.appstore]
07-02 20:49:12.476  1319  2348 I am_schedule_service_restart: [0,com.bbk.appstore/.update.AutoUpdateService,1000]
07-02 20:49:13.486  1319  1343 I am_proc_start: [0,7793,10023,com.bbk.appstore,service,com.bbk.appstore/.update.AutoUpdateService]
07-02 20:49:13.516  1319  2393 I am_proc_bound: [0,7793,com.bbk.appstore]
07-02 20:49:28.786  1319  1340 I am_proc_died: [0,7793,com.bbk.appstore]
07-02 20:49:28.786  1319  1340 I am_schedule_service_restart: [0,com.bbk.appstore/.update.AutoUpdateService,1000]
07-02 20:49:28.806  1319  1341 I am_pss  : [7034,10113,com.sankuai.meituan:dppushservice,25797632,22802432]
07-02 20:49:28.816  1319  1341 I am_pss  : [3467,10185,com.tencent.mm:push,23885824,18702336]
07-02 20:49:29.826  1319  1343 I am_proc_start: [0,7852,10023,com.bbk.appstore,service,com.bbk.appstore/.update.AutoUpdateService]
07-02 20:49:29.886  1319  2343 I am_proc_bound: [0,7852,com.bbk.appstore]
07-02 20:49:39.926  1319  1341 I am_pss  : [7524,10148,com.tmall.wireless,74450944,64114688]
07-02 20:49:39.946  1319  1341 I am_pss  : [7619,10148,com.tmall.wireless:channel,26567680,17047552]
07-02 20:49:45.206  1319  2336 I am_proc_died: [0,7852,com.bbk.appstore]
07-02 20:49:45.206  1319  2336 I am_schedule_service_restart: [0,com.bbk.appstore/.update.AutoUpdateService,1000]
07-02 20:49:46.256  1319  1343 I am_proc_start: [0,7886,10023,com.bbk.appstore,service,com.bbk.appstore/.update.AutoUpdateService]
07-02 20:49:46.276  1319  2385 I am_proc_bound: [0,7886,com.bbk.appstore]
07-02 20:50:00.356  1319  1319 I am_proc_start: [0,7915,10141,com.dotamax.app:pushservice,service,com.dotamax.app/com.xiaomi.push.service.XMJobService]
07-02 20:50:00.446  1319  2460 I am_proc_bound: [0,7915,com.dotamax.app:pushservice]
07-02 20:50:00.626  1319  2421 I am_proc_start: [0,7935,10141,com.dotamax.app:mult,service,com.dotamax.app/cn.jpush.android.service.PushService]
07-02 20:50:00.656  1319  2348 I am_proc_bound: [0,7935,com.dotamax.app:mult]
07-02 20:50:01.546  1319  2355 I am_proc_died: [0,7886,com.bbk.appstore]
07-02 20:50:01.546  1319  2355 I am_schedule_service_restart: [0,com.bbk.appstore/.update.AutoUpdateService,1000]
07-02 20:50:02.596  1319  1343 I am_proc_start: [0,7981,10023,com.bbk.appstore,service,com.bbk.appstore/.update.AutoUpdateService]
07-02 20:50:02.626  1319  1340 I am_proc_bound: [0,7981,com.bbk.appstore]
07-02 20:50:17.896  1319  2421 I am_proc_died: [0,7981,com.bbk.appstore]
07-02 20:50:17.896  1319  2421 I am_schedule_service_restart: [0,com.bbk.appstore/.update.AutoUpdateService,1000]
07-02 20:50:17.936  1319  1341 I am_pss  : [2877,10055,com.iqoo.secure:remote,29869056,25219072]
07-02 20:50:18.946  1319  1343 I am_proc_start: [0,8015,10023,com.bbk.appstore,service,com.bbk.appstore/.update.AutoUpdateService]
07-02 20:50:18.976  1319  1339 I am_proc_bound: [0,8015,com.bbk.appstore]
07-02 20:50:34.256  1319  2336 I am_proc_died: [0,8015,com.bbk.appstore]
07-02 20:50:34.256  1319  2336 I am_schedule_service_restart: [0,com.bbk.appstore/.update.AutoUpdateService,1000]
07-02 20:50:34.306  1319  1341 I am_pss  : [7915,10141,com.dotamax.app:pushservice,10251264,6471680]
07-02 20:50:34.326  1319  1341 I am_pss  : [7935,10141,com.dotamax.app:mult,9034752,5255168]
07-02 20:50:35.296  1319  1343 I am_proc_start: [0,8045,10023,com.bbk.appstore,service,com.bbk.appstore/.update.AutoUpdateService]
07-02 20:50:35.366  1319  1339 I am_proc_bound: [0,8045,com.bbk.appstore]
07-02 20:50:49.336  1319  2460 I am_kill : [0,7034,com.sankuai.meituan:dppushservice,8,stop com.sankuai.meituan]
07-02 20:50:49.366  1319  2460 I am_schedule_service_restart: [0,com.sankuai.meituan/com.dianping.base.push.pushservice.dp.DPPushService,1000]
07-02 20:50:49.386  1319  1319 I notification_cancel_all: [1000,1319,com.sankuai.meituan,0,0,0,5,NULL]
07-02 20:50:49.436  1319  2381 I am_broadcast_discard_app: [0,211416067,android.intent.action.PACKAGE_RESTARTED,4,ResolveInfo{337ff80 com.suning.mobile.ebuy/com.suning.cloud.push.pushservice.RegistrationReceiver m=0x208000}]
07-02 20:50:50.276  1319  2306 I am_kill : [0,7072,com.dangdang.buy2,1,stop com.dangdang.buy2]
07-02 20:50:50.306  1319  2306 I am_schedule_service_restart: [0,com.dangdang.buy2/.keepalive.service.RestartJobService,1000]
07-02 20:50:50.306  1319  2306 I am_schedule_service_restart: [0,com.dangdang.buy2/com.morgoo.droidplugin.PluginManagerService,11000]
07-02 20:50:50.316  1319  2306 I am_kill : [0,7110,com.dangdang.buy2:pushservice,5,stop com.dangdang.buy2]
07-02 20:50:50.326  1319  2306 I am_schedule_service_restart: [0,com.dangdang.buy2/com.xiaomi.push.service.XMPushService,20982]
07-02 20:50:50.346  1319  1319 I notification_cancel_all: [1000,1319,com.dangdang.buy2,0,0,0,5,NULL]
07-02 20:50:50.406  1319  2393 I am_broadcast_discard_app: [0,247319903,android.intent.action.PACKAGE_RESTARTED,4,ResolveInfo{1dd93ac com.suning.mobile.ebuy/com.suning.cloud.push.pushservice.RegistrationReceiver m=0x208000}]
07-02 20:50:50.636  1319  1339 I am_proc_died: [0,8045,com.bbk.appstore]
07-02 20:50:50.636  1319  1339 I am_schedule_service_restart: [0,com.bbk.appstore/.update.AutoUpdateService,1000]
07-02 20:50:50.906  1319  1340 I am_kill : [0,7915,com.dotamax.app:pushservice,5,stop com.dotamax.app]
07-02 20:50:50.936  1319  1340 I am_schedule_service_restart: [0,com.dotamax.app/com.xiaomi.push.service.XMPushService,10703]
07-02 20:50:50.936  1319  1340 I am_kill : [0,7935,com.dotamax.app:mult,5,stop com.dotamax.app]
07-02 20:50:50.976  1319  1340 I am_schedule_service_restart: [0,com.dotamax.app/cn.jpush.android.service.PushService,20665]
07-02 20:50:50.996  1319  1319 I notification_cancel_all: [1000,1319,com.dotamax.app,0,0,0,5,NULL]
07-02 20:50:51.056  1319  2348 I am_broadcast_discard_app: [0,22968437,android.intent.action.PACKAGE_RESTARTED,4,ResolveInfo{d6b200a com.suning.mobile.ebuy/com.suning.cloud.push.pushservice.RegistrationReceiver m=0x208000}]
07-02 20:50:51.426  1319  2460 I am_kill : [0,7524,com.tmall.wireless,2,stop com.tmall.wireless]
07-02 20:50:51.516  1319  2460 I am_schedule_service_restart: [0,com.tmall.wireless/.messagebox.receiver.TMMsgboxRegisterService,10123]
07-02 20:50:51.516  1319  2460 I am_schedule_service_restart: [0,com.tmall.wireless/com.taobao.orange.service.OrangeApiService,20122]
07-02 20:50:51.516  1319  2460 I am_schedule_service_restart: [0,com.tmall.wireless/.wangxin.receiver.TMWXRegisterService,30122]
07-02 20:50:51.516  1319  2460 I am_kill : [0,7619,com.tmall.wireless:channel,2,stop com.tmall.wireless]
07-02 20:50:51.536  1319  2460 I am_schedule_service_restart: [0,com.tmall.wireless/.httpserver.TMHttpserverServerServicel,40098]
07-02 20:50:51.536  1319  2460 I am_schedule_service_restart: [0,com.tmall.wireless/com.taobao.accs.ChannelService,50098]
07-02 20:50:51.546  1319  1319 I notification_cancel_all: [1000,1319,com.tmall.wireless,0,0,0,5,NULL]
07-02 20:50:51.586  1319  2385 I am_broadcast_discard_app: [0,203153531,android.intent.action.PACKAGE_RESTARTED,4,ResolveInfo{663e98 com.suning.mobile.ebuy/com.suning.cloud.push.pushservice.RegistrationReceiver m=0x208000}]
07-02 20:50:51.656  1319  1343 I am_proc_start: [0,8081,10023,com.bbk.appstore,service,com.bbk.appstore/.update.AutoUpdateService]
07-02 20:50:51.666  1319  1914 I am_proc_bound: [0,8081,com.bbk.appstore]
07-02 20:51:01.848  1319  1319 I am_proc_start: [0,8114,10113,com.sankuai.meituan:dppushservice,service,com.sankuai.meituan/com.dianping.base.push.pushservice.PushWakeUpJob]
07-02 20:51:01.898  1319  1914 I am_proc_bound: [0,8114,com.sankuai.meituan:dppushservice]
07-02 20:51:31.902  1319  1319 I sysui_histogram: [fingerprint_token,0]
07-02 20:51:35.782  1319  2306 I am_kill : [0,8114,com.sankuai.meituan:dppushservice,5,stop com.sankuai.meituan]
07-02 20:51:35.832  1319  2306 I am_schedule_service_restart: [0,com.sankuai.meituan/com.dianping.base.push.pushservice.dp.DPPushService,1000]
07-02 20:51:35.852  1319  1319 I notification_cancel_all: [1000,1319,com.sankuai.meituan,0,0,0,5,NULL]
07-02 20:51:35.902  1319  2385 I am_broadcast_discard_app: [0,99975962,android.intent.action.PACKAGE_RESTARTED,4,ResolveInfo{796ee4b com.suning.mobile.ebuy/com.suning.cloud.push.pushservice.RegistrationReceiver m=0x208000}]
07-02 20:51:36.632  1319  1319 I notification_cancel_all: [1000,1319,com.dangdang.buy2,0,0,0,5,NULL]
07-02 20:51:36.712  1319  2355 I am_broadcast_discard_app: [0,14712872,android.intent.action.PACKAGE_RESTARTED,4,ResolveInfo{d92f141 com.suning.mobile.ebuy/com.suning.cloud.push.pushservice.RegistrationReceiver m=0x208000}]
07-02 20:51:44.379  1319  1319 I sysui_histogram: [fingerprint_token,0]
07-02 20:52:00.899  1319  1319 I am_proc_start: [0,8156,10119,com.dangdang.buy2,service,com.dangdang.buy2/.keepalive.service.RestartJobService]
07-02 20:52:00.909  1319  2381 I am_proc_bound: [0,8156,com.dangdang.buy2]
07-02 20:52:01.109  1319  2460 I am_proc_died: [0,8081,com.bbk.appstore]
07-02 20:52:01.109  1319  2460 I am_schedule_service_restart: [0,com.bbk.appstore/.update.AutoUpdateService,1000]
07-02 20:52:01.409  1319  2067 I am_proc_start: [0,8194,10119,com.dangdang.buy2:pushservice,service,com.dangdang.buy2/com.xiaomi.push.service.XMPushService]
07-02 20:52:01.439  1319  2306 I am_proc_bound: [0,8194,com.dangdang.buy2:pushservice]
07-02 20:52:02.119  1319  1343 I am_proc_start: [0,8245,10023,com.bbk.appstore,service,com.bbk.appstore/.update.AutoUpdateService]
07-02 20:52:02.149  1319  2421 I am_proc_bound: [0,8245,com.bbk.appstore]
07-02 20:52:03.769  1319  1341 I am_pss  : [2918,10003,android.process.acore,27009024,25681920]
07-02 20:52:07.029  1319  1319 I sysui_histogram: [fingerprint_token,0]
07-02 20:52:17.359  1319  2352 I am_proc_died: [0,8245,com.bbk.appstore]
07-02 20:52:17.359  1319  2352 I am_schedule_service_restart: [0,com.bbk.appstore/.update.AutoUpdateService,1000]
07-02 20:52:18.329  1319  2460 I battery_level: [27,3708,322]
07-02 20:52:18.369  1319  1343 I am_proc_start: [0,8282,10023,com.bbk.appstore,service,com.bbk.appstore/.update.AutoUpdateService]
07-02 20:52:18.399  1319  2355 I am_proc_bound: [0,8282,com.bbk.appstore]
07-02 20:52:33.599  1319  2421 I am_proc_died: [0,8282,com.bbk.appstore]
07-02 20:52:33.599  1319  2421 I am_schedule_service_restart: [0,com.bbk.appstore/.update.AutoUpdateService,1000]
07-02 20:52:33.619  1319  1341 I am_pss  : [8156,10119,com.dangdang.buy2,23087104,16982016]
07-02 20:52:33.629  1319  1341 I am_pss  : [8194,10119,com.dangdang.buy2:pushservice,12428288,7168000]
07-02 20:52:33.639  1319  1341 I am_pss  : [3467,10185,com.tencent.mm:push,21678080,16195584]
07-02 20:52:34.619  1319  1343 I am_proc_start: [0,8313,10023,com.bbk.appstore,service,com.bbk.appstore/.update.AutoUpdateService]
07-02 20:52:34.639  1319  2336 I am_proc_bound: [0,8313,com.bbk.appstore]
07-02 20:52:49.929  1319  2421 I am_proc_died: [0,8313,com.bbk.appstore]
07-02 20:52:49.929  1319  2421 I am_schedule_service_restart: [0,com.bbk.appstore/.update.AutoUpdateService,1000]
07-02 20:52:50.979  1319  1343 I am_proc_start: [0,8343,10023,com.bbk.appstore,service,com.bbk.appstore/.update.AutoUpdateService]
07-02 20:52:51.009  1319  2336 I am_proc_bound: [0,8343,com.bbk.appstore]
07-02 20:53:00.359  1319  1319 I am_proc_start: [0,8371,10113,com.sankuai.meituan:dppushservice,service,com.sankuai.meituan/com.dianping.base.push.pushservice.PushWakeUpJob]
07-02 20:53:00.409  1319  2067 I am_proc_bound: [0,8371,com.sankuai.meituan:dppushservice]
07-02 20:53:06.329  1319  1921 I am_proc_died: [0,8343,com.bbk.appstore]
07-02 20:53:06.339  1319  1921 I am_schedule_service_restart: [0,com.bbk.appstore/.update.AutoUpdateService,1000]
07-02 20:53:07.379  1319  1343 I am_proc_start: [0,8410,10023,com.bbk.appstore,service,com.bbk.appstore/.update.AutoUpdateService]
07-02 20:53:07.429  1319  2348 I am_proc_bound: [0,8410,com.bbk.appstore]
07-02 20:53:10.489  1319  1319 I power_screen_state: [1,0,0,0]
07-02 20:53:10.489  1319  1319 I screen_toggled: 1
07-02 20:53:10.499  1319  1319 I power_screen_broadcast_send: 1
07-02 20:53:10.679   506   506 I sf_frame_dur: [NightPearlView,2,3,2,0,0,2,10]
07-02 20:53:10.689  1319  1319 I power_screen_broadcast_done: [1,193,1]
07-02 20:53:11.369  1319  1319 I sysui_action: [252,false]
07-02 20:53:12.049  1319  1319 I sysui_action: [252,true]
07-02 20:53:12.059  1947  2579 I screen_toggled: 2
07-02 20:53:12.079  1947  1947 I sysui_status_bar_state: [1,0,0,0,1,0]
07-02 20:53:12.089  1319  2352 I am_resume_activity: [0,111805745,3,com.tencent.mm/.plugin.sns.ui.En_424b8e16]
07-02 20:53:12.099  1319  2352 I am_focused_activity: [0,com.tencent.mm/.plugin.sns.ui.En_424b8e16]
07-02 20:53:12.109  1319  1343 I am_broadcast_discard_app: [0,145629098,android.intent.action.USER_PRESENT,0,ResolveInfo{745779b com.jd.jrapp/com.tencent.android.tpush.XGPushReceiver p=2147483647 m=0x108000}]
07-02 20:53:12.109  1319  1343 I am_broadcast_discard_app: [0,145629098,android.intent.action.USER_PRESENT,1,ResolveInfo{fe75738 com.zhongcai500/com.tencent.android.tpush.XGPushReceiver p=2147483647 m=0x108000}]
07-02 20:53:12.109  1319  1343 I am_broadcast_discard_app: [0,145629098,android.intent.action.USER_PRESENT,2,ResolveInfo{f636311 com.gotokeep.keep/com.tencent.android.tpush.XGPushReceiver p=2147483647 m=0x108000}]
07-02 20:53:12.119  1319  2067 I notification_expansion: [0|com.android.bbklog|1|null|1000|0,0,1,859139,859139,0]
07-02 20:53:12.119  2176  2176 I am_on_resume_called: [0,com.tencent.mm.plugin.sns.ui.En_424b8e16]
07-02 20:53:12.129  1319  1343 I am_broadcast_discard_app: [0,145629098,android.intent.action.USER_PRESENT,3,ResolveInfo{456aee4 cn.wps.moffice_eng/cn.wps.moffice.service.receivers.MonitorServiceReceiver p=2147483647 m=0x108000}]
07-02 20:53:12.129  1319  1343 I am_broadcast_discard_app: [0,145629098,android.intent.action.USER_PRESENT,4,ResolveInfo{a8a1f4d com.eg.android.AlipayGphone/com.alipay.pushsdk.BroadcastActionReceiver p=2147483647 m=0x108000}]
07-02 20:53:12.149  1319  2421 I am_broadcast_discard_app: [0,145629098,android.intent.action.USER_PRESENT,7,ResolveInfo{4e6fa02 com.mfw.roadbook/com.eguan.monitor.receiver.SystemStartReceiver p=9999 m=0x108000}]
07-02 20:53:12.229  1319  2343 I am_broadcast_discard_app: [0,145629098,android.intent.action.USER_PRESENT,14,ResolveInfo{2a8eb05 com.UCMobile/com.taobao.accs.EventReceiver m=0x108000}]
07-02 20:53:12.229  1319  1343 I am_broadcast_discard_app: [0,145629098,android.intent.action.USER_PRESENT,16,ResolveInfo{465c75a cn.damai/com.igexin.sdk.PushReceiver m=0x108000}]
07-02 20:53:12.229  1319  1343 I am_broadcast_discard_app: [0,145629098,android.intent.action.USER_PRESENT,17,ResolveInfo{baf7d8b cn.damai/com.taobao.accs.EventReceiver m=0x108000}]
07-02 20:53:12.229  1319  1343 I am_broadcast_discard_app: [0,145629098,android.intent.action.USER_PRESENT,19,ResolveInfo{67afe68 com.taobao.taobao/com.taobao.accs.EventReceiver m=0x108000}]
07-02 20:53:12.229  1319  1343 I am_broadcast_discard_app: [0,145629098,android.intent.action.USER_PRESENT,20,ResolveInfo{8523281 fm.xiami.main/com.taobao.accs.EventReceiver m=0x108000}]
07-02 20:53:12.229  1319  1343 I am_broadcast_discard_app: [0,145629098,android.intent.action.USER_PRESENT,21,ResolveInfo{728ff26 com.qiyi.video/com.baidu.android.pushservice.PushServiceReceiver m=0x108000}]
07-02 20:53:12.229  1319  1343 I am_broadcast_discard_app: [0,145629098,android.intent.action.USER_PRESENT,22,ResolveInfo{7966767 com.qiyi.video/com.iqiyi.pushservice.PushServiceReceiver m=0x108000}]
07-02 20:53:12.229  1319  1343 I am_broadcast_discard_app: [0,145629098,android.intent.action.USER_PRESENT,23,ResolveInfo{f359914 com.qiyi.video/com.iqiyi.hcim.service.BroadcastCenter m=0x108000}]
07-02 20:53:12.229  1319  1343 I am_broadcast_discard_app: [0,145629098,android.intent.action.USER_PRESENT,24,ResolveInfo{7ee75bd com.qiyi.video/com.iqiyi.impushservice.receiver.ImPushServiceReceiver m=0x108000}]
07-02 20:53:12.229  1319  1343 I am_broadcast_discard_app: [0,145629098,android.intent.action.USER_PRESENT,25,ResolveInfo{595e7b2 com.jianshu.haruki/com.igexin.sdk.PushReceiver m=0x108000}]
07-02 20:53:12.229  1319  1343 I am_broadcast_discard_app: [0,145629098,android.intent.action.USER_PRESENT,26,ResolveInfo{3181303 com.autonavi.minimap/com.taobao.accs.EventReceiver m=0x108000}]
07-02 20:53:12.229  1319  1343 I am_broadcast_discard_app: [0,145629098,android.intent.action.USER_PRESENT,27,ResolveInfo{e5d3280 com.baidu.netdisk/com.baidu.android.pushservice.PushServiceReceiver m=0x108000}]
07-02 20:53:12.229  1319  1343 I am_broadcast_discard_app: [0,145629098,android.intent.action.USER_PRESENT,28,ResolveInfo{211b0b9 com.baidu.netdisk/com.baidu.devicesecurity.receiver.DSDeviceAdminReceiver m=0x108000}]
07-02 20:53:12.229  1319  1343 I am_broadcast_discard_app: [0,145629098,android.intent.action.USER_PRESENT,30,ResolveInfo{d76ccfe cn.wps.moffice_eng/com.igexin.sdk.PushReceiver m=0x108000}]
07-02 20:53:12.239  1319  1343 I am_broadcast_discard_app: [0,145629098,android.intent.action.USER_PRESENT,31,ResolveInfo{87edc5f com.dajie.official/com.igexin.sdk.PushReceiver m=0x108000}]
07-02 20:53:12.239  1319  1343 I am_broadcast_discard_app: [0,145629098,android.intent.action.USER_PRESENT,32,ResolveInfo{5a2f6ac com.suning.mobile.ebuy/com.taobao.accs.EventReceiver m=0x108000}]
07-02 20:53:12.239  1319  1343 I am_broadcast_discard_app: [0,145629098,android.intent.action.USER_PRESENT,33,ResolveInfo{2939f75 air.tv.douyu.android/com.igexin.sdk.PushReceiver m=0x108000}]
07-02 20:53:12.239  1319  1343 I am_broadcast_discard_app: [0,145629098,android.intent.action.USER_PRESENT,34,ResolveInfo{ceebb0a com.mfw.roadbook/com.igexin.sdk.PushReceiver m=0x108000}]
07-02 20:53:12.239  1319  1343 I am_broadcast_discard_app: [0,145629098,android.intent.action.USER_PRESENT,35,ResolveInfo{25edf7b com.jingdong.pdj/com.igexin.sdk.PushReceiver m=0x108000}]
07-02 20:53:12.239  1319  1343 I am_broadcast_discard_app: [0,145629098,android.intent.action.USER_PRESENT,36,ResolveInfo{e9ed198 com.mobike.mobikeapp/com.igexin.sdk.PushReceiver m=0x108000}]
07-02 20:53:12.239  1319  1343 I am_broadcast_discard_app: [0,145629098,android.intent.action.USER_PRESENT,37,ResolveInfo{10bbdf1 com.mobike.mobikeapp/com.hyphenate.chat.EMMonitorReceiver m=0x108000}]
07-02 20:53:12.239  1319  1343 I am_broadcast_discard_app: [0,145629098,android.intent.action.USER_PRESENT,38,ResolveInfo{f457dd6 com.duowan.mobile/com.taobao.accs.EventReceiver m=0x108000}]
07-02 20:53:12.239  1319  1343 I am_broadcast_discard_app: [0,145629098,android.intent.action.USER_PRESENT,39,ResolveInfo{671f857 com.movier.magicbox/io.rong.push.PushReceiver m=0x108000}]
07-02 20:53:12.239  1319  1343 I am_broadcast_discard_app: [0,145629098,android.intent.action.USER_PRESENT,40,ResolveInfo{27b6f44 com.youdao.dict/com.youdao.dnscache.net.networktype.NetworkStateReceiver m=0x108000}]
07-02 20:53:12.239  1319  1343 I am_broadcast_discard_app: [0,145629098,android.intent.action.USER_PRESENT,41,ResolveInfo{d0d482d com.panda.videoliveplatform/tv.panda.component.WakeUpReceiver m=0x108000}]
07-02 20:53:12.239  1319  1343 I am_broadcast_discard_app: [0,145629098,android.intent.action.USER_PRESENT,42,ResolveInfo{a73a162 com.hunantv.imgo.activity/com.igexin.sdk.PushReceiver m=0x108000}]
07-02 20:53:12.239  1319  2385 I am_broadcast_discard_app: [0,145629098,android.intent.action.USER_PRESENT,44,ResolveInfo{233c2f3 com.tencent.androidqqmail/com.tencent.qqmail.utilities.qmbroadcastreceiver.QMPushReceiver m=0x108000}]
07-02 20:53:12.389  1319  1341 I am_meminfo: [2945871872,198877184,0,601554944,217465856]
07-02 20:53:12.429  1319  1341 I am_pss  : [2176,10185,com.tencent.mm,144368640,123662336]
07-02 20:53:12.439  1319  1341 I am_pss  : [2208,10147,com.sohu.inputmethod.sogou,63856640,56201216]
07-02 20:53:12.449  1319  1341 I am_pss  : [4266,10076,com.bbk.updater,5859328,4907008]
07-02 20:53:12.459  1319  1341 I am_pss  : [2164,10186,cn.ginshell.bong,27402240,24969216]
07-02 20:53:12.469  1319  1341 I am_pss  : [1881,1000,com.vivo.appfilter,7495680,6631424]
07-02 20:53:12.479  1319  1341 I am_pss  : [2509,10185,com.tencent.mm:recovery,4545536,2547712]
07-02 20:53:12.499  1319  1341 I am_pss  : [3859,10018,com.vivo.browser,19263488,16674816]
07-02 20:53:12.509  1319  1341 I am_pss  : [5184,10185,com.tencent.mm:appbrand0,41309184,25030656]
07-02 20:53:12.529  1319  1341 I am_pss  : [3801,10185,com.tencent.mm:tools,42223616,26644480]
07-02 20:53:12.539  1319  1341 I am_pss  : [4937,1000,com.vivo.abeui,3795968,2977792]
07-02 20:53:12.549  1319  1341 I am_pss  : [1899,10007,android.process.media,38455296,36847616]
07-02 20:53:12.559  1319  1341 I am_pss  : [2062,1000,com.android.settings,29927424,22536192]
07-02 20:53:12.579  1319  1341 I am_pss  : [3749,10003,com.android.contacts,10638336,9256960]
07-02 20:53:12.589  1319  1341 I am_pss  : [5531,10038,com.vivo.weather.provider,9424896,8638464]
07-02 20:53:12.599  1319  1341 I am_pss  : [2785,1000,com.vivo.nail,30514176,26652672]
07-02 20:53:12.609  1319  1341 I am_pss  : [4794,10011,com.android.mms,14906368,12980224]
07-02 20:53:12.619  1319  1341 I am_pss  : [3417,10048,com.vivo.doubletimezoneclock,11269120,10211328]
07-02 20:53:12.639  1319  1341 I am_pss  : [2833,10055,com.iqoo.secure,144877568,135315456]
07-02 20:53:12.649  1319  1341 I am_pss  : [4426,1000,com.qualcomm.qti.RIDL,3061760,2379776]
07-02 20:53:12.659  1319  1341 I am_pss  : [5133,1000,com.vivo.fingerprint,3532800,2809856]
07-02 20:53:12.669  1319  1341 I am_pss  : [2735,1001,com.qualcomm.qcrilmsgtunnel,3845120,3072000]
07-02 20:53:12.679  1319  1341 I am_pss  : [5093,1000,com.qualcomm.qti.biometrics.voiceprint.service,2660352,2023424]
07-02 20:53:12.689  1319  1341 I am_pss  : [2269,1000,com.android.bbklog,6028288,5206016]
07-02 20:53:12.699  1319  1341 I am_pss  : [2501,1000,com.vivo.smartmultiwindow,4422656,3649536]
07-02 20:53:12.709  1319  1341 I am_pss  : [4997,10080,com.android.camera,16669696,14352384]
07-02 20:53:12.719  1319  1341 I am_pss  : [4967,1000,com.qualcomm.qti.GBAHttpAuthentication.auth,2865152,2154496]
07-02 20:53:12.729  1319  1341 I am_pss  : [4931,1000,com.qualcomm.qti.modemtestmode,2812928,2134016]
07-02 20:53:12.739  1319  1341 I am_pss  : [4892,10021,com.vivo.audiofx,3961856,3182592]
07-02 20:53:12.749  1319  1341 I am_pss  : [3777,1001,org.codeaurora.ims,2860032,2109440]
07-02 20:53:12.759  1319  1341 I am_pss  : [3603,1000,com.volte.config,4173824,3248128]
07-02 20:53:12.769  1319  1341 I am_pss  : [4753,10010,com.android.managedprovisioning,2918400,2273280]
07-02 20:53:12.779  1319  1341 I am_pss  : [4722,1000,com.qualcomm.qti.seemp.service:seemp_service,2748416,2093056]
07-02 20:53:12.789  1319  1341 I am_pss  : [4695,1000,com.iqoo.powersaving,3426304,2756608]
07-02 20:53:12.799  1319  1341 I am_pss  : [4402,1000,com.vivo.networkstate,2987008,2310144]
07-02 20:53:12.809  1319  1341 I am_pss  : [3480,10117,com.tencent.mobileqq:MSF,24065024,18817024]
07-02 20:53:12.829  1319  1341 I am_pss  : [4129,1000,com.vivo.nightpearl,36506624,24907776]
07-02 20:53:12.839  1319  1341 I am_pss  : [3557,10117,com.tencent.mobileqq,15782912,10788864]
07-02 20:53:12.849  1319  1341 I am_pss  : [3328,1002,com.android.bluetooth,11784192,9785344]
07-02 20:53:12.859  1319  1341 I am_pss  : [3084,1000,com.qti.service.colorservice,2978816,2236416]
07-02 20:53:12.869  1319  1341 I am_pss  : [2229,10061,com.baidu.map.location,7027712,5722112]
07-02 20:53:12.879  1319  1341 I am_pss  : [2707,10093,com.android.smspush,2734080,2072576]
07-02 20:53:12.899  1319  1341 I am_pss  : [2667,10058,com.vivo.magazine,5484544,4689920]
07-02 20:53:12.919  1319  1341 I am_pss  : [2395,1001,com.android.phone,39854080,34107392]
07-02 20:53:12.929  1319  1341 I am_pss  : [2374,1000,com.vivo.upslide,36547584,33746944]
07-02 20:53:12.939  1319  1341 I am_pss  : [2356,1000,com.qualcomm.qti.tetherservice,4074496,3293184]
07-02 20:53:12.949  1319  1341 I am_pss  : [2338,1000,com.android.server.telecom,6971392,5922816]
07-02 20:53:12.959  1319  1341 I am_pss  : [2314,1000,com.qti.dpmserviceapp,3584000,2867200]
07-02 20:53:12.979  1319  1341 I am_pss  : [2300,1000,com.quicinc.cne.CNEService,5031936,4182016]
07-02 20:53:12.989  1319  1341 I am_pss  : [2290,1000,com.vivo.daemonService,28863488,26398720]
07-02 20:53:12.999  1319  1341 I am_pss  : [2277,1000,com.vivo.abe,35633152,32509952]
07-02 20:53:13.019  1319  1341 I am_pss  : [1947,10017,com.android.systemui,124192768,115519488]
07-02 20:53:13.079  1319  1341 I am_pss  : [1319,1000,system,147707904,138944512]
07-02 20:53:13.579  1319  1343 I am_broadcast_discard_app: [0,6437808,android.net.wifi.RSSI_CHANGED,0,ResolveInfo{2233a29 com.tencent.androidqqmail/com.tencent.qqmail.utilities.qmbroadcastreceiver.WifiChangeReceiver m=0x108000}]
07-02 20:53:15.259  1319  1914 I am_home_stack_moved: [0,0,1,1,sourceStackToFront]
07-02 20:53:15.259  1319  1914 I wm_task_moved: [3,1,0]
07-02 20:53:15.259  1319  1914 I am_create_activity: [0,158233006,3,com.tencent.mm/.plugin.sns.ui.SnsBrowseUI,NULL,NULL,NULL,0]
07-02 20:53:15.259  1319  1914 I am_pause_activity: [0,111805745,com.tencent.mm/.plugin.sns.ui.En_424b8e16]
07-02 20:53:15.259  1319  1914 I am_home_stack_moved: [0,0,1,1,startedActivity setFocusedActivity]
07-02 20:53:15.259  1319  1914 I wm_task_moved: [3,1,0]
07-02 20:53:15.269  1319  1914 I am_focused_activity: [0,com.tencent.mm/.plugin.sns.ui.SnsBrowseUI]
07-02 20:53:15.299  2176  2176 I am_on_paused_called: [0,com.tencent.mm.plugin.sns.ui.En_424b8e16]
07-02 20:53:15.299  1319  1339 I am_restart_activity: [0,158233006,3,com.tencent.mm/.plugin.sns.ui.SnsBrowseUI]
07-02 20:53:15.309  1319  1339 I am_focused_activity: [0,com.tencent.mm/.plugin.sns.ui.SnsBrowseUI]
07-02 20:53:15.379  2176  2176 I am_on_resume_called: [0,com.tencent.mm.plugin.sns.ui.SnsBrowseUI]
07-02 20:53:15.479  1319  1402 I am_activity_launch_time: [0,158233006,com.tencent.mm/.plugin.sns.ui.SnsBrowseUI,177,177]
07-02 20:53:16.589  1319  1343 I am_broadcast_discard_app: [0,78684766,android.net.wifi.RSSI_CHANGED,0,ResolveInfo{361f63f com.tencent.androidqqmail/com.tencent.qqmail.utilities.qmbroadcastreceiver.WifiChangeReceiver m=0x108000}]
07-02 20:53:19.599  1319  1343 I am_broadcast_discard_app: [0,225917708,android.net.wifi.RSSI_CHANGED,0,ResolveInfo{709fc55 com.tencent.androidqqmail/com.tencent.qqmail.utilities.qmbroadcastreceiver.WifiChangeReceiver m=0x108000}]
07-02 20:53:20.819  1319  2067 I am_finish_activity: [0,158233006,3,com.tencent.mm/.plugin.sns.ui.SnsBrowseUI,app-request]
07-02 20:53:20.829  1319  2067 I am_home_stack_moved: [0,0,1,1,finishActivity adjustFocus setFocusedActivity]
07-02 20:53:20.829  1319  2067 I wm_task_moved: [3,1,0]
07-02 20:53:20.829  1319  2067 I am_focused_activity: [0,com.tencent.mm/.plugin.sns.ui.En_424b8e16]
07-02 20:53:20.839  1319  2067 I am_pause_activity: [0,158233006,com.tencent.mm/.plugin.sns.ui.SnsBrowseUI]
07-02 20:53:20.859  2176  2176 I am_on_paused_called: [0,com.tencent.mm.plugin.sns.ui.SnsBrowseUI]
07-02 20:53:20.869  1319  2336 I am_resume_activity: [0,111805745,3,com.tencent.mm/.plugin.sns.ui.En_424b8e16]
07-02 20:53:20.879  1319  2336 I am_focused_activity: [0,com.tencent.mm/.plugin.sns.ui.En_424b8e16]
07-02 20:53:20.889  2176  2176 I am_on_resume_called: [0,com.tencent.mm.plugin.sns.ui.En_424b8e16]
07-02 20:53:20.889  1319  1341 I am_pss  : [8371,10113,com.sankuai.meituan:dppushservice,25290752,22417408]
07-02 20:53:20.909  1319  1341 I am_pss  : [2877,10055,com.iqoo.secure:remote,28475392,23945216]
07-02 20:53:20.919  1319  2352 I am_destroy_activity: [0,158233006,3,com.tencent.mm/.plugin.sns.ui.SnsBrowseUI,finish-imm]
07-02 20:53:20.929   506   506 I sf_frame_dur: [com.tencent.mm/com.tencent.mm.plugin.sns.ui.SnsBrowseUI,86,4,0,0,0,2,1]
07-02 20:53:22.619  1319  1343 I am_broadcast_discard_app: [0,128085559,android.net.wifi.RSSI_CHANGED,0,ResolveInfo{347dfa4 com.tencent.androidqqmail/com.tencent.qqmail.utilities.qmbroadcastreceiver.WifiChangeReceiver m=0x108000}]
07-02 20:53:22.619  1319  2393 I am_proc_died: [0,8410,com.bbk.appstore]
07-02 20:53:22.619  1319  2393 I am_schedule_service_restart: [0,com.bbk.appstore/.update.AutoUpdateService,1000]
07-02 20:53:22.659  1319  1341 I am_pss  : [2176,10185,com.tencent.mm,169528320,142573568]
07-02 20:53:22.679  1319  1341 I am_pss  : [3467,10185,com.tencent.mm:push,21737472,16351232]
07-02 20:53:23.649  1319  1343 I am_proc_start: [0,8513,10023,com.bbk.appstore,service,com.bbk.appstore/.update.AutoUpdateService]
07-02 20:53:23.669  1319  2306 I am_proc_bound: [0,8513,com.bbk.appstore]
07-02 20:53:25.629  1319  1343 I am_broadcast_discard_app: [0,79734718,android.net.wifi.RSSI_CHANGED,0,ResolveInfo{417801f com.tencent.androidqqmail/com.tencent.qqmail.utilities.qmbroadcastreceiver.WifiChangeReceiver m=0x108000}]
07-02 20:53:28.659  1319  1343 I am_broadcast_discard_app: [0,235220844,android.net.wifi.RSSI_CHANGED,0,ResolveInfo{6304935 com.tencent.androidqqmail/com.tencent.qqmail.utilities.qmbroadcastreceiver.WifiChangeReceiver m=0x108000}]
07-02 20:53:31.679  1319  1343 I am_broadcast_discard_app: [0,215712202,android.net.wifi.RSSI_CHANGED,0,ResolveInfo{73dff3b com.tencent.androidqqmail/com.tencent.qqmail.utilities.qmbroadcastreceiver.WifiChangeReceiver m=0x108000}]
07-02 20:53:31.709  1319  1341 I am_pss  : [2116,10057,com.bbk.iqoo.logsystem,9495552,8044544]
07-02 20:53:34.689  1319  1319 I free_storage_changed: 23201345536
07-02 20:53:34.709  1319  1343 I am_broadcast_discard_app: [0,197908056,android.net.wifi.RSSI_CHANGED,0,ResolveInfo{12943b1 com.tencent.androidqqmail/com.tencent.qqmail.utilities.qmbroadcastreceiver.WifiChangeReceiver m=0x108000}]
07-02 20:53:34.739  1319  1341 I am_pss  : [2208,10147,com.sohu.inputmethod.sogou,63894528,56229888]
07-02 20:53:34.759  1319  1341 I am_pss  : [3651,10185,com.tencent.mm:exdevice,19030016,12480512]
