07-02 20:38:48.164  1319  2352 I am_proc_start: [0,4426,1000,com.qualcomm.qti.RIDL,broadcast,com.qualcomm.qti.RIDL/.cBroadcastReceiver]
07-02 20:38:48.204  1319  1340 I am_proc_bound: [0,4426,com.qualcomm.qti.RIDL]
07-02 20:38:48.244  1319  2336 I am_proc_start: [0,4442,10033,com.bbk.theme.networkChange,broadcast,com.bbk.theme/.download.ThemeReceiver]
07-02 20:38:48.264  1319  1339 I am_proc_bound: [0,4442,com.bbk.theme.networkChange]
07-02 20:38:48.404  1319  2421 I am_proc_died: [0,4442,com.bbk.theme.networkChange]
07-02 20:38:48.404  1319  2421 I am_broadcast_discard_app: [0,237774365,android.net.conn.CONNECTIVITY_CHANGE,41,ResolveInfo{1ddafa com.bbk.theme/.download.ThemeReceiver m=0x108000}]
07-02 20:38:48.414  1319  1343 I am_proc_start: [0,4457,10050,com.vivo.findphone,broadcast,com.vivo.findphone/.BootBroadcastReceiver]
07-02 20:38:48.434  1319  2067 I am_proc_bound: [0,4457,com.vivo.findphone]
07-02 20:38:48.444  1319  1341 I am_pss  : [2667,10058,com.vivo.magazine,5305344,4476928]
07-02 20:38:48.494  1319  2336 I am_proc_died: [0,4457,com.vivo.findphone]
07-02 20:38:48.524  1319  1339 I am_broadcast_discard_app: [0,237774365,android.net.conn.CONNECTIVITY_CHANGE,46,ResolveInfo{50192a1 com.UCMobile/com.taobao.accs.EventReceiver m=0x108000}]
07-02 20:38:48.524  1319  1343 I am_broadcast_discard_app: [0,237774365,android.net.conn.CONNECTIVITY_CHANGE,47,ResolveInfo{5deacc6 com.jd.jrapp/com.robile.push.JDPushReceiver m=0x108000}]
07-02 20:38:48.524  1319  1343 I am_broadcast_discard_app: [0,237774365,android.net.conn.CONNECTIVITY_CHANGE,48,ResolveInfo{f981487 cmb.pb/.uiservice.util.UpdataBroadcastReceiver m=0x108000}]
07-02 20:38:48.524  1319  1343 I am_broadcast_discard_app: [0,237774365,android.net.conn.CONNECTIVITY_CHANGE,49,ResolveInfo{16c0fb4 cmb.pb/com.feinno.teatalk.receiver.NetWorkChangeReceiver m=0x108000}]
07-02 20:38:48.524  1319  1343 I am_broadcast_discard_app: [0,237774365,android.net.conn.CONNECTIVITY_CHANGE,50,ResolveInfo{103b7dd cn.damai/com.igexin.sdk.PushReceiver m=0x108000}]
07-02 20:38:48.524  1319  1343 I am_broadcast_discard_app: [0,237774365,android.net.conn.CONNECTIVITY_CHANGE,51,ResolveInfo{288cf52 cn.damai/com.igexin.download.DownloadReceiver m=0x108000}]
07-02 20:38:48.524  1319  1343 I am_broadcast_discard_app: [0,237774365,android.net.conn.CONNECTIVITY_CHANGE,52,ResolveInfo{ed77223 cn.damai/com.taobao.accs.EventReceiver m=0x108000}]
07-02 20:38:48.524  1319  1343 I am_broadcast_discard_app: [0,237774365,android.net.conn.CONNECTIVITY_CHANGE,53,ResolveInfo{947320 com.tencent.qqlive/com.huawei.android.pushagent.PushBootReceiver m=0x108000}]
07-02 20:38:48.524  1319  1343 I am_broadcast_discard_app: [0,237774365,android.net.conn.CONNECTIVITY_CHANGE,54,ResolveInfo{508f4d9 com.zhongcai500/com.host.receiver.NetChangeReceiver m=0x108000}]
07-02 20:38:48.524  1319  1343 I am_broadcast_discard_app: [0,237774365,android.net.conn.CONNECTIVITY_CHANGE,55,ResolveInfo{8408e9e com.taobao.taobao/com.taobao.accs.EventReceiver m=0x108000}]
07-02 20:38:48.524  1319  1343 I am_broadcast_discard_app: [0,237774365,android.net.conn.CONNECTIVITY_CHANGE,56,ResolveInfo{b250d7f fm.xiami.main/com.taobao.accs.EventReceiver m=0x108000}]
07-02 20:38:48.524  1319  1343 I am_broadcast_discard_app: [0,237774365,android.net.conn.CONNECTIVITY_CHANGE,57,ResolveInfo{81da14c fm.xiami.main/com.taobao.orange.receiver.OrangeReceiver m=0x108000}]
07-02 20:38:48.524  1319  1343 I am_broadcast_discard_app: [0,237774365,android.net.conn.CONNECTIVITY_CHANGE,58,ResolveInfo{88b0595 com.sina.weibo/.bundlemanager.WBBroadcastDeliver m=0x108000}]
07-02 20:38:48.524  1319  1343 I am_broadcast_discard_app: [0,237774365,android.net.conn.CONNECTIVITY_CHANGE,59,ResolveInfo{522f6aa com.sina.weibo/com.sina.push.receiver.PushSDKReceiver m=0x108000}]
07-02 20:38:48.524  1319  1343 I am_broadcast_discard_app: [0,237774365,android.net.conn.CONNECTIVITY_CHANGE,60,ResolveInfo{887029b com.sina.weibo/.localpush.BootRemoteReceiver m=0x108000}]
07-02 20:38:48.524  1319  1343 I am_broadcast_discard_app: [0,237774365,android.net.conn.CONNECTIVITY_CHANGE,61,ResolveInfo{3298638 com.sina.weibo/.ConnectivityReceiver m=0x108000}]
07-02 20:38:48.534  1319  1343 I am_broadcast_discard_app: [0,237774365,android.net.conn.CONNECTIVITY_CHANGE,62,ResolveInfo{6e36611 com.sina.weibo/com.huawei.android.pushagent.PushBootReceiver m=0x108000}]
07-02 20:38:48.534  1319  1343 I am_broadcast_discard_app: [0,237774365,android.net.conn.CONNECTIVITY_CHANGE,63,ResolveInfo{a11d376 com.hexin.plat.android/com.huawei.android.pushagent.PushBootReceiver m=0x108000}]
07-02 20:38:48.534  1319  1343 I am_broadcast_discard_app: [0,237774365,android.net.conn.CONNECTIVITY_CHANGE,64,ResolveInfo{b492d77 com.hexin.plat.android/.ConnectionChangeReceiver m=0x108000}]
07-02 20:38:48.534  1319  1343 I am_broadcast_discard_app: [0,237774365,android.net.conn.CONNECTIVITY_CHANGE,65,ResolveInfo{b0ccde4 com.qiyi.video/org.qiyi.android.corejar.deliver.heartbeat.HeartBeatReceiver m=0x108000}]
07-02 20:38:48.534  1319  1343 I am_broadcast_discard_app: [0,237774365,android.net.conn.CONNECTIVITY_CHANGE,66,ResolveInfo{d87524d com.qiyi.video/org.qiyi.android.commonphonepad.pushmessage.baidu.PushMsgBroadCastReceiver m=0x108000}]
07-02 20:38:48.534  1319  1343 I am_broadcast_discard_app: [0,237774365,android.net.conn.CONNECTIVITY_CHANGE,67,ResolveInfo{23fb102 com.qiyi.video/org.qiyi.android.commonphonepad.receiver.QiMoBordcast m=0x108000}]
07-02 20:38:48.534  1319  1343 I am_broadcast_discard_app: [0,237774365,android.net.conn.CONNECTIVITY_CHANGE,68,ResolveInfo{6992a13 com.qiyi.video/com.baidu.android.pushservice.PushServiceReceiver m=0x108000}]
07-02 20:38:48.534  1319  1343 I am_broadcast_discard_app: [0,237774365,android.net.conn.CONNECTIVITY_CHANGE,69,ResolveInfo{7bae450 com.qiyi.video/org.qiyi.android.video.ui.phone.traffic.receiver.TrafficReceiver m=0x108000}]
07-02 20:38:48.534  1319  1343 I am_broadcast_discard_app: [0,237774365,android.net.conn.CONNECTIVITY_CHANGE,70,ResolveInfo{203c649 com.qiyi.video/com.huawei.android.pushagent.PushBootReceiver m=0x108000}]
07-02 20:38:48.534  1319  1343 I am_broadcast_discard_app: [0,237774365,android.net.conn.CONNECTIVITY_CHANGE,71,ResolveInfo{77bdb4e com.qiyi.video/com.iqiyi.pushservice.PushServiceReceiver m=0x108000}]
07-02 20:38:48.534  1319  1343 I am_broadcast_discard_app: [0,237774365,android.net.conn.CONNECTIVITY_CHANGE,72,ResolveInfo{8e2546f com.qiyi.video/com.iqiyi.hcim.service.BroadcastCenter m=0x108000}]
07-02 20:38:48.534  1319  1343 I am_broadcast_discard_app: [0,237774365,android.net.conn.CONNECTIVITY_CHANGE,73,ResolveInfo{af1f57c com.qiyi.video/com.iqiyi.impushservice.receiver.ImPushServiceReceiver m=0x108000}]
07-02 20:38:48.534  1319  1343 I am_broadcast_discard_app: [0,237774365,android.net.conn.CONNECTIVITY_CHANGE,74,ResolveInfo{bb97e05 com.jianshu.haruki/com.igexin.sdk.PushReceiver m=0x108000}]
07-02 20:38:48.534  1319  1343 I am_broadcast_discard_app: [0,237774365,android.net.conn.CONNECTIVITY_CHANGE,75,ResolveInfo{f3e5e5a com.jianshu.haruki/com.igexin.download.DownloadReceiver m=0x108000}]
07-02 20:38:48.534  1319  1343 I am_broadcast_discard_app: [0,237774365,android.net.conn.CONNECTIVITY_CHANGE,76,ResolveInfo{1e9c88b com.autonavi.minimap/.app.WakeupReceiver m=0x108000}]
07-02 20:38:48.534  1319  1343 I am_broadcast_discard_app: [0,237774365,android.net.conn.CONNECTIVITY_CHANGE,77,ResolveInfo{226ed68 com.autonavi.minimap/com.taobao.accs.EventReceiver m=0x108000}]
07-02 20:38:48.544  1319  1914 I am_broadcast_discard_app: [0,237774365,android.net.conn.CONNECTIVITY_CHANGE,79,ResolveInfo{d58f581 com.sohu.inputmethod.sogou/com.sogou.androidtool.receiver.SupportReceiver m=0x108000}]
07-02 20:38:48.544  1319  1343 I am_broadcast_discard_app: [0,237774365,android.net.conn.CONNECTIVITY_CHANGE,80,ResolveInfo{c740626 com.baidu.netdisk/com.baidu.android.pushservice.PushServiceReceiver m=0x108000}]
07-02 20:38:48.544  1319  1343 I am_broadcast_discard_app: [0,237774365,android.net.conn.CONNECTIVITY_CHANGE,81,ResolveInfo{eaa6267 com.baidu.netdisk/.device.devicesecurity.DSBootCompleteReceiver m=0x108000}]
07-02 20:38:48.544  1319  1343 I am_broadcast_discard_app: [0,237774365,android.net.conn.CONNECTIVITY_CHANGE,82,ResolveInfo{b317814 com.baidu.netdisk/com.baidu.cyberplayer.dlna.NetworkChangeReceiver m=0x108000}]
07-02 20:38:48.584  1319  1341 I am_pss  : [2707,10093,com.android.smspush,2724864,2056192]
07-02 20:38:49.554  1319  1341 I am_pss  : [2785,1000,com.vivo.nail,31730688,27459584]
07-02 20:38:49.574  1319  1341 I am_pss  : [2735,1001,com.qualcomm.qcrilmsgtunnel,3178496,2453504]
07-02 20:38:50.304  1319  2421 I am_proc_died: [0,3870,com.vivo.game]
07-02 20:38:50.304  1319  2421 I am_schedule_service_restart: [0,com.vivo.game/.update.GameReceiverService,1000]
07-02 20:38:50.304  1319  2421 I am_schedule_service_restart: [0,com.vivo.game/com.vivo.push.sdk.service.CommandService,1000]
07-02 20:38:50.334  1319  2421 I am_proc_start: [0,4491,10101,com.vivo.game,service,com.vivo.game/com.vivo.push.sdk.service.CommandService]
07-02 20:38:50.374  1319  2067 I am_proc_bound: [0,4491,com.vivo.game]
07-02 20:38:50.384  1319  2381 I am_broadcast_discard_app: [0,237774365,android.net.conn.CONNECTIVITY_CHANGE,84,ResolveInfo{2bc4228 com.gotokeep.keep/.refactor.common.receiver.NetworkChangeReceiver m=0x108000}]
07-02 20:38:50.384  1319  1343 I am_broadcast_discard_app: [0,237774365,android.net.conn.CONNECTIVITY_CHANGE,85,ResolveInfo{2f48e6 com.gotokeep.keep/.service.outdoor.receiver.WakeUpReceiver m=0x108000}]
07-02 20:38:50.394  1319  1343 I am_broadcast_discard_app: [0,237774365,android.net.conn.CONNECTIVITY_CHANGE,86,ResolveInfo{6a758d4 cn.wps.moffice_eng/com.igexin.sdk.PushReceiver m=0x108000}]
07-02 20:38:50.394  1319  1343 I am_broadcast_discard_app: [0,237774365,android.net.conn.CONNECTIVITY_CHANGE,87,ResolveInfo{a499a7d com.dajie.official/.receivers.NetworkStateChangeReceiver m=0x108000}]
07-02 20:38:50.394  1319  1343 I am_broadcast_discard_app: [0,237774365,android.net.conn.CONNECTIVITY_CHANGE,88,ResolveInfo{8170d72 com.dajie.official/com.igexin.sdk.PushReceiver m=0x108000}]
07-02 20:38:50.394  1319  1343 I am_broadcast_discard_app: [0,237774365,android.net.conn.CONNECTIVITY_CHANGE,89,ResolveInfo{15a5c3 com.dajie.official/com.igexin.download.DownloadReceiver m=0x108000}]
07-02 20:38:50.394  1319  1343 I am_broadcast_discard_app: [0,237774365,android.net.conn.CONNECTIVITY_CHANGE,90,ResolveInfo{98b2e40 com.wepie.wespy/com.alibaba.sdk.android.feedback.impl.NetworkChangeReceiver m=0x108000}]
07-02 20:38:50.394  1319  1343 I am_broadcast_discard_app: [0,237774365,android.net.conn.CONNECTIVITY_CHANGE,91,ResolveInfo{dda6179 com.dotamax.app/cn.jpush.android.service.PushReceiver m=0x108000}]
07-02 20:38:50.394  1319  1343 I am_broadcast_discard_app: [0,237774365,android.net.conn.CONNECTIVITY_CHANGE,92,ResolveInfo{c448ebe com.suning.mobile.ebuy/.base.host.push.ui.NetChangeReceiver m=0x108000}]
07-02 20:38:50.394  1319  1343 I am_broadcast_discard_app: [0,237774365,android.net.conn.CONNECTIVITY_CHANGE,93,ResolveInfo{1a2db1f com.suning.mobile.ebuy/.base.host.pushmessage.PushReceiver m=0x108000}]
07-02 20:38:50.404  1319  1343 I am_broadcast_discard_app: [0,237774365,android.net.conn.CONNECTIVITY_CHANGE,94,ResolveInfo{636d8ca com.suning.mobile.ebuy/com.suning.cloud.push.pushservice.PushServiceReceiver m=0x108000}]
07-02 20:38:50.404  1319  1343 I am_broadcast_discard_app: [0,237774365,android.net.conn.CONNECTIVITY_CHANGE,95,ResolveInfo{1a40a3b com.suning.mobile.ebuy/com.taobao.accs.EventReceiver m=0x108000}]
07-02 20:38:50.404  1319  1343 I am_broadcast_discard_app: [0,237774365,android.net.conn.CONNECTIVITY_CHANGE,96,ResolveInfo{2988558 com.immomo.momo/.android.service.NetworkChangeReceiver m=0x108000}]
07-02 20:38:50.404  1319  1343 I am_broadcast_discard_app: [0,237774365,android.net.conn.CONNECTIVITY_CHANGE,97,ResolveInfo{da1c6b1 com.immomo.momo/com.immomo.thirdparty.umeng.message.SystemReceiver m=0x108000}]
07-02 20:38:50.404  1319  1343 I am_broadcast_discard_app: [0,237774365,android.net.conn.CONNECTIVITY_CHANGE,98,ResolveInfo{651b796 air.tv.douyu.android/tv.douyu.framework.broadcast.ConnectionActionReceiver m=0x108000}]
07-02 20:38:50.414  1319  1343 I am_broadcast_discard_app: [0,237774365,android.net.conn.CONNECTIVITY_CHANGE,99,ResolveInfo{abf0f17 air.tv.douyu.android/com.tencent.qalsdk.core.NetConnInfoCenter m=0x108000}]
07-02 20:38:50.414  1319  1343 I am_broadcast_discard_app: [0,237774365,android.net.conn.CONNECTIVITY_CHANGE,100,ResolveInfo{cbc9f04 air.tv.douyu.android/com.igexin.sdk.PushReceiver m=0x108000}]
07-02 20:38:50.424  1319  1343 I am_broadcast_discard_app: [0,237774365,android.net.conn.CONNECTIVITY_CHANGE,101,ResolveInfo{dbeca0f air.tv.douyu.android/com.igexin.download.DownloadReceiver m=0x108000}]
07-02 20:38:50.424  1319  1343 I am_broadcast_discard_app: [0,237774365,android.net.conn.CONNECTIVITY_CHANGE,102,ResolveInfo{266ca9c com.mfw.roadbook/com.igexin.sdk.PushReceiver m=0x108000}]
07-02 20:38:50.434  1319  1343 I am_broadcast_discard_app: [0,237774365,android.net.conn.CONNECTIVITY_CHANGE,103,ResolveInfo{827fca5 com.mfw.roadbook/com.igexin.download.DownloadReceiver m=0x108000}]
07-02 20:38:50.434  1319  1343 I am_broadcast_discard_app: [0,237774365,android.net.conn.CONNECTIVITY_CHANGE,104,ResolveInfo{563f488 com.jingdong.pdj/com.igexin.sdk.PushReceiver m=0x108000}]
07-02 20:38:50.444  1319  1343 I am_broadcast_discard_app: [0,237774365,android.net.conn.CONNECTIVITY_CHANGE,105,ResolveInfo{4abec07 com.jingdong.pdj/com.igexin.download.DownloadReceiver m=0x108000}]
07-02 20:38:50.444  1319  1343 I am_broadcast_discard_app: [0,237774365,android.net.conn.CONNECTIVITY_CHANGE,106,ResolveInfo{387d134 com.mobike.mobikeapp/com.igexin.sdk.PushReceiver m=0x108000}]
07-02 20:38:50.444  1319  1343 I am_broadcast_discard_app: [0,237774365,android.net.conn.CONNECTIVITY_CHANGE,107,ResolveInfo{4ca1b5d com.mobike.mobikeapp/com.igexin.download.DownloadReceiver m=0x108000}]
07-02 20:38:50.444  1319  1343 I am_broadcast_discard_app: [0,237774365,android.net.conn.CONNECTIVITY_CHANGE,108,ResolveInfo{5522cd2 com.duowan.mobile/com.huawei.android.pushagent.PushBootReceiver m=0x108000}]
07-02 20:38:50.444  1319  1343 I am_broadcast_discard_app: [0,237774365,android.net.conn.CONNECTIVITY_CHANGE,109,ResolveInfo{a1141a3 com.duowan.mobile/com.yy.pushsvc.WakeUpReceiver m=0x108000}]
07-02 20:38:50.444  1319  1343 I am_broadcast_discard_app: [0,237774365,android.net.conn.CONNECTIVITY_CHANGE,110,ResolveInfo{26acca0 com.duowan.mobile/com.yy.mobile.backgroundprocess.processprotecter.BackgroundProcessBroadcastReveiver m=0x108000}]
07-02 20:38:50.444  1319  1343 I am_broadcast_discard_app: [0,237774365,android.net.conn.CONNECTIVITY_CHANGE,111,ResolveInfo{5921059 com.duowan.mobile/com.taobao.accs.EventReceiver m=0x108000}]
07-02 20:38:50.444  1319  1343 I am_broadcast_discard_app: [0,237774365,android.net.conn.CONNECTIVITY_CHANGE,112,ResolveInfo{e02441e cn.ginshell.bong/com.umeng.message.SystemReceiver m=0x108000}]
07-02 20:38:50.504  1319  2348 I am_broadcast_discard_app: [0,237774365,android.net.conn.CONNECTIVITY_CHANGE,114,ResolveInfo{ec1e4f7 com.movier.magicbox/io.rong.push.PushReceiver m=0x108000}]
07-02 20:38:50.504  1319  1343 I am_broadcast_discard_app: [0,237774365,android.net.conn.CONNECTIVITY_CHANGE,115,ResolveInfo{76d95cd com.movier.magicbox/com.alibaba.sdk.android.feedback.impl.NetworkChangeReceiver m=0x108000}]
07-02 20:38:50.514  1319  1343 I am_broadcast_discard_app: [0,237774365,android.net.conn.CONNECTIVITY_CHANGE,116,ResolveInfo{1a5d993 com.mmmono.starcity/com.tencent.msdk.dns.HttpDnsCache$ConnectivityChangeReceiver m=0x108000}]
07-02 20:38:50.514  1319  1343 I am_broadcast_discard_app: [0,237774365,android.net.conn.CONNECTIVITY_CHANGE,117,ResolveInfo{69a9dd0 com.youdao.dict/com.youdao.sdk.common.YouDaoTrackerReceiver m=0x108000}]
07-02 20:38:50.514  1319  1343 I am_broadcast_discard_app: [0,237774365,android.net.conn.CONNECTIVITY_CHANGE,118,ResolveInfo{acac1c9 com.youdao.dict/com.youdao.mdict.push.util.PushAwakeReceiver m=0x108000}]
07-02 20:38:50.514  1319  1343 I am_broadcast_discard_app: [0,237774365,android.net.conn.CONNECTIVITY_CHANGE,119,ResolveInfo{cca7bef com.youdao.dict/com.youdao.downloadprovider.receiver.DownloadReceiver m=0x108000}]
07-02 20:38:50.514  1319  1343 I am_broadcast_discard_app: [0,237774365,android.net.conn.CONNECTIVITY_CHANGE,120,ResolveInfo{dd3c6fc com.youdao.dict/com.youdao.dnscache.net.networktype.NetworkStateReceiver m=0x108000}]
07-02 20:38:50.514  1319  1343 I am_broadcast_discard_app: [0,237774365,android.net.conn.CONNECTIVITY_CHANGE,121,ResolveInfo{cb4b185 com.youdao.dict/com.netease.nimlib.service.NimReceiver m=0x108000}]
07-02 20:38:50.514  1319  1343 I am_broadcast_discard_app: [0,237774365,android.net.conn.CONNECTIVITY_CHANGE,122,ResolveInfo{8e44bda com.panda.videoliveplatform/com.umeng.message.SystemReceiver m=0x108000}]
07-02 20:38:50.514  1319  1343 I am_broadcast_discard_app: [0,237774365,android.net.conn.CONNECTIVITY_CHANGE,123,ResolveInfo{cece80b com.panda.videoliveplatform/tv.panda.component.WakeUpReceiver m=0x108000}]
07-02 20:38:50.514  1319  1343 I am_broadcast_discard_app: [0,237774365,android.net.conn.CONNECTIVITY_CHANGE,124,ResolveInfo{31456e8 com.hunantv.imgo.activity/com.igexin.sdk.PushReceiver m=0x108000}]
07-02 20:38:50.524  1319  1343 I am_broadcast_discard_app: [0,237774365,android.net.conn.CONNECTIVITY_CHANGE,125,ResolveInfo{193e101 com.hunantv.imgo.activity/com.igexin.download.DownloadReceiver m=0x108000}]
07-02 20:38:50.524  1319  1343 I am_broadcast_discard_app: [0,237774365,android.net.conn.CONNECTIVITY_CHANGE,126,ResolveInfo{37ff9e7 com.hunantv.imgo.activity/com.hunantv.imgo.receiver.NetWorkChangeReceiver m=0x108000}]
07-02 20:38:50.524  1319  1343 I am_broadcast_discard_app: [0,237774365,android.net.conn.CONNECTIVITY_CHANGE,127,ResolveInfo{b4bf994 com.hunantv.imgo.activity/com.mangogamehall.receiver.GHWifiStateReceiver m=0x108000}]
07-02 20:38:50.524  1319  1343 I am_broadcast_discard_app: [0,237774365,android.net.conn.CONNECTIVITY_CHANGE,128,ResolveInfo{1dc8c3d com.hunantv.imgo.activity/com.hunantv.mglive.common.NetworkChangedBroadcastReceiver m=0x108000}]
07-02 20:38:50.534  1319  1343 I am_broadcast_discard_app: [0,237774365,android.net.conn.CONNECTIVITY_CHANGE,129,ResolveInfo{c484d83 com.sankuai.meituan/.notify.NetworkChangeReceiver m=0x108000}]
07-02 20:38:50.544  1319  1914 I am_broadcast_discard_app: [0,237774365,android.net.conn.CONNECTIVITY_CHANGE,131,ResolveInfo{806297e com.tencent.androidqqmail/com.tencent.qqmail.utilities.qmbroadcastreceiver.QMMainNetworkReceiver m=0x108000}]
07-02 20:38:50.544  1319  1343 I am_broadcast_discard_app: [0,237774365,android.net.conn.CONNECTIVITY_CHANGE,132,ResolveInfo{b83edf com.tencent.androidqqmail/com.tencent.qqmail.utilities.qmbroadcastreceiver.QMPushNetworkReceiver m=0x108000}]
07-02 20:38:50.794  1319  1341 I am_pss  : [2560,10141,com.dotamax.app:pushservice,11574272,7323648]
07-02 20:38:50.884  1319  1341 I am_pss  : [2808,10141,com.dotamax.app:mult,7975936,3874816]
07-02 20:38:50.994  1319  1341 I am_pss  : [3084,1000,com.qti.service.colorservice,2976768,2232320]
07-02 20:38:51.054  1319  2421 I am_proc_start: [0,4539,10050,com.vivo.findphone,broadcast,com.vivo.findphone/.BootBroadcastReceiver]
07-02 20:38:51.084  1319  2336 I am_proc_bound: [0,4539,com.vivo.findphone]
07-02 20:38:51.134  1319  2067 I am_broadcast_discard_app: [0,196114375,android.intent.action.SIM_STATE_CHANGED,12,ResolveInfo{98bd1f4 com.duowan.mobile/com.yy.pushsvc.WakeUpReceiver m=0x108000}]
07-02 20:38:51.154  1319  1343 I am_proc_start: [0,4554,10141,com.dotamax.app,broadcast,com.dotamax.app/com.max.app.module.welcome.MIUiNotificationReceiver]
07-02 20:38:51.194  1319  2385 I am_proc_bound: [0,4554,com.dotamax.app]
07-02 20:38:51.214  1319  2067 I am_proc_died: [0,4539,com.vivo.findphone]
07-02 20:38:51.674  1319  1339 I am_broadcast_discard_app: [0,114202449,android.net.wifi.RSSI_CHANGED,0,ResolveInfo{1b74bb6 com.tencent.androidqqmail/com.tencent.qqmail.utilities.qmbroadcastreceiver.WifiChangeReceiver m=0x108000}]
07-02 20:38:51.674  1319  1343 I am_broadcast_discard_app: [0,148955319,android.net.wifi.RSSI_CHANGED,0,ResolveInfo{c1a024 com.tencent.androidqqmail/com.tencent.qqmail.utilities.qmbroadcastreceiver.WifiChangeReceiver m=0x108000}]
07-02 20:38:51.794  1319  2352 I am_proc_start: [0,4599,1000,com.bbk.SuperPowerSave,broadcast,com.bbk.SuperPowerSave/.BReceiver]
07-02 20:38:51.814  1319  2393 I am_proc_bound: [0,4599,com.bbk.SuperPowerSave]
07-02 20:38:51.854  1319  2460 I am_broadcast_discard_app: [0,18110349,android.intent.action.BOOT_COMPLETED,4,ResolveInfo{c646d42 com.jd.jrapp/com.tencent.android.tpush.XGPushReceiver p=2147483647 m=0x108000}]
07-02 20:38:51.854  1319  1343 I am_broadcast_discard_app: [0,18110349,android.intent.action.BOOT_COMPLETED,5,ResolveInfo{318d153 com.zhongcai500/com.tencent.android.tpush.XGPushReceiver p=2147483647 m=0x108000}]
07-02 20:38:51.864  1319  2067 I am_broadcast_discard_app: [0,18110349,android.intent.action.BOOT_COMPLETED,7,ResolveInfo{a8a9a90 com.eg.android.AlipayGphone/com.alipay.pushsdk.BroadcastActionReceiver p=2147483647 m=0x108000}]
07-02 20:38:51.864  1319  1343 I am_broadcast_discard_app: [0,18110349,android.intent.action.BOOT_COMPLETED,8,ResolveInfo{37bdf89 com.zhongcai500/com.host.widget.DaemonReceiver p=1879048191 m=0x108000}]
07-02 20:38:51.864  1319  1343 I am_broadcast_discard_app: [0,18110349,android.intent.action.BOOT_COMPLETED,9,ResolveInfo{6d01b8e com.mfw.roadbook/com.eguan.monitor.receiver.SystemStartReceiver p=9999 m=0x108000}]
07-02 20:38:51.884  1319  4614 I am_proc_start: [0,4616,1000,com.android.keychain,service,com.android.keychain/.KeyChainService]
07-02 20:38:51.894  1319  1914 I am_proc_died: [0,4599,com.bbk.SuperPowerSave]
07-02 20:38:51.914  1319  2385 I am_proc_start: [0,4623,1000,com.vivo.bsptest,broadcast,com.vivo.bsptest/.boot.BootReceiver]
07-02 20:38:51.944  1319  2306 I am_proc_bound: [0,4623,com.vivo.bsptest]
07-02 20:38:51.984  1319  2381 I am_proc_bound: [0,4616,com.android.keychain]
07-02 20:38:52.014  1319  1914 I am_proc_start: [0,4643,1000,com.vivo.bspservice,broadcast,com.vivo.bspservice/.BootReceiver]
07-02 20:38:52.064  1319  2393 I am_proc_bound: [0,4643,com.vivo.bspservice]
07-02 20:38:52.114  1319  2348 I am_broadcast_discard_app: [0,18110349,android.intent.action.BOOT_COMPLETED,20,ResolveInfo{1f17533 com.qiyi.video/org.qiyi.android.commonphonepad.pushmessage.QYPushMsgBootReceiver p=1000 m=0x108000}]
07-02 20:38:52.604  1319  1341 I am_pss  : [1881,1000,com.vivo.appfilter,4980736,4124672]
07-02 20:38:52.974  1319  1319 I notification_enqueue: [1000,2269,com.android.bbklog,1,NULL,0,Notification(pri=0 contentView=com.android.bbklog/0x1090085 vibrate=null sound=null defaults=0x0 flags=0x40 color=0x00000000 vis=PRIVATE),0]
07-02 20:38:53.004  1319  2460 I am_proc_start: [0,4695,1000,com.iqoo.powersaving,broadcast,com.iqoo.powersaving/.TopSpeedReceiver]
07-02 20:38:53.044  1319  2385 I am_proc_bound: [0,4695,com.iqoo.powersaving]
07-02 20:38:53.104  1319  2385 I am_proc_start: [0,4722,1000,com.qualcomm.qti.seemp.service:seemp_service,broadcast,com.qualcomm.qti.seemp.service/.SeempBroadcastReceiver]
07-02 20:38:53.104  1319  2385 I am_kill : [0,1960,com.android.externalstorage,15,empty #31]
07-02 20:38:53.124  1319  2381 I am_proc_bound: [0,4722,com.qualcomm.qti.seemp.service:seemp_service]
07-02 20:38:53.134  1319  1339 I am_proc_died: [0,1960,com.android.externalstorage]
07-02 20:38:53.184  1319  2343 I am_kill : [0,2452,com.android.printspooler,15,empty #31]
07-02 20:38:53.204  1319  1340 I am_proc_died: [0,2452,com.android.printspooler]
07-02 20:38:53.204  1319  1339 I am_broadcast_discard_app: [0,18110349,android.intent.action.BOOT_COMPLETED,45,ResolveInfo{f2ebdb0 cmb.pb/.util.ClientBaseFunc.cmbstep.BootRunCounterReceiver m=0x108000}]
07-02 20:38:53.224  1319  1343 I am_broadcast_discard_app: [0,18110349,android.intent.action.BOOT_COMPLETED,46,ResolveInfo{ad29429 com.tencent.qqlive/.services.push.PushAlarmReceiver m=0x108000}]
07-02 20:38:53.254  1319  1340 I am_proc_start: [0,4753,10010,com.android.managedprovisioning,broadcast,com.android.managedprovisioning/.BootReminder]
07-02 20:38:53.274  1319  2460 I am_proc_bound: [0,4753,com.android.managedprovisioning]
07-02 20:38:53.464  1319  2067 I am_proc_start: [0,4794,10011,com.android.mms,broadcast,com.android.mms/.transaction.MmsSystemEventReceiver]
07-02 20:38:53.504  1319  1914 I am_proc_bound: [0,4794,com.android.mms]
07-02 20:38:53.794  1319  1319 I sysui_histogram: [fingerprint_token,0]
07-02 20:38:54.444  1319  1340 I am_kill : [0,3230,com.vivo.weather.provider,15,empty #31]
07-02 20:38:54.494  1319  2393 I am_proc_died: [0,3230,com.vivo.weather.provider]
07-02 20:38:54.764  1319  2306 I am_proc_start: [0,4892,10021,com.vivo.audiofx,broadcast,com.vivo.audiofx/.AudioFxIntentReceiver]
07-02 20:38:54.794  1319  2306 I am_proc_bound: [0,4892,com.vivo.audiofx]
07-02 20:38:54.894  1319  2421 I am_proc_start: [0,4904,10046,com.vivo.devicereg,broadcast,com.vivo.devicereg/.receiver.RegReceiver]
07-02 20:38:54.924  1319  2460 I am_proc_bound: [0,4904,com.vivo.devicereg]
07-02 20:38:55.084  1319  2381 I am_proc_start: [0,4931,1000,com.qualcomm.qti.modemtestmode,broadcast,com.qualcomm.qti.modemtestmode/.DefaultReceiver]
07-02 20:38:55.104  1319  1339 I am_proc_start: [0,4937,1000,com.vivo.abeui,service,com.vivo.abeui/.service.AbeAidlServer]
07-02 20:38:55.154  1319  2393 I am_proc_bound: [0,4937,com.vivo.abeui]
07-02 20:38:55.184  1319  1340 I am_proc_bound: [0,4931,com.qualcomm.qti.modemtestmode]
07-02 20:38:55.304  1319  2348 I am_kill : [0,3537,com.android.bluetoothsettings,15,empty #31]
07-02 20:38:55.364  1319  1921 I am_proc_died: [0,3537,com.android.bluetoothsettings]
07-02 20:38:55.404  1319  2067 I am_proc_start: [0,4967,1000,com.qualcomm.qti.GBAHttpAuthentication.auth,broadcast,com.qualcomm.qti.GBAHttpAuthentication.auth/.QtiGbaAuthAutoBoot]
07-02 20:38:55.414  1319  1319 I notification_enqueue: [10057,2116,com.bbk.iqoo.logsystem,3,NULL,0,Notification(pri=-2 contentView=com.bbk.iqoo.logsystem/0x1090085 vibrate=null sound=null defaults=0x0 flags=0x40 color=0xff607d8b vis=PRIVATE),0]
07-02 20:38:55.454  1319  2460 I am_proc_bound: [0,4967,com.qualcomm.qti.GBAHttpAuthentication.auth]
07-02 20:38:55.574  1319  2067 I am_proc_start: [0,4981,10068,com.qualcomm.qti.telephonyservice,service,com.qualcomm.qti.telephonyservice/.QtiTelephonyService]
07-02 20:38:55.674  1319  1914 I am_proc_bound: [0,4981,com.qualcomm.qti.telephonyservice]
07-02 20:38:55.704  1319  1921 I am_proc_start: [0,4997,10080,com.android.camera,broadcast,com.android.camera/.PreloadCameraReceiver]
07-02 20:38:55.764  1319  2067 I am_proc_bound: [0,4997,com.android.camera]
07-02 20:38:55.834  1319  2355 I am_proc_died: [0,3880,com.vivo.space]
07-02 20:38:56.034  1319  2421 I notification_cancel_all: [10080,4997,com.android.camera,0,0,64,9,NULL]
07-02 20:38:56.394  1319  2306 I am_proc_start: [0,5031,10103,com.vivo.space,service,com.vivo.space/com.vivo.push.sdk.service.CommandService]
07-02 20:38:56.444  1319  2355 I am_proc_bound: [0,5031,com.vivo.space]
07-02 20:38:56.894   505   505 I auditd  : avc:  denied  { find } for service=gbahttpauth scontext=u:r:platform_app:s0:c512,c768 tcontext=u:object_r:gba_auth_service:s0 tclass=service_manager
07-02 20:38:56.914  1319  2385 I am_kill : [0,4098,com.android.BBKCrontab,15,empty #31]
07-02 20:38:56.954  1319  2352 I am_proc_died: [0,4098,com.android.BBKCrontab]
07-02 20:38:57.004   505   505 I auditd  : avc:  denied  { find } for service=gbahttpauth scontext=u:r:platform_app:s0:c512,c768 tcontext=u:object_r:gba_auth_service:s0 tclass=service_manager
07-02 20:38:57.214  1319  2306 I am_proc_start: [0,5093,1000,com.qualcomm.qti.biometrics.voiceprint.service,broadcast,com.qualcomm.qti.biometrics.voiceprint.service/.IntentBroadcastReceiver]
07-02 20:38:57.274  1319  2385 I am_kill : [0,4139,com.android.notes,9,kill background]
07-02 20:38:57.284  1319  2460 I am_proc_bound: [0,5093,com.qualcomm.qti.biometrics.voiceprint.service]
07-02 20:38:57.364  1319  1914 I am_proc_start: [0,5107,10097,com.qualcomm.embms,broadcast,com.qualcomm.embms/.EmbmsBootReceiver]
07-02 20:38:57.474  1319  2343 I am_proc_bound: [0,5107,com.qualcomm.embms]
07-02 20:38:57.564  1319  1914 I am_proc_start: [0,5122,10097,com.qualcomm.embms:remote,service,com.qualcomm.embms/.EmbmsService]
07-02 20:38:57.584  1319  2336 I am_proc_start: [0,5133,1000,com.vivo.fingerprint,broadcast,com.vivo.fingerprint/com.finger.receiver.FingerReceiver]
07-02 20:38:57.584  1319  2336 I am_kill : [0,4111,com.qualcomm.timeservice,15,empty #31]
07-02 20:38:57.604  1319  1914 I am_proc_bound: [0,5122,com.qualcomm.embms:remote]
07-02 20:38:57.614  1319  2460 I am_proc_died: [0,4111,com.qualcomm.timeservice]
07-02 20:38:57.624  1319  2393 I am_proc_bound: [0,5133,com.vivo.fingerprint]
07-02 20:38:57.814  1319  1339 I am_proc_start: [0,5147,10033,com.bbk.theme.useinstructions,broadcast,com.bbk.theme/.tryuse.ResTryUseReceiver]
07-02 20:38:57.814  1319  1339 I am_kill : [0,4152,com.vivo.widget.calendar,15,empty #31]
07-02 20:38:57.844  1319  2393 I am_proc_died: [0,4152,com.vivo.widget.calendar]
07-02 20:38:57.844  1319  2393 I am_proc_bound: [0,5147,com.bbk.theme.useinstructions]
07-02 20:38:57.894  1319  2460 I am_proc_start: [0,5163,10050,com.vivo.findphone,broadcast,com.vivo.findphone/.BootBroadcastReceiver]
07-02 20:38:57.914  1319  2336 I am_proc_bound: [0,5163,com.vivo.findphone]
07-02 20:38:57.964  1319  1341 I am_pss  : [3328,1002,com.android.bluetooth,11428864,9728000]
07-02 20:38:58.034  1319  2393 I am_proc_died: [0,5163,com.vivo.findphone]
07-02 20:38:58.114  1319  1341 I am_pss  : [2164,10186,cn.ginshell.bong,26078208,23871488]
07-02 20:38:58.124  1319  2306 I am_proc_died: [0,5147,com.bbk.theme.useinstructions]
07-02 20:38:58.124  1319  2306 I am_schedule_service_restart: [0,com.bbk.theme/.tryuse.ResTryUseService,1000]
07-02 20:38:58.484  1319  2067 I am_broadcast_discard_app: [0,18110349,android.intent.action.BOOT_COMPLETED,106,ResolveInfo{b001d55 com.UCMobile/com.taobao.accs.EventReceiver m=0x108000}]
07-02 20:38:58.484  1319  1343 I am_broadcast_discard_app: [0,18110349,android.intent.action.BOOT_COMPLETED,107,ResolveInfo{cba936a com.jd.jrapp/com.robile.push.JDPushReceiver m=0x108000}]
07-02 20:38:58.484  1319  1343 I am_broadcast_discard_app: [0,18110349,android.intent.action.BOOT_COMPLETED,108,ResolveInfo{257405b cmb.pb/com.gieseckedevrient.android.pushclient.PushBroadCastReceiver m=0x108000}]
07-02 20:38:58.494  1319  1343 I am_broadcast_discard_app: [0,18110349,android.intent.action.BOOT_COMPLETED,109,ResolveInfo{62450f8 cn.damai/com.igexin.sdk.PushReceiver m=0x108000}]
07-02 20:38:58.494  1319  1343 I am_broadcast_discard_app: [0,18110349,android.intent.action.BOOT_COMPLETED,110,ResolveInfo{5f239d1 cn.damai/com.taobao.accs.EventReceiver m=0x108000}]
07-02 20:38:58.494  1319  1343 I am_broadcast_discard_app: [0,18110349,android.intent.action.BOOT_COMPLETED,111,ResolveInfo{e667c36 com.taobao.taobao/com.taobao.accs.EventReceiver m=0x108000}]
07-02 20:38:58.494  1319  1343 I am_broadcast_discard_app: [0,18110349,android.intent.action.BOOT_COMPLETED,112,ResolveInfo{33f8737 com.taobao.taobao/com.taobao.alijk.step.StepAlarmReceiver m=0x108000}]
07-02 20:38:58.494  1319  1343 I am_broadcast_discard_app: [0,18110349,android.intent.action.BOOT_COMPLETED,113,ResolveInfo{8c984a4 com.taobao.taobao/com.taobao.nbcache.CacheRebootReceiver m=0x108000}]
07-02 20:38:58.494  1319  1343 I am_broadcast_discard_app: [0,18110349,android.intent.action.BOOT_COMPLETED,114,ResolveInfo{f0fa20d fm.xiami.main/com.taobao.accs.EventReceiver m=0x108000}]
07-02 20:38:58.494  1319  1343 I am_broadcast_discard_app: [0,18110349,android.intent.action.BOOT_COMPLETED,115,ResolveInfo{1625c2 fm.xiami.main/com.taobao.nbcache.CacheRebootReceiver m=0x108000}]
07-02 20:38:58.494  1319  1343 I am_broadcast_discard_app: [0,18110349,android.intent.action.BOOT_COMPLETED,116,ResolveInfo{efb5fd3 com.sina.weibo/.BootCompletedReceiver m=0x108000}]
07-02 20:38:58.494  1319  1343 I am_broadcast_discard_app: [0,18110349,android.intent.action.BOOT_COMPLETED,117,ResolveInfo{86c4710 com.sina.weibo/com.sina.push.receiver.PushSDKReceiver m=0x108000}]
07-02 20:38:58.494  1319  1343 I am_broadcast_discard_app: [0,18110349,android.intent.action.BOOT_COMPLETED,118,ResolveInfo{a215209 com.sina.weibo/.localpush.BootRemoteReceiver m=0x108000}]
07-02 20:38:58.494  1319  1343 I am_broadcast_discard_app: [0,18110349,android.intent.action.BOOT_COMPLETED,119,ResolveInfo{324dc0e com.netease.vopen/.receiver.BootReceiver m=0x108000}]
07-02 20:38:58.494  1319  1343 I am_broadcast_discard_app: [0,18110349,android.intent.action.BOOT_COMPLETED,120,ResolveInfo{292262f com.netease.vopen/com.netease.pushservice.receiver.PushServiceBootReceiver m=0x108000}]
07-02 20:38:58.494  1319  1343 I am_broadcast_discard_app: [0,18110349,android.intent.action.BOOT_COMPLETED,121,ResolveInfo{736c43c com.hexin.plat.android/.PushReceiver$BootReceiver m=0x108000}]
07-02 20:38:58.494  1319  1343 I am_broadcast_discard_app: [0,18110349,android.intent.action.BOOT_COMPLETED,122,ResolveInfo{48405c5 com.qiyi.video/org.qiyi.android.corejar.deliver.heartbeat.HeartBeatReceiver m=0x108000}]
07-02 20:38:58.494  1319  1343 I am_broadcast_discard_app: [0,18110349,android.intent.action.BOOT_COMPLETED,123,ResolveInfo{156ab1a com.qiyi.video/com.baidu.android.pushservice.PushServiceReceiver m=0x108000}]
07-02 20:38:58.494  1319  1343 I am_broadcast_discard_app: [0,18110349,android.intent.action.BOOT_COMPLETED,124,ResolveInfo{a24f64b com.qiyi.video/org.qiyi.android.video.ui.phone.traffic.receiver.TrafficReceiver m=0x108000}]
07-02 20:38:58.494  1319  1343 I am_broadcast_discard_app: [0,18110349,android.intent.action.BOOT_COMPLETED,125,ResolveInfo{dc9e828 com.qiyi.video/com.iqiyi.pushservice.PushServiceReceiver m=0x108000}]
07-02 20:38:58.494  1319  1343 I am_broadcast_discard_app: [0,18110349,android.intent.action.BOOT_COMPLETED,126,ResolveInfo{aa43941 com.qiyi.video/com.iqiyi.impushservice.receiver.ImPushServiceReceiver m=0x108000}]
07-02 20:38:58.494  1319  1343 I am_broadcast_discard_app: [0,18110349,android.intent.action.BOOT_COMPLETED,127,ResolveInfo{aa45ee6 com.qiyi.video/com.iqiyi.sdk.android.pushservice.PushServiceReceiver m=0x108000}]
07-02 20:38:58.494  1319  1343 I am_broadcast_discard_app: [0,18110349,android.intent.action.BOOT_COMPLETED,128,ResolveInfo{8caac27 com.jianshu.haruki/com.baiji.jianshu.ui.receiver.SetAlarmManagerReceiver m=0x108000}]
07-02 20:38:58.494  1319  1343 I am_broadcast_discard_app: [0,18110349,android.intent.action.BOOT_COMPLETED,129,ResolveInfo{be95ed4 com.jianshu.haruki/com.igexin.sdk.PushReceiver m=0x108000}]
07-02 20:38:58.494  1319  1343 I am_broadcast_discard_app: [0,18110349,android.intent.action.BOOT_COMPLETED,130,ResolveInfo{93a287d com.autonavi.minimap/com.amap.api.service.BootEventReceiver m=0x108000}]
07-02 20:38:58.494  1319  1343 I am_broadcast_discard_app: [0,18110349,android.intent.action.BOOT_COMPLETED,131,ResolveInfo{3c78372 com.autonavi.minimap/com.taobao.accs.EventReceiver m=0x108000}]
07-02 20:38:58.494  1319  1343 I am_broadcast_discard_app: [0,18110349,android.intent.action.BOOT_COMPLETED,133,ResolveInfo{22be3c3 com.baidu.netdisk/com.baidu.android.pushservice.PushServiceReceiver m=0x108000}]
07-02 20:38:58.494  1319  1343 I am_broadcast_discard_app: [0,18110349,android.intent.action.BOOT_COMPLETED,134,ResolveInfo{7e79440 com.baidu.netdisk/.device.devicesecurity.DSBootCompleteReceiver m=0x108000}]
07-02 20:38:58.524  1319  2385 I am_broadcast_discard_app: [0,18110349,android.intent.action.BOOT_COMPLETED,137,ResolveInfo{645cf79 com.gotokeep.keep/.broadcast.MyReceiver m=0x108000}]
07-02 20:38:58.524  1319  1343 I am_broadcast_discard_app: [0,18110349,android.intent.action.BOOT_COMPLETED,138,ResolveInfo{18664be com.gotokeep.keep/.broadcast.LocalAlarmReceiver m=0x108000}]
07-02 20:38:58.524  1319  1343 I am_broadcast_discard_app: [0,18110349,android.intent.action.BOOT_COMPLETED,139,ResolveInfo{1def91f com.gotokeep.keep/.service.outdoor.receiver.WakeUpReceiver m=0x108000}]
07-02 20:38:58.524  1319  1343 I am_broadcast_discard_app: [0,18110349,android.intent.action.BOOT_COMPLETED,141,ResolveInfo{8d1b46c com.dajie.official/com.igexin.sdk.PushReceiver m=0x108000}]
07-02 20:38:58.524  1319  1343 I am_broadcast_discard_app: [0,18110349,android.intent.action.BOOT_COMPLETED,142,ResolveInfo{dcaea35 com.suning.mobile.ebuy/com.suning.cloud.push.pushservice.PushServiceReceiver m=0x108000}]
07-02 20:38:58.524  1319  1343 I am_broadcast_discard_app: [0,18110349,android.intent.action.BOOT_COMPLETED,143,ResolveInfo{cc00eca com.suning.mobile.ebuy/com.taobao.accs.EventReceiver m=0x108000}]
07-02 20:38:58.524  1319  1343 I am_broadcast_discard_app: [0,18110349,android.intent.action.BOOT_COMPLETED,144,ResolveInfo{c84083b com.immomo.momo/.android.broadcast.BootCompletedReceiver m=0x108000}]
07-02 20:38:58.524  1319  1343 I am_broadcast_discard_app: [0,18110349,android.intent.action.BOOT_COMPLETED,145,ResolveInfo{75bab58 com.immomo.momo/com.immomo.thirdparty.umeng.message.SystemReceiver m=0x108000}]
07-02 20:38:58.524  1319  1343 I am_broadcast_discard_app: [0,18110349,android.intent.action.BOOT_COMPLETED,146,ResolveInfo{e4cf4b1 com.immomo.momo/com.immomo.thirdparty.umeng.message.UmengMessageBootReceiver m=0x108000}]
07-02 20:38:58.524  1319  1343 I am_broadcast_discard_app: [0,18110349,android.intent.action.BOOT_COMPLETED,147,ResolveInfo{b384d96 air.tv.douyu.android/com.tencent.qalsdk.core.NetConnInfoCenter m=0x108000}]
07-02 20:38:58.524  1319  1343 I am_broadcast_discard_app: [0,18110349,android.intent.action.BOOT_COMPLETED,148,ResolveInfo{6a0ed17 air.tv.douyu.android/com.igexin.sdk.PushReceiver m=0x108000}]
07-02 20:38:58.524  1319  1343 I am_broadcast_discard_app: [0,18110349,android.intent.action.BOOT_COMPLETED,149,ResolveInfo{18c2504 com.mfw.roadbook/.minepage.check.MfwBootReceiver m=0x108000}]
07-02 20:38:58.524  1319  1343 I am_broadcast_discard_app: [0,18110349,android.intent.action.BOOT_COMPLETED,150,ResolveInfo{10b2aed com.mfw.roadbook/com.igexin.sdk.PushReceiver m=0x108000}]
07-02 20:38:58.534  1319  1343 I am_broadcast_discard_app: [0,18110349,android.intent.action.BOOT_COMPLETED,151,ResolveInfo{923ad22 com.jingdong.pdj/com.igexin.sdk.PushReceiver m=0x108000}]
07-02 20:38:58.534  1319  1343 I am_broadcast_discard_app: [0,18110349,android.intent.action.BOOT_COMPLETED,152,ResolveInfo{d3d43b3 com.mobike.mobikeapp/com.igexin.sdk.PushReceiver m=0x108000}]
07-02 20:38:58.534  1319  1343 I am_broadcast_discard_app: [0,18110349,android.intent.action.BOOT_COMPLETED,153,ResolveInfo{d288d70 com.mobike.mobikeapp/com.hyphenate.chat.EMMonitorReceiver m=0x108000}]
07-02 20:38:58.534  1319  1343 I am_broadcast_discard_app: [0,18110349,android.intent.action.BOOT_COMPLETED,154,ResolveInfo{9fc88e9 com.xiaomi.hm.health/.receiver.SystemRebootReceiver m=0x108000}]
07-02 20:38:58.534  1319  1343 I am_broadcast_discard_app: [0,18110349,android.intent.action.BOOT_COMPLETED,155,ResolveInfo{f73796e com.duowan.mobile/com.yy.pushsvc.WakeUpReceiver m=0x108000}]
07-02 20:38:58.534  1319  1343 I am_broadcast_discard_app: [0,18110349,android.intent.action.BOOT_COMPLETED,156,ResolveInfo{c3e680f com.duowan.mobile/com.taobao.accs.EventReceiver m=0x108000}]
07-02 20:38:58.534  1319  1343 I am_broadcast_discard_app: [0,18110349,android.intent.action.BOOT_COMPLETED,157,ResolveInfo{4e1109c cn.ginshell.bong/com.umeng.message.SystemReceiver m=0x108000}]
07-02 20:38:58.544  1319  1343 I am_broadcast_discard_app: [0,18110349,android.intent.action.BOOT_COMPLETED,160,ResolveInfo{b8bcaa5 com.zhihu.android/com.avos.avoscloud.AVBroadcastReceiver m=0x108000}]
07-02 20:38:58.544  1319  1343 I am_broadcast_discard_app: [0,18110349,android.intent.action.BOOT_COMPLETED,161,ResolveInfo{2e1be7a com.youdao.dict/com.netease.pushservice.receiver.PushServiceBootReceiver m=0x108000}]
07-02 20:38:58.544  1319  1343 I am_broadcast_discard_app: [0,18110349,android.intent.action.BOOT_COMPLETED,162,ResolveInfo{e83762b com.youdao.dict/com.youdao.mdict.push.util.PushAwakeReceiver m=0x108000}]
07-02 20:38:58.544  1319  1343 I am_broadcast_discard_app: [0,18110349,android.intent.action.BOOT_COMPLETED,163,ResolveInfo{c3c9a88 com.youdao.dict/com.youdao.downloadprovider.receiver.DownloadReceiver m=0x108000}]
07-02 20:38:58.544  1319  1343 I am_broadcast_discard_app: [0,18110349,android.intent.action.BOOT_COMPLETED,164,ResolveInfo{a136c21 com.youdao.dict/com.netease.nimlib.service.NimReceiver m=0x108000}]
07-02 20:38:58.544  1319  1343 I am_broadcast_discard_app: [0,18110349,android.intent.action.BOOT_COMPLETED,165,ResolveInfo{7bd4846 com.panda.videoliveplatform/com.umeng.message.SystemReceiver m=0x108000}]
07-02 20:38:58.544  1319  1343 I am_broadcast_discard_app: [0,18110349,android.intent.action.BOOT_COMPLETED,166,ResolveInfo{3c14a07 com.panda.videoliveplatform/com.umeng.message.UmengMessageBootReceiver m=0x108000}]
07-02 20:38:58.544  1319  1343 I am_broadcast_discard_app: [0,18110349,android.intent.action.BOOT_COMPLETED,167,ResolveInfo{644d734 com.panda.videoliveplatform/tv.panda.component.WakeUpReceiver m=0x108000}]
07-02 20:38:58.544  1319  1343 I am_broadcast_discard_app: [0,18110349,android.intent.action.BOOT_COMPLETED,168,ResolveInfo{b19a95d com.eg.android.AlipayGphone/com.alipay.mobile.logmonitor.ClientMonitorWakeupReceiver m=0x108000}]
07-02 20:38:58.544  1319  1343 I am_broadcast_discard_app: [0,18110349,android.intent.action.BOOT_COMPLETED,169,ResolveInfo{675a2d2 com.hunantv.imgo.activity/com.igexin.sdk.PushReceiver m=0x108000}]
07-02 20:38:58.554  1319  2352 I am_broadcast_discard_app: [0,18110349,android.intent.action.BOOT_COMPLETED,171,ResolveInfo{81e7fa3 com.tencent.androidqqmail/com.tencent.qqmail.utilities.qmbroadcastreceiver.SystemBootBroadCast m=0x108000}]
07-02 20:38:58.554  1319  1343 I am_broadcast_discard_app: [0,183644832,android.intent.action.PACKAGE_CHANGED,0,ResolveInfo{c4c7e59 com.duowan.mobile/com.yy.pushsvc.WakeUpReceiver m=0x208000}]
07-02 20:38:58.564  1319  2336 I am_broadcast_discard_app: [0,216472094,android.intent.action.PACKAGE_CHANGED,0,ResolveInfo{98f72ff com.duowan.mobile/com.yy.pushsvc.WakeUpReceiver m=0x208000}]
07-02 20:38:58.564  1319  2348 I am_broadcast_discard_app: [0,123197644,android.intent.action.PACKAGE_CHANGED,0,ResolveInfo{e3da715 com.duowan.mobile/com.yy.pushsvc.WakeUpReceiver m=0x208000}]
07-02 20:38:58.574  1319  1914 I am_broadcast_discard_app: [0,140950058,android.net.wifi.RSSI_CHANGED,0,ResolveInfo{6f2401b com.tencent.androidqqmail/com.tencent.qqmail.utilities.qmbroadcastreceiver.WifiChangeReceiver m=0x108000}]
07-02 20:38:58.584  1319  1343 I am_proc_start: [0,5184,10185,com.tencent.mm:appbrand0,broadcast,com.tencent.mm/.plugin.appbrand.task.AppBrandTaskPreloadReceiver]
07-02 20:38:58.614  1319  2393 I am_proc_bound: [0,5184,com.tencent.mm:appbrand0]
07-02 20:38:58.954  1319  1341 I am_meminfo: [3256635392,302551040,0,366407680,210822144]
07-02 20:38:59.044  1319  1341 I am_pss  : [3417,10048,com.vivo.doubletimezoneclock,7820288,6856704]
07-02 20:38:59.294  1319  1341 I am_pss  : [3480,10117,com.tencent.mobileqq:MSF,20596736,15503360]
07-02 20:39:00.144  1319  2385 I am_broadcast_discard_app: [0,180905090,android.net.wifi.RSSI_CHANGED,0,ResolveInfo{47e9793 com.tencent.androidqqmail/com.tencent.qqmail.utilities.qmbroadcastreceiver.WifiChangeReceiver m=0x108000}]
07-02 20:39:00.204  1319  2421 I am_proc_start: [0,5244,10083,com.vivo.widget,broadcast,com.vivo.dream.note/.VivoDreamNoteApp]
07-02 20:39:00.264  1319  1319 I notification_enqueue: [10185,2176,com.tencent.mm,-1212,NULL,0,Notification(pri=-2 contentView=com.tencent.mm/0x1090085 vibrate=null sound=null defaults=0x0 flags=0x40 color=0xff607d8b vis=PRIVATE),0]
07-02 20:39:00.284  1319  1914 I am_proc_bound: [0,5244,com.vivo.widget]
07-02 20:39:00.414  1319  1341 I am_pss  : [3603,1000,com.volte.config,4142080,3297280]
07-02 20:39:00.484  1319  1319 I notification_enqueue: [10185,2176,com.tencent.mm,-1212,NULL,0,Notification(pri=-2 contentView=com.tencent.mm/0x1090085 vibrate=null sound=null defaults=0x0 flags=0x40 color=0xff607d8b vis=PRIVATE),1]
07-02 20:39:00.484  1319  1319 I notification_canceled: [0|com.tencent.mm|-1212|null|10185|0,8,217,2,0]
07-02 20:39:00.484  1319  1341 I am_pss  : [1899,10007,android.process.media,17143808,15892480]
07-02 20:39:00.514  1319  2421 I am_kill : [0,3738,com.android.settings.search_service,15,empty #31]
07-02 20:39:00.564  1319  1341 I am_pss  : [3557,10117,com.tencent.mobileqq,12810240,8384512]
07-02 20:39:00.564  1319  2385 I am_proc_died: [0,3738,com.android.settings.search_service]
07-02 20:39:00.794  1319  1341 I am_pss  : [3651,10185,com.tencent.mm:exdevice,16415744,10571776]
07-02 20:39:00.864  1319  1921 I am_proc_start: [0,5319,10079,com.bbk.calendar,broadcast,com.bbk.calendar/.alerts.HolidayReceiver]
07-02 20:39:00.894  1319  2385 I am_proc_bound: [0,5319,com.bbk.calendar]
07-02 20:39:01.044  1319  1921 I am_kill : [0,4286,com.vivo.email,15,empty #31]
07-02 20:39:01.184  1319  2306 I am_proc_died: [0,4286,com.vivo.email]
07-02 20:39:01.274  1319  2343 I am_proc_start: [0,5367,10095,com.vivo.widget.calendar,broadcast,com.vivo.widget.calendar/.CalendarAppWidgetProvider]
07-02 20:39:01.304  1319  1319 I notification_enqueue: [10185,2176,com.tencent.mm,4097,NULL,0,Notification(pri=1 contentView=null vibrate=[] sound=null tick defaults=0x0 flags=0x101 color=0x00000000 category=msg vis=PRIVATE),0]
07-02 20:39:01.314  1319  1319 I notification_alert: [0|com.tencent.mm|4097|null|10185|0,0,0,1]
07-02 20:39:01.364  1319  2336 I am_proc_bound: [0,5367,com.vivo.widget.calendar]
07-02 20:39:01.454  2918  2935 I contacts_aggregation: [1498999141459,-31]
07-02 20:39:01.474  2918  2935 I contacts_aggregation: [28,31]
07-02 20:39:01.544  1319  2381 I am_broadcast_discard_app: [0,158811182,android.intent.action.PACKAGE_CHANGED,0,ResolveInfo{8223bcf com.duowan.mobile/com.yy.pushsvc.WakeUpReceiver m=0x208000}]
07-02 20:39:01.664  1319  1914 I am_kill : [0,4371,com.vivo.numbermark,15,empty #31]
07-02 20:39:01.694  1319  2352 I am_proc_died: [0,4371,com.vivo.numbermark]
07-02 20:39:01.704  1319  1914 I am_broadcast_discard_app: [0,255292730,android.intent.action.MEDIA_SCANNER_STARTED,1,ResolveInfo{530c5eb com.duowan.mobile/com.yy.pushsvc.WakeUpReceiver m=0x208000}]
07-02 20:39:01.804  1319  1339 I am_broadcast_discard_app: [0,192115090,android.intent.action.MEDIA_SCANNER_FINISHED,3,ResolveInfo{5ae0763 com.duowan.mobile/com.yy.pushsvc.WakeUpReceiver m=0x208000}]
07-02 20:39:01.814  1319  2352 I am_broadcast_discard_app: [0,183205728,android.intent.action.MEDIA_SCANNER_STARTED,1,ResolveInfo{b54ac19 com.duowan.mobile/com.yy.pushsvc.WakeUpReceiver m=0x208000}]
07-02 20:39:01.884  1319  1341 I am_pss  : [3749,10003,com.android.contacts,10205184,8876032]
07-02 20:39:02.404   505   505 I auditd  : avc:  denied  { find } for service=gbahttpauth scontext=u:r:untrusted_app:s0:c512,c768 tcontext=u:object_r:gba_auth_service:s0 tclass=service_manager
07-02 20:39:02.414  1319  1341 I am_pss  : [3801,10185,com.tencent.mm:tools,33177600,26710016]
07-02 20:39:02.474   505   505 I auditd  : avc:  denied  { find } for service=gbahttpauth scontext=u:r:untrusted_app:s0:c512,c768 tcontext=u:object_r:gba_auth_service:s0 tclass=service_manager
07-02 20:39:02.474   505   505 I auditd  : avc:  denied  { find } for service=gbahttpauth scontext=u:r:untrusted_app:s0:c512,c768 tcontext=u:object_r:gba_auth_service:s0 tclass=service_manager
07-02 20:39:02.554  1319  1921 I am_proc_died: [0,3287,com.bbk.appstore]
07-02 20:39:02.554  1319  1921 I am_schedule_service_restart: [0,com.bbk.appstore/.update.AutoUpdateService,1000]
07-02 20:39:02.704  1319  1341 I am_pss  : [3859,10018,com.vivo.browser,19023872,16568320]
07-02 20:39:02.944  2918  3775 I contacts_aggregation: [1498999142949,-31]
07-02 20:39:02.954  2918  3775 I contacts_aggregation: [19,31]
07-02 20:39:03.544  2918  2934 I contacts_aggregation: [1498999143550,-16]
07-02 20:39:03.544  2918  2934 I contacts_aggregation: [4,16]
07-02 20:39:03.564  1319  1343 I am_proc_start: [0,5454,10023,com.bbk.appstore,service,com.bbk.appstore/.update.AutoUpdateService]
07-02 20:39:03.604  1319  2352 I am_proc_bound: [0,5454,com.bbk.appstore]
07-02 20:39:03.714  1319  1319 I power_screen_state: [1,0,0,0]
07-02 20:39:03.714  1319  1319 I screen_toggled: 1
07-02 20:39:03.724  1319  1319 I power_screen_broadcast_send: 1
07-02 20:39:03.954   506   506 I sf_frame_dur: [NightPearlView,2,0,1,0,0,0,2]
07-02 20:39:04.034  1319  1319 I power_screen_broadcast_done: [1,306,1]
07-02 20:39:04.084  1319  1921 I am_kill : [0,4189,com.vivo.networkimprove,15,empty #31]
07-02 20:39:04.104  1319  1914 I am_proc_died: [0,4189,com.vivo.networkimprove]
07-02 20:39:04.454  1319  1341 I am_pss  : [2534,10113,com.sankuai.meituan:dppushservice,25276416,22249472]
07-02 20:39:04.954  1319  1341 I am_pss  : [4129,1000,com.vivo.nightpearl,35774464,24055808]
07-02 20:39:05.504  1319  1319 I sysui_action: [252,false]
07-02 20:39:05.644  1947  1947 I sysui_status_bar_state: [1,1,0,1,1,0]
07-02 20:39:06.544  1319  1319 I sysui_action: [252,true]
07-02 20:39:06.624  1319  1319 I sysui_histogram: [fingerprint_token,0]
07-02 20:39:06.824  1319  1343 I am_broadcast_discard_app: [0,121051907,android.net.wifi.RSSI_CHANGED,0,ResolveInfo{4039a80 com.tencent.androidqqmail/com.tencent.qqmail.utilities.qmbroadcastreceiver.WifiChangeReceiver m=0x108000}]
07-02 20:39:09.834  1319  1343 I am_broadcast_discard_app: [0,228325561,android.net.wifi.RSSI_CHANGED,0,ResolveInfo{94774fe com.tencent.androidqqmail/com.tencent.qqmail.utilities.qmbroadcastreceiver.WifiChangeReceiver m=0x108000}]
07-02 20:39:12.444  1947  1947 I screen_toggled: 2
