07-02 20:53:34.789  1319  1341 I am_pss  : [5184,10185,com.tencent.mm:appbrand0,41310208,25034752]
07-02 20:53:34.809  1319  1341 I am_pss  : [2501,1000,com.vivo.smartmultiwindow,15422464,14303232]
07-02 20:53:34.819  1319  1341 I am_pss  : [1881,1000,com.vivo.appfilter,7494656,6631424]
07-02 20:53:34.829  1319  1341 I am_pss  : [4937,1000,com.vivo.abeui,3798016,2977792]
07-02 20:53:34.849  1319  1341 I am_pss  : [1899,10007,android.process.media,38450176,36847616]
07-02 20:53:34.859  1319  1341 I am_pss  : [2164,10186,cn.ginshell.bong,27388928,24969216]
07-02 20:53:34.869  1319  1341 I am_pss  : [2509,10185,com.tencent.mm:recovery,4545536,2547712]
07-02 20:53:34.879  1319  1341 I am_pss  : [3859,10018,com.vivo.browser,19264512,16674816]
07-02 20:53:34.899  1319  1341 I am_pss  : [3801,10185,com.tencent.mm:tools,42222592,26644480]
07-02 20:53:34.909  1319  1341 I am_pss  : [2062,1000,com.android.settings,29900800,22532096]
07-02 20:53:34.929  1319  1341 I am_pss  : [2785,1000,com.vivo.nail,30473216,26652672]
07-02 20:53:34.939  1319  1341 I am_pss  : [3417,10048,com.vivo.doubletimezoneclock,11262976,10211328]
07-02 20:53:34.949  1319  1341 I am_pss  : [2735,1001,com.qualcomm.qcrilmsgtunnel,3849216,3072000]
07-02 20:53:34.959  1319  1341 I am_pss  : [2269,1000,com.android.bbklog,6029312,5206016]
07-02 20:53:34.969  1319  1341 I am_pss  : [4967,1000,com.qualcomm.qti.GBAHttpAuthentication.auth,2865152,2154496]
07-02 20:53:34.979  1319  1341 I am_pss  : [4892,10021,com.vivo.audiofx,3958784,3182592]
07-02 20:53:34.989  1319  1341 I am_pss  : [3603,1000,com.volte.config,4169728,3248128]
07-02 20:53:35.009  1319  1341 I am_pss  : [3480,10117,com.tencent.mobileqq:MSF,24075264,18829312]
07-02 20:53:35.019  1319  1341 I am_pss  : [4129,1000,com.vivo.nightpearl,36487168,24907776]
07-02 20:53:35.029  1319  1341 I am_pss  : [3557,10117,com.tencent.mobileqq,15782912,10788864]
07-02 20:53:35.049  1319  1341 I am_pss  : [3328,1002,com.android.bluetooth,11784192,9785344]
07-02 20:53:35.059  1319  1341 I am_pss  : [3084,1000,com.qti.service.colorservice,2981888,2236416]
07-02 20:53:35.069  1319  1341 I am_pss  : [2229,10061,com.baidu.map.location,7027712,5722112]
07-02 20:53:35.079  1319  1341 I am_pss  : [2707,10093,com.android.smspush,2740224,2072576]
07-02 20:53:35.089  1319  1341 I am_pss  : [2667,10058,com.vivo.magazine,5487616,4689920]
07-02 20:53:37.739  1319  1343 I am_broadcast_discard_app: [0,219672726,android.net.wifi.RSSI_CHANGED,0,ResolveInfo{8835417 com.tencent.androidqqmail/com.tencent.qqmail.utilities.qmbroadcastreceiver.WifiChangeReceiver m=0x108000}]
07-02 20:53:38.429  1319  2336 I am_finish_activity: [0,111805745,3,com.tencent.mm/.plugin.sns.ui.En_424b8e16,app-request]
07-02 20:53:38.429  1319  2336 I am_home_stack_moved: [0,0,1,1,finishActivity adjustFocus setFocusedActivity]
07-02 20:53:38.429  1319  2336 I wm_task_moved: [3,1,0]
07-02 20:53:38.439  1319  2336 I am_focused_activity: [0,com.tencent.mm/.ui.LauncherUI]
07-02 20:53:38.439  1319  2336 I am_pause_activity: [0,111805745,com.tencent.mm/.plugin.sns.ui.En_424b8e16]
07-02 20:53:38.449  2176  2176 I am_on_paused_called: [0,com.tencent.mm.plugin.sns.ui.En_424b8e16]
07-02 20:53:38.449  1319  2385 I am_resume_activity: [0,198275534,3,com.tencent.mm/.ui.LauncherUI]
07-02 20:53:38.469  1319  2385 I am_focused_activity: [0,com.tencent.mm/.ui.LauncherUI]
07-02 20:53:38.509  2176  2176 I am_on_resume_called: [0,com.tencent.mm.ui.LauncherUI]
07-02 20:53:38.849  1319  1343 I am_destroy_activity: [0,111805745,3,com.tencent.mm/.plugin.sns.ui.En_424b8e16,finish-imm]
07-02 20:53:38.869   506   506 I sf_frame_dur: [com.tencent.mm/com.tencent.mm.plugin.sns.ui.En_424b8e16,441,17,7,5,5,6,11]
07-02 20:53:38.919  1319  2393 I am_proc_died: [0,8513,com.bbk.appstore]
07-02 20:53:38.919  1319  2393 I am_schedule_service_restart: [0,com.bbk.appstore/.update.AutoUpdateService,1000]
07-02 20:53:39.929  1319  1343 I am_proc_start: [0,8557,10023,com.bbk.appstore,service,com.bbk.appstore/.update.AutoUpdateService]
07-02 20:53:39.969  1319  2460 I am_proc_bound: [0,8557,com.bbk.appstore]
07-02 20:53:40.269  1319  1813 I sysui_histogram: [power_double_tap_interval,746754]
07-02 20:53:40.409  1319  1813 I power_sleep_requested: 0
07-02 20:53:40.409  1319  1319 I power_screen_state: [0,2,0,0]
07-02 20:53:40.409  1319  1319 I screen_toggled: 0
07-02 20:53:40.409  1319  1319 I sysui_histogram: [screen_timeout,30]
07-02 20:53:40.409  1319  1319 I power_screen_broadcast_send: 1
07-02 20:53:40.469  1319  1319 I am_pause_activity: [0,198275534,com.tencent.mm/.ui.LauncherUI]
07-02 20:53:40.499  1319  1319 I sysui_histogram: [fingerprint_token,0]
07-02 20:53:40.539  2176  2176 I am_on_paused_called: [0,com.tencent.mm.ui.LauncherUI]
07-02 20:53:40.539  1319  1343 I am_focused_activity: [0,com.tencent.mm/.ui.LauncherUI]
07-02 20:53:40.589  1947  1947 I sysui_status_bar_state: [1,1,0,0,1,0]
07-02 20:53:40.599  1319  2460 I notification_expansion: [0|com.android.bbklog|1|null|1000|0,0,0,887622,887622,0]
07-02 20:53:40.689  1319  1319 I power_screen_broadcast_done: [0,274,1]
07-02 20:53:41.889   506   506 I sf_frame_dur: [ColorFade,14,1,0,0,0,0,0]
07-02 20:53:51.569  1319  1341 I am_pss  : [4266,10076,com.bbk.updater,5911552,4960256]
07-02 20:53:51.589  1319  1341 I am_pss  : [5319,10079,com.bbk.calendar,3935232,3190784]
07-02 20:53:51.609  1319  1341 I am_pss  : [2877,10055,com.iqoo.secure:remote,28475392,23945216]
07-02 20:53:51.619  1319  1341 I am_pss  : [3749,10003,com.android.contacts,10633216,9256960]
07-02 20:53:51.639  1319  1341 I am_pss  : [5531,10038,com.vivo.weather.provider,9422848,8638464]
07-02 20:53:51.649  1319  1341 I am_pss  : [4794,10011,com.android.mms,14897152,12980224]
07-02 20:53:51.659  1319  1341 I am_pss  : [4176,10002,com.android.providers.calendar,4512768,3719168]
07-02 20:53:51.679  1319  1341 I am_pss  : [2833,10055,com.iqoo.secure,146283520,137818112]
07-02 20:53:51.689  1319  1341 I am_pss  : [4426,1000,com.qualcomm.qti.RIDL,3062784,2379776]
07-02 20:53:51.699  1319  1341 I am_pss  : [5133,1000,com.vivo.fingerprint,3531776,2809856]
07-02 20:53:51.709  1319  1341 I am_pss  : [5093,1000,com.qualcomm.qti.biometrics.voiceprint.service,2660352,2023424]
07-02 20:53:51.719  1319  1341 I am_pss  : [4997,10080,com.android.camera,16665600,14352384]
07-02 20:53:51.729  1319  1341 I am_pss  : [4931,1000,com.qualcomm.qti.modemtestmode,2812928,2134016]
07-02 20:53:51.749  1319  1341 I am_pss  : [3777,1001,org.codeaurora.ims,2860032,2109440]
07-02 20:53:51.759  1319  1341 I am_pss  : [4753,10010,com.android.managedprovisioning,2918400,2273280]
07-02 20:53:51.769  1319  1341 I am_pss  : [4722,1000,com.qualcomm.qti.seemp.service:seemp_service,2748416,2093056]
07-02 20:53:51.779  1319  1341 I am_pss  : [4695,1000,com.iqoo.powersaving,3428352,2756608]
07-02 20:53:51.789  1319  1341 I am_pss  : [4402,1000,com.vivo.networkstate,2987008,2310144]
07-02 20:53:55.239  1319  2343 I am_proc_died: [0,8557,com.bbk.appstore]
07-02 20:53:55.239  1319  2343 I am_schedule_service_restart: [0,com.bbk.appstore/.update.AutoUpdateService,1000]
07-02 20:53:56.279  1319  1343 I am_proc_start: [0,8608,10023,com.bbk.appstore,service,com.bbk.appstore/.update.AutoUpdateService]
07-02 20:53:56.339  1319  2306 I am_proc_bound: [0,8608,com.bbk.appstore]
07-02 20:54:11.649  1319  2393 I am_proc_died: [0,8608,com.bbk.appstore]
07-02 20:54:11.649  1319  2393 I am_schedule_service_restart: [0,com.bbk.appstore/.update.AutoUpdateService,1000]
07-02 20:54:11.679  1319  1341 I am_pss  : [3651,10185,com.tencent.mm:exdevice,19030016,12480512]
07-02 20:54:11.699  1319  1341 I am_pss  : [2116,10057,com.bbk.iqoo.logsystem,9554944,8085504]
07-02 20:54:11.719  1319  1341 I am_pss  : [3467,10185,com.tencent.mm:push,21913600,16523264]
07-02 20:54:12.699  1319  1343 I am_proc_start: [0,8643,10023,com.bbk.appstore,service,com.bbk.appstore/.update.AutoUpdateService]
07-02 20:54:12.749  1319  1340 I am_proc_bound: [0,8643,com.bbk.appstore]
07-02 20:54:28.049  1319  1339 I am_proc_died: [0,8643,com.bbk.appstore]
07-02 20:54:28.049  1319  1339 I am_schedule_service_restart: [0,com.bbk.appstore/.update.AutoUpdateService,1000]
07-02 20:54:29.089  1319  1343 I am_proc_start: [0,8675,10023,com.bbk.appstore,service,com.bbk.appstore/.update.AutoUpdateService]
07-02 20:54:29.109  1319  2067 I am_proc_bound: [0,8675,com.bbk.appstore]
07-02 20:54:44.389  1319  2352 I am_proc_died: [0,8675,com.bbk.appstore]
07-02 20:54:44.389  1319  2352 I am_schedule_service_restart: [0,com.bbk.appstore/.update.AutoUpdateService,1000]
07-02 20:54:45.429  1319  1343 I am_proc_start: [0,8705,10023,com.bbk.appstore,service,com.bbk.appstore/.update.AutoUpdateService]
07-02 20:54:45.449  1319  1339 I am_proc_bound: [0,8705,com.bbk.appstore]
07-02 20:55:00.749  1319  2381 I am_proc_died: [0,8705,com.bbk.appstore]
07-02 20:55:00.749  1319  2381 I am_schedule_service_restart: [0,com.bbk.appstore/.update.AutoUpdateService,1000]
07-02 20:55:01.789  1319  1343 I am_proc_start: [0,8739,10023,com.bbk.appstore,service,com.bbk.appstore/.update.AutoUpdateService]
07-02 20:55:01.859  1319  2306 I am_proc_bound: [0,8739,com.bbk.appstore]
07-02 20:55:17.149  1319  2067 I am_proc_died: [0,8739,com.bbk.appstore]
07-02 20:55:17.149  1319  2067 I am_schedule_service_restart: [0,com.bbk.appstore/.update.AutoUpdateService,1000]
07-02 20:55:17.199  1319  1341 I am_pss  : [2395,1001,com.android.phone,39932928,34189312]
07-02 20:55:17.229  1319  1341 I am_pss  : [2374,1000,com.vivo.upslide,36533248,33751040]
07-02 20:55:17.239  1319  1341 I am_pss  : [2356,1000,com.qualcomm.qti.tetherservice,4090880,3293184]
07-02 20:55:17.259  1319  1341 I am_pss  : [2338,1000,com.android.server.telecom,7041024,5976064]
07-02 20:55:17.269  1319  1341 I am_pss  : [2314,1000,com.qti.dpmserviceapp,3600384,2867200]
07-02 20:55:17.279  1319  1341 I am_pss  : [2300,1000,com.quicinc.cne.CNEService,5140480,4276224]
07-02 20:55:17.289  1319  1341 I am_pss  : [2290,1000,com.vivo.daemonService,28728320,26255360]
07-02 20:55:17.309  1319  1341 I am_pss  : [2277,1000,com.vivo.abe,35673088,32530432]
07-02 20:55:17.329  1319  1341 I am_pss  : [1947,10017,com.android.systemui,156821504,133197824]
07-02 20:55:17.399  1319  1341 I am_pss  : [1319,1000,system,139789312,132579328]
07-02 20:55:18.179  1319  1343 I am_proc_start: [0,8771,10023,com.bbk.appstore,service,com.bbk.appstore/.update.AutoUpdateService]
07-02 20:55:18.209  1319  1914 I am_proc_bound: [0,8771,com.bbk.appstore]
07-02 20:55:33.519  1319  1921 I am_proc_died: [0,8771,com.bbk.appstore]
07-02 20:55:33.529  1319  1921 I am_schedule_service_restart: [0,com.bbk.appstore/.update.AutoUpdateService,1000]
07-02 20:55:33.619  1319  1341 I am_pss  : [2176,10185,com.tencent.mm,177551360,150175744]
07-02 20:55:33.639  1319  1341 I am_pss  : [8371,10113,com.sankuai.meituan:dppushservice,25324544,22450176]
07-02 20:55:34.569  1319  1343 I am_proc_start: [0,8804,10023,com.bbk.appstore,service,com.bbk.appstore/.update.AutoUpdateService]
07-02 20:55:34.639  1319  2343 I am_proc_bound: [0,8804,com.bbk.appstore]
07-02 20:55:49.929  1319  2460 I am_proc_died: [0,8804,com.bbk.appstore]
07-02 20:55:49.929  1319  2460 I am_schedule_service_restart: [0,com.bbk.appstore/.update.AutoUpdateService,1000]
07-02 20:55:50.979  1319  1343 I am_proc_start: [0,8836,10023,com.bbk.appstore,service,com.bbk.appstore/.update.AutoUpdateService]
07-02 20:55:51.009  1319  1340 I am_proc_bound: [0,8836,com.bbk.appstore]
07-02 20:56:00.349  1319  1319 I am_proc_start: [0,8866,10141,com.dotamax.app:pushservice,service,com.dotamax.app/com.xiaomi.push.service.XMJobService]
07-02 20:56:00.349  1319  1341 I am_pss  : [2877,10055,com.iqoo.secure:remote,28483584,23953408]
07-02 20:56:00.389  1319  2352 I am_proc_bound: [0,8866,com.dotamax.app:pushservice]
07-02 20:56:00.579  1319  2348 I am_proc_start: [0,8887,10141,com.dotamax.app:mult,service,com.dotamax.app/cn.jpush.android.service.PushService]
07-02 20:56:00.609  1319  2336 I am_proc_bound: [0,8887,com.dotamax.app:mult]
07-02 20:56:05.409  1319  1319 I sysui_histogram: [fingerprint_token,0]
07-02 20:56:06.309  1319  2381 I am_proc_died: [0,8836,com.bbk.appstore]
07-02 20:56:06.309  1319  2381 I am_schedule_service_restart: [0,com.bbk.appstore/.update.AutoUpdateService,1000]
07-02 20:56:07.349  1319  1343 I am_proc_start: [0,8939,10023,com.bbk.appstore,service,com.bbk.appstore/.update.AutoUpdateService]
07-02 20:56:07.369  1319  2352 I am_proc_bound: [0,8939,com.bbk.appstore]
07-02 20:56:22.649  1319  2385 I am_proc_died: [0,8939,com.bbk.appstore]
07-02 20:56:22.649  1319  2385 I am_schedule_service_restart: [0,com.bbk.appstore/.update.AutoUpdateService,1000]
07-02 20:56:22.689  1319  1341 I am_pss  : [8866,10141,com.dotamax.app:pushservice,10403840,6475776]
07-02 20:56:22.709  1319  1341 I am_pss  : [8887,10141,com.dotamax.app:mult,12325888,8376320]
07-02 20:56:23.699  1319  1343 I am_proc_start: [0,8971,10023,com.bbk.appstore,service,com.bbk.appstore/.update.AutoUpdateService]
07-02 20:56:23.729  1319  1914 I am_proc_bound: [0,8971,com.bbk.appstore]
07-02 20:56:39.009  1319  1914 I am_proc_died: [0,8971,com.bbk.appstore]
07-02 20:56:39.009  1319  1914 I am_schedule_service_restart: [0,com.bbk.appstore/.update.AutoUpdateService,1000]
07-02 20:56:40.039  1319  1343 I am_proc_start: [0,9002,10023,com.bbk.appstore,service,com.bbk.appstore/.update.AutoUpdateService]
07-02 20:56:40.079  1319  2348 I am_proc_bound: [0,9002,com.bbk.appstore]
07-02 20:56:44.989  1319  2385 I am_kill : [0,8371,com.sankuai.meituan:dppushservice,5,stop com.sankuai.meituan]
07-02 20:56:45.019  1319  2385 I am_schedule_service_restart: [0,com.sankuai.meituan/com.dianping.base.push.pushservice.dp.DPPushService,1000]
07-02 20:56:45.049  1319  1319 I notification_cancel_all: [1000,1319,com.sankuai.meituan,0,0,0,5,NULL]
07-02 20:56:45.109  1319  2421 I am_broadcast_discard_app: [0,245289497,android.intent.action.PACKAGE_RESTARTED,4,ResolveInfo{5f942de com.suning.mobile.ebuy/com.suning.cloud.push.pushservice.RegistrationReceiver m=0x208000}]
07-02 20:56:45.909  1319  2393 I am_kill : [0,8156,com.dangdang.buy2,1,stop com.dangdang.buy2]
07-02 20:56:45.979  1319  2393 I am_schedule_service_restart: [0,com.dangdang.buy2/com.morgoo.droidplugin.PluginManagerService,1000]
07-02 20:56:45.979  1319  2393 I am_schedule_service_restart: [0,com.dangdang.buy2/.keepalive.service.RestartJobService,11000]
07-02 20:56:45.979  1319  2393 I am_schedule_service_restart: [0,com.dangdang.buy2/cn.xiaoneng.xpush.pushxiaoneng.XPushIMService,21000]
07-02 20:56:45.979  1319  2393 I am_kill : [0,8194,com.dangdang.buy2:pushservice,5,stop com.dangdang.buy2]
07-02 20:56:46.009  1319  2393 I am_schedule_service_restart: [0,com.dangdang.buy2/com.xiaomi.push.service.XMPushService,30977]
07-02 20:56:46.019  1319  1319 I notification_cancel_all: [1000,1319,com.dangdang.buy2,0,0,0,5,NULL]
07-02 20:56:46.059  1319  2355 I am_broadcast_discard_app: [0,97390476,android.intent.action.PACKAGE_RESTARTED,4,ResolveInfo{3c176d5 com.suning.mobile.ebuy/com.suning.cloud.push.pushservice.RegistrationReceiver m=0x208000}]
07-02 20:56:46.489  1319  1339 I am_kill : [0,8866,com.dotamax.app:pushservice,5,stop com.dotamax.app]
07-02 20:56:46.529  1319  1339 I am_schedule_service_restart: [0,com.dotamax.app/com.xiaomi.push.service.XMPushService,1000]
07-02 20:56:46.529  1319  1339 I am_kill : [0,8887,com.dotamax.app:mult,5,stop com.dotamax.app]
07-02 20:56:46.559  1319  1339 I am_schedule_service_restart: [0,com.dotamax.app/cn.jpush.android.service.PushService,10968]
07-02 20:56:46.579  1319  1319 I notification_cancel_all: [1000,1319,com.dotamax.app,0,0,0,5,NULL]
07-02 20:56:46.609  1319  1921 I am_broadcast_discard_app: [0,156413674,android.intent.action.PACKAGE_RESTARTED,4,ResolveInfo{c7bf5db com.suning.mobile.ebuy/com.suning.cloud.push.pushservice.RegistrationReceiver m=0x208000}]
07-02 20:57:01.840  1319  1319 I am_proc_start: [0,9037,10148,com.tmall.wireless,service,com.tmall.wireless/.push.service.TMPushMyJobService]
07-02 20:57:01.860  1319  1319 I am_proc_start: [0,9048,10113,com.sankuai.meituan:dppushservice,service,com.sankuai.meituan/com.dianping.base.push.pushservice.PushWakeUpJob]
07-02 20:57:01.880  1319  2381 I am_proc_bound: [0,9037,com.tmall.wireless]
07-02 20:57:01.940  1319  2343 I am_proc_bound: [0,9048,com.sankuai.meituan:dppushservice]
07-02 20:57:23.319  1319  1339 I am_proc_start: [0,9171,10148,com.tmall.wireless:channel,service,com.tmall.wireless/com.taobao.accs.ChannelService]
07-02 20:57:23.349  1319  2348 I am_proc_bound: [0,9171,com.tmall.wireless:channel]
07-02 20:57:23.929  1319  1319 I notification_enqueue: [10148,9171,com.tmall.wireless,9371,NULL,0,Notification(pri=0 contentView=com.tmall.wireless/0x1090085 vibrate=null sound=null defaults=0x0 flags=0x40 color=0x00000000 vis=PRIVATE),0]
07-02 20:57:23.929  1319  1319 I notification_enqueue: [10148,9171,com.tmall.wireless,9371,NULL,0,Notification(pri=0 contentView=com.tmall.wireless/0x1090085 vibrate=null sound=null defaults=0x0 flags=0x40 color=0x00000000 vis=PRIVATE),0]
07-02 20:57:24.139  1319  2385 I am_kill : [0,9048,com.sankuai.meituan:dppushservice,5,stop com.sankuai.meituan]
07-02 20:57:24.159  1319  2385 I am_schedule_service_restart: [0,com.sankuai.meituan/com.dianping.base.push.pushservice.dp.DPPushService,1000]
07-02 20:57:24.169  1319  1319 I notification_cancel_all: [1000,1319,com.sankuai.meituan,0,0,0,5,NULL]
07-02 20:57:24.249  1319  1921 I am_broadcast_discard_app: [0,21562301,android.intent.action.PACKAGE_RESTARTED,4,ResolveInfo{c685db2 com.suning.mobile.ebuy/com.suning.cloud.push.pushservice.RegistrationReceiver m=0x208000}]
07-02 20:57:24.609  1319  1319 I notification_cancel_all: [1000,1319,com.dangdang.buy2,0,0,0,5,NULL]
07-02 20:57:24.649  1319  2352 I am_broadcast_discard_app: [0,245911811,android.intent.action.PACKAGE_RESTARTED,4,ResolveInfo{1ab9880 com.suning.mobile.ebuy/com.suning.cloud.push.pushservice.RegistrationReceiver m=0x208000}]
07-02 20:57:24.869  1319  2067 I am_kill : [0,9037,com.tmall.wireless,9,stop com.tmall.wireless]
07-02 20:57:24.889  1319  2067 I am_kill : [0,9171,com.tmall.wireless:channel,2,stop com.tmall.wireless]
07-02 20:57:24.919  1319  2067 I am_schedule_service_restart: [0,com.tmall.wireless/com.taobao.accs.ChannelService,1000]
07-02 20:57:24.929  1319  1319 I notification_cancel_all: [1000,1319,com.tmall.wireless,0,0,0,5,NULL]
07-02 20:57:24.979  1319  1921 I am_broadcast_discard_app: [0,234529534,android.intent.action.PACKAGE_RESTARTED,4,ResolveInfo{fd4fa5f com.suning.mobile.ebuy/com.suning.cloud.push.pushservice.RegistrationReceiver m=0x208000}]
07-02 20:57:25.149  1319  1319 I notification_cancel_all: [1000,1319,ctrip.android.view,0,0,0,5,NULL]
07-02 20:57:25.159  1319  1339 I am_broadcast_discard_app: [0,108117164,android.intent.action.PACKAGE_RESTARTED,4,ResolveInfo{ef1ed75 com.suning.mobile.ebuy/com.suning.cloud.push.pushservice.RegistrationReceiver m=0x208000}]
07-02 20:58:02.561  1319  2348 I am_proc_died: [0,9002,com.bbk.appstore]
07-02 20:58:02.561  1319  2348 I am_schedule_service_restart: [0,com.bbk.appstore/.update.AutoUpdateService,1000]
07-02 20:59:00.850  1319  1319 I am_proc_start: [0,9276,10119,com.dangdang.buy2,service,com.dangdang.buy2/.keepalive.service.RestartJobService]
07-02 20:59:00.870  1319  1319 I am_proc_start: [0,9288,10113,com.sankuai.meituan:dppushservice,service,com.sankuai.meituan/com.dianping.base.push.pushservice.PushWakeUpJob]
07-02 20:59:00.890  1319  1343 I am_proc_start: [0,9299,10023,com.bbk.appstore,service,com.bbk.appstore/.update.AutoUpdateService]
07-02 20:59:00.890  1319  2306 I am_proc_bound: [0,9276,com.dangdang.buy2]
07-02 20:59:00.910  1319  2385 I am_proc_bound: [0,9288,com.sankuai.meituan:dppushservice]
07-02 20:59:00.930  1319  2393 I am_proc_bound: [0,9299,com.bbk.appstore]
07-02 20:59:01.470  1319  1914 I am_proc_start: [0,9367,10119,com.dangdang.buy2:pushservice,service,com.dangdang.buy2/com.xiaomi.push.service.XMPushService]
07-02 20:59:01.500  1319  2067 I am_proc_bound: [0,9367,com.dangdang.buy2:pushservice]
07-02 20:59:04.220  1319  1339 I battery_level: [26,3735,317]
07-02 20:59:16.360  1319  2306 I am_proc_died: [0,9299,com.bbk.appstore]
07-02 20:59:16.360  1319  2306 I am_schedule_service_restart: [0,com.bbk.appstore/.update.AutoUpdateService,1000]
07-02 20:59:17.380  1319  1343 I am_proc_start: [0,9441,10023,com.bbk.appstore,service,com.bbk.appstore/.update.AutoUpdateService]
07-02 20:59:17.410  1319  1340 I am_proc_bound: [0,9441,com.bbk.appstore]
07-02 20:59:21.010  1319  1341 I am_pss  : [9276,10119,com.dangdang.buy2,23132160,17158144]
07-02 20:59:21.020  1319  1341 I am_pss  : [3467,10185,com.tencent.mm:push,22112256,16715776]
07-02 20:59:32.630  1319  2067 I am_proc_died: [0,9441,com.bbk.appstore]
07-02 20:59:32.630  1319  2067 I am_schedule_service_restart: [0,com.bbk.appstore/.update.AutoUpdateService,1000]
07-02 20:59:32.650  1319  1341 I am_pss  : [9367,10119,com.dangdang.buy2:pushservice,12252160,7114752]
07-02 20:59:32.660  1319  1341 I am_pss  : [9288,10113,com.sankuai.meituan:dppushservice,25204736,22339584]
07-02 20:59:33.650  1319  1343 I am_proc_start: [0,9472,10023,com.bbk.appstore,service,com.bbk.appstore/.update.AutoUpdateService]
07-02 20:59:33.670  1319  1914 I am_proc_bound: [0,9472,com.bbk.appstore]
07-02 20:59:48.960  1319  2348 I am_proc_died: [0,9472,com.bbk.appstore]
07-02 20:59:48.960  1319  2348 I am_schedule_service_restart: [0,com.bbk.appstore/.update.AutoUpdateService,1000]
07-02 20:59:50.000  1319  1343 I am_proc_start: [0,9502,10023,com.bbk.appstore,service,com.bbk.appstore/.update.AutoUpdateService]
07-02 20:59:50.030  1319  2352 I am_proc_bound: [0,9502,com.bbk.appstore]
07-02 21:00:05.330  1319  2460 I am_proc_died: [0,9502,com.bbk.appstore]
07-02 21:00:05.330  1319  2460 I am_schedule_service_restart: [0,com.bbk.appstore/.update.AutoUpdateService,1000]
07-02 21:00:05.360  1319  1341 I am_pss  : [2877,10055,com.iqoo.secure:remote,28619776,23969792]
07-02 21:00:06.380  1319  1343 I am_proc_start: [0,9536,10023,com.bbk.appstore,service,com.bbk.appstore/.update.AutoUpdateService]
07-02 21:00:06.440  1319  2336 I am_proc_bound: [0,9536,com.bbk.appstore]
07-02 21:00:21.710  1319  2355 I am_proc_died: [0,9536,com.bbk.appstore]
07-02 21:00:21.710  1319  2355 I am_schedule_service_restart: [0,com.bbk.appstore/.update.AutoUpdateService,1000]
07-02 21:00:21.730  1319  1341 I am_pss  : [3467,10185,com.tencent.mm:push,22111232,16715776]
07-02 21:00:22.750  1319  1343 I am_proc_start: [0,9569,10023,com.bbk.appstore,service,com.bbk.appstore/.update.AutoUpdateService]
07-02 21:00:22.800  1319  2421 I am_proc_bound: [0,9569,com.bbk.appstore]
07-02 21:00:38.120  1319  2336 I am_proc_died: [0,9569,com.bbk.appstore]
07-02 21:00:38.120  1319  2336 I am_schedule_service_restart: [0,com.bbk.appstore/.update.AutoUpdateService,1000]
07-02 21:00:39.160  1319  1343 I am_proc_start: [0,9600,10023,com.bbk.appstore,service,com.bbk.appstore/.update.AutoUpdateService]
07-02 21:00:39.190  1319  1340 I am_proc_bound: [0,9600,com.bbk.appstore]
07-02 21:00:54.540  1319  2460 I am_proc_died: [0,9600,com.bbk.appstore]
07-02 21:00:54.540  1319  2460 I am_schedule_service_restart: [0,com.bbk.appstore/.update.AutoUpdateService,1000]
07-02 21:00:55.580  1319  1343 I am_proc_start: [0,9630,10023,com.bbk.appstore,service,com.bbk.appstore/.update.AutoUpdateService]
07-02 21:00:55.610  1319  2306 I am_proc_bound: [0,9630,com.bbk.appstore]
07-02 21:01:00.340  1319  1319 I am_proc_start: [0,9658,10183,com.evernote,service,com.evernote/.android.job.v21.PlatformJobService]
07-02 21:01:00.420  1319  1914 I am_proc_bound: [0,9658,com.evernote]
07-02 21:01:11.050  1319  2067 I am_proc_died: [0,9630,com.bbk.appstore]
07-02 21:01:11.050  1319  2067 I am_schedule_service_restart: [0,com.bbk.appstore/.update.AutoUpdateService,1000]
07-02 21:01:12.090  1319  1343 I am_proc_start: [0,9742,10023,com.bbk.appstore,service,com.bbk.appstore/.update.AutoUpdateService]
07-02 21:01:12.110  1319  2385 I am_proc_bound: [0,9742,com.bbk.appstore]
07-02 21:01:26.170  1319  1341 I am_pss  : [9658,10183,com.evernote,29542400,26664960]
07-02 21:01:26.180  1319  1341 I am_pss  : [9288,10113,com.sankuai.meituan:dppushservice,25168896,22437888]
07-02 21:01:27.400  1319  2352 I am_proc_died: [0,9742,com.bbk.appstore]
07-02 21:01:27.400  1319  2352 I am_schedule_service_restart: [0,com.bbk.appstore/.update.AutoUpdateService,1000]
07-02 21:01:28.440  1319  1343 I am_proc_start: [0,9779,10023,com.bbk.appstore,service,com.bbk.appstore/.update.AutoUpdateService]
07-02 21:01:28.470  1319  1914 I am_proc_bound: [0,9779,com.bbk.appstore]
07-02 21:01:43.780  1319  2067 I am_proc_died: [0,9779,com.bbk.appstore]
07-02 21:01:43.780  1319  2067 I am_schedule_service_restart: [0,com.bbk.appstore/.update.AutoUpdateService,1000]
07-02 21:01:44.830  1319  1343 I am_proc_start: [0,9808,10023,com.bbk.appstore,service,com.bbk.appstore/.update.AutoUpdateService]
07-02 21:01:44.880  1319  2385 I am_proc_bound: [0,9808,com.bbk.appstore]
07-02 21:02:00.160  1319  2460 I am_proc_died: [0,9808,com.bbk.appstore]
07-02 21:02:00.160  1319  2460 I am_schedule_service_restart: [0,com.bbk.appstore/.update.AutoUpdateService,1000]
07-02 21:02:00.360  1319  1319 I am_proc_start: [0,9838,10141,com.dotamax.app:pushservice,service,com.dotamax.app/com.xiaomi.push.service.XMJobService]
07-02 21:02:00.420  1319  2306 I am_proc_bound: [0,9838,com.dotamax.app:pushservice]
07-02 21:02:00.620  1319  1340 I am_proc_start: [0,9860,10141,com.dotamax.app:mult,service,com.dotamax.app/cn.jpush.android.service.PushService]
07-02 21:02:00.640  1319  2393 I am_proc_bound: [0,9860,com.dotamax.app:mult]
07-02 21:02:01.180  1319  1343 I am_proc_start: [0,9906,10023,com.bbk.appstore,service,com.bbk.appstore/.update.AutoUpdateService]
07-02 21:02:01.220  1319  2393 I am_proc_bound: [0,9906,com.bbk.appstore]
07-02 21:02:16.550  1319  2381 I am_proc_died: [0,9906,com.bbk.appstore]
07-02 21:02:16.550  1319  2381 I am_schedule_service_restart: [0,com.bbk.appstore/.update.AutoUpdateService,1000]
07-02 21:02:16.580  1319  1341 I am_pss  : [2877,10055,com.iqoo.secure:remote,28621824,23973888]
07-02 21:02:17.590  1319  1343 I am_proc_start: [0,9940,10023,com.bbk.appstore,service,com.bbk.appstore/.update.AutoUpdateService]
07-02 21:02:17.610  1319  2067 I am_proc_bound: [0,9940,com.bbk.appstore]
07-02 21:02:32.880  1319  2381 I am_proc_died: [0,9940,com.bbk.appstore]
07-02 21:02:32.880  1319  2381 I am_schedule_service_restart: [0,com.bbk.appstore/.update.AutoUpdateService,1000]
07-02 21:02:32.900  1319  1341 I am_pss  : [9838,10141,com.dotamax.app:pushservice,10332160,6483968]
07-02 21:02:32.920  1319  1341 I am_pss  : [9860,10141,com.dotamax.app:mult,9127936,5275648]
07-02 21:02:33.870  1319  1319 I sysui_histogram: [fingerprint_token,0]
07-02 21:02:33.910  1319  1343 I am_proc_start: [0,9971,10023,com.bbk.appstore,service,com.bbk.appstore/.update.AutoUpdateService]
07-02 21:02:33.940  1319  1339 I am_proc_bound: [0,9971,com.bbk.appstore]
07-02 21:02:39.270  1319  1319 I free_storage_changed: 23198957568
07-02 21:02:49.220  1319  2306 I am_proc_died: [0,9971,com.bbk.appstore]
07-02 21:02:49.230  1319  2306 I am_schedule_service_restart: [0,com.bbk.appstore/.update.AutoUpdateService,1000]
07-02 21:02:50.260  1319  1343 I am_proc_start: [0,10001,10023,com.bbk.appstore,service,com.bbk.appstore/.update.AutoUpdateService]
07-02 21:02:50.290  1319  2381 I am_proc_bound: [0,10001,com.bbk.appstore]
07-02 21:03:03.450  1319  2385 I am_kill : [0,9288,com.sankuai.meituan:dppushservice,5,stop com.sankuai.meituan]
07-02 21:03:03.510  1319  2385 I am_schedule_service_restart: [0,com.sankuai.meituan/com.dianping.base.push.pushservice.dp.DPPushService,1000]
07-02 21:03:03.540  1319  1319 I notification_cancel_all: [1000,1319,com.sankuai.meituan,0,0,0,5,NULL]
07-02 21:03:03.600  1319  2421 I am_broadcast_discard_app: [0,57206274,android.intent.action.PACKAGE_RESTARTED,4,ResolveInfo{14abb13 com.suning.mobile.ebuy/com.suning.cloud.push.pushservice.RegistrationReceiver m=0x208000}]
07-02 21:03:04.400  1319  2355 I am_kill : [0,9276,com.dangdang.buy2,1,stop com.dangdang.buy2]
07-02 21:03:04.430  1319  2355 I am_schedule_service_restart: [0,com.dangdang.buy2/.keepalive.service.RestartJobService,1000]
07-02 21:03:04.430  1319  2355 I am_schedule_service_restart: [0,com.dangdang.buy2/com.morgoo.droidplugin.PluginManagerService,11000]
07-02 21:03:04.430  1319  2355 I am_kill : [0,9367,com.dangdang.buy2:pushservice,5,stop com.dangdang.buy2]
07-02 21:03:04.460  1319  2355 I am_schedule_service_restart: [0,com.dangdang.buy2/com.xiaomi.push.service.XMPushService,20967]
07-02 21:03:04.480  1319  1319 I notification_cancel_all: [1000,1319,com.dangdang.buy2,0,0,0,5,NULL]
07-02 21:03:04.520  1319  1339 I am_broadcast_discard_app: [0,176382030,android.intent.action.PACKAGE_RESTARTED,4,ResolveInfo{b9bf56f com.suning.mobile.ebuy/com.suning.cloud.push.pushservice.RegistrationReceiver m=0x208000}]
07-02 21:03:04.970  1319  2460 I am_kill : [0,9838,com.dotamax.app:pushservice,5,stop com.dotamax.app]
07-02 21:03:05.020  1319  2460 I am_schedule_service_restart: [0,com.dotamax.app/com.xiaomi.push.service.XMPushService,1000]
07-02 21:03:05.020  1319  2460 I am_kill : [0,9860,com.dotamax.app:mult,5,stop com.dotamax.app]
07-02 21:03:05.050  1319  2460 I am_schedule_service_restart: [0,com.dotamax.app/cn.jpush.android.service.PushService,10974]
07-02 21:03:05.060  1319  1319 I notification_cancel_all: [1000,1319,com.dotamax.app,0,0,0,5,NULL]
07-02 21:03:05.110  1319  1340 I am_broadcast_discard_app: [0,151618172,android.intent.action.PACKAGE_RESTARTED,4,ResolveInfo{6b68705 com.suning.mobile.ebuy/com.suning.cloud.push.pushservice.RegistrationReceiver m=0x208000}]
07-02 21:03:05.340  1319  1319 I notification_cancel_all: [1000,1319,com.tmall.wireless,0,0,0,5,NULL]
07-02 21:03:05.380  1319  2355 I am_broadcast_discard_app: [0,196686682,android.intent.action.PACKAGE_RESTARTED,4,ResolveInfo{d1c798b com.suning.mobile.ebuy/com.suning.cloud.push.pushservice.RegistrationReceiver m=0x208000}]
07-02 21:03:05.560  1319  2393 I am_proc_died: [0,10001,com.bbk.appstore]
07-02 21:03:05.560  1319  2393 I am_schedule_service_restart: [0,com.bbk.appstore/.update.AutoUpdateService,1000]
07-02 21:03:05.790  1319  2067 I am_kill : [0,9658,com.evernote,5,stop com.evernote]
07-02 21:03:05.820  1319  2067 I am_schedule_service_restart: [0,com.evernote/com.google.firebase.iid.FirebaseInstanceIdService,10818]
07-02 21:03:05.820  1319  2067 I am_schedule_service_restart: [0,com.evernote/.messages.EvernoteWebSocketService,20818]
07-02 21:03:05.830  1319  1319 I notification_cancel_all: [1000,1319,com.evernote,0,0,0,5,NULL]
07-02 21:03:05.890  1319  2393 I am_broadcast_discard_app: [0,246041192,android.intent.action.PACKAGE_RESTARTED,4,ResolveInfo{59d8e81 com.suning.mobile.ebuy/com.suning.cloud.push.pushservice.RegistrationReceiver m=0x208000}]
07-02 21:03:06.590  1319  1343 I am_proc_start: [0,10040,10023,com.bbk.appstore,service,com.bbk.appstore/.update.AutoUpdateService]
07-02 21:03:06.630  1319  2352 I am_proc_bound: [0,10040,com.bbk.appstore]
07-02 21:04:08.210  1319  1319 I power_screen_state: [1,0,0,0]
07-02 21:04:08.210  1319  1319 I screen_toggled: 1
07-02 21:04:08.210  1319  1319 I power_screen_broadcast_send: 1
07-02 21:04:08.380   506   506 I sf_frame_dur: [NightPearlView,1,0,1,0,0,2,9]
07-02 21:04:08.390  1319  1319 I power_screen_broadcast_done: [1,176,1]
07-02 21:04:09.230  1319  1319 I sysui_action: [252,false]
07-02 21:04:09.430  1319  1319 I sysui_action: [252,true]
07-02 21:04:09.440  1947  5748 I screen_toggled: 2
07-02 21:04:09.460  1947  1947 I sysui_status_bar_state: [1,0,0,0,1,0]
07-02 21:04:09.470  1319  2421 I am_resume_activity: [0,198275534,3,com.tencent.mm/.ui.LauncherUI]
07-02 21:04:09.480  1319  2421 I am_focused_activity: [0,com.tencent.mm/.ui.LauncherUI]
07-02 21:04:09.480  1319  1343 I am_broadcast_discard_app: [0,176766324,android.intent.action.USER_PRESENT,0,ResolveInfo{8e0b29d com.jd.jrapp/com.tencent.android.tpush.XGPushReceiver p=2147483647 m=0x108000}]
07-02 21:04:09.490  1319  1343 I am_broadcast_discard_app: [0,176766324,android.intent.action.USER_PRESENT,1,ResolveInfo{861312 com.zhongcai500/com.tencent.android.tpush.XGPushReceiver p=2147483647 m=0x108000}]
07-02 21:04:09.490  1319  1343 I am_broadcast_discard_app: [0,176766324,android.intent.action.USER_PRESENT,2,ResolveInfo{4d1cae3 com.gotokeep.keep/com.tencent.android.tpush.XGPushReceiver p=2147483647 m=0x108000}]
07-02 21:04:09.490  1319  1343 I am_broadcast_discard_app: [0,176766324,android.intent.action.USER_PRESENT,3,ResolveInfo{7b6bce0 cn.wps.moffice_eng/cn.wps.moffice.service.receivers.MonitorServiceReceiver p=2147483647 m=0x108000}]
07-02 21:04:09.490  1319  1343 I am_broadcast_discard_app: [0,176766324,android.intent.action.USER_PRESENT,4,ResolveInfo{b9adb99 com.eg.android.AlipayGphone/com.alipay.pushsdk.BroadcastActionReceiver p=2147483647 m=0x108000}]
07-02 21:04:09.490  1319  2393 I notification_expansion: [0|com.android.bbklog|1|null|1000|0,0,1,1516523,1516523,0]
07-02 21:04:09.500  1319  2393 I am_broadcast_discard_app: [0,176766324,android.intent.action.USER_PRESENT,7,ResolveInfo{12e4e5e com.mfw.roadbook/com.eguan.monitor.receiver.SystemStartReceiver p=9999 m=0x108000}]
07-02 21:04:09.530  2176  2176 I am_on_resume_called: [0,com.tencent.mm.ui.LauncherUI]
07-02 21:04:09.530  1319  2393 I am_broadcast_discard_app: [0,176766324,android.intent.action.USER_PRESENT,13,ResolveInfo{d8cf26a com.UCMobile/com.taobao.accs.EventReceiver m=0x108000}]
07-02 21:04:09.530  1319  1343 I am_broadcast_discard_app: [0,176766324,android.intent.action.USER_PRESENT,15,ResolveInfo{edbb35b cn.damai/com.igexin.sdk.PushReceiver m=0x108000}]
07-02 21:04:09.530  1319  1343 I am_broadcast_discard_app: [0,176766324,android.intent.action.USER_PRESENT,16,ResolveInfo{79347f8 cn.damai/com.taobao.accs.EventReceiver m=0x108000}]
07-02 21:04:09.530  1319  1343 I am_broadcast_discard_app: [0,176766324,android.intent.action.USER_PRESENT,18,ResolveInfo{b7364d1 com.taobao.taobao/com.taobao.accs.EventReceiver m=0x108000}]
07-02 21:04:09.530  1319  1343 I am_broadcast_discard_app: [0,176766324,android.intent.action.USER_PRESENT,19,ResolveInfo{37fcb36 fm.xiami.main/com.taobao.accs.EventReceiver m=0x108000}]
07-02 21:04:09.530  1319  1343 I am_broadcast_discard_app: [0,176766324,android.intent.action.USER_PRESENT,20,ResolveInfo{f182a37 com.qiyi.video/com.baidu.android.pushservice.PushServiceReceiver m=0x108000}]
07-02 21:04:09.530  1319  1343 I am_broadcast_discard_app: [0,176766324,android.intent.action.USER_PRESENT,21,ResolveInfo{7b0eba4 com.qiyi.video/com.iqiyi.pushservice.PushServiceReceiver m=0x108000}]
07-02 21:04:09.530  1319  1343 I am_broadcast_discard_app: [0,176766324,android.intent.action.USER_PRESENT,22,ResolveInfo{2f87d0d com.qiyi.video/com.iqiyi.hcim.service.BroadcastCenter m=0x108000}]
07-02 21:04:09.530  1319  1343 I am_broadcast_discard_app: [0,176766324,android.intent.action.USER_PRESENT,23,ResolveInfo{ef564c2 com.qiyi.video/com.iqiyi.impushservice.receiver.ImPushServiceReceiver m=0x108000}]
07-02 21:04:09.530  1319  1343 I am_broadcast_discard_app: [0,176766324,android.intent.action.USER_PRESENT,24,ResolveInfo{33b32d3 com.jianshu.haruki/com.igexin.sdk.PushReceiver m=0x108000}]
07-02 21:04:09.530  1319  1343 I am_broadcast_discard_app: [0,176766324,android.intent.action.USER_PRESENT,25,ResolveInfo{be31e10 com.autonavi.minimap/com.taobao.accs.EventReceiver m=0x108000}]
07-02 21:04:09.540  1319  1343 I am_broadcast_discard_app: [0,176766324,android.intent.action.USER_PRESENT,26,ResolveInfo{33cdd09 com.baidu.netdisk/com.baidu.android.pushservice.PushServiceReceiver m=0x108000}]
07-02 21:04:09.540  1319  1343 I am_broadcast_discard_app: [0,176766324,android.intent.action.USER_PRESENT,27,ResolveInfo{a390b0e com.baidu.netdisk/com.baidu.devicesecurity.receiver.DSDeviceAdminReceiver m=0x108000}]
07-02 21:04:09.540  1319  1343 I am_broadcast_discard_app: [0,176766324,android.intent.action.USER_PRESENT,29,ResolveInfo{67c292f cn.wps.moffice_eng/com.igexin.sdk.PushReceiver m=0x108000}]
07-02 21:04:09.540  1319  1343 I am_broadcast_discard_app: [0,176766324,android.intent.action.USER_PRESENT,30,ResolveInfo{c40b3c com.dajie.official/com.igexin.sdk.PushReceiver m=0x108000}]
07-02 21:04:09.540  1319  1343 I am_broadcast_discard_app: [0,176766324,android.intent.action.USER_PRESENT,31,ResolveInfo{b4d40c5 com.suning.mobile.ebuy/com.taobao.accs.EventReceiver m=0x108000}]
07-02 21:04:09.540  1319  1343 I am_broadcast_discard_app: [0,176766324,android.intent.action.USER_PRESENT,32,ResolveInfo{6feca1a air.tv.douyu.android/com.igexin.sdk.PushReceiver m=0x108000}]
07-02 21:04:09.540  1319  1343 I am_broadcast_discard_app: [0,176766324,android.intent.action.USER_PRESENT,33,ResolveInfo{62c294b com.mfw.roadbook/com.igexin.sdk.PushReceiver m=0x108000}]
07-02 21:04:09.540  1319  1343 I am_broadcast_discard_app: [0,176766324,android.intent.action.USER_PRESENT,34,ResolveInfo{649f28 com.jingdong.pdj/com.igexin.sdk.PushReceiver m=0x108000}]
07-02 21:04:09.540  1319  1343 I am_broadcast_discard_app: [0,176766324,android.intent.action.USER_PRESENT,35,ResolveInfo{4462441 com.mobike.mobikeapp/com.igexin.sdk.PushReceiver m=0x108000}]
07-02 21:04:09.540  1319  1343 I am_broadcast_discard_app: [0,176766324,android.intent.action.USER_PRESENT,36,ResolveInfo{c2f6de6 com.mobike.mobikeapp/com.hyphenate.chat.EMMonitorReceiver m=0x108000}]
07-02 21:04:09.540  1319  1343 I am_broadcast_discard_app: [0,176766324,android.intent.action.USER_PRESENT,37,ResolveInfo{9920f27 com.duowan.mobile/com.taobao.accs.EventReceiver m=0x108000}]
07-02 21:04:09.540  1319  1343 I am_broadcast_discard_app: [0,176766324,android.intent.action.USER_PRESENT,38,ResolveInfo{2f885d4 com.movier.magicbox/io.rong.push.PushReceiver m=0x108000}]
07-02 21:04:09.540  1319  1343 I am_broadcast_discard_app: [0,176766324,android.intent.action.USER_PRESENT,39,ResolveInfo{28fc37d com.youdao.dict/com.youdao.dnscache.net.networktype.NetworkStateReceiver m=0x108000}]
07-02 21:04:09.540  1319  1343 I am_broadcast_discard_app: [0,176766324,android.intent.action.USER_PRESENT,40,ResolveInfo{4748272 com.panda.videoliveplatform/tv.panda.component.WakeUpReceiver m=0x108000}]
07-02 21:04:09.540  1319  1343 I am_broadcast_discard_app: [0,176766324,android.intent.action.USER_PRESENT,41,ResolveInfo{b8676c3 com.hunantv.imgo.activity/com.igexin.sdk.PushReceiver m=0x108000}]
07-02 21:04:09.540  1319  1343 I am_broadcast_discard_app: [0,176766324,android.intent.action.USER_PRESENT,42,ResolveInfo{e422b40 com.tencent.androidqqmail/com.tencent.qqmail.utilities.qmbroadcastreceiver.QMPushReceiver m=0x108000}]
07-02 21:04:10.100  1319  2067 I battery_level: [25,3752,315]
07-02 21:04:11.310  1319  1343 I am_broadcast_discard_app: [0,227680856,android.net.wifi.RSSI_CHANGED,0,ResolveInfo{5bf9fb1 com.tencent.androidqqmail/com.tencent.qqmail.utilities.qmbroadcastreceiver.WifiChangeReceiver m=0x108000}]
07-02 21:04:13.570  1319  1813 I sysui_histogram: [power_double_tap_interval,452914]
07-02 21:04:13.740  1319  1813 I power_sleep_requested: 0
07-02 21:04:13.740  1319  1319 I power_screen_state: [0,2,0,0]
07-02 21:04:13.740  1319  1319 I screen_toggled: 0
07-02 21:04:13.740  1319  1319 I sysui_histogram: [screen_timeout,30]
07-02 21:04:13.740  1319  1319 I power_screen_broadcast_send: 1
07-02 21:04:13.770  1319  1319 I am_pause_activity: [0,198275534,com.tencent.mm/.ui.LauncherUI]
07-02 21:04:13.800  1319  1319 I sysui_histogram: [fingerprint_token,0]
07-02 21:04:13.830  2176  2176 I am_on_paused_called: [0,com.tencent.mm.ui.LauncherUI]
07-02 21:04:13.830  1319  1343 I am_focused_activity: [0,com.tencent.mm/.ui.LauncherUI]
07-02 21:04:13.910  1947  1947 I sysui_status_bar_state: [1,1,0,0,1,0]
07-02 21:04:13.910  1319  2352 I notification_expansion: [0|com.android.bbklog|1|null|1000|0,0,0,1520942,1520942,0]
07-02 21:04:14.080  1319  1319 I power_screen_broadcast_done: [0,339,1]
07-02 21:04:15.220   506   506 I sf_frame_dur: [ColorFade,15,0,0,1,0,0,0]
07-02 21:04:17.990  1319  1921 I am_proc_died: [0,10040,com.bbk.appstore]
07-02 21:04:17.990  1319  1921 I am_schedule_service_restart: [0,com.bbk.appstore/.update.AutoUpdateService,1000]
07-02 21:04:19.010  1319  1343 I am_proc_start: [0,10151,10023,com.bbk.appstore,service,com.bbk.appstore/.update.AutoUpdateService]
07-02 21:04:19.040  1319  1340 I am_proc_bound: [0,10151,com.bbk.appstore]
07-02 21:04:34.330  1319  2067 I am_proc_died: [0,10151,com.bbk.appstore]
07-02 21:04:34.330  1319  2067 I am_schedule_service_restart: [0,com.bbk.appstore/.update.AutoUpdateService,1000]
07-02 21:04:34.360  1319  1341 I am_pss  : [3651,10185,com.tencent.mm:exdevice,19132416,12226560]
07-02 21:04:34.380  1319  1341 I am_pss  : [2116,10057,com.bbk.iqoo.logsystem,9689088,8220672]
07-02 21:04:34.400  1319  1341 I am_pss  : [2877,10055,com.iqoo.secure:remote,28615680,23982080]
07-02 21:04:34.410  1319  1341 I am_pss  : [3467,10185,com.tencent.mm:push,22667264,16924672]
07-02 21:04:35.380  1319  1343 I am_proc_start: [0,10182,10023,com.bbk.appstore,service,com.bbk.appstore/.update.AutoUpdateService]
07-02 21:04:35.430  1319  1339 I am_proc_bound: [0,10182,com.bbk.appstore]
07-02 21:05:00.883  1319  1319 I am_proc_start: [0,10214,10113,com.sankuai.meituan:dppushservice,service,com.sankuai.meituan/com.dianping.base.push.pushservice.PushWakeUpJob]
07-02 21:05:00.933  1319  2381 I am_proc_bound: [0,10214,com.sankuai.meituan:dppushservice]
07-02 21:05:00.943  1319  1341 I am_pss  : [5319,10079,com.bbk.calendar,3951616,3207168]
07-02 21:05:00.973  1319  1341 I am_pss  : [4176,10002,com.android.providers.calendar,4525056,3731456]
07-02 21:05:37.482  1319  1319 I sysui_histogram: [fingerprint_token,0]
07-02 21:05:38.692  1319  2343 I am_proc_died: [0,10182,com.bbk.appstore]
07-02 21:05:38.692  1319  2343 I am_schedule_service_restart: [0,com.bbk.appstore/.update.AutoUpdateService,1000]
07-02 21:05:39.732  1319  1343 I am_proc_start: [0,10249,10023,com.bbk.appstore,service,com.bbk.appstore/.update.AutoUpdateService]
07-02 21:05:39.782  1319  2336 I am_proc_bound: [0,10249,com.bbk.appstore]
07-02 21:05:42.641  1319  1319 I sysui_histogram: [fingerprint_token,0]
07-02 21:05:43.971  1319  1319 I sysui_histogram: [fingerprint_token,0]
07-02 21:06:20.817  1319  1319 I sysui_action: [252,true]
07-02 21:06:20.817  1947  1959 I screen_toggled: 2
07-02 21:06:20.847  1319  1319 I power_screen_state: [1,0,0,0]
07-02 21:06:20.847  1319  1319 I screen_toggled: 1
07-02 21:06:20.857  1319  1319 I power_screen_broadcast_send: 1
07-02 21:06:20.857  1947  1947 I sysui_status_bar_state: [1,0,0,0,1,0]
07-02 21:06:20.887  1319  1339 I am_resume_activity: [0,198275534,3,com.tencent.mm/.ui.LauncherUI]
07-02 21:06:20.897  1319  1339 I am_focused_activity: [0,com.tencent.mm/.ui.LauncherUI]
07-02 21:06:20.907  1319  1343 I am_broadcast_discard_app: [0,120292931,android.intent.action.USER_PRESENT,0,ResolveInfo{b42c4c0 com.jd.jrapp/com.tencent.android.tpush.XGPushReceiver p=2147483647 m=0x108000}]
07-02 21:06:20.907  1319  1343 I am_broadcast_discard_app: [0,120292931,android.intent.action.USER_PRESENT,1,ResolveInfo{fe075f9 com.zhongcai500/com.tencent.android.tpush.XGPushReceiver p=2147483647 m=0x108000}]
07-02 21:06:20.907  1319  1343 I am_broadcast_discard_app: [0,120292931,android.intent.action.USER_PRESENT,2,ResolveInfo{e1a493e com.gotokeep.keep/com.tencent.android.tpush.XGPushReceiver p=2147483647 m=0x108000}]
07-02 21:06:20.917  1319  1343 I am_broadcast_discard_app: [0,120292931,android.intent.action.USER_PRESENT,3,ResolveInfo{776439f cn.wps.moffice_eng/cn.wps.moffice.service.receivers.MonitorServiceReceiver p=2147483647 m=0x108000}]
07-02 21:06:20.917  1319  1343 I am_broadcast_discard_app: [0,120292931,android.intent.action.USER_PRESENT,4,ResolveInfo{1ef6cec com.eg.android.AlipayGphone/com.alipay.pushsdk.BroadcastActionReceiver p=2147483647 m=0x108000}]
07-02 21:06:20.917  1319  2421 I notification_expansion: [0|com.android.bbklog|1|null|1000|0,0,1,1647941,1647941,0]
07-02 21:06:20.967  2176  2176 I am_on_resume_called: [0,com.tencent.mm.ui.LauncherUI]
07-02 21:06:20.987  1319  2067 I am_broadcast_discard_app: [0,120292931,android.intent.action.USER_PRESENT,7,ResolveInfo{ec5eb31 com.mfw.roadbook/com.eguan.monitor.receiver.SystemStartReceiver p=9999 m=0x108000}]
07-02 21:06:21.037  1319  2348 I am_broadcast_discard_app: [0,120292931,android.intent.action.USER_PRESENT,13,ResolveInfo{25d096d com.UCMobile/com.taobao.accs.EventReceiver m=0x108000}]
07-02 21:06:21.037  1319  1343 I am_broadcast_discard_app: [0,120292931,android.intent.action.USER_PRESENT,15,ResolveInfo{1ca69a2 cn.damai/com.igexin.sdk.PushReceiver m=0x108000}]
07-02 21:06:21.037  1319  1343 I am_broadcast_discard_app: [0,120292931,android.intent.action.USER_PRESENT,16,ResolveInfo{4aa8633 cn.damai/com.taobao.accs.EventReceiver m=0x108000}]
07-02 21:06:21.037  1319  1343 I am_broadcast_discard_app: [0,120292931,android.intent.action.USER_PRESENT,18,ResolveInfo{ff0ddf0 com.taobao.taobao/com.taobao.accs.EventReceiver m=0x108000}]
07-02 21:06:21.037  1319  1343 I am_broadcast_discard_app: [0,120292931,android.intent.action.USER_PRESENT,19,ResolveInfo{4cdcf69 fm.xiami.main/com.taobao.accs.EventReceiver m=0x108000}]
07-02 21:06:21.037  1319  1343 I am_broadcast_discard_app: [0,120292931,android.intent.action.USER_PRESENT,20,ResolveInfo{5097dee com.qiyi.video/com.baidu.android.pushservice.PushServiceReceiver m=0x108000}]
07-02 21:06:21.037  1319  1343 I am_broadcast_discard_app: [0,120292931,android.intent.action.USER_PRESENT,21,ResolveInfo{d7d528f com.qiyi.video/com.iqiyi.pushservice.PushServiceReceiver m=0x108000}]
07-02 21:06:21.037  1319  1343 I am_broadcast_discard_app: [0,120292931,android.intent.action.USER_PRESENT,22,ResolveInfo{71de91c com.qiyi.video/com.iqiyi.hcim.service.BroadcastCenter m=0x108000}]
07-02 21:06:21.037  1319  1343 I am_broadcast_discard_app: [0,120292931,android.intent.action.USER_PRESENT,23,ResolveInfo{c6af925 com.qiyi.video/com.iqiyi.impushservice.receiver.ImPushServiceReceiver m=0x108000}]
07-02 21:06:21.037  1319  1343 I am_broadcast_discard_app: [0,120292931,android.intent.action.USER_PRESENT,24,ResolveInfo{9138afa com.jianshu.haruki/com.igexin.sdk.PushReceiver m=0x108000}]
07-02 21:06:21.037  1319  1343 I am_broadcast_discard_app: [0,120292931,android.intent.action.USER_PRESENT,25,ResolveInfo{90688ab com.autonavi.minimap/com.taobao.accs.EventReceiver m=0x108000}]
07-02 21:06:21.037  1319  1343 I am_broadcast_discard_app: [0,120292931,android.intent.action.USER_PRESENT,26,ResolveInfo{4ae7b08 com.baidu.netdisk/com.baidu.android.pushservice.PushServiceReceiver m=0x108000}]
07-02 21:06:21.037  1319  1343 I am_broadcast_discard_app: [0,120292931,android.intent.action.USER_PRESENT,27,ResolveInfo{7f702a1 com.baidu.netdisk/com.baidu.devicesecurity.receiver.DSDeviceAdminReceiver m=0x108000}]
07-02 21:06:21.037  1319  1343 I am_broadcast_discard_app: [0,120292931,android.intent.action.USER_PRESENT,29,ResolveInfo{7f5cc6 cn.wps.moffice_eng/com.igexin.sdk.PushReceiver m=0x108000}]
07-02 21:06:21.047   506   506 I sf_frame_dur: [NightPearlView,1,1,0,0,0,2,2]
07-02 21:06:21.047  1319  1343 I am_broadcast_discard_app: [0,120292931,android.intent.action.USER_PRESENT,30,ResolveInfo{ba30487 com.dajie.official/com.igexin.sdk.PushReceiver m=0x108000}]
07-02 21:06:21.047  1319  1343 I am_broadcast_discard_app: [0,120292931,android.intent.action.USER_PRESENT,31,ResolveInfo{7343fb4 com.suning.mobile.ebuy/com.taobao.accs.EventReceiver m=0x108000}]
07-02 21:06:21.047  1319  1343 I am_broadcast_discard_app: [0,120292931,android.intent.action.USER_PRESENT,32,ResolveInfo{5e027dd air.tv.douyu.android/com.igexin.sdk.PushReceiver m=0x108000}]
07-02 21:06:21.047  1319  1343 I am_broadcast_discard_app: [0,120292931,android.intent.action.USER_PRESENT,33,ResolveInfo{e847f52 com.mfw.roadbook/com.igexin.sdk.PushReceiver m=0x108000}]
07-02 21:06:21.047  1319  1343 I am_broadcast_discard_app: [0,120292931,android.intent.action.USER_PRESENT,34,ResolveInfo{8a16223 com.jingdong.pdj/com.igexin.sdk.PushReceiver m=0x108000}]
07-02 21:06:21.047  1319  1343 I am_broadcast_discard_app: [0,120292931,android.intent.action.USER_PRESENT,35,ResolveInfo{2afa320 com.mobike.mobikeapp/com.igexin.sdk.PushReceiver m=0x108000}]
07-02 21:06:21.047  1319  1343 I am_broadcast_discard_app: [0,120292931,android.intent.action.USER_PRESENT,36,ResolveInfo{33c64d9 com.mobike.mobikeapp/com.hyphenate.chat.EMMonitorReceiver m=0x108000}]
07-02 21:06:21.047  1319  1343 I am_broadcast_discard_app: [0,120292931,android.intent.action.USER_PRESENT,37,ResolveInfo{473e9e com.duowan.mobile/com.taobao.accs.EventReceiver m=0x108000}]
07-02 21:06:21.047  1319  1343 I am_broadcast_discard_app: [0,120292931,android.intent.action.USER_PRESENT,38,ResolveInfo{f9dfd7f com.movier.magicbox/io.rong.push.PushReceiver m=0x108000}]
07-02 21:06:21.057  1319  1343 I am_broadcast_discard_app: [0,120292931,android.intent.action.USER_PRESENT,39,ResolveInfo{8bbd14c com.youdao.dict/com.youdao.dnscache.net.networktype.NetworkStateReceiver m=0x108000}]
07-02 21:06:21.057  1319  1343 I am_broadcast_discard_app: [0,120292931,android.intent.action.USER_PRESENT,40,ResolveInfo{e857595 com.panda.videoliveplatform/tv.panda.component.WakeUpReceiver m=0x108000}]
07-02 21:06:21.057  1319  1343 I am_broadcast_discard_app: [0,120292931,android.intent.action.USER_PRESENT,41,ResolveInfo{ee4a6aa com.hunantv.imgo.activity/com.igexin.sdk.PushReceiver m=0x108000}]
07-02 21:06:21.097  1319  2336 I am_broadcast_discard_app: [0,120292931,android.intent.action.USER_PRESENT,43,ResolveInfo{39ef29b com.tencent.androidqqmail/com.tencent.qqmail.utilities.qmbroadcastreceiver.QMPushReceiver m=0x108000}]
07-02 21:06:21.177  1319  1319 I power_screen_broadcast_done: [1,322,1]
