07-19 09:23:13.301  1449  1449 I sysui_histogram: [screen_timeout,30]
07-19 09:23:13.301  1449  1449 I power_screen_broadcast_send: 1
07-19 09:23:13.301  1449  1449 I am_pause_activity: [0,260636906,com.bbk.launcher2/.Launcher]
07-19 09:23:13.301  2647  2647 I am_on_paused_called: [0,com.bbk.launcher2.Launcher]
07-19 09:23:13.341  1449  1561 I am_focused_activity: [0,com.bbk.launcher2/.Launcher]
07-19 09:23:13.351  1449  1449 I sysui_histogram: [fingerprint_token,0]
07-19 09:23:13.431  2255  2255 I sysui_status_bar_state: [1,1,0,0,1,0]
07-19 09:23:13.661  1449  1449 I power_screen_broadcast_done: [0,366,1]
07-19 09:23:14.551   508   508 I sf_frame_dur: [ColorFade,3,0,0,0,0,0,0]
07-19 09:23:21.931  1449  1449 I notification_enqueue: [10165,14116,com.zhihu.daily.android,16,NULL,0,Notification(pri=0 contentView=null vibrate=null sound=null tick defaults=0x0 flags=0x10 color=0x00000000 vis=PRIVATE),0]
07-19 09:23:21.951  1449  1449 I notification_enqueue: [10165,14116,com.zhihu.daily.android,16,NULL,0,Notification(pri=0 contentView=null vibrate=null sound=null tick defaults=0x0 flags=0x10 color=0x00000000 vis=PRIVATE),1]
07-19 09:23:59.988  1449  1940 I device_idle_wake_from_idle: [0,*walarm*:android.intent.action.ALARM_KICK_NIGHT_PEARL]
07-19 09:24:00.108  1449  1559 I am_pss  : [2647,10028,com.bbk.launcher2,89759744,86761472]
07-19 09:24:00.128  1449  1559 I am_pss  : [2895,1000,com.vivo.doubleinstance,2890752,2170880]
07-19 09:24:00.148  1449  1559 I am_pss  : [3142,10056,com.iqoo.secure:remote,50279424,47333376]
07-19 09:24:21.506  1449  1449 I notification_canceled: [0|com.zhihu.daily.android|16|null|10165|0,8,59583,59559,0]
07-19 09:24:27.968  1449  2604 I am_kill : [0,11571,com.vivo.game,8,stop com.vivo.game]
07-19 09:24:27.998  1449  2604 I am_schedule_service_restart: [0,com.vivo.game/.update.AutoUpdateGameService,1000]
07-19 09:24:27.998  1449  2604 I am_schedule_service_restart: [0,com.vivo.game/.update.GameReceiverService,11000]
07-19 09:24:28.008  1449  1449 I notification_cancel_all: [1000,1449,com.vivo.game,0,0,0,5,NULL]
07-19 09:24:28.098  1449  2617 I am_broadcast_discard_app: [0,239434362,android.intent.action.PACKAGE_RESTARTED,4,ResolveInfo{342822b com.jingdong.app.mall/.broadcastReceiver.AppStateRecevier m=0x208000}]
07-19 09:24:28.618  1449  2635 I am_kill : [0,31473,com.vivo.quickpay,15,stop com.vivo.quickpay]
07-19 09:24:28.668  1449  2635 I am_schedule_service_restart: [0,com.vivo.quickpay/.fingerkey.QuickPayService,1000]
07-19 09:24:28.668  1449  2635 I am_kill : [0,27204,com.android.bluetoothsettings,15,empty for 29720s]
07-19 09:24:28.738  1449  1547 I am_proc_died: [0,27204,com.android.bluetoothsettings]
07-19 09:24:28.748  1449  1449 I notification_cancel_all: [1000,1449,com.vivo.quickpay,0,0,0,5,NULL]
07-19 09:24:28.778  1449  1545 I am_broadcast_discard_app: [0,255637128,android.intent.action.PACKAGE_RESTARTED,4,ResolveInfo{1a75821 com.jingdong.app.mall/.broadcastReceiver.AppStateRecevier m=0x208000}]
07-19 09:25:00.786  1449  1940 I device_idle_wake_from_idle: [0,*walarm*:android.intent.action.ALARM_KICK_NIGHT_PEARL]
07-19 09:25:45.757  1449  1559 I am_pss  : [14116,10165,com.zhihu.daily.android,153732096,149012480]
07-19 09:25:45.777  1449  1559 I am_pss  : [2506,10058,com.bbk.iqoo.logsystem,20970496,19197952]
07-19 09:25:45.787  1449  1449 I sysui_action: [252,true]
07-19 09:25:45.797  2255  8172 I screen_toggled: 2
07-19 09:25:45.837  2255  2255 I sysui_status_bar_state: [1,0,0,0,1,0]
07-19 09:25:45.837   508   508 I sf_frame_dur: [NightPearlView,1,0,0,0,0,2,1]
07-19 09:25:45.857  1449  1561 I am_broadcast_discard_app: [0,100685149,android.intent.action.USER_PRESENT,0,ResolveInfo{b14ded2 com.sdu.didi.psnger/com.igexin.sdk.PushReceiver p=2147483647 m=0x108000}]
07-19 09:25:45.857  1449  1561 I am_broadcast_discard_app: [0,100685149,android.intent.action.USER_PRESENT,1,ResolveInfo{c330ba3 com.jd.jrapp/com.tencent.android.tpush.XGPushReceiver p=2147483647 m=0x108000}]
07-19 09:25:45.867  1449  1561 I am_broadcast_discard_app: [0,100685149,android.intent.action.USER_PRESENT,2,ResolveInfo{259cea0 cn.wps.moffice_eng/cn.wps.moffice.service.receivers.MonitorServiceReceiver p=2147483647 m=0x108000}]
07-19 09:25:45.867  1449  1561 I am_broadcast_discard_app: [0,100685149,android.intent.action.USER_PRESENT,3,ResolveInfo{cf1ea59 com.mfw.roadbook/com.eguan.monitor.receiver.SystemStartReceiver p=9999 m=0x108000}]
07-19 09:25:45.897  1449  1592 I am_resume_activity: [0,260636906,1,com.bbk.launcher2/.Launcher]
07-19 09:25:45.937  1449  1592 I am_focused_activity: [0,com.bbk.launcher2/.Launcher]
07-19 09:25:45.947  2647  2647 I am_on_resume_called: [0,com.bbk.launcher2.Launcher]
07-19 09:25:45.977  1449  1449 I power_screen_state: [1,0,0,0]
07-19 09:25:45.977  1449  1449 I screen_toggled: 1
07-19 09:25:45.987  1449  1449 I power_screen_broadcast_send: 1
07-19 09:25:46.067  1449  2674 I am_broadcast_discard_app: [0,100685149,android.intent.action.USER_PRESENT,10,ResolveInfo{d7b5164 cn.damai/com.igexin.sdk.PushReceiver m=0x108000}]
07-19 09:25:46.067  1449  1561 I am_broadcast_discard_app: [0,100685149,android.intent.action.USER_PRESENT,11,ResolveInfo{7a64fcd cn.damai/com.taobao.accs.EventReceiver m=0x108000}]
07-19 09:25:46.077  1449  2212 I am_broadcast_discard_app: [0,100685149,android.intent.action.USER_PRESENT,13,ResolveInfo{3aea082 com.taobao.taobao/com.taobao.accs.EventReceiver m=0x108000}]
07-19 09:25:46.087  1449  1561 I am_broadcast_discard_app: [0,100685149,android.intent.action.USER_PRESENT,14,ResolveInfo{cce2393 com.autonavi.minimap/com.taobao.accs.EventReceiver m=0x108000}]
07-19 09:25:46.087  1449  1561 I am_broadcast_discard_app: [0,100685149,android.intent.action.USER_PRESENT,15,ResolveInfo{94e1fd0 com.baidu.netdisk/com.baidu.android.pushservice.PushServiceReceiver m=0x108000}]
07-19 09:25:46.087  1449  1561 I am_broadcast_discard_app: [0,100685149,android.intent.action.USER_PRESENT,16,ResolveInfo{ed51bc9 com.baidu.netdisk/com.baidu.devicesecurity.receiver.DSDeviceAdminReceiver m=0x108000}]
07-19 09:25:46.087  1449  1561 I am_broadcast_discard_app: [0,100685149,android.intent.action.USER_PRESENT,17,ResolveInfo{5aa42ce com.hunantv.imgo.activity/com.igexin.sdk.PushReceiver m=0x108000}]
07-19 09:25:46.087  1449  1561 I am_broadcast_discard_app: [0,100685149,android.intent.action.USER_PRESENT,18,ResolveInfo{32d65ef com.jianshu.haruki/com.igexin.sdk.PushReceiver m=0x108000}]
07-19 09:25:46.087  1449  1561 I am_broadcast_discard_app: [0,100685149,android.intent.action.USER_PRESENT,20,ResolveInfo{53d68fc com.amazon.kindlefc/com.igexin.sdk.PushReceiver m=0x108000}]
07-19 09:25:46.087  1449  1561 I am_broadcast_discard_app: [0,100685149,android.intent.action.USER_PRESENT,21,ResolveInfo{aab85 com.mfw.roadbook/com.igexin.sdk.PushReceiver m=0x108000}]
07-19 09:25:46.087  1449  1561 I am_broadcast_discard_app: [0,100685149,android.intent.action.USER_PRESENT,22,ResolveInfo{2abbdda com.dajie.official/com.igexin.sdk.PushReceiver m=0x108000}]
07-19 09:25:46.087  1449  1561 I am_broadcast_discard_app: [0,100685149,android.intent.action.USER_PRESENT,23,ResolveInfo{794720b air.tv.douyu.android/com.igexin.sdk.PushReceiver m=0x108000}]
07-19 09:25:46.087  1449  1561 I am_broadcast_discard_app: [0,100685149,android.intent.action.USER_PRESENT,24,ResolveInfo{47618e8 com.UCMobile/com.taobao.accs.EventReceiver m=0x108000}]
07-19 09:25:46.097  1449  1561 I am_broadcast_discard_app: [0,100685149,android.intent.action.USER_PRESENT,26,ResolveInfo{d4f7b01 com.netease.newsreader.activity/com.igexin.sdk.PushReceiver m=0x108000}]
07-19 09:25:46.107  1449  2596 I am_broadcast_discard_app: [0,100685149,android.intent.action.USER_PRESENT,28,ResolveInfo{617dda6 com.sankuai.meituan/com.dianping.base.push.pushservice.PhoneStatusReceiver m=0x108000}]
07-19 09:25:46.107  1449  1561 I am_broadcast_discard_app: [0,100685149,android.intent.action.USER_PRESENT,29,ResolveInfo{21623e7 cn.wps.moffice_eng/com.igexin.sdk.PushReceiver m=0x108000}]
07-19 09:25:46.277  1449  1449 I power_screen_broadcast_done: [1,295,1]
07-19 09:25:51.907  1449  2641 I am_home_stack_moved: [0,0,1,1,bringingFoundTaskToFront setFocusedActivity]
07-19 09:25:51.907  1449  2641 I wm_task_moved: [199,1,5]
07-19 09:25:51.907  1449  2641 I am_focused_activity: [0,com.tencent.mm/.ui.LauncherUI]
07-19 09:25:51.907  1449  2641 I am_pause_activity: [0,260636906,com.bbk.launcher2/.Launcher]
07-19 09:25:51.907  1449  2641 I am_task_to_front: [0,199]
07-19 09:25:51.907  1449  2641 I am_new_intent: [0,253171587,199,com.tencent.mm/.ui.LauncherUI,android.intent.action.MAIN,NULL,NULL,811597824]
07-19 09:25:51.917  2647  2647 I am_on_paused_called: [0,com.bbk.launcher2.Launcher]
07-19 09:25:51.927  1449  2198 I am_resume_activity: [0,54303253,199,com.tencent.mm/.ui.LauncherUI]
07-19 09:25:51.937  1449  2198 I am_focused_activity: [0,com.tencent.mm/.ui.LauncherUI]
07-19 09:25:51.987 24652 24652 I am_on_resume_called: [0,com.tencent.mm.ui.LauncherUI]
07-19 09:25:52.357   508   508 I sf_frame_dur: [com.bbk.launcher2/com.bbk.launcher2.Launcher,1,0,0,3,1,2,4]
07-19 09:25:53.777  1449  2213 I am_home_stack_moved: [0,0,1,1,startingNewTask]
07-19 09:25:53.777  1449  2213 I wm_task_moved: [199,1,5]
07-19 09:25:53.787  1449  2213 I am_create_task: [0,212]
07-19 09:25:53.787  1449  2213 I am_create_activity: [0,149486678,212,com.vivo.upslide/.recent.RecentTaskActivity,NULL,NULL,NULL,268435456]
07-19 09:25:53.787  1449  2213 I wm_task_created: [212,1]
07-19 09:25:53.787  1449  2213 I wm_task_moved: [212,1,6]
07-19 09:25:53.797  1449  2213 I am_pause_activity: [0,54303253,com.tencent.mm/.ui.LauncherUI]
07-19 09:25:53.807  1449  2213 I am_home_stack_moved: [0,0,1,1,startedActivity setFocusedActivity]
07-19 09:25:53.807  1449  2213 I wm_task_moved: [212,1,6]
07-19 09:25:53.807  1449  2213 I am_focused_activity: [0,com.vivo.upslide/.recent.RecentTaskActivity]
07-19 09:25:53.847 24652 24652 I am_on_paused_called: [0,com.tencent.mm.ui.LauncherUI]
07-19 09:25:53.847  1449  2637 I am_restart_activity: [0,149486678,212,com.vivo.upslide/.recent.RecentTaskActivity]
07-19 09:25:53.857  1449  2637 I am_focused_activity: [0,com.vivo.upslide/.recent.RecentTaskActivity]
07-19 09:25:53.907  2586  2586 I am_on_resume_called: [0,com.vivo.upslide.recent.RecentTaskActivity]
07-19 09:25:54.007  1449  1585 I am_activity_launch_time: [0,149486678,com.vivo.upslide/.recent.RecentTaskActivity,160,160]
07-19 09:25:54.017   508   508 I sf_frame_dur: [com.tencent.mm/com.tencent.mm.ui.LauncherUI,14,1,0,1,0,0,1]
07-19 09:25:54.927  1449  2212 I am_home_stack_moved: [0,0,1,1,startingNewTask]
07-19 09:25:54.927  1449  2212 I wm_task_moved: [212,1,6]
07-19 09:25:54.927  1449  2212 I am_create_task: [0,213]
07-19 09:25:54.927  1449  2212 I am_create_activity: [0,98292203,213,com.zhihu.daily.android/.activity.MainActivity_,android.intent.action.MAIN,NULL,NULL,807403520]
07-19 09:25:54.927  1449  2212 I wm_task_created: [213,1]
07-19 09:25:54.927  1449  2212 I wm_task_moved: [213,1,7]
07-19 09:25:54.947  1449  2212 I am_pause_activity: [0,149486678,com.vivo.upslide/.recent.RecentTaskActivity]
07-19 09:25:54.947  1449  2212 I am_home_stack_moved: [0,0,1,1,startedActivity setFocusedActivity]
07-19 09:25:54.947  1449  2212 I wm_task_moved: [213,1,7]
07-19 09:25:54.967  1449  2212 I am_focused_activity: [0,com.zhihu.daily.android/.activity.MainActivity_]
07-19 09:25:54.967  1449  2172 I am_finish_activity: [0,149486678,212,com.vivo.upslide/.recent.RecentTaskActivity,app-request]
07-19 09:25:54.977  2586  2586 I am_on_paused_called: [0,com.vivo.upslide.recent.RecentTaskActivity]
07-19 09:25:54.997  1449  2604 I am_restart_activity: [0,98292203,213,com.zhihu.daily.android/.activity.MainActivity_]
07-19 09:25:55.017  1449  2604 I am_focused_activity: [0,com.zhihu.daily.android/.activity.MainActivity_]
07-19 09:25:55.097 14116 14116 I am_on_resume_called: [0,com.zhihu.daily.android.activity.MainActivity_]
07-19 09:25:55.267  1449  1585 I am_activity_launch_time: [0,98292203,com.zhihu.daily.android/.activity.MainActivity_,277,277]
07-19 09:25:55.297  1449  1561 I am_destroy_activity: [0,149486678,212,com.vivo.upslide/.recent.RecentTaskActivity,finish-imm]
07-19 09:25:55.297  1449  2674 I wm_task_removed: [212,removeAppToken: last token]
07-19 09:25:55.297  1449  2674 I wm_task_removed: [212,removeTask]
07-19 09:25:55.307   508   508 I sf_frame_dur: [com.vivo.upslide/com.vivo.upslide.recent.RecentTaskActivity,22,1,0,0,0,0,0]
07-19 09:25:58.297  1449  1449 I free_storage_changed: 103996866560
07-19 09:26:00.097  1449  1559 I am_pss  : [3142,10056,com.iqoo.secure:remote,50515968,47501312]
07-19 09:26:01.297  1449  2635 I battery_level: [97,4281,327]
07-19 09:26:05.067  1449  2674 I am_home_stack_moved: [0,0,1,1,sourceStackToFront]
07-19 09:26:05.067  1449  2674 I wm_task_moved: [213,1,6]
07-19 09:26:05.067  1449  2674 I am_create_activity: [0,93364683,213,com.zhihu.daily.android/.activity.NewsActivity_,NULL,NULL,NULL,0]
07-19 09:26:05.067  1449  2674 I am_pause_activity: [0,98292203,com.zhihu.daily.android/.activity.MainActivity_]
07-19 09:26:05.067  1449  2674 I am_home_stack_moved: [0,0,1,1,startedActivity setFocusedActivity]
07-19 09:26:05.077  1449  2674 I wm_task_moved: [213,1,6]
07-19 09:26:05.077  1449  2674 I am_focused_activity: [0,com.zhihu.daily.android/.activity.NewsActivity_]
07-19 09:26:05.087 14116 14116 I am_on_paused_called: [0,com.zhihu.daily.android.activity.MainActivity_]
07-19 09:26:05.097  1449  2635 I am_restart_activity: [0,93364683,213,com.zhihu.daily.android/.activity.NewsActivity_]
07-19 09:26:05.107  1449  2635 I am_focused_activity: [0,com.zhihu.daily.android/.activity.NewsActivity_]
07-19 09:26:05.147 14116 14116 I am_on_resume_called: [0,com.zhihu.daily.android.activity.NewsActivity_]
07-19 09:26:05.167  1449  1559 I am_pss  : [14116,10165,com.zhihu.daily.android,174919680,169943040]
07-19 09:26:05.267  1449  1585 I am_activity_launch_time: [0,93364683,com.zhihu.daily.android/.activity.NewsActivity_,172,172]
07-19 09:26:05.677   508   508 I sf_frame_dur: [com.zhihu.daily.android/com.zhihu.daily.android.activity.MainActivity_,240,12,9,4,7,2,0]
07-19 09:26:33.407  1449  1559 I am_pss  : [24652,10116,com.tencent.mm,215456768,198926336]
07-19 09:26:33.427  1449  1559 I am_pss  : [2647,10028,com.bbk.launcher2,87538688,84488192]
07-19 09:26:33.437  1449  1559 I am_pss  : [2895,1000,com.vivo.doubleinstance,2936832,2170880]
07-19 09:26:33.447  1449  1559 I am_pss  : [24670,10116,com.tencent.mm:exdevice,14766080,9728000]
07-19 09:26:33.457  1449  1559 I am_pss  : [2506,10058,com.bbk.iqoo.logsystem,20922368,19300352]
07-19 09:26:33.477  1449  1559 I am_pss  : [24948,10116,com.tencent.mm:push,16178176,11972608]
07-19 09:26:33.487  1449  1559 I am_pss  : [25047,10116,com.tencent.mm:support,26663936,16527360]
07-19 09:26:33.497  1449  1559 I am_pss  : [11505,10079,com.bbk.calendar,4201472,3371008]
07-19 09:26:33.517  1449  1559 I am_pss  : [25834,10039,com.vivo.weather.provider,12648448,11485184]
07-19 09:26:33.527  1449  1559 I am_pss  : [3582,10002,com.android.providers.calendar,4639744,3772416]
07-19 09:26:33.537  1449  1559 I am_pss  : [31485,1000,com.android.settings,7662592,6356992]
07-19 09:26:53.287   508   508 I sf_frame_dur: [UpSlideTransparentView,1,1,0,0,2,0,6]
07-19 09:26:53.307   508   508 I sf_frame_dur: [com.vivo.nail/com.vivo.nail.NailApp,17,0,0,0,0,0,6]
07-19 09:27:18.637  1449  2617 I am_proc_died: [0,13698,com.tencent.mobileqq:qzone]
07-19 09:27:29.967  1449  1547 I am_proc_died: [0,13726,com.tencent.mobileqq:tool]
07-19 09:27:30.647  1449  1561 I am_proc_start: [0,14766,10122,com.tencent.mobileqq:tool,broadcast,com.tencent.mobileqq/.webprocess.WebProcessReceiver]
07-19 09:27:30.687  1449  2635 I am_proc_bound: [0,14766,com.tencent.mobileqq:tool]
07-19 09:27:31.097  1449  1592 I power_sleep_requested: 0
07-19 09:27:31.097  1449  1449 I power_screen_state: [0,3,0,0]
07-19 09:27:31.097  1449  1449 I screen_toggled: 0
07-19 09:27:31.097  1449  1449 I sysui_histogram: [screen_timeout,30]
07-19 09:27:31.097  1449  1449 I power_screen_broadcast_send: 1
07-19 09:27:31.137  1449  1449 I am_pause_activity: [0,93364683,com.zhihu.daily.android/.activity.NewsActivity_]
07-19 09:27:31.137 14116 14116 I am_on_paused_called: [0,com.zhihu.daily.android.activity.NewsActivity_]
07-19 09:27:31.177  1449  1449 I sysui_histogram: [fingerprint_token,0]
07-19 09:27:31.187  1449  1561 I am_focused_activity: [0,com.zhihu.daily.android/.activity.NewsActivity_]
07-19 09:27:31.477   508   508 I sf_frame_dur: [SurfaceView,3,145,14,0,1,0,0]
07-19 09:27:31.527  1449  1559 I am_meminfo: [1933160448,411488256,0,469061632,186471424]
07-19 09:27:31.567  1449  1559 I am_pss  : [14116,10165,com.zhihu.daily.android,214784000,209530880]
07-19 09:27:31.587  1449  1559 I am_pss  : [24739,10122,com.tencent.mobileqq:MSF,30496768,25976832]
07-19 09:27:31.627  1449  1559 I am_pss  : [24652,10116,com.tencent.mm,216255488,199327744]
07-19 09:27:31.647  1449  1559 I am_pss  : [2647,10028,com.bbk.launcher2,88187904,85118976]
07-19 09:27:31.697  1449  1559 I am_pss  : [24753,10122,com.tencent.mobileqq,186382336,173191168]
07-19 09:27:31.717  1449  1559 I am_pss  : [19993,10154,com.sohu.inputmethod.sogou,71762944,64966656]
07-19 09:27:31.727  1449  1559 I am_pss  : [2895,1000,com.vivo.doubleinstance,2945024,2179072]
07-19 09:27:31.737  1449  1559 I am_pss  : [3424,1000,com.qti.service.colorservice,4505600,3678208]
07-19 09:27:31.757  1449  1559 I am_pss  : [31878,10085,com.vivo.gallery,110208000,105320448]
07-19 09:27:31.767  1449  1559 I am_pss  : [32262,10122,com.tencent.mobileqq:dataline,40296448,31821824]
07-19 09:27:31.777  1449  1559 I am_pss  : [24670,10116,com.tencent.mm:exdevice,14865408,9748480]
07-19 09:27:31.797  1449  1559 I am_pss  : [22354,10073,com.vivo.secime.service,22622208,20180992]
07-19 09:27:31.807  1449  1559 I am_pss  : [14766,10122,com.tencent.mobileqq:tool,34200576,26775552]
07-19 09:27:31.827  1449  1559 I am_pss  : [12335,1000,com.bbk.facewake,6935552,5664768]
07-19 09:27:31.837  1449  1559 I am_pss  : [2506,10058,com.bbk.iqoo.logsystem,20940800,19308544]
07-19 09:27:31.847  1449  1559 I am_pss  : [27729,1000,com.vivo.wifi.networkdetect,4875264,4091904]
07-19 09:27:31.867  1449  1559 I am_pss  : [24999,10116,com.tencent.mm:appbrand0,30639104,20238336]
07-19 09:27:31.877  1449  1559 I am_pss  : [2991,1000,com.vivo.nail,33487872,30302208]
07-19 09:27:31.897  1449  1559 I am_pss  : [24948,10116,com.tencent.mm:push,16267264,11984896]
07-19 09:27:31.907  1449  1559 I am_pss  : [25047,10116,com.tencent.mm:support,26814464,16547840]
07-19 09:27:31.927  1449  1559 I am_pss  : [4084,10076,com.bbk.updater,19176448,17788928]
07-19 09:27:31.937  1449  1559 I am_pss  : [9716,10007,android.process.media,12454912,11321344]
07-19 09:27:31.947  1449  1559 I am_pss  : [25307,10152,com.sie.mp,8737792,5754880]
07-19 09:27:31.957  1449  1559 I am_pss  : [11505,10079,com.bbk.calendar,4201472,3371008]
07-19 09:27:31.967  1449  1559 I am_pss  : [25834,10039,com.vivo.weather.provider,12656640,11493376]
07-19 09:27:31.977  1449  1559 I am_pss  : [2214,1000,com.vivo.appfilter,10883072,10014720]
07-19 09:27:32.017  1449  1559 I am_pss  : [30213,10116,com.tencent.mm:tools,105818112,90775552]
07-19 09:27:32.027  1449  1559 I am_pss  : [3582,10002,com.android.providers.calendar,4639744,3772416]
07-19 09:27:32.047  1449  1559 I am_pss  : [10444,10024,com.bbk.appstore,14139392,12546048]
07-19 09:27:32.057  1449  1559 I am_pss  : [2685,1000,com.vivo.smartmultiwindow,21224448,19931136]
07-19 09:27:32.067  1449  1559 I am_pss  : [25275,10152,com.sie.mp:pushservice,12418048,9277440]
07-19 09:27:32.077  1449  1559 I am_pss  : [11667,10086,com.vivo.msgpush,3651584,2895872]
07-19 09:27:32.087  1449  1559 I am_pss  : [4237,10008,com.vivo.email,8014848,6422528]
07-19 09:27:32.097  1449  1559 I am_pss  : [4177,1000,com.qualcomm.qti.RIDL,3011584,2285568]
07-19 09:27:32.107  1449  1559 I am_pss  : [4155,1000,com.vivo.networkstate,3081216,2351104]
07-19 09:27:32.127  1449  1559 I am_pss  : [3142,10056,com.iqoo.secure:remote,50494464,47476736]
07-19 09:27:32.137  1449  1559 I am_pss  : [4037,10048,com.vivo.devicereg,34460672,26968064]
07-19 09:27:32.147  1449  1559 I am_pss  : [4115,10013,com.vivo.numbermark,4455424,3100672]
07-19 09:27:32.167  1449  1559 I am_pss  : [28683,1000,com.vivo.networkimprove,6566912,5812224]
07-19 09:27:32.177  1449  1559 I am_pss  : [3885,10050,com.vivo.doubletimezoneclock,15620096,14483456]
07-19 09:27:32.187  1449  1559 I am_pss  : [10334,1000,com.vivo.cameraparamluma,7654400,6414336]
07-19 09:27:32.197  1449  1559 I am_pss  : [3627,10035,com.android.BBKClock,27825152,25206784]
07-19 09:27:32.207  1449  1559 I am_pss  : [29817,10154,sogou.mobile.explorer.hotwords,8109056,5537792]
07-19 09:27:32.217  1449  1559 I am_pss  : [25525,10003,android.process.acore,10789888,9666560]
07-19 09:27:32.227  1449  1559 I am_pss  : [31485,1000,com.android.settings,7662592,6356992]
07-19 09:27:32.237  1449  1559 I am_pss  : [4533,1000,com.qualcomm.timeservice,2893824,2166784]
07-19 09:27:32.247  1449  1559 I am_pss  : [4341,10080,com.android.camera,11452416,9613312]
07-19 09:27:32.267  1449  1559 I am_pss  : [2979,10059,com.vivo.magazine,14477312,13516800]
07-19 09:27:32.277  1449  1559 I am_pss  : [3714,10003,com.android.contacts,9807872,8318976]
07-19 09:27:32.287  1449  1559 I am_pss  : [29039,10154,com.sohu.inputmethod.sogou:push_service,11116544,8359936]
07-19 09:27:32.297  1449  1559 I am_pss  : [29891,1000,com.android.bbklog,5608448,4575232]
07-19 09:27:32.307   508   508 I sf_frame_dur: [ColorFade,1,2,0,0,0,0,0]
07-19 09:27:32.307  1449  1559 I am_pss  : [25465,1000,com.vivo.nightpearl,22413312,20656128]
07-19 09:27:32.327  1449  1559 I am_pss  : [18219,1002,com.android.bluetooth,11692032,10129408]
07-19 09:27:32.337  1449  1559 I am_pss  : [3058,1001,com.qualcomm.qcrilmsgtunnel,8430592,7667712]
07-19 09:27:32.347  1449  1559 I am_pss  : [2479,10012,com.baidu.map.location,15100928,13676544]
07-19 09:27:32.367  1449  1559 I am_pss  : [2611,1001,com.android.phone,40389632,37158912]
07-19 09:27:32.387  1449  1559 I am_pss  : [2586,1000,com.vivo.upslide,103780352,98164736]
07-19 09:27:32.397  1449  1559 I am_pss  : [2574,1000,com.qualcomm.qti.tetherservice,5178368,4358144]
07-19 09:27:32.417  1449  1559 I am_pss  : [2559,1000,com.android.server.telecom,13261824,12222464]
07-19 09:27:32.427  1449  1559 I am_pss  : [2549,1000,com.qti.dpmserviceapp,12792832,12021760]
07-19 09:27:32.437  1449  1559 I am_pss  : [2536,1000,com.quicinc.cne.CNEService,9349120,8527872]
07-19 09:27:32.447  1449  1559 I am_pss  : [2425,1000,com.vivo.daemonService,33026048,30666752]
07-19 09:27:32.477  1449  1559 I am_pss  : [2286,1000,com.vivo.abe,132911104,124510208]
07-19 09:27:32.497  1449  1559 I am_pss  : [2255,10018,com.android.systemui,178442240,162693120]
07-19 09:27:32.567  1449  1559 I am_pss  : [1449,1000,system,139506688,134369280]
07-19 09:27:32.707  1449  1449 I power_screen_broadcast_done: [0,1601,1]
07-19 09:27:36.617  2255  2255 I sysui_status_bar_state: [1,1,0,0,1,0]
07-19 09:27:40.622  1449  1592 I power_sleep_requested: 0
07-19 09:27:41.452  1449  1449 I sysui_action: [252,false]
07-19 09:28:01.756  1449  1940 I device_idle_wake_from_idle: [0,*walarm*:android.intent.action.ALARM_KICK_NIGHT_PEARL]
07-19 09:28:01.866  1449  1559 I am_pss  : [3142,10056,com.iqoo.secure:remote,50494464,47476736]
07-19 09:28:04.615  1449  1449 I sysui_action: [252,true]
07-19 09:28:04.615  2255  2266 I screen_toggled: 2
07-19 09:28:04.645  2255  2255 I sysui_status_bar_state: [1,0,0,0,1,0]
07-19 09:28:04.665   508   508 I sf_frame_dur: [NightPearlView,1,0,0,0,0,2,2]
07-19 09:28:04.685  1449  1561 I am_broadcast_discard_app: [0,1199038,android.intent.action.USER_PRESENT,0,ResolveInfo{dd2541f com.sdu.didi.psnger/com.igexin.sdk.PushReceiver p=2147483647 m=0x108000}]
07-19 09:28:04.685  1449  1561 I am_broadcast_discard_app: [0,1199038,android.intent.action.USER_PRESENT,1,ResolveInfo{729736c com.jd.jrapp/com.tencent.android.tpush.XGPushReceiver p=2147483647 m=0x108000}]
07-19 09:28:04.685  1449  1561 I am_broadcast_discard_app: [0,1199038,android.intent.action.USER_PRESENT,2,ResolveInfo{f593d35 cn.wps.moffice_eng/cn.wps.moffice.service.receivers.MonitorServiceReceiver p=2147483647 m=0x108000}]
07-19 09:28:04.685  1449  1561 I am_broadcast_discard_app: [0,1199038,android.intent.action.USER_PRESENT,3,ResolveInfo{5a365ca com.mfw.roadbook/com.eguan.monitor.receiver.SystemStartReceiver p=9999 m=0x108000}]
07-19 09:28:04.705  1449  1592 I am_resume_activity: [0,93364683,213,com.zhihu.daily.android/.activity.NewsActivity_]
07-19 09:28:04.705  1449  1592 I am_focused_activity: [0,com.zhihu.daily.android/.activity.NewsActivity_]
07-19 09:28:04.745 14116 14116 I am_on_resume_called: [0,com.zhihu.daily.android.activity.NewsActivity_]
07-19 09:28:04.865  1449  1449 I power_screen_state: [1,0,0,0]
07-19 09:28:04.865  1449  1449 I screen_toggled: 1
07-19 09:28:04.865  1449  1449 I power_screen_broadcast_send: 1
07-19 09:28:04.875  1449  2617 I am_broadcast_discard_app: [0,1199038,android.intent.action.USER_PRESENT,10,ResolveInfo{eca6be9 cn.damai/com.igexin.sdk.PushReceiver m=0x108000}]
07-19 09:28:04.875  1449  1561 I am_broadcast_discard_app: [0,1199038,android.intent.action.USER_PRESENT,11,ResolveInfo{847206e cn.damai/com.taobao.accs.EventReceiver m=0x108000}]
07-19 09:28:04.915  1449  2641 I am_broadcast_discard_app: [0,1199038,android.intent.action.USER_PRESENT,13,ResolveInfo{53e830f com.taobao.taobao/com.taobao.accs.EventReceiver m=0x108000}]
07-19 09:28:04.925  1449  1561 I am_broadcast_discard_app: [0,1199038,android.intent.action.USER_PRESENT,14,ResolveInfo{4268f9c com.autonavi.minimap/com.taobao.accs.EventReceiver m=0x108000}]
07-19 09:28:04.925  1449  1561 I am_broadcast_discard_app: [0,1199038,android.intent.action.USER_PRESENT,15,ResolveInfo{2d4dda5 com.baidu.netdisk/com.baidu.android.pushservice.PushServiceReceiver m=0x108000}]
07-19 09:28:04.925  1449  1561 I am_broadcast_discard_app: [0,1199038,android.intent.action.USER_PRESENT,16,ResolveInfo{2c8d57a com.baidu.netdisk/com.baidu.devicesecurity.receiver.DSDeviceAdminReceiver m=0x108000}]
07-19 09:28:04.935  1449  1561 I am_broadcast_discard_app: [0,1199038,android.intent.action.USER_PRESENT,17,ResolveInfo{6ea412b com.hunantv.imgo.activity/com.igexin.sdk.PushReceiver m=0x108000}]
07-19 09:28:04.935  1449  1561 I am_broadcast_discard_app: [0,1199038,android.intent.action.USER_PRESENT,18,ResolveInfo{3db0988 com.jianshu.haruki/com.igexin.sdk.PushReceiver m=0x108000}]
07-19 09:28:04.935  1449  1561 I am_broadcast_discard_app: [0,1199038,android.intent.action.USER_PRESENT,20,ResolveInfo{85aaf21 com.amazon.kindlefc/com.igexin.sdk.PushReceiver m=0x108000}]
07-19 09:28:04.935  1449  1561 I am_broadcast_discard_app: [0,1199038,android.intent.action.USER_PRESENT,21,ResolveInfo{47ecf46 com.mfw.roadbook/com.igexin.sdk.PushReceiver m=0x108000}]
07-19 09:28:04.935  1449  1561 I am_broadcast_discard_app: [0,1199038,android.intent.action.USER_PRESENT,22,ResolveInfo{349c507 com.dajie.official/com.igexin.sdk.PushReceiver m=0x108000}]
07-19 09:28:04.935  1449  1561 I am_broadcast_discard_app: [0,1199038,android.intent.action.USER_PRESENT,23,ResolveInfo{adb3634 air.tv.douyu.android/com.igexin.sdk.PushReceiver m=0x108000}]
07-19 09:28:04.935  1449  1561 I am_broadcast_discard_app: [0,1199038,android.intent.action.USER_PRESENT,24,ResolveInfo{a121c5d com.UCMobile/com.taobao.accs.EventReceiver m=0x108000}]
07-19 09:28:04.935  1449  1561 I am_broadcast_discard_app: [0,1199038,android.intent.action.USER_PRESENT,26,ResolveInfo{b4899d2 com.netease.newsreader.activity/com.igexin.sdk.PushReceiver m=0x108000}]
07-19 09:28:04.945  1449  2596 I am_broadcast_discard_app: [0,1199038,android.intent.action.USER_PRESENT,28,ResolveInfo{733aaa3 com.sankuai.meituan/com.dianping.base.push.pushservice.PhoneStatusReceiver m=0x108000}]
07-19 09:28:04.945  1449  1561 I am_broadcast_discard_app: [0,1199038,android.intent.action.USER_PRESENT,29,ResolveInfo{c0f81a0 cn.wps.moffice_eng/com.igexin.sdk.PushReceiver m=0x108000}]
07-19 09:28:05.075  1449  1449 I power_screen_broadcast_done: [1,204,1]
07-19 09:28:06.615  1449  2604 I am_finish_activity: [0,93364683,213,com.zhihu.daily.android/.activity.NewsActivity_,app-request]
07-19 09:28:06.615  1449  2604 I am_home_stack_moved: [0,0,1,1,finishActivity adjustFocus setFocusedActivity]
07-19 09:28:06.615  1449  2604 I wm_task_moved: [213,1,6]
07-19 09:28:06.625  1449  2604 I am_focused_activity: [0,com.zhihu.daily.android/.activity.MainActivity_]
07-19 09:28:06.625  1449  2604 I am_pause_activity: [0,93364683,com.zhihu.daily.android/.activity.NewsActivity_]
07-19 09:28:06.625 14116 14116 I am_on_paused_called: [0,com.zhihu.daily.android.activity.NewsActivity_]
07-19 09:28:06.625  1449  2588 I am_resume_activity: [0,98292203,213,com.zhihu.daily.android/.activity.MainActivity_]
07-19 09:28:06.635  1449  2588 I am_focused_activity: [0,com.zhihu.daily.android/.activity.MainActivity_]
07-19 09:28:06.655 14116 14116 I am_on_resume_called: [0,com.zhihu.daily.android.activity.MainActivity_]
07-19 09:28:07.095  1449  1561 I am_destroy_activity: [0,93364683,213,com.zhihu.daily.android/.activity.NewsActivity_,finish-imm]
07-19 09:28:07.115   508   508 I sf_frame_dur: [com.zhihu.daily.android/com.zhihu.daily.android.activity.NewsActivity_,1074,63,13,8,34,4,9]
07-19 09:28:08.605  1449  1547 I am_finish_activity: [0,98292203,213,com.zhihu.daily.android/.activity.MainActivity_,app-request]
07-19 09:28:08.605  1449  1547 I am_home_stack_moved: [0,0,1,1,finishActivity adjustFocus setFocusedActivity]
07-19 09:28:08.605  1449  1547 I wm_task_moved: [213,1,6]
07-19 09:28:08.615  1449  1547 I am_focused_activity: [0,com.tencent.mm/.ui.LauncherUI]
07-19 09:28:08.625  1449  1547 I am_pause_activity: [0,98292203,com.zhihu.daily.android/.activity.MainActivity_]
07-19 09:28:08.625 14116 14116 I am_on_paused_called: [0,com.zhihu.daily.android.activity.MainActivity_]
07-19 09:28:08.635  1449  2604 I am_resume_activity: [0,54303253,199,com.tencent.mm/.ui.LauncherUI]
07-19 09:28:08.645  1449  2604 I am_focused_activity: [0,com.tencent.mm/.ui.LauncherUI]
07-19 09:28:08.695 24652 24652 I am_on_resume_called: [0,com.tencent.mm.ui.LauncherUI]
07-19 09:28:08.795  1449  2588 I am_destroy_activity: [0,98292203,213,com.zhihu.daily.android/.activity.MainActivity_,finish-imm]
07-19 09:28:08.805   508   508 I sf_frame_dur: [com.zhihu.daily.android/com.zhihu.daily.android.activity.MainActivity_,16,1,0,0,0,2,0]
07-19 09:28:08.815  1449  2564 I wm_task_removed: [213,removeAppToken: last token]
07-19 09:28:08.815  1449  2564 I wm_task_removed: [213,removeTask]
07-19 09:28:10.215  2255  2255 I sysui_count: [panel_open,1]
07-19 09:28:10.395  2255  2255 I sysui_histogram: [note_load,3]
07-19 09:28:10.395  1449  2212 I notification_panel_revealed: 3
07-19 09:28:10.495   508   508 I sf_frame_dur: [com.vivo.nail/com.vivo.nail.NailApp,16,1,0,0,0,0,2]
07-19 09:28:10.975  1449  1545 I notification_visibility: [0|com.zhihu.daily.android|9527885|com.zhihu.daily.android|10165|0,1,358526,358526,0,1]
07-19 09:28:11.215  1449  1559 I am_pss  : [24739,10122,com.tencent.mobileqq:MSF,30451712,26165248]
07-19 09:28:11.235  1449  1559 I am_pss  : [2647,10028,com.bbk.launcher2,88859648,85790720]
07-19 09:28:11.315  1449  1559 I am_pss  : [24753,10122,com.tencent.mobileqq,185598976,172216320]
07-19 09:28:11.335  1449  1559 I am_pss  : [19993,10154,com.sohu.inputmethod.sogou,71711744,64978944]
07-19 09:28:11.345  1449  1559 I am_pss  : [2895,1000,com.vivo.doubleinstance,2945024,2179072]
07-19 09:28:11.355  1449  1559 I am_pss  : [3424,1000,com.qti.service.colorservice,4505600,3678208]
07-19 09:28:11.375  1449  1559 I am_pss  : [31878,10085,com.vivo.gallery,110171136,105324544]
07-19 09:28:11.395  1449  1559 I am_pss  : [32262,10122,com.tencent.mobileqq:dataline,40054784,31825920]
07-19 09:28:11.405  1449  1559 I am_pss  : [22354,10073,com.vivo.secime.service,22622208,20180992]
07-19 09:28:11.425  1449  1559 I am_pss  : [24999,10116,com.tencent.mm:appbrand0,30618624,20258816]
07-19 09:28:11.435  1449  1559 I am_pss  : [4084,10076,com.bbk.updater,41004032,39616512]
07-19 09:28:11.455  1449  1559 I am_pss  : [25307,10152,com.sie.mp,8740864,5758976]
07-19 09:28:11.465  1449  1559 I am_pss  : [9716,10007,android.process.media,12478464,11345920]
07-19 09:28:11.475  1449  1559 I am_pss  : [2214,1000,com.vivo.appfilter,10891264,10022912]
07-19 09:28:11.485  1449  1559 I am_pss  : [3885,10050,com.vivo.doubletimezoneclock,17499136,16359424]
07-19 09:28:11.525  1449  1559 I am_pss  : [14766,10122,com.tencent.mobileqq:tool,60745728,51224576]
07-19 09:28:11.535  1449  1559 I am_pss  : [27729,1000,com.vivo.wifi.networkdetect,4875264,4091904]
07-19 09:28:11.555  1449  1559 I am_pss  : [2991,1000,com.vivo.nail,33496064,30310400]
07-19 09:28:11.595  1449  1559 I am_pss  : [30213,10116,com.tencent.mm:tools,105397248,90107904]
07-19 09:28:11.615  1449  1559 I am_pss  : [10444,10024,com.bbk.appstore,14137344,12541952]
07-19 09:28:11.625  1449  1559 I am_pss  : [2685,1000,com.vivo.smartmultiwindow,21224448,19931136]
07-19 09:28:11.635  1449  1559 I am_pss  : [25275,10152,com.sie.mp:pushservice,12459008,9326592]
07-19 09:28:11.655  1449  1559 I am_pss  : [4037,10048,com.vivo.devicereg,34580480,26968064]
07-19 09:28:11.665  1449  1559 I am_pss  : [29817,10154,sogou.mobile.explorer.hotwords,8105984,5537792]
07-19 09:28:11.675  1449  1559 I am_pss  : [25525,10003,android.process.acore,10789888,9666560]
07-19 09:28:11.685  1449  1559 I am_pss  : [2979,10059,com.vivo.magazine,14551040,13590528]
07-19 09:28:11.695  1449  1559 I am_pss  : [29039,10154,com.sohu.inputmethod.sogou:push_service,11101184,8359936]
07-19 09:28:11.705  1449  1559 I am_pss  : [29891,1000,com.android.bbklog,5608448,4575232]
07-19 09:28:11.725  1449  1559 I am_pss  : [25465,1000,com.vivo.nightpearl,22425600,20660224]
07-19 09:28:11.735  1449  1559 I am_pss  : [18219,1002,com.android.bluetooth,11698176,10133504]
07-19 09:28:11.745  1449  1559 I am_pss  : [3058,1001,com.qualcomm.qcrilmsgtunnel,8430592,7667712]
07-19 09:28:11.765  1449  1559 I am_pss  : [2479,10012,com.baidu.map.location,15105024,13680640]
07-19 09:28:13.235  1449  2212 I am_home_stack_moved: [0,0,1,1,startingNewTask]
07-19 09:28:13.245  1449  2212 I wm_task_moved: [199,1,5]
07-19 09:28:13.245  1449  2212 I am_create_task: [0,214]
07-19 09:28:13.245  1449  2212 I am_create_activity: [0,78938771,214,com.zhihu.daily.android/.activity.NewsActivity_,NULL,NULL,NULL,335544320]
07-19 09:28:13.245  1449  2212 I wm_task_created: [214,1]
07-19 09:28:13.245  1449  2212 I wm_task_moved: [214,1,6]
07-19 09:28:13.255  1449  2212 I am_pause_activity: [0,54303253,com.tencent.mm/.ui.LauncherUI]
07-19 09:28:13.265  1449  2212 I am_home_stack_moved: [0,0,1,1,startedActivity setFocusedActivity]
07-19 09:28:13.265  1449  2212 I wm_task_moved: [214,1,6]
07-19 09:28:13.265  1449  2212 I am_focused_activity: [0,com.zhihu.daily.android/.activity.NewsActivity_]
07-19 09:28:13.275  1449  2588 I notification_clicked: [0|com.zhihu.daily.android|9527885|com.zhihu.daily.android|10165|0,360829,360829,2303]
07-19 09:28:13.275  1449  1449 I sysui_histogram: [note_click_longevity,6]
07-19 09:28:13.275  1449  1449 I notification_canceled: [0|com.zhihu.daily.android|9527885|com.zhihu.daily.android|10165|0,1,360830,360830,2304]
07-19 09:28:13.285  1449  2635 I notification_visibility: [0|com.zhihu.daily.android|9529674|com.zhihu.daily.android|10165|0,1,360865,360865,0,1]
07-19 09:28:13.295 24652 24652 I am_on_paused_called: [0,com.tencent.mm.ui.LauncherUI]
07-19 09:28:13.315  1449  2617 I am_restart_activity: [0,78938771,214,com.zhihu.daily.android/.activity.NewsActivity_]
07-19 09:28:13.325  1449  2617 I am_focused_activity: [0,com.zhihu.daily.android/.activity.NewsActivity_]
07-19 09:28:13.365 14116 14116 I am_on_resume_called: [0,com.zhihu.daily.android.activity.NewsActivity_]
07-19 09:28:13.465  1449  1585 I am_activity_launch_time: [0,78938771,com.zhihu.daily.android/.activity.NewsActivity_,165,165]
07-19 09:28:13.685  1449  1545 I notification_visibility: [0|com.zhihu.daily.android|9529674|com.zhihu.daily.android|10165|0,0,361265,361265,0,1]
07-19 09:28:13.685  1449  2641 I notification_panel_hidden: []
07-19 09:28:13.755   508   508 I sf_frame_dur: [com.tencent.mm/com.tencent.mm.ui.LauncherUI,57,1,1,0,0,1,1]
07-19 09:28:19.765  1449  1559 I am_pss  : [3142,10056,com.iqoo.secure:remote,50650112,47632384]
07-19 09:28:41.125  1449  1559 I am_pss  : [14116,10165,com.zhihu.daily.android,229985280,224796672]
07-19 09:29:00.145  1449  1559 I am_pss  : [24652,10116,com.tencent.mm,210208768,193425408]
07-19 09:29:00.165  1449  1559 I am_pss  : [24670,10116,com.tencent.mm:exdevice,14694400,9580544]
07-19 09:29:00.195  1449  1559 I am_pss  : [24948,10116,com.tencent.mm:push,16125952,11849728]
07-19 09:29:00.235  1449  1559 I am_pss  : [25047,10116,com.tencent.mm:support,26593280,16359424]
07-19 09:29:00.255  1449  1559 I am_pss  : [11505,10079,com.bbk.calendar,4209664,3379200]
07-19 09:29:00.275  1449  1559 I am_pss  : [12335,1000,com.bbk.facewake,6935552,5664768]
07-19 09:29:00.295  1449  1559 I am_pss  : [25834,10039,com.vivo.weather.provider,12656640,11493376]
07-19 09:29:00.315  1449  1559 I am_pss  : [3582,10002,com.android.providers.calendar,4667392,3801088]
07-19 09:29:00.335  1449  1559 I am_pss  : [11667,10086,com.vivo.msgpush,3651584,2895872]
07-19 09:29:00.355  1449  1559 I am_pss  : [4237,10008,com.vivo.email,8015872,6422528]
07-19 09:29:00.365  1449  1559 I am_pss  : [4177,1000,com.qualcomm.qti.RIDL,3011584,2285568]
07-19 09:29:00.385  1449  1559 I am_pss  : [4155,1000,com.vivo.networkstate,3081216,2351104]
07-19 09:29:00.405  1449  1559 I am_pss  : [4115,10013,com.vivo.numbermark,4459520,3100672]
07-19 09:29:00.415  1449  1559 I am_pss  : [28683,1000,com.vivo.networkimprove,6566912,5812224]
07-19 09:29:00.435  1449  1559 I am_pss  : [10334,1000,com.vivo.cameraparamluma,7654400,6414336]
07-19 09:29:00.445  1449  1559 I am_pss  : [3627,10035,com.android.BBKClock,27824128,25206784]
07-19 09:29:00.465  1449  1559 I am_pss  : [31485,1000,com.android.settings,7662592,6356992]
07-19 09:29:00.475  1449  1559 I am_pss  : [4533,1000,com.qualcomm.timeservice,2893824,2166784]
07-19 09:29:00.485  1449  1559 I am_pss  : [4341,10080,com.android.camera,11483136,9613312]
07-19 09:29:00.495  1449  1559 I am_pss  : [3714,10003,com.android.contacts,9807872,8318976]
07-19 09:29:10.985  1449  1559 I am_pss  : [2506,10058,com.bbk.iqoo.logsystem,21129216,19496960]
07-19 09:29:19.875  1449  1592 I power_sleep_requested: 0
07-19 09:29:19.885  1449  1449 I power_screen_state: [0,3,0,0]
07-19 09:29:19.885  1449  1449 I screen_toggled: 0
07-19 09:29:19.885  1449  1449 I sysui_histogram: [screen_timeout,30]
07-19 09:29:19.885  1449  1449 I power_screen_broadcast_send: 1
07-19 09:29:19.955  1449  1449 I am_pause_activity: [0,78938771,com.zhihu.daily.android/.activity.NewsActivity_]
07-19 09:29:19.955 14116 14116 I am_on_paused_called: [0,com.zhihu.daily.android.activity.NewsActivity_]
07-19 09:29:19.975  1449  1449 I sysui_histogram: [fingerprint_token,0]
07-19 09:29:19.995  1449  1561 I am_focused_activity: [0,com.zhihu.daily.android/.activity.NewsActivity_]
07-19 09:29:20.145  1449  1449 I power_screen_broadcast_done: [0,267,1]
07-19 09:29:20.305   508   508 I sf_frame_dur: [SurfaceView,2,147,13,0,0,1,0]
07-19 09:29:21.155   508   508 I sf_frame_dur: [ColorFade,2,1,0,0,0,0,0]
07-19 09:29:26.077  2255  2255 I sysui_status_bar_state: [1,1,0,0,1,0]
07-19 09:30:00.757  1449  1940 I device_idle_wake_from_idle: [0,*walarm*:android.intent.action.ALARM_KICK_NIGHT_PEARL]
07-19 09:30:56.272  1449  1561 I am_broadcast_discard_app: [0,25262058,android.net.wifi.supplicant.STATE_CHANGE,0,ResolveInfo{fa58adb com.UCMobile/com.uc.browser.business.openwifi.NetworkConnectReceiver p=1000 m=0x108000}]
07-19 09:30:56.302  1449  1561 I am_broadcast_discard_app: [0,170723704,android.net.wifi.STATE_CHANGE,0,ResolveInfo{8dfc851 com.UCMobile/com.uc.browser.business.openwifi.NetworkConnectReceiver p=1000 m=0x108000}]
07-19 09:30:56.382  1449  2617 I am_proc_start: [0,15253,10101,com.vivo.game,broadcast,com.vivo.game/.update.UpdateDownloadReceiver]
07-19 09:30:56.422  1449  2212 I am_proc_bound: [0,15253,com.vivo.game]
07-19 09:30:56.872  1449  2604 I am_broadcast_discard_app: [0,170723704,android.net.wifi.STATE_CHANGE,4,ResolveInfo{40668af com.baidu.netdisk/com.baidu.cyberplayer.dlna.NetworkChangeReceiver m=0x108000}]
07-19 09:30:56.872  1449  2604 I am_kill : [0,3714,com.android.contacts,15,empty for 29398s]
07-19 09:30:56.902  1449  1561 I am_broadcast_discard_app: [0,170723704,android.net.wifi.STATE_CHANGE,5,ResolveInfo{fa14bc com.hunantv.imgo.activity/com.mangogamehall.receiver.GHWifiStateReceiver m=0x108000}]
07-19 09:30:56.902  1449  1561 I am_broadcast_discard_app: [0,170723704,android.net.wifi.STATE_CHANGE,6,ResolveInfo{2344c45 com.sdu.didi.psnger/com.didi.sdk.receiver.WifiReceiver m=0x108000}]
07-19 09:30:56.902  1449  1561 I am_broadcast_discard_app: [0,170723704,android.net.wifi.STATE_CHANGE,7,ResolveInfo{1dfaf9a com.youdao.note/.broadcast.ConnectivityChangeReceiver m=0x108000}]
07-19 09:30:56.902  1449  2622 I am_proc_died: [0,3714,com.android.contacts]
07-19 09:30:56.902  1449  1561 I am_broadcast_discard_app: [0,249225419,android.net.wifi.supplicant.STATE_CHANGE,0,ResolveInfo{bb1c0a8 com.UCMobile/com.uc.browser.business.openwifi.NetworkConnectReceiver p=1000 m=0x108000}]
07-19 09:31:00.312  1449  1940 I device_idle_wake_from_idle: [0,*walarm*:android.intent.action.ALARM_KICK_NIGHT_PEARL]
07-19 09:31:30.666  1449  1449 I sysui_histogram: [fingerprint_token,0]
07-19 09:31:33.096  1449  2091 I netstats_mobile_sample: [54448981,72229,8102556,60664,53860261,58585,6162651,49107,53860261,58585,8482041,80545,1500427893061]
07-19 09:31:33.096  1449  2091 I netstats_wifi_sample: [2139328671,1961026,147753185,1421404,2138741502,1948358,127786246,1415260,2135786778,1929897,145890939,1824929,1500427893061]
07-19 09:31:33.146  1449  1449 I sysui_action: [252,true]
07-19 09:31:33.146  2255  2268 I screen_toggled: 2
07-19 09:31:33.186  2255  2255 I sysui_status_bar_state: [1,0,0,0,1,0]
07-19 09:31:33.216  1449  1561 I am_broadcast_discard_app: [0,48011250,android.intent.action.USER_PRESENT,0,ResolveInfo{5649e43 com.sdu.didi.psnger/com.igexin.sdk.PushReceiver p=2147483647 m=0x108000}]
07-19 09:31:33.216  1449  1561 I am_broadcast_discard_app: [0,48011250,android.intent.action.USER_PRESENT,1,ResolveInfo{ee1fcc0 com.jd.jrapp/com.tencent.android.tpush.XGPushReceiver p=2147483647 m=0x108000}]
07-19 09:31:33.216  1449  1561 I am_broadcast_discard_app: [0,48011250,android.intent.action.USER_PRESENT,2,ResolveInfo{dbb4df9 cn.wps.moffice_eng/cn.wps.moffice.service.receivers.MonitorServiceReceiver p=2147483647 m=0x108000}]
07-19 09:31:33.216  1449  1561 I am_broadcast_discard_app: [0,48011250,android.intent.action.USER_PRESENT,3,ResolveInfo{218413e com.mfw.roadbook/com.eguan.monitor.receiver.SystemStartReceiver p=9999 m=0x108000}]
07-19 09:31:33.226   508   508 I sf_frame_dur: [NightPearlView,0,1,0,0,0,2,2]
07-19 09:31:33.256  1449  1592 I am_resume_activity: [0,78938771,214,com.zhihu.daily.android/.activity.NewsActivity_]
07-19 09:31:33.276  1449  1592 I am_focused_activity: [0,com.zhihu.daily.android/.activity.NewsActivity_]
07-19 09:31:33.286  1449  1449 I power_screen_state: [1,0,0,0]
07-19 09:31:33.286  1449  1449 I screen_toggled: 1
07-19 09:31:33.296  1449  1449 I power_screen_broadcast_send: 1
07-19 09:31:33.326 14116 14116 I am_on_resume_called: [0,com.zhihu.daily.android.activity.NewsActivity_]
07-19 09:31:33.576  1449  2604 I am_broadcast_discard_app: [0,48011250,android.intent.action.USER_PRESENT,10,ResolveInfo{1e15125 cn.damai/com.igexin.sdk.PushReceiver m=0x108000}]
07-19 09:31:33.576  1449  1561 I am_broadcast_discard_app: [0,48011250,android.intent.action.USER_PRESENT,11,ResolveInfo{b4702fa cn.damai/com.taobao.accs.EventReceiver m=0x108000}]
07-19 09:31:33.616  1449  2198 I am_broadcast_discard_app: [0,48011250,android.intent.action.USER_PRESENT,13,ResolveInfo{1fab308 com.taobao.taobao/com.taobao.accs.EventReceiver m=0x108000}]
07-19 09:31:33.616  1449  1561 I am_broadcast_discard_app: [0,48011250,android.intent.action.USER_PRESENT,14,ResolveInfo{a7adaa1 com.autonavi.minimap/com.taobao.accs.EventReceiver m=0x108000}]
07-19 09:31:33.616  1449  1561 I am_broadcast_discard_app: [0,48011250,android.intent.action.USER_PRESENT,15,ResolveInfo{e7254c6 com.baidu.netdisk/com.baidu.android.pushservice.PushServiceReceiver m=0x108000}]
07-19 09:31:33.616  1449  1561 I am_broadcast_discard_app: [0,48011250,android.intent.action.USER_PRESENT,16,ResolveInfo{3a69c87 com.baidu.netdisk/com.baidu.devicesecurity.receiver.DSDeviceAdminReceiver m=0x108000}]
07-19 09:31:33.616  1449  1561 I am_broadcast_discard_app: [0,48011250,android.intent.action.USER_PRESENT,17,ResolveInfo{90bf7b4 com.hunantv.imgo.activity/com.igexin.sdk.PushReceiver m=0x108000}]
07-19 09:31:33.616  1449  1561 I am_broadcast_discard_app: [0,48011250,android.intent.action.USER_PRESENT,18,ResolveInfo{8c97fdd com.jianshu.haruki/com.igexin.sdk.PushReceiver m=0x108000}]
07-19 09:31:33.616  1449  1561 I am_broadcast_discard_app: [0,48011250,android.intent.action.USER_PRESENT,20,ResolveInfo{4aef752 com.amazon.kindlefc/com.igexin.sdk.PushReceiver m=0x108000}]
07-19 09:31:33.626  1449  1561 I am_broadcast_discard_app: [0,48011250,android.intent.action.USER_PRESENT,21,ResolveInfo{9467a23 com.mfw.roadbook/com.igexin.sdk.PushReceiver m=0x108000}]
07-19 09:31:33.626  1449  1561 I am_broadcast_discard_app: [0,48011250,android.intent.action.USER_PRESENT,22,ResolveInfo{64adb20 com.dajie.official/com.igexin.sdk.PushReceiver m=0x108000}]
07-19 09:31:33.626  1449  1561 I am_broadcast_discard_app: [0,48011250,android.intent.action.USER_PRESENT,23,ResolveInfo{7633cd9 air.tv.douyu.android/com.igexin.sdk.PushReceiver m=0x108000}]
07-19 09:31:33.626  1449  1561 I am_broadcast_discard_app: [0,48011250,android.intent.action.USER_PRESENT,24,ResolveInfo{17c957f com.UCMobile/com.taobao.accs.EventReceiver m=0x108000}]
07-19 09:31:33.636  1449  1561 I am_broadcast_discard_app: [0,48011250,android.intent.action.USER_PRESENT,26,ResolveInfo{6d2894c com.netease.newsreader.activity/com.igexin.sdk.PushReceiver m=0x108000}]
07-19 09:31:33.636  1449  2588 I am_broadcast_discard_app: [0,48011250,android.intent.action.USER_PRESENT,28,ResolveInfo{a41cd95 com.sankuai.meituan/com.dianping.base.push.pushservice.PhoneStatusReceiver m=0x108000}]
07-19 09:31:33.646  1449  1561 I am_broadcast_discard_app: [0,48011250,android.intent.action.USER_PRESENT,29,ResolveInfo{e61eaa cn.wps.moffice_eng/com.igexin.sdk.PushReceiver m=0x108000}]
07-19 09:31:33.646  1449  1561 I am_broadcast_discard_app: [0,13568667,android.net.wifi.RSSI_CHANGED,0,ResolveInfo{c44ee38 com.sdu.didi.psnger/com.didi.sdk.receiver.WifiReceiver m=0x108000}]
07-19 09:31:33.716  1449  1449 I power_screen_broadcast_done: [1,422,1]
07-19 09:31:40.316  1449  1946 I sysui_histogram: [power_double_tap_interval,245089]
07-19 09:31:40.526  1449  1946 I power_sleep_requested: 0
07-19 09:31:40.536  1449  1449 I power_screen_state: [0,2,0,0]
07-19 09:31:40.536  1449  1449 I screen_toggled: 0
07-19 09:31:40.536  1449  1449 I sysui_histogram: [screen_timeout,30]
07-19 09:31:40.536  1449  1449 I power_screen_broadcast_send: 1
07-19 09:31:40.556  1449  1449 I am_pause_activity: [0,78938771,com.zhihu.daily.android/.activity.NewsActivity_]
07-19 09:31:40.566 14116 14116 I am_on_paused_called: [0,com.zhihu.daily.android.activity.NewsActivity_]
07-19 09:31:40.606  1449  1561 I am_focused_activity: [0,com.zhihu.daily.android/.activity.NewsActivity_]
07-19 09:31:40.626  1449  1449 I sysui_histogram: [fingerprint_token,0]
07-19 09:31:40.716  2255  2255 I sysui_status_bar_state: [1,1,0,0,1,0]
07-19 09:31:41.256  1449  1449 I power_screen_broadcast_done: [0,721,1]
07-19 09:31:41.816   508   508 I sf_frame_dur: [ColorFade,2,0,0,0,0,0,1]
07-19 09:31:42.896  1449  1946 I sysui_histogram: [power_double_tap_interval,2581]
07-19 09:31:42.916  1449  1449 I power_screen_state: [1,0,0,0]
07-19 09:31:42.916  1449  1449 I screen_toggled: 1
07-19 09:31:42.916  1449  1449 I power_screen_broadcast_send: 1
07-19 09:31:43.116   508   508 I sf_frame_dur: [NightPearlView,1,0,0,0,0,2,0]
07-19 09:31:43.146  1449  1449 I power_screen_broadcast_done: [1,235,1]
07-19 09:31:43.856  1449  1559 I am_pss  : [2611,1001,com.android.phone,37070848,33857536]
07-19 09:31:43.886  1449  1559 I am_pss  : [2586,1000,com.vivo.upslide,58226688,53805056]
07-19 09:31:43.906  1449  1559 I am_pss  : [2574,1000,com.qualcomm.qti.tetherservice,5179392,4358144]
07-19 09:31:43.916  1449  1559 I am_pss  : [2559,1000,com.android.server.telecom,13418496,12382208]
07-19 09:31:43.926  1449  1559 I am_pss  : [2549,1000,com.qti.dpmserviceapp,12802048,12029952]
07-19 09:31:43.936  1449  1559 I am_pss  : [2536,1000,com.quicinc.cne.CNEService,9383936,8564736]
07-19 09:31:43.946  1449  1449 I sysui_action: [252,true]
07-19 09:31:43.946  2255  2268 I screen_toggled: 2
07-19 09:31:43.956  2255  2255 I sysui_status_bar_state: [1,0,0,0,1,0]
07-19 09:31:43.966  1449  1559 I am_pss  : [2425,1000,com.vivo.daemonService,29703168,27410432]
07-19 09:31:43.986  1449  2635 I am_resume_activity: [0,78938771,214,com.zhihu.daily.android/.activity.NewsActivity_]
07-19 09:31:43.986  1449  2635 I am_focused_activity: [0,com.zhihu.daily.android/.activity.NewsActivity_]
07-19 09:31:43.996  1449  1559 I am_pss  : [2286,1000,com.vivo.abe,138305536,129617920]
07-19 09:31:44.006  1449  1561 I am_broadcast_discard_app: [0,254473796,android.intent.action.USER_PRESENT,0,ResolveInfo{8ebc32d com.sdu.didi.psnger/com.igexin.sdk.PushReceiver p=2147483647 m=0x108000}]
