07-19 01:07:26.207  1449  1559 I am_pss  : [2611,1001,com.android.phone,39914496,36315136]
07-19 01:07:26.227  1449  1559 I am_pss  : [2586,1000,com.vivo.upslide,57659392,53161984]
07-19 01:07:26.237  1449  1559 I am_pss  : [2574,1000,com.qualcomm.qti.tetherservice,5232640,4337664]
07-19 01:07:26.247  1449  1559 I am_pss  : [2559,1000,com.android.server.telecom,13015040,11845632]
07-19 01:07:26.257  1449  1559 I am_pss  : [2549,1000,com.qti.dpmserviceapp,11004928,10158080]
07-19 01:07:26.267  1449  1559 I am_pss  : [2536,1000,com.quicinc.cne.CNEService,7666688,6762496]
07-19 01:07:26.297  1449  1559 I am_pss  : [2425,1000,com.vivo.daemonService,30969856,28446720]
07-19 01:07:26.307  1449  1559 I am_pss  : [2286,1000,com.vivo.abe,39519232,37711872]
07-19 01:10:20.737  1449  2641 I battery_level: [95,4380,337]
07-19 01:10:20.747  1449  1561 I am_wtf  : [0,1449,system_server,-1,BatteryStatsService,Wifi is in disabled state]
07-19 01:11:26.447  2611  2611 I gsm_service_state_change: [0,0,0,1]
07-19 01:11:26.497  1449  1559 I am_pss  : [9716,10007,android.process.media,12319744,11071488]
07-19 01:11:26.507  1449  1559 I am_pss  : [3142,10056,com.iqoo.secure:remote,53065728,49684480]
07-19 01:11:27.257  2611  2611 I gsm_service_state_change: [0,1,0,0]
07-19 01:12:50.737  1449  2596 I battery_level: [96,4380,335]
07-19 01:12:50.747  1449  1561 I am_wtf  : [0,1449,system_server,-1,BatteryStatsService,Wifi is in disabled state]
07-19 01:17:10.737  1449  2641 I battery_level: [97,4381,327]
07-19 01:17:10.747  1449  1561 I am_wtf  : [0,1449,system_server,-1,BatteryStatsService,Wifi is in disabled state]
07-19 01:17:25.387  1449  1559 I am_pss  : [4037,10048,com.vivo.devicereg,100843520,94760960]
07-19 01:17:25.417  1449  1559 I am_pss  : [3142,10056,com.iqoo.secure:remote,49870848,46489600]
07-19 01:19:44.937  1449  1561 I am_wtf  : [0,1449,system_server,-1,BatteryStatsService,Wifi is in disabled state]
07-19 01:21:00.537  1449  1559 I am_pss  : [29039,10154,com.sohu.inputmethod.sogou:push_service,10782720,8335360]
07-19 01:22:25.527  1449  1559 I am_pss  : [1449,1000,system,142341120,138162176]
07-19 01:22:25.547  1449  1559 I am_pss  : [24739,10122,com.tencent.mobileqq:MSF,29143040,24539136]
07-19 01:22:25.607  1449  1559 I am_pss  : [24652,10116,com.tencent.mm,235568128,219451392]
07-19 01:22:25.627  1449  1559 I am_pss  : [3424,1000,com.qti.service.colorservice,4570112,3674112]
07-19 01:22:25.637  1449  1559 I am_pss  : [19993,10154,com.sohu.inputmethod.sogou,67341312,62132224]
07-19 01:22:25.687  1449  1559 I am_pss  : [24753,10122,com.tencent.mobileqq,140102656,128565248]
07-19 01:22:25.707  1449  1559 I am_pss  : [32262,10122,com.tencent.mobileqq:dataline,39959552,30322688]
07-19 01:22:25.717  1449  1559 I am_pss  : [24670,10116,com.tencent.mm:exdevice,14852096,9928704]
07-19 01:22:25.737  1449  1559 I am_pss  : [22354,10073,com.vivo.secime.service,22858752,20140032]
07-19 01:22:25.747  1449  1559 I am_pss  : [2506,10058,com.bbk.iqoo.logsystem,20647936,18243584]
07-19 01:22:25.757  1449  1559 I am_pss  : [2214,1000,com.vivo.appfilter,10907648,9949184]
07-19 01:22:25.777  1449  1559 I am_pss  : [3142,10056,com.iqoo.secure:remote,49879040,46497792]
07-19 01:22:25.787  1449  1559 I am_pss  : [24948,10116,com.tencent.mm:push,20536320,16486400]
07-19 01:22:25.807  1449  1559 I am_pss  : [25047,10116,com.tencent.mm:support,27256832,17055744]
07-19 01:22:25.817  1449  1559 I am_pss  : [2979,10059,com.vivo.magazine,14116864,13033472]
07-19 01:22:25.837  1449  1559 I am_pss  : [2991,1000,com.vivo.nail,37210112,33042432]
07-19 01:22:25.847  1449  1559 I am_pss  : [2685,1000,com.vivo.smartmultiwindow,26077184,24444928]
07-19 01:22:25.867  1449  1559 I am_pss  : [18219,1002,com.android.bluetooth,11085824,9773056]
07-19 01:22:25.877  1449  1559 I am_pss  : [3058,1001,com.qualcomm.qcrilmsgtunnel,8053760,7213056]
07-19 01:22:25.887  1449  1559 I am_pss  : [2479,10012,com.baidu.map.location,15698944,14090240]
07-19 01:22:25.917  1449  1559 I am_pss  : [2611,1001,com.android.phone,37919744,34316288]
07-19 01:22:25.937  1449  1559 I am_pss  : [2586,1000,com.vivo.upslide,57666560,53170176]
07-19 01:22:25.947  1449  1559 I am_pss  : [2574,1000,com.qualcomm.qti.tetherservice,5232640,4337664]
07-19 01:22:25.957  1449  1559 I am_pss  : [2559,1000,com.android.server.telecom,13023232,11853824]
07-19 01:22:25.967  1449  1559 I am_pss  : [2549,1000,com.qti.dpmserviceapp,11115520,10268672]
07-19 01:22:25.977  1449  1559 I am_pss  : [2536,1000,com.quicinc.cne.CNEService,7769088,6864896]
07-19 01:22:26.007  1449  1559 I am_pss  : [2425,1000,com.vivo.daemonService,29706240,27185152]
07-19 01:22:26.017  1449  1559 I am_pss  : [2286,1000,com.vivo.abe,39519232,37711872]
07-19 01:22:26.047  1449  1559 I am_pss  : [2255,10018,com.android.systemui,165872640,147369984]
07-19 01:22:40.737  1449  2637 I battery_level: [98,4380,325]
07-19 01:22:40.737  1449  1561 I am_wtf  : [0,1449,system_server,-1,BatteryStatsService,Wifi is in disabled state]
07-19 01:24:44.117  1449  1559 I am_pss  : [2895,1000,com.vivo.doubleinstance,3013632,2179072]
07-19 01:24:44.147  1449  1559 I am_pss  : [3142,10056,com.iqoo.secure:remote,49883136,46501888]
07-19 01:27:00.737  1449  2564 I battery_level: [99,4381,320]
07-19 01:27:00.747  1449  1561 I am_wtf  : [0,1449,system_server,-1,BatteryStatsService,Wifi is in disabled state]
07-19 01:27:25.497  1449  1559 I am_pss  : [31878,10085,com.vivo.gallery,109784064,105267200]
07-19 01:27:25.517  1449  1559 I am_pss  : [26346,10164,com.netease.pomelo.news.push.messageservice_V1,11666432,8450048]
07-19 01:27:25.547  1449  1559 I am_pss  : [26164,10164,com.netease.newsreader.activity:core,12191744,8904704]
07-19 01:27:25.557  1449  1559 I am_pss  : [3885,10050,com.vivo.doubletimezoneclock,17752064,16494592]
07-19 01:27:25.567  1449  1559 I am_pss  : [31485,1000,com.android.settings,8047616,6561792]
07-19 01:27:25.587  1449  1559 I am_pss  : [25525,10003,android.process.acore,10989568,9703424]
07-19 01:27:25.597  1449  1559 I am_pss  : [25307,10152,com.sie.mp,10525696,7843840]
07-19 01:27:25.617  1449  1559 I am_pss  : [24999,10116,com.tencent.mm:appbrand0,29498368,19152896]
07-19 01:27:25.637  1449  1559 I am_pss  : [3142,10056,com.iqoo.secure:remote,49887232,46505984]
07-19 01:27:25.647  1449  1559 I am_pss  : [27729,1000,com.vivo.wifi.networkdetect,4349952,3497984]
07-19 01:27:25.667  1449  1559 I am_pss  : [30213,10116,com.tencent.mm:tools,57654272,44793856]
07-19 01:27:25.677  1449  1559 I am_pss  : [3181,10164,com.netease.newsreader.activity:pushservice,20525056,16797696]
07-19 01:27:25.687  1449  1559 I am_pss  : [29817,10154,sogou.mobile.explorer.hotwords,7784448,5496832]
07-19 01:27:25.707  1449  1559 I am_pss  : [31473,10102,com.vivo.quickpay,3703808,2809856]
07-19 01:27:25.717  1449  1559 I am_pss  : [29891,1000,com.android.bbklog,5825536,4644864]
07-19 01:27:25.727  1449  1559 I am_pss  : [25275,10152,com.sie.mp:pushservice,12684288,9887744]
07-19 01:27:25.737  1449  1559 I am_pss  : [26230,10164,com.netease.newsreader.activity:ajmd,16898048,13037568]
07-19 01:27:25.747  1449  1559 I am_pss  : [25465,1000,com.vivo.nightpearl,20475904,18665472]
07-19 01:32:20.737  1449  2604 I battery_level: [100,4380,317]
07-19 01:32:20.737  1449  1561 I am_wtf  : [0,1449,system_server,-1,BatteryStatsService,Wifi is in disabled state]
07-19 01:32:25.507  1449  2091 I netstats_mobile_sample: [54448981,72229,8102556,60664,53860261,58585,6162651,49107,53860261,58585,8482041,80545,1500399145469]
07-19 01:32:25.507  1449  2091 I netstats_wifi_sample: [2123164834,1946539,146378578,1407854,2122596453,1934016,126601535,1401717,2119641729,1915555,144523276,1807212,1500399145469]
07-19 01:32:25.527  1449  1559 I am_pss  : [9716,10007,android.process.media,12319744,11071488]
07-19 01:32:25.577  1449  1559 I am_pss  : [3142,10056,com.iqoo.secure:remote,49899520,46518272]
07-19 01:37:25.717  1449  1559 I am_pss  : [1449,1000,system,142263296,138084352]
07-19 01:37:25.727  1449  1559 I am_pss  : [24948,10116,com.tencent.mm:push,21617664,17567744]
07-19 01:37:25.757  1449  1559 I am_pss  : [2255,10018,com.android.systemui,171048960,152547328]
07-19 01:37:25.807  1449  1559 I am_pss  : [24652,10116,com.tencent.mm,236122112,220004352]
07-19 01:37:25.827  1449  1559 I am_pss  : [2647,10028,com.bbk.launcher2,77680640,74350592]
07-19 01:37:25.837  1449  1559 I am_pss  : [3424,1000,com.qti.service.colorservice,4570112,3674112]
07-19 01:37:25.857  1449  1559 I am_pss  : [19993,10154,com.sohu.inputmethod.sogou,67353600,62144512]
07-19 01:37:25.897  1449  1559 I am_pss  : [24753,10122,com.tencent.mobileqq,140379136,128843776]
07-19 01:37:25.917  1449  1559 I am_pss  : [32262,10122,com.tencent.mobileqq:dataline,39963648,30326784]
07-19 01:37:25.937  1449  1559 I am_pss  : [24739,10122,com.tencent.mobileqq:MSF,30502912,25899008]
07-19 01:37:25.977  1449  1559 I am_pss  : [26116,10164,com.netease.newsreader.activity,218459136,211775488]
07-19 01:37:25.997  1449  1559 I am_pss  : [24670,10116,com.tencent.mm:exdevice,14868480,9945088]
07-19 01:37:26.007  1449  1559 I am_pss  : [22354,10073,com.vivo.secime.service,22858752,20140032]
07-19 01:37:26.027  1449  1559 I am_pss  : [2506,10058,com.bbk.iqoo.logsystem,20647936,18243584]
07-19 01:37:26.037  1449  1559 I am_pss  : [28683,1000,com.vivo.networkimprove,5644288,4841472]
07-19 01:37:26.057  1449  1559 I am_pss  : [4037,10048,com.vivo.devicereg,100843520,94760960]
07-19 01:37:26.067  1449  1559 I am_pss  : [2214,1000,com.vivo.appfilter,10907648,9949184]
07-19 01:37:26.077  1449  1559 I am_pss  : [3582,10002,com.android.providers.calendar,4539392,3575808]
07-19 01:37:26.087  1449  1559 I am_pss  : [4533,1000,com.qualcomm.timeservice,2948096,2146304]
07-19 01:37:26.097  1449  1559 I am_pss  : [4115,10013,com.vivo.numbermark,4125696,3010560]
07-19 01:37:26.107  1449  1559 I am_pss  : [4084,10076,com.bbk.updater,12898304,11767808]
07-19 01:37:26.127  1449  1559 I am_pss  : [4341,10080,com.android.camera,11220992,9605120]
07-19 01:37:26.137  1449  1559 I am_pss  : [4237,10008,com.vivo.email,7760896,6356992]
07-19 01:37:26.147  1449  1559 I am_pss  : [4177,1000,com.qualcomm.qti.RIDL,3031040,2240512]
07-19 01:37:26.157  1449  1559 I am_pss  : [4155,1000,com.vivo.networkstate,3099648,2301952]
07-19 01:37:26.177  1449  1559 I am_pss  : [3142,10056,com.iqoo.secure:remote,49907712,46526464]
07-19 01:37:26.187  1449  1559 I am_pss  : [25834,10039,com.vivo.weather.provider,12990464,11661312]
07-19 01:37:26.207  1449  1559 I am_pss  : [25047,10116,com.tencent.mm:support,27301888,17100800]
07-19 01:37:26.217  1449  1559 I am_pss  : [3627,10035,com.android.BBKClock,4313088,3391488]
07-19 01:37:26.227  1449  1559 I am_pss  : [2979,10059,com.vivo.magazine,14116864,13033472]
07-19 01:37:26.237  1449  1559 I am_pss  : [3714,10003,com.android.contacts,9346048,7618560]
07-19 01:37:26.247  1449  1559 I am_pss  : [27204,1000,com.android.bluetoothsettings,3645440,2850816]
07-19 01:37:26.267  1449  1559 I am_pss  : [2991,1000,com.vivo.nail,37210112,33042432]
07-19 01:37:26.287  1449  1559 I am_pss  : [2685,1000,com.vivo.smartmultiwindow,26077184,24444928]
07-19 01:37:26.297  1449  1559 I am_pss  : [2638,10018,com.android.systemui:screenshot,12258304,9719808]
07-19 01:37:26.307  1449  1559 I am_pss  : [18219,1002,com.android.bluetooth,11180032,9867264]
07-19 01:37:26.317  1449  1559 I am_pss  : [3058,1001,com.qualcomm.qcrilmsgtunnel,8053760,7213056]
07-19 01:37:26.337  1449  1559 I am_pss  : [2479,10012,com.baidu.map.location,15756288,14147584]
07-19 01:37:26.357  1449  1559 I am_pss  : [2611,1001,com.android.phone,39312384,35708928]
07-19 01:37:26.377  1449  1559 I am_pss  : [2586,1000,com.vivo.upslide,57670656,53174272]
07-19 01:37:26.387  1449  1559 I am_pss  : [2574,1000,com.qualcomm.qti.tetherservice,5232640,4337664]
07-19 01:37:26.407  1449  1559 I am_pss  : [2559,1000,com.android.server.telecom,13047808,11878400]
07-19 01:37:26.417  1449  1559 I am_pss  : [2549,1000,com.qti.dpmserviceapp,11115520,10268672]
07-19 01:37:26.427  1449  1559 I am_pss  : [2536,1000,com.quicinc.cne.CNEService,7822336,6918144]
07-19 01:37:26.447  1449  1559 I am_pss  : [2425,1000,com.vivo.daemonService,28715008,26193920]
07-19 01:37:26.457  1449  1559 I am_pss  : [2286,1000,com.vivo.abe,39543808,37736448]
07-19 01:40:59.967  1449  2635 I battery_status: [5,9,1,1,Li-ion]
07-19 01:41:00.027  1449  1449 I notification_enqueue: [10018,2255,com.android.systemui,10000,NULL,0,Notification(pri=0 contentView=null vibrate=null sound=null tick defaults=0x0 flags=0x10 color=0x00000000 vis=PRIVATE),0]
07-19 01:41:01.777  1449  1559 I am_pss  : [29039,10154,com.sohu.inputmethod.sogou:push_service,10417152,7962624]
07-19 01:41:27.387  2611  2611 I gsm_service_state_change: [0,0,0,1]
07-19 01:41:27.457  1449  1559 I am_pss  : [3142,10056,com.iqoo.secure:remote,49911808,46530560]
07-19 01:41:27.997  2611  2611 I gsm_service_state_change: [0,1,0,0]
07-19 01:47:25.717  1449  1559 I am_pss  : [31878,10085,com.vivo.gallery,109784064,105267200]
07-19 01:47:25.737  1449  1559 I am_pss  : [26346,10164,com.netease.pomelo.news.push.messageservice_V1,11666432,8450048]
07-19 01:47:25.757  1449  1559 I am_pss  : [26164,10164,com.netease.newsreader.activity:core,12191744,8904704]
07-19 01:47:25.777  1449  1559 I am_pss  : [3885,10050,com.vivo.doubletimezoneclock,18295808,17039360]
07-19 01:47:25.787  1449  1559 I am_pss  : [31485,1000,com.android.settings,8047616,6561792]
07-19 01:47:25.797  1449  1559 I am_pss  : [25525,10003,android.process.acore,10989568,9703424]
07-19 01:47:25.817  1449  1559 I am_pss  : [25307,10152,com.sie.mp,10886144,8204288]
07-19 01:47:25.827  1449  1559 I am_pss  : [24999,10116,com.tencent.mm:appbrand0,29572096,19226624]
07-19 01:47:25.847  1449  1559 I am_pss  : [3142,10056,com.iqoo.secure:remote,49924096,46542848]
07-19 01:47:25.857  1449  1559 I am_pss  : [27729,1000,com.vivo.wifi.networkdetect,4349952,3497984]
07-19 01:47:25.877  1449  1559 I am_pss  : [30213,10116,com.tencent.mm:tools,57748480,44888064]
07-19 01:47:25.897  1449  1559 I am_pss  : [3181,10164,com.netease.newsreader.activity:pushservice,20524032,16797696]
07-19 01:47:25.907  1449  1559 I am_pss  : [29817,10154,sogou.mobile.explorer.hotwords,7788544,5500928]
07-19 01:47:25.917  1449  1559 I am_pss  : [31473,10102,com.vivo.quickpay,3703808,2809856]
07-19 01:47:25.927  1449  1559 I am_pss  : [29891,1000,com.android.bbklog,5825536,4644864]
07-19 01:47:25.937  1449  1559 I am_pss  : [25275,10152,com.sie.mp:pushservice,13192192,10395648]
07-19 01:47:25.947  1449  1559 I am_pss  : [26230,10164,com.netease.newsreader.activity:ajmd,16898048,13037568]
07-19 01:47:25.967  1449  1559 I am_pss  : [25465,1000,com.vivo.nightpearl,20476928,18665472]
07-19 01:49:44.987  1449  1561 I am_wtf  : [0,1449,system_server,-1,BatteryStatsService,Wifi is in disabled state]
07-19 01:52:25.877  1449  1559 I am_pss  : [1449,1000,system,141329408,137150464]
07-19 01:52:25.897  1449  1559 I am_pss  : [24739,10122,com.tencent.mobileqq:MSF,28303360,23699456]
07-19 01:52:25.947  1449  1559 I am_pss  : [24652,10116,com.tencent.mm,236187648,220069888]
07-19 01:52:25.957  1449  1559 I am_pss  : [3424,1000,com.qti.service.colorservice,4570112,3674112]
07-19 01:52:25.977  1449  1559 I am_pss  : [19993,10154,com.sohu.inputmethod.sogou,67386368,62177280]
07-19 01:52:26.017  1449  1559 I am_pss  : [24753,10122,com.tencent.mobileqq,140665856,129130496]
07-19 01:52:26.037  1449  1559 I am_pss  : [32262,10122,com.tencent.mobileqq:dataline,39984128,30347264]
07-19 01:52:26.047  1449  1559 I am_pss  : [24670,10116,com.tencent.mm:exdevice,14884864,9961472]
07-19 01:52:26.067  1449  1559 I am_pss  : [22354,10073,com.vivo.secime.service,22858752,20140032]
07-19 01:52:26.077  1449  1559 I am_pss  : [2506,10058,com.bbk.iqoo.logsystem,20664320,18259968]
07-19 01:52:26.087  1449  1559 I am_pss  : [9716,10007,android.process.media,12319744,11071488]
07-19 01:52:26.107  1449  1559 I am_pss  : [2214,1000,com.vivo.appfilter,10907648,9949184]
07-19 01:52:26.117  1449  1559 I am_pss  : [3142,10056,com.iqoo.secure:remote,49932288,46551040]
07-19 01:52:26.137  1449  1559 I am_pss  : [24948,10116,com.tencent.mm:push,18996224,14946304]
07-19 01:52:26.147  1449  1559 I am_pss  : [25047,10116,com.tencent.mm:support,27359232,17158144]
07-19 01:52:26.167  1449  1559 I am_pss  : [2979,10059,com.vivo.magazine,14116864,13033472]
07-19 01:52:26.177  1449  1559 I am_pss  : [2991,1000,com.vivo.nail,37210112,33042432]
07-19 01:52:26.197  1449  1559 I am_pss  : [2685,1000,com.vivo.smartmultiwindow,26077184,24444928]
07-19 01:52:26.207  1449  1559 I am_pss  : [18219,1002,com.android.bluetooth,11266048,9953280]
07-19 01:52:26.217  1449  1559 I am_pss  : [3058,1001,com.qualcomm.qcrilmsgtunnel,8078336,7237632]
07-19 01:52:26.237  1449  1559 I am_pss  : [2479,10012,com.baidu.map.location,15809536,14200832]
07-19 01:52:26.257  1449  1559 I am_pss  : [2611,1001,com.android.phone,37855232,34250752]
07-19 01:52:26.277  1449  1559 I am_pss  : [2586,1000,com.vivo.upslide,57674752,53178368]
07-19 01:52:26.287  1449  1559 I am_pss  : [2574,1000,com.qualcomm.qti.tetherservice,5232640,4337664]
07-19 01:52:26.307  1449  1559 I am_pss  : [2559,1000,com.android.server.telecom,13084672,11915264]
07-19 01:52:26.317  1449  1559 I am_pss  : [2549,1000,com.qti.dpmserviceapp,11222016,10375168]
07-19 01:52:26.327  1449  1559 I am_pss  : [2536,1000,com.quicinc.cne.CNEService,7949312,7045120]
07-19 01:52:26.347  1449  1559 I am_pss  : [2425,1000,com.vivo.daemonService,31432704,28614656]
07-19 01:52:26.357  1449  1559 I am_pss  : [2286,1000,com.vivo.abe,39543808,37736448]
07-19 01:52:26.397  1449  1559 I am_pss  : [2255,10018,com.android.systemui,179180544,160710656]
07-19 01:54:44.197  1449  1559 I am_pss  : [2895,1000,com.vivo.doubleinstance,3013632,2179072]
07-19 01:54:44.237  1449  1559 I am_pss  : [3142,10056,com.iqoo.secure:remote,49936384,46555136]
07-19 01:57:25.817  1449  1559 I am_pss  : [4037,10048,com.vivo.devicereg,100843520,94760960]
07-19 01:57:25.867  1449  1559 I am_pss  : [3142,10056,com.iqoo.secure:remote,49940480,46559232]
07-19 02:01:02.777  1449  1559 I am_pss  : [29039,10154,com.sohu.inputmethod.sogou:push_service,10132480,7675904]
07-19 02:02:08.357  1449  1582 I am_kill : [0,26116,com.netease.newsreader.activity,9,stop com.netease.newsreader.activity]
07-19 02:02:08.577  1449  1582 I am_kill : [0,26346,com.netease.pomelo.news.push.messageservice_V1,0,stop com.netease.newsreader.activity]
07-19 02:02:08.617  1449  1582 I am_schedule_service_restart: [0,com.netease.newsreader.activity/com.netease.pushservice.core.PushServiceNews_V1,1000]
07-19 02:02:08.617  1449  1582 I am_kill : [0,26230,com.netease.newsreader.activity:ajmd,15,stop com.netease.newsreader.activity]
07-19 02:02:08.657  1449  1582 I am_schedule_service_restart: [0,com.netease.newsreader.activity/com.sijla.common.HBS,10965]
07-19 02:02:08.657  1449  1582 I am_kill : [0,26164,com.netease.newsreader.activity:core,0,stop com.netease.newsreader.activity]
07-19 02:02:08.677  1449  1582 I am_schedule_service_restart: [0,com.netease.newsreader.activity/com.netease.nimlib.service.NimService,20945]
07-19 02:02:08.677  1449  1582 I am_kill : [0,3181,com.netease.newsreader.activity:pushservice,15,stop com.netease.newsreader.activity]
07-19 02:02:08.697  1449  1582 I am_schedule_service_restart: [0,com.netease.newsreader.activity/com.netease.nr.biz.push.newpush.service.PushGTCoreService,20921]
07-19 02:02:08.697  1449  1582 I am_finish_activity: [0,213545487,200,com.netease.newsreader.activity/com.netease.nr.phone.main.MainActivity,force-stop]
07-19 02:02:08.707  1449  1561 I am_destroy_activity: [0,213545487,200,com.netease.newsreader.activity/com.netease.nr.phone.main.MainActivity,finish-idle]
07-19 02:02:08.707  1449  1561 I wm_task_removed: [200,removeAppToken: last token]
07-19 02:02:08.707  1449  1561 I wm_task_removed: [200,removeTask]
07-19 02:02:08.727  1449  1449 I notification_cancel_all: [1000,1449,com.netease.newsreader.activity,0,0,0,5,NULL]
07-19 02:02:08.727  1449  2635 I am_broadcast_discard_app: [0,235892662,android.intent.action.PACKAGE_RESTARTED,4,ResolveInfo{d6034b7 com.jingdong.app.mall/.broadcastReceiver.AppStateRecevier m=0x208000}]
07-19 02:02:08.757  1449  1559 I am_pss  : [3142,10056,com.iqoo.secure:remote,49982464,46596096]
07-19 02:02:09.587  1449  1582 I am_app_unfrozen: [0,10164,com.netease.newsreader.activity,from pid 2286]
07-19 02:02:10.597  1449  1449 I notification_cancel_all: [1000,1449,com.netease.newsreader.activity,0,0,0,5,NULL]
07-19 02:02:10.607  1449  2596 I am_broadcast_discard_app: [0,244343844,android.intent.action.PACKAGE_RESTARTED,4,ResolveInfo{9d5cb8d com.jingdong.app.mall/.broadcastReceiver.AppStateRecevier m=0x208000}]
07-19 02:02:25.787  1449  2091 I netstats_mobile_sample: [54448981,72229,8102556,60664,53860261,58585,6162651,49107,53860261,58585,8482041,80545,1500400945749]
07-19 02:02:25.787  1449  2091 I netstats_wifi_sample: [2123164834,1946539,146378578,1407854,2122596453,1934016,126601535,1401717,2119641729,1915555,144523276,1807212,1500400945749]
07-19 02:07:26.007  1449  1559 I am_pss  : [1449,1000,system,166939648,155385856]
07-19 02:07:26.027  1449  1559 I am_pss  : [24948,10116,com.tencent.mm:push,19579904,15220736]
07-19 02:07:26.077  1449  1559 I am_pss  : [24652,10116,com.tencent.mm,224701440,207994880]
07-19 02:07:26.087  1449  1559 I am_pss  : [2647,10028,com.bbk.launcher2,80820224,77328384]
07-19 02:07:26.097  1449  1559 I am_pss  : [3424,1000,com.qti.service.colorservice,4570112,3674112]
07-19 02:07:26.117  1449  1559 I am_pss  : [19993,10154,com.sohu.inputmethod.sogou,68098048,62398464]
07-19 02:07:26.137  1449  1559 I am_pss  : [31878,10085,com.vivo.gallery,110272512,105287680]
07-19 02:07:26.187  1449  1559 I am_pss  : [24753,10122,com.tencent.mobileqq,141704192,129490944]
07-19 02:07:26.207  1449  1559 I am_pss  : [32262,10122,com.tencent.mobileqq:dataline,40434688,30359552]
07-19 02:07:26.217  1449  1559 I am_pss  : [24739,10122,com.tencent.mobileqq:MSF,29020160,23969792]
07-19 02:07:26.227  1449  1559 I am_pss  : [24670,10116,com.tencent.mm:exdevice,15224832,10014720]
07-19 02:07:26.247  1449  1559 I am_pss  : [22354,10073,com.vivo.secime.service,22860800,20140032]
07-19 02:07:26.257  1449  1559 I am_pss  : [2506,10058,com.bbk.iqoo.logsystem,20669440,18264064]
07-19 02:07:26.267  1449  1559 I am_pss  : [25525,10003,android.process.acore,11034624,9748480]
07-19 02:07:26.277  1449  1559 I am_pss  : [2214,1000,com.vivo.appfilter,10921984,9961472]
07-19 02:07:26.297  1449  1559 I am_pss  : [3885,10050,com.vivo.doubletimezoneclock,17654784,16396288]
07-19 02:07:26.307  1449  1559 I am_pss  : [28683,1000,com.vivo.networkimprove,6228992,5427200]
07-19 02:07:26.317  1449  1559 I am_pss  : [31485,1000,com.android.settings,8048640,6561792]
07-19 02:07:26.327  1449  1559 I am_pss  : [3582,10002,com.android.providers.calendar,4540416,3575808]
07-19 02:07:26.337  1449  1559 I am_pss  : [4533,1000,com.qualcomm.timeservice,2948096,2146304]
07-19 02:07:26.347  1449  1559 I am_pss  : [4115,10013,com.vivo.numbermark,4357120,3010560]
07-19 02:07:26.357  1449  1559 I am_pss  : [4084,10076,com.bbk.updater,14794752,13664256]
07-19 02:07:26.367  1449  1559 I am_pss  : [25307,10152,com.sie.mp,11556864,8568832]
07-19 02:07:26.377  1449  1559 I am_pss  : [4341,10080,com.android.camera,11481088,9605120]
07-19 02:07:26.397  1449  1559 I am_pss  : [24999,10116,com.tencent.mm:appbrand0,29878272,19169280]
07-19 02:07:26.407  1449  1559 I am_pss  : [4237,10008,com.vivo.email,7951360,6361088]
07-19 02:07:26.417  1449  1559 I am_pss  : [4177,1000,com.qualcomm.qti.RIDL,3035136,2244608]
07-19 02:07:26.437  1449  1559 I am_pss  : [4155,1000,com.vivo.networkstate,3099648,2301952]
07-19 02:07:26.447  1449  1559 I am_pss  : [3142,10056,com.iqoo.secure:remote,50056192,46669824]
07-19 02:07:26.457  1449  1559 I am_pss  : [27729,1000,com.vivo.wifi.networkdetect,4349952,3497984]
07-19 02:07:26.487  1449  1559 I am_pss  : [30213,10116,com.tencent.mm:tools,58371072,45064192]
07-19 02:07:26.497  1449  1559 I am_pss  : [25834,10039,com.vivo.weather.provider,12992512,11661312]
07-19 02:07:26.517  1449  1559 I am_pss  : [25047,10116,com.tencent.mm:support,27737088,17182720]
07-19 02:07:26.527  1449  1559 I am_pss  : [3627,10035,com.android.BBKClock,4314112,3391488]
07-19 02:07:26.537  1449  1559 I am_pss  : [2979,10059,com.vivo.magazine,14119936,13033472]
07-19 02:07:26.557  1449  1559 I am_pss  : [3714,10003,com.android.contacts,9959424,8351744]
07-19 02:07:26.567  1449  1559 I am_pss  : [27204,1000,com.android.bluetoothsettings,3645440,2850816]
07-19 02:07:26.577  1449  1559 I am_pss  : [2991,1000,com.vivo.nail,36929536,32468992]
07-19 02:07:26.597  1449  1559 I am_pss  : [2685,1000,com.vivo.smartmultiwindow,26003456,24444928]
07-19 02:07:26.607  1449  1559 I am_pss  : [2638,10018,com.android.systemui:screenshot,12577792,9740288]
07-19 02:07:26.617  1449  1559 I am_pss  : [29817,10154,sogou.mobile.explorer.hotwords,8094720,5500928]
07-19 02:07:26.627  1449  1559 I am_pss  : [31473,10102,com.vivo.quickpay,3703808,2809856]
07-19 02:07:26.637  1449  1559 I am_pss  : [29891,1000,com.android.bbklog,5826560,4644864]
07-19 02:07:26.647  1449  1559 I am_pss  : [25275,10152,com.sie.mp:pushservice,14121984,10964992]
07-19 02:07:26.667  1449  1559 I am_pss  : [25465,1000,com.vivo.nightpearl,20478976,18665472]
07-19 02:07:26.677  1449  1559 I am_pss  : [18219,1002,com.android.bluetooth,11612160,10022912]
07-19 02:07:26.687  1449  1559 I am_pss  : [3058,1001,com.qualcomm.qcrilmsgtunnel,8078336,7237632]
07-19 02:07:26.707  1449  1559 I am_pss  : [2479,10012,com.baidu.map.location,15833088,14221312]
07-19 02:07:26.727  1449  1559 I am_pss  : [2611,1001,com.android.phone,40141824,35614720]
07-19 02:07:26.747  1449  1559 I am_pss  : [2586,1000,com.vivo.upslide,57671680,53170176]
07-19 02:07:26.757  1449  1559 I am_pss  : [2574,1000,com.qualcomm.qti.tetherservice,5232640,4337664]
07-19 02:07:26.777  1449  1559 I am_pss  : [2559,1000,com.android.server.telecom,13089792,11919360]
07-19 02:07:26.787  1449  1559 I am_pss  : [2549,1000,com.qti.dpmserviceapp,11222016,10375168]
07-19 02:07:26.797  1449  1559 I am_pss  : [2536,1000,com.quicinc.cne.CNEService,7973888,7069696]
07-19 02:07:26.817  1449  1559 I am_pss  : [2425,1000,com.vivo.daemonService,29786112,27262976]
07-19 02:07:26.827  1449  1559 I am_pss  : [2286,1000,com.vivo.abe,44809216,42999808]
07-19 02:07:26.867  1449  1559 I am_pss  : [2255,10018,com.android.systemui,185774080,167043072]
07-19 02:11:28.357  2611  2611 I gsm_service_state_change: [0,0,0,1]
07-19 02:11:28.437  1449  1559 I am_pss  : [3142,10056,com.iqoo.secure:remote,50084864,46698496]
07-19 02:11:28.927  2611  2611 I gsm_service_state_change: [0,1,0,0]
07-19 02:12:25.947  1449  1559 I am_pss  : [9716,10007,android.process.media,12323840,11075584]
07-19 02:17:25.987  1449  1559 I am_pss  : [4037,10048,com.vivo.devicereg,101242880,95232000]
07-19 02:17:26.017  1449  1559 I am_pss  : [3142,10056,com.iqoo.secure:remote,50129920,46743552]
07-19 02:19:44.987  1449  1561 I am_wtf  : [0,1449,system_server,-1,BatteryStatsService,Wifi is in disabled state]
07-19 02:21:03.777  1449  1559 I am_pss  : [29039,10154,com.sohu.inputmethod.sogou:push_service,11799552,9039872]
07-19 02:22:26.167  1449  1559 I am_pss  : [1449,1000,system,138996736,134811648]
07-19 02:22:26.197  1449  1559 I am_pss  : [24739,10122,com.tencent.mobileqq:MSF,29883392,24813568]
07-19 02:22:26.277  1449  1559 I am_pss  : [24652,10116,com.tencent.mm,224869376,208162816]
07-19 02:22:26.287  1449  1559 I am_pss  : [3424,1000,com.qti.service.colorservice,4570112,3674112]
07-19 02:22:26.317  1449  1559 I am_pss  : [19993,10154,com.sohu.inputmethod.sogou,68048896,62349312]
07-19 02:22:26.367  1449  1559 I am_pss  : [24753,10122,com.tencent.mobileqq,142010368,129777664]
07-19 02:22:26.387  1449  1559 I am_pss  : [32262,10122,com.tencent.mobileqq:dataline,40491008,30396416]
07-19 02:22:26.397  1449  1559 I am_pss  : [24670,10116,com.tencent.mm:exdevice,15241216,10031104]
07-19 02:22:26.407  1449  1559 I am_pss  : [22354,10073,com.vivo.secime.service,22860800,20140032]
07-19 02:22:26.427  1449  1559 I am_pss  : [2506,10058,com.bbk.iqoo.logsystem,20694016,18288640]
07-19 02:22:26.437  1449  1559 I am_pss  : [2214,1000,com.vivo.appfilter,10921984,9961472]
07-19 02:22:26.457  1449  1559 I am_pss  : [3142,10056,com.iqoo.secure:remote,50170880,46784512]
07-19 02:22:26.467  1449  1559 I am_pss  : [24948,10116,com.tencent.mm:push,20255744,15896576]
07-19 02:22:26.487  1449  1559 I am_pss  : [25047,10116,com.tencent.mm:support,27761664,17207296]
07-19 02:22:26.497  1449  1559 I am_pss  : [2979,10059,com.vivo.magazine,14119936,13033472]
07-19 02:22:26.517  1449  1559 I am_pss  : [2991,1000,com.vivo.nail,37218304,33046528]
07-19 02:22:26.527  1449  1559 I am_pss  : [2685,1000,com.vivo.smartmultiwindow,26079232,24444928]
07-19 02:22:26.547  1449  1559 I am_pss  : [18219,1002,com.android.bluetooth,11669504,10080256]
07-19 02:22:26.557  1449  1559 I am_pss  : [3058,1001,com.qualcomm.qcrilmsgtunnel,8090624,7249920]
07-19 02:22:26.567  1449  1559 I am_pss  : [2479,10012,com.baidu.map.location,14428160,12816384]
07-19 02:22:26.587  1449  1559 I am_pss  : [2611,1001,com.android.phone,37832704,34222080]
07-19 02:22:26.617  1449  1559 I am_pss  : [2586,1000,com.vivo.upslide,57634816,53133312]
07-19 02:22:26.627  1449  1559 I am_pss  : [2574,1000,com.qualcomm.qti.tetherservice,5232640,4337664]
07-19 02:22:26.637  1449  1559 I am_pss  : [2559,1000,com.android.server.telecom,13089792,11919360]
07-19 02:22:26.647  1449  1559 I am_pss  : [2549,1000,com.qti.dpmserviceapp,11324416,10477568]
07-19 02:22:26.657  1449  1559 I am_pss  : [2536,1000,com.quicinc.cne.CNEService,8031232,7127040]
07-19 02:22:26.677  1449  1559 I am_pss  : [2425,1000,com.vivo.daemonService,28450816,25927680]
07-19 02:22:26.697  1449  1559 I am_pss  : [2286,1000,com.vivo.abe,44809216,42999808]
07-19 02:22:26.727  1449  1559 I am_pss  : [2255,10018,com.android.systemui,164355072,145395712]
07-19 02:24:44.287  1449  1559 I am_pss  : [2895,1000,com.vivo.doubleinstance,3017728,2183168]
07-19 02:24:44.327  1449  1559 I am_pss  : [3142,10056,com.iqoo.secure:remote,50199552,46813184]
07-19 02:27:26.027  1449  1940 I am_proc_start: [0,6366,10024,com.bbk.appstore,service,com.bbk.appstore/.update.UpdateService]
07-19 02:27:26.107  1449  2641 I am_proc_bound: [0,6366,com.bbk.appstore]
07-19 02:27:26.137  1449  1559 I am_pss  : [31878,10085,com.vivo.gallery,110272512,105287680]
07-19 02:27:26.167  1449  1559 I am_pss  : [25525,10003,android.process.acore,11016192,9748480]
07-19 02:27:26.207  1449  1559 I am_pss  : [3885,10050,com.vivo.doubletimezoneclock,15822848,14577664]
07-19 02:27:26.217  1449  1559 I am_pss  : [31485,1000,com.android.settings,8022016,6557696]
07-19 02:27:26.237  1449  1559 I am_pss  : [25307,10152,com.sie.mp,11920384,8933376]
07-19 02:27:26.257  1449  1559 I am_pss  : [24999,10116,com.tencent.mm:appbrand0,29906944,19197952]
07-19 02:27:26.297  1449  1559 I am_pss  : [3142,10056,com.iqoo.secure:remote,50197504,46837760]
07-19 02:27:26.307  1449  1559 I am_pss  : [27729,1000,com.vivo.wifi.networkdetect,4328448,3497984]
07-19 02:27:26.337  1449  1559 I am_pss  : [30213,10116,com.tencent.mm:tools,58244096,44937216]
07-19 02:27:26.347  1449  1559 I am_pss  : [29817,10154,sogou.mobile.explorer.hotwords,8098816,5505024]
07-19 02:27:26.357  1449  1559 I am_pss  : [31473,10102,com.vivo.quickpay,3678208,2809856]
07-19 02:27:26.367  1449  1559 I am_pss  : [29891,1000,com.android.bbklog,5798912,4644864]
07-19 02:27:26.377  1449  1559 I am_pss  : [25275,10152,com.sie.mp:pushservice,14510080,11354112]
07-19 02:27:26.387  1449  1559 I am_pss  : [25465,1000,com.vivo.nightpearl,20455424,18665472]
07-19 02:27:36.347  1449  2564 I am_proc_died: [0,6366,com.bbk.appstore]
07-19 02:28:41.077  1449  2091 I netstats_mobile_sample: [54448981,72229,8102556,60664,53860261,58585,6162651,49107,53860261,58585,8482041,80545,1500402521045]
07-19 02:28:41.077  1449  2091 I netstats_wifi_sample: [2123164834,1946539,146378578,1407854,2122596453,1934016,126601535,1401717,2119641729,1915555,144523276,1807212,1500402521045]
07-19 02:28:41.097  1449  1559 I am_pss  : [2895,1000,com.vivo.doubleinstance,3017728,2183168]
07-19 02:28:41.107  1449  2198 I netstats_mobile_sample: [54448981,72229,8102556,60664,53860261,58585,6162651,49107,53860261,58585,8482041,80545,1500402521071]
07-19 02:28:41.107  1449  2198 I netstats_wifi_sample: [2123164834,1946539,146378578,1407854,2122596453,1934016,126601535,1401717,2119641729,1915555,144523276,1807212,1500402521071]
07-19 02:28:41.117  1449  1559 I am_pss  : [2647,10028,com.bbk.launcher2,75689984,72355840]
07-19 02:32:26.327  1449  1940 I am_proc_start: [0,6444,10024,com.bbk.appstore,service,com.bbk.appstore/.update.UpdateService]
07-19 02:32:26.397  1449  2172 I am_proc_bound: [0,6444,com.bbk.appstore]
07-19 02:32:26.407  1449  1559 I am_pss  : [9716,10007,android.process.media,12306432,11075584]
07-19 02:32:26.447  1449  1559 I am_pss  : [3142,10056,com.iqoo.secure:remote,50276352,46907392]
07-19 02:32:36.687  1449  2564 I am_proc_died: [0,6444,com.bbk.appstore]
07-19 02:33:41.097  1449  1559 I am_pss  : [2895,1000,com.vivo.doubleinstance,3017728,2183168]
07-19 02:33:41.117  1449  1559 I am_pss  : [2647,10028,com.bbk.launcher2,76988416,73654272]
07-19 02:38:41.267  1449  1559 I am_pss  : [1449,1000,system,139525120,135340032]
07-19 02:38:41.277  1449  1559 I am_pss  : [24739,10122,com.tencent.mobileqq:MSF,31202304,26132480]
07-19 02:38:41.327  1449  1559 I am_pss  : [24652,10116,com.tencent.mm,225041408,208334848]
07-19 02:38:41.337  1449  1559 I am_pss  : [3424,1000,com.qti.service.colorservice,4570112,3674112]
07-19 02:38:41.357  1449  1559 I am_pss  : [19993,10154,com.sohu.inputmethod.sogou,68052992,62353408]
07-19 02:38:41.407  1449  1559 I am_pss  : [24753,10122,com.tencent.mobileqq,142342144,130109440]
07-19 02:38:41.427  1449  1559 I am_pss  : [32262,10122,com.tencent.mobileqq:dataline,40511488,30416896]
07-19 02:38:41.437  1449  1559 I am_pss  : [24670,10116,com.tencent.mm:exdevice,15257600,10047488]
07-19 02:38:41.447  1449  1559 I am_pss  : [22354,10073,com.vivo.secime.service,22860800,20140032]
07-19 02:38:41.467  1449  1559 I am_pss  : [2506,10058,com.bbk.iqoo.logsystem,20702208,18296832]
07-19 02:38:41.477  1449  1559 I am_pss  : [28683,1000,com.vivo.networkimprove,6638592,5836800]
07-19 02:38:41.487  1449  1559 I am_pss  : [2214,1000,com.vivo.appfilter,10921984,9961472]
07-19 02:38:41.507  1449  1559 I am_pss  : [4037,10048,com.vivo.devicereg,101242880,95232000]
07-19 02:38:41.517  1449  1559 I am_pss  : [3582,10002,com.android.providers.calendar,4540416,3575808]
07-19 02:38:41.527  1449  1559 I am_pss  : [4533,1000,com.qualcomm.timeservice,2956288,2158592]
07-19 02:38:41.537  1449  1559 I am_pss  : [4115,10013,com.vivo.numbermark,4361216,3014656]
07-19 02:38:41.547  1449  1559 I am_pss  : [4084,10076,com.bbk.updater,12238848,11108352]
07-19 02:38:41.557  1449  1559 I am_pss  : [4341,10080,com.android.camera,11481088,9605120]
07-19 02:38:41.567  1449  1559 I am_pss  : [4237,10008,com.vivo.email,8019968,6365184]
07-19 02:38:41.577  1449  1559 I am_pss  : [4177,1000,com.qualcomm.qti.RIDL,3035136,2244608]
07-19 02:38:41.587  1449  1559 I am_pss  : [4155,1000,com.vivo.networkstate,3099648,2301952]
07-19 02:38:41.607  1449  1559 I am_pss  : [3142,10056,com.iqoo.secure:remote,50363392,46977024]
07-19 02:38:41.627  1449  1559 I am_pss  : [25834,10039,com.vivo.weather.provider,12992512,11661312]
07-19 02:38:41.637  1449  1559 I am_pss  : [24948,10116,com.tencent.mm:push,21165056,16805888]
07-19 02:38:41.657  1449  1559 I am_pss  : [25047,10116,com.tencent.mm:support,27786240,17231872]
07-19 02:38:41.667  1449  1559 I am_pss  : [3627,10035,com.android.BBKClock,4314112,3391488]
07-19 02:38:41.677  1449  1559 I am_pss  : [2979,10059,com.vivo.magazine,14119936,13033472]
07-19 02:38:41.687  1449  1559 I am_pss  : [3714,10003,com.android.contacts,10087424,8359936]
07-19 02:38:41.697  1449  1559 I am_pss  : [27204,1000,com.android.bluetoothsettings,3645440,2850816]
07-19 02:38:41.717  1449  1559 I am_pss  : [2991,1000,com.vivo.nail,37218304,33046528]
07-19 02:38:41.727  1449  1559 I am_pss  : [2685,1000,com.vivo.smartmultiwindow,26079232,24444928]
07-19 02:38:41.747  1449  1559 I am_pss  : [2638,10018,com.android.systemui:screenshot,12577792,9740288]
07-19 02:38:41.757  1449  1559 I am_pss  : [18219,1002,com.android.bluetooth,11747328,10158080]
07-19 02:38:41.767  1449  1559 I am_pss  : [3058,1001,com.qualcomm.qcrilmsgtunnel,8090624,7249920]
07-19 02:38:41.777  1449  1559 I am_pss  : [2479,10012,com.baidu.map.location,14428160,12816384]
07-19 02:38:41.807  1449  1559 I am_pss  : [2611,1001,com.android.phone,39041024,35430400]
07-19 02:38:41.827  1449  1559 I am_pss  : [2586,1000,com.vivo.upslide,57634816,53133312]
07-19 02:38:41.837  1449  1559 I am_pss  : [2574,1000,com.qualcomm.qti.tetherservice,5232640,4337664]
07-19 02:38:41.847  1449  1559 I am_pss  : [2559,1000,com.android.server.telecom,13097984,11927552]
07-19 02:38:41.857  1449  1559 I am_pss  : [2549,1000,com.qti.dpmserviceapp,11324416,10477568]
07-19 02:38:41.877  1449  1559 I am_pss  : [2536,1000,com.quicinc.cne.CNEService,8031232,7127040]
07-19 02:38:41.897  1449  1559 I am_pss  : [2425,1000,com.vivo.daemonService,30990336,28467200]
07-19 02:38:41.907  1449  1559 I am_pss  : [2286,1000,com.vivo.abe,44809216,42999808]
07-19 02:38:41.937  1449  1559 I am_pss  : [2255,10018,com.android.systemui,167885824,148926464]
07-19 02:41:04.927  1449  1559 I am_pss  : [29039,10154,com.sohu.inputmethod.sogou:push_service,11250688,8491008]
07-19 02:41:29.307  2611  2611 I gsm_service_state_change: [0,0,0,1]
07-19 02:41:29.387  1449  1559 I am_pss  : [3142,10056,com.iqoo.secure:remote,50392064,47005696]
07-19 02:41:29.887  2611  2611 I gsm_service_state_change: [0,1,0,0]
07-19 02:42:26.597  1449  1940 I am_proc_start: [0,6600,10024,com.bbk.appstore,service,com.bbk.appstore/.update.UpdateService]
07-19 02:42:26.657  1449  2172 I am_proc_bound: [0,6600,com.bbk.appstore]
07-19 02:42:36.927  1449  2617 I am_proc_died: [0,6600,com.bbk.appstore]
07-19 02:42:58.057  1449  1559 I am_pss  : [2895,1000,com.vivo.doubleinstance,3017728,2183168]
07-19 02:43:41.177  1449  1559 I am_pss  : [2647,10028,com.bbk.launcher2,77438976,74104832]
07-19 02:43:41.237  1449  1559 I am_pss  : [3142,10056,com.iqoo.secure:remote,50428928,47042560]
07-19 02:46:45.387  1449  1559 I am_pss  : [3142,10056,com.iqoo.secure:remote,50457600,47071232]
07-19 02:48:41.247  1449  1559 I am_pss  : [31878,10085,com.vivo.gallery,110272512,105287680]
07-19 02:48:41.277  1449  1559 I am_pss  : [3885,10050,com.vivo.doubletimezoneclock,17860608,16601088]
07-19 02:48:41.297  1449  1559 I am_pss  : [25525,10003,android.process.acore,11034624,9748480]
07-19 02:48:41.307  1449  1559 I am_pss  : [31485,1000,com.android.settings,8048640,6561792]
07-19 02:48:41.337  1449  1559 I am_pss  : [25307,10152,com.sie.mp,12302336,9314304]
07-19 02:48:41.357  1449  1559 I am_pss  : [24999,10116,com.tencent.mm:appbrand0,29960192,19251200]
07-19 02:48:41.377  1449  1559 I am_pss  : [27729,1000,com.vivo.wifi.networkdetect,4349952,3497984]
07-19 02:48:41.407  1449  1559 I am_pss  : [30213,10116,com.tencent.mm:tools,58305536,44998656]
07-19 02:48:41.417  1449  1559 I am_pss  : [29817,10154,sogou.mobile.explorer.hotwords,8098816,5505024]
07-19 02:48:41.437  1449  1559 I am_pss  : [31473,10102,com.vivo.quickpay,3703808,2809856]
07-19 02:48:41.447  1449  1559 I am_pss  : [29891,1000,com.android.bbklog,5826560,4644864]
07-19 02:48:41.457  1449  1559 I am_pss  : [25275,10152,com.sie.mp:pushservice,15080448,11923456]
07-19 02:48:41.467  1449  1559 I am_pss  : [25465,1000,com.vivo.nightpearl,20478976,18665472]
07-19 02:49:45.037  1449  1561 I am_wtf  : [0,1449,system_server,-1,BatteryStatsService,Wifi is in disabled state]
07-19 02:53:41.387  1449  1559 I am_pss  : [1449,1000,system,136485888,132300800]
07-19 02:53:41.407  1449  1559 I am_pss  : [24739,10122,com.tencent.mobileqq:MSF,28656640,23584768]
07-19 02:53:41.457  1449  1559 I am_pss  : [24652,10116,com.tencent.mm,224676864,207970304]
07-19 02:53:41.467  1449  1559 I am_pss  : [3424,1000,com.qti.service.colorservice,4570112,3674112]
07-19 02:53:41.487  1449  1559 I am_pss  : [19993,10154,com.sohu.inputmethod.sogou,68073472,62373888]
07-19 02:53:41.537  1449  1559 I am_pss  : [24753,10122,com.tencent.mobileqq,142686208,130453504]
07-19 02:53:41.547  1449  1559 I am_pss  : [32262,10122,com.tencent.mobileqq:dataline,40536064,30441472]
07-19 02:53:41.567  1449  1559 I am_pss  : [24670,10116,com.tencent.mm:exdevice,15441920,10231808]
07-19 02:53:41.577  1449  1559 I am_pss  : [22354,10073,com.vivo.secime.service,22860800,20140032]
07-19 02:53:41.587  1449  1559 I am_pss  : [2506,10058,com.bbk.iqoo.logsystem,20734976,18329600]
07-19 02:53:41.607  1449  1559 I am_pss  : [2214,1000,com.vivo.appfilter,10921984,9961472]
07-19 02:53:41.617  1449  1559 I am_pss  : [9716,10007,android.process.media,12323840,11075584]
07-19 02:53:41.637  1449  1559 I am_pss  : [3142,10056,com.iqoo.secure:remote,50527232,47140864]
07-19 02:53:41.647  1449  1559 I am_pss  : [24948,10116,com.tencent.mm:push,22000640,17641472]
07-19 02:53:41.667  1449  1559 I am_pss  : [25047,10116,com.tencent.mm:support,27802624,17248256]
07-19 02:53:41.677  1449  1559 I am_pss  : [2979,10059,com.vivo.magazine,14148608,13062144]
07-19 02:53:41.697  1449  1559 I am_pss  : [2991,1000,com.vivo.nail,37218304,33046528]
07-19 02:53:41.707  1449  1559 I am_pss  : [2685,1000,com.vivo.smartmultiwindow,26079232,24444928]
07-19 02:53:41.727  1449  1559 I am_pss  : [18219,1002,com.android.bluetooth,11845632,10256384]
07-19 02:53:41.737  1449  1559 I am_pss  : [3058,1001,com.qualcomm.qcrilmsgtunnel,8115200,7274496]
07-19 02:53:41.747  1449  1559 I am_pss  : [2479,10012,com.baidu.map.location,14432256,12820480]
07-19 02:53:41.767  1449  1559 I am_pss  : [2611,1001,com.android.phone,37775360,34164736]
07-19 02:53:41.787  1449  1559 I am_pss  : [2586,1000,com.vivo.upslide,57638912,53137408]
07-19 02:53:41.807  1449  1559 I am_pss  : [2574,1000,com.qualcomm.qti.tetherservice,5232640,4337664]
07-19 02:53:41.817  1449  1559 I am_pss  : [2559,1000,com.android.server.telecom,13097984,11927552]
07-19 02:53:41.827  1449  1559 I am_pss  : [2549,1000,com.qti.dpmserviceapp,11426816,10579968]
07-19 02:53:41.837  1449  1559 I am_pss  : [2536,1000,com.quicinc.cne.CNEService,8100864,7196672]
07-19 02:53:41.857  1449  1559 I am_pss  : [2425,1000,com.vivo.daemonService,29904896,27381760]
07-19 02:53:41.877  1449  1559 I am_pss  : [2286,1000,com.vivo.abe,44809216,42999808]
07-19 02:53:41.907  1449  1559 I am_pss  : [2255,10018,com.android.systemui,173706240,154746880]
07-19 02:57:48.417  1449  1559 I am_pss  : [3142,10056,com.iqoo.secure:remote,50568192,47181824]
07-19 03:00:00.027  1449  2091 I netstats_mobile_sample: [54448981,72229,8102556,60664,53860261,58585,6162651,49107,53860261,58585,8482041,80545,1500404399991]
07-19 03:00:00.027  1449  2091 I netstats_wifi_sample: [2123164834,1946539,146378578,1407854,2122596453,1934016,126601535,1401717,2119641729,1915555,144523276,1807212,1500404399991]
07-19 03:00:00.057  1449  1559 I am_pss  : [4037,10048,com.vivo.devicereg,101242880,95232000]
07-19 03:00:00.107  1449  1559 I am_pss  : [3142,10056,com.iqoo.secure:remote,50596864,47210496]
07-19 03:01:06.037  1449  1559 I am_pss  : [29039,10154,com.sohu.inputmethod.sogou:push_service,10934272,8171520]
07-19 03:02:00.517  1449  1559 I am_meminfo: [1865936896,1076666368,0,460234752,185768960]
07-19 03:02:00.567  1449  1559 I am_pss  : [24652,10116,com.tencent.mm,224800768,208093184]
07-19 03:02:00.577  1449  1559 I am_pss  : [2895,1000,com.vivo.doubleinstance,3017728,2183168]
07-19 03:02:00.597  1449  1559 I am_pss  : [2647,10028,com.bbk.launcher2,76959744,73625600]
07-19 03:02:00.607  1449  1559 I am_pss  : [3424,1000,com.qti.service.colorservice,4570112,3674112]
07-19 03:02:00.627  1449  1559 I am_pss  : [19993,10154,com.sohu.inputmethod.sogou,68081664,62382080]
07-19 03:02:00.647  1449  1559 I am_pss  : [31878,10085,com.vivo.gallery,110271488,105287680]
07-19 03:02:00.687  1449  1559 I am_pss  : [24753,10122,com.tencent.mobileqq,142862336,130629632]
07-19 03:02:00.707  1449  1559 I am_pss  : [32262,10122,com.tencent.mobileqq:dataline,40535040,30441472]
07-19 03:02:00.727  1449  1559 I am_pss  : [24739,10122,com.tencent.mobileqq:MSF,28831744,23760896]
07-19 03:02:00.737  1449  1559 I am_pss  : [24670,10116,com.tencent.mm:exdevice,15306752,10096640]
07-19 03:02:00.747  1449  1559 I am_pss  : [22354,10073,com.vivo.secime.service,22860800,20140032]
07-19 03:02:00.767  1449  1559 I am_pss  : [2506,10058,com.bbk.iqoo.logsystem,20739072,18333696]
07-19 03:02:00.777  1449  1559 I am_pss  : [3885,10050,com.vivo.doubletimezoneclock,17886208,16629760]
07-19 03:02:00.787  1449  1559 I am_pss  : [28683,1000,com.vivo.networkimprove,7240704,6438912]
07-19 03:02:00.797  1449  1559 I am_pss  : [25525,10003,android.process.acore,11034624,9748480]
07-19 03:02:00.807  1449  1559 I am_pss  : [2214,1000,com.vivo.appfilter,10921984,9961472]
07-19 03:02:00.827  1449  1559 I am_pss  : [9716,10007,android.process.media,12321792,11071488]
07-19 03:02:00.847  1449  1559 I am_pss  : [4037,10048,com.vivo.devicereg,101242880,95232000]
07-19 03:02:00.857  1449  1559 I am_pss  : [31485,1000,com.android.settings,8048640,6561792]
07-19 03:02:00.867  1449  1559 I am_pss  : [3582,10002,com.android.providers.calendar,4540416,3575808]
07-19 03:02:00.877  1449  1559 I am_pss  : [4533,1000,com.qualcomm.timeservice,2956288,2158592]
07-19 03:02:00.887  1449  1559 I am_pss  : [4115,10013,com.vivo.numbermark,4361216,3014656]
07-19 03:02:00.897  1449  1559 I am_pss  : [4084,10076,com.bbk.updater,13709312,12578816]
07-19 03:02:00.907  1449  1559 I am_pss  : [25307,10152,com.sie.mp,8073216,5070848]
07-19 03:02:00.917  1449  1559 I am_pss  : [4341,10080,com.android.camera,11481088,9605120]
07-19 03:02:00.937  1449  1559 I am_pss  : [24999,10116,com.tencent.mm:appbrand0,29976576,19267584]
07-19 03:02:00.947  1449  1559 I am_pss  : [4237,10008,com.vivo.email,8019968,6365184]
07-19 03:02:00.957  1449  1559 I am_pss  : [4177,1000,com.qualcomm.qti.RIDL,3035136,2244608]
07-19 03:02:00.977  1449  1559 I am_pss  : [4155,1000,com.vivo.networkstate,3099648,2301952]
07-19 03:02:00.987  1449  1559 I am_pss  : [3142,10056,com.iqoo.secure:remote,50617344,47230976]
07-19 03:02:00.997  1449  1559 I am_pss  : [27729,1000,com.vivo.wifi.networkdetect,4349952,3497984]
07-19 03:02:01.027  1449  1559 I am_pss  : [30213,10116,com.tencent.mm:tools,58319872,45015040]
07-19 03:02:01.037  1449  1559 I am_pss  : [25834,10039,com.vivo.weather.provider,12992512,11661312]
07-19 03:02:01.047  1449  1559 I am_pss  : [24948,10116,com.tencent.mm:push,18762752,14397440]
07-19 03:02:01.067  1449  1559 I am_pss  : [25047,10116,com.tencent.mm:support,27809792,17256448]
07-19 03:02:01.077  1449  1559 I am_pss  : [3627,10035,com.android.BBKClock,4314112,3391488]
07-19 03:02:01.097  1449  1559 I am_pss  : [2979,10059,com.vivo.magazine,14148608,13062144]
07-19 03:02:01.107  1449  1559 I am_pss  : [3714,10003,com.android.contacts,10087424,8359936]
07-19 03:02:01.117  1449  1559 I am_pss  : [27204,1000,com.android.bluetoothsettings,3645440,2850816]
07-19 03:02:01.137  1449  1559 I am_pss  : [2991,1000,com.vivo.nail,37218304,33046528]
07-19 03:02:01.147  1449  1559 I am_pss  : [2685,1000,com.vivo.smartmultiwindow,26079232,24444928]
07-19 03:02:01.157  1449  1559 I am_pss  : [2638,10018,com.android.systemui:screenshot,12577792,9740288]
07-19 03:02:01.167  1449  1559 I am_pss  : [29817,10154,sogou.mobile.explorer.hotwords,8111104,5517312]
07-19 03:02:01.177  1449  1559 I am_pss  : [29039,10154,com.sohu.inputmethod.sogou:push_service,10934272,8171520]
07-19 03:02:01.187  1449  1559 I am_pss  : [31473,10102,com.vivo.quickpay,3703808,2809856]
07-19 03:02:01.207  1449  1559 I am_pss  : [29891,1000,com.android.bbklog,5826560,4644864]
07-19 03:02:01.217  1449  1559 I am_pss  : [25275,10152,com.sie.mp:pushservice,11559936,8384512]
07-19 03:02:01.227  1449  1559 I am_pss  : [25465,1000,com.vivo.nightpearl,20478976,18665472]
07-19 03:02:01.247  1449  1559 I am_pss  : [18219,1002,com.android.bluetooth,11431936,9842688]
07-19 03:02:01.257  1449  1559 I am_pss  : [3058,1001,com.qualcomm.qcrilmsgtunnel,8115200,7274496]
07-19 03:02:01.267  1449  1559 I am_pss  : [2479,10012,com.baidu.map.location,14432256,12820480]
07-19 03:02:01.287  1449  1559 I am_pss  : [2611,1001,com.android.phone,38254592,34643968]
07-19 03:02:01.307  1449  1559 I am_pss  : [2586,1000,com.vivo.upslide,57638912,53137408]
07-19 03:02:01.327  1449  1559 I am_pss  : [2574,1000,com.qualcomm.qti.tetherservice,5232640,4337664]
07-19 03:02:01.337  1449  1559 I am_pss  : [2559,1000,com.android.server.telecom,13097984,11927552]
07-19 03:02:01.347  1449  1559 I am_pss  : [2549,1000,com.qti.dpmserviceapp,11426816,10579968]
07-19 03:02:01.357  1449  1559 I am_pss  : [2536,1000,com.quicinc.cne.CNEService,8100864,7196672]
07-19 03:02:01.377  1449  1559 I am_pss  : [2425,1000,com.vivo.daemonService,31203328,28680192]
07-19 03:02:01.397  1449  1559 I am_pss  : [2286,1000,com.vivo.abe,50289664,48480256]
07-19 03:02:01.427  1449  1559 I am_pss  : [2255,10018,com.android.systemui,176668672,157708288]
07-19 03:02:01.507  1449  1559 I am_pss  : [1449,1000,system,142687232,138502144]
07-19 03:03:06.157  1449  1559 I am_pss  : [29039,10154,com.sohu.inputmethod.sogou:push_service,11040768,8278016]
07-19 03:04:13.027  1449  1559 I am_pss  : [24652,10116,com.tencent.mm,224833536,208125952]
07-19 03:04:13.047  1449  1559 I am_pss  : [2895,1000,com.vivo.doubleinstance,3017728,2183168]
07-19 03:04:13.077  1449  1559 I am_pss  : [2647,10028,com.bbk.launcher2,76959744,73625600]
