07-19 07:45:38.457  1449  1449 I sysui_histogram: [screen_timeout,30]
07-19 07:45:38.457  1449  1449 I power_screen_broadcast_send: 1
07-19 07:45:38.627  1449  1449 I power_screen_broadcast_done: [0,170,1]
07-19 07:45:39.397  1449  1449 I sysui_histogram: [fingerprint_token,0]
07-19 07:45:39.697  1449  1449 I sysui_histogram: [fingerprint_token,0]
07-19 07:45:40.577  1449  2674 I battery_status: [3,2,1,0,Li-ion]
07-19 07:45:40.577  1449  1561 I am_wtf  : [0,1449,system_server,-1,BatteryStatsService,Wifi is in disabled state]
07-19 07:45:40.607  1449  1561 I am_broadcast_discard_app: [0,268114367,android.intent.action.ACTION_POWER_DISCONNECTED,0,ResolveInfo{87c588c com.jd.jrapp/com.tencent.android.tpush.XGPushReceiver p=2147483647 m=0x108000}]
07-19 07:45:40.617  1449  1449 I power_screen_state: [1,0,0,0]
07-19 07:45:40.617  1449  1449 I screen_toggled: 1
07-19 07:45:40.617  1449  1449 I power_screen_broadcast_send: 1
07-19 07:45:40.657  1449  1449 I notification_canceled: [0|com.android.systemui|10000|null|10018|0,8,21880638,21880638,0]
07-19 07:45:40.757  1449  2604 I am_proc_start: [0,10444,10024,com.bbk.appstore,broadcast,com.bbk.appstore/com.vivo.push.sdk.service.PushServiceReceiver]
07-19 07:45:40.757  1449  2637 I am_proc_bound: [0,10444,com.bbk.appstore]
07-19 07:45:40.887   508   508 I sf_frame_dur: [ColorFade,3,0,0,0,0,0,0]
07-19 07:45:40.947  1449  1449 I power_screen_broadcast_done: [1,335,1]
07-19 07:45:40.987  1449  2564 I am_broadcast_discard_app: [0,268114367,android.intent.action.ACTION_POWER_DISCONNECTED,4,ResolveInfo{20b28a8 cn.damai/com.igexin.sdk.PushReceiver m=0x108000}]
07-19 07:45:40.997  1449  2617 I am_broadcast_discard_app: [0,268114367,android.intent.action.ACTION_POWER_DISCONNECTED,6,ResolveInfo{f13afc1 com.baidu.netdisk/com.baidu.android.pushservice.PushServiceReceiver m=0x108000}]
07-19 07:45:40.997  1449  1561 I am_broadcast_discard_app: [0,268114367,android.intent.action.ACTION_POWER_DISCONNECTED,7,ResolveInfo{b34d366 com.baidu.netdisk/.kernel.device.monitor.battery.BatteryMonitor m=0x108000}]
07-19 07:45:40.997  1449  1561 I am_broadcast_discard_app: [0,268114367,android.intent.action.ACTION_POWER_DISCONNECTED,8,ResolveInfo{4cb46a7 com.hunantv.imgo.activity/com.igexin.sdk.PushReceiver m=0x108000}]
07-19 07:45:40.997  1449  1561 I am_broadcast_discard_app: [0,268114367,android.intent.action.ACTION_POWER_DISCONNECTED,9,ResolveInfo{63e2754 com.jianshu.haruki/com.igexin.sdk.PushReceiver m=0x108000}]
07-19 07:45:40.997  1449  1561 I am_broadcast_discard_app: [0,268114367,android.intent.action.ACTION_POWER_DISCONNECTED,10,ResolveInfo{76a86fd com.jd.jrapp/com.robile.push.JDPushReceiver m=0x108000}]
07-19 07:45:40.997  1449  1561 I am_broadcast_discard_app: [0,268114367,android.intent.action.ACTION_POWER_DISCONNECTED,11,ResolveInfo{22abff2 com.mfw.roadbook/com.igexin.sdk.PushReceiver m=0x108000}]
07-19 07:45:40.997  1449  1561 I am_broadcast_discard_app: [0,268114367,android.intent.action.ACTION_POWER_DISCONNECTED,12,ResolveInfo{9dba643 com.dajie.official/com.igexin.sdk.PushReceiver m=0x108000}]
07-19 07:45:40.997  1449  1561 I am_broadcast_discard_app: [0,268114367,android.intent.action.ACTION_POWER_DISCONNECTED,13,ResolveInfo{a0064c0 air.tv.douyu.android/com.igexin.sdk.PushReceiver m=0x108000}]
07-19 07:45:40.997  1449  1561 I am_broadcast_discard_app: [0,268114367,android.intent.action.ACTION_POWER_DISCONNECTED,14,ResolveInfo{d5d95f9 com.netease.newsreader.activity/com.igexin.sdk.PushReceiver m=0x108000}]
07-19 07:45:40.997  1449  1561 I am_broadcast_discard_app: [0,268114367,android.intent.action.ACTION_POWER_DISCONNECTED,15,ResolveInfo{c20e93e cn.wps.moffice_eng/com.igexin.sdk.PushReceiver m=0x108000}]
07-19 07:45:42.167   508   508 I sf_frame_dur: [com.vivo.nail/com.vivo.nail.NailApp,0,0,0,0,0,0,6]
07-19 07:45:42.957   508   508 I sf_frame_dur: [SurfaceView,0,0,14,0,0,0,0]
07-19 07:45:49.197  1449  1592 I power_sleep_requested: 0
07-19 07:45:49.207  1449  1449 I power_screen_state: [0,3,0,0]
07-19 07:45:49.207  1449  1449 I screen_toggled: 0
07-19 07:45:49.207  1449  1449 I sysui_histogram: [screen_timeout,30]
07-19 07:45:49.207  1449  1449 I power_screen_broadcast_send: 1
07-19 07:45:49.397  1449  1449 I power_screen_broadcast_done: [0,191,1]
07-19 07:45:50.677  1449  1561 I am_wtf  : [0,2425,system_server,-1,BatteryStatsService,Wifi is in disabled state]
07-19 07:45:50.757  1449  1561 I am_wtf  : [0,2425,system_server,-1,BatteryStatsService,Wifi is in disabled state]
07-19 07:50:41.742  1449  1561 I am_wtf  : [0,2425,system_server,-1,BatteryStatsService,Wifi is in disabled state]
07-19 07:55:33.784  1449  1561 I am_wtf  : [0,2425,system_server,-1,BatteryStatsService,Wifi is in disabled state]
07-19 07:59:44.775  1449  2091 I netstats_mobile_sample: [54448981,72229,8102556,60664,53860261,58585,6162651,49107,53860261,58585,8482041,80545,1500422384742]
07-19 07:59:44.775  1449  2091 I netstats_wifi_sample: [2123164834,1946539,146378578,1407854,2122596453,1934016,126601535,1401717,2119641729,1915555,144523276,1807212,1500422384742]
07-19 08:00:01.745  1449  1940 I device_idle_wake_from_idle: [0,*walarm*:android.intent.action.ALARM_SCREEN_OFF_REMIND_START]
07-19 08:00:02.655   508   508 I sf_frame_dur: [ColorFade,1,1,0,0,0,0,1]
07-19 08:00:56.834  1449  1449 I sysui_histogram: [fingerprint_token,0]
07-19 08:01:00.284  1449  1940 I device_idle_wake_from_idle: [0,*walarm*:android.intent.action.ALARM_KICK_NIGHT_PEARL]
07-19 08:01:00.324  1449  1561 I am_wtf  : [0,2425,system_server,-1,BatteryStatsService,Wifi is in disabled state]
07-19 08:01:00.364  1449  1559 I am_pss  : [3142,10056,com.iqoo.secure:remote,50725888,47415296]
07-19 08:01:10.704  1449  1559 I am_pss  : [2895,1000,com.vivo.doubleinstance,2993152,2195456]
07-19 08:01:10.754  1449  1559 I am_pss  : [2647,10028,com.bbk.launcher2,77822976,74567680]
07-19 08:01:10.774  1449  1559 I am_pss  : [2506,10058,com.bbk.iqoo.logsystem,16350208,14753792]
07-19 08:01:10.794  1449  1559 I am_pss  : [10334,1000,com.vivo.cameraparamluma,6637568,5312512]
07-19 08:01:10.824  1449  1559 I am_pss  : [10444,10024,com.bbk.appstore,8203264,7090176]
07-19 08:02:01.736  1449  1940 I device_idle_wake_from_idle: [0,*walarm*:android.intent.action.ALARM_KICK_NIGHT_PEARL]
07-19 08:03:00.736  1449  1940 I device_idle_wake_from_idle: [0,*walarm*:android.intent.action.ALARM_KICK_NIGHT_PEARL]
07-19 08:03:01.006   508   508 I sf_frame_dur: [NightPearlView,2,0,0,0,0,2,1]
07-19 08:07:44.808  1449  1561 I am_wtf  : [0,2425,system_server,-1,BatteryStatsService,Wifi is in disabled state]
07-19 08:11:41.303  2611  2611 I gsm_service_state_change: [0,0,0,1]
07-19 08:11:41.703  2611  2611 I gsm_service_state_change: [0,1,0,0]
07-19 08:15:44.801  1449  1561 I am_wtf  : [0,2425,system_server,-1,BatteryStatsService,Wifi is in disabled state]
07-19 08:20:01.743  1449  1940 I device_idle_wake_from_idle: [0,*walarm*:com.cn.google.AlertClock.ALARM_ALERT]
07-19 08:20:02.223  1449  1545 I am_home_stack_moved: [0,0,1,1,startingNewTask]
07-19 08:20:02.223  1449  1545 I wm_task_moved: [199,1,5]
07-19 08:20:02.223  1449  1545 I am_create_task: [0,210]
07-19 08:20:02.223  1449  1545 I am_create_activity: [0,181604904,210,com.android.BBKClock/.AlertClock.AlarmAlertFullScreen,NULL,NULL,NULL,277086208]
07-19 08:20:02.223  1449  1545 I wm_task_created: [210,1]
07-19 08:20:02.223  1449  1545 I wm_task_moved: [210,1,6]
07-19 08:20:02.243  1449  1545 I am_restart_activity: [0,181604904,210,com.android.BBKClock/.AlertClock.AlarmAlertFullScreen]
07-19 08:20:02.243  1449  1545 I am_home_stack_moved: [0,0,1,1,completeResume setFocusedActivity]
07-19 08:20:02.243  1449  1545 I wm_task_moved: [210,1,6]
07-19 08:20:02.243  1449  1545 I am_focused_activity: [0,com.android.BBKClock/.AlertClock.AlarmAlertFullScreen]
07-19 08:20:02.243  1449  1545 I am_pause_activity: [0,181604904,com.android.BBKClock/.AlertClock.AlarmAlertFullScreen]
07-19 08:20:02.243  1449  1545 I am_focused_activity: [0,com.android.BBKClock/.AlertClock.AlarmAlertFullScreen]
07-19 08:20:02.263  1449  1449 I notification_enqueue: [10035,3627,com.android.BBKClock,10002,NULL,0,Notification(pri=0 contentView=null vibrate=null sound=null defaults=0x4 flags=0x2 color=0x00000000 vis=PRIVATE),0]
07-19 08:20:02.293   508   508 I sf_frame_dur: [com.tencent.mm/com.tencent.mm.plugin.sns.ui.En_424b8e16,337,10,2,2,0,1,11]
07-19 08:20:02.343  3627  3627 I am_on_resume_called: [0,com.android.BBKClock.AlertClock.AlarmAlertFullScreen]
07-19 08:20:02.343  3627  3627 I am_on_paused_called: [0,com.android.BBKClock.AlertClock.AlarmAlertFullScreen]
07-19 08:20:02.343  1449  1561 I am_focused_activity: [0,com.android.BBKClock/.AlertClock.AlarmAlertFullScreen]
07-19 08:20:02.463  1449  1585 I am_activity_launch_time: [0,181604904,com.android.BBKClock/.AlertClock.AlarmAlertFullScreen,219,237]
07-19 08:20:02.483  2255  2255 I sysui_status_bar_state: [0,1,1,0,1,0]
07-19 08:20:02.483  1449  2674 I notification_expansion: [0|com.android.BBKClock|10002|null|10035|0,0,1,221,221,0]
07-19 08:20:02.553   508   508 I sf_frame_dur: [com.vivo.nail/com.vivo.nail.NailApp,46,2,0,0,0,0,2]
07-19 08:20:23.503  1449  1449 I power_screen_state: [1,0,0,0]
07-19 08:20:23.503  1449  1449 I screen_toggled: 1
07-19 08:20:23.523  1449  1449 I power_screen_broadcast_send: 1
07-19 08:20:23.523  1449  1449 I sysui_histogram: [fingerprint_token,0]
07-19 08:20:23.573  1449  1592 I am_resume_activity: [0,181604904,210,com.android.BBKClock/.AlertClock.AlarmAlertFullScreen]
07-19 08:20:23.603  1449  1592 I am_focused_activity: [0,com.android.BBKClock/.AlertClock.AlarmAlertFullScreen]
07-19 08:20:23.613  3627  3627 I am_on_resume_called: [0,com.android.BBKClock.AlertClock.AlarmAlertFullScreen]
07-19 08:20:23.663  1449  1559 I am_pss  : [3424,1000,com.qti.service.colorservice,4536320,3674112]
07-19 08:20:23.683  1449  1559 I am_pss  : [19993,10154,com.sohu.inputmethod.sogou,71858176,66097152]
07-19 08:20:23.713  1449  1559 I am_pss  : [31878,10085,com.vivo.gallery,110300160,105320448]
07-19 08:20:23.753  1449  1559 I am_pss  : [24753,10122,com.tencent.mobileqq,156504064,144273408]
07-19 08:20:23.773  1449  1559 I am_pss  : [32262,10122,com.tencent.mobileqq:dataline,41488384,31371264]
07-19 08:20:23.783  1449  1559 I am_pss  : [24739,10122,com.tencent.mobileqq:MSF,30184448,25088000]
07-19 08:20:23.793  1449  1559 I am_pss  : [22354,10073,com.vivo.secime.service,22724608,20144128]
07-19 08:20:23.813  1449  1559 I am_pss  : [2991,1000,com.vivo.nail,33651712,30289920]
07-19 08:20:23.823  1449  1559 I am_pss  : [9716,10007,android.process.media,12267520,11100160]
07-19 08:20:23.833  1449  1559 I am_pss  : [28683,1000,com.vivo.networkimprove,5888000,5103616]
07-19 08:20:23.843  1449  1559 I am_pss  : [3885,10050,com.vivo.doubletimezoneclock,15771648,14589952]
07-19 08:20:23.863  1449  1559 I am_pss  : [4084,10076,com.bbk.updater,27912192,26718208]
07-19 08:20:23.873  1449  1559 I am_pss  : [25307,10152,com.sie.mp,8493056,5492736]
07-19 08:20:23.883  1449  1559 I am_pss  : [29817,10154,sogou.mobile.explorer.hotwords,8132608,5541888]
07-19 08:20:23.893  1449  1559 I am_pss  : [25525,10003,android.process.acore,10916864,9711616]
07-19 08:20:23.903  1449  1559 I am_pss  : [2214,1000,com.vivo.appfilter,10893312,9977856]
07-19 08:20:23.923  1449  1559 I am_pss  : [4037,10048,com.vivo.devicereg,101707776,96157696]
07-19 08:20:23.933  1449  1559 I am_pss  : [31485,1000,com.android.settings,7953408,6516736]
07-19 08:20:23.943  1449  1559 I am_pss  : [3582,10002,com.android.providers.calendar,4482048,3559424]
07-19 08:20:23.953  1449  1559 I am_pss  : [4533,1000,com.qualcomm.timeservice,2922496,2162688]
07-19 08:20:23.963  1449  1559 I am_pss  : [4115,10013,com.vivo.numbermark,4377600,3031040]
07-19 08:20:23.973  1449  1559 I am_pss  : [4341,10080,com.android.camera,11584512,9605120]
07-19 08:20:23.993  1449  1559 I am_pss  : [24999,10116,com.tencent.mm:appbrand0,30511104,19804160]
07-19 08:20:24.003  1449  1559 I am_pss  : [4237,10008,com.vivo.email,8019968,6365184]
07-19 08:20:24.013  1449  1559 I am_pss  : [4177,1000,com.qualcomm.qti.RIDL,2999296,2244608]
07-19 08:20:24.023  1449  1559 I am_pss  : [4155,1000,com.vivo.networkstate,3077120,2314240]
07-19 08:20:24.033  1449  1559 I am_pss  : [27729,1000,com.vivo.wifi.networkdetect,4304896,3493888]
07-19 08:20:24.053  1449  1559 I am_pss  : [30213,10116,com.tencent.mm:tools,58670080,45367296]
07-19 08:20:24.063  1449  1559 I am_pss  : [25834,10039,com.vivo.weather.provider,13113344,11841536]
07-19 08:20:24.073  1449  1559 I am_pss  : [2979,10059,com.vivo.magazine,14120960,13082624]
07-19 08:20:24.083  1449  1559 I am_pss  : [3714,10003,com.android.contacts,10057728,8347648]
07-19 08:20:24.093  1449  1559 I am_pss  : [27204,1000,com.android.bluetoothsettings,3611648,2850816]
07-19 08:20:24.103  1449  1559 I am_pss  : [2685,1000,com.vivo.smartmultiwindow,20201472,18894848]
07-19 08:20:24.113  1449  1559 I am_pss  : [2638,10018,com.android.systemui:screenshot,12571648,9732096]
07-19 08:20:24.123  1449  1559 I am_pss  : [29039,10154,com.sohu.inputmethod.sogou:push_service,10804224,8019968]
07-19 08:20:24.133  1449  1559 I am_pss  : [31473,10102,com.vivo.quickpay,3644416,2801664]
07-19 08:20:24.153  1449  1559 I am_pss  : [29891,1000,com.android.bbklog,5765120,4628480]
07-19 08:20:24.163  1449  1559 I am_pss  : [25275,10152,com.sie.mp:pushservice,14458880,11292672]
07-19 08:20:24.173  1449  1559 I am_pss  : [25465,1000,com.vivo.nightpearl,20499456,18817024]
07-19 08:20:24.183  1449  1559 I am_pss  : [18219,1002,com.android.bluetooth,11873280,10285056]
07-19 08:20:24.193  1449  1559 I am_pss  : [3058,1001,com.qualcomm.qcrilmsgtunnel,8333312,7532544]
07-19 08:20:24.203  1449  1559 I am_pss  : [2479,10012,com.baidu.map.location,14488576,12931072]
07-19 08:20:24.233  1449  1559 I am_pss  : [2611,1001,com.android.phone,37321728,33890304]
07-19 08:20:24.243  1449  1559 I am_pss  : [2586,1000,com.vivo.upslide,63766528,58818560]
07-19 08:20:24.263  1449  1559 I am_pss  : [2574,1000,com.qualcomm.qti.tetherservice,5197824,4341760]
07-19 08:20:24.273  1449  1559 I am_pss  : [2559,1000,com.android.server.telecom,13093888,11984896]
07-19 08:20:24.283  1449  1559 I am_pss  : [2549,1000,com.qti.dpmserviceapp,12514304,11706368]
07-19 08:20:24.293  1449  1559 I am_pss  : [2536,1000,com.quicinc.cne.CNEService,8999936,8138752]
07-19 08:20:24.313  1449  1559 I am_pss  : [2425,1000,com.vivo.daemonService,28678144,26152960]
07-19 08:20:24.323  1449  1559 I am_pss  : [2286,1000,com.vivo.abe,47878144,46137344]
07-19 08:20:24.373  1449  1559 I am_pss  : [2255,10018,com.android.systemui,203990016,183881728]
07-19 08:20:24.453  1449  1559 I am_pss  : [1449,1000,system,144281600,140214272]
07-19 08:20:24.693  1449  1559 I am_meminfo: [1857970176,864157696,0,462598144,197947392]
07-19 08:20:24.813  1449  1449 I power_screen_broadcast_done: [1,1291,1]
07-19 08:20:26.043   508   508 I sf_frame_dur: [SurfaceView,0,1,13,0,0,0,0]
07-19 08:20:27.763  1449  1449 I notification_canceled: [0|com.android.BBKClock|10002|null|10035|0,8,25501,25501,0]
07-19 08:20:27.783  1449  2604 I notification_expansion: [0|com.vivo.abe|1450114046|null|1000|0,0,1,29927432,29927432,0]
07-19 08:20:27.783  1449  2674 I am_finish_activity: [0,181604904,210,com.android.BBKClock/.AlertClock.AlarmAlertFullScreen,app-request]
07-19 08:20:27.783  1449  2674 I am_home_stack_moved: [0,0,1,1,finishActivity adjustFocus setFocusedActivity]
07-19 08:20:27.783  1449  2674 I wm_task_moved: [210,1,6]
07-19 08:20:27.793  1449  2674 I am_focused_activity: [0,com.tencent.mm/.plugin.sns.ui.En_424b8e16]
07-19 08:20:27.823  1449  2674 I am_pause_activity: [0,181604904,com.android.BBKClock/.AlertClock.AlarmAlertFullScreen]
07-19 08:20:28.003  3627  3627 I am_on_paused_called: [0,com.android.BBKClock.AlertClock.AlarmAlertFullScreen]
07-19 08:20:28.023  1449  2213 I am_resume_activity: [0,112081775,199,com.tencent.mm/.plugin.sns.ui.En_424b8e16]
07-19 08:20:28.023  1449  2213 I am_focused_activity: [0,com.tencent.mm/.plugin.sns.ui.En_424b8e16]
07-19 08:20:28.043 24652 24652 I am_on_resume_called: [0,com.tencent.mm.plugin.sns.ui.En_424b8e16]
07-19 08:20:28.113  2255  2255 I sysui_status_bar_state: [1,1,0,0,1,0]
07-19 08:20:28.413  1449  2213 I am_pause_activity: [0,112081775,com.tencent.mm/.plugin.sns.ui.En_424b8e16]
07-19 08:20:28.413  1449  2198 I am_destroy_activity: [0,181604904,210,com.android.BBKClock/.AlertClock.AlarmAlertFullScreen,finish-imm]
07-19 08:20:28.423 24652 24652 I am_on_paused_called: [0,com.tencent.mm.plugin.sns.ui.En_424b8e16]
07-19 08:20:28.423  1449  1561 I am_focused_activity: [0,com.tencent.mm/.plugin.sns.ui.En_424b8e16]
07-19 08:20:28.423  1449  1547 I notification_expansion: [0|com.vivo.abe|1450114046|null|1000|0,0,0,29928078,29928078,0]
07-19 08:20:28.503  1449  1585 I wm_task_removed: [210,removeAppToken: last token]
07-19 08:20:28.503  1449  1585 I wm_task_removed: [210,removeTask]
07-19 08:20:28.523   508   508 I sf_frame_dur: [com.android.BBKClock/com.android.BBKClock.AlertClock.AlarmAlertFullScreen,221,10,0,0,0,0,2]
07-19 08:20:32.163  1449  1946 I sysui_histogram: [power_double_tap_interval,118680]
07-19 08:20:32.383  1449  1946 I power_sleep_requested: 0
07-19 08:20:32.383  1449  1449 I power_screen_state: [0,2,0,0]
07-19 08:20:32.383  1449  1449 I screen_toggled: 0
07-19 08:20:32.383  1449  1449 I sysui_histogram: [screen_timeout,30]
07-19 08:20:32.383  1449  1449 I power_screen_broadcast_send: 1
07-19 08:20:32.573  1449  1449 I power_screen_broadcast_done: [0,192,1]
07-19 08:20:33.633   508   508 I sf_frame_dur: [ColorFade,3,0,0,0,0,0,0]
07-19 08:21:01.743  1449  1940 I device_idle_wake_from_idle: [0,*walarm*:android.intent.action.ALARM_KICK_NIGHT_PEARL]
07-19 08:22:00.753  1449  1940 I device_idle_wake_from_idle: [0,*walarm*:android.intent.action.ALARM_KICK_NIGHT_PEARL]
07-19 08:23:00.743  1449  1940 I device_idle_wake_from_idle: [0,*walarm*:android.intent.action.ALARM_KICK_NIGHT_PEARL]
07-19 08:23:00.873  1449  1559 I am_pss  : [24652,10116,com.tencent.mm,208034816,191549440]
07-19 08:23:00.893  1449  1559 I am_pss  : [25047,10116,com.tencent.mm:support,26968064,16416768]
07-19 08:23:00.983   508   508 I sf_frame_dur: [NightPearlView,1,0,1,0,0,2,1]
07-19 08:25:23.765  1449  1561 I am_wtf  : [0,2425,system_server,-1,BatteryStatsService,Wifi is in disabled state]
07-19 08:25:23.905  1449  1561 I am_wtf  : [0,2425,system_server,-1,BatteryStatsService,Wifi is in disabled state]
07-19 08:30:15.806  1449  1559 I am_pss  : [3424,1000,com.qti.service.colorservice,4536320,3674112]
07-19 08:30:15.816  1449  2091 I netstats_mobile_sample: [54448981,72229,8102556,60664,53860261,58585,6162651,49107,53860261,58585,8482041,80545,1500424215783]
07-19 08:30:15.816  1449  2091 I netstats_wifi_sample: [2123164834,1946539,146378578,1407854,2122596453,1934016,126601535,1401717,2119641729,1915555,144523276,1807212,1500424215783]
07-19 08:30:15.846  1449  1561 I am_wtf  : [0,2425,system_server,-1,BatteryStatsService,Wifi is in disabled state]
07-19 08:30:15.856  1449  1559 I am_pss  : [19993,10154,com.sohu.inputmethod.sogou,72005632,66244608]
07-19 08:30:15.866  1449  2212 I netstats_mobile_sample: [54448981,72229,8102556,60664,53860261,58585,6162651,49107,53860261,58585,8482041,80545,1500424215832]
07-19 08:30:15.866  1449  2212 I netstats_wifi_sample: [2123164834,1946539,146378578,1407854,2122596453,1934016,126601535,1401717,2119641729,1915555,144523276,1807212,1500424215832]
07-19 08:30:15.886  1449  1559 I am_pss  : [31878,10085,com.vivo.gallery,110307328,105328640]
07-19 08:30:15.936  1449  1559 I am_pss  : [24753,10122,com.tencent.mobileqq,156520448,144289792]
07-19 08:30:15.946  1449  1559 I am_pss  : [32262,10122,com.tencent.mobileqq:dataline,41488384,31371264]
07-19 08:30:15.966  1449  1559 I am_pss  : [24739,10122,com.tencent.mobileqq:MSF,30233600,25137152]
07-19 08:30:15.976  1449  1559 I am_pss  : [22354,10073,com.vivo.secime.service,22724608,20148224]
07-19 08:30:16.156  1449  1559 I am_pss  : [3885,10050,com.vivo.doubletimezoneclock,16811008,15630336]
07-19 08:30:16.166  1449  1559 I am_pss  : [4084,10076,com.bbk.updater,32435200,31240192]
07-19 08:30:16.176  1449  1559 I am_pss  : [9716,10007,android.process.media,12267520,11100160]
07-19 08:30:16.196  1449  1559 I am_pss  : [24999,10116,com.tencent.mm:appbrand0,30519296,19812352]
07-19 08:30:16.216  1449  1559 I am_pss  : [2991,1000,com.vivo.nail,33653760,30298112]
07-19 08:30:16.226  1449  1559 I am_pss  : [25307,10152,com.sie.mp,8493056,5492736]
07-19 08:30:16.236  1449  1559 I am_pss  : [29817,10154,sogou.mobile.explorer.hotwords,8132608,5541888]
07-19 08:30:16.246  1449  1559 I am_pss  : [25525,10003,android.process.acore,10916864,9711616]
07-19 08:30:16.256  1449  1559 I am_pss  : [2214,1000,com.vivo.appfilter,10897408,9981952]
07-19 08:30:16.276  1449  1559 I am_pss  : [4037,10048,com.vivo.devicereg,101720064,96186368]
07-19 08:30:16.286  1449  1559 I am_pss  : [31485,1000,com.android.settings,7948288,6508544]
07-19 08:30:16.456  1449  1559 I am_pss  : [3142,10056,com.iqoo.secure:remote,50876416,47636480]
07-19 08:30:16.466  1449  1559 I am_pss  : [27729,1000,com.vivo.wifi.networkdetect,4305920,3493888]
07-19 08:30:16.486  1449  1559 I am_pss  : [30213,10116,com.tencent.mm:tools,58681344,45379584]
07-19 08:30:16.496  1449  1559 I am_pss  : [2979,10059,com.vivo.magazine,14195712,13160448]
07-19 08:30:16.516  1449  1559 I am_pss  : [2685,1000,com.vivo.smartmultiwindow,20310016,19005440]
07-19 08:30:16.526  1449  1559 I am_pss  : [29039,10154,com.sohu.inputmethod.sogou:push_service,10832896,8048640]
07-19 08:30:16.536  1449  1559 I am_pss  : [31473,10102,com.vivo.quickpay,3644416,2801664]
07-19 08:30:16.546  1449  1559 I am_pss  : [29891,1000,com.android.bbklog,5765120,4628480]
07-19 08:30:16.556  1449  1559 I am_pss  : [25275,10152,com.sie.mp:pushservice,14462976,11296768]
07-19 08:30:16.566  1449  1559 I am_pss  : [25465,1000,com.vivo.nightpearl,20737024,19030016]
07-19 08:30:16.726  1449  1559 I am_pss  : [18219,1002,com.android.bluetooth,11975680,10387456]
07-19 08:30:16.746  1449  1559 I am_pss  : [3058,1001,com.qualcomm.qcrilmsgtunnel,8350720,7548928]
07-19 08:30:16.756  1449  1559 I am_pss  : [2479,10012,com.baidu.map.location,14492672,12935168]
07-19 08:41:42.244  2611  2611 I gsm_service_state_change: [0,0,0,1]
07-19 08:41:42.614  2611  2611 I gsm_service_state_change: [0,1,0,0]
07-19 08:42:03.532  1449  1559 I am_pss  : [24670,10116,com.tencent.mm:exdevice,14777344,9568256]
07-19 08:42:03.552  1449  1559 I am_pss  : [24948,10116,com.tencent.mm:push,17004544,12636160]
07-19 08:45:51.908  1449  1449 I sysui_histogram: [fingerprint_token,0]
07-19 08:45:52.698  1449  1946 I sysui_histogram: [power_double_tap_interval,17819]
07-19 08:45:52.698  1449  1449 I power_screen_state: [1,0,0,0]
07-19 08:45:52.698  1449  1449 I screen_toggled: 1
07-19 08:45:52.708  1449  1449 I power_screen_broadcast_send: 1
07-19 08:45:53.008  1449  1449 I power_screen_broadcast_done: [1,295,1]
07-19 08:45:53.018   508   508 I sf_frame_dur: [NightPearlView,0,0,0,0,0,2,0]
07-19 08:45:54.218  1449  1946 I sysui_histogram: [power_double_tap_interval,1523]
07-19 08:45:54.528  1449  1946 I power_sleep_requested: 0
07-19 08:45:54.528  1449  1449 I power_screen_state: [0,2,0,0]
07-19 08:45:54.528  1449  1449 I screen_toggled: 0
07-19 08:45:54.538  1449  1449 I sysui_histogram: [screen_timeout,30]
07-19 08:45:54.538  1449  1449 I power_screen_broadcast_send: 1
07-19 08:45:54.948  1449  1449 I power_screen_broadcast_done: [0,411,1]
07-19 08:45:54.948   508   508 I sf_frame_dur: [SurfaceView,0,0,8,0,0,0,0]
07-19 08:45:55.778   508   508 I sf_frame_dur: [ColorFade,3,0,0,0,0,0,0]
07-19 08:46:00.751  1449  1940 I device_idle_wake_from_idle: [0,*walarm*:android.intent.action.ALARM_KICK_NIGHT_PEARL]
07-19 08:46:00.851  1449  1559 I am_pss  : [28683,1000,com.vivo.networkimprove,6204416,5419008]
07-19 08:46:00.871  1449  1559 I am_pss  : [3582,10002,com.android.providers.calendar,4478976,3555328]
07-19 08:46:00.891  1449  1559 I am_pss  : [4533,1000,com.qualcomm.timeservice,2922496,2162688]
07-19 08:46:00.901  1449  1559 I am_pss  : [4115,10013,com.vivo.numbermark,4377600,3031040]
07-19 08:46:00.911  1449  1559 I am_pss  : [4341,10080,com.android.camera,11584512,9605120]
07-19 08:46:00.931  1449  1559 I am_pss  : [4237,10008,com.vivo.email,8019968,6365184]
07-19 08:46:00.951  1449  1559 I am_pss  : [4177,1000,com.qualcomm.qti.RIDL,3008512,2252800]
07-19 08:46:00.961  1449  1559 I am_pss  : [4155,1000,com.vivo.networkstate,3077120,2314240]
07-19 08:46:00.981  1449  1559 I am_pss  : [25834,10039,com.vivo.weather.provider,13113344,11841536]
07-19 08:46:00.991  1449  1559 I am_pss  : [3714,10003,com.android.contacts,10057728,8347648]
07-19 08:46:01.001  1449  1559 I am_pss  : [27204,1000,com.android.bluetoothsettings,3611648,2850816]
07-19 08:46:01.021  1449  1559 I am_pss  : [2638,10018,com.android.systemui:screenshot,12571648,9732096]
07-19 08:47:00.762  1449  1940 I device_idle_wake_from_idle: [0,*walarm*:android.intent.action.ALARM_KICK_NIGHT_PEARL]
07-19 08:48:00.742  1449  1940 I device_idle_wake_from_idle: [0,*walarm*:android.intent.action.ALARM_KICK_NIGHT_PEARL]
07-19 08:48:01.002   508   508 I sf_frame_dur: [NightPearlView,1,0,1,0,0,2,0]
07-19 08:49:01.943  1449  1559 I am_pss  : [3627,10035,com.android.BBKClock,28375040,25755648]
07-19 08:49:11.893  1449  1559 I am_pss  : [3142,10056,com.iqoo.secure:remote,51032064,47792128]
07-19 08:49:27.903  1449  1559 I am_pss  : [2506,10058,com.bbk.iqoo.logsystem,16404480,14848000]
07-19 08:49:27.933  1449  1559 I am_pss  : [10334,1000,com.vivo.cameraparamluma,7918592,6651904]
07-19 08:50:45.784  1449  1561 I am_wtf  : [0,2425,system_server,-1,BatteryStatsService,Wifi is in disabled state]
07-19 08:50:45.924  1449  1561 I am_wtf  : [0,2425,system_server,-1,BatteryStatsService,Wifi is in disabled state]
07-19 08:55:36.806  1449  1561 I am_wtf  : [0,2425,system_server,-1,BatteryStatsService,Wifi is in disabled state]
07-19 08:59:46.959  1449  1449 I sysui_histogram: [fingerprint_token,0]
07-19 08:59:48.069  1449  1449 I sysui_histogram: [fingerprint_token,0]
07-19 09:00:00.756  1449  1940 I device_idle_wake_from_idle: [0,*walarm*:android.intent.action.ALARM_KICK_NIGHT_PEARL]
07-19 09:01:00.767  1449  1940 I device_idle_wake_from_idle: [0,*walarm*:android.intent.action.ALARM_KICK_NIGHT_PEARL]
07-19 09:01:00.807  1449  1561 I am_wtf  : [0,2425,system_server,-1,BatteryStatsService,Wifi is in disabled state]
07-19 09:01:29.306  1449  1449 I sysui_histogram: [fingerprint_token,0]
07-19 09:02:01.757  1449  1940 I device_idle_wake_from_idle: [0,*walarm*:android.intent.action.ALARM_KICK_NIGHT_PEARL]
07-19 09:03:00.767  1449  1940 I device_idle_wake_from_idle: [0,*walarm*:android.intent.action.ALARM_KICK_NIGHT_PEARL]
07-19 09:03:00.797  1449  2091 I netstats_mobile_sample: [54448981,72229,8102556,60664,53860261,58585,6162651,49107,53860261,58585,8482041,80545,1500426180761]
07-19 09:03:00.797  1449  2091 I netstats_wifi_sample: [2123164834,1946539,146378578,1407854,2122596453,1934016,126601535,1401717,2119641729,1915555,144523276,1807212,1500426180761]
07-19 09:04:00.748  1449  1940 I device_idle_wake_from_idle: [0,*walarm*:android.intent.action.ALARM_KICK_NIGHT_PEARL]
07-19 09:04:01.008   508   508 I sf_frame_dur: [NightPearlView,1,1,0,0,0,4,4]
07-19 09:11:43.155  2611  2611 I gsm_service_state_change: [0,0,0,1]
07-19 09:11:43.735  2611  2611 I gsm_service_state_change: [0,1,0,0]
07-19 09:11:59.804  1449  1449 I sysui_histogram: [fingerprint_token,0]
07-19 09:12:00.104  1449  1946 I sysui_histogram: [power_double_tap_interval,69979]
07-19 09:12:00.104  1449  1940 I device_idle_wake_from_idle: [0,*walarm*:android.intent.action.ALARM_KICK_NIGHT_PEARL]
07-19 09:12:00.114  1449  1449 I power_screen_state: [1,0,0,0]
07-19 09:12:00.114  1449  1449 I screen_toggled: 1
07-19 09:12:00.114  1449  1449 I power_screen_broadcast_send: 1
07-19 09:12:00.394   508   508 I sf_frame_dur: [NightPearlView,0,0,0,0,2,0,0]
07-19 09:12:00.404  1449  1449 I power_screen_broadcast_done: [1,294,1]
07-19 09:12:01.194  1449  1449 I sysui_action: [252,true]
07-19 09:12:01.204  2255  3087 I screen_toggled: 2
07-19 09:12:01.214  2255  2255 I sysui_status_bar_state: [1,0,0,0,1,0]
07-19 09:12:01.224  1449  2172 I am_resume_activity: [0,112081775,199,com.tencent.mm/.plugin.sns.ui.En_424b8e16]
07-19 09:12:01.244  1449  2172 I am_focused_activity: [0,com.tencent.mm/.plugin.sns.ui.En_424b8e16]
07-19 09:12:01.254  1449  1561 I am_broadcast_discard_app: [0,151774068,android.intent.action.USER_PRESENT,0,ResolveInfo{915609d com.sdu.didi.psnger/com.igexin.sdk.PushReceiver p=2147483647 m=0x108000}]
07-19 09:12:01.254  1449  1561 I am_broadcast_discard_app: [0,151774068,android.intent.action.USER_PRESENT,1,ResolveInfo{7f82912 com.jd.jrapp/com.tencent.android.tpush.XGPushReceiver p=2147483647 m=0x108000}]
07-19 09:12:01.254  1449  1561 I am_broadcast_discard_app: [0,151774068,android.intent.action.USER_PRESENT,2,ResolveInfo{71928e3 cn.wps.moffice_eng/cn.wps.moffice.service.receivers.MonitorServiceReceiver p=2147483647 m=0x108000}]
07-19 09:12:01.254  1449  1561 I am_broadcast_discard_app: [0,151774068,android.intent.action.USER_PRESENT,3,ResolveInfo{2bdc2e0 com.mfw.roadbook/com.eguan.monitor.receiver.SystemStartReceiver p=9999 m=0x108000}]
07-19 09:12:01.254 24652 24652 I am_on_resume_called: [0,com.tencent.mm.plugin.sns.ui.En_424b8e16]
07-19 09:12:01.264  1449  2674 I notification_expansion: [0|com.vivo.abe|1450114046|null|1000|0,0,1,33020912,33020912,0]
07-19 09:12:01.354  1449  2213 I am_proc_start: [0,11505,10079,com.bbk.calendar,broadcast,com.bbk.calendar/.alerts.BirthdayReceiver]
07-19 09:12:01.384  1449  2596 I am_proc_bound: [0,11505,com.bbk.calendar]
07-19 09:12:01.434  1449  2564 I am_broadcast_discard_app: [0,151774068,android.intent.action.USER_PRESENT,10,ResolveInfo{fb50df8 cn.damai/com.igexin.sdk.PushReceiver m=0x108000}]
07-19 09:12:01.434  1449  1561 I am_broadcast_discard_app: [0,151774068,android.intent.action.USER_PRESENT,11,ResolveInfo{28b2d1 cn.damai/com.taobao.accs.EventReceiver m=0x108000}]
07-19 09:12:01.444  1449  2588 I am_broadcast_discard_app: [0,151774068,android.intent.action.USER_PRESENT,13,ResolveInfo{6760136 com.taobao.taobao/com.taobao.accs.EventReceiver m=0x108000}]
07-19 09:12:01.444  1449  1561 I am_broadcast_discard_app: [0,151774068,android.intent.action.USER_PRESENT,14,ResolveInfo{a612837 com.autonavi.minimap/com.taobao.accs.EventReceiver m=0x108000}]
07-19 09:12:01.444  1449  1561 I am_broadcast_discard_app: [0,151774068,android.intent.action.USER_PRESENT,15,ResolveInfo{72911a4 com.baidu.netdisk/com.baidu.android.pushservice.PushServiceReceiver m=0x108000}]
07-19 09:12:01.444  1449  1561 I am_broadcast_discard_app: [0,151774068,android.intent.action.USER_PRESENT,16,ResolveInfo{8b4ab0d com.baidu.netdisk/com.baidu.devicesecurity.receiver.DSDeviceAdminReceiver m=0x108000}]
07-19 09:12:01.444  1449  1561 I am_broadcast_discard_app: [0,151774068,android.intent.action.USER_PRESENT,17,ResolveInfo{a18fac2 com.hunantv.imgo.activity/com.igexin.sdk.PushReceiver m=0x108000}]
07-19 09:12:01.444  1449  1561 I am_broadcast_discard_app: [0,151774068,android.intent.action.USER_PRESENT,18,ResolveInfo{d1610d3 com.jianshu.haruki/com.igexin.sdk.PushReceiver m=0x108000}]
07-19 09:12:01.444  1449  1561 I am_broadcast_discard_app: [0,151774068,android.intent.action.USER_PRESENT,20,ResolveInfo{1b7a410 com.amazon.kindlefc/com.igexin.sdk.PushReceiver m=0x108000}]
07-19 09:12:01.454  1449  1561 I am_broadcast_discard_app: [0,151774068,android.intent.action.USER_PRESENT,21,ResolveInfo{38deb09 com.mfw.roadbook/com.igexin.sdk.PushReceiver m=0x108000}]
07-19 09:12:01.454  1449  1561 I am_broadcast_discard_app: [0,151774068,android.intent.action.USER_PRESENT,22,ResolveInfo{300010e com.dajie.official/com.igexin.sdk.PushReceiver m=0x108000}]
07-19 09:12:01.454  1449  1561 I am_broadcast_discard_app: [0,151774068,android.intent.action.USER_PRESENT,23,ResolveInfo{626e72f air.tv.douyu.android/com.igexin.sdk.PushReceiver m=0x108000}]
07-19 09:12:01.454  1449  1561 I am_broadcast_discard_app: [0,151774068,android.intent.action.USER_PRESENT,24,ResolveInfo{65af13c com.UCMobile/com.taobao.accs.EventReceiver m=0x108000}]
07-19 09:12:01.454  1449  1561 I am_broadcast_discard_app: [0,151774068,android.intent.action.USER_PRESENT,26,ResolveInfo{aa12ec5 com.netease.newsreader.activity/com.igexin.sdk.PushReceiver m=0x108000}]
07-19 09:12:01.454  1449  1561 I am_broadcast_discard_app: [0,151774068,android.intent.action.USER_PRESENT,27,ResolveInfo{43f201a com.sankuai.meituan/com.dianping.base.push.pushservice.PhoneStatusReceiver m=0x108000}]
07-19 09:12:01.454  1449  1561 I am_broadcast_discard_app: [0,151774068,android.intent.action.USER_PRESENT,28,ResolveInfo{8c4c74b cn.wps.moffice_eng/com.igexin.sdk.PushReceiver m=0x108000}]
07-19 09:12:02.134  2255  2255 I sysui_count: [panel_open,1]
07-19 09:12:02.274  2255  2255 I sysui_histogram: [note_load,2]
07-19 09:12:02.284  1449  2637 I notification_panel_revealed: 2
07-19 09:12:02.374   508   508 I sf_frame_dur: [com.vivo.nail/com.vivo.nail.NailApp,17,0,0,0,0,0,10]
07-19 09:12:02.854  1449  1547 I notification_visibility: [0|com.vivo.abe|1450114046|null|1000|0,1,33022498,33022498,0,1]
07-19 09:12:03.284  1449  1449 I sysui_histogram: [note_dismiss_longevity,550]
07-19 09:12:03.284  1449  1449 I notification_canceled: [0|com.vivo.abe|1450114046|null|1000|0,2,33022934,33022934,436]
07-19 09:12:03.624  1449  2637 I notification_panel_hidden: []
07-19 09:12:05.814   508   508 I sf_frame_dur: [com.vivo.nail/com.vivo.nail.NailApp,17,0,0,0,0,0,0]
07-19 09:12:05.814   508   508 I sf_frame_dur: [UpSlideTransparentView,45,1,1,1,3,0,22]
07-19 09:12:06.424  1449  2617 I am_broadcast_discard_app: [0,267055681,android.net.wifi.WIFI_STATE_CHANGED,1,ResolveInfo{c1f23e6 com.baidu.netdisk/com.baidu.cyberplayer.dlna.NetworkChangeReceiver m=0x108000}]
07-19 09:12:06.424  1449  1561 I am_broadcast_discard_app: [0,267055681,android.net.wifi.WIFI_STATE_CHANGED,2,ResolveInfo{168d27 com.hunantv.imgo.activity/com.mangogamehall.receiver.GHWifiStateReceiver m=0x108000}]
07-19 09:12:06.424  1449  1561 I am_broadcast_discard_app: [0,267055681,android.net.wifi.WIFI_STATE_CHANGED,3,ResolveInfo{bc62bd4 com.sdu.didi.psnger/com.didi.sdk.receiver.WifiReceiver m=0x108000}]
07-19 09:12:07.454  1449  2617 I am_finish_activity: [0,112081775,199,com.tencent.mm/.plugin.sns.ui.En_424b8e16,app-request]
07-19 09:12:07.454  1449  2617 I am_home_stack_moved: [0,0,1,1,finishActivity adjustFocus setFocusedActivity]
07-19 09:12:07.454  1449  2617 I wm_task_moved: [199,1,5]
07-19 09:12:07.454  1449  2617 I am_focused_activity: [0,com.tencent.mm/.ui.LauncherUI]
07-19 09:12:07.454  1449  2617 I am_pause_activity: [0,112081775,com.tencent.mm/.plugin.sns.ui.En_424b8e16]
07-19 09:12:07.474 24652 24652 I am_on_paused_called: [0,com.tencent.mm.plugin.sns.ui.En_424b8e16]
07-19 09:12:07.474  1449  1547 I am_resume_activity: [0,54303253,199,com.tencent.mm/.ui.LauncherUI]
07-19 09:12:07.474  1449  1547 I am_focused_activity: [0,com.tencent.mm/.ui.LauncherUI]
07-19 09:12:07.524 24652 24652 I am_on_resume_called: [0,com.tencent.mm.ui.LauncherUI]
07-19 09:12:07.664  1449  1561 I am_broadcast_discard_app: [0,235164469,android.net.wifi.STATE_CHANGE,0,ResolveInfo{92fc3ca com.UCMobile/com.uc.browser.business.openwifi.NetworkConnectReceiver p=1000 m=0x108000}]
07-19 09:12:07.684  1449  2604 I am_proc_start: [0,11571,10101,com.vivo.game,broadcast,com.vivo.game/.update.UpdateDownloadReceiver]
07-19 09:12:07.694  1449  2596 I am_proc_bound: [0,11571,com.vivo.game]
07-19 09:12:07.844  1449  1561 I am_destroy_activity: [0,112081775,199,com.tencent.mm/.plugin.sns.ui.En_424b8e16,finish-imm]
07-19 09:12:07.864   508   508 I sf_frame_dur: [com.tencent.mm/com.tencent.mm.plugin.sns.ui.En_424b8e16,206,3,0,0,1,1,11]
07-19 09:12:07.924  1449  2098 I netstats_mobile_sample: [54448981,72229,8102556,60664,53860261,58585,6162651,49107,53860261,58585,8482041,80545,1500426727889]
07-19 09:12:07.924  1449  2098 I netstats_wifi_sample: [2123164834,1946539,146378578,1407854,2122596453,1934016,126601535,1401717,2119641729,1915555,144523276,1807212,1500426727889]
07-19 09:12:07.944  1449  2098 I netstats_mobile_sample: [54448981,72229,8102556,60664,53860261,58585,6162651,49107,53860261,58585,8482041,80545,1500426727905]
07-19 09:12:07.944  1449  2098 I netstats_wifi_sample: [2123164834,1946539,146378578,1407854,2122596453,1934016,126601535,1401717,2119641729,1915555,144523276,1807212,1500426727905]
07-19 09:12:07.954  1449  2604 I am_broadcast_discard_app: [0,235164469,android.net.wifi.STATE_CHANGE,4,ResolveInfo{5c61a2c com.baidu.netdisk/com.baidu.cyberplayer.dlna.NetworkChangeReceiver m=0x108000}]
07-19 09:12:07.954  1449  2604 I am_kill : [0,2638,com.android.systemui:screenshot,15,empty for 29683s]
07-19 09:12:07.974  1449  1561 I am_broadcast_discard_app: [0,235164469,android.net.wifi.STATE_CHANGE,5,ResolveInfo{b5abcf5 com.hunantv.imgo.activity/com.mangogamehall.receiver.GHWifiStateReceiver m=0x108000}]
07-19 09:12:07.974  1449  1545 I am_proc_died: [0,2638,com.android.systemui:screenshot]
07-19 09:12:07.974  1449  1561 I am_broadcast_discard_app: [0,235164469,android.net.wifi.STATE_CHANGE,6,ResolveInfo{5b34a8a com.sdu.didi.psnger/com.didi.sdk.receiver.WifiReceiver m=0x108000}]
07-19 09:12:07.974  1449  1561 I am_broadcast_discard_app: [0,235164469,android.net.wifi.STATE_CHANGE,7,ResolveInfo{ec8f8fb com.youdao.note/.broadcast.ConnectivityChangeReceiver m=0x108000}]
07-19 09:12:07.974  1449  1561 I am_broadcast_discard_app: [0,76590360,android.net.wifi.supplicant.STATE_CHANGE,0,ResolveInfo{ee73371 com.UCMobile/com.uc.browser.business.openwifi.NetworkConnectReceiver p=1000 m=0x108000}]
07-19 09:12:07.974  1449  1561 I am_broadcast_discard_app: [0,75728214,android.net.wifi.STATE_CHANGE,0,ResolveInfo{52429d7 com.UCMobile/com.uc.browser.business.openwifi.NetworkConnectReceiver p=1000 m=0x108000}]
07-19 09:12:08.014  1449  2198 I netstats_mobile_sample: [54448981,72229,8102556,60664,53860261,58585,6162651,49107,53860261,58585,8482041,80545,1500426727981]
07-19 09:12:08.024  1449  2198 I netstats_wifi_sample: [2123164834,1946539,146378578,1407854,2122596453,1934016,126601535,1401717,2119641729,1915555,144523276,1807212,1500426727981]
07-19 09:12:08.094  1449  2641 I am_broadcast_discard_app: [0,75728214,android.net.wifi.STATE_CHANGE,4,ResolveInfo{8ea95ad com.baidu.netdisk/com.baidu.cyberplayer.dlna.NetworkChangeReceiver m=0x108000}]
07-19 09:12:08.104  1449  1561 I am_broadcast_discard_app: [0,75728214,android.net.wifi.STATE_CHANGE,5,ResolveInfo{64aa0e2 com.hunantv.imgo.activity/com.mangogamehall.receiver.GHWifiStateReceiver m=0x108000}]
07-19 09:12:08.104  1449  1561 I am_broadcast_discard_app: [0,75728214,android.net.wifi.STATE_CHANGE,6,ResolveInfo{b978c73 com.sdu.didi.psnger/com.didi.sdk.receiver.WifiReceiver m=0x108000}]
07-19 09:12:08.104  1449  1561 I am_broadcast_discard_app: [0,75728214,android.net.wifi.STATE_CHANGE,7,ResolveInfo{440730 com.youdao.note/.broadcast.ConnectivityChangeReceiver m=0x108000}]
07-19 09:12:08.104  1449  1561 I am_broadcast_discard_app: [0,105373609,android.net.wifi.STATE_CHANGE,0,ResolveInfo{875e92e com.UCMobile/com.uc.browser.business.openwifi.NetworkConnectReceiver p=1000 m=0x108000}]
07-19 09:12:08.124  1449  2212 I am_broadcast_discard_app: [0,105373609,android.net.wifi.STATE_CHANGE,4,ResolveInfo{ed47ccf com.baidu.netdisk/com.baidu.cyberplayer.dlna.NetworkChangeReceiver m=0x108000}]
07-19 09:12:08.124  1449  1561 I am_broadcast_discard_app: [0,105373609,android.net.wifi.STATE_CHANGE,5,ResolveInfo{59a665c com.hunantv.imgo.activity/com.mangogamehall.receiver.GHWifiStateReceiver m=0x108000}]
07-19 09:12:08.124  1449  1561 I am_broadcast_discard_app: [0,105373609,android.net.wifi.STATE_CHANGE,6,ResolveInfo{515cd65 com.sdu.didi.psnger/com.didi.sdk.receiver.WifiReceiver m=0x108000}]
07-19 09:12:08.124  1449  1561 I am_broadcast_discard_app: [0,105373609,android.net.wifi.STATE_CHANGE,7,ResolveInfo{ffb6a3a com.youdao.note/.broadcast.ConnectivityChangeReceiver m=0x108000}]
07-19 09:12:08.124  1449  1561 I am_broadcast_discard_app: [0,189142763,android.net.wifi.STATE_CHANGE,0,ResolveInfo{c958c48 com.UCMobile/com.uc.browser.business.openwifi.NetworkConnectReceiver p=1000 m=0x108000}]
07-19 09:12:08.184  1449  2637 I am_broadcast_discard_app: [0,189142763,android.net.wifi.STATE_CHANGE,4,ResolveInfo{925f006 com.baidu.netdisk/com.baidu.cyberplayer.dlna.NetworkChangeReceiver m=0x108000}]
07-19 09:12:08.184  1449  1561 I am_broadcast_discard_app: [0,189142763,android.net.wifi.STATE_CHANGE,5,ResolveInfo{eed36c7 com.hunantv.imgo.activity/com.mangogamehall.receiver.GHWifiStateReceiver m=0x108000}]
07-19 09:12:08.194  1449  1561 I am_broadcast_discard_app: [0,189142763,android.net.wifi.STATE_CHANGE,6,ResolveInfo{69b24f4 com.sdu.didi.psnger/com.didi.sdk.receiver.WifiReceiver m=0x108000}]
07-19 09:12:08.194  1449  1561 I am_broadcast_discard_app: [0,189142763,android.net.wifi.STATE_CHANGE,7,ResolveInfo{e09441d com.youdao.note/.broadcast.ConnectivityChangeReceiver m=0x108000}]
07-19 09:12:08.194  1449  1561 I am_broadcast_discard_app: [0,136382098,android.net.wifi.RSSI_CHANGED,0,ResolveInfo{cfc7863 com.sdu.didi.psnger/com.didi.sdk.receiver.WifiReceiver m=0x108000}]
07-19 09:12:08.194  1449  1561 I am_broadcast_discard_app: [0,62889056,android.net.wifi.STATE_CHANGE,0,ResolveInfo{c7b0519 com.UCMobile/com.uc.browser.business.openwifi.NetworkConnectReceiver p=1000 m=0x108000}]
07-19 09:12:08.224  1449  2617 I am_broadcast_discard_app: [0,62889056,android.net.wifi.STATE_CHANGE,4,ResolveInfo{eadd9d5 com.baidu.netdisk/com.baidu.cyberplayer.dlna.NetworkChangeReceiver m=0x108000}]
07-19 09:12:08.224  1449  1561 I am_broadcast_discard_app: [0,62889056,android.net.wifi.STATE_CHANGE,5,ResolveInfo{822d5ea com.hunantv.imgo.activity/com.mangogamehall.receiver.GHWifiStateReceiver m=0x108000}]
07-19 09:12:08.224  1449  1561 I am_broadcast_discard_app: [0,62889056,android.net.wifi.STATE_CHANGE,6,ResolveInfo{fe90db com.sdu.didi.psnger/com.didi.sdk.receiver.WifiReceiver m=0x108000}]
07-19 09:12:08.224  1449  1561 I am_broadcast_discard_app: [0,62889056,android.net.wifi.STATE_CHANGE,7,ResolveInfo{e89778 com.youdao.note/.broadcast.ConnectivityChangeReceiver m=0x108000}]
07-19 09:12:08.224  1449  1561 I am_broadcast_discard_app: [0,268385873,android.net.wifi.STATE_CHANGE,0,ResolveInfo{85066b6 com.UCMobile/com.uc.browser.business.openwifi.NetworkConnectReceiver p=1000 m=0x108000}]
07-19 09:12:08.274  1449  2641 I am_broadcast_discard_app: [0,268385873,android.net.wifi.STATE_CHANGE,4,ResolveInfo{4b5fb7 com.baidu.netdisk/com.baidu.cyberplayer.dlna.NetworkChangeReceiver m=0x108000}]
07-19 09:12:08.274  1449  1561 I am_broadcast_discard_app: [0,268385873,android.net.wifi.STATE_CHANGE,5,ResolveInfo{5cbb324 com.hunantv.imgo.activity/com.mangogamehall.receiver.GHWifiStateReceiver m=0x108000}]
07-19 09:12:08.274  1449  1561 I am_broadcast_discard_app: [0,268385873,android.net.wifi.STATE_CHANGE,6,ResolveInfo{a286e8d com.sdu.didi.psnger/com.didi.sdk.receiver.WifiReceiver m=0x108000}]
07-19 09:12:08.274  1449  1561 I am_broadcast_discard_app: [0,268385873,android.net.wifi.STATE_CHANGE,7,ResolveInfo{2f43842 com.youdao.note/.broadcast.ConnectivityChangeReceiver m=0x108000}]
07-19 09:12:08.274  1449  1561 I am_broadcast_discard_app: [0,2900051,android.net.conn.CONNECTIVITY_CHANGE,0,ResolveInfo{1a2dd90 com.sdu.didi.psnger/com.igexin.sdk.PushReceiver p=2147483647 m=0x108000}]
07-19 09:12:08.274  1449  1561 I am_broadcast_discard_app: [0,2900051,android.net.conn.CONNECTIVITY_CHANGE,1,ResolveInfo{f3a6689 com.jd.jrapp/com.tencent.android.tpush.XGPushReceiver p=2147483647 m=0x108000}]
07-19 09:12:08.284  1449  2641 I am_broadcast_discard_app: [0,2900051,android.net.conn.CONNECTIVITY_CHANGE,3,ResolveInfo{e11968e cmb.pb/com.xiaomi.push.service.receivers.NetworkStatusReceiver m=0x108000}]
07-19 09:12:08.294  1449  1561 I am_broadcast_discard_app: [0,2900051,android.net.conn.CONNECTIVITY_CHANGE,4,ResolveInfo{9308eaf com.sdu.didi.psnger/com.xiaomi.push.service.receivers.NetworkStatusReceiver m=0x108000}]
07-19 09:12:08.294  1449  1561 I am_broadcast_discard_app: [0,2900051,android.net.conn.CONNECTIVITY_CHANGE,5,ResolveInfo{f8042bc com.sdu.didi.psnger/com.didi.sdk.push.broadcast.PushNetReceiver m=0x108000}]
07-19 09:12:08.294  1449  1561 I am_broadcast_discard_app: [0,2900051,android.net.conn.CONNECTIVITY_CHANGE,6,ResolveInfo{759e245 com.sdu.didi.psnger/com.didi.onecar.business.taxi.receiver.TaxiNetReceiver m=0x108000}]
07-19 09:12:08.294  1449  1561 I am_broadcast_discard_app: [0,2900051,android.net.conn.CONNECTIVITY_CHANGE,7,ResolveInfo{a948d9a com.jianshu.haruki/com.xiaomi.push.service.receivers.NetworkStatusReceiver m=0x108000}]
07-19 09:12:08.294  1449  1561 I am_broadcast_discard_app: [0,2900051,android.net.conn.CONNECTIVITY_CHANGE,8,ResolveInfo{38166cb com.youdao.note/com.xiaomi.push.service.receivers.NetworkStatusReceiver m=0x108000}]
07-19 09:12:08.294  1449  1561 I am_broadcast_discard_app: [0,2900051,android.net.conn.CONNECTIVITY_CHANGE,9,ResolveInfo{76ccea8 com.mfw.roadbook/com.xiaomi.push.service.receivers.NetworkStatusReceiver m=0x108000}]
07-19 09:12:08.294  1449  1561 I am_broadcast_discard_app: [0,2900051,android.net.conn.CONNECTIVITY_CHANGE,10,ResolveInfo{e3b5dc1 com.dajie.official/com.xiaomi.push.service.receivers.NetworkStatusReceiver m=0x108000}]
07-19 09:12:08.294  1449  1561 I am_broadcast_discard_app: [0,2900051,android.net.conn.CONNECTIVITY_CHANGE,11,ResolveInfo{a1de966 com.UCMobile/com.xiaomi.push.service.receivers.NetworkStatusReceiver m=0x108000}]
07-19 09:12:08.294  1449  1561 I am_broadcast_discard_app: [0,2900051,android.net.conn.CONNECTIVITY_CHANGE,12,ResolveInfo{6bda4a7 com.netease.newsreader.activity/com.xiaomi.push.service.receivers.NetworkStatusReceiver m=0x108000}]
07-19 09:12:08.294  1449  1561 I am_broadcast_discard_app: [0,2900051,android.net.conn.CONNECTIVITY_CHANGE,13,ResolveInfo{7142d54 com.jingdong.app.mall/com.xiaomi.push.service.receivers.NetworkStatusReceiver m=0x108000}]
07-19 09:12:08.294  1449  1561 I am_broadcast_discard_app: [0,2900051,android.net.conn.CONNECTIVITY_CHANGE,14,ResolveInfo{c5f14fd cn.wps.moffice_eng/com.xiaomi.push.service.receivers.NetworkStatusReceiver m=0x108000}]
07-19 09:12:08.294  1449  1561 I am_broadcast_discard_app: [0,2900051,android.net.conn.CONNECTIVITY_CHANGE,15,ResolveInfo{58f35f2 cn.wps.moffice_eng/cn.wps.moffice.service.receivers.MonitorServiceReceiver m=0x108000}]
07-19 09:12:08.324  1449  2213 I am_proc_start: [0,11646,10034,com.bbk.theme.networkChange,broadcast,com.bbk.theme/.download.ThemeReceiver]
07-19 09:12:08.344  1449  2637 I am_proc_bound: [0,11646,com.bbk.theme.networkChange]
07-19 09:12:08.464  1449  2596 I am_proc_start: [0,11667,10086,com.vivo.msgpush,content provider,com.vivo.msgpush/.data.SettingsProvider]
07-19 09:12:08.484  1449  2674 I am_proc_bound: [0,11667,com.vivo.msgpush]
07-19 09:12:08.504  1449  2198 I am_proc_start: [0,11679,10052,com.vivo.findphone,broadcast,com.vivo.findphone/.BootBroadcastReceiver]
07-19 09:12:08.554  1449  2564 I am_proc_bound: [0,11679,com.vivo.findphone]
07-19 09:12:08.664  1449  1545 I am_broadcast_discard_app: [0,2900051,android.net.conn.CONNECTIVITY_CHANGE,31,ResolveInfo{784376d cmb.pb/.uiservice.util.UpdataBroadcastReceiver m=0x108000}]
07-19 09:12:08.674  1449  1561 I am_broadcast_discard_app: [0,2900051,android.net.conn.CONNECTIVITY_CHANGE,32,ResolveInfo{77cffa2 cmb.pb/com.feinno.teatalk.receiver.NetWorkChangeReceiver m=0x108000}]
07-19 09:12:08.674  1449  1561 I am_broadcast_discard_app: [0,2900051,android.net.conn.CONNECTIVITY_CHANGE,33,ResolveInfo{f686433 cmb.pb/com.huawei.android.pushagent.PushBootReceiver m=0x108000}]
07-19 09:12:08.674  1449  1561 I am_broadcast_discard_app: [0,2900051,android.net.conn.CONNECTIVITY_CHANGE,34,ResolveInfo{6c63f0 cn.damai/com.igexin.sdk.PushReceiver m=0x108000}]
07-19 09:12:08.674  1449  1561 I am_broadcast_discard_app: [0,2900051,android.net.conn.CONNECTIVITY_CHANGE,35,ResolveInfo{39dd69 cn.damai/com.igexin.download.DownloadReceiver m=0x108000}]
07-19 09:12:08.674  1449  2564 I am_proc_died: [0,11679,com.vivo.findphone]
07-19 09:12:08.684  1449  1561 I am_broadcast_discard_app: [0,2900051,android.net.conn.CONNECTIVITY_CHANGE,36,ResolveInfo{24f73ee cn.damai/com.taobao.accs.EventReceiver m=0x108000}]
07-19 09:12:08.714  1449  2617 I am_broadcast_discard_app: [0,2900051,android.net.conn.CONNECTIVITY_CHANGE,40,ResolveInfo{d89e725 com.taobao.taobao/com.taobao.accs.EventReceiver m=0x108000}]
07-19 09:12:08.714  1449  1561 I am_broadcast_discard_app: [0,2900051,android.net.conn.CONNECTIVITY_CHANGE,41,ResolveInfo{3c2e0fa com.autonavi.minimap/.app.WakeupReceiver m=0x108000}]
07-19 09:12:08.714  1449  1561 I am_broadcast_discard_app: [0,2900051,android.net.conn.CONNECTIVITY_CHANGE,42,ResolveInfo{5e226ab com.autonavi.minimap/com.taobao.accs.EventReceiver m=0x108000}]
07-19 09:12:08.754  1449  2212 I am_broadcast_discard_app: [0,2900051,android.net.conn.CONNECTIVITY_CHANGE,44,ResolveInfo{c54c108 com.baidu.netdisk/com.baidu.android.pushservice.PushServiceReceiver m=0x108000}]
07-19 09:12:08.754  1449  1561 I am_broadcast_discard_app: [0,2900051,android.net.conn.CONNECTIVITY_CHANGE,45,ResolveInfo{716d0a1 com.baidu.netdisk/.device.devicesecurity.DSBootCompleteReceiver m=0x108000}]
07-19 09:12:08.754  1449  1561 I am_broadcast_discard_app: [0,2900051,android.net.conn.CONNECTIVITY_CHANGE,46,ResolveInfo{5ce12c6 com.baidu.netdisk/com.baidu.cyberplayer.dlna.NetworkChangeReceiver m=0x108000}]
07-19 09:12:08.754  1449  1561 I am_broadcast_discard_app: [0,2900051,android.net.conn.CONNECTIVITY_CHANGE,47,ResolveInfo{d9a8287 com.hunantv.imgo.activity/com.igexin.sdk.PushReceiver m=0x108000}]
