07-19 09:18:39.064  1449  1561 I am_broadcast_discard_app: [0,92805974,android.intent.action.USER_PRESENT,2,ResolveInfo{d50a3ad cn.wps.moffice_eng/cn.wps.moffice.service.receivers.MonitorServiceReceiver p=2147483647 m=0x108000}]
07-19 09:18:39.064  1449  1561 I am_broadcast_discard_app: [0,92805974,android.intent.action.USER_PRESENT,3,ResolveInfo{20296e2 com.mfw.roadbook/com.eguan.monitor.receiver.SystemStartReceiver p=9999 m=0x108000}]
07-19 09:18:39.084  1449  1592 I am_resume_activity: [0,163638295,199,com.tencent.mm/.plugin.webview.ui.tools.WebViewUI]
07-19 09:18:39.134  1449  1592 I am_focused_activity: [0,com.tencent.mm/.plugin.webview.ui.tools.WebViewUI]
07-19 09:18:39.144  1449  1449 I power_screen_state: [1,0,0,0]
07-19 09:18:39.144  1449  1449 I screen_toggled: 1
07-19 09:18:39.144  1449  1449 I power_screen_broadcast_send: 1
07-19 09:18:39.224 30213 30213 I am_on_resume_called: [0,com.tencent.mm.plugin.webview.ui.tools.WebViewUI]
07-19 09:18:39.314  1449  2622 I am_broadcast_discard_app: [0,92805974,android.intent.action.USER_PRESENT,10,ResolveInfo{84388e1 cn.damai/com.igexin.sdk.PushReceiver m=0x108000}]
07-19 09:18:39.314  1449  1561 I am_broadcast_discard_app: [0,92805974,android.intent.action.USER_PRESENT,11,ResolveInfo{77c0606 cn.damai/com.taobao.accs.EventReceiver m=0x108000}]
07-19 09:18:39.334  1449  1547 I am_broadcast_discard_app: [0,92805974,android.intent.action.USER_PRESENT,13,ResolveInfo{84894c7 com.taobao.taobao/com.taobao.accs.EventReceiver m=0x108000}]
07-19 09:18:39.334  1449  1561 I am_broadcast_discard_app: [0,92805974,android.intent.action.USER_PRESENT,14,ResolveInfo{d262af4 com.autonavi.minimap/com.taobao.accs.EventReceiver m=0x108000}]
07-19 09:18:39.334  1449  1561 I am_broadcast_discard_app: [0,92805974,android.intent.action.USER_PRESENT,15,ResolveInfo{70ed21d com.baidu.netdisk/com.baidu.android.pushservice.PushServiceReceiver m=0x108000}]
07-19 09:18:39.334  1449  1561 I am_broadcast_discard_app: [0,92805974,android.intent.action.USER_PRESENT,16,ResolveInfo{4c27c92 com.baidu.netdisk/com.baidu.devicesecurity.receiver.DSDeviceAdminReceiver m=0x108000}]
07-19 09:18:39.334  1449  1561 I am_broadcast_discard_app: [0,92805974,android.intent.action.USER_PRESENT,17,ResolveInfo{3afb663 com.hunantv.imgo.activity/com.igexin.sdk.PushReceiver m=0x108000}]
07-19 09:18:39.334  1449  1561 I am_broadcast_discard_app: [0,92805974,android.intent.action.USER_PRESENT,18,ResolveInfo{ef50260 com.jianshu.haruki/com.igexin.sdk.PushReceiver m=0x108000}]
07-19 09:18:39.334  1449  1561 I am_broadcast_discard_app: [0,92805974,android.intent.action.USER_PRESENT,20,ResolveInfo{b4b7319 com.amazon.kindlefc/com.igexin.sdk.PushReceiver m=0x108000}]
07-19 09:18:39.334  1449  1561 I am_broadcast_discard_app: [0,92805974,android.intent.action.USER_PRESENT,21,ResolveInfo{a87cfde com.mfw.roadbook/com.igexin.sdk.PushReceiver m=0x108000}]
07-19 09:18:39.334  1449  1561 I am_broadcast_discard_app: [0,92805974,android.intent.action.USER_PRESENT,22,ResolveInfo{dd55bf com.dajie.official/com.igexin.sdk.PushReceiver m=0x108000}]
07-19 09:18:39.344  1449  1561 I am_broadcast_discard_app: [0,92805974,android.intent.action.USER_PRESENT,23,ResolveInfo{f17e48c air.tv.douyu.android/com.igexin.sdk.PushReceiver m=0x108000}]
07-19 09:18:39.344  1449  1561 I am_broadcast_discard_app: [0,92805974,android.intent.action.USER_PRESENT,24,ResolveInfo{51727d5 com.UCMobile/com.taobao.accs.EventReceiver m=0x108000}]
07-19 09:18:39.344  1449  1561 I am_broadcast_discard_app: [0,92805974,android.intent.action.USER_PRESENT,26,ResolveInfo{cbd0bea com.netease.newsreader.activity/com.igexin.sdk.PushReceiver m=0x108000}]
07-19 09:18:39.344  1449  1561 I am_broadcast_discard_app: [0,92805974,android.intent.action.USER_PRESENT,27,ResolveInfo{71b8edb com.sankuai.meituan/com.dianping.base.push.pushservice.PhoneStatusReceiver m=0x108000}]
07-19 09:18:39.344  1449  1561 I am_broadcast_discard_app: [0,92805974,android.intent.action.USER_PRESENT,28,ResolveInfo{4a4bd78 cn.wps.moffice_eng/com.igexin.sdk.PushReceiver m=0x108000}]
07-19 09:18:39.454  1449  1449 I power_screen_broadcast_done: [1,306,1]
07-19 09:18:53.464  1449  1559 I am_pss  : [3142,10056,com.iqoo.secure:remote,50038784,46956544]
07-19 09:19:00.154  1449  1559 I am_pss  : [24652,10116,com.tencent.mm,286522368,268935168]
07-19 09:19:00.174  1449  1559 I am_pss  : [24670,10116,com.tencent.mm:exdevice,15172608,9936896]
07-19 09:19:00.204  1449  1559 I am_pss  : [2506,10058,com.bbk.iqoo.logsystem,19904512,18460672]
07-19 09:19:00.214  1449  1559 I am_pss  : [24948,10116,com.tencent.mm:push,18766848,14340096]
07-19 09:19:00.234  1449  1559 I am_pss  : [25047,10116,com.tencent.mm:support,27379712,16748544]
07-19 09:19:09.074  1449  1592 I power_sleep_requested: 0
07-19 09:19:09.074  1449  1449 I power_screen_state: [0,3,0,0]
07-19 09:19:09.074  1449  1449 I screen_toggled: 0
07-19 09:19:09.074  1449  1449 I sysui_histogram: [screen_timeout,30]
07-19 09:19:09.074  1449  1449 I power_screen_broadcast_send: 1
07-19 09:19:09.134  1449  1449 I am_pause_activity: [0,163638295,com.tencent.mm/.plugin.webview.ui.tools.WebViewUI]
07-19 09:19:09.164  1449  1449 I sysui_histogram: [fingerprint_token,0]
07-19 09:19:09.174 30213 30213 I am_on_paused_called: [0,com.tencent.mm.plugin.webview.ui.tools.WebViewUI]
07-19 09:19:09.174  1449  1561 I am_focused_activity: [0,com.tencent.mm/.plugin.webview.ui.tools.WebViewUI]
07-19 09:19:09.334  1449  1449 I power_screen_broadcast_done: [0,260,1]
07-19 09:19:09.464   508   508 I sf_frame_dur: [SurfaceView,3,135,25,1,0,0,0]
07-19 09:19:09.984   508   508 I sf_frame_dur: [ColorFade,2,1,0,0,0,0,0]
07-19 09:19:10.014  1449  1559 I am_pss  : [3582,10002,com.android.providers.calendar,4545536,3710976]
07-19 09:19:10.024  1449  1559 I am_pss  : [11505,10079,com.bbk.calendar,4149248,3391488]
07-19 09:19:10.084  1449  1449 I sysui_action: [252,true]
07-19 09:19:10.084  2255  3087 I screen_toggled: 2
07-19 09:19:10.094  2255  2255 I sysui_status_bar_state: [0,0,0,0,1,0]
07-19 09:19:10.124  1449  1561 I am_broadcast_discard_app: [0,188982013,android.intent.action.USER_PRESENT,0,ResolveInfo{423abf2 com.sdu.didi.psnger/com.igexin.sdk.PushReceiver p=2147483647 m=0x108000}]
07-19 09:19:10.124  1449  1561 I am_broadcast_discard_app: [0,188982013,android.intent.action.USER_PRESENT,1,ResolveInfo{c02243 com.jd.jrapp/com.tencent.android.tpush.XGPushReceiver p=2147483647 m=0x108000}]
07-19 09:19:10.124  1449  1561 I am_broadcast_discard_app: [0,188982013,android.intent.action.USER_PRESENT,2,ResolveInfo{f1130c0 cn.wps.moffice_eng/cn.wps.moffice.service.receivers.MonitorServiceReceiver p=2147483647 m=0x108000}]
07-19 09:19:10.124  1449  1561 I am_broadcast_discard_app: [0,188982013,android.intent.action.USER_PRESENT,3,ResolveInfo{bac71f9 com.mfw.roadbook/com.eguan.monitor.receiver.SystemStartReceiver p=9999 m=0x108000}]
07-19 09:19:10.224  1449  2637 I am_broadcast_discard_app: [0,188982013,android.intent.action.USER_PRESENT,10,ResolveInfo{668c74a cn.damai/com.igexin.sdk.PushReceiver m=0x108000}]
07-19 09:19:10.224  1449  1561 I am_broadcast_discard_app: [0,188982013,android.intent.action.USER_PRESENT,11,ResolveInfo{49196bb cn.damai/com.taobao.accs.EventReceiver m=0x108000}]
07-19 09:19:10.254  1449  1449 I am_resume_activity: [0,163638295,199,com.tencent.mm/.plugin.webview.ui.tools.WebViewUI]
07-19 09:19:10.264  1449  1449 I am_focused_activity: [0,com.tencent.mm/.plugin.webview.ui.tools.WebViewUI]
07-19 09:19:10.264  1449  1449 I power_screen_state: [1,0,0,0]
07-19 09:19:10.264  1449  1449 I screen_toggled: 1
07-19 09:19:10.274  1449  1449 I power_screen_broadcast_send: 1
07-19 09:19:10.274  1449  2641 I am_broadcast_discard_app: [0,188982013,android.intent.action.USER_PRESENT,13,ResolveInfo{956731 com.taobao.taobao/com.taobao.accs.EventReceiver m=0x108000}]
07-19 09:19:10.284  1449  1561 I am_broadcast_discard_app: [0,188982013,android.intent.action.USER_PRESENT,14,ResolveInfo{5f40e16 com.autonavi.minimap/com.taobao.accs.EventReceiver m=0x108000}]
07-19 09:19:10.284  1449  1561 I am_broadcast_discard_app: [0,188982013,android.intent.action.USER_PRESENT,15,ResolveInfo{38e397 com.baidu.netdisk/com.baidu.android.pushservice.PushServiceReceiver m=0x108000}]
07-19 09:19:10.284 30213 30213 I am_on_resume_called: [0,com.tencent.mm.plugin.webview.ui.tools.WebViewUI]
07-19 09:19:10.294  1449  1561 I am_broadcast_discard_app: [0,188982013,android.intent.action.USER_PRESENT,16,ResolveInfo{b5b1984 com.baidu.netdisk/com.baidu.devicesecurity.receiver.DSDeviceAdminReceiver m=0x108000}]
07-19 09:19:10.294  1449  1561 I am_broadcast_discard_app: [0,188982013,android.intent.action.USER_PRESENT,17,ResolveInfo{7a8456d com.hunantv.imgo.activity/com.igexin.sdk.PushReceiver m=0x108000}]
07-19 09:19:10.294  1449  1561 I am_broadcast_discard_app: [0,188982013,android.intent.action.USER_PRESENT,18,ResolveInfo{71af5a2 com.jianshu.haruki/com.igexin.sdk.PushReceiver m=0x108000}]
07-19 09:19:10.294  1449  1561 I am_broadcast_discard_app: [0,188982013,android.intent.action.USER_PRESENT,20,ResolveInfo{a9e2233 com.amazon.kindlefc/com.igexin.sdk.PushReceiver m=0x108000}]
07-19 09:19:10.294  1449  1561 I am_broadcast_discard_app: [0,188982013,android.intent.action.USER_PRESENT,21,ResolveInfo{a3249f0 com.mfw.roadbook/com.igexin.sdk.PushReceiver m=0x108000}]
07-19 09:19:10.294  1449  1561 I am_broadcast_discard_app: [0,188982013,android.intent.action.USER_PRESENT,22,ResolveInfo{990cb69 com.dajie.official/com.igexin.sdk.PushReceiver m=0x108000}]
07-19 09:19:10.294  1449  1561 I am_broadcast_discard_app: [0,188982013,android.intent.action.USER_PRESENT,23,ResolveInfo{cd6c9ee air.tv.douyu.android/com.igexin.sdk.PushReceiver m=0x108000}]
07-19 09:19:10.294  1449  1561 I am_broadcast_discard_app: [0,188982013,android.intent.action.USER_PRESENT,24,ResolveInfo{50eae8f com.UCMobile/com.taobao.accs.EventReceiver m=0x108000}]
07-19 09:19:10.294  1449  1561 I am_broadcast_discard_app: [0,188982013,android.intent.action.USER_PRESENT,26,ResolveInfo{20a151c com.netease.newsreader.activity/com.igexin.sdk.PushReceiver m=0x108000}]
07-19 09:19:10.294  1449  1561 I am_broadcast_discard_app: [0,188982013,android.intent.action.USER_PRESENT,27,ResolveInfo{61b525 com.sankuai.meituan/com.dianping.base.push.pushservice.PhoneStatusReceiver m=0x108000}]
07-19 09:19:10.294  1449  1561 I am_broadcast_discard_app: [0,188982013,android.intent.action.USER_PRESENT,28,ResolveInfo{e6996fa cn.wps.moffice_eng/com.igexin.sdk.PushReceiver m=0x108000}]
07-19 09:19:10.434  1449  1449 I power_screen_broadcast_done: [1,163,1]
07-19 09:19:11.464  1449  2198 I am_finish_activity: [0,163638295,199,com.tencent.mm/.plugin.webview.ui.tools.WebViewUI,app-request]
07-19 09:19:11.464  1449  2198 I am_home_stack_moved: [0,0,1,1,finishActivity adjustFocus setFocusedActivity]
07-19 09:19:11.464  1449  2198 I wm_task_moved: [199,1,5]
07-19 09:19:11.474  1449  2198 I am_focused_activity: [0,com.tencent.mm/.ui.conversation.BizConversationUI]
07-19 09:19:11.474  1449  2198 I am_pause_activity: [0,163638295,com.tencent.mm/.plugin.webview.ui.tools.WebViewUI]
07-19 09:19:11.494 30213 30213 I am_on_paused_called: [0,com.tencent.mm.plugin.webview.ui.tools.WebViewUI]
07-19 09:19:11.504  1449  2564 I am_resume_activity: [0,234413487,199,com.tencent.mm/.ui.conversation.BizConversationUI]
07-19 09:19:11.524  1449  2564 I am_focused_activity: [0,com.tencent.mm/.ui.conversation.BizConversationUI]
07-19 09:19:11.564 24652 24652 I am_on_resume_called: [0,com.tencent.mm.ui.conversation.BizConversationUI]
07-19 09:19:11.904  1449  1561 I am_destroy_activity: [0,163638295,199,com.tencent.mm/.plugin.webview.ui.tools.WebViewUI,finish-imm]
07-19 09:19:11.924   508   508 I sf_frame_dur: [com.tencent.mm/com.tencent.mm.plugin.webview.ui.tools.WebViewUI,792,69,96,39,14,3,9]
07-19 09:19:14.884  1449  1545 I am_finish_activity: [0,234413487,199,com.tencent.mm/.ui.conversation.BizConversationUI,app-request]
07-19 09:19:14.884  1449  1545 I am_home_stack_moved: [0,0,1,1,finishActivity adjustFocus setFocusedActivity]
07-19 09:19:14.884  1449  1545 I wm_task_moved: [199,1,5]
07-19 09:19:14.884  1449  1545 I am_focused_activity: [0,com.tencent.mm/.ui.LauncherUI]
07-19 09:19:14.884  1449  1545 I am_pause_activity: [0,234413487,com.tencent.mm/.ui.conversation.BizConversationUI]
07-19 09:19:14.904   508   508 I sf_frame_dur: [com.vivo.nail/com.vivo.nail.NailApp,17,0,0,0,0,0,6]
07-19 09:19:14.904   508   508 I sf_frame_dur: [UpSlideTransparentView,74,3,0,0,5,1,10]
07-19 09:19:14.914 24652 24652 I am_on_paused_called: [0,com.tencent.mm.ui.conversation.BizConversationUI]
07-19 09:19:14.914  1449  2213 I am_resume_activity: [0,54303253,199,com.tencent.mm/.ui.LauncherUI]
07-19 09:19:14.924  1449  2213 I am_focused_activity: [0,com.tencent.mm/.ui.LauncherUI]
07-19 09:19:14.954 24652 24652 I am_on_resume_called: [0,com.tencent.mm.ui.LauncherUI]
07-19 09:19:15.324  1449  1561 I am_destroy_activity: [0,234413487,199,com.tencent.mm/.ui.conversation.BizConversationUI,finish-imm]
07-19 09:19:15.344   508   508 I sf_frame_dur: [com.tencent.mm/com.tencent.mm.ui.conversation.BizConversationUI,22,3,0,0,1,1,0]
07-19 09:19:19.744  1449  2604 I am_home_stack_moved: [0,0,1,1,sourceStackToFront]
07-19 09:19:19.744  1449  2604 I wm_task_moved: [199,1,5]
07-19 09:19:19.744  1449  2604 I am_create_activity: [0,205412735,199,com.tencent.mm/.ui.conversation.BizConversationUI,NULL,NULL,NULL,0]
07-19 09:19:19.744  1449  2604 I am_pause_activity: [0,54303253,com.tencent.mm/.ui.LauncherUI]
07-19 09:19:19.744  1449  2604 I am_home_stack_moved: [0,0,1,1,startedActivity setFocusedActivity]
07-19 09:19:19.744  1449  2604 I wm_task_moved: [199,1,5]
07-19 09:19:19.754  1449  2604 I am_focused_activity: [0,com.tencent.mm/.ui.conversation.BizConversationUI]
07-19 09:19:19.764 24652 24652 I am_on_paused_called: [0,com.tencent.mm.ui.LauncherUI]
07-19 09:19:19.774  1449  2604 I am_restart_activity: [0,205412735,199,com.tencent.mm/.ui.conversation.BizConversationUI]
07-19 09:19:19.774  1449  2604 I am_focused_activity: [0,com.tencent.mm/.ui.conversation.BizConversationUI]
07-19 09:19:19.814 24652 24652 I am_on_resume_called: [0,com.tencent.mm.ui.conversation.BizConversationUI]
07-19 09:19:19.944  1449  1585 I am_activity_launch_time: [0,205412735,com.tencent.mm/.ui.conversation.BizConversationUI,171,171]
07-19 09:19:20.234   508   508 I sf_frame_dur: [com.tencent.mm/com.tencent.mm.ui.LauncherUI,42,2,1,2,2,2,1]
07-19 09:19:20.684  1449  1559 I am_pss  : [3142,10056,com.iqoo.secure:remote,50204672,47116288]
07-19 09:19:22.014  1449  1559 I am_pss  : [24652,10116,com.tencent.mm,305949696,288219136]
07-19 09:19:22.034  1449  1559 I am_pss  : [25047,10116,com.tencent.mm:support,27379712,16748544]
07-19 09:19:24.164  1449  2212 I am_home_stack_moved: [0,0,1,1,sourceStackToFront]
07-19 09:19:24.164  1449  2212 I wm_task_moved: [199,1,5]
07-19 09:19:24.164  1449  2212 I am_create_activity: [0,234421837,199,com.tencent.mm/.plugin.webview.ui.tools.WebViewUI,NULL,NULL,NULL,0]
07-19 09:19:24.164  1449  2212 I am_pause_activity: [0,205412735,com.tencent.mm/.ui.conversation.BizConversationUI]
07-19 09:19:24.164  1449  2212 I am_home_stack_moved: [0,0,1,1,startedActivity setFocusedActivity]
07-19 09:19:24.164  1449  2212 I wm_task_moved: [199,1,5]
07-19 09:19:24.174  1449  2212 I am_focused_activity: [0,com.tencent.mm/.plugin.webview.ui.tools.WebViewUI]
07-19 09:19:24.214 24652 24652 I am_on_paused_called: [0,com.tencent.mm.ui.conversation.BizConversationUI]
07-19 09:19:24.224  1449  2617 I am_restart_activity: [0,234421837,199,com.tencent.mm/.plugin.webview.ui.tools.WebViewUI]
07-19 09:19:24.224  1449  2617 I am_focused_activity: [0,com.tencent.mm/.plugin.webview.ui.tools.WebViewUI]
07-19 09:19:24.324 30213 30213 I am_on_resume_called: [0,com.tencent.mm.plugin.webview.ui.tools.WebViewUI]
07-19 09:19:24.404  1449  1585 I am_activity_launch_time: [0,234421837,com.tencent.mm/.plugin.webview.ui.tools.WebViewUI,187,187]
07-19 09:19:24.704   508   508 I sf_frame_dur: [com.tencent.mm/com.tencent.mm.ui.conversation.BizConversationUI,60,9,5,1,4,1,0]
07-19 09:19:31.314  1449  1559 I am_pss  : [24670,10116,com.tencent.mm:exdevice,15172608,9936896]
07-19 09:19:31.334  1449  1559 I am_pss  : [24948,10116,com.tencent.mm:push,18813952,14389248]
07-19 09:19:31.354  1449  1559 I am_pss  : [2506,10058,com.bbk.iqoo.logsystem,19992576,18542592]
07-19 09:19:32.934  1449  1547 I battery_level: [98,4301,325]
07-19 09:19:34.424  1449  1559 I am_pss  : [30213,10116,com.tencent.mm:tools,159222784,137506816]
07-19 09:20:00.054  1449  1559 I am_pss  : [24652,10116,com.tencent.mm,296612864,278740992]
07-19 09:20:00.074  1449  1559 I am_pss  : [25047,10116,com.tencent.mm:support,27383808,16752640]
07-19 09:20:00.084  1449  1559 I am_pss  : [11505,10079,com.bbk.calendar,4186112,3428352]
07-19 09:20:00.094  1449  1559 I am_pss  : [12335,1000,com.bbk.facewake,6635520,5341184]
07-19 09:20:00.104  1449  1559 I am_pss  : [3582,10002,com.android.providers.calendar,4573184,3735552]
07-19 09:20:25.414   508   508 I sf_frame_dur: [UpSlideTransparentView,35,3,0,0,3,0,2]
07-19 09:20:25.434   508   508 I sf_frame_dur: [com.vivo.nail/com.vivo.nail.NailApp,17,0,0,0,0,0,0]
07-19 09:20:27.364  1449  2588 I am_finish_activity: [0,234421837,199,com.tencent.mm/.plugin.webview.ui.tools.WebViewUI,app-request]
07-19 09:20:27.364  1449  2588 I am_home_stack_moved: [0,0,1,1,finishActivity adjustFocus setFocusedActivity]
07-19 09:20:27.364  1449  2588 I wm_task_moved: [199,1,5]
07-19 09:20:27.364  1449  2588 I am_focused_activity: [0,com.tencent.mm/.ui.conversation.BizConversationUI]
07-19 09:20:27.364  1449  2588 I am_pause_activity: [0,234421837,com.tencent.mm/.plugin.webview.ui.tools.WebViewUI]
07-19 09:20:27.384 30213 30213 I am_on_paused_called: [0,com.tencent.mm.plugin.webview.ui.tools.WebViewUI]
07-19 09:20:27.394  1449  2635 I am_resume_activity: [0,205412735,199,com.tencent.mm/.ui.conversation.BizConversationUI]
07-19 09:20:27.404  1449  2635 I am_focused_activity: [0,com.tencent.mm/.ui.conversation.BizConversationUI]
07-19 09:20:27.444 24652 24652 I am_on_resume_called: [0,com.tencent.mm.ui.conversation.BizConversationUI]
07-19 09:20:27.804  1449  1561 I am_destroy_activity: [0,234421837,199,com.tencent.mm/.plugin.webview.ui.tools.WebViewUI,finish-imm]
07-19 09:20:27.814   508   508 I sf_frame_dur: [com.tencent.mm/com.tencent.mm.plugin.webview.ui.tools.WebViewUI,1131,252,213,26,11,6,1]
07-19 09:20:30.554  1449  2212 I am_finish_activity: [0,205412735,199,com.tencent.mm/.ui.conversation.BizConversationUI,app-request]
07-19 09:20:30.564  1449  2212 I am_home_stack_moved: [0,0,1,1,finishActivity adjustFocus setFocusedActivity]
07-19 09:20:30.564  1449  2212 I wm_task_moved: [199,1,5]
07-19 09:20:30.564  1449  2212 I am_focused_activity: [0,com.tencent.mm/.ui.LauncherUI]
07-19 09:20:30.564  1449  2212 I am_pause_activity: [0,205412735,com.tencent.mm/.ui.conversation.BizConversationUI]
07-19 09:20:30.594 24652 24652 I am_on_paused_called: [0,com.tencent.mm.ui.conversation.BizConversationUI]
07-19 09:20:30.594  1449  2635 I am_resume_activity: [0,54303253,199,com.tencent.mm/.ui.LauncherUI]
07-19 09:20:30.614  1449  2635 I am_focused_activity: [0,com.tencent.mm/.ui.LauncherUI]
07-19 09:20:30.634 24652 24652 I am_on_resume_called: [0,com.tencent.mm.ui.LauncherUI]
07-19 09:20:30.984  1449  1561 I am_destroy_activity: [0,205412735,199,com.tencent.mm/.ui.conversation.BizConversationUI,finish-imm]
07-19 09:20:31.004   508   508 I sf_frame_dur: [com.tencent.mm/com.tencent.mm.ui.conversation.BizConversationUI,24,3,1,0,0,1,0]
07-19 09:20:33.654  1449  1946 I sysui_histogram: [power_double_tap_interval,421511]
07-19 09:20:33.804  1449  1946 I power_sleep_requested: 0
07-19 09:20:33.804  1449  1449 I power_screen_state: [0,2,0,0]
07-19 09:20:33.804  1449  1449 I screen_toggled: 0
07-19 09:20:33.804  1449  1449 I sysui_histogram: [screen_timeout,30]
07-19 09:20:33.814  1449  1449 I power_screen_broadcast_send: 1
07-19 09:20:33.844  1449  1449 I am_pause_activity: [0,54303253,com.tencent.mm/.ui.LauncherUI]
07-19 09:20:33.864  1449  1449 I sysui_histogram: [fingerprint_token,0]
07-19 09:20:33.934 24652 24652 I am_on_paused_called: [0,com.tencent.mm.ui.LauncherUI]
07-19 09:20:33.934  1449  1561 I am_focused_activity: [0,com.tencent.mm/.ui.LauncherUI]
07-19 09:20:34.024  2255  2255 I sysui_status_bar_state: [1,1,0,0,1,0]
07-19 09:20:34.374  1449  1449 I power_screen_broadcast_done: [0,560,1]
07-19 09:20:34.404  1449  1946 I sysui_histogram: [power_double_tap_interval,752]
07-19 09:20:34.404  1449  1449 I power_screen_state: [1,0,0,0]
07-19 09:20:34.404  1449  1449 I screen_toggled: 1
07-19 09:20:34.414  1449  1449 I power_screen_broadcast_send: 1
07-19 09:20:34.614  1449  1449 I power_screen_broadcast_done: [1,204,1]
07-19 09:20:34.704   508   508 I sf_frame_dur: [NightPearlView,0,0,0,0,2,0,0]
07-19 09:20:34.714   508   508 I sf_frame_dur: [ColorFade,2,0,0,0,0,0,0]
07-19 09:20:35.394  1449  1946 I sysui_histogram: [power_double_tap_interval,985]
07-19 09:20:35.564  1449  1946 I power_sleep_requested: 0
07-19 09:20:35.564  1449  1449 I power_screen_state: [0,2,0,0]
07-19 09:20:35.564  1449  1449 I screen_toggled: 0
07-19 09:20:35.564  1449  1449 I sysui_histogram: [screen_timeout,30]
07-19 09:20:35.564  1449  1449 I power_screen_broadcast_send: 1
07-19 09:20:35.724  1449  1449 I power_screen_broadcast_done: [0,162,1]
07-19 09:20:36.364  1449  1449 I free_storage_changed: 104009617408
07-19 09:20:36.774   508   508 I sf_frame_dur: [ColorFade,3,0,0,0,0,0,0]
07-19 09:20:39.926  1449  1559 I am_pss  : [24652,10116,com.tencent.mm,299994112,282034176]
07-19 09:20:39.946  1449  1559 I am_pss  : [25047,10116,com.tencent.mm:support,27383808,16752640]
07-19 09:20:40.266  1449  1449 I sysui_action: [252,false]
07-19 09:20:40.276  1449  1592 I power_sleep_requested: 0
07-19 09:20:52.431  1449  1449 I sysui_action: [252,true]
07-19 09:20:52.431  2255  2268 I screen_toggled: 2
07-19 09:20:52.461  2255  2255 I sysui_status_bar_state: [1,0,0,0,1,0]
07-19 09:20:52.471   508   508 I sf_frame_dur: [NightPearlView,1,0,0,0,0,2,0]
07-19 09:20:52.491  1449  1561 I am_broadcast_discard_app: [0,76819923,android.intent.action.USER_PRESENT,0,ResolveInfo{d3ffd10 com.sdu.didi.psnger/com.igexin.sdk.PushReceiver p=2147483647 m=0x108000}]
07-19 09:20:52.491  1449  1561 I am_broadcast_discard_app: [0,76819923,android.intent.action.USER_PRESENT,1,ResolveInfo{db9d009 com.jd.jrapp/com.tencent.android.tpush.XGPushReceiver p=2147483647 m=0x108000}]
07-19 09:20:52.491  1449  1561 I am_broadcast_discard_app: [0,76819923,android.intent.action.USER_PRESENT,2,ResolveInfo{576820e cn.wps.moffice_eng/cn.wps.moffice.service.receivers.MonitorServiceReceiver p=2147483647 m=0x108000}]
07-19 09:20:52.491  1449  1561 I am_broadcast_discard_app: [0,76819923,android.intent.action.USER_PRESENT,3,ResolveInfo{3e9d42f com.mfw.roadbook/com.eguan.monitor.receiver.SystemStartReceiver p=9999 m=0x108000}]
07-19 09:20:52.511  1449  1592 I am_resume_activity: [0,54303253,199,com.tencent.mm/.ui.LauncherUI]
07-19 09:20:52.531  1449  1592 I am_focused_activity: [0,com.tencent.mm/.ui.LauncherUI]
07-19 09:20:52.561  1449  1449 I power_screen_state: [1,0,0,0]
07-19 09:20:52.561  1449  1449 I screen_toggled: 1
07-19 09:20:52.571  1449  1449 I power_screen_broadcast_send: 1
07-19 09:20:52.731  1449  2622 I am_broadcast_discard_app: [0,76819923,android.intent.action.USER_PRESENT,10,ResolveInfo{baa1a27 cn.damai/com.igexin.sdk.PushReceiver m=0x108000}]
07-19 09:20:52.731  1449  1561 I am_broadcast_discard_app: [0,76819923,android.intent.action.USER_PRESENT,11,ResolveInfo{c8f34d4 cn.damai/com.taobao.accs.EventReceiver m=0x108000}]
07-19 09:20:52.741  1449  2617 I am_broadcast_discard_app: [0,76819923,android.intent.action.USER_PRESENT,13,ResolveInfo{b0a467d com.taobao.taobao/com.taobao.accs.EventReceiver m=0x108000}]
07-19 09:20:52.741  1449  1561 I am_broadcast_discard_app: [0,76819923,android.intent.action.USER_PRESENT,14,ResolveInfo{6884972 com.autonavi.minimap/com.taobao.accs.EventReceiver m=0x108000}]
07-19 09:20:52.741  1449  1561 I am_broadcast_discard_app: [0,76819923,android.intent.action.USER_PRESENT,15,ResolveInfo{e9431c3 com.baidu.netdisk/com.baidu.android.pushservice.PushServiceReceiver m=0x108000}]
07-19 09:20:52.741  1449  1561 I am_broadcast_discard_app: [0,76819923,android.intent.action.USER_PRESENT,16,ResolveInfo{c14ca40 com.baidu.netdisk/com.baidu.devicesecurity.receiver.DSDeviceAdminReceiver m=0x108000}]
07-19 09:20:52.741  1449  1561 I am_broadcast_discard_app: [0,76819923,android.intent.action.USER_PRESENT,17,ResolveInfo{7f9cd79 com.hunantv.imgo.activity/com.igexin.sdk.PushReceiver m=0x108000}]
07-19 09:20:52.741 24652 24652 I am_on_resume_called: [0,com.tencent.mm.ui.LauncherUI]
07-19 09:20:52.741  1449  1561 I am_broadcast_discard_app: [0,76819923,android.intent.action.USER_PRESENT,18,ResolveInfo{68d8abe com.jianshu.haruki/com.igexin.sdk.PushReceiver m=0x108000}]
07-19 09:20:52.741  1449  1561 I am_broadcast_discard_app: [0,76819923,android.intent.action.USER_PRESENT,20,ResolveInfo{77e271f com.amazon.kindlefc/com.igexin.sdk.PushReceiver m=0x108000}]
07-19 09:20:52.741  1449  1561 I am_broadcast_discard_app: [0,76819923,android.intent.action.USER_PRESENT,21,ResolveInfo{19c4a6c com.mfw.roadbook/com.igexin.sdk.PushReceiver m=0x108000}]
07-19 09:20:52.751  1449  1561 I am_broadcast_discard_app: [0,76819923,android.intent.action.USER_PRESENT,22,ResolveInfo{9c0c835 com.dajie.official/com.igexin.sdk.PushReceiver m=0x108000}]
07-19 09:20:52.751  1449  1561 I am_broadcast_discard_app: [0,76819923,android.intent.action.USER_PRESENT,23,ResolveInfo{21394ca air.tv.douyu.android/com.igexin.sdk.PushReceiver m=0x108000}]
07-19 09:20:52.761  1449  1561 I am_broadcast_discard_app: [0,76819923,android.intent.action.USER_PRESENT,24,ResolveInfo{7e8163b com.UCMobile/com.taobao.accs.EventReceiver m=0x108000}]
07-19 09:20:52.761  1449  1561 I am_broadcast_discard_app: [0,76819923,android.intent.action.USER_PRESENT,26,ResolveInfo{139a158 com.netease.newsreader.activity/com.igexin.sdk.PushReceiver m=0x108000}]
07-19 09:20:52.761  1449  1561 I am_broadcast_discard_app: [0,76819923,android.intent.action.USER_PRESENT,27,ResolveInfo{6c2b2b1 com.sankuai.meituan/com.dianping.base.push.pushservice.PhoneStatusReceiver m=0x108000}]
07-19 09:20:52.761  1449  1561 I am_broadcast_discard_app: [0,76819923,android.intent.action.USER_PRESENT,28,ResolveInfo{93e3396 cn.wps.moffice_eng/com.igexin.sdk.PushReceiver m=0x108000}]
07-19 09:20:52.861  1449  1449 I power_screen_broadcast_done: [1,294,1]
07-19 09:20:58.171  1449  1945 I am_home_stack_moved: [0,1,0,0,bringingFoundTaskToFront setFocusedActivity]
07-19 09:20:58.171  1449  1945 I wm_task_moved: [1,1,0]
07-19 09:20:58.171  1449  1945 I am_focused_activity: [0,com.bbk.launcher2/.Launcher]
07-19 09:20:58.191  1449  1945 I am_pause_activity: [0,54303253,com.tencent.mm/.ui.LauncherUI]
07-19 09:20:58.201  1449  1945 I am_task_to_front: [0,1]
07-19 09:20:58.201  1449  1945 I am_new_intent: [0,255318807,1,com.bbk.launcher2/.Launcher,android.intent.action.MAIN,NULL,NULL,283115520]
07-19 09:20:58.231 24652 24652 I am_on_paused_called: [0,com.tencent.mm.ui.LauncherUI]
07-19 09:20:58.231  1449  2637 I am_resume_activity: [0,260636906,1,com.bbk.launcher2/.Launcher]
07-19 09:20:58.241  1449  2637 I am_focused_activity: [0,com.bbk.launcher2/.Launcher]
07-19 09:20:58.251  2647  2647 I am_on_resume_called: [0,com.bbk.launcher2.Launcher]
07-19 09:20:58.651   508   508 I sf_frame_dur: [com.tencent.mm/com.tencent.mm.ui.LauncherUI,15,0,0,2,0,0,8]
07-19 09:21:00.191  1449  1559 I am_pss  : [30213,10116,com.tencent.mm:tools,107824128,92299264]
07-19 09:21:01.991  1449  2198 I am_home_stack_moved: [0,0,1,1,bringingFoundTaskToFront setFocusedActivity]
07-19 09:21:01.991  1449  2198 I wm_task_moved: [203,1,5]
07-19 09:21:02.001  1449  2198 I am_focused_activity: [0,com.tencent.mobileqq/.activity.SplashActivity]
07-19 09:21:02.001  1449  2198 I am_pause_activity: [0,260636906,com.bbk.launcher2/.Launcher]
07-19 09:21:02.001  1449  2198 I am_task_to_front: [0,203]
07-19 09:21:02.001  1449  2198 I am_new_intent: [0,219244754,203,com.tencent.mobileqq/.activity.SplashActivity,android.intent.action.MAIN,NULL,NULL,811597824]
07-19 09:21:02.001  2647  2647 I am_on_paused_called: [0,com.bbk.launcher2.Launcher]
07-19 09:21:02.011  1449  2674 I am_resume_activity: [0,230387921,203,com.tencent.mobileqq/.activity.SplashActivity]
07-19 09:21:02.011  1449  2674 I am_focused_activity: [0,com.tencent.mobileqq/.activity.SplashActivity]
07-19 09:21:02.031 24753 24753 I am_on_resume_called: [0,com.tencent.mobileqq.activity.SplashActivity]
07-19 09:21:02.381   508   508 I sf_frame_dur: [com.bbk.launcher2/com.bbk.launcher2.Launcher,110,3,1,3,3,0,0]
07-19 09:21:03.751  1449  1559 I am_pss  : [3142,10056,com.iqoo.secure:remote,50523136,47435776]
07-19 09:21:06.171  1449  2198 I am_proc_start: [0,13587,10122,com.tencent.mobileqq:peak,service,com.tencent.mobileqq/.activity.photo.PeakService]
07-19 09:21:06.191  1449  2596 I am_proc_bound: [0,13587,com.tencent.mobileqq:peak]
07-19 09:21:08.681   508   508 I sf_frame_dur: [com.tencent.mobileqq/com.tencent.mobileqq.activity.SplashActivity,97,5,0,0,0,0,0]
07-19 09:21:12.761  1449  1559 I am_pss  : [24753,10122,com.tencent.mobileqq,164814848,152367104]
07-19 09:21:12.771  1449  1559 I am_pss  : [32262,10122,com.tencent.mobileqq:dataline,40712192,31797248]
07-19 09:21:12.961  1449  1559 I am_pss  : [2506,10058,com.bbk.iqoo.logsystem,20275200,18763776]
07-19 09:21:24.871  1449  1545 I am_proc_start: [0,13698,10122,com.tencent.mobileqq:qzone,service,com.tencent.mobileqq/cooperation.qzone.QzonePluginProxyService]
07-19 09:21:24.881  1449  2212 I am_proc_bound: [0,13698,com.tencent.mobileqq:qzone]
07-19 09:21:24.921  1449  1559 I am_pss  : [2647,10028,com.bbk.launcher2,87300096,84258816]
07-19 09:21:24.981  1449  1561 I am_proc_start: [0,13726,10122,com.tencent.mobileqq:tool,broadcast,com.tencent.mobileqq/.webprocess.WebProcessReceiver]
07-19 09:21:25.011  1449  1559 I am_pss  : [24652,10116,com.tencent.mm,249804800,232050688]
07-19 09:21:25.021  1449  1559 I am_pss  : [2895,1000,com.vivo.doubleinstance,2906112,2170880]
07-19 09:21:25.031  1449  2604 I am_proc_bound: [0,13726,com.tencent.mobileqq:tool]
07-19 09:21:25.041  1449  1559 I am_pss  : [24670,10116,com.tencent.mm:exdevice,14781440,9728000]
07-19 09:21:25.051  1449  1559 I am_pss  : [11505,10079,com.bbk.calendar,4190208,3432448]
07-19 09:21:25.071  1449  1559 I am_pss  : [24948,10116,com.tencent.mm:push,16403456,12161024]
07-19 09:21:25.091  1449  1559 I am_pss  : [25047,10116,com.tencent.mm:support,26933248,16510976]
07-19 09:21:25.101  1449  1559 I am_pss  : [3582,10002,com.android.providers.calendar,4590592,3756032]
07-19 09:21:26.391  1449  1559 I am_pss  : [13587,10122,com.tencent.mobileqq:peak,16571392,12058624]
07-19 09:21:28.371  1449  1559 I am_pss  : [25834,10039,com.vivo.weather.provider,12693504,11563008]
07-19 09:21:28.371  1449  2172 I am_home_stack_moved: [0,0,1,1,intentActivityFound]
07-19 09:21:28.371  1449  2172 I wm_task_moved: [203,1,5]
07-19 09:21:28.371  1449  2172 I am_home_stack_moved: [0,0,1,1,sourceStackToFront]
07-19 09:21:28.371  1449  2172 I wm_task_moved: [203,1,5]
07-19 09:21:28.371  1449  2172 I am_create_activity: [0,138511481,203,com.tencent.mobileqq/com.dataline.activities.LiteActivity,NULL,NULL,NULL,268697600]
07-19 09:21:28.371  1449  2172 I am_pause_activity: [0,230387921,com.tencent.mobileqq/.activity.SplashActivity]
07-19 09:21:28.381  1449  2172 I am_home_stack_moved: [0,0,1,1,startedActivity setFocusedActivity]
07-19 09:21:28.381  1449  2172 I wm_task_moved: [203,1,5]
07-19 09:21:28.381  1449  2172 I am_focused_activity: [0,com.tencent.mobileqq/com.dataline.activities.LiteActivity]
07-19 09:21:28.381 24753 24753 I am_on_paused_called: [0,com.tencent.mobileqq.activity.SplashActivity]
07-19 09:21:28.381  1449  2604 I am_restart_activity: [0,138511481,203,com.tencent.mobileqq/com.dataline.activities.LiteActivity]
07-19 09:21:28.391  1449  2604 I am_focused_activity: [0,com.tencent.mobileqq/com.dataline.activities.LiteActivity]
07-19 09:21:28.461 24753 24753 I am_on_resume_called: [0,com.dataline.activities.LiteActivity]
07-19 09:21:28.581  1449  1585 I am_activity_launch_time: [0,138511481,com.tencent.mobileqq/com.dataline.activities.LiteActivity,197,197]
07-19 09:21:28.791   508   508 I sf_frame_dur: [com.tencent.mobileqq/com.tencent.mobileqq.activity.SplashActivity,1013,40,9,11,3,5,1]
07-19 09:21:29.241  1449  2588 I am_finish_activity: [0,138511481,203,com.tencent.mobileqq/com.dataline.activities.LiteActivity,app-request]
07-19 09:21:29.241  1449  2588 I am_home_stack_moved: [0,0,1,1,finishActivity adjustFocus setFocusedActivity]
07-19 09:21:29.241  1449  2588 I wm_task_moved: [203,1,5]
07-19 09:21:29.241  1449  2588 I am_focused_activity: [0,com.tencent.mobileqq/.activity.SplashActivity]
07-19 09:21:29.241  1449  2588 I am_pause_activity: [0,138511481,com.tencent.mobileqq/com.dataline.activities.LiteActivity]
07-19 09:21:29.251 24753 24753 I am_on_paused_called: [0,com.dataline.activities.LiteActivity]
07-19 09:21:29.251  1449  2172 I am_resume_activity: [0,230387921,203,com.tencent.mobileqq/.activity.SplashActivity]
07-19 09:21:29.251  1449  2172 I am_focused_activity: [0,com.tencent.mobileqq/.activity.SplashActivity]
07-19 09:21:29.251 24753 24753 I am_on_resume_called: [0,com.tencent.mobileqq.activity.SplashActivity]
07-19 09:21:29.521  1449  1561 I am_destroy_activity: [0,138511481,203,com.tencent.mobileqq/com.dataline.activities.LiteActivity,finish-imm]
07-19 09:21:29.531   508   508 I sf_frame_dur: [com.tencent.mobileqq/com.dataline.activities.LiteActivity,1,0,0,1,0,0,0]
07-19 09:21:31.851  1449  1547 I am_home_stack_moved: [0,0,1,1,sourceStackToFront]
07-19 09:21:31.851  1449  1547 I wm_task_moved: [203,1,5]
07-19 09:21:31.851  1449  1547 I am_create_activity: [0,211576583,203,com.tencent.mobileqq/.activity.ChatActivity,NULL,NULL,NULL,67371008]
07-19 09:21:31.861  1449  1547 I am_pause_activity: [0,230387921,com.tencent.mobileqq/.activity.SplashActivity]
07-19 09:21:31.861  1449  1547 I am_home_stack_moved: [0,0,1,1,startedActivity setFocusedActivity]
07-19 09:21:31.861  1449  1547 I wm_task_moved: [203,1,5]
07-19 09:21:31.861  1449  1547 I am_focused_activity: [0,com.tencent.mobileqq/.activity.ChatActivity]
07-19 09:21:31.861 24753 24753 I am_on_paused_called: [0,com.tencent.mobileqq.activity.SplashActivity]
07-19 09:21:31.871  1449  2617 I am_restart_activity: [0,211576583,203,com.tencent.mobileqq/.activity.ChatActivity]
07-19 09:21:31.871  1449  2617 I am_focused_activity: [0,com.tencent.mobileqq/.activity.ChatActivity]
07-19 09:21:31.911 24753 24753 I am_on_resume_called: [0,com.tencent.mobileqq.activity.ChatActivity]
07-19 09:21:32.071  1449  1585 I am_activity_launch_time: [0,211576583,com.tencent.mobileqq/.activity.ChatActivity,201,201]
07-19 09:21:32.281   508   508 I sf_frame_dur: [com.tencent.mobileqq/com.tencent.mobileqq.activity.SplashActivity,75,1,0,1,0,0,1]
07-19 09:21:35.171  1449  2172 I am_home_stack_moved: [0,0,1,1,sourceStackToFront]
07-19 09:21:35.171  1449  2172 I wm_task_moved: [203,1,5]
07-19 09:21:35.171  1449  2172 I am_create_activity: [0,194058190,203,com.tencent.mobileqq/com.tencent.biz.pubaccount.PublicAccountBrowser,NULL,NULL,NULL,262144]
07-19 09:21:35.171  1449  2172 I am_pause_activity: [0,211576583,com.tencent.mobileqq/.activity.ChatActivity]
07-19 09:21:35.171  1449  2172 I am_home_stack_moved: [0,0,1,1,startedActivity setFocusedActivity]
07-19 09:21:35.171  1449  2172 I wm_task_moved: [203,1,5]
07-19 09:21:35.181  1449  2172 I am_focused_activity: [0,com.tencent.mobileqq/com.tencent.biz.pubaccount.PublicAccountBrowser]
07-19 09:21:35.181 24753 24753 I am_on_paused_called: [0,com.tencent.mobileqq.activity.ChatActivity]
07-19 09:21:35.191  1449  1545 I am_restart_activity: [0,194058190,203,com.tencent.mobileqq/com.tencent.biz.pubaccount.PublicAccountBrowser]
07-19 09:21:35.201  1449  1545 I am_focused_activity: [0,com.tencent.mobileqq/com.tencent.biz.pubaccount.PublicAccountBrowser]
07-19 09:21:35.251 13726 13726 I am_on_resume_called: [0,com.tencent.biz.pubaccount.PublicAccountBrowser]
07-19 09:21:35.431  1449  1585 I am_activity_launch_time: [0,194058190,com.tencent.mobileqq/com.tencent.biz.pubaccount.PublicAccountBrowser,245,245]
07-19 09:21:35.651   508   508 I sf_frame_dur: [com.tencent.mobileqq/com.tencent.mobileqq.activity.ChatActivity,16,1,0,1,1,1,1]
07-19 09:21:48.681  1449  1449 I free_storage_changed: 104007290880
07-19 09:21:53.641  1449  1559 I am_pss  : [13726,10122,com.tencent.mobileqq:tool,134584320,124526592]
07-19 09:21:53.671  1449  1559 I am_pss  : [24739,10122,com.tencent.mobileqq:MSF,29222912,25800704]
07-19 09:21:53.711  1449  1559 I am_pss  : [13698,10122,com.tencent.mobileqq:qzone,50283520,42979328]
07-19 09:22:03.361  1449  2641 I am_finish_activity: [0,194058190,203,com.tencent.mobileqq/com.tencent.biz.pubaccount.PublicAccountBrowser,app-request]
07-19 09:22:03.361  1449  2641 I am_home_stack_moved: [0,0,1,1,finishActivity adjustFocus setFocusedActivity]
07-19 09:22:03.361  1449  2641 I wm_task_moved: [203,1,5]
07-19 09:22:03.371  1449  2641 I am_focused_activity: [0,com.tencent.mobileqq/.activity.ChatActivity]
07-19 09:22:03.371  1449  2641 I am_pause_activity: [0,194058190,com.tencent.mobileqq/com.tencent.biz.pubaccount.PublicAccountBrowser]
07-19 09:22:03.371 13726 13726 I am_on_paused_called: [0,com.tencent.biz.pubaccount.PublicAccountBrowser]
07-19 09:22:03.381  1449  1547 I am_resume_activity: [0,211576583,203,com.tencent.mobileqq/.activity.ChatActivity]
07-19 09:22:03.381  1449  1547 I am_focused_activity: [0,com.tencent.mobileqq/.activity.ChatActivity]
07-19 09:22:03.391 24753 24753 I am_on_resume_called: [0,com.tencent.mobileqq.activity.ChatActivity]
07-19 09:22:03.681  1449  1561 I am_destroy_activity: [0,194058190,203,com.tencent.mobileqq/com.tencent.biz.pubaccount.PublicAccountBrowser,finish-imm]
07-19 09:22:03.701   508   508 I sf_frame_dur: [com.tencent.mobileqq/com.tencent.biz.pubaccount.PublicAccountBrowser,351,21,7,14,7,6,4]
07-19 09:22:06.381   508   508 I sf_frame_dur: [UpSlideTransparentView,33,4,0,0,5,0,9]
07-19 09:22:07.631  1449  2637 I am_finish_activity: [0,211576583,203,com.tencent.mobileqq/.activity.ChatActivity,app-request]
07-19 09:22:07.631  1449  2637 I am_home_stack_moved: [0,0,1,1,finishActivity adjustFocus setFocusedActivity]
07-19 09:22:07.631  1449  2637 I wm_task_moved: [203,1,5]
07-19 09:22:07.641  1449  2637 I am_focused_activity: [0,com.tencent.mobileqq/.activity.SplashActivity]
07-19 09:22:07.641  1449  2637 I am_pause_activity: [0,211576583,com.tencent.mobileqq/.activity.ChatActivity]
07-19 09:22:07.651 24753 24753 I am_on_paused_called: [0,com.tencent.mobileqq.activity.ChatActivity]
07-19 09:22:07.651  1449  2564 I am_resume_activity: [0,230387921,203,com.tencent.mobileqq/.activity.SplashActivity]
07-19 09:22:07.661  1449  2564 I am_focused_activity: [0,com.tencent.mobileqq/.activity.SplashActivity]
07-19 09:22:07.661 24753 24753 I am_on_resume_called: [0,com.tencent.mobileqq.activity.SplashActivity]
07-19 09:22:07.741  1449  2213 I wm_task_moved: [203,0,0]
07-19 09:22:07.741  1449  2213 I am_home_stack_moved: [0,1,0,0,moveTaskToBack setFocusedActivity]
07-19 09:22:07.751  1449  2213 I wm_task_moved: [1,1,0]
07-19 09:22:07.751  1449  2213 I am_focused_activity: [0,com.bbk.launcher2/.Launcher]
07-19 09:22:07.761  1449  2213 I am_pause_activity: [0,230387921,com.tencent.mobileqq/.activity.SplashActivity]
07-19 09:22:07.771 24753 24753 I am_on_paused_called: [0,com.tencent.mobileqq.activity.SplashActivity]
07-19 09:22:07.771  1449  2637 I am_resume_activity: [0,260636906,1,com.bbk.launcher2/.Launcher]
07-19 09:22:07.771  1449  2637 I am_focused_activity: [0,com.bbk.launcher2/.Launcher]
07-19 09:22:07.791  2647  2647 I am_on_resume_called: [0,com.bbk.launcher2.Launcher]
07-19 09:22:07.941   508   508 I sf_frame_dur: [com.tencent.mobileqq/com.tencent.mobileqq.activity.ChatActivity,133,5,2,1,0,0,1]
07-19 09:22:08.111  1449  1561 I am_destroy_activity: [0,211576583,203,com.tencent.mobileqq/.activity.ChatActivity,finish-imm]
07-19 09:22:08.201   508   508 I sf_frame_dur: [com.tencent.mobileqq/com.tencent.mobileqq.activity.SplashActivity,6,2,0,0,0,0,0]
07-19 09:22:11.021  1449  2622 I am_home_stack_moved: [0,0,1,1,startingNewTask]
07-19 09:22:11.021  1449  2622 I wm_task_moved: [199,1,5]
07-19 09:22:11.021  1449  2622 I am_create_task: [0,211]
07-19 09:22:11.021  1449  2622 I am_create_activity: [0,138141689,211,com.zhihu.daily.android/.activity.MainActivity_,android.intent.action.MAIN,NULL,NULL,807403520]
07-19 09:22:11.021  1449  2622 I wm_task_created: [211,1]
07-19 09:22:11.021  1449  2622 I wm_task_moved: [211,1,6]
07-19 09:22:11.021  1449  2622 I am_pause_activity: [0,260636906,com.bbk.launcher2/.Launcher]
07-19 09:22:11.021  1449  2622 I am_home_stack_moved: [0,0,1,1,startedActivity setFocusedActivity]
07-19 09:22:11.021  1449  2622 I wm_task_moved: [211,1,6]
07-19 09:22:11.021  1449  2622 I am_focused_activity: [0,com.zhihu.daily.android/.activity.MainActivity_]
07-19 09:22:11.021  2647  2647 I am_on_paused_called: [0,com.bbk.launcher2.Launcher]
07-19 09:22:11.041  1449  2617 I am_proc_start: [0,14116,10165,com.zhihu.daily.android,activity,com.zhihu.daily.android/.activity.MainActivity_]
07-19 09:22:11.051  1449  2588 I am_proc_bound: [0,14116,com.zhihu.daily.android]
07-19 09:22:11.061  1449  2588 I am_restart_activity: [0,138141689,211,com.zhihu.daily.android/.activity.MainActivity_]
07-19 09:22:11.061  1449  2588 I am_focused_activity: [0,com.zhihu.daily.android/.activity.MainActivity_]
07-19 09:22:11.371   508   508 I sf_frame_dur: [com.bbk.launcher2/com.bbk.launcher2.Launcher,41,1,1,5,1,0,1]
07-19 09:22:11.611  1449  2635 I am_home_stack_moved: [0,0,1,1,sourceStackToFront]
07-19 09:22:11.611  1449  2635 I wm_task_moved: [211,1,6]
07-19 09:22:11.611  1449  2635 I am_create_activity: [0,100366341,211,com.zhihu.daily.android/.activity.SplashActivity,NULL,NULL,NULL,0]
07-19 09:22:11.611  1449  2635 I am_pause_activity: [0,138141689,com.zhihu.daily.android/.activity.MainActivity_]
07-19 09:22:11.611  1449  2635 I am_home_stack_moved: [0,0,1,1,startedActivity setFocusedActivity]
07-19 09:22:11.611  1449  2635 I wm_task_moved: [211,1,6]
07-19 09:22:11.611  1449  2635 I am_focused_activity: [0,com.zhihu.daily.android/.activity.SplashActivity]
07-19 09:22:11.731 14116 14116 I am_on_resume_called: [0,com.zhihu.daily.android.activity.MainActivity_]
07-19 09:22:11.821 14116 14116 I am_on_paused_called: [0,com.zhihu.daily.android.activity.MainActivity_]
07-19 09:22:11.821  1449  2212 I am_restart_activity: [0,100366341,211,com.zhihu.daily.android/.activity.SplashActivity]
07-19 09:22:11.841  1449  2212 I am_focused_activity: [0,com.zhihu.daily.android/.activity.SplashActivity]
07-19 09:22:11.901 14116 14116 I am_on_resume_called: [0,com.zhihu.daily.android.activity.SplashActivity]
07-19 09:22:12.131  1449  1585 I am_activity_launch_time: [0,100366341,com.zhihu.daily.android/.activity.SplashActivity,311,1107]
07-19 09:22:12.421  1449  1449 I notification_enqueue: [10165,14116,com.zhihu.daily.android,9529674,com.zhihu.daily.android,0,Notification(pri=0 contentView=null vibrate=null sound=null tick defaults=0x0 flags=0x10 color=0x00000000 vis=PRIVATE),0]
07-19 09:22:12.441  1449  1449 I notification_enqueue: [10165,14116,com.zhihu.daily.android,9527885,com.zhihu.daily.android,0,Notification(pri=0 contentView=null vibrate=null sound=null tick defaults=0x0 flags=0x10 color=0x00000000 vis=PRIVATE),0]
07-19 09:22:16.301  1449  2596 I am_finish_activity: [0,100366341,211,com.zhihu.daily.android/.activity.SplashActivity,app-request]
07-19 09:22:16.301  1449  2596 I am_home_stack_moved: [0,0,1,1,finishActivity adjustFocus setFocusedActivity]
07-19 09:22:16.301  1449  2596 I wm_task_moved: [211,1,6]
07-19 09:22:16.301  1449  2596 I am_focused_activity: [0,com.zhihu.daily.android/.activity.MainActivity_]
07-19 09:22:16.301  1449  2596 I am_pause_activity: [0,100366341,com.zhihu.daily.android/.activity.SplashActivity]
07-19 09:22:16.301 14116 14116 I am_on_paused_called: [0,com.zhihu.daily.android.activity.SplashActivity]
07-19 09:22:16.311  1449  1545 I am_resume_activity: [0,138141689,211,com.zhihu.daily.android/.activity.MainActivity_]
07-19 09:22:16.321  1449  1545 I am_focused_activity: [0,com.zhihu.daily.android/.activity.MainActivity_]
07-19 09:22:16.341 14116 14116 I am_on_resume_called: [0,com.zhihu.daily.android.activity.MainActivity_]
07-19 09:22:16.451   508   508 I sf_frame_dur: [com.zhihu.daily.android/com.zhihu.daily.android.activity.SplashActivity,133,2,2,0,0,0,0]
07-19 09:22:16.531  1449  2674 I am_destroy_activity: [0,100366341,211,com.zhihu.daily.android/.activity.SplashActivity,finish-imm]
07-19 09:22:39.861  1449  1547 I am_home_stack_moved: [0,0,1,1,sourceStackToFront]
07-19 09:22:39.861  1449  1547 I wm_task_moved: [211,1,6]
07-19 09:22:39.861  1449  1547 I am_create_activity: [0,111080043,211,com.zhihu.daily.android/.activity.NewsActivity_,NULL,NULL,NULL,0]
07-19 09:22:39.861  1449  1547 I am_pause_activity: [0,138141689,com.zhihu.daily.android/.activity.MainActivity_]
07-19 09:22:39.871  1449  1547 I am_home_stack_moved: [0,0,1,1,startedActivity setFocusedActivity]
07-19 09:22:39.871  1449  1547 I wm_task_moved: [211,1,6]
07-19 09:22:39.881  1449  1547 I am_focused_activity: [0,com.zhihu.daily.android/.activity.NewsActivity_]
07-19 09:22:39.891 14116 14116 I am_on_paused_called: [0,com.zhihu.daily.android.activity.MainActivity_]
07-19 09:22:39.901  1449  2588 I am_restart_activity: [0,111080043,211,com.zhihu.daily.android/.activity.NewsActivity_]
07-19 09:22:39.901  1449  2588 I am_focused_activity: [0,com.zhihu.daily.android/.activity.NewsActivity_]
07-19 09:22:39.941  1449  1559 I am_pss  : [14116,10165,com.zhihu.daily.android,134514688,130555904]
07-19 09:22:39.951 14116 14116 I am_on_resume_called: [0,com.zhihu.daily.android.activity.NewsActivity_]
07-19 09:22:39.971  1449  1559 I am_pss  : [2647,10028,com.bbk.launcher2,87835648,84955136]
07-19 09:22:40.021  1449  1559 I am_pss  : [24753,10122,com.tencent.mobileqq,181623808,167976960]
07-19 09:22:40.031  1449  1559 I am_pss  : [24739,10122,com.tencent.mobileqq:MSF,29274112,25853952]
07-19 09:22:40.041  1449  1559 I am_pss  : [2895,1000,com.vivo.doubleinstance,2890752,2170880]
07-19 09:22:40.061  1449  1559 I am_pss  : [32262,10122,com.tencent.mobileqq:dataline,38189056,31739904]
07-19 09:22:40.071  1449  1559 I am_pss  : [25834,10039,com.vivo.weather.provider,12596224,11501568]
07-19 09:22:40.111  1449  1559 I am_pss  : [13726,10122,com.tencent.mobileqq:tool,106615808,96739328]
07-19 09:22:40.161  1449  1585 I am_activity_launch_time: [0,111080043,com.zhihu.daily.android/.activity.NewsActivity_,267,267]
07-19 09:22:40.591   508   508 I sf_frame_dur: [com.zhihu.daily.android/com.zhihu.daily.android.activity.MainActivity_,258,15,3,1,9,1,6]
07-19 09:22:43.801  1449  2641 I am_proc_died: [0,13587,com.tencent.mobileqq:peak]
07-19 09:23:08.431  1449  2617 I am_finish_activity: [0,111080043,211,com.zhihu.daily.android/.activity.NewsActivity_,app-request]
07-19 09:23:08.431  1449  2617 I am_home_stack_moved: [0,0,1,1,finishActivity adjustFocus setFocusedActivity]
07-19 09:23:08.431  1449  2617 I wm_task_moved: [211,1,6]
07-19 09:23:08.441  1449  2617 I am_focused_activity: [0,com.zhihu.daily.android/.activity.MainActivity_]
07-19 09:23:08.441  1449  2617 I am_pause_activity: [0,111080043,com.zhihu.daily.android/.activity.NewsActivity_]
07-19 09:23:08.441 14116 14116 I am_on_paused_called: [0,com.zhihu.daily.android.activity.NewsActivity_]
07-19 09:23:08.441  1449  1547 I am_resume_activity: [0,138141689,211,com.zhihu.daily.android/.activity.MainActivity_]
07-19 09:23:08.451  1449  1547 I am_focused_activity: [0,com.zhihu.daily.android/.activity.MainActivity_]
07-19 09:23:08.471 14116 14116 I am_on_resume_called: [0,com.zhihu.daily.android.activity.MainActivity_]
07-19 09:23:08.481  1449  1559 I am_pss  : [3142,10056,com.iqoo.secure:remote,50272256,47325184]
07-19 09:23:08.921  1449  1561 I am_destroy_activity: [0,111080043,211,com.zhihu.daily.android/.activity.NewsActivity_,finish-imm]
07-19 09:23:08.941   508   508 I sf_frame_dur: [com.zhihu.daily.android/com.zhihu.daily.android.activity.NewsActivity_,323,17,1,6,10,2,3]
07-19 09:23:11.611  1449  2635 I am_finish_activity: [0,138141689,211,com.zhihu.daily.android/.activity.MainActivity_,app-request]
07-19 09:23:11.611  1449  2635 I am_home_stack_moved: [0,1,0,0,finishActivity adjustFocus setFocusedActivity]
07-19 09:23:11.611  1449  2635 I wm_task_moved: [1,1,0]
07-19 09:23:11.611  1449  2635 I am_focused_activity: [0,com.bbk.launcher2/.Launcher]
07-19 09:23:11.641  1449  2635 I am_pause_activity: [0,138141689,com.zhihu.daily.android/.activity.MainActivity_]
07-19 09:23:11.651 14116 14116 I am_on_paused_called: [0,com.zhihu.daily.android.activity.MainActivity_]
07-19 09:23:11.661  1449  2622 I am_resume_activity: [0,260636906,1,com.bbk.launcher2/.Launcher]
07-19 09:23:11.661  1449  2622 I am_focused_activity: [0,com.bbk.launcher2/.Launcher]
07-19 09:23:11.681  2647  2647 I am_on_resume_called: [0,com.bbk.launcher2.Launcher]
07-19 09:23:11.971  1449  1561 I am_destroy_activity: [0,138141689,211,com.zhihu.daily.android/.activity.MainActivity_,finish-imm]
07-19 09:23:12.021  1449  1585 I wm_task_removed: [211,removeAppToken: last token]
07-19 09:23:12.021  1449  1585 I wm_task_removed: [211,removeTask]
07-19 09:23:12.041   508   508 I sf_frame_dur: [com.zhihu.daily.android/com.zhihu.daily.android.activity.MainActivity_,41,1,0,3,0,2,0]
07-19 09:23:13.081  1449  1946 I sysui_histogram: [power_double_tap_interval,145373]
07-19 09:23:13.291  1449  1946 I power_sleep_requested: 0
07-19 09:23:13.301  1449  1449 I power_screen_state: [0,2,0,0]
07-19 09:23:13.301  1449  1449 I screen_toggled: 0
