06-22 23:14:03.687  3004  4888 I am_schedule_service_restart: [0,com.vivo.game/.update.GameReceiverService,1000]
06-22 23:14:11.720  3004 23746 I am_finish_activity: [0,261230514,6,com.tencent.mm/.ui.chatting.gallery.ImageGalleryUI,app-request]
06-22 23:14:11.722  3004 23746 I wm_task_moved: [6,1,9]
06-22 23:14:11.727  3004 23746 I am_focused_activity: [0,com.tencent.mm/.ui.LauncherUI,finishActivity adjustFocus]
06-22 23:14:11.727  3004 23746 I am_pause_activity: [0,261230514,com.tencent.mm/.ui.chatting.gallery.ImageGalleryUI]
06-22 23:14:11.744  6034  6034 I am_on_paused_called: [0,com.tencent.mm.ui.chatting.gallery.ImageGalleryUI,handlePauseActivity]
06-22 23:14:11.758  3004  4887 I am_resume_activity: [0,214386446,6,com.tencent.mm/.ui.LauncherUI]
06-22 23:14:11.781   511   511 I sf_frame_dur: [com.tencent.mm/com.tencent.mm.ui.chatting.gallery.ImageGalleryUI,201,15,4,1,1,4,5]
06-22 23:14:11.870  6034  6034 I am_on_resume_called: [0,com.tencent.mm.ui.LauncherUI,RESUME_ACTIVITY]
06-22 23:14:11.976  3004  8330 I am_destroy_activity: [0,261230514,6,com.tencent.mm/.ui.chatting.gallery.ImageGalleryUI,finish-idle]
06-22 23:14:11.981  6034  6034 I am_on_stop_called: [0,com.tencent.mm.ui.chatting.gallery.ImageGalleryUI,destroy]
06-22 23:14:15.422  3004 13516 I wm_task_moved: [6,0,0]
06-22 23:14:15.428  3004 13516 I am_focused_stack: [0,0,1,moveTaskToBackAndShowHome resumeHomeStackTask setFocusedActivity]
06-22 23:14:15.428  3004 13516 I wm_task_moved: [2,1,0]
06-22 23:14:15.432  3004 13516 I am_focused_activity: [0,com.bbk.launcher2/.Launcher,moveTaskToBackAndShowHome resumeHomeStackTask]
06-22 23:14:15.470  3004 13516 I am_pause_activity: [0,214386446,com.tencent.mm/.ui.LauncherUI]
06-22 23:14:15.502  6034  6034 I am_on_paused_called: [0,com.tencent.mm.ui.LauncherUI,handlePauseActivity]
06-22 23:14:15.512  3004 23746 I am_resume_activity: [0,64329445,2,com.bbk.launcher2/.Launcher]
06-22 23:14:15.518  3004  3562 I sysui_count: [window_time_0,29]
06-22 23:14:15.532  5780  5780 I am_on_resume_called: [0,com.bbk.launcher2.Launcher,RESUME_ACTIVITY]
06-22 23:14:15.824  3004  3562 I am_stop_activity: [0,214386446,com.tencent.mm/.ui.LauncherUI]
06-22 23:14:15.829  6034  6034 I am_on_stop_called: [0,com.tencent.mm.ui.LauncherUI,handleStopActivity]
06-22 23:14:15.904   511   511 I sf_frame_dur: [com.tencent.mm/com.tencent.mm.ui.LauncherUI,185,14,15,15,47,6,4]
06-22 23:14:19.823  3004  4844 I am_focused_stack: [0,1,0,bringingFoundTaskToFront setFocusedActivity]
06-22 23:14:19.823  3004  4844 I wm_task_moved: [6,1,9]
06-22 23:14:19.824  3004  4844 I am_focused_activity: [0,com.tencent.mm/.ui.LauncherUI,bringingFoundTaskToFront]
06-22 23:14:19.825  3004  4844 I am_pause_activity: [0,64329445,com.bbk.launcher2/.Launcher]
06-22 23:14:19.826  3004  4844 I am_task_to_front: [0,6]
06-22 23:14:19.826  3004  4844 I am_new_intent: [0,77816392,6,com.tencent.mm/.ui.LauncherUI,android.intent.action.MAIN,NULL,NULL,811597824]
06-22 23:14:19.828  3004  4844 I sysui_action: [323,com.tencent.mm/.ui.LauncherUI]
06-22 23:14:19.828  3004  4844 I sysui_action: [324,true]
06-22 23:14:19.828  3004  4844 I sysui_action: [325,23209]
06-22 23:14:19.831  5780  5780 I am_on_paused_called: [0,com.bbk.launcher2.Launcher,handlePauseActivity]
06-22 23:14:19.840  3004  3293 I am_resume_activity: [0,214386446,6,com.tencent.mm/.ui.LauncherUI]
06-22 23:14:19.847  3004  3562 I sysui_count: [window_time_0,4]
06-22 23:14:19.888  6034  6034 I am_on_resume_called: [0,com.tencent.mm.ui.LauncherUI,RESUME_ACTIVITY]
06-22 23:14:19.968  3004  3883 I sysui_action: [320,2]
06-22 23:14:19.968  3004  3883 I sysui_action: [319,149]
06-22 23:14:19.968  3004  3883 I sysui_action: [322,149]
06-22 23:14:20.251  3004  3562 I am_stop_activity: [0,64329445,com.bbk.launcher2/.Launcher]
06-22 23:14:20.255  5780  5780 I am_on_stop_called: [0,com.bbk.launcher2.Launcher,handleStopActivity]
06-22 23:14:20.280   511   511 I sf_frame_dur: [com.bbk.launcher2/com.bbk.launcher2.Launcher,0,0,0,2,0,0,2]
06-22 23:14:20.989  3004  3562 I am_proc_start: [0,11500,10114,com.vivo.game,broadcast,com.vivo.game/.update.UpdateDownloadReceiver]
06-22 23:14:21.008  3004 23747 I am_proc_bound: [0,11500,com.vivo.game]
06-22 23:14:21.197  3004  8333 I am_broadcast_discard_app: [0,109256773,android.net.wifi.STATE_CHANGE,2,ResolveInfo{4cb86bb com.baidu.netdisk/com.baidu.cyberplayer.dlna.NetworkChangeReceiver m=0x108000}]
06-22 23:14:21.198  3004  3562 I am_broadcast_discard_app: [0,109256773,android.net.wifi.STATE_CHANGE,3,ResolveInfo{d5787d8 com.sdu.didi.psnger/com.didi.sdk.receiver.WifiReceiver m=0x108000}]
06-22 23:14:21.198  3004  3562 I am_broadcast_discard_app: [0,109256773,android.net.wifi.STATE_CHANGE,4,ResolveInfo{2b8d731 com.tencent.mtt/.browser.engine.ServiceProcessReceiver m=0x108000}]
06-22 23:14:22.255  3004  4888 I am_proc_died: [0,11500,com.vivo.game]
06-22 23:14:22.256  3004  4888 I am_schedule_service_restart: [0,com.vivo.game/.update.GameReceiverService,1000]
06-22 23:14:22.433  3004  3562 I am_proc_start: [0,11542,10114,com.vivo.game,broadcast,com.vivo.game/.update.UpdateDownloadReceiver]
06-22 23:14:22.451  3004 19682 I am_proc_bound: [0,11542,com.vivo.game]
06-22 23:14:22.648  3004 23746 I am_broadcast_discard_app: [0,237643045,android.net.wifi.STATE_CHANGE,2,ResolveInfo{3dafe9b com.baidu.netdisk/com.baidu.cyberplayer.dlna.NetworkChangeReceiver m=0x108000}]
06-22 23:14:22.649  3004  3562 I am_broadcast_discard_app: [0,237643045,android.net.wifi.STATE_CHANGE,3,ResolveInfo{4b3d238 com.sdu.didi.psnger/com.didi.sdk.receiver.WifiReceiver m=0x108000}]
06-22 23:14:22.650  3004  3562 I am_broadcast_discard_app: [0,237643045,android.net.wifi.STATE_CHANGE,4,ResolveInfo{9edc211 com.tencent.mtt/.browser.engine.ServiceProcessReceiver m=0x108000}]
06-22 23:14:23.738  3004 13516 I am_proc_died: [0,11542,com.vivo.game]
06-22 23:14:23.738  3004 13516 I am_schedule_service_restart: [0,com.vivo.game/.update.GameReceiverService,1000]
06-22 23:14:27.969  3004  4058 I sysui_histogram: [power_double_tap_interval,67220]
06-22 23:14:28.144  3004  4058 I power_sleep_requested: 0
06-22 23:14:28.145  3004  3004 I power_screen_state: [0,2,0,0]
06-22 23:14:28.145  3004  3004 I screen_toggled: 0
06-22 23:14:28.145  3004  3004 I sysui_histogram: [screen_timeout,60]
06-22 23:14:28.145  3004  3004 I power_screen_broadcast_send: 1
06-22 23:14:28.153  3004  3566 I am_wtf  : [0,3004,system_server,-1,ActivityManager,Sending non-protected broadcast vivo.intent.action.POWER_KEY_SCREEN_OFF from system 3004:system/1000 pkg android]
06-22 23:14:28.213  3004  3004 I am_pause_activity: [0,214386446,com.tencent.mm/.ui.LauncherUI]
06-22 23:14:28.232  3004  3562 I am_wtf  : [0,3004,system_server,-1,KernelWakelockReader,neither /proc/wakelocks nor /d/wakeup_sources exists]
06-22 23:14:28.297  4477  4477 I sysui_view_visibility: [111,100]
06-22 23:14:28.329  4477  4477 I sysui_status_bar_state: [1,1,0,0,0,1]
06-22 23:14:28.342  3004 23749 I am_wtf  : [0,3004,system_server,-1,ActivityManager,Sending non-protected broadcast com.vivo.updater.action.SCREEN_OFF from system 4651:com.vivo.daemonService/1000 pkg com.vivo.daemonService]
06-22 23:14:28.359  6034  6034 I am_on_paused_called: [0,com.tencent.mm.ui.LauncherUI,handlePauseActivity]
06-22 23:14:28.361  3004  3562 I am_stop_activity: [0,214386446,com.tencent.mm/.ui.LauncherUI]
06-22 23:14:28.393  6034  6034 I am_on_stop_called: [0,com.tencent.mm.ui.LauncherUI,sleeping]
06-22 23:14:28.576  3004  3558 I am_meminfo: [414449664,85401600,0,368152576,231591936]
06-22 23:14:28.679  3004  3558 I am_pss  : [4466,10062,com.baidu.input_bbk.service,54107136,48521216,0]
06-22 23:14:28.725  3004  3558 I am_pss  : [6425,10030,com.bbk.appstore,16154624,15130624,0]
06-22 23:14:28.768  3004  3558 I am_pss  : [5265,10016,com.android.mms,26768384,24498176,0]
06-22 23:14:28.794  3004  3558 I am_pss  : [30286,1001,com.android.incallui,32747520,30785536,0]
06-22 23:14:28.863  3004  3558 I am_pss  : [6503,10025,com.vivo.browser,286594048,255569920,0]
06-22 23:14:28.893  3004  3558 I am_pss  : [28105,10171,com.sie.mp,72734720,67567616,0]
06-22 23:14:28.908  3004  3558 I am_pss  : [30222,10002,com.android.contacts,18830336,17575936,0]
06-22 23:14:28.930  3004  3558 I am_pss  : [19984,10098,com.vivo.gallery,129043456,125534208,0]
06-22 23:14:28.948  3004  3558 I am_pss  : [5578,1000,com.qti.service.colorservice,3495936,2895872,0]
06-22 23:14:28.971  3004  3558 I am_pss  : [6647,99000,com.vivo.browser:sandboxed_process0,150774784,137682944,0]
06-22 23:14:28.985  3004  3558 I am_pss  : [6840,1000,com.vivo.wifi.networkdetect,5595136,4976640,0]
06-22 23:14:29.001  3004  3558 I am_pss  : [4886,10064,com.bbk.iqoo.logsystem,21860352,21061632,0]
06-22 23:14:29.018  3004  3558 I am_pss  : [12306,10088,com.bbk.updater,25363456,24326144,0]
06-22 23:14:29.033  3004  3558 I am_pss  : [5937,10011,android.process.media,30210048,29278208,0]
06-22 23:14:29.048  3004  3558 I am_pss  : [4696,1000,com.vivo.smartmultiwindow,20566016,19476480,0]
06-22 23:14:29.063  3004  3558 I am_pss  : [4252,1000,com.vivo.appfilter,14711808,14045184,0]
06-22 23:14:29.078  3004  3558 I am_pss  : [6686,1000,com.vivo.abe:pushservice_v1,15956992,13492224,0]
06-22 23:14:29.097  3004  3558 I am_pss  : [13378,10171,com.sie.mp:pushservice,26260480,23060480,0]
06-22 23:14:29.117  3004  3558 I am_pss  : [6900,10055,com.vivo.devicereg,35195904,31854592,0]
06-22 23:14:29.142  3004  3558 I am_pss  : [5092,10066,com.vivo.magazine,11599872,10727424,0]
06-22 23:14:29.156  3004  3558 I am_pss  : [8019,10028,com.vivo.audiofx,4134912,3526656,0]
06-22 23:14:29.169  3004  3558 I am_pss  : [12547,10002,com.android.calllogbackup,3066880,2523136,0]
06-22 23:14:29.184  3004  3558 I am_pss  : [26631,1000,com.qualcomm.qti.RIDL,2785280,2215936,0]
06-22 23:14:29.197  3004  3558 I am_pss  : [30592,1000,com.volte.config,2872320,2134016,0]
06-22 23:14:29.211  3004  3558 I am_pss  : [30523,10041,com.android.BBKClock,4052992,3014656,0]
06-22 23:14:29.226  3004  3558 I am_pss  : [5080,10002,com.vivo.sim.contacts,7947264,7282688,0]
06-22 23:14:29.241  3004  3558 I am_pss  : [7412,1000,com.vivo.permissionmanager,13541376,12832768,0]
06-22 23:14:29.254  3004  3558 I am_pss  : [7975,1000,com.qualcomm.qti.appnetaccess,3415040,2813952,0]
06-22 23:14:29.270  3004  3558 I am_pss  : [4664,1000,com.android.settings,11325440,10358784,0]
06-22 23:14:29.284  3004  3558 I am_pss  : [8226,1000,org.simalliance.openmobileapi.service:remote,3150848,2568192,0]
06-22 23:14:29.299  3004  3558 I am_pss  : [5138,1001,com.qualcomm.qcrilmsgtunnel,10948608,10358784,0]
06-22 23:14:29.312  3004  3558 I am_pss  : [7637,1000,com.qualcomm.qti.qs,5181440,4583424,0]
06-22 23:14:29.327  3004  3558 I am_pss  : [7392,1000,com.android.fuelsummary,6103040,5488640,0]
06-22 23:14:29.341  3004  3558 I am_pss  : [7263,1000,com.qualcomm.display,2895872,2347008,0]
06-22 23:14:29.355  3004  3558 I am_pss  : [5723,10071,com.oma.drm.server,3299328,2699264,0]
06-22 23:14:29.370  3004  3558 I am_pss  : [5709,10017,com.baidu.map.location,16612352,15208448,0]
06-22 23:14:29.384  3004  3558 I am_pss  : [5687,1001,com.qualcomm.qti.loadcarrier,2946048,2359296,0]
06-22 23:14:29.399  3004  3558 I am_pss  : [5680,1000,com.alps.lcn,8159232,7057408,0]
06-22 23:14:29.416  3004  3558 I am_pss  : [5549,1000,com.vivo.abe,23959552,22605824,0]
06-22 23:14:29.442  3004  3558 I am_pss  : [4453,1002,com.android.bluetooth,11729920,9420800,0]
06-22 23:14:29.469  3004  3558 I am_pss  : [4829,1001,com.android.phone,38209536,35708928,0]
06-22 23:14:29.488  3004  3558 I am_pss  : [4812,1000,com.vivo.upslide,39916544,38178816,0]
06-22 23:14:29.503  3004  3558 I am_pss  : [4798,1000,com.android.server.telecom,14281728,13332480,0]
06-22 23:14:29.518  3004  3558 I am_pss  : [4785,1000,.dataservices,14590976,13897728,0]
06-22 23:14:29.540  3004  3558 I am_pss  : [4651,1000,com.vivo.daemonService,44655616,38350848,0]
06-22 23:14:29.593  3004  3558 I am_pss  : [3004,1000,system,122766336,118611968,0]
06-22 23:14:29.731  3004  3004 I power_screen_broadcast_done: [0,1586,1]
06-22 23:15:21.089  3004  3558 I am_pss  : [6034,10133,com.tencent.mm,182194176,170958848,0]
06-22 23:15:29.584  3004  4058 I sysui_histogram: [power_double_tap_interval,10616]
06-22 23:15:29.587  3004  3004 I power_screen_state: [1,0,0,0]
06-22 23:15:29.587  3004  3004 I screen_toggled: 1
06-22 23:15:29.590  3004  3004 I power_screen_broadcast_send: 1
06-22 23:15:29.591  3004  3562 I am_wtf  : [0,3004,system_server,-1,KernelWakelockReader,neither /proc/wakelocks nor /d/wakeup_sources exists]
06-22 23:15:29.594  4477  4477 I sysui_histogram: [note_load,3]
06-22 23:15:29.594  3004 19682 I notification_panel_revealed: 3
06-22 23:15:29.595  3004  4050 I device_idle_wake_from_idle: [0,*walarm*:com.vivo.updater.alarm.action.LOCKED_TRIGGER]
06-22 23:15:29.733  3004  4647 I am_wtf  : [0,3004,system_server,-1,ActivityManager,Sending non-protected broadcast com.vivo.updater.action.SCREEN_ON from system 4651:com.vivo.daemonService/1000 pkg com.vivo.daemonService]
06-22 23:15:29.863   511   511 I sf_frame_dur: [ColorFade,2,1,0,0,0,0,0]
06-22 23:15:29.901  3004  3004 I power_screen_broadcast_done: [1,311,1]
06-22 23:15:29.925  3004 23746 I am_proc_start: [0,11784,10114,com.vivo.game,broadcast,com.vivo.game/.update.UpdateDownloadReceiver]
06-22 23:15:29.959  3004  4748 I am_proc_bound: [0,11784,com.vivo.game]
06-22 23:15:30.136  3004 23741 I am_broadcast_discard_app: [0,113196409,android.net.wifi.STATE_CHANGE,2,ResolveInfo{b707370 com.baidu.netdisk/com.baidu.cyberplayer.dlna.NetworkChangeReceiver m=0x108000}]
06-22 23:15:30.138  3004  3562 I am_broadcast_discard_app: [0,113196409,android.net.wifi.STATE_CHANGE,3,ResolveInfo{aad76e9 com.sdu.didi.psnger/com.didi.sdk.receiver.WifiReceiver m=0x108000}]
06-22 23:15:30.138  3004  3562 I am_broadcast_discard_app: [0,113196409,android.net.wifi.STATE_CHANGE,4,ResolveInfo{74ccf6e com.tencent.mtt/.browser.engine.ServiceProcessReceiver m=0x108000}]
06-22 23:15:30.529  3004  8333 I am_broadcast_discard_app: [0,58520619,android.net.wifi.STATE_CHANGE,2,ResolveInfo{aab5e46 com.baidu.netdisk/com.baidu.cyberplayer.dlna.NetworkChangeReceiver m=0x108000}]
06-22 23:15:30.531  3004  3562 I am_broadcast_discard_app: [0,58520619,android.net.wifi.STATE_CHANGE,3,ResolveInfo{397375d com.sdu.didi.psnger/com.didi.sdk.receiver.WifiReceiver m=0x108000}]
06-22 23:15:30.532  3004  3562 I am_broadcast_discard_app: [0,58520619,android.net.wifi.STATE_CHANGE,4,ResolveInfo{92f18d2 com.tencent.mtt/.browser.engine.ServiceProcessReceiver m=0x108000}]
06-22 23:15:30.569  3004  8334 I am_broadcast_discard_app: [0,250646783,android.net.wifi.STATE_CHANGE,2,ResolveInfo{b1ef515 com.baidu.netdisk/com.baidu.cyberplayer.dlna.NetworkChangeReceiver m=0x108000}]
06-22 23:15:30.571  3004  3562 I am_broadcast_discard_app: [0,250646783,android.net.wifi.STATE_CHANGE,3,ResolveInfo{e18f02a com.sdu.didi.psnger/com.didi.sdk.receiver.WifiReceiver m=0x108000}]
06-22 23:15:30.573  3004  3562 I am_broadcast_discard_app: [0,250646783,android.net.wifi.STATE_CHANGE,4,ResolveInfo{4473e1b com.tencent.mtt/.browser.engine.ServiceProcessReceiver m=0x108000}]
06-22 23:15:30.588  4477  4477 I screen_toggled: 2
06-22 23:15:30.594  4477  4477 I sysui_status_bar_state: [1,0,0,0,0,1]
06-22 23:15:30.606  4477  4477 I sysui_view_visibility: [111,0]
06-22 23:15:30.623  3004  3295 I am_resume_activity: [0,214386446,6,com.tencent.mm/.ui.LauncherUI]
06-22 23:15:30.645  3004  3562 I am_broadcast_discard_app: [0,36562166,android.intent.action.USER_PRESENT,0,ResolveInfo{591a0f7 cn.wps.moffice_eng/cn.wps.moffice.service.receivers.MonitorServiceReceiver p=2147483647 m=0x108000}]
06-22 23:15:30.650  3004  3562 I am_broadcast_discard_app: [0,36562166,android.intent.action.USER_PRESENT,1,ResolveInfo{416fb64 com.eg.android.AlipayGphone/com.alipay.pushsdk.BroadcastActionReceiver p=2147483647 m=0x108000}]
06-22 23:15:30.653  3004  3562 I am_broadcast_discard_app: [0,36562166,android.intent.action.USER_PRESENT,2,ResolveInfo{bb55593 com.sdu.didi.psnger/com.igexin.sdk.PushReceiver p=2147483647 m=0x108000}]
06-22 23:15:30.654  3004  3562 I am_broadcast_discard_app: [0,36562166,android.intent.action.USER_PRESENT,4,ResolveInfo{efa69d0 ctrip.android.view/ctrip.android.pushsdk.DaemonReceiver p=10000 m=0x108000}]
06-22 23:15:30.654  3004  3562 I am_broadcast_discard_app: [0,36562166,android.intent.action.USER_PRESENT,5,ResolveInfo{3bc9dc9 com.ifeng.news2/com.eguan.drivermonitor.reciever.SystemStartReciever p=1000 m=0x108000}]
06-22 23:15:30.656  3004  4488 I notification_expansion: [0|com.android.bbklog|2147483647|group_key_override|1000|ranker_bundle,0,1,58026379,58026379,29939491]
06-22 23:15:30.658  3004 19683 I notification_expansion: [0|com.android.bbklog|1|null|1000,0,1,58026391,58026391,29939493]
06-22 23:15:30.690  3004  8330 I notification_panel_hidden: []
06-22 23:15:30.753  3004  4854 I am_broadcast_discard_app: [0,36562166,android.intent.action.USER_PRESENT,13,ResolveInfo{567a83d cn.wps.moffice_eng/com.igexin.sdk.PushReceiver m=0x108000}]
06-22 23:15:30.755  3004  3562 I am_broadcast_discard_app: [0,36562166,android.intent.action.USER_PRESENT,14,ResolveInfo{e936832 com.Qunar/com.igexin.sdk.PushReceiver m=0x108000}]
06-22 23:15:30.756  3004  3562 I am_broadcast_discard_app: [0,36562166,android.intent.action.USER_PRESENT,15,ResolveInfo{72ec983 com.anjuke.android.app/com.igexin.sdk.PushReceiver m=0x108000}]
06-22 23:15:30.757  3004  3562 I am_broadcast_discard_app: [0,36562166,android.intent.action.USER_PRESENT,16,ResolveInfo{ea3e700 com.autonavi.minimap/com.taobao.accs.EventReceiver m=0x108000}]
06-22 23:15:30.758  3004  3562 I am_broadcast_discard_app: [0,36562166,android.intent.action.USER_PRESENT,17,ResolveInfo{62b8b39 com.baidu.netdisk/com.baidu.android.pushservice.PushServiceReceiver m=0x108000}]
06-22 23:15:30.759  3004  3562 I am_broadcast_discard_app: [0,36562166,android.intent.action.USER_PRESENT,18,ResolveInfo{c0bd57e com.baidu.netdisk/com.baidu.devicesecurity.receiver.DSDeviceAdminReceiver m=0x108000}]
06-22 23:15:30.760  3004  3562 I am_broadcast_discard_app: [0,36562166,android.intent.action.USER_PRESENT,19,ResolveInfo{98a7adf com.dianping.v1/com.dianping.base.push.pushservice.PhoneStatusReceiver m=0x108000}]
06-22 23:15:30.761  3004  3562 I am_broadcast_discard_app: [0,36562166,android.intent.action.USER_PRESENT,20,ResolveInfo{8e0732c com.htinns/cn.jpush.android.service.PushReceiver m=0x108000}]
06-22 23:15:30.763  3004  3562 I am_broadcast_discard_app: [0,36562166,android.intent.action.USER_PRESENT,21,ResolveInfo{ab0a1f5 com.htinns/com.igexin.sdk.PushReceiver m=0x108000}]
06-22 23:15:30.764  3004  3562 I am_broadcast_discard_app: [0,36562166,android.intent.action.USER_PRESENT,23,ResolveInfo{70bcb8a com.ifeng.news2/com.ifeng.ipush.client.receiver.PushReceiver m=0x108000}]
06-22 23:15:30.765  3004  3562 I am_broadcast_discard_app: [0,36562166,android.intent.action.USER_PRESENT,25,ResolveInfo{ec5e5fb com.ifeng.news2/com.igexin.sdk.PushReceiver m=0x108000}]
06-22 23:15:30.765  3004  3562 I am_broadcast_discard_app: [0,36562166,android.intent.action.USER_PRESENT,26,ResolveInfo{1779618 com.jm.android.jumei/com.igexin.sdk.PushReceiver m=0x108000}]
06-22 23:15:30.766  3004  3562 I am_broadcast_discard_app: [0,36562166,android.intent.action.USER_PRESENT,28,ResolveInfo{e366871 com.jm.android.jumei/.push.JMAliReceiver m=0x108000}]
06-22 23:15:30.767  3004  3562 I am_broadcast_discard_app: [0,36562166,android.intent.action.USER_PRESENT,29,ResolveInfo{9631656 com.jm.android.jumei/com.taobao.accs.EventReceiver m=0x108000}]
06-22 23:15:30.768  3004  3562 I am_broadcast_discard_app: [0,36562166,android.intent.action.USER_PRESENT,30,ResolveInfo{c82e6d7 com.lesports.glivesports/com.igexin.sdk.PushReceiver m=0x108000}]
06-22 23:15:30.769  3004  3562 I am_broadcast_discard_app: [0,36562166,android.intent.action.USER_PRESENT,31,ResolveInfo{6781aad com.letv.android.client/.receiver.LockScreenReceiver m=0x108000}]
06-22 23:15:30.770  3004  3562 I am_broadcast_discard_app: [0,36562166,android.intent.action.USER_PRESENT,32,ResolveInfo{81241e2 com.letv.android.client/cn.jpush.android.service.PushReceiver m=0x108000}]
06-22 23:15:30.771  3004  3562 I am_broadcast_discard_app: [0,36562166,android.intent.action.USER_PRESENT,33,ResolveInfo{6a51973 com.microfundrn/com.igexin.sdk.PushReceiver m=0x108000}]
06-22 23:15:30.772  3004  3562 I am_broadcast_discard_app: [0,36562166,android.intent.action.USER_PRESENT,34,ResolveInfo{3ff1030 com.mobike.mobikeapp/com.igexin.sdk.PushReceiver m=0x108000}]
06-22 23:15:30.772  3004  3562 I am_broadcast_discard_app: [0,36562166,android.intent.action.USER_PRESENT,35,ResolveInfo{fa8b4a9 com.mobike.mobikeapp/com.hyphenate.chat.EMMonitorReceiver m=0x108000}]
06-22 23:15:30.773  3004  3562 I am_broadcast_discard_app: [0,36562166,android.intent.action.USER_PRESENT,36,ResolveInfo{5969a2e com.netease.mail/com.igexin.sdk.PushReceiver m=0x108000}]
06-22 23:15:30.774  3004  3562 I am_broadcast_discard_app: [0,36562166,android.intent.action.USER_PRESENT,37,ResolveInfo{1add9cf com.nfyg.hsbb/com.igexin.sdk.PushReceiver m=0x108000}]
06-22 23:15:30.775  3004  3562 I am_broadcast_discard_app: [0,36562166,android.intent.action.USER_PRESENT,39,ResolveInfo{47cff5c com.pplive.androidphone/.push.getui.PushReceiver m=0x108000}]
06-22 23:15:30.776  3004  3562 I am_broadcast_discard_app: [0,36562166,android.intent.action.USER_PRESENT,40,ResolveInfo{c2ef265 com.pplive.androidphone/com.igexin.sdk.PushReceiver m=0x108000}]
06-22 23:15:30.776  3004  3562 I am_broadcast_discard_app: [0,36562166,android.intent.action.USER_PRESENT,41,ResolveInfo{cf62b3a com.pplive.androidphone/com.pplive.pushmsgsdk.SdkReceiver m=0x108000}]
06-22 23:15:30.777  3004  3562 I am_broadcast_discard_app: [0,36562166,android.intent.action.USER_PRESENT,42,ResolveInfo{ed843eb com.pplive.androidphone/io.rong.push.PushReceiver m=0x108000}]
06-22 23:15:30.778  3004  3562 I am_broadcast_discard_app: [0,36562166,android.intent.action.USER_PRESENT,43,ResolveInfo{988b548 com.qiyi.video/com.baidu.android.pushservice.PushServiceReceiver m=0x108000}]
06-22 23:15:30.778  3004  3562 I am_broadcast_discard_app: [0,36562166,android.intent.action.USER_PRESENT,44,ResolveInfo{4214fe1 com.qiyi.video/com.iqiyi.pushservice.PushServiceReceiver m=0x108000}]
06-22 23:15:30.779  3004  3562 I am_broadcast_discard_app: [0,36562166,android.intent.action.USER_PRESENT,45,ResolveInfo{18bc106 com.qiyi.video/com.iqiyi.hcim.service.BroadcastCenter m=0x108000}]
06-22 23:15:30.780  3004  3562 I am_broadcast_discard_app: [0,36562166,android.intent.action.USER_PRESENT,46,ResolveInfo{df533c7 com.qiyi.video/com.iqiyi.impushservice.receiver.ImPushServiceReceiver m=0x108000}]
06-22 23:15:30.780  3004  3562 I am_broadcast_discard_app: [0,36562166,android.intent.action.USER_PRESENT,47,ResolveInfo{a17ddf4 com.sankuai.meituan/com.dianping.base.push.pushservice.PhoneStatusReceiver m=0x108000}]
06-22 23:15:30.786  3004  3295 I am_broadcast_discard_app: [0,36562166,android.intent.action.USER_PRESENT,49,ResolveInfo{82091d com.ss.android.article.lite/com.ss.android.message.MessageReceiver m=0x108000}]
06-22 23:15:30.788  3004  3562 I am_broadcast_discard_app: [0,36562166,android.intent.action.USER_PRESENT,50,ResolveInfo{f92e792 com.ss.android.article.lite/com.ss.android.push.sswo.SswoReceiver m=0x108000}]
06-22 23:15:30.790  3004  3562 I am_broadcast_discard_app: [0,36562166,android.intent.action.USER_PRESENT,51,ResolveInfo{1074563 com.ss.android.article.lite/com.taobao.accs.EventReceiver m=0x108000}]
06-22 23:15:30.790  3004  3562 I am_broadcast_discard_app: [0,36562166,android.intent.action.USER_PRESENT,52,ResolveInfo{4cee560 com.taobao.taobao/com.taobao.accs.EventReceiver m=0x108000}]
06-22 23:15:30.791  3004  3562 I am_broadcast_discard_app: [0,36562166,android.intent.action.USER_PRESENT,54,ResolveInfo{e3b1a19 com.tencent.news/.push.alive.offactivity.OffScreenReceiver m=0x108000}]
06-22 23:15:30.792  3004  3562 I am_broadcast_discard_app: [0,36562166,android.intent.action.USER_PRESENT,55,ResolveInfo{973eade com.tencent.news/com.taobao.accs.EventReceiver m=0x108000}]
06-22 23:15:30.792  3004  3562 I am_broadcast_discard_app: [0,36562166,android.intent.action.USER_PRESENT,56,ResolveInfo{d9ed4bf com.xiaoming.bike/com.igexin.sdk.PushReceiver m=0x108000}]
06-22 23:15:30.793  3004  3562 I am_broadcast_discard_app: [0,36562166,android.intent.action.USER_PRESENT,57,ResolveInfo{c2cf78c com.ximalaya.fm.android/com.baidu.android.pushservice.PushServiceReceiver m=0x108000}]
06-22 23:15:30.793  3004  3562 I am_broadcast_discard_app: [0,36562166,android.intent.action.USER_PRESENT,58,ResolveInfo{4da3ed5 com.ximalaya.fm.android/com.igexin.sdk.PushReceiver m=0x108000}]
06-22 23:15:30.794  3004  3562 I am_broadcast_discard_app: [0,36562166,android.intent.action.USER_PRESENT,59,ResolveInfo{dcfd6ea com.ximalaya.ting.android/com.sina.util.dnscache.net.networktype.NetworkStateReceiver m=0x108000}]
06-22 23:15:30.823  6034  6034 I am_on_resume_called: [0,com.tencent.mm.ui.LauncherUI,RESUME_ACTIVITY]
06-22 23:15:31.172  3004 13516 I am_proc_died: [0,11784,com.vivo.game]
06-22 23:15:31.172  3004 13516 I am_schedule_service_restart: [0,com.vivo.game/.update.GameReceiverService,1000]
06-22 23:15:31.503  3004  3562 I am_proc_start: [0,11902,10114,com.vivo.game,broadcast,com.vivo.game/.update.UpdateDownloadReceiver]
06-22 23:15:31.527  3004  3295 I am_proc_bound: [0,11902,com.vivo.game]
06-22 23:15:31.571  3004  3558 I am_pss  : [5780,10034,com.bbk.launcher2,80442368,77418496,0]
06-22 23:15:31.585  3004  3558 I am_pss  : [5640,1000,com.vivo.doubleinstance,3743744,3141632,0]
06-22 23:15:31.699  3004  8335 I am_broadcast_discard_app: [0,27483068,android.net.wifi.STATE_CHANGE,2,ResolveInfo{54f85bb com.baidu.netdisk/com.baidu.cyberplayer.dlna.NetworkChangeReceiver m=0x108000}]
06-22 23:15:31.700  3004  3562 I am_broadcast_discard_app: [0,27483068,android.net.wifi.STATE_CHANGE,3,ResolveInfo{73d1ad8 com.sdu.didi.psnger/com.didi.sdk.receiver.WifiReceiver m=0x108000}]
06-22 23:15:31.700  3004  3562 I am_broadcast_discard_app: [0,27483068,android.net.wifi.STATE_CHANGE,4,ResolveInfo{e426e31 com.tencent.mtt/.browser.engine.ServiceProcessReceiver m=0x108000}]
06-22 23:15:32.754  3004  4488 I am_proc_died: [0,11902,com.vivo.game]
06-22 23:15:32.754  3004  4488 I am_schedule_service_restart: [0,com.vivo.game/.update.GameReceiverService,1000]
06-22 23:15:32.770  3004  4058 I sysui_histogram: [power_double_tap_interval,3249]
06-22 23:15:32.943  3004  3566 I am_proc_start: [0,11946,10024,com.android.systemui:screenshot,service,com.android.systemui/.screenshot.TakeScreenshotService]
06-22 23:15:32.956  3004 13514 I am_proc_bound: [0,11946,com.android.systemui:screenshot]
06-22 23:15:34.685   511   511 I sf_frame_dur: [ScreenshotAnimation,43,0,0,1,1,0,0]
06-22 23:15:41.868  3004  3558 I am_pss  : [4466,10062,com.baidu.input_bbk.service,54160384,48574464,0]
06-22 23:15:41.886  3004  3558 I am_pss  : [6425,10030,com.bbk.appstore,16173056,15163392,0]
06-22 23:15:41.906  3004  3558 I am_pss  : [30286,1001,com.android.incallui,32718848,30785536,0]
06-22 23:15:41.966  3004  3558 I am_pss  : [6503,10025,com.vivo.browser,286590976,255569920,0]
06-22 23:15:41.996  3004  3558 I am_pss  : [28105,10171,com.sie.mp,72735744,67567616,0]
06-22 23:15:42.020  3004  3558 I am_pss  : [19984,10098,com.vivo.gallery,129177600,125665280,0]
06-22 23:15:42.035  3004  3558 I am_pss  : [5578,1000,com.qti.service.colorservice,3483648,2895872,0]
06-22 23:15:42.060  3004  3558 I am_pss  : [6647,99000,com.vivo.browser:sandboxed_process0,150766592,137674752,0]
06-22 23:15:42.076  3004  3558 I am_pss  : [5937,10011,android.process.media,30309376,29392896,0]
06-22 23:15:42.091  3004  3558 I am_pss  : [6840,1000,com.vivo.wifi.networkdetect,5790720,5181440,0]
06-22 23:15:42.105  3004  3558 I am_pss  : [8623,10081,com.vivo.safecenter,6966272,5914624,0]
06-22 23:15:42.120  3004  3558 I am_pss  : [4252,1000,com.vivo.appfilter,14918656,14262272,0]
06-22 23:15:42.136  3004  3558 I am_pss  : [12306,10088,com.bbk.updater,18069504,17047552,0]
06-22 23:15:42.153  3004  3558 I am_pss  : [4886,10064,com.bbk.iqoo.logsystem,21941248,21155840,0]
06-22 23:15:42.179  3004  3558 I am_pss  : [28413,10045,com.vivo.weather.provider,13595648,12460032,0]
06-22 23:15:42.196  3004  3558 I am_pss  : [4696,1000,com.vivo.smartmultiwindow,20612096,19546112,0]
06-22 23:15:42.211  3004  3558 I am_pss  : [6686,1000,com.vivo.abe:pushservice_v1,15942656,13492224,0]
06-22 23:15:42.232  3004  3558 I am_pss  : [13378,10171,com.sie.mp:pushservice,26354688,23154688,0]
06-22 23:15:42.253  3004  3558 I am_pss  : [6900,10055,com.vivo.devicereg,34110464,29827072,0]
06-22 23:15:42.270  3004  3558 I am_pss  : [5092,10066,com.vivo.magazine,11588608,10727424,0]
06-22 23:15:42.284  3004  3558 I am_pss  : [8019,10028,com.vivo.audiofx,4127744,3526656,0]
06-22 23:15:42.300  3004  3558 I am_pss  : [30592,1000,com.volte.config,2852864,2134016,0]
06-22 23:15:42.314  3004  3558 I am_pss  : [30523,10041,com.android.BBKClock,4021248,3014656,0]
06-22 23:15:42.332  3004  3558 I am_pss  : [5080,10002,com.vivo.sim.contacts,7937024,7282688,0]
06-22 23:15:42.351  3004  3558 I am_pss  : [7102,10063,com.iqoo.secure:remote,31273984,30257152,0]
06-22 23:15:42.370  3004  3558 I am_pss  : [7412,1000,com.vivo.permissionmanager,13548544,12853248,0]
06-22 23:15:42.387  3004  3558 I am_pss  : [7975,1000,com.qualcomm.qti.appnetaccess,3404800,2813952,0]
06-22 23:15:42.404  3004  3558 I am_pss  : [4664,1000,com.android.settings,11305984,10358784,0]
06-22 23:15:42.422  3004  3558 I am_pss  : [8226,1000,org.simalliance.openmobileapi.service:remote,3141632,2568192,0]
06-22 23:15:42.440  3004  3558 I am_pss  : [5138,1001,com.qualcomm.qcrilmsgtunnel,10971136,10391552,0]
06-22 23:15:42.455  3004  3558 I am_pss  : [7637,1000,com.qualcomm.qti.qs,5174272,4583424,0]
06-22 23:15:42.470  3004  3558 I am_pss  : [7392,1000,com.android.fuelsummary,6658048,6053888,0]
06-22 23:15:42.485  3004  3558 I am_pss  : [7263,1000,com.qualcomm.display,2889728,2347008,0]
06-22 23:15:42.506  3004  3558 I am_pss  : [4453,1002,com.android.bluetooth,11729920,9420800,0]
06-22 23:15:43.782  3004  3004 I free_storage_changed: 30693560320
06-22 23:15:44.864  3004 23745 I wm_task_moved: [6,1,9]
06-22 23:15:44.866  3004 23745 I am_create_activity: [0,91576579,6,com.tencent.mm/.plugin.gallery.ui.GalleryEntryUI,NULL,NULL,NULL,67108864]
06-22 23:15:44.872  3004 23745 I wm_task_moved: [6,1,9]
06-22 23:15:44.876  3004 23745 I am_focused_activity: [0,com.tencent.mm/.plugin.gallery.ui.GalleryEntryUI,startedActivity]
06-22 23:15:44.878  3004 23745 I am_pause_activity: [0,214386446,com.tencent.mm/.ui.LauncherUI]
06-22 23:15:44.883  3004 23745 I sysui_action: [323,com.tencent.mm/.plugin.gallery.ui.GalleryEntryUI]
06-22 23:15:44.883  3004 23745 I sysui_action: [324,true]
06-22 23:15:44.883  3004 23745 I sysui_action: [325,23243]
06-22 23:15:44.918   511   511 I sf_frame_dur: [PopupWindow:bba57bf,0,0,0,0,0,1,0]
06-22 23:15:44.976  6034  6034 I am_on_paused_called: [0,com.tencent.mm.ui.LauncherUI,handlePauseActivity]
06-22 23:15:44.988  3004 23747 I am_restart_activity: [0,91576579,6,com.tencent.mm/.plugin.gallery.ui.GalleryEntryUI]
06-22 23:15:45.005  3004  3562 I sysui_count: [window_time_0,85]
06-22 23:15:45.192  3004 23747 I wm_task_moved: [6,1,9]
06-22 23:15:45.192  3004 23747 I am_create_activity: [0,107331426,6,com.tencent.mm/.plugin.gallery.ui.ImagePreviewUI,NULL,NULL,NULL,67108864]
06-22 23:15:45.193  3004 23747 I wm_task_moved: [6,1,9]
06-22 23:15:45.194  3004 23747 I am_focused_activity: [0,com.tencent.mm/.plugin.gallery.ui.ImagePreviewUI,startedActivity]
06-22 23:15:45.195  3004 23747 I am_pause_activity: [0,91576579,com.tencent.mm/.plugin.gallery.ui.GalleryEntryUI]
06-22 23:15:45.201  7611  7611 I am_on_resume_called: [0,com.tencent.mm.plugin.gallery.ui.GalleryEntryUI,LAUNCH_ACTIVITY]
06-22 23:15:45.207  7611  7611 I am_on_paused_called: [0,com.tencent.mm.plugin.gallery.ui.GalleryEntryUI,handlePauseActivity]
06-22 23:15:45.212  3004 23749 I am_restart_activity: [0,107331426,6,com.tencent.mm/.plugin.gallery.ui.ImagePreviewUI]
06-22 23:15:45.219  3004  3562 I sysui_count: [window_time_0,0]
06-22 23:15:45.504  7611  7611 I am_on_resume_called: [0,com.tencent.mm.plugin.gallery.ui.ImagePreviewUI,LAUNCH_ACTIVITY]
06-22 23:15:45.712  3004  3883 I am_activity_launch_time: [0,107331426,com.tencent.mm/.plugin.gallery.ui.ImagePreviewUI,502,733]
06-22 23:15:45.935  3004  3562 I am_stop_activity: [0,214386446,com.tencent.mm/.ui.LauncherUI]
06-22 23:15:45.938  3004  3562 I am_stop_activity: [0,91576579,com.tencent.mm/.plugin.gallery.ui.GalleryEntryUI]
06-22 23:15:45.942  6034  6034 I am_on_stop_called: [0,com.tencent.mm.ui.LauncherUI,handleStopActivity]
06-22 23:15:45.954  7611  7611 I am_on_stop_called: [0,com.tencent.mm.plugin.gallery.ui.GalleryEntryUI,handleStopActivity]
06-22 23:15:45.969   511   511 I sf_frame_dur: [com.tencent.mm/com.tencent.mm.ui.LauncherUI,433,16,11,10,4,3,7]
06-22 23:15:47.406  3004  4888 I wm_task_moved: [6,1,9]
06-22 23:15:47.407  3004  4888 I am_create_activity: [0,205225171,6,com.tencent.mm/.ui.chatting.SendImgProxyUI,NULL,NULL,NULL,0]
06-22 23:15:47.408  3004  4888 I wm_task_moved: [6,1,9]
06-22 23:15:47.410  3004  4888 I am_focused_activity: [0,com.tencent.mm/.ui.chatting.SendImgProxyUI,startedActivity]
06-22 23:15:47.410  3004  4888 I am_pause_activity: [0,107331426,com.tencent.mm/.plugin.gallery.ui.ImagePreviewUI]
06-22 23:15:47.418  3004  4888 I sysui_action: [323,com.tencent.mm/.ui.chatting.SendImgProxyUI]
06-22 23:15:47.418  3004  4888 I sysui_action: [324,true]
06-22 23:15:47.418  3004  4888 I sysui_action: [325,23246]
06-22 23:15:47.445  7611  7611 I am_on_paused_called: [0,com.tencent.mm.plugin.gallery.ui.ImagePreviewUI,handlePauseActivity]
06-22 23:15:47.456  3004  4854 I am_restart_activity: [0,205225171,6,com.tencent.mm/.ui.chatting.SendImgProxyUI]
06-22 23:15:47.461  3004  3562 I sysui_count: [window_time_0,2]
06-22 23:15:47.582  6034  6034 I am_on_resume_called: [0,com.tencent.mm.ui.chatting.SendImgProxyUI,LAUNCH_ACTIVITY]
06-22 23:15:47.613  3004  8335 I am_finish_activity: [0,205225171,6,com.tencent.mm/.ui.chatting.SendImgProxyUI,app-request]
06-22 23:15:47.614  3004  8335 I wm_task_moved: [6,1,9]
06-22 23:15:47.618  3004  8335 I am_focused_activity: [0,com.tencent.mm/.plugin.gallery.ui.ImagePreviewUI,finishActivity adjustFocus]
06-22 23:15:47.618  3004  8335 I am_pause_activity: [0,205225171,com.tencent.mm/.ui.chatting.SendImgProxyUI]
06-22 23:15:47.664  6034  6034 I am_on_paused_called: [0,com.tencent.mm.ui.chatting.SendImgProxyUI,handlePauseActivity]
06-22 23:15:47.674  3004  4843 I am_resume_activity: [0,107331426,6,com.tencent.mm/.plugin.gallery.ui.ImagePreviewUI]
06-22 23:15:47.680  3004  4488 I am_finish_activity: [0,107331426,6,com.tencent.mm/.plugin.gallery.ui.ImagePreviewUI,app-request]
06-22 23:15:47.681  3004  4488 I wm_task_moved: [6,1,9]
06-22 23:15:47.682  3004  4488 I am_focused_activity: [0,com.tencent.mm/.plugin.gallery.ui.GalleryEntryUI,finishActivity adjustFocus]
06-22 23:15:47.682  3004  4488 I am_pause_activity: [0,107331426,com.tencent.mm/.plugin.gallery.ui.ImagePreviewUI]
06-22 23:15:47.683  3004  3883 I sysui_action: [320,2]
06-22 23:15:47.683  3004  3883 I sysui_action: [319,281]
06-22 23:15:47.695  3004  4887 I am_resume_activity: [0,91576579,6,com.tencent.mm/.plugin.gallery.ui.GalleryEntryUI]
06-22 23:15:47.702  3004  3562 I sysui_count: [window_time_0,1]
06-22 23:15:47.721  3004  3295 I am_finish_activity: [0,91576579,6,com.tencent.mm/.plugin.gallery.ui.GalleryEntryUI,app-request]
06-22 23:15:47.723  3004  3295 I wm_task_moved: [6,1,9]
06-22 23:15:47.724  3004  3295 I am_focused_activity: [0,com.tencent.mm/.ui.LauncherUI,finishActivity adjustFocus]
06-22 23:15:47.725  3004  3295 I am_pause_activity: [0,91576579,com.tencent.mm/.plugin.gallery.ui.GalleryEntryUI]
06-22 23:15:47.736  3004  4844 I am_resume_activity: [0,214386446,6,com.tencent.mm/.ui.LauncherUI]
06-22 23:15:47.849  6034  6034 I am_on_resume_called: [0,com.tencent.mm.ui.LauncherUI,RESUME_ACTIVITY]
06-22 23:15:47.903  3004  3883 I sysui_action: [322,501]
06-22 23:15:47.976  3004  4647 I am_destroy_activity: [0,205225171,6,com.tencent.mm/.ui.chatting.SendImgProxyUI,finish-idle]
06-22 23:15:47.983  6034  6034 I am_on_stop_called: [0,com.tencent.mm.ui.chatting.SendImgProxyUI,destroy]
06-22 23:15:48.128  3004  3562 I am_destroy_activity: [0,91576579,6,com.tencent.mm/.plugin.gallery.ui.GalleryEntryUI,finish-imm]
06-22 23:15:48.128  3004  3562 I am_destroy_activity: [0,107331426,6,com.tencent.mm/.plugin.gallery.ui.ImagePreviewUI,finish-imm]
06-22 23:15:48.154  7611  7611 I am_on_stop_called: [0,com.tencent.mm.plugin.gallery.ui.ImagePreviewUI,destroy]
06-22 23:15:48.207   511   511 I sf_frame_dur: [com.tencent.mm/com.tencent.mm.plugin.gallery.ui.ImagePreviewUI,19,0,2,0,0,0,1]
06-22 23:15:49.232  3004  3558 I am_pss  : [5265,10016,com.android.mms,26732544,24518656,0]
06-22 23:15:49.268  3004  3558 I am_pss  : [30222,10002,com.android.contacts,18798592,17575936,0]
06-22 23:15:49.288  3004  3558 I am_pss  : [12547,10002,com.android.calllogbackup,3060736,2523136,0]
06-22 23:15:49.302  3004  3558 I am_pss  : [26631,1000,com.qualcomm.qti.RIDL,2778112,2215936,0]
06-22 23:15:49.787  3004  3562 I am_proc_start: [0,12044,10114,com.vivo.game,broadcast,com.vivo.game/.update.UpdateDownloadReceiver]
06-22 23:15:49.805  3004  8333 I am_proc_bound: [0,12044,com.vivo.game]
06-22 23:15:49.991  3004  3295 I am_broadcast_discard_app: [0,210424786,android.net.wifi.STATE_CHANGE,2,ResolveInfo{da3b493 com.baidu.netdisk/com.baidu.cyberplayer.dlna.NetworkChangeReceiver m=0x108000}]
06-22 23:15:49.992  3004  3562 I am_broadcast_discard_app: [0,210424786,android.net.wifi.STATE_CHANGE,3,ResolveInfo{c6adcd0 com.sdu.didi.psnger/com.didi.sdk.receiver.WifiReceiver m=0x108000}]
06-22 23:15:49.994  3004  3562 I am_broadcast_discard_app: [0,210424786,android.net.wifi.STATE_CHANGE,4,ResolveInfo{1a794c9 com.tencent.mtt/.browser.engine.ServiceProcessReceiver m=0x108000}]
06-22 23:15:51.031  3004  3295 I am_proc_died: [0,12044,com.vivo.game]
06-22 23:15:51.032  3004  3295 I am_schedule_service_restart: [0,com.vivo.game/.update.GameReceiverService,1000]
06-22 23:15:51.053  3004  3558 I am_pss  : [8247,10133,com.tencent.mm:exdevice,17677312,14794752,0]
06-22 23:15:51.070  3004  3558 I am_pss  : [6775,10133,com.tencent.mm:push,23137280,20008960,0]
06-22 23:15:51.394  3004  3562 I am_proc_start: [0,12083,10114,com.vivo.game,broadcast,com.vivo.game/.update.UpdateDownloadReceiver]
06-22 23:15:51.416  3004  4887 I am_proc_bound: [0,12083,com.vivo.game]
06-22 23:15:51.592  3004  8338 I am_broadcast_discard_app: [0,165319386,android.net.wifi.STATE_CHANGE,2,ResolveInfo{3e2918 com.baidu.netdisk/com.baidu.cyberplayer.dlna.NetworkChangeReceiver m=0x108000}]
06-22 23:15:51.592  3004  3562 I am_broadcast_discard_app: [0,165319386,android.net.wifi.STATE_CHANGE,3,ResolveInfo{b8cff71 com.sdu.didi.psnger/com.didi.sdk.receiver.WifiReceiver m=0x108000}]
06-22 23:15:51.597  3004  3562 I am_broadcast_discard_app: [0,165319386,android.net.wifi.STATE_CHANGE,4,ResolveInfo{9dcd5d7 com.tencent.mtt/.browser.engine.ServiceProcessReceiver m=0x108000}]
06-22 23:15:52.050  3004  3293 I wm_task_moved: [6,1,9]
06-22 23:15:52.052  3004  3293 I am_create_activity: [0,120339682,6,com.tencent.mm/.ui.chatting.AtSomeoneUI,NULL,NULL,NULL,0]
06-22 23:15:52.055  3004  3293 I wm_task_moved: [6,1,9]
06-22 23:15:52.059  3004  3293 I am_focused_activity: [0,com.tencent.mm/.ui.chatting.AtSomeoneUI,startedActivity]
06-22 23:15:52.060  3004  3293 I am_pause_activity: [0,214386446,com.tencent.mm/.ui.LauncherUI]
06-22 23:15:52.148  6034  6034 I am_on_paused_called: [0,com.tencent.mm.ui.LauncherUI,handlePauseActivity]
06-22 23:15:52.154  3004 13517 I am_restart_activity: [0,120339682,6,com.tencent.mm/.ui.chatting.AtSomeoneUI]
06-22 23:15:52.168  3004  3562 I sysui_count: [window_time_0,4]
06-22 23:15:52.219  6034  6034 I am_on_resume_called: [0,com.tencent.mm.ui.chatting.AtSomeoneUI,LAUNCH_ACTIVITY]
06-22 23:15:52.373  3004  3883 I am_activity_launch_time: [0,120339682,com.tencent.mm/.ui.chatting.AtSomeoneUI,222,4924]
06-22 23:15:52.447   511   511 I sf_frame_dur: [InputMethod,1,2,3,1,0,2,0]
06-22 23:15:52.642  3004  8331 I am_proc_died: [0,12083,com.vivo.game]
06-22 23:15:52.642  3004  8331 I am_schedule_service_restart: [0,com.vivo.game/.update.GameReceiverService,1000]
06-22 23:15:52.653  3004  3562 I am_stop_activity: [0,214386446,com.tencent.mm/.ui.LauncherUI]
06-22 23:15:52.655  6034  6034 I am_on_stop_called: [0,com.tencent.mm.ui.LauncherUI,handleStopActivity]
06-22 23:15:52.682   511   511 I sf_frame_dur: [com.tencent.mm/com.tencent.mm.ui.LauncherUI,61,10,6,5,1,2,0]
06-22 23:15:56.176  3004  4854 I am_finish_activity: [0,120339682,6,com.tencent.mm/.ui.chatting.AtSomeoneUI,app-request]
06-22 23:15:56.178  3004  4854 I wm_task_moved: [6,1,9]
06-22 23:15:56.182  3004  4854 I am_focused_activity: [0,com.tencent.mm/.ui.LauncherUI,finishActivity adjustFocus]
06-22 23:15:56.182  3004  4854 I am_pause_activity: [0,120339682,com.tencent.mm/.ui.chatting.AtSomeoneUI]
06-22 23:15:56.191  6034  6034 I am_on_paused_called: [0,com.tencent.mm.ui.chatting.AtSomeoneUI,handlePauseActivity]
06-22 23:15:56.198  3004  8338 I am_resume_activity: [0,214386446,6,com.tencent.mm/.ui.LauncherUI]
06-22 23:15:56.203  3004  3562 I sysui_count: [window_time_0,4]
06-22 23:15:56.291  6034  6034 I am_on_resume_called: [0,com.tencent.mm.ui.LauncherUI,RESUME_ACTIVITY]
06-22 23:15:56.677  3004  3562 I am_destroy_activity: [0,120339682,6,com.tencent.mm/.ui.chatting.AtSomeoneUI,finish-imm]
06-22 23:15:56.680  6034  6034 I am_on_stop_called: [0,com.tencent.mm.ui.chatting.AtSomeoneUI,destroy]
06-22 23:15:56.688   511   511 I sf_frame_dur: [com.tencent.mm/com.tencent.mm.ui.chatting.AtSomeoneUI,14,2,0,0,2,0,1]
06-22 23:16:00.120  3004  3558 I am_pss  : [6034,10133,com.tencent.mm,215060480,201900032,0]
06-22 23:16:00.486  3004  4050 I am_wtf  : [0,3004,system_server,-1,ActivityManager,Sending non-protected broadcast MqttService.pingSender.364803822420926726 from system uid 1000 pkg com.vivo.abe]
06-22 23:16:09.774  3004  3562 I am_proc_start: [0,12144,10114,com.vivo.game,broadcast,com.vivo.game/.update.UpdateDownloadReceiver]
06-22 23:16:09.793  3004  4409 I am_proc_bound: [0,12144,com.vivo.game]
06-22 23:16:09.841  3004  3558 I am_pss  : [7611,10133,com.tencent.mm:tools,74932224,48951296,0]
06-22 23:16:09.862  3004  3558 I am_pss  : [5937,10011,android.process.media,30307328,29405184,0]
06-22 23:16:09.882  3004  3558 I am_pss  : [11946,10024,com.android.systemui:screenshot,20365312,18124800,0]
06-22 23:16:09.898  3004  3558 I am_pss  : [14190,10004,com.android.providers.calendar,5580800,4849664,0]
06-22 23:16:09.912  3004  3558 I am_pss  : [11181,10092,com.bbk.calendar,5011456,4440064,0]
06-22 23:16:09.974  3004  4409 I am_broadcast_discard_app: [0,74576677,android.net.wifi.STATE_CHANGE,2,ResolveInfo{90998aa com.baidu.netdisk/com.baidu.cyberplayer.dlna.NetworkChangeReceiver m=0x108000}]
06-22 23:16:09.980  3004  3562 I am_broadcast_discard_app: [0,74576677,android.net.wifi.STATE_CHANGE,3,ResolveInfo{315fc9b com.sdu.didi.psnger/com.didi.sdk.receiver.WifiReceiver m=0x108000}]
06-22 23:16:09.981  3004  3562 I am_broadcast_discard_app: [0,74576677,android.net.wifi.STATE_CHANGE,4,ResolveInfo{e35f838 com.tencent.mtt/.browser.engine.ServiceProcessReceiver m=0x108000}]
06-22 23:16:11.056  3004 19682 I am_proc_died: [0,12144,com.vivo.game]
06-22 23:16:11.057  3004 19682 I am_schedule_service_restart: [0,com.vivo.game/.update.GameReceiverService,1000]
06-22 23:16:11.398  3004  3562 I am_proc_start: [0,12181,10114,com.vivo.game,broadcast,com.vivo.game/.update.UpdateDownloadReceiver]
06-22 23:16:11.420  3004  8339 I am_proc_bound: [0,12181,com.vivo.game]
06-22 23:16:11.609  3004  3293 I am_broadcast_discard_app: [0,147703671,android.net.wifi.STATE_CHANGE,2,ResolveInfo{b4412bd com.baidu.netdisk/com.baidu.cyberplayer.dlna.NetworkChangeReceiver m=0x108000}]
06-22 23:16:11.614  3004  3562 I am_broadcast_discard_app: [0,147703671,android.net.wifi.STATE_CHANGE,3,ResolveInfo{4dfc0b2 com.sdu.didi.psnger/com.didi.sdk.receiver.WifiReceiver m=0x108000}]
06-22 23:16:11.616  3004  3562 I am_broadcast_discard_app: [0,147703671,android.net.wifi.STATE_CHANGE,4,ResolveInfo{2313380 com.tencent.mtt/.browser.engine.ServiceProcessReceiver m=0x108000}]
06-22 23:16:12.643  3004  8327 I am_proc_died: [0,12181,com.vivo.game]
06-22 23:16:12.643  3004  8327 I am_schedule_service_restart: [0,com.vivo.game/.update.GameReceiverService,1000]
06-22 23:16:29.774  3004  3562 I am_proc_start: [0,12232,10114,com.vivo.game,broadcast,com.vivo.game/.update.UpdateDownloadReceiver]
06-22 23:16:29.793  3004  4409 I am_proc_bound: [0,12232,com.vivo.game]
06-22 23:16:29.986  3004 23749 I am_broadcast_discard_app: [0,95086377,android.net.wifi.STATE_CHANGE,2,ResolveInfo{6a78b5e com.baidu.netdisk/com.baidu.cyberplayer.dlna.NetworkChangeReceiver m=0x108000}]
06-22 23:16:29.987  3004  3562 I am_broadcast_discard_app: [0,95086377,android.net.wifi.STATE_CHANGE,3,ResolveInfo{a812b3f com.sdu.didi.psnger/com.didi.sdk.receiver.WifiReceiver m=0x108000}]
06-22 23:16:29.991  3004  3562 I am_broadcast_discard_app: [0,95086377,android.net.wifi.STATE_CHANGE,4,ResolveInfo{5e6cc0c com.tencent.mtt/.browser.engine.ServiceProcessReceiver m=0x108000}]
06-22 23:16:30.533  3004  4057 I am_new_intent: [0,232587114,2,com.bbk.launcher2/.Launcher,android.intent.action.MAIN,NULL,NULL,278921216]
06-22 23:16:30.534  3004  4057 I am_focused_stack: [0,0,1,bringingFoundTaskToFront setFocusedActivity]
06-22 23:16:30.535  3004  4057 I wm_task_moved: [2,1,0]
06-22 23:16:30.538  3004  4057 I am_focused_activity: [0,com.bbk.launcher2/.Launcher,bringingFoundTaskToFront]
06-22 23:16:30.569  3004  4057 I am_pause_activity: [0,214386446,com.tencent.mm/.ui.LauncherUI]
06-22 23:16:30.582  3004  4057 I am_task_to_front: [0,2]
06-22 23:16:30.585  3004  4057 I sysui_action: [323,com.bbk.launcher2/.Launcher]
06-22 23:16:30.585  3004  4057 I sysui_action: [324,true]
06-22 23:16:30.585  3004  4057 I sysui_action: [325,23289]
06-22 23:16:30.639  6034  6034 I am_on_paused_called: [0,com.tencent.mm.ui.LauncherUI,handlePauseActivity]
06-22 23:16:30.651  3004  8338 I am_resume_activity: [0,64329445,2,com.bbk.launcher2/.Launcher]
06-22 23:16:30.661  3004  3562 I sysui_count: [window_time_0,35]
06-22 23:16:30.678  5780  5780 I am_on_resume_called: [0,com.bbk.launcher2.Launcher,RESUME_ACTIVITY]
06-22 23:16:30.714  3004  3883 I sysui_action: [320,2]
06-22 23:16:30.714  3004  3883 I sysui_action: [319,195]
06-22 23:16:30.714  3004  3883 I sysui_action: [322,195]
06-22 23:16:30.951   511   511 I sf_frame_dur: [InputMethod,80,25,27,21,23,6,5]
06-22 23:16:30.955  3004  3562 I am_stop_activity: [0,214386446,com.tencent.mm/.ui.LauncherUI]
06-22 23:16:30.961  6034  6034 I am_on_stop_called: [0,com.tencent.mm.ui.LauncherUI,handleStopActivity]
06-22 23:16:31.031  3004  4488 I am_proc_died: [0,12232,com.vivo.game]
06-22 23:16:31.031  3004  4488 I am_schedule_service_restart: [0,com.vivo.game/.update.GameReceiverService,1000]
06-22 23:16:31.033   511   511 I sf_frame_dur: [com.tencent.mm/com.tencent.mm.ui.LauncherUI,36,9,11,9,51,19,0]
06-22 23:16:31.344  3004  3562 I am_proc_start: [0,12273,10114,com.vivo.game,broadcast,com.vivo.game/.update.UpdateDownloadReceiver]
06-22 23:16:31.356  3004  8336 I am_proc_bound: [0,12273,com.vivo.game]
06-22 23:16:31.517  3004 19683 I am_broadcast_discard_app: [0,1994610,android.net.wifi.STATE_CHANGE,2,ResolveInfo{838722b com.baidu.netdisk/com.baidu.cyberplayer.dlna.NetworkChangeReceiver m=0x108000}]
06-22 23:16:31.519  3004  3562 I am_broadcast_discard_app: [0,1994610,android.net.wifi.STATE_CHANGE,3,ResolveInfo{b13e688 com.sdu.didi.psnger/com.didi.sdk.receiver.WifiReceiver m=0x108000}]
06-22 23:16:31.520  3004  3562 I am_broadcast_discard_app: [0,1994610,android.net.wifi.STATE_CHANGE,4,ResolveInfo{9c37446 com.tencent.mtt/.browser.engine.ServiceProcessReceiver m=0x108000}]
06-22 23:16:31.788  3004  3562 I am_wtf  : [0,4651,system_server,-1,KernelWakelockReader,neither /proc/wakelocks nor /d/wakeup_sources exists]
06-22 23:16:31.928  3004  4647 I am_kill : [0,12273,com.vivo.game,500,stop com.vivo.game]
06-22 23:16:31.928  3004  4647 I am_schedule_service_restart: [0,com.vivo.game/.update.GameReceiverService,1000]
06-22 23:16:31.938  3004  3004 I notification_cancel_all: [1000,3004,com.vivo.game,0,0,0,5,NULL]
06-22 23:16:31.964  3004  3562 I am_broadcast_discard_app: [0,131409450,android.intent.action.PACKAGE_RESTARTED,0,ResolveInfo{5de3c1b com.tencent.android.qqdownloader/com.tencent.assistant.localres.localapk.PackageChangedReceiver p=2147483647 m=0x208000}]
06-22 23:16:31.978  3004  4826 I am_broadcast_discard_app: [0,131409450,android.intent.action.PACKAGE_RESTARTED,5,ResolveInfo{dd201b8 com.tencent.android.qqdownloader/com.qq.AppService.APKReceiver m=0x208000}]
06-22 23:16:32.220  3004 13517 I am_create_task: [0,28]
06-22 23:16:32.220  3004 13517 I am_create_activity: [0,188808081,28,com.doordu.mobile/.ui.LauncherActivity,android.intent.action.MAIN,NULL,NULL,807403520]
06-22 23:16:32.221  3004 13517 I wm_task_created: [28,1]
06-22 23:16:32.221  3004 13517 I wm_task_moved: [28,1,10]
06-22 23:16:32.222  3004 13517 I am_focused_stack: [0,1,0,startedActivity setFocusedActivity]
06-22 23:16:32.222  3004 13517 I wm_task_moved: [28,1,10]
06-22 23:16:32.223  3004 13517 I am_focused_activity: [0,com.doordu.mobile/.ui.LauncherActivity,startedActivity]
06-22 23:16:32.223  3004 13517 I am_pause_activity: [0,64329445,com.bbk.launcher2/.Launcher]
06-22 23:16:32.226  3004 13517 I sysui_action: [323,com.doordu.mobile/.ui.LauncherActivity]
06-22 23:16:32.226  3004 13517 I sysui_action: [324,false]
06-22 23:16:32.226  3004 13517 I sysui_action: [325,23291]
06-22 23:16:32.228  5780  5780 I am_on_paused_called: [0,com.bbk.launcher2.Launcher,handlePauseActivity]
