06-22 23:44:14.479  3004  3004 I notification_enqueue: [1000,5826,com.android.bbklog,2,NULL,0,Notification(pri=0 contentView=null vibrate=null sound=null defaults=0x0 flags=0x2 color=0x00000000 vis=PRIVATE),1]
06-22 23:44:14.484  3004  8331 I notification_autogrouped: 0|com.android.bbklog|2|null|1000
06-22 23:44:14.485  3004  8327 I notification_autogrouped: 0|com.android.bbklog|2|null|1000
06-22 23:44:14.485  3004  8327 I notification_autogrouped: 0|com.android.bbklog|1|null|1000
06-22 23:44:15.433  3004  3562 I am_broadcast_discard_app: [0,141004212,android.net.wifi.RSSI_CHANGED,0,ResolveInfo{e7c5ddd com.sdu.didi.psnger/com.didi.sdk.receiver.WifiReceiver m=0x108000}]
06-22 23:44:16.653  3004  3004 I notification_enqueue: [1000,5826,com.android.bbklog,2,NULL,0,Notification(pri=0 contentView=null vibrate=null sound=null defaults=0x0 flags=0x2 color=0x00000000 vis=PRIVATE),1]
06-22 23:44:16.659  3004  4854 I notification_autogrouped: 0|com.android.bbklog|2|null|1000
06-22 23:44:16.661  3004  4488 I notification_autogrouped: 0|com.android.bbklog|2|null|1000
06-22 23:44:16.661  3004  4488 I notification_autogrouped: 0|com.android.bbklog|1|null|1000
06-22 23:44:18.443  3004  3562 I am_broadcast_discard_app: [0,248107296,android.net.wifi.RSSI_CHANGED,0,ResolveInfo{865fad9 com.sdu.didi.psnger/com.didi.sdk.receiver.WifiReceiver m=0x108000}]
06-22 23:44:20.959  3004  3004 I notification_enqueue: [1000,5826,com.android.bbklog,2,NULL,0,Notification(pri=0 contentView=null vibrate=null sound=null defaults=0x0 flags=0x2 color=0x00000000 vis=PRIVATE),1]
06-22 23:44:20.967  3004  8333 I notification_autogrouped: 0|com.android.bbklog|2|null|1000
06-22 23:44:20.971  3004  4409 I notification_autogrouped: 0|com.android.bbklog|2|null|1000
06-22 23:44:20.971  3004  4409 I notification_autogrouped: 0|com.android.bbklog|1|null|1000
06-22 23:44:21.323  3004  4064 I netstats_mobile_sample: [12015492,14654,1945685,11821,11834636,10321,1851117,11821,11834636,10321,1854417,11888,1498146261324]
06-22 23:44:21.325  3004  4064 I netstats_wifi_sample: [341863771,794367,1022843503,901643,340856772,641293,1010209452,901239,340834723,641125,1010274808,903121,1498146261324]
06-22 23:44:21.456  3004  3562 I am_broadcast_discard_app: [0,196242325,android.net.wifi.RSSI_CHANGED,0,ResolveInfo{1fd64aa com.sdu.didi.psnger/com.didi.sdk.receiver.WifiReceiver m=0x108000}]
06-22 23:44:21.498  3004  3558 I am_pss  : [26090,10133,com.tencent.mm:push,20758528,16617472,0]
06-22 23:44:23.092  3004  3004 I notification_enqueue: [1000,5826,com.android.bbklog,2,NULL,0,Notification(pri=0 contentView=null vibrate=null sound=null defaults=0x0 flags=0x2 color=0x00000000 vis=PRIVATE),1]
06-22 23:44:23.100  3004  8334 I notification_autogrouped: 0|com.android.bbklog|2|null|1000
06-22 23:44:23.103  3004  8330 I notification_autogrouped: 0|com.android.bbklog|2|null|1000
06-22 23:44:23.103  3004  8330 I notification_autogrouped: 0|com.android.bbklog|1|null|1000
06-22 23:44:24.467  3004  3562 I am_broadcast_discard_app: [0,203107345,android.net.wifi.RSSI_CHANGED,0,ResolveInfo{5252176 com.sdu.didi.psnger/com.didi.sdk.receiver.WifiReceiver m=0x108000}]
06-22 23:44:24.513  3004  3558 I am_pss  : [25780,10133,com.tencent.mm:exdevice,20795392,14774272,0]
06-22 23:44:24.541  3004  3558 I am_pss  : [5640,1000,com.vivo.doubleinstance,3946496,3137536,0]
06-22 23:44:27.477  3004  3562 I am_broadcast_discard_app: [0,91584589,android.net.wifi.RSSI_CHANGED,0,ResolveInfo{639df02 com.sdu.didi.psnger/com.didi.sdk.receiver.WifiReceiver m=0x108000}]
06-22 23:44:27.492  3004  3004 I notification_enqueue: [1000,5826,com.android.bbklog,2,NULL,0,Notification(pri=0 contentView=null vibrate=null sound=null defaults=0x0 flags=0x2 color=0x00000000 vis=PRIVATE),1]
06-22 23:44:27.505  3004 23745 I notification_autogrouped: 0|com.android.bbklog|2|null|1000
06-22 23:44:27.506  3004 13515 I notification_autogrouped: 0|com.android.bbklog|2|null|1000
06-22 23:44:27.506  3004 13515 I notification_autogrouped: 0|com.android.bbklog|1|null|1000
06-22 23:44:28.857  3004  4064 I netstats_mobile_sample: [12015492,14654,1945685,11821,11834636,10321,1851117,11821,11834636,10321,1854417,11888,1498146268857]
06-22 23:44:28.857  3004  4064 I netstats_wifi_sample: [342308692,802020,1043756878,915797,341300625,648925,1030878791,915362,341278420,648754,1030935267,917238,1498146268857]
06-22 23:44:28.955  3004  3558 I am_pss  : [26462,10119,com.baidu.BaiduMap:MapCoreService,7890944,5373952,0]
06-22 23:44:29.443  3004  3004 I notification_enqueue: [1000,5826,com.android.bbklog,2,NULL,0,Notification(pri=0 contentView=null vibrate=null sound=null defaults=0x0 flags=0x2 color=0x00000000 vis=PRIVATE),1]
06-22 23:44:29.448  3004  4488 I notification_autogrouped: 0|com.android.bbklog|2|null|1000
06-22 23:44:29.449  3004  8333 I notification_autogrouped: 0|com.android.bbklog|2|null|1000
06-22 23:44:29.449  3004  8333 I notification_autogrouped: 0|com.android.bbklog|1|null|1000
06-22 23:44:30.491  3004  3562 I am_broadcast_discard_app: [0,132910258,android.net.wifi.RSSI_CHANGED,0,ResolveInfo{f0bd403 com.sdu.didi.psnger/com.didi.sdk.receiver.WifiReceiver m=0x108000}]
06-22 23:44:33.505  3004  3562 I am_broadcast_discard_app: [0,260719102,android.net.wifi.RSSI_CHANGED,0,ResolveInfo{66dad5f com.sdu.didi.psnger/com.didi.sdk.receiver.WifiReceiver m=0x108000}]
06-22 23:44:34.031  3004  3004 I notification_enqueue: [1000,5826,com.android.bbklog,2,NULL,0,Notification(pri=0 contentView=null vibrate=null sound=null defaults=0x0 flags=0x2 color=0x00000000 vis=PRIVATE),1]
06-22 23:44:34.037  3004  8338 I notification_autogrouped: 0|com.android.bbklog|2|null|1000
06-22 23:44:34.038  3004  4647 I notification_autogrouped: 0|com.android.bbklog|2|null|1000
06-22 23:44:34.039  3004  4647 I notification_autogrouped: 0|com.android.bbklog|1|null|1000
06-22 23:44:35.881  3004  3004 I notification_enqueue: [1000,5826,com.android.bbklog,2,NULL,0,Notification(pri=0 contentView=null vibrate=null sound=null defaults=0x0 flags=0x2 color=0x00000000 vis=PRIVATE),1]
06-22 23:44:35.892  3004 23741 I notification_autogrouped: 0|com.android.bbklog|2|null|1000
06-22 23:44:35.896  3004  8334 I notification_autogrouped: 0|com.android.bbklog|2|null|1000
06-22 23:44:35.896  3004  8334 I notification_autogrouped: 0|com.android.bbklog|1|null|1000
06-22 23:44:36.514  3004  3562 I am_broadcast_discard_app: [0,88375306,android.net.wifi.RSSI_CHANGED,0,ResolveInfo{ee9c07b com.sdu.didi.psnger/com.didi.sdk.receiver.WifiReceiver m=0x108000}]
06-22 23:44:36.564  3004  3558 I am_pss  : [5780,10034,com.bbk.launcher2,80231424,76734464,0]
06-22 23:44:36.593  3004  4064 I netstats_mobile_sample: [12015492,14654,1945685,11821,11834636,10321,1851117,11821,11834636,10321,1854417,11888,1498146276594]
06-22 23:44:36.593  3004  4064 I netstats_wifi_sample: [342742211,809645,1064744670,930002,341735156,656568,1051713593,929598,341713367,656405,1051795229,931491,1498146276594]
06-22 23:44:38.296  3004  3004 I notification_enqueue: [1000,5826,com.android.bbklog,2,NULL,0,Notification(pri=0 contentView=null vibrate=null sound=null defaults=0x0 flags=0x2 color=0x00000000 vis=PRIVATE),1]
06-22 23:44:38.303  3004  4843 I notification_autogrouped: 0|com.android.bbklog|2|null|1000
06-22 23:44:38.307  3004  8336 I notification_autogrouped: 0|com.android.bbklog|2|null|1000
06-22 23:44:38.307  3004  8336 I notification_autogrouped: 0|com.android.bbklog|1|null|1000
06-22 23:44:38.447  3004  3558 I am_pss  : [5723,10071,com.oma.drm.server,3486720,2699264,0]
06-22 23:44:38.496  3004  3558 I am_pss  : [5709,10017,com.baidu.map.location,23291904,21626880,0]
06-22 23:44:38.521  3004  3558 I am_pss  : [5687,1001,com.qualcomm.qti.loadcarrier,3133440,2359296,0]
06-22 23:44:38.541  3004  3558 I am_pss  : [5680,1000,com.alps.lcn,8124416,7102464,0]
06-22 23:44:38.562  3004  3558 I am_pss  : [5549,1000,com.vivo.abe,22190080,20660224,0]
06-22 23:44:38.589  3004  3558 I am_pss  : [4829,1001,com.android.phone,37118976,34713600,0]
06-22 23:44:38.612  3004  3558 I am_pss  : [4812,1000,com.vivo.upslide,88384512,83636224,0]
06-22 23:44:38.626  3004  3558 I am_pss  : [4798,1000,com.android.server.telecom,9625600,8581120,0]
06-22 23:44:38.641  3004  3558 I am_pss  : [4785,1000,.dataservices,10976256,10137600,0]
06-22 23:44:38.663  3004  3558 I am_pss  : [4651,1000,com.vivo.daemonService,43155456,36671488,0]
06-22 23:44:38.691  3004  3558 I am_pss  : [4477,10024,com.android.systemui,85331968,79847424,0]
06-22 23:44:38.746  3004  3558 I am_pss  : [3004,1000,system,119700480,114343936,0]
06-22 23:44:39.530  3004  3562 I am_broadcast_discard_app: [0,85788258,android.net.wifi.RSSI_CHANGED,0,ResolveInfo{719c3f3 com.sdu.didi.psnger/com.didi.sdk.receiver.WifiReceiver m=0x108000}]
06-22 23:44:42.505  3004  3004 I notification_enqueue: [1000,5826,com.android.bbklog,2,NULL,0,Notification(pri=0 contentView=null vibrate=null sound=null defaults=0x0 flags=0x2 color=0x00000000 vis=PRIVATE),1]
06-22 23:44:42.510  3004  8339 I notification_autogrouped: 0|com.android.bbklog|2|null|1000
06-22 23:44:42.512  3004 19682 I notification_autogrouped: 0|com.android.bbklog|2|null|1000
06-22 23:44:42.512  3004 19682 I notification_autogrouped: 0|com.android.bbklog|1|null|1000
06-22 23:44:42.538  3004  3562 I am_broadcast_discard_app: [0,97068718,android.net.wifi.RSSI_CHANGED,0,ResolveInfo{902ac4f com.sdu.didi.psnger/com.didi.sdk.receiver.WifiReceiver m=0x108000}]
06-22 23:44:44.623  3004  3004 I notification_enqueue: [1000,5826,com.android.bbklog,2,NULL,0,Notification(pri=0 contentView=null vibrate=null sound=null defaults=0x0 flags=0x2 color=0x00000000 vis=PRIVATE),1]
06-22 23:44:44.632  3004 23746 I notification_autogrouped: 0|com.android.bbklog|2|null|1000
06-22 23:44:44.635  3004 13515 I notification_autogrouped: 0|com.android.bbklog|2|null|1000
06-22 23:44:44.635  3004 13515 I notification_autogrouped: 0|com.android.bbklog|1|null|1000
06-22 23:44:44.842  3004  4064 I netstats_mobile_sample: [12015492,14654,1945685,11821,11834636,10321,1851117,11821,11834636,10321,1854417,11888,1498146284842]
06-22 23:44:44.842  3004  4064 I netstats_wifi_sample: [343211778,817565,1085651407,944219,342204289,664476,1072394652,943797,342182084,664305,1072452608,945674,1498146284842]
06-22 23:44:45.556  3004  3562 I am_broadcast_discard_app: [0,250068587,android.net.wifi.RSSI_CHANGED,0,ResolveInfo{672ddc8 com.sdu.didi.psnger/com.didi.sdk.receiver.WifiReceiver m=0x108000}]
06-22 23:44:48.568  3004  3562 I am_broadcast_discard_app: [0,197252679,android.net.wifi.RSSI_CHANGED,0,ResolveInfo{2bc0e74 com.sdu.didi.psnger/com.didi.sdk.receiver.WifiReceiver m=0x108000}]
06-22 23:44:48.607  3004  3558 I am_pss  : [8623,10081,com.vivo.safecenter,7016448,6041600,0]
06-22 23:44:48.647  3004  3558 I am_pss  : [7102,10063,com.iqoo.secure:remote,31166464,29966336,0]
06-22 23:44:48.977  3004  3004 I notification_enqueue: [1000,5826,com.android.bbklog,2,NULL,0,Notification(pri=0 contentView=null vibrate=null sound=null defaults=0x0 flags=0x2 color=0x00000000 vis=PRIVATE),1]
06-22 23:44:48.982  3004  4748 I notification_autogrouped: 0|com.android.bbklog|2|null|1000
06-22 23:44:48.983  3004  8338 I notification_autogrouped: 0|com.android.bbklog|2|null|1000
06-22 23:44:48.983  3004  8338 I notification_autogrouped: 0|com.android.bbklog|1|null|1000
06-22 23:44:51.128  3004  3004 I notification_enqueue: [1000,5826,com.android.bbklog,2,NULL,0,Notification(pri=0 contentView=null vibrate=null sound=null defaults=0x0 flags=0x2 color=0x00000000 vis=PRIVATE),1]
06-22 23:44:51.136  3004 23747 I notification_autogrouped: 0|com.android.bbklog|2|null|1000
06-22 23:44:51.139  3004  4844 I notification_autogrouped: 0|com.android.bbklog|2|null|1000
06-22 23:44:51.139  3004  4844 I notification_autogrouped: 0|com.android.bbklog|1|null|1000
06-22 23:44:51.584  3004  3562 I am_broadcast_discard_app: [0,255561699,android.net.wifi.RSSI_CHANGED,0,ResolveInfo{ec59de0 com.sdu.didi.psnger/com.didi.sdk.receiver.WifiReceiver m=0x108000}]
06-22 23:44:52.335  3004  4064 I netstats_mobile_sample: [12015492,14654,1945685,11821,11834636,10321,1851117,11821,11834636,10321,1854417,11888,1498146292336]
06-22 23:44:52.336  3004  4064 I netstats_wifi_sample: [343665136,825346,1106605638,958341,342655599,672225,1093117135,957896,342633490,672058,1093186931,959781,1498146292336]
06-22 23:44:54.601  3004  3562 I am_broadcast_discard_app: [0,236369932,android.net.wifi.RSSI_CHANGED,0,ResolveInfo{1083555 com.sdu.didi.psnger/com.didi.sdk.receiver.WifiReceiver m=0x108000}]
06-22 23:44:55.562  3004  3004 I notification_enqueue: [1000,5826,com.android.bbklog,2,NULL,0,Notification(pri=0 contentView=null vibrate=null sound=null defaults=0x0 flags=0x2 color=0x00000000 vis=PRIVATE),1]
06-22 23:44:55.569  3004 19683 I notification_autogrouped: 0|com.android.bbklog|2|null|1000
06-22 23:44:55.572  3004  3293 I notification_autogrouped: 0|com.android.bbklog|2|null|1000
06-22 23:44:55.572  3004  3293 I notification_autogrouped: 0|com.android.bbklog|1|null|1000
06-22 23:44:57.287   511   511 I sf_frame_dur: [InputMethod,81,32,35,38,17,3,6]
06-22 23:44:57.607  3004  3562 I am_broadcast_discard_app: [0,58542328,android.net.wifi.RSSI_CHANGED,0,ResolveInfo{63d1d1 com.sdu.didi.psnger/com.didi.sdk.receiver.WifiReceiver m=0x108000}]
06-22 23:44:57.654  3004  3004 I notification_enqueue: [1000,5826,com.android.bbklog,2,NULL,0,Notification(pri=0 contentView=null vibrate=null sound=null defaults=0x0 flags=0x2 color=0x00000000 vis=PRIVATE),1]
06-22 23:44:57.659  3004 19682 I notification_autogrouped: 0|com.android.bbklog|2|null|1000
06-22 23:44:57.660  3004  4854 I notification_autogrouped: 0|com.android.bbklog|2|null|1000
06-22 23:44:57.660  3004  4854 I notification_autogrouped: 0|com.android.bbklog|1|null|1000
06-22 23:45:00.576  3004  4064 I netstats_mobile_sample: [12015492,14654,1945685,11821,11834636,10321,1851117,11821,11834636,10321,1854417,11888,1498146300576]
06-22 23:45:00.577  3004  4064 I netstats_wifi_sample: [344143764,833375,1127390641,972462,343136003,680275,1113737004,972039,343113798,680104,1113793480,973915,1498146300576]
06-22 23:45:00.624  3004  3562 I am_broadcast_discard_app: [0,47289358,android.net.wifi.RSSI_CHANGED,0,ResolveInfo{f2c7e2f com.sdu.didi.psnger/com.didi.sdk.receiver.WifiReceiver m=0x108000}]
06-22 23:45:02.087  3004  3004 I notification_enqueue: [1000,5826,com.android.bbklog,2,NULL,0,Notification(pri=0 contentView=null vibrate=null sound=null defaults=0x0 flags=0x2 color=0x00000000 vis=PRIVATE),1]
06-22 23:45:02.094  3004 13514 I notification_autogrouped: 0|com.android.bbklog|2|null|1000
06-22 23:45:02.096  3004  4843 I notification_autogrouped: 0|com.android.bbklog|2|null|1000
06-22 23:45:02.096  3004  4843 I notification_autogrouped: 0|com.android.bbklog|1|null|1000
06-22 23:45:03.634  3004  3562 I am_broadcast_discard_app: [0,186049306,android.net.wifi.RSSI_CHANGED,0,ResolveInfo{20cce4b com.sdu.didi.psnger/com.didi.sdk.receiver.WifiReceiver m=0x108000}]
06-22 23:45:03.778  3004  3004 I free_storage_changed: 30381322240
06-22 23:45:04.233  3004  3004 I notification_enqueue: [1000,5826,com.android.bbklog,2,NULL,0,Notification(pri=0 contentView=null vibrate=null sound=null defaults=0x0 flags=0x2 color=0x00000000 vis=PRIVATE),1]
06-22 23:45:04.242  3004 23749 I notification_autogrouped: 0|com.android.bbklog|2|null|1000
06-22 23:45:04.243  3004  8338 I notification_autogrouped: 0|com.android.bbklog|2|null|1000
06-22 23:45:04.243  3004  8338 I notification_autogrouped: 0|com.android.bbklog|1|null|1000
06-22 23:45:06.643  3004  3562 I am_broadcast_discard_app: [0,204478182,android.net.wifi.RSSI_CHANGED,0,ResolveInfo{3580427 com.sdu.didi.psnger/com.didi.sdk.receiver.WifiReceiver m=0x108000}]
06-22 23:45:08.323  3004  4064 I netstats_mobile_sample: [12015492,14654,1945685,11821,11834636,10321,1851117,11821,11834636,10321,1854417,11888,1498146308324]
06-22 23:45:08.323  3004  4064 I netstats_wifi_sample: [344609974,841263,1148321563,986612,343602639,688169,1134497946,986208,343579706,687984,1134511502,988055,1498146308324]
06-22 23:45:08.623  3004  3004 I notification_enqueue: [1000,5826,com.android.bbklog,2,NULL,0,Notification(pri=0 contentView=null vibrate=null sound=null defaults=0x0 flags=0x2 color=0x00000000 vis=PRIVATE),1]
06-22 23:45:08.627  3004 13516 I notification_autogrouped: 0|com.android.bbklog|2|null|1000
06-22 23:45:08.629  3004  4854 I notification_autogrouped: 0|com.android.bbklog|2|null|1000
06-22 23:45:08.630  3004  4854 I notification_autogrouped: 0|com.android.bbklog|1|null|1000
06-22 23:45:09.659  3004  3562 I am_broadcast_discard_app: [0,70695875,android.net.wifi.RSSI_CHANGED,0,ResolveInfo{4558c40 com.sdu.didi.psnger/com.didi.sdk.receiver.WifiReceiver m=0x108000}]
06-22 23:45:10.369   511   511 I sf_frame_dur: [InputMethod,58,8,16,21,12,3,0]
06-22 23:45:10.782  3004  3004 I notification_enqueue: [1000,5826,com.android.bbklog,2,NULL,0,Notification(pri=0 contentView=null vibrate=null sound=null defaults=0x0 flags=0x2 color=0x00000000 vis=PRIVATE),1]
06-22 23:45:10.789  3004  8336 I notification_autogrouped: 0|com.android.bbklog|2|null|1000
06-22 23:45:10.791  3004  4826 I notification_autogrouped: 0|com.android.bbklog|2|null|1000
06-22 23:45:10.791  3004  4826 I notification_autogrouped: 0|com.android.bbklog|1|null|1000
06-22 23:45:12.333  3004  4057 I am_new_intent: [0,82100239,2,com.bbk.launcher2/.Launcher,android.intent.action.MAIN,NULL,NULL,278921216]
06-22 23:45:12.335  3004  4057 I am_focused_stack: [0,0,1,bringingFoundTaskToFront setFocusedActivity]
06-22 23:45:12.335  3004  4057 I wm_task_moved: [2,1,1]
06-22 23:45:12.337  3004  4057 I am_focused_activity: [0,com.bbk.launcher2/.Launcher,bringingFoundTaskToFront]
06-22 23:45:12.372  3004  4057 I am_pause_activity: [0,14206101,com.tencent.mm/.ui.LauncherUI]
06-22 23:45:12.376  3004  4057 I am_task_to_front: [0,2]
06-22 23:45:12.379  3004  4057 I sysui_action: [323,com.bbk.launcher2/.Launcher]
06-22 23:45:12.379  3004  4057 I sysui_action: [324,true]
06-22 23:45:12.379  3004  4057 I sysui_action: [325,24871]
06-22 23:45:12.403 25655 25655 I am_on_paused_called: [0,com.tencent.mm.ui.LauncherUI,handlePauseActivity]
06-22 23:45:12.414  3004 13515 I am_resume_activity: [0,64329445,2,com.bbk.launcher2/.Launcher]
06-22 23:45:12.419  3004  3562 I sysui_count: [window_time_0,58]
06-22 23:45:12.436  5780  5780 I am_on_resume_called: [0,com.bbk.launcher2.Launcher,RESUME_ACTIVITY]
06-22 23:45:12.479  3004  3883 I sysui_action: [320,2]
06-22 23:45:12.479  3004  3883 I sysui_action: [319,162]
06-22 23:45:12.481  3004  3883 I sysui_action: [322,164]
06-22 23:45:12.510  3004  4057 I am_new_intent: [0,4986907,2,com.bbk.launcher2/.Launcher,android.intent.action.MAIN,NULL,NULL,278921216]
06-22 23:45:12.511  3004  4057 I wm_task_moved: [2,1,1]
06-22 23:45:12.513  3004  4057 I sysui_action: [323,com.bbk.launcher2/.Launcher]
06-22 23:45:12.513  3004  4057 I sysui_action: [324,true]
06-22 23:45:12.513  3004  4057 I sysui_action: [325,24871]
06-22 23:45:12.666  3004  3562 I am_broadcast_discard_app: [0,101325559,android.net.wifi.RSSI_CHANGED,0,ResolveInfo{88eed64 com.sdu.didi.psnger/com.didi.sdk.receiver.WifiReceiver m=0x108000}]
06-22 23:45:12.713  3004  3562 I am_stop_activity: [0,14206101,com.tencent.mm/.ui.LauncherUI]
06-22 23:45:12.719 25655 25655 I am_on_stop_called: [0,com.tencent.mm.ui.LauncherUI,handleStopActivity]
06-22 23:45:12.791   511   511 I sf_frame_dur: [com.tencent.mm/com.tencent.mm.ui.LauncherUI,149,13,9,33,71,34,0]
06-22 23:45:15.155  3004 23749 I am_create_task: [0,37]
06-22 23:45:15.155  3004 23749 I am_create_activity: [0,107883058,37,com.vivo.weather/.WeatherMain,android.intent.action.MAIN,NULL,NULL,270532608]
06-22 23:45:15.156  3004 23749 I wm_task_created: [37,1]
06-22 23:45:15.156  3004 23749 I wm_task_moved: [37,1,4]
06-22 23:45:15.156  3004 23749 I am_focused_stack: [0,1,0,startedActivity setFocusedActivity]
06-22 23:45:15.156  3004 23749 I wm_task_moved: [37,1,4]
06-22 23:45:15.157  3004 23749 I am_focused_activity: [0,com.vivo.weather/.WeatherMain,startedActivity]
06-22 23:45:15.158  3004 23749 I am_pause_activity: [0,64329445,com.bbk.launcher2/.Launcher]
06-22 23:45:15.160  3004 23749 I sysui_action: [323,com.vivo.weather/.WeatherMain]
06-22 23:45:15.160  3004 23749 I sysui_action: [324,false]
06-22 23:45:15.160  3004 23749 I sysui_action: [325,24874]
06-22 23:45:15.162  5780  5780 I am_on_paused_called: [0,com.bbk.launcher2.Launcher,handlePauseActivity]
06-22 23:45:15.174  3004 13516 I am_proc_start: [0,27078,10044,com.vivo.weather,activity,com.vivo.weather/.WeatherMain]
06-22 23:45:15.198  3004  4844 I am_proc_bound: [0,27078,com.vivo.weather]
06-22 23:45:15.203  3004  4844 I am_restart_activity: [0,107883058,37,com.vivo.weather/.WeatherMain]
06-22 23:45:15.269  3004  3883 I sysui_action: [321,130]
06-22 23:45:15.269  3004  3883 I sysui_action: [320,1]
06-22 23:45:15.269  3004  3883 I sysui_action: [319,130]
06-22 23:45:15.459 27078 27078 I am_on_resume_called: [0,com.vivo.weather.WeatherMain,LAUNCH_ACTIVITY]
06-22 23:45:15.585  3004 13517 I am_proc_died: [0,25733,com.vivo.widget.calendar]
06-22 23:45:15.588  3004 13517 I am_mem_factor: [1,0]
06-22 23:45:15.671  3004  3562 I am_broadcast_discard_app: [0,130324918,android.net.wifi.RSSI_CHANGED,0,ResolveInfo{e4f16b7 com.sdu.didi.psnger/com.didi.sdk.receiver.WifiReceiver m=0x108000}]
06-22 23:45:15.681  3004  3883 I sysui_action: [322,542]
06-22 23:45:15.681  3004  3883 I am_activity_launch_time: [0,107883058,com.vivo.weather/.WeatherMain,518,518]
06-22 23:45:15.746  3004  3293 I am_stop_activity: [0,64329445,com.bbk.launcher2/.Launcher]
06-22 23:45:15.755  5780  5780 I am_on_stop_called: [0,com.bbk.launcher2.Launcher,handleStopActivity]
06-22 23:45:15.782   511   511 I sf_frame_dur: [com.bbk.launcher2/com.bbk.launcher2.Launcher,91,3,2,0,0,1,0]
06-22 23:45:16.200  3004  3004 I notification_enqueue: [1000,5826,com.android.bbklog,2,NULL,0,Notification(pri=0 contentView=null vibrate=null sound=null defaults=0x0 flags=0x2 color=0x00000000 vis=PRIVATE),1]
06-22 23:45:16.203  3004 13516 I notification_autogrouped: 0|com.android.bbklog|2|null|1000
06-22 23:45:16.204  3004 19683 I notification_autogrouped: 0|com.android.bbklog|2|null|1000
06-22 23:45:16.204  3004 19683 I notification_autogrouped: 0|com.android.bbklog|1|null|1000
06-22 23:45:17.594  3004 13515 I wm_task_moved: [37,1,4]
06-22 23:45:17.595  3004 13515 I am_create_activity: [0,225823555,37,com.vivo.weather/.WeatherCityManagerActivity,NULL,NULL,NULL,0]
06-22 23:45:17.597  3004 13515 I wm_task_moved: [37,1,4]
06-22 23:45:17.598  3004 13515 I am_focused_activity: [0,com.vivo.weather/.WeatherCityManagerActivity,startedActivity]
06-22 23:45:17.598  3004 13515 I am_pause_activity: [0,107883058,com.vivo.weather/.WeatherMain]
06-22 23:45:17.616 27078 27078 I am_on_paused_called: [0,com.vivo.weather.WeatherMain,handlePauseActivity]
06-22 23:45:17.621  3004 13514 I am_restart_activity: [0,225823555,37,com.vivo.weather/.WeatherCityManagerActivity]
06-22 23:45:17.634  3004  3562 I sysui_count: [window_time_0,6]
06-22 23:45:17.737 27078 27078 I am_on_resume_called: [0,com.vivo.weather.WeatherCityManagerActivity,LAUNCH_ACTIVITY]
06-22 23:45:17.827  3004  3883 I am_activity_launch_time: [0,225823555,com.vivo.weather/.WeatherCityManagerActivity,208,208]
06-22 23:45:18.142  3004  3562 I am_stop_activity: [0,107883058,com.vivo.weather/.WeatherMain]
06-22 23:45:18.144 27078 27078 I am_on_stop_called: [0,com.vivo.weather.WeatherMain,handleStopActivity]
06-22 23:45:18.171   511   511 I sf_frame_dur: [com.vivo.weather/com.vivo.weather.WeatherMain,94,6,4,1,0,0,0]
06-22 23:45:18.320  3004  4064 I netstats_mobile_sample: [12015492,14654,1945685,11821,11834636,10321,1851117,11821,11834636,10321,1854417,11888,1498146318320]
06-22 23:45:18.321  3004  4064 I netstats_wifi_sample: [345034222,848747,1169364793,1001011,344025153,695578,1155299630,1000580,344002688,695402,1155339826,1002445,1498146318320]
06-22 23:45:18.681  3004  3562 I am_broadcast_discard_app: [0,179709839,android.net.wifi.RSSI_CHANGED,0,ResolveInfo{7369a1c com.sdu.didi.psnger/com.didi.sdk.receiver.WifiReceiver m=0x108000}]
06-22 23:45:18.747  3004  3004 I notification_enqueue: [1000,5826,com.android.bbklog,2,NULL,0,Notification(pri=0 contentView=null vibrate=null sound=null defaults=0x0 flags=0x2 color=0x00000000 vis=PRIVATE),1]
06-22 23:45:18.752  3004 13517 I notification_autogrouped: 0|com.android.bbklog|2|null|1000
06-22 23:45:18.753  3004  4826 I notification_autogrouped: 0|com.android.bbklog|2|null|1000
06-22 23:45:18.753  3004  4826 I notification_autogrouped: 0|com.android.bbklog|1|null|1000
06-22 23:45:21.349  3004  4057 I am_new_intent: [0,158838187,2,com.bbk.launcher2/.Launcher,android.intent.action.MAIN,NULL,NULL,278921216]
06-22 23:45:21.350  3004  4057 I am_focused_stack: [0,0,1,bringingFoundTaskToFront setFocusedActivity]
06-22 23:45:21.350  3004  4057 I wm_task_moved: [2,1,1]
06-22 23:45:21.356  3004  4057 I am_focused_activity: [0,com.bbk.launcher2/.Launcher,bringingFoundTaskToFront]
06-22 23:45:21.384  3004  4057 I am_pause_activity: [0,225823555,com.vivo.weather/.WeatherCityManagerActivity]
06-22 23:45:21.387  3004  4057 I am_task_to_front: [0,2]
06-22 23:45:21.392  3004  4057 I sysui_action: [323,com.bbk.launcher2/.Launcher]
06-22 23:45:21.392  3004  4057 I sysui_action: [324,true]
06-22 23:45:21.392  3004  4057 I sysui_action: [325,24880]
06-22 23:45:21.401  3004  4844 I am_finish_activity: [0,107883058,37,com.vivo.weather/.WeatherMain,app-request]
06-22 23:45:21.401  3004  4844 I am_destroy_activity: [0,107883058,37,com.vivo.weather/.WeatherMain,finish-imm]
06-22 23:45:21.422  3004 19683 I am_finish_activity: [0,225823555,37,com.vivo.weather/.WeatherCityManagerActivity,app-request]
06-22 23:45:21.423 27078 27078 I am_on_paused_called: [0,com.vivo.weather.WeatherCityManagerActivity,handlePauseActivity]
06-22 23:45:21.433  3004  8330 I am_resume_activity: [0,64329445,2,com.bbk.launcher2/.Launcher]
06-22 23:45:21.444  5780  5780 I am_on_resume_called: [0,com.bbk.launcher2.Launcher,RESUME_ACTIVITY]
06-22 23:45:21.489  3004  4057 I am_new_intent: [0,194610208,2,com.bbk.launcher2/.Launcher,android.intent.action.MAIN,NULL,NULL,278921216]
06-22 23:45:21.490  3004  4057 I wm_task_moved: [2,1,1]
06-22 23:45:21.493  3004  4057 I sysui_action: [323,com.bbk.launcher2/.Launcher]
06-22 23:45:21.493  3004  4057 I sysui_action: [324,true]
06-22 23:45:21.493  3004  4057 I sysui_action: [325,24880]
06-22 23:45:21.515  3004  3883 I sysui_action: [320,2]
06-22 23:45:21.515  3004  3883 I sysui_action: [319,34]
06-22 23:45:21.515  3004  3883 I sysui_action: [322,34]
06-22 23:45:21.693  3004  3562 I am_broadcast_discard_app: [0,153311131,android.net.wifi.RSSI_CHANGED,0,ResolveInfo{59fb738 com.sdu.didi.psnger/com.didi.sdk.receiver.WifiReceiver m=0x108000}]
06-22 23:45:21.750  3004  3562 I am_destroy_activity: [0,225823555,37,com.vivo.weather/.WeatherCityManagerActivity,finish-imm]
06-22 23:45:21.752  3004  3562 I am_mem_factor: [0,1]
06-22 23:45:21.753 27078 27078 I am_on_stop_called: [0,com.vivo.weather.WeatherCityManagerActivity,destroy]
06-22 23:45:21.815  3004  3883 I wm_task_removed: [37,removeAppToken: last token]
06-22 23:45:21.815  3004  3883 I wm_task_removed: [37,removeTask]
06-22 23:45:21.815   511   511 I sf_frame_dur: [com.vivo.weather/com.vivo.weather.WeatherCityManagerActivity,14,1,0,0,1,1,1]
06-22 23:45:21.998  3004  3558 I am_meminfo: [1267900416,54681600,0,322129920,219759616]
06-22 23:45:22.021  3004  3558 I am_pss  : [5780,10034,com.bbk.launcher2,77128704,74227712,0]
06-22 23:45:22.063  3004  3558 I am_pss  : [25655,10133,com.tencent.mm,136972288,122949632,0]
06-22 23:45:22.092  3004  3558 I am_pss  : [4466,10062,com.baidu.input_bbk.service,56833024,51478528,0]
06-22 23:45:22.109  3004  3558 I am_pss  : [25780,10133,com.tencent.mm:exdevice,19698688,13881344,0]
06-22 23:45:22.129  3004  3558 I am_pss  : [5826,1000,com.android.bbklog,43964416,40226816,0]
06-22 23:45:22.145  3004  3558 I am_pss  : [25919,10009,com.android.dialer,23739392,20205568,0]
06-22 23:45:22.158  3004  3558 I am_pss  : [5578,1000,com.qti.service.colorservice,3877888,3043328,0]
06-22 23:45:22.175  3004  3558 I am_pss  : [12419,10085,com.vivo.secime.service,18058240,16367616,0]
06-22 23:45:22.189  3004  3558 I am_pss  : [5640,1000,com.vivo.doubleinstance,3969024,3141632,0]
06-22 23:45:22.212  3004  3558 I am_pss  : [27078,10044,com.vivo.weather,78184448,71618560,0]
06-22 23:45:22.228  3004  3558 I am_pss  : [25668,10045,com.vivo.weather.provider,15331328,13123584,0]
06-22 23:45:22.250  3004  3558 I am_pss  : [26104,10133,com.tencent.mm:appbrand0,33192960,21499904,0]
06-22 23:45:22.265  3004  3558 I am_pss  : [25698,10064,com.bbk.iqoo.logsystem,11182080,8523776,0]
06-22 23:45:22.281  3004  3558 I am_pss  : [5937,10011,android.process.media,32062464,30978048,0]
06-22 23:45:22.303  3004  3558 I am_pss  : [26249,10133,com.tencent.mm:tools,43997184,31088640,0]
06-22 23:45:22.321  3004  3558 I am_pss  : [26090,10133,com.tencent.mm:push,18840576,14872576,0]
06-22 23:45:22.336  3004  3558 I am_pss  : [4252,1000,com.vivo.appfilter,9910272,8994816,0]
06-22 23:45:22.350  3004  3558 I am_pss  : [17916,10024,com.android.systemui:screenshot,10750976,8790016,0]
06-22 23:45:22.369  3004  3558 I am_pss  : [26490,10171,com.sie.mp,18074624,12918784,0]
06-22 23:45:22.391  3004  3558 I am_pss  : [26506,10171,com.sie.mp:pushservice,111226880,105701376,0]
06-22 23:45:22.407  3004  3558 I am_pss  : [26462,10119,com.baidu.BaiduMap:MapCoreService,7778304,5427200,0]
06-22 23:45:22.423  3004  3558 I am_pss  : [26401,10044,com.vivo.weather:remote,11339776,7958528,0]
06-22 23:45:22.440  3004  3558 I am_pss  : [26276,10133,com.tencent.mm:recovery,11584512,8814592,0]
06-22 23:45:22.457  3004  3558 I am_pss  : [4729,10002,android.process.acore,19855360,18640896,0]
06-22 23:45:22.471  3004  3558 I am_pss  : [26027,10002,com.android.calllogbackup,3201024,2277376,0]
06-22 23:45:22.487  3004  3558 I am_pss  : [25940,10018,com.vivo.numbermark,5368832,3141632,0]
06-22 23:45:22.501  3004  3558 I am_pss  : [25682,10004,com.android.providers.calendar,4909056,3698688,0]
06-22 23:45:22.518  3004  3558 I am_pss  : [25801,10093,com.android.camera,11622400,9170944,0]
06-22 23:45:22.535  3004  3558 I am_pss  : [25763,10044,com.vivo.weather.location,7397376,4603904,0]
06-22 23:45:22.548  3004  3558 I am_pss  : [25747,10097,com.vivo.widget,3647488,2719744,0]
06-22 23:45:22.563  3004  3558 I am_pss  : [25719,10041,com.android.BBKClock,4077568,3112960,0]
06-22 23:45:22.579  3004  3558 I am_pss  : [7412,1000,com.vivo.permissionmanager,12646400,11739136,0]
06-22 23:45:22.593  3004  3558 I am_pss  : [4696,1000,com.vivo.smartmultiwindow,19292160,17903616,0]
06-22 23:45:22.609  3004  3558 I am_pss  : [8623,10081,com.vivo.safecenter,7045120,6053888,0]
06-22 23:45:22.623  3004  3558 I am_pss  : [20243,10013,android.ext.services,5805056,4329472,0]
06-22 23:45:22.643  3004  3558 I am_pss  : [6900,10055,com.vivo.devicereg,22629376,21614592,0]
06-22 23:45:22.658  3004  3558 I am_pss  : [6686,1000,com.vivo.abe:pushservice_v1,13200384,11689984,0]
06-22 23:45:22.675  3004  3558 I am_pss  : [5092,10066,com.vivo.magazine,11792384,10797056,0]
06-22 23:45:22.689  3004  3558 I am_pss  : [5080,10002,com.vivo.sim.contacts,8164352,7282688,0]
06-22 23:45:22.710  3004  3558 I am_pss  : [7102,10063,com.iqoo.secure:remote,31286272,30081024,0]
06-22 23:45:22.724  3004  3558 I am_pss  : [8226,1000,org.simalliance.openmobileapi.service:remote,3359744,2568192,0]
06-22 23:45:22.739  3004  3558 I am_pss  : [5138,1001,com.qualcomm.qcrilmsgtunnel,11616256,10817536,0]
06-22 23:45:22.755  3004  3558 I am_pss  : [5723,10071,com.oma.drm.server,3509248,2699264,0]
06-22 23:45:22.773  3004  3558 I am_pss  : [5709,10017,com.baidu.map.location,19089408,17326080,0]
06-22 23:45:22.787  3004  3558 I am_pss  : [5687,1001,com.qualcomm.qti.loadcarrier,3153920,2359296,0]
06-22 23:45:22.803  3004  3558 I am_pss  : [5680,1000,com.alps.lcn,8134656,7102464,0]
06-22 23:45:22.820  3004  3558 I am_pss  : [5549,1000,com.vivo.abe,22307840,20774912,0]
06-22 23:45:22.839  3004  3558 I am_pss  : [4453,1002,com.android.bluetooth,11200512,9801728,0]
06-22 23:45:22.863  3004  3558 I am_pss  : [4829,1001,com.android.phone,38378496,35962880,0]
06-22 23:45:22.893  3004  3558 I am_pss  : [4812,1000,com.vivo.upslide,91285504,88027136,0]
06-22 23:45:22.913  3004  3558 I am_pss  : [4798,1000,com.android.server.telecom,9643008,8581120,0]
06-22 23:45:22.931  3004  3558 I am_pss  : [4785,1000,.dataservices,11145216,10289152,0]
06-22 23:45:22.957  3004  3558 I am_pss  : [4651,1000,com.vivo.daemonService,44073984,37572608,0]
06-22 23:45:22.983  3004  3558 I am_pss  : [4477,10024,com.android.systemui,88454144,82927616,0]
06-22 23:45:22.997  3004  3004 I notification_enqueue: [1000,5826,com.android.bbklog,2,NULL,0,Notification(pri=0 contentView=null vibrate=null sound=null defaults=0x0 flags=0x2 color=0x00000000 vis=PRIVATE),1]
06-22 23:45:23.004  3004 23749 I notification_autogrouped: 0|com.android.bbklog|2|null|1000
06-22 23:45:23.008  3004  4854 I notification_autogrouped: 0|com.android.bbklog|2|null|1000
06-22 23:45:23.008  3004  4854 I notification_autogrouped: 0|com.android.bbklog|1|null|1000
06-22 23:45:23.039  3004  3558 I am_pss  : [3004,1000,system,119525376,115822592,0]
06-22 23:45:24.699  3004  3562 I am_broadcast_discard_app: [0,221581028,android.net.wifi.RSSI_CHANGED,0,ResolveInfo{278ff4d com.sdu.didi.psnger/com.didi.sdk.receiver.WifiReceiver m=0x108000}]
06-22 23:45:25.223  3004  3004 I notification_enqueue: [1000,5826,com.android.bbklog,2,NULL,0,Notification(pri=0 contentView=null vibrate=null sound=null defaults=0x0 flags=0x2 color=0x00000000 vis=PRIVATE),1]
06-22 23:45:25.230  3004  4854 I notification_autogrouped: 0|com.android.bbklog|2|null|1000
06-22 23:45:25.232  3004  8333 I notification_autogrouped: 0|com.android.bbklog|2|null|1000
06-22 23:45:25.232  3004  8333 I notification_autogrouped: 0|com.android.bbklog|1|null|1000
06-22 23:45:26.063  3004  4064 I netstats_mobile_sample: [12015492,14654,1945685,11821,11834636,10321,1851117,11821,11834636,10321,1854417,11888,1498146326064]
06-22 23:45:26.063  3004  4064 I netstats_wifi_sample: [345496013,856614,1190345660,1015165,344487432,703450,1176107501,1014751,344465227,703279,1176171377,1016632,1498146326064]
06-22 23:45:27.379  3004  3004 I notification_enqueue: [1000,5826,com.android.bbklog,2,NULL,0,Notification(pri=0 contentView=null vibrate=null sound=null defaults=0x0 flags=0x2 color=0x00000000 vis=PRIVATE),1]
06-22 23:45:27.384  3004 13517 I notification_autogrouped: 0|com.android.bbklog|2|null|1000
06-22 23:45:27.386  3004  8331 I notification_autogrouped: 0|com.android.bbklog|2|null|1000
06-22 23:45:27.386  3004  8331 I notification_autogrouped: 0|com.android.bbklog|1|null|1000
06-22 23:45:27.720  3004  3562 I am_broadcast_discard_app: [0,96377199,android.net.wifi.RSSI_CHANGED,0,ResolveInfo{fc1567c com.sdu.didi.psnger/com.didi.sdk.receiver.WifiReceiver m=0x108000}]
06-22 23:45:28.259  3004  4488 I am_create_task: [0,38]
06-22 23:45:28.259  3004  4488 I am_create_activity: [0,227789573,38,com.android.settings/.Settings,android.intent.action.MAIN,NULL,NULL,807403520]
06-22 23:45:28.260  3004  4488 I wm_task_created: [38,1]
06-22 23:45:28.260  3004  4488 I wm_task_moved: [38,1,4]
06-22 23:45:28.260  3004  4488 I am_focused_stack: [0,1,0,startedActivity setFocusedActivity]
06-22 23:45:28.260  3004  4488 I wm_task_moved: [38,1,4]
06-22 23:45:28.261  3004  4488 I am_focused_activity: [0,com.android.settings/.Settings,startedActivity]
06-22 23:45:28.262  3004  4488 I am_pause_activity: [0,64329445,com.bbk.launcher2/.Launcher]
06-22 23:45:28.264  3004  4488 I sysui_action: [323,com.android.settings/.Settings]
06-22 23:45:28.264  3004  4488 I sysui_action: [324,false]
06-22 23:45:28.264  3004  4488 I sysui_action: [325,24887]
06-22 23:45:28.266  5780  5780 I am_on_paused_called: [0,com.bbk.launcher2.Launcher,handlePauseActivity]
06-22 23:45:28.278  3004  3295 I am_proc_start: [0,27243,1000,com.android.settings,activity,com.android.settings/.Settings]
06-22 23:45:28.295  3004 13517 I am_proc_bound: [0,27243,com.android.settings]
06-22 23:45:28.302  3004 13517 I am_restart_activity: [0,227789573,38,com.android.settings/.Settings]
06-22 23:45:28.327  3004  3883 I sysui_action: [321,101]
06-22 23:45:28.327  3004  3883 I sysui_action: [320,1]
06-22 23:45:28.327  3004  3883 I sysui_action: [319,101]
06-22 23:45:28.666 27243 27243 I sysui_view_visibility: [474,100]
06-22 23:45:28.666 27243 27243 I am_on_resume_called: [0,com.android.settings.Settings,LAUNCH_ACTIVITY]
06-22 23:45:29.016 27243 27243 I sysui_view_visibility: [35,100]
06-22 23:45:29.055  3004  4488 I am_proc_died: [0,25719,com.android.BBKClock]
06-22 23:45:29.056  3004  4488 I am_mem_factor: [1,0]
06-22 23:45:29.197  3004  3883 I sysui_action: [322,971]
06-22 23:45:29.197  3004  3883 I am_activity_launch_time: [0,227789573,com.android.settings/.Settings,930,930]
06-22 23:45:29.256  3004  8331 I am_stop_activity: [0,64329445,com.bbk.launcher2/.Launcher]
06-22 23:45:29.259  5780  5780 I am_on_stop_called: [0,com.bbk.launcher2.Launcher,handleStopActivity]
06-22 23:45:29.283   511   511 I sf_frame_dur: [com.bbk.launcher2/com.bbk.launcher2.Launcher,275,5,1,4,3,0,0]
06-22 23:45:30.729  3004  3562 I am_broadcast_discard_app: [0,174407949,android.net.wifi.RSSI_CHANGED,0,ResolveInfo{3fcd8c2 com.sdu.didi.psnger/com.didi.sdk.receiver.WifiReceiver m=0x108000}]
06-22 23:45:32.019  3004  3004 I notification_enqueue: [1000,5826,com.android.bbklog,2,NULL,0,Notification(pri=0 contentView=null vibrate=null sound=null defaults=0x0 flags=0x2 color=0x00000000 vis=PRIVATE),1]
06-22 23:45:32.022  3004  3293 I notification_autogrouped: 0|com.android.bbklog|2|null|1000
06-22 23:45:32.024  3004  4748 I notification_autogrouped: 0|com.android.bbklog|2|null|1000
06-22 23:45:32.024  3004  4748 I notification_autogrouped: 0|com.android.bbklog|1|null|1000
06-22 23:45:32.514  3004  8331 I wm_task_moved: [38,1,4]
06-22 23:45:32.515  3004  8331 I am_create_activity: [0,79664851,38,com.android.settings/.Settings$LocationSettingsActivity,NULL,NULL,NULL,32768]
06-22 23:45:32.517  3004  8331 I wm_task_moved: [38,1,4]
06-22 23:45:32.519  3004  8331 I am_focused_activity: [0,com.android.settings/.Settings$LocationSettingsActivity,startedActivity]
06-22 23:45:32.520  3004  8331 I am_pause_activity: [0,227789573,com.android.settings/.Settings]
06-22 23:45:32.526 27243 27243 I sysui_view_visibility: [35,0]
06-22 23:45:32.528 27243 27243 I sysui_view_visibility: [474,0]
06-22 23:45:32.528 27243 27243 I am_on_paused_called: [0,com.android.settings.Settings,handlePauseActivity]
06-22 23:45:32.533  3004  3295 I am_restart_activity: [0,79664851,38,com.android.settings/.Settings$LocationSettingsActivity]
06-22 23:45:32.538  3004  3562 I sysui_count: [window_time_0,15]
06-22 23:45:32.558  3004  3558 I am_pss  : [8623,10081,com.vivo.safecenter,7041024,6053888,0]
06-22 23:45:32.581  3004  3558 I am_pss  : [7102,10063,com.iqoo.secure:remote,31325184,30130176,0]
06-22 23:45:32.595 27243 27243 I sysui_view_visibility: [1,100]
06-22 23:45:32.610 27243 27243 I sysui_count: [com.vivo.settings.location.VivoLocationSettings/location_switch|true,1]
06-22 23:45:32.612 27243 27243 I am_on_resume_called: [0,com.android.settings.Settings$LocationSettingsActivity,LAUNCH_ACTIVITY]
06-22 23:45:32.682  3004  3883 I am_activity_launch_time: [0,79664851,com.android.settings/.Settings$LocationSettingsActivity,152,152]
06-22 23:45:33.275   511   511 I sf_frame_dur: [com.android.settings/com.android.settings.Settings,70,4,0,2,4,1,0]
06-22 23:45:33.395  3004 23746 I am_stop_activity: [0,227789573,com.android.settings/.Settings]
06-22 23:45:33.410 27243 27243 I am_on_stop_called: [0,com.android.settings.Settings,handleStopActivity]
06-22 23:45:33.658  3004  4064 I netstats_mobile_sample: [12015492,14654,1945685,11821,11834636,10321,1851117,11821,11834636,10321,1854417,11888,1498146333659]
06-22 23:45:33.659  3004  4064 I netstats_wifi_sample: [345966845,864489,1211237276,1029272,344956990,711248,1196794219,1028853,344934481,711076,1196849215,1030728,1498146333659]
06-22 23:45:33.746  3004  3562 I am_broadcast_discard_app: [0,67147753,android.net.wifi.RSSI_CHANGED,0,ResolveInfo{9bfdc6e com.sdu.didi.psnger/com.didi.sdk.receiver.WifiReceiver m=0x108000}]
06-22 23:45:34.151  3004  4748 I am_finish_activity: [0,79664851,38,com.android.settings/.Settings$LocationSettingsActivity,app-request]
06-22 23:45:34.152  3004  4748 I wm_task_moved: [38,1,4]
06-22 23:45:34.155  3004  4748 I am_focused_activity: [0,com.android.settings/.Settings,finishActivity adjustFocus]
06-22 23:45:34.155  3004  4748 I am_pause_activity: [0,79664851,com.android.settings/.Settings$LocationSettingsActivity]
06-22 23:45:34.192 27243 27243 I sysui_view_visibility: [1,0]
06-22 23:45:34.192 27243 27243 I am_on_paused_called: [0,com.android.settings.Settings$LocationSettingsActivity,handlePauseActivity]
06-22 23:45:34.197  3004 13514 I am_resume_activity: [0,227789573,38,com.android.settings/.Settings]
06-22 23:45:34.213 27243 27243 I sysui_view_visibility: [474,100]
06-22 23:45:34.213 27243 27243 I sysui_view_visibility: [35,100]
06-22 23:45:34.218 27243 27243 I am_on_resume_called: [0,com.android.settings.Settings,RESUME_ACTIVITY]
06-22 23:45:34.349  3004  3004 I notification_enqueue: [1000,5826,com.android.bbklog,2,NULL,0,Notification(pri=0 contentView=null vibrate=null sound=null defaults=0x0 flags=0x2 color=0x00000000 vis=PRIVATE),1]
06-22 23:45:34.353  3004  8334 I notification_autogrouped: 0|com.android.bbklog|2|null|1000
06-22 23:45:34.354  3004  8331 I notification_autogrouped: 0|com.android.bbklog|2|null|1000
06-22 23:45:34.354  3004  8331 I notification_autogrouped: 0|com.android.bbklog|1|null|1000
06-22 23:45:34.620  3004  3562 I am_destroy_activity: [0,79664851,38,com.android.settings/.Settings$LocationSettingsActivity,finish-imm]
06-22 23:45:34.629 27243 27243 I am_on_stop_called: [0,com.android.settings.Settings$LocationSettingsActivity,destroy]
06-22 23:45:34.645   511   511 I sf_frame_dur: [com.android.settings/com.android.settings.Settings$LocationSettingsActivity,18,6,2,1,2,0,0]
06-22 23:45:35.523  3004  8338 I wm_task_moved: [38,1,4]
06-22 23:45:35.524  3004  8338 I am_create_activity: [0,48873656,38,com.android.settings/.Settings$GeneralSettingsActivity,NULL,NULL,NULL,32768]
06-22 23:45:35.526  3004  8338 I wm_task_moved: [38,1,4]
06-22 23:45:35.528  3004  8338 I am_focused_activity: [0,com.android.settings/.Settings$GeneralSettingsActivity,startedActivity]
06-22 23:45:35.528  3004  8338 I am_pause_activity: [0,227789573,com.android.settings/.Settings]
06-22 23:45:35.535 27243 27243 I sysui_view_visibility: [35,0]
06-22 23:45:35.538 27243 27243 I sysui_view_visibility: [474,0]
06-22 23:45:35.538 27243 27243 I am_on_paused_called: [0,com.android.settings.Settings,handlePauseActivity]
06-22 23:45:35.544  3004 23745 I am_restart_activity: [0,48873656,38,com.android.settings/.Settings$GeneralSettingsActivity]
06-22 23:45:35.548  3004  3562 I sysui_count: [window_time_0,3]
06-22 23:45:35.577 27243 27268 I sysui_count: [com.vivo.settings.GeneralSettings/touch_key_light_duration|0,1]
06-22 23:45:35.620 27243 27243 I sysui_view_visibility: [1,100]
06-22 23:45:35.637 27243 27243 I am_on_resume_called: [0,com.android.settings.Settings$GeneralSettingsActivity,LAUNCH_ACTIVITY]
06-22 23:45:35.781  3004  3883 I am_activity_launch_time: [0,48873656,com.android.settings/.Settings$GeneralSettingsActivity,240,240]
06-22 23:45:36.088  3004  3562 I am_stop_activity: [0,227789573,com.android.settings/.Settings]
06-22 23:45:36.090 27243 27243 I am_on_stop_called: [0,com.android.settings.Settings,handleStopActivity]
06-22 23:45:36.118   511   511 I sf_frame_dur: [com.android.settings/com.android.settings.Settings,15,4,3,1,2,0,0]
06-22 23:45:36.759  3004  3562 I am_broadcast_discard_app: [0,59992433,android.net.wifi.RSSI_CHANGED,0,ResolveInfo{e4a8356 com.sdu.didi.psnger/com.didi.sdk.receiver.WifiReceiver m=0x108000}]
06-22 23:45:38.500  3004  3558 I am_pss  : [27243,1000,com.android.settings,65352704,59068416,0]
06-22 23:45:38.535  3004  3004 I notification_enqueue: [1000,5826,com.android.bbklog,2,NULL,0,Notification(pri=0 contentView=null vibrate=null sound=null defaults=0x0 flags=0x2 color=0x00000000 vis=PRIVATE),1]
06-22 23:45:38.540  3004  4843 I notification_autogrouped: 0|com.android.bbklog|2|null|1000
06-22 23:45:38.542  3004 19683 I notification_autogrouped: 0|com.android.bbklog|2|null|1000
06-22 23:45:38.542  3004 19683 I notification_autogrouped: 0|com.android.bbklog|1|null|1000
06-22 23:45:39.765  3004  3562 I am_broadcast_discard_app: [0,186919853,android.net.wifi.RSSI_CHANGED,0,ResolveInfo{8837ee2 com.sdu.didi.psnger/com.didi.sdk.receiver.WifiReceiver m=0x108000}]
06-22 23:45:40.680  3004  3004 I notification_enqueue: [1000,5826,com.android.bbklog,2,NULL,0,Notification(pri=0 contentView=null vibrate=null sound=null defaults=0x0 flags=0x2 color=0x00000000 vis=PRIVATE),1]
06-22 23:45:40.686  3004  4854 I notification_autogrouped: 0|com.android.bbklog|2|null|1000
06-22 23:45:40.689  3004 23749 I notification_autogrouped: 0|com.android.bbklog|2|null|1000
06-22 23:45:40.689  3004 23749 I notification_autogrouped: 0|com.android.bbklog|1|null|1000
06-22 23:45:41.834  3004  4064 I netstats_mobile_sample: [12015492,14654,1945685,11821,11834636,10321,1851117,11821,11834636,10321,1854417,11888,1498146341835]
06-22 23:45:41.834  3004  4064 I netstats_wifi_sample: [346425815,872365,1231997078,1043311,345415100,719039,1217373755,1042903,345393231,718875,1217449471,1044792,1498146341835]
06-22 23:45:42.778  3004  3562 I am_broadcast_discard_app: [0,47276751,android.net.wifi.RSSI_CHANGED,0,ResolveInfo{a5c545c com.sdu.didi.psnger/com.didi.sdk.receiver.WifiReceiver m=0x108000}]
06-22 23:45:42.834  3004  3558 I am_pss  : [25655,10133,com.tencent.mm,136785920,122748928,0]
06-22 23:45:42.866  3004  3558 I am_pss  : [4466,10062,com.baidu.input_bbk.service,56791040,51449856,0]
06-22 23:45:42.884  3004  3558 I am_pss  : [25780,10133,com.tencent.mm:exdevice,19741696,13926400,0]
06-22 23:45:42.904  3004  3558 I am_pss  : [5826,1000,com.android.bbklog,43543552,39952384,0]
06-22 23:45:42.918  3004  3558 I am_pss  : [5578,1000,com.qti.service.colorservice,3873792,3043328,0]
06-22 23:45:42.937  3004  3558 I am_pss  : [12419,10085,com.vivo.secime.service,17996800,16371712,0]
06-22 23:45:42.953  3004  3558 I am_pss  : [25698,10064,com.bbk.iqoo.logsystem,10961920,8044544,0]
06-22 23:45:42.970  3004  3558 I am_pss  : [5937,10011,android.process.media,32050176,30978048,0]
06-22 23:45:42.995  3004  3558 I am_pss  : [26249,10133,com.tencent.mm:tools,43995136,31088640,0]
06-22 23:45:43.013  3004  3558 I am_pss  : [26090,10133,com.tencent.mm:push,18913280,14946304,0]
06-22 23:45:43.043  3004  3558 I am_pss  : [4252,1000,com.vivo.appfilter,9909248,8994816,0]
06-22 23:45:43.061  3004  3558 I am_pss  : [26490,10171,com.sie.mp,18070528,12922880,0]
06-22 23:45:43.083  3004  3558 I am_pss  : [26506,10171,com.sie.mp:pushservice,110831616,104751104,0]
06-22 23:45:43.098  3004  3558 I am_pss  : [26401,10044,com.vivo.weather:remote,12494848,9101312,0]
06-22 23:45:43.115  3004  3558 I am_pss  : [26276,10133,com.tencent.mm:recovery,11600896,8830976,0]
06-22 23:45:43.131  3004  3558 I am_pss  : [4729,10002,android.process.acore,19849216,18640896,0]
06-22 23:45:43.152  3004  3558 I am_pss  : [25763,10044,com.vivo.weather.location,7570432,4775936,0]
06-22 23:45:43.170  3004  3558 I am_pss  : [25747,10097,com.vivo.widget,3648512,2719744,0]
06-22 23:45:43.188  3004  3558 I am_pss  : [7412,1000,com.vivo.permissionmanager,12664832,11759616,0]
06-22 23:45:43.206  3004  3558 I am_pss  : [4696,1000,com.vivo.smartmultiwindow,19423232,18079744,0]
06-22 23:45:43.221  3004  3558 I am_pss  : [20243,10013,android.ext.services,5905408,4435968,0]
06-22 23:45:43.241  3004  3558 I am_pss  : [6900,10055,com.vivo.devicereg,22625280,21614592,0]
06-22 23:45:43.257  3004  3558 I am_pss  : [6686,1000,com.vivo.abe:pushservice_v1,13268992,11689984,0]
06-22 23:45:43.273  3004  3558 I am_pss  : [5092,10066,com.vivo.magazine,11787264,10797056,0]
06-22 23:45:43.288  3004  3558 I am_pss  : [5080,10002,com.vivo.sim.contacts,8163328,7282688,0]
06-22 23:45:43.302  3004  3558 I am_pss  : [8226,1000,org.simalliance.openmobileapi.service:remote,3357696,2568192,0]
06-22 23:45:43.317  3004  3558 I am_pss  : [5138,1001,com.qualcomm.qcrilmsgtunnel,11617280,10817536,0]
06-22 23:45:43.336  3004  3558 I am_pss  : [4453,1002,com.android.bluetooth,11205632,9805824,0]
06-22 23:45:45.225  3004  3004 I notification_enqueue: [1000,5826,com.android.bbklog,2,NULL,0,Notification(pri=0 contentView=null vibrate=null sound=null defaults=0x0 flags=0x2 color=0x00000000 vis=PRIVATE),1]
06-22 23:45:45.228  3004  4647 I notification_autogrouped: 0|com.android.bbklog|2|null|1000
06-22 23:45:45.229  3004  8330 I notification_autogrouped: 0|com.android.bbklog|2|null|1000
06-22 23:45:45.229  3004  8330 I notification_autogrouped: 0|com.android.bbklog|1|null|1000
06-22 23:45:45.787  3004  3562 I am_broadcast_discard_app: [0,162033158,android.net.wifi.RSSI_CHANGED,0,ResolveInfo{ce0dcc7 com.sdu.didi.psnger/com.didi.sdk.receiver.WifiReceiver m=0x108000}]
06-22 23:45:47.217  3004  3004 I notification_enqueue: [1000,5826,com.android.bbklog,2,NULL,0,Notification(pri=0 contentView=null vibrate=null sound=null defaults=0x0 flags=0x2 color=0x00000000 vis=PRIVATE),1]
06-22 23:45:47.222  3004 19683 I notification_autogrouped: 0|com.android.bbklog|2|null|1000
06-22 23:45:47.224  3004 13517 I notification_autogrouped: 0|com.android.bbklog|2|null|1000
06-22 23:45:47.224  3004 13517 I notification_autogrouped: 0|com.android.bbklog|1|null|1000
06-22 23:45:47.526  3004 19682 I wm_task_moved: [38,1,4]
