06-22 23:10:23.102  3004  3562 I am_broadcast_discard_app: [0,97964658,android.intent.action.USER_PRESENT,29,ResolveInfo{b7f19a0 com.jm.android.jumei/com.taobao.accs.EventReceiver m=0x108000}]
06-22 23:10:23.103  3004  3562 I am_broadcast_discard_app: [0,97964658,android.intent.action.USER_PRESENT,30,ResolveInfo{acd959 com.lesports.glivesports/com.igexin.sdk.PushReceiver m=0x108000}]
06-22 23:10:23.104  3004  3562 I am_broadcast_discard_app: [0,97964658,android.intent.action.USER_PRESENT,31,ResolveInfo{7a7d91e com.letv.android.client/.receiver.LockScreenReceiver m=0x108000}]
06-22 23:10:23.105  3004  3562 I am_broadcast_discard_app: [0,97964658,android.intent.action.USER_PRESENT,32,ResolveInfo{1d2c5ff com.letv.android.client/cn.jpush.android.service.PushReceiver m=0x108000}]
06-22 23:10:23.106  3004  3562 I am_broadcast_discard_app: [0,97964658,android.intent.action.USER_PRESENT,33,ResolveInfo{14c2fcc com.microfundrn/com.igexin.sdk.PushReceiver m=0x108000}]
06-22 23:10:23.107  3004  3562 I am_broadcast_discard_app: [0,97964658,android.intent.action.USER_PRESENT,34,ResolveInfo{7c8b215 com.mobike.mobikeapp/com.igexin.sdk.PushReceiver m=0x108000}]
06-22 23:10:23.110  3004  3562 I am_broadcast_discard_app: [0,97964658,android.intent.action.USER_PRESENT,35,ResolveInfo{7f4692a com.mobike.mobikeapp/com.hyphenate.chat.EMMonitorReceiver m=0x108000}]
06-22 23:10:23.111  3004  3562 I am_broadcast_discard_app: [0,97964658,android.intent.action.USER_PRESENT,36,ResolveInfo{b97c31b com.netease.mail/com.igexin.sdk.PushReceiver m=0x108000}]
06-22 23:10:23.112  3004  3562 I am_broadcast_discard_app: [0,97964658,android.intent.action.USER_PRESENT,37,ResolveInfo{ef27cb8 com.nfyg.hsbb/com.igexin.sdk.PushReceiver m=0x108000}]
06-22 23:10:23.114  3004  3562 I am_broadcast_discard_app: [0,97964658,android.intent.action.USER_PRESENT,39,ResolveInfo{d8f5a91 com.pplive.androidphone/.push.getui.PushReceiver m=0x108000}]
06-22 23:10:23.114  3004  3562 I am_broadcast_discard_app: [0,97964658,android.intent.action.USER_PRESENT,40,ResolveInfo{c7edf6 com.pplive.androidphone/com.igexin.sdk.PushReceiver m=0x108000}]
06-22 23:10:23.114  3004  3562 I am_broadcast_discard_app: [0,97964658,android.intent.action.USER_PRESENT,41,ResolveInfo{1e575f7 com.pplive.androidphone/com.pplive.pushmsgsdk.SdkReceiver m=0x108000}]
06-22 23:10:23.114  3004  3562 I am_broadcast_discard_app: [0,97964658,android.intent.action.USER_PRESENT,42,ResolveInfo{caeac64 com.pplive.androidphone/io.rong.push.PushReceiver m=0x108000}]
06-22 23:10:23.115  3004  3562 I am_broadcast_discard_app: [0,97964658,android.intent.action.USER_PRESENT,43,ResolveInfo{83e0ecd com.qiyi.video/com.baidu.android.pushservice.PushServiceReceiver m=0x108000}]
06-22 23:10:23.115  3004  3562 I am_broadcast_discard_app: [0,97964658,android.intent.action.USER_PRESENT,44,ResolveInfo{a7cf382 com.qiyi.video/com.iqiyi.pushservice.PushServiceReceiver m=0x108000}]
06-22 23:10:23.115  3004  3562 I am_broadcast_discard_app: [0,97964658,android.intent.action.USER_PRESENT,45,ResolveInfo{1f17a93 com.qiyi.video/com.iqiyi.hcim.service.BroadcastCenter m=0x108000}]
06-22 23:10:23.115  3004  3562 I am_broadcast_discard_app: [0,97964658,android.intent.action.USER_PRESENT,46,ResolveInfo{7dc2ad0 com.qiyi.video/com.iqiyi.impushservice.receiver.ImPushServiceReceiver m=0x108000}]
06-22 23:10:23.116  3004  3562 I am_broadcast_discard_app: [0,97964658,android.intent.action.USER_PRESENT,47,ResolveInfo{aa9cac9 com.sankuai.meituan/com.dianping.base.push.pushservice.PhoneStatusReceiver m=0x108000}]
06-22 23:10:23.124  3004  8333 I am_broadcast_discard_app: [0,97964658,android.intent.action.USER_PRESENT,49,ResolveInfo{68ac5ce com.ss.android.article.lite/com.ss.android.message.MessageReceiver m=0x108000}]
06-22 23:10:23.128  3004  3562 I am_broadcast_discard_app: [0,97964658,android.intent.action.USER_PRESENT,50,ResolveInfo{caf2cef com.ss.android.article.lite/com.ss.android.push.sswo.SswoReceiver m=0x108000}]
06-22 23:10:23.129  3004  3562 I am_broadcast_discard_app: [0,97964658,android.intent.action.USER_PRESENT,51,ResolveInfo{62123fc com.ss.android.article.lite/com.taobao.accs.EventReceiver m=0x108000}]
06-22 23:10:23.129  3004  3562 I am_broadcast_discard_app: [0,97964658,android.intent.action.USER_PRESENT,52,ResolveInfo{5fb4a85 com.taobao.taobao/com.taobao.accs.EventReceiver m=0x108000}]
06-22 23:10:23.129  3004  3562 I am_broadcast_discard_app: [0,97964658,android.intent.action.USER_PRESENT,54,ResolveInfo{49170da com.tencent.news/.push.alive.offactivity.OffScreenReceiver m=0x108000}]
06-22 23:10:23.130  3004  3562 I am_broadcast_discard_app: [0,97964658,android.intent.action.USER_PRESENT,55,ResolveInfo{4eba90b com.tencent.news/com.taobao.accs.EventReceiver m=0x108000}]
06-22 23:10:23.130  3004  3562 I am_broadcast_discard_app: [0,97964658,android.intent.action.USER_PRESENT,56,ResolveInfo{f5a83e8 com.xiaoming.bike/com.igexin.sdk.PushReceiver m=0x108000}]
06-22 23:10:23.130  3004  3562 I am_broadcast_discard_app: [0,97964658,android.intent.action.USER_PRESENT,57,ResolveInfo{b2b0a01 com.ximalaya.fm.android/com.baidu.android.pushservice.PushServiceReceiver m=0x108000}]
06-22 23:10:23.130  3004  3562 I am_broadcast_discard_app: [0,97964658,android.intent.action.USER_PRESENT,58,ResolveInfo{c25c0a6 com.ximalaya.fm.android/com.igexin.sdk.PushReceiver m=0x108000}]
06-22 23:10:23.130  3004  3562 I am_broadcast_discard_app: [0,97964658,android.intent.action.USER_PRESENT,59,ResolveInfo{329cae7 com.ximalaya.ting.android/com.sina.util.dnscache.net.networktype.NetworkStateReceiver m=0x108000}]
06-22 23:10:23.161  6034  6034 I am_on_resume_called: [0,com.tencent.mm.ui.LauncherUI,RESUME_ACTIVITY]
06-22 23:10:23.166  3004  4854 I am_proc_died: [0,9781,com.vivo.game]
06-22 23:10:23.167  3004  4854 I am_schedule_service_restart: [0,com.vivo.game/.update.GameReceiverService,1000]
06-22 23:10:25.361  3004  3004 I free_storage_changed: 30699106304
06-22 23:10:40.200  3004  3562 I am_proc_start: [0,9847,10114,com.vivo.game,broadcast,com.vivo.game/.update.UpdateDownloadReceiver]
06-22 23:10:40.220  3004 19683 I am_proc_bound: [0,9847,com.vivo.game]
06-22 23:10:40.262  3004  3558 I am_pss  : [8623,10081,com.vivo.safecenter,6952960,5890048,0]
06-22 23:10:40.285  3004  3558 I am_pss  : [7102,10063,com.iqoo.secure:remote,30563328,29540352,0]
06-22 23:10:40.405  3004  4844 I am_broadcast_discard_app: [0,147954913,android.net.wifi.STATE_CHANGE,2,ResolveInfo{27d71b7 com.baidu.netdisk/com.baidu.cyberplayer.dlna.NetworkChangeReceiver m=0x108000}]
06-22 23:10:40.406  3004  3562 I am_broadcast_discard_app: [0,147954913,android.net.wifi.STATE_CHANGE,3,ResolveInfo{2995d24 com.sdu.didi.psnger/com.didi.sdk.receiver.WifiReceiver m=0x108000}]
06-22 23:10:40.407  3004  3562 I am_broadcast_discard_app: [0,147954913,android.net.wifi.STATE_CHANGE,4,ResolveInfo{385d08d com.tencent.mtt/.browser.engine.ServiceProcessReceiver m=0x108000}]
06-22 23:10:41.467  3004 23749 I am_proc_died: [0,9847,com.vivo.game]
06-22 23:10:41.468  3004 23749 I am_schedule_service_restart: [0,com.vivo.game/.update.GameReceiverService,1000]
06-22 23:10:41.645  3004  3562 I am_proc_start: [0,9885,10114,com.vivo.game,broadcast,com.vivo.game/.update.UpdateDownloadReceiver]
06-22 23:10:41.663  3004  4887 I am_proc_bound: [0,9885,com.vivo.game]
06-22 23:10:41.858  3004 23746 I am_broadcast_discard_app: [0,235661449,android.net.wifi.STATE_CHANGE,2,ResolveInfo{74305f9 com.baidu.netdisk/com.baidu.cyberplayer.dlna.NetworkChangeReceiver m=0x108000}]
06-22 23:10:41.859  3004  3562 I am_broadcast_discard_app: [0,235661449,android.net.wifi.STATE_CHANGE,3,ResolveInfo{af1993e com.sdu.didi.psnger/com.didi.sdk.receiver.WifiReceiver m=0x108000}]
06-22 23:10:41.860  3004  3562 I am_broadcast_discard_app: [0,235661449,android.net.wifi.STATE_CHANGE,4,ResolveInfo{983539f com.tencent.mtt/.browser.engine.ServiceProcessReceiver m=0x108000}]
06-22 23:10:42.924  3004 13517 I am_proc_died: [0,9885,com.vivo.game]
06-22 23:10:42.925  3004 13517 I am_schedule_service_restart: [0,com.vivo.game/.update.GameReceiverService,1000]
06-22 23:10:42.968  3004  3558 I am_pss  : [8247,10133,com.tencent.mm:exdevice,16464896,13578240,0]
06-22 23:10:43.014  3004  3558 I am_pss  : [6775,10133,com.tencent.mm:push,21787648,18653184,0]
06-22 23:11:00.055  3004  3558 I am_pss  : [11181,10092,com.bbk.calendar,5001216,4411392,0]
06-22 23:11:00.165  3004  3562 I am_proc_start: [0,9938,10114,com.vivo.game,broadcast,com.vivo.game/.update.UpdateDownloadReceiver]
06-22 23:11:00.184  3004 19682 I am_proc_bound: [0,9938,com.vivo.game]
06-22 23:11:00.377  3004 13516 I am_broadcast_discard_app: [0,106409456,android.net.wifi.STATE_CHANGE,2,ResolveInfo{b068e9e com.baidu.netdisk/com.baidu.cyberplayer.dlna.NetworkChangeReceiver m=0x108000}]
06-22 23:11:00.377  3004  3562 I am_broadcast_discard_app: [0,106409456,android.net.wifi.STATE_CHANGE,3,ResolveInfo{d730d7f com.sdu.didi.psnger/com.didi.sdk.receiver.WifiReceiver m=0x108000}]
06-22 23:11:00.378  3004  3562 I am_broadcast_discard_app: [0,106409456,android.net.wifi.STATE_CHANGE,4,ResolveInfo{753a14c com.tencent.mtt/.browser.engine.ServiceProcessReceiver m=0x108000}]
06-22 23:11:00.470  3004  4050 I am_wtf  : [0,3004,system_server,-1,ActivityManager,Sending non-protected broadcast MqttService.pingSender.364803822420926726 from system uid 1000 pkg com.vivo.abe]
06-22 23:11:01.428  3004 23749 I am_proc_died: [0,9938,com.vivo.game]
06-22 23:11:01.429  3004 23749 I am_schedule_service_restart: [0,com.vivo.game/.update.GameReceiverService,1000]
06-22 23:11:01.607  3004  3562 I am_proc_start: [0,10004,10114,com.vivo.game,broadcast,com.vivo.game/.update.UpdateDownloadReceiver]
06-22 23:11:01.627  3004 23747 I am_proc_bound: [0,10004,com.vivo.game]
06-22 23:11:01.818  3004 13516 I am_broadcast_discard_app: [0,87522821,android.net.wifi.STATE_CHANGE,2,ResolveInfo{56fea7b com.baidu.netdisk/com.baidu.cyberplayer.dlna.NetworkChangeReceiver m=0x108000}]
06-22 23:11:01.819  3004  3562 I am_broadcast_discard_app: [0,87522821,android.net.wifi.STATE_CHANGE,3,ResolveInfo{3a8098 com.sdu.didi.psnger/com.didi.sdk.receiver.WifiReceiver m=0x108000}]
06-22 23:11:01.824  3004  3562 I am_broadcast_discard_app: [0,87522821,android.net.wifi.STATE_CHANGE,4,ResolveInfo{d6644d6 com.tencent.mtt/.browser.engine.ServiceProcessReceiver m=0x108000}]
06-22 23:11:02.886  3004  3295 I am_proc_died: [0,10004,com.vivo.game]
06-22 23:11:02.886  3004  3295 I am_schedule_service_restart: [0,com.vivo.game/.update.GameReceiverService,1000]
06-22 23:11:13.078  3004  4050 I device_idle_wake_from_idle: [0,*walarm*:com.vivo.updater.alarm.action.LOCKED_TRIGGER]
06-22 23:11:18.959   511   511 I sf_frame_dur: [InputMethod,2,5,0,1,3,1,5]
06-22 23:11:20.181  3004  3562 I am_proc_start: [0,10090,10114,com.vivo.game,broadcast,com.vivo.game/.update.UpdateDownloadReceiver]
06-22 23:11:20.202  3004 23745 I am_proc_bound: [0,10090,com.vivo.game]
06-22 23:11:20.408  3004  8327 I am_broadcast_discard_app: [0,11165034,android.net.wifi.STATE_CHANGE,2,ResolveInfo{f0e784b com.baidu.netdisk/com.baidu.cyberplayer.dlna.NetworkChangeReceiver m=0x108000}]
06-22 23:11:20.411  3004  3562 I am_broadcast_discard_app: [0,11165034,android.net.wifi.STATE_CHANGE,3,ResolveInfo{6d24228 com.sdu.didi.psnger/com.didi.sdk.receiver.WifiReceiver m=0x108000}]
06-22 23:11:20.412  3004  3562 I am_broadcast_discard_app: [0,11165034,android.net.wifi.STATE_CHANGE,4,ResolveInfo{a9e8b41 com.tencent.mtt/.browser.engine.ServiceProcessReceiver m=0x108000}]
06-22 23:11:21.468  3004  4887 I am_proc_died: [0,10090,com.vivo.game]
06-22 23:11:21.468  3004  4887 I am_schedule_service_restart: [0,com.vivo.game/.update.GameReceiverService,1000]
06-22 23:11:21.621  3004  3562 I am_proc_start: [0,10129,10114,com.vivo.game,broadcast,com.vivo.game/.update.UpdateDownloadReceiver]
06-22 23:11:21.642  3004  8327 I am_proc_bound: [0,10129,com.vivo.game]
06-22 23:11:21.833  3004  8327 I am_broadcast_discard_app: [0,174140992,android.net.wifi.STATE_CHANGE,2,ResolveInfo{456236e com.baidu.netdisk/com.baidu.cyberplayer.dlna.NetworkChangeReceiver m=0x108000}]
06-22 23:11:21.834  3004  3562 I am_broadcast_discard_app: [0,174140992,android.net.wifi.STATE_CHANGE,3,ResolveInfo{c8cca0f com.sdu.didi.psnger/com.didi.sdk.receiver.WifiReceiver m=0x108000}]
06-22 23:11:21.835  3004  3562 I am_broadcast_discard_app: [0,174140992,android.net.wifi.STATE_CHANGE,4,ResolveInfo{41cca9c com.tencent.mtt/.browser.engine.ServiceProcessReceiver m=0x108000}]
06-22 23:11:22.889  3004  8330 I am_proc_died: [0,10129,com.vivo.game]
06-22 23:11:22.890  3004  8330 I am_schedule_service_restart: [0,com.vivo.game/.update.GameReceiverService,1000]
06-22 23:11:38.876   511   511 I sf_frame_dur: [InputMethod,7,28,10,17,13,5,1]
06-22 23:11:40.191  3004  3562 I am_proc_start: [0,10191,10114,com.vivo.game,broadcast,com.vivo.game/.update.UpdateDownloadReceiver]
06-22 23:11:40.207  3004  8330 I am_proc_bound: [0,10191,com.vivo.game]
06-22 23:11:40.357  3004  3558 I am_pss  : [6034,10133,com.tencent.mm,188241920,176996352,0]
06-22 23:11:40.405  3004 23741 I am_broadcast_discard_app: [0,32903884,android.net.wifi.STATE_CHANGE,2,ResolveInfo{232b185 com.baidu.netdisk/com.baidu.cyberplayer.dlna.NetworkChangeReceiver m=0x108000}]
06-22 23:11:40.408  3004  3562 I am_broadcast_discard_app: [0,32903884,android.net.wifi.STATE_CHANGE,3,ResolveInfo{38a4bda com.sdu.didi.psnger/com.didi.sdk.receiver.WifiReceiver m=0x108000}]
06-22 23:11:40.409  3004  3562 I am_broadcast_discard_app: [0,32903884,android.net.wifi.STATE_CHANGE,4,ResolveInfo{99ae80b com.tencent.mtt/.browser.engine.ServiceProcessReceiver m=0x108000}]
06-22 23:11:41.456  3004  3295 I am_proc_died: [0,10191,com.vivo.game]
06-22 23:11:41.457  3004  3295 I am_schedule_service_restart: [0,com.vivo.game/.update.GameReceiverService,1000]
06-22 23:11:41.628  3004  3562 I am_proc_start: [0,10228,10114,com.vivo.game,broadcast,com.vivo.game/.update.UpdateDownloadReceiver]
06-22 23:11:41.641  3004  8334 I am_proc_bound: [0,10228,com.vivo.game]
06-22 23:11:41.791  3004  4844 I am_broadcast_discard_app: [0,22104998,android.net.wifi.STATE_CHANGE,2,ResolveInfo{da255e2 com.baidu.netdisk/com.baidu.cyberplayer.dlna.NetworkChangeReceiver m=0x108000}]
06-22 23:11:41.792  3004  3562 I am_broadcast_discard_app: [0,22104998,android.net.wifi.STATE_CHANGE,3,ResolveInfo{3159d73 com.sdu.didi.psnger/com.didi.sdk.receiver.WifiReceiver m=0x108000}]
06-22 23:11:41.792  3004  3562 I am_broadcast_discard_app: [0,22104998,android.net.wifi.STATE_CHANGE,4,ResolveInfo{1f4430 com.tencent.mtt/.browser.engine.ServiceProcessReceiver m=0x108000}]
06-22 23:11:42.865  3004 23746 I am_proc_died: [0,10228,com.vivo.game]
06-22 23:11:42.865  3004 23746 I am_schedule_service_restart: [0,com.vivo.game/.update.GameReceiverService,1000]
06-22 23:11:48.594   511   511 I sf_frame_dur: [InputMethod,7,5,5,5,5,0,3]
06-22 23:12:00.195  3004  3562 I am_proc_start: [0,10279,10114,com.vivo.game,broadcast,com.vivo.game/.update.UpdateDownloadReceiver]
06-22 23:12:00.213  3004 23749 I am_proc_bound: [0,10279,com.vivo.game]
06-22 23:12:00.408  3004 23741 I am_broadcast_discard_app: [0,56891744,android.net.wifi.STATE_CHANGE,2,ResolveInfo{b19df89 com.baidu.netdisk/com.baidu.cyberplayer.dlna.NetworkChangeReceiver m=0x108000}]
06-22 23:12:00.408  3004  3562 I am_broadcast_discard_app: [0,56891744,android.net.wifi.STATE_CHANGE,3,ResolveInfo{9161b8e com.sdu.didi.psnger/com.didi.sdk.receiver.WifiReceiver m=0x108000}]
06-22 23:12:00.409  3004  3562 I am_broadcast_discard_app: [0,56891744,android.net.wifi.STATE_CHANGE,4,ResolveInfo{8a32faf com.tencent.mtt/.browser.engine.ServiceProcessReceiver m=0x108000}]
06-22 23:12:01.477  3004  4826 I am_proc_died: [0,10279,com.vivo.game]
06-22 23:12:01.478  3004  4826 I am_schedule_service_restart: [0,com.vivo.game/.update.GameReceiverService,1000]
06-22 23:12:01.664  3004  3562 I am_proc_start: [0,10317,10114,com.vivo.game,broadcast,com.vivo.game/.update.UpdateDownloadReceiver]
06-22 23:12:01.682  3004  4488 I am_proc_bound: [0,10317,com.vivo.game]
06-22 23:12:01.867  3004 23741 I am_broadcast_discard_app: [0,31220378,android.net.wifi.STATE_CHANGE,2,ResolveInfo{dae0084 com.baidu.netdisk/com.baidu.cyberplayer.dlna.NetworkChangeReceiver m=0x108000}]
06-22 23:12:01.868  3004  3562 I am_broadcast_discard_app: [0,31220378,android.net.wifi.STATE_CHANGE,3,ResolveInfo{156a06d com.sdu.didi.psnger/com.didi.sdk.receiver.WifiReceiver m=0x108000}]
06-22 23:12:01.869  3004  3562 I am_broadcast_discard_app: [0,31220378,android.net.wifi.STATE_CHANGE,4,ResolveInfo{811b4a2 com.tencent.mtt/.browser.engine.ServiceProcessReceiver m=0x108000}]
06-22 23:12:02.966  3004  3293 I am_proc_died: [0,10317,com.vivo.game]
06-22 23:12:02.967  3004  3293 I am_schedule_service_restart: [0,com.vivo.game/.update.GameReceiverService,1000]
06-22 23:12:19.149  3004  4057 I am_new_intent: [0,76689807,2,com.bbk.launcher2/.Launcher,android.intent.action.MAIN,NULL,NULL,278921216]
06-22 23:12:19.150  3004  4057 I am_focused_stack: [0,0,1,bringingFoundTaskToFront setFocusedActivity]
06-22 23:12:19.151  3004  4057 I wm_task_moved: [2,1,0]
06-22 23:12:19.155  3004  4057 I am_focused_activity: [0,com.bbk.launcher2/.Launcher,bringingFoundTaskToFront]
06-22 23:12:19.189  3004  4057 I am_pause_activity: [0,214386446,com.tencent.mm/.ui.LauncherUI]
06-22 23:12:19.193  3004  4057 I am_task_to_front: [0,2]
06-22 23:12:19.199  3004  4057 I sysui_action: [323,com.bbk.launcher2/.Launcher]
06-22 23:12:19.199  3004  4057 I sysui_action: [324,true]
06-22 23:12:19.199  3004  4057 I sysui_action: [325,23116]
06-22 23:12:19.259  6034  6034 I am_on_paused_called: [0,com.tencent.mm.ui.LauncherUI,handlePauseActivity]
06-22 23:12:19.273  3004  3293 I am_resume_activity: [0,64329445,2,com.bbk.launcher2/.Launcher]
06-22 23:12:19.283  3004  3562 I sysui_count: [window_time_0,337]
06-22 23:12:19.299  5780  5780 I am_on_resume_called: [0,com.bbk.launcher2.Launcher,RESUME_ACTIVITY]
06-22 23:12:19.342  3004  3883 I sysui_action: [320,2]
06-22 23:12:19.342  3004  3883 I sysui_action: [319,205]
06-22 23:12:19.342  3004  3883 I sysui_action: [322,205]
06-22 23:12:19.585  3004  3562 I am_stop_activity: [0,214386446,com.tencent.mm/.ui.LauncherUI]
06-22 23:12:19.592  6034  6034 I am_on_stop_called: [0,com.tencent.mm.ui.LauncherUI,handleStopActivity]
06-22 23:12:19.665   511   511 I sf_frame_dur: [com.tencent.mm/com.tencent.mm.ui.LauncherUI,360,45,52,84,591,75,7]
06-22 23:12:20.172  3004  3562 I am_proc_start: [0,10387,10114,com.vivo.game,broadcast,com.vivo.game/.update.UpdateDownloadReceiver]
06-22 23:12:20.187  3004 13517 I am_proc_bound: [0,10387,com.vivo.game]
06-22 23:12:20.190  3004 13517 I am_kill : [0,30496,com.android.camera,906,empty for 1800s]
06-22 23:12:20.215  3004  8339 I am_proc_died: [0,30496,com.android.camera]
06-22 23:12:20.363  3004 13516 I am_broadcast_discard_app: [0,193149274,android.net.wifi.STATE_CHANGE,2,ResolveInfo{d19d144 com.baidu.netdisk/com.baidu.cyberplayer.dlna.NetworkChangeReceiver m=0x108000}]
06-22 23:12:20.364  3004  3562 I am_broadcast_discard_app: [0,193149274,android.net.wifi.STATE_CHANGE,3,ResolveInfo{59022d com.sdu.didi.psnger/com.didi.sdk.receiver.WifiReceiver m=0x108000}]
06-22 23:12:20.365  3004  3562 I am_broadcast_discard_app: [0,193149274,android.net.wifi.STATE_CHANGE,4,ResolveInfo{5dd362 com.tencent.mtt/.browser.engine.ServiceProcessReceiver m=0x108000}]
06-22 23:12:21.262  3004 19683 I am_wtf  : [0,3004,system_server,-1,ActivityManager,Sending non-protected broadcast vivo.intent.action.PRELOAD_VIVOCAM from system 4651:com.vivo.daemonService/1000 pkg com.vivo.daemonService]
06-22 23:12:21.277  3004  3562 I am_proc_start: [0,10424,10093,com.android.camera,broadcast,com.android.camera/.PreloadCameraReceiver]
06-22 23:12:21.299  3004  4844 I am_proc_bound: [0,10424,com.android.camera]
06-22 23:12:21.369  3004  3293 I am_focused_stack: [0,1,0,bringingFoundTaskToFront setFocusedActivity]
06-22 23:12:21.370  3004  3293 I wm_task_moved: [6,1,9]
06-22 23:12:21.372  3004  3293 I am_focused_activity: [0,com.tencent.mm/.ui.LauncherUI,bringingFoundTaskToFront]
06-22 23:12:21.372  3004  3293 I am_pause_activity: [0,64329445,com.bbk.launcher2/.Launcher]
06-22 23:12:21.374  3004  3293 I am_task_to_front: [0,6]
06-22 23:12:21.374  3004  3293 I am_new_intent: [0,147440558,6,com.tencent.mm/.ui.LauncherUI,android.intent.action.MAIN,NULL,NULL,811597824]
06-22 23:12:21.376  3004  3293 I sysui_action: [323,com.tencent.mm/.ui.LauncherUI]
06-22 23:12:21.376  3004  3293 I sysui_action: [324,true]
06-22 23:12:21.376  3004  3293 I sysui_action: [325,23118]
06-22 23:12:21.380  5780  5780 I am_on_paused_called: [0,com.bbk.launcher2.Launcher,handlePauseActivity]
06-22 23:12:21.397  3004 13517 I am_resume_activity: [0,214386446,6,com.tencent.mm/.ui.LauncherUI]
06-22 23:12:21.406  3004  3562 I sysui_count: [window_time_0,2]
06-22 23:12:21.415  3004  8331 I am_proc_died: [0,10387,com.vivo.game]
06-22 23:12:21.415  3004  8331 I am_schedule_service_restart: [0,com.vivo.game/.update.GameReceiverService,1000]
06-22 23:12:21.497  6034  6034 I am_on_resume_called: [0,com.tencent.mm.ui.LauncherUI,RESUME_ACTIVITY]
06-22 23:12:21.536  3004  4887 I notification_cancel_all: [10093,10424,com.android.camera,0,0,64,9,NULL]
06-22 23:12:21.613  3004  3883 I sysui_action: [320,2]
06-22 23:12:21.613  3004  3883 I sysui_action: [319,247]
06-22 23:12:21.613  3004  3883 I sysui_action: [322,247]
06-22 23:12:21.890  3004  3562 I am_stop_activity: [0,64329445,com.bbk.launcher2/.Launcher]
06-22 23:12:21.894  5780  5780 I am_on_stop_called: [0,com.bbk.launcher2.Launcher,handleStopActivity]
06-22 23:12:21.919   511   511 I sf_frame_dur: [com.bbk.launcher2/com.bbk.launcher2.Launcher,0,0,0,1,1,0,1]
06-22 23:12:21.934  3004  4488 I am_proc_start: [0,10447,10114,com.vivo.game,broadcast,com.vivo.game/.update.UpdateDownloadReceiver]
06-22 23:12:21.943  3004  3295 I am_proc_bound: [0,10447,com.vivo.game]
06-22 23:12:22.106  3004  8336 I am_broadcast_discard_app: [0,138877709,android.net.wifi.STATE_CHANGE,2,ResolveInfo{7485bd4 com.baidu.netdisk/com.baidu.cyberplayer.dlna.NetworkChangeReceiver m=0x108000}]
06-22 23:12:22.107  3004  3562 I am_broadcast_discard_app: [0,138877709,android.net.wifi.STATE_CHANGE,3,ResolveInfo{fc1e17d com.sdu.didi.psnger/com.didi.sdk.receiver.WifiReceiver m=0x108000}]
06-22 23:12:22.108  3004  3562 I am_broadcast_discard_app: [0,138877709,android.net.wifi.STATE_CHANGE,4,ResolveInfo{bef4872 com.tencent.mtt/.browser.engine.ServiceProcessReceiver m=0x108000}]
06-22 23:12:23.166  3004  4854 I am_proc_died: [0,10447,com.vivo.game]
06-22 23:12:23.166  3004  4854 I am_schedule_service_restart: [0,com.vivo.game/.update.GameReceiverService,1000]
06-22 23:12:26.589  3004  4058 I sysui_histogram: [power_double_tap_interval,126661]
06-22 23:12:26.791  3004  4058 I power_sleep_requested: 0
06-22 23:12:26.791  3004  3004 I power_screen_state: [0,2,0,0]
06-22 23:12:26.791  3004  3004 I screen_toggled: 0
06-22 23:12:26.791  3004  3004 I sysui_histogram: [screen_timeout,60]
06-22 23:12:26.791  3004  3004 I power_screen_broadcast_send: 1
06-22 23:12:26.799  3004  3566 I am_wtf  : [0,3004,system_server,-1,ActivityManager,Sending non-protected broadcast vivo.intent.action.POWER_KEY_SCREEN_OFF from system 3004:system/1000 pkg android]
06-22 23:12:26.851  3004  3004 I am_pause_activity: [0,214386446,com.tencent.mm/.ui.LauncherUI]
06-22 23:12:26.866  3004  3562 I am_wtf  : [0,3004,system_server,-1,KernelWakelockReader,neither /proc/wakelocks nor /d/wakeup_sources exists]
06-22 23:12:26.929  6034  6034 I am_on_paused_called: [0,com.tencent.mm.ui.LauncherUI,handlePauseActivity]
06-22 23:12:26.932  3004  3562 I am_stop_activity: [0,214386446,com.tencent.mm/.ui.LauncherUI]
06-22 23:12:26.953  4477  4477 I sysui_view_visibility: [111,100]
06-22 23:12:26.955  6034  6034 I am_on_stop_called: [0,com.tencent.mm.ui.LauncherUI,sleeping]
06-22 23:12:26.980  4477  4477 I sysui_status_bar_state: [1,1,0,0,0,1]
06-22 23:12:26.999  3004 23746 I am_wtf  : [0,3004,system_server,-1,ActivityManager,Sending non-protected broadcast com.vivo.updater.action.SCREEN_OFF from system 4651:com.vivo.daemonService/1000 pkg com.vivo.daemonService]
06-22 23:12:27.124  3004  3004 I power_screen_broadcast_done: [0,333,1]
06-22 23:12:29.186  3004  8339 I battery_level: [79,4081,315]
06-22 23:12:29.216  3004  3562 I am_wtf  : [0,3004,system_server,-1,KernelWakelockReader,neither /proc/wakelocks nor /d/wakeup_sources exists]
06-22 23:12:44.721  3004  4058 I sysui_histogram: [power_double_tap_interval,8385]
06-22 23:12:44.724  3004  3004 I power_screen_state: [1,0,0,0]
06-22 23:12:44.724  3004  3004 I screen_toggled: 1
06-22 23:12:44.727  3004  3562 I am_wtf  : [0,3004,system_server,-1,KernelWakelockReader,neither /proc/wakelocks nor /d/wakeup_sources exists]
06-22 23:12:44.728  3004  3004 I power_screen_broadcast_send: 1
06-22 23:12:44.731  4477  4477 I sysui_histogram: [note_load,3]
06-22 23:12:44.731  3004  3295 I notification_panel_revealed: 3
06-22 23:12:44.858  3004 13517 I am_wtf  : [0,3004,system_server,-1,ActivityManager,Sending non-protected broadcast com.vivo.updater.action.SCREEN_ON from system 4651:com.vivo.daemonService/1000 pkg com.vivo.daemonService]
06-22 23:12:44.891  3004  3558 I am_pss  : [6034,10133,com.tencent.mm,190222336,178941952,0]
06-22 23:12:44.999  3004  4843 I am_proc_start: [0,10758,10114,com.vivo.game,broadcast,com.vivo.game/.update.UpdateDownloadReceiver]
06-22 23:12:45.005   511   511 I sf_frame_dur: [ColorFade,2,1,0,0,0,0,0]
06-22 23:12:45.024  3004  3004 I power_screen_broadcast_done: [1,295,1]
06-22 23:12:45.027  3004 23741 I am_proc_bound: [0,10758,com.vivo.game]
06-22 23:12:45.219  3004  4843 I am_broadcast_discard_app: [0,58478519,android.net.wifi.STATE_CHANGE,2,ResolveInfo{5c89966 com.baidu.netdisk/com.baidu.cyberplayer.dlna.NetworkChangeReceiver m=0x108000}]
06-22 23:12:45.219  3004  3562 I am_broadcast_discard_app: [0,58478519,android.net.wifi.STATE_CHANGE,3,ResolveInfo{a94a7 com.sdu.didi.psnger/com.didi.sdk.receiver.WifiReceiver m=0x108000}]
06-22 23:12:45.220  3004  3562 I am_broadcast_discard_app: [0,58478519,android.net.wifi.STATE_CHANGE,4,ResolveInfo{df65d54 com.tencent.mtt/.browser.engine.ServiceProcessReceiver m=0x108000}]
06-22 23:12:45.513  3004 23749 I am_broadcast_discard_app: [0,67500736,android.net.wifi.STATE_CHANGE,2,ResolveInfo{127414a com.baidu.netdisk/com.baidu.cyberplayer.dlna.NetworkChangeReceiver m=0x108000}]
06-22 23:12:45.515  3004  3562 I am_broadcast_discard_app: [0,67500736,android.net.wifi.STATE_CHANGE,3,ResolveInfo{cd788bb com.sdu.didi.psnger/com.didi.sdk.receiver.WifiReceiver m=0x108000}]
06-22 23:12:45.516  3004  3562 I am_broadcast_discard_app: [0,67500736,android.net.wifi.STATE_CHANGE,4,ResolveInfo{f1061d8 com.tencent.mtt/.browser.engine.ServiceProcessReceiver m=0x108000}]
06-22 23:12:45.541  3004  4409 I am_broadcast_discard_app: [0,200013207,android.net.wifi.STATE_CHANGE,2,ResolveInfo{eea76d com.baidu.netdisk/com.baidu.cyberplayer.dlna.NetworkChangeReceiver m=0x108000}]
06-22 23:12:45.541  3004  3562 I am_broadcast_discard_app: [0,200013207,android.net.wifi.STATE_CHANGE,3,ResolveInfo{7eeafa2 com.sdu.didi.psnger/com.didi.sdk.receiver.WifiReceiver m=0x108000}]
06-22 23:12:45.542  3004  3562 I am_broadcast_discard_app: [0,200013207,android.net.wifi.STATE_CHANGE,4,ResolveInfo{3705433 com.tencent.mtt/.browser.engine.ServiceProcessReceiver m=0x108000}]
06-22 23:12:46.268  3004  8336 I am_proc_died: [0,10758,com.vivo.game]
06-22 23:12:46.269  3004  8336 I am_schedule_service_restart: [0,com.vivo.game/.update.GameReceiverService,1000]
06-22 23:12:46.401  3004  3562 I am_proc_start: [0,10874,10114,com.vivo.game,broadcast,com.vivo.game/.update.UpdateDownloadReceiver]
06-22 23:12:46.426  3004  4888 I am_proc_bound: [0,10874,com.vivo.game]
06-22 23:12:46.615  3004 23741 I am_broadcast_discard_app: [0,231866511,android.net.wifi.STATE_CHANGE,2,ResolveInfo{97f674c com.baidu.netdisk/com.baidu.cyberplayer.dlna.NetworkChangeReceiver m=0x108000}]
06-22 23:12:46.616  3004  3562 I am_broadcast_discard_app: [0,231866511,android.net.wifi.STATE_CHANGE,3,ResolveInfo{d805395 com.sdu.didi.psnger/com.didi.sdk.receiver.WifiReceiver m=0x108000}]
06-22 23:12:46.617  3004  3562 I am_broadcast_discard_app: [0,231866511,android.net.wifi.STATE_CHANGE,4,ResolveInfo{3592caa com.tencent.mtt/.browser.engine.ServiceProcessReceiver m=0x108000}]
06-22 23:12:47.698  3004 19683 I am_proc_died: [0,10874,com.vivo.game]
06-22 23:12:47.698  3004 19683 I am_schedule_service_restart: [0,com.vivo.game/.update.GameReceiverService,1000]
06-22 23:12:55.707  3004  4058 I sysui_histogram: [power_double_tap_interval,10975]
06-22 23:12:55.843  3004  4058 I power_sleep_requested: 0
06-22 23:12:55.845  3004  3004 I power_screen_state: [0,2,0,0]
06-22 23:12:55.845  3004  3004 I screen_toggled: 0
06-22 23:12:55.845  3004  3004 I sysui_histogram: [screen_timeout,60]
06-22 23:12:55.845  3004  3004 I power_screen_broadcast_send: 1
06-22 23:12:55.848  3004  3566 I am_wtf  : [0,3004,system_server,-1,ActivityManager,Sending non-protected broadcast vivo.intent.action.POWER_KEY_SCREEN_OFF from system 3004:system/1000 pkg android]
06-22 23:12:55.860  3004  8334 I notification_panel_hidden: []
06-22 23:12:55.914  3004  3562 I am_wtf  : [0,3004,system_server,-1,KernelWakelockReader,neither /proc/wakelocks nor /d/wakeup_sources exists]
06-22 23:12:55.917  3004  3558 I am_pss  : [5780,10034,com.bbk.launcher2,78384128,75350016,0]
06-22 23:12:55.940  3004  3558 I am_pss  : [5640,1000,com.vivo.doubleinstance,3755008,3141632,0]
06-22 23:12:55.948  3004  3293 I am_wtf  : [0,3004,system_server,-1,ActivityManager,Sending non-protected broadcast com.vivo.updater.action.SCREEN_OFF from system 4651:com.vivo.daemonService/1000 pkg com.vivo.daemonService]
06-22 23:12:55.958  3004  3558 I am_pss  : [8623,10081,com.vivo.safecenter,6964224,5894144,0]
06-22 23:12:55.976  3004  3558 I am_pss  : [7102,10063,com.iqoo.secure:remote,30928896,29896704,0]
06-22 23:12:56.089  3004  3004 I power_screen_broadcast_done: [0,244,1]
06-22 23:13:02.437  3004  3558 I am_pss  : [8247,10133,com.tencent.mm:exdevice,17019904,14131200,0]
06-22 23:13:02.477  3004  3558 I am_pss  : [6775,10133,com.tencent.mm:push,22247424,19111936,0]
06-22 23:13:20.826  3004  4058 I sysui_histogram: [power_double_tap_interval,7323]
06-22 23:13:20.831  3004  3004 I power_screen_state: [1,0,0,0]
06-22 23:13:20.831  3004  3004 I screen_toggled: 1
06-22 23:13:20.833  3004  3004 I power_screen_broadcast_send: 1
06-22 23:13:20.834  4477  4477 I sysui_histogram: [note_load,3]
06-22 23:13:20.835  3004 23741 I notification_panel_revealed: 3
06-22 23:13:20.844  3004  3562 I am_wtf  : [0,3004,system_server,-1,KernelWakelockReader,neither /proc/wakelocks nor /d/wakeup_sources exists]
06-22 23:13:20.914  3004  3558 I am_pss  : [10424,10093,com.android.camera,14244864,11108352,0]
06-22 23:13:20.961  3004  8327 I am_wtf  : [0,3004,system_server,-1,ActivityManager,Sending non-protected broadcast com.vivo.updater.action.SCREEN_ON from system 4651:com.vivo.daemonService/1000 pkg com.vivo.daemonService]
06-22 23:13:20.965  3004  3558 I am_pss  : [28413,10045,com.vivo.weather.provider,13607936,12460032,0]
06-22 23:13:21.065  3004  3004 I power_screen_broadcast_done: [1,232,1]
06-22 23:13:21.113  3004 23746 I am_proc_start: [0,11094,10114,com.vivo.game,broadcast,com.vivo.game/.update.UpdateDownloadReceiver]
06-22 23:13:21.132   511   511 I sf_frame_dur: [ColorFade,1,1,0,0,2,0,0]
06-22 23:13:21.159  3004  4826 I am_proc_bound: [0,11094,com.vivo.game]
06-22 23:13:21.367  3004 19683 I am_broadcast_discard_app: [0,66230173,android.net.wifi.STATE_CHANGE,2,ResolveInfo{ebf84a4 com.baidu.netdisk/com.baidu.cyberplayer.dlna.NetworkChangeReceiver m=0x108000}]
06-22 23:13:21.369  3004  3562 I am_broadcast_discard_app: [0,66230173,android.net.wifi.STATE_CHANGE,3,ResolveInfo{ccda20d com.sdu.didi.psnger/com.didi.sdk.receiver.WifiReceiver m=0x108000}]
06-22 23:13:21.371  3004  3562 I am_broadcast_discard_app: [0,66230173,android.net.wifi.STATE_CHANGE,4,ResolveInfo{dfc25c2 com.tencent.mtt/.browser.engine.ServiceProcessReceiver m=0x108000}]
06-22 23:13:21.567  3004  4748 I am_broadcast_discard_app: [0,157998094,android.net.wifi.STATE_CHANGE,2,ResolveInfo{c023941 com.baidu.netdisk/com.baidu.cyberplayer.dlna.NetworkChangeReceiver m=0x108000}]
06-22 23:13:21.567  3004  3562 I am_broadcast_discard_app: [0,157998094,android.net.wifi.STATE_CHANGE,3,ResolveInfo{3aa5ee6 com.sdu.didi.psnger/com.didi.sdk.receiver.WifiReceiver m=0x108000}]
06-22 23:13:21.568  3004  3562 I am_broadcast_discard_app: [0,157998094,android.net.wifi.STATE_CHANGE,4,ResolveInfo{458ac27 com.tencent.mtt/.browser.engine.ServiceProcessReceiver m=0x108000}]
06-22 23:13:21.594  3004  4826 I am_broadcast_discard_app: [0,120423282,android.net.wifi.STATE_CHANGE,2,ResolveInfo{8bd9440 com.baidu.netdisk/com.baidu.cyberplayer.dlna.NetworkChangeReceiver m=0x108000}]
06-22 23:13:21.595  3004  3562 I am_broadcast_discard_app: [0,120423282,android.net.wifi.STATE_CHANGE,3,ResolveInfo{563cf79 com.sdu.didi.psnger/com.didi.sdk.receiver.WifiReceiver m=0x108000}]
06-22 23:13:21.596  3004  3562 I am_broadcast_discard_app: [0,120423282,android.net.wifi.STATE_CHANGE,4,ResolveInfo{54c64be com.tencent.mtt/.browser.engine.ServiceProcessReceiver m=0x108000}]
06-22 23:13:22.164  4477  4477 I screen_toggled: 2
06-22 23:13:22.174  4477  4477 I sysui_status_bar_state: [1,0,0,0,0,1]
06-22 23:13:22.189  4477  4477 I sysui_view_visibility: [111,0]
06-22 23:13:22.210  3004 19682 I am_resume_activity: [0,214386446,6,com.tencent.mm/.ui.LauncherUI]
06-22 23:13:22.254  3004  3562 I am_broadcast_discard_app: [0,13167157,android.intent.action.USER_PRESENT,0,ResolveInfo{6e60eca cn.wps.moffice_eng/cn.wps.moffice.service.receivers.MonitorServiceReceiver p=2147483647 m=0x108000}]
06-22 23:13:22.260  3004  3293 I notification_expansion: [0|com.android.bbklog|2147483647|group_key_override|1000|ranker_bundle,0,1,57897983,57897983,29811095]
06-22 23:13:22.261  3004  3562 I am_broadcast_discard_app: [0,13167157,android.intent.action.USER_PRESENT,1,ResolveInfo{32af4b1 com.eg.android.AlipayGphone/com.alipay.pushsdk.BroadcastActionReceiver p=2147483647 m=0x108000}]
06-22 23:13:22.261  3004  3562 I am_broadcast_discard_app: [0,13167157,android.intent.action.USER_PRESENT,2,ResolveInfo{1be4d96 com.sdu.didi.psnger/com.igexin.sdk.PushReceiver p=2147483647 m=0x108000}]
06-22 23:13:22.262  3004  3562 I am_broadcast_discard_app: [0,13167157,android.intent.action.USER_PRESENT,4,ResolveInfo{1aeed17 ctrip.android.view/ctrip.android.pushsdk.DaemonReceiver p=10000 m=0x108000}]
06-22 23:13:22.263  3004  3562 I am_broadcast_discard_app: [0,13167157,android.intent.action.USER_PRESENT,5,ResolveInfo{a822504 com.ifeng.news2/com.eguan.drivermonitor.reciever.SystemStartReciever p=1000 m=0x108000}]
06-22 23:13:22.297  3004 23747 I notification_expansion: [0|com.android.bbklog|1|null|1000,0,1,57898030,57898030,29811132]
06-22 23:13:22.320  3004 19682 I notification_panel_hidden: []
06-22 23:13:22.376  6034  6034 I am_on_resume_called: [0,com.tencent.mm.ui.LauncherUI,RESUME_ACTIVITY]
06-22 23:13:22.382  3004  8327 I am_broadcast_discard_app: [0,13167157,android.intent.action.USER_PRESENT,13,ResolveInfo{2716c21 cn.wps.moffice_eng/com.igexin.sdk.PushReceiver m=0x108000}]
06-22 23:13:22.384  3004  3562 I am_broadcast_discard_app: [0,13167157,android.intent.action.USER_PRESENT,14,ResolveInfo{e4f4a07 com.Qunar/com.igexin.sdk.PushReceiver m=0x108000}]
06-22 23:13:22.385  3004  3562 I am_broadcast_discard_app: [0,13167157,android.intent.action.USER_PRESENT,15,ResolveInfo{b57a95d com.anjuke.android.app/com.igexin.sdk.PushReceiver m=0x108000}]
06-22 23:13:22.393  3004  3562 I am_broadcast_discard_app: [0,13167157,android.intent.action.USER_PRESENT,16,ResolveInfo{4dba2d2 com.autonavi.minimap/com.taobao.accs.EventReceiver m=0x108000}]
06-22 23:13:22.394  3004  3562 I am_broadcast_discard_app: [0,13167157,android.intent.action.USER_PRESENT,17,ResolveInfo{d8c7fa3 com.baidu.netdisk/com.baidu.android.pushservice.PushServiceReceiver m=0x108000}]
06-22 23:13:22.395  3004  3562 I am_broadcast_discard_app: [0,13167157,android.intent.action.USER_PRESENT,18,ResolveInfo{ec832a0 com.baidu.netdisk/com.baidu.devicesecurity.receiver.DSDeviceAdminReceiver m=0x108000}]
06-22 23:13:22.397  3004  3562 I am_broadcast_discard_app: [0,13167157,android.intent.action.USER_PRESENT,19,ResolveInfo{26a7e59 com.dianping.v1/com.dianping.base.push.pushservice.PhoneStatusReceiver m=0x108000}]
06-22 23:13:22.400  3004  3562 I am_broadcast_discard_app: [0,13167157,android.intent.action.USER_PRESENT,20,ResolveInfo{bad1a1e com.htinns/cn.jpush.android.service.PushReceiver m=0x108000}]
06-22 23:13:22.401  3004  3562 I am_broadcast_discard_app: [0,13167157,android.intent.action.USER_PRESENT,21,ResolveInfo{7dd72ff com.htinns/com.igexin.sdk.PushReceiver m=0x108000}]
06-22 23:13:22.403  3004  3562 I am_broadcast_discard_app: [0,13167157,android.intent.action.USER_PRESENT,23,ResolveInfo{28dd8cc com.ifeng.news2/com.ifeng.ipush.client.receiver.PushReceiver m=0x108000}]
06-22 23:13:22.404  3004  3562 I am_broadcast_discard_app: [0,13167157,android.intent.action.USER_PRESENT,25,ResolveInfo{83ba715 com.ifeng.news2/com.igexin.sdk.PushReceiver m=0x108000}]
06-22 23:13:22.404  3004  3562 I am_broadcast_discard_app: [0,13167157,android.intent.action.USER_PRESENT,26,ResolveInfo{d8cba2a com.jm.android.jumei/com.igexin.sdk.PushReceiver m=0x108000}]
06-22 23:13:22.405  3004  3562 I am_broadcast_discard_app: [0,13167157,android.intent.action.USER_PRESENT,28,ResolveInfo{c20401b com.jm.android.jumei/.push.JMAliReceiver m=0x108000}]
06-22 23:13:22.406  3004  3562 I am_broadcast_discard_app: [0,13167157,android.intent.action.USER_PRESENT,29,ResolveInfo{d25b5b8 com.jm.android.jumei/com.taobao.accs.EventReceiver m=0x108000}]
06-22 23:13:22.407  3004  3562 I am_broadcast_discard_app: [0,13167157,android.intent.action.USER_PRESENT,30,ResolveInfo{abc9f91 com.lesports.glivesports/com.igexin.sdk.PushReceiver m=0x108000}]
06-22 23:13:22.407  3004  3562 I am_broadcast_discard_app: [0,13167157,android.intent.action.USER_PRESENT,31,ResolveInfo{6144ef6 com.letv.android.client/.receiver.LockScreenReceiver m=0x108000}]
06-22 23:13:22.408  3004  3562 I am_broadcast_discard_app: [0,13167157,android.intent.action.USER_PRESENT,32,ResolveInfo{ef8c2f7 com.letv.android.client/cn.jpush.android.service.PushReceiver m=0x108000}]
06-22 23:13:22.409  3004  3562 I am_broadcast_discard_app: [0,13167157,android.intent.action.USER_PRESENT,33,ResolveInfo{d5c7564 com.microfundrn/com.igexin.sdk.PushReceiver m=0x108000}]
06-22 23:13:22.410  3004  3562 I am_broadcast_discard_app: [0,13167157,android.intent.action.USER_PRESENT,34,ResolveInfo{b7aa3cd com.mobike.mobikeapp/com.igexin.sdk.PushReceiver m=0x108000}]
06-22 23:13:22.411  3004  3562 I am_broadcast_discard_app: [0,13167157,android.intent.action.USER_PRESENT,35,ResolveInfo{eae6482 com.mobike.mobikeapp/com.hyphenate.chat.EMMonitorReceiver m=0x108000}]
06-22 23:13:22.414  3004  3562 I am_broadcast_discard_app: [0,13167157,android.intent.action.USER_PRESENT,36,ResolveInfo{16c9793 com.netease.mail/com.igexin.sdk.PushReceiver m=0x108000}]
06-22 23:13:22.415  3004  3562 I am_broadcast_discard_app: [0,13167157,android.intent.action.USER_PRESENT,37,ResolveInfo{d9aafc9 com.nfyg.hsbb/com.igexin.sdk.PushReceiver m=0x108000}]
06-22 23:13:22.418  3004  3562 I am_broadcast_discard_app: [0,13167157,android.intent.action.USER_PRESENT,39,ResolveInfo{39f0cfc com.pplive.androidphone/.push.getui.PushReceiver m=0x108000}]
06-22 23:13:22.419  3004  3562 I am_broadcast_discard_app: [0,13167157,android.intent.action.USER_PRESENT,40,ResolveInfo{7957f85 com.pplive.androidphone/com.igexin.sdk.PushReceiver m=0x108000}]
06-22 23:13:22.419  3004  3562 I am_broadcast_discard_app: [0,13167157,android.intent.action.USER_PRESENT,41,ResolveInfo{d6001da com.pplive.androidphone/com.pplive.pushmsgsdk.SdkReceiver m=0x108000}]
06-22 23:13:22.420  3004  3562 I am_broadcast_discard_app: [0,13167157,android.intent.action.USER_PRESENT,42,ResolveInfo{b0d660b com.pplive.androidphone/io.rong.push.PushReceiver m=0x108000}]
06-22 23:13:22.420  3004  3562 I am_broadcast_discard_app: [0,13167157,android.intent.action.USER_PRESENT,43,ResolveInfo{14dfce8 com.qiyi.video/com.baidu.android.pushservice.PushServiceReceiver m=0x108000}]
06-22 23:13:22.421  3004  3562 I am_broadcast_discard_app: [0,13167157,android.intent.action.USER_PRESENT,44,ResolveInfo{4b38f01 com.qiyi.video/com.iqiyi.pushservice.PushServiceReceiver m=0x108000}]
06-22 23:13:22.424  3004  3562 I am_broadcast_discard_app: [0,13167157,android.intent.action.USER_PRESENT,45,ResolveInfo{62a57e7 com.qiyi.video/com.iqiyi.hcim.service.BroadcastCenter m=0x108000}]
06-22 23:13:22.426  3004  3562 I am_broadcast_discard_app: [0,13167157,android.intent.action.USER_PRESENT,46,ResolveInfo{2491a3d com.qiyi.video/com.iqiyi.impushservice.receiver.ImPushServiceReceiver m=0x108000}]
06-22 23:13:22.426  3004  3562 I am_broadcast_discard_app: [0,13167157,android.intent.action.USER_PRESENT,47,ResolveInfo{74cf232 com.sankuai.meituan/com.dianping.base.push.pushservice.PhoneStatusReceiver m=0x108000}]
06-22 23:13:22.431  3004 13516 I am_broadcast_discard_app: [0,13167157,android.intent.action.USER_PRESENT,49,ResolveInfo{23a8b83 com.ss.android.article.lite/com.ss.android.message.MessageReceiver m=0x108000}]
06-22 23:13:22.436  3004  3562 I am_broadcast_discard_app: [0,13167157,android.intent.action.USER_PRESENT,50,ResolveInfo{3c18100 com.ss.android.article.lite/com.ss.android.push.sswo.SswoReceiver m=0x108000}]
06-22 23:13:22.437  3004  3562 I am_broadcast_discard_app: [0,13167157,android.intent.action.USER_PRESENT,51,ResolveInfo{4b21d39 com.ss.android.article.lite/com.taobao.accs.EventReceiver m=0x108000}]
06-22 23:13:22.440  3004  3562 I am_broadcast_discard_app: [0,13167157,android.intent.action.USER_PRESENT,52,ResolveInfo{b3dad2c com.taobao.taobao/com.taobao.accs.EventReceiver m=0x108000}]
06-22 23:13:22.440  3004  3562 I am_broadcast_discard_app: [0,13167157,android.intent.action.USER_PRESENT,54,ResolveInfo{e53f5 com.tencent.news/.push.alive.offactivity.OffScreenReceiver m=0x108000}]
06-22 23:13:22.441  3004  3562 I am_broadcast_discard_app: [0,13167157,android.intent.action.USER_PRESENT,55,ResolveInfo{82c958a com.tencent.news/com.taobao.accs.EventReceiver m=0x108000}]
06-22 23:13:22.441  3004  3562 I am_broadcast_discard_app: [0,13167157,android.intent.action.USER_PRESENT,56,ResolveInfo{347e7fb com.xiaoming.bike/com.igexin.sdk.PushReceiver m=0x108000}]
06-22 23:13:22.441  3004  3562 I am_broadcast_discard_app: [0,13167157,android.intent.action.USER_PRESENT,57,ResolveInfo{56e7018 com.ximalaya.fm.android/com.baidu.android.pushservice.PushServiceReceiver m=0x108000}]
06-22 23:13:22.442  3004  3562 I am_broadcast_discard_app: [0,13167157,android.intent.action.USER_PRESENT,58,ResolveInfo{bd3a71 com.ximalaya.fm.android/com.igexin.sdk.PushReceiver m=0x108000}]
06-22 23:13:22.442  3004  3562 I am_broadcast_discard_app: [0,13167157,android.intent.action.USER_PRESENT,59,ResolveInfo{cc68056 com.ximalaya.ting.android/com.sina.util.dnscache.net.networktype.NetworkStateReceiver m=0x108000}]
06-22 23:13:22.448  3004  8331 I am_proc_died: [0,11094,com.vivo.game]
06-22 23:13:22.449  3004  8331 I am_schedule_service_restart: [0,com.vivo.game/.update.GameReceiverService,1000]
06-22 23:13:22.472  3004  4748 I am_proc_start: [0,11227,10114,com.vivo.game,broadcast,com.vivo.game/.update.UpdateDownloadReceiver]
06-22 23:13:22.489  3004 23746 I am_proc_bound: [0,11227,com.vivo.game]
06-22 23:13:22.665  3004 23746 I am_broadcast_discard_app: [0,86334323,android.net.wifi.STATE_CHANGE,2,ResolveInfo{4c17f60 com.baidu.netdisk/com.baidu.cyberplayer.dlna.NetworkChangeReceiver m=0x108000}]
06-22 23:13:22.666  3004  3562 I am_broadcast_discard_app: [0,86334323,android.net.wifi.STATE_CHANGE,3,ResolveInfo{f72ac19 com.sdu.didi.psnger/com.didi.sdk.receiver.WifiReceiver m=0x108000}]
06-22 23:13:22.668  3004  3562 I am_broadcast_discard_app: [0,86334323,android.net.wifi.STATE_CHANGE,4,ResolveInfo{89914de com.tencent.mtt/.browser.engine.ServiceProcessReceiver m=0x108000}]
06-22 23:13:23.719  3004  4826 I am_proc_died: [0,11227,com.vivo.game]
06-22 23:13:23.719  3004  4826 I am_schedule_service_restart: [0,com.vivo.game/.update.GameReceiverService,1000]
06-22 23:13:33.379  3004  3558 I am_pss  : [8623,10081,com.vivo.safecenter,6964224,5894144,0]
06-22 23:13:33.419  3004  3558 I am_pss  : [7102,10063,com.iqoo.secure:remote,31039488,30007296,0]
06-22 23:13:41.026  3004  3562 I am_proc_start: [0,11287,10114,com.vivo.game,broadcast,com.vivo.game/.update.UpdateDownloadReceiver]
06-22 23:13:41.046  3004 19683 I am_proc_bound: [0,11287,com.vivo.game]
06-22 23:13:41.244  3004  4409 I am_broadcast_discard_app: [0,266174623,android.net.wifi.STATE_CHANGE,2,ResolveInfo{6d9221c com.baidu.netdisk/com.baidu.cyberplayer.dlna.NetworkChangeReceiver m=0x108000}]
06-22 23:13:41.245  3004  3562 I am_broadcast_discard_app: [0,266174623,android.net.wifi.STATE_CHANGE,3,ResolveInfo{803e25 com.sdu.didi.psnger/com.didi.sdk.receiver.WifiReceiver m=0x108000}]
06-22 23:13:41.246  3004  3562 I am_broadcast_discard_app: [0,266174623,android.net.wifi.STATE_CHANGE,4,ResolveInfo{f27ebfa com.tencent.mtt/.browser.engine.ServiceProcessReceiver m=0x108000}]
06-22 23:13:42.318  3004  4888 I am_proc_died: [0,11287,com.vivo.game]
06-22 23:13:42.318  3004  4888 I am_schedule_service_restart: [0,com.vivo.game/.update.GameReceiverService,1000]
06-22 23:13:42.373  3004  3558 I am_pss  : [8247,10133,com.tencent.mm:exdevice,17191936,14303232,0]
06-22 23:13:42.414  3004  3562 I am_proc_start: [0,11325,10114,com.vivo.game,broadcast,com.vivo.game/.update.UpdateDownloadReceiver]
06-22 23:13:42.418  3004  3558 I am_pss  : [6775,10133,com.tencent.mm:push,22378496,19243008,0]
06-22 23:13:42.432  3004 13517 I am_proc_bound: [0,11325,com.vivo.game]
06-22 23:13:42.621  3004  4887 I am_broadcast_discard_app: [0,180756871,android.net.wifi.STATE_CHANGE,2,ResolveInfo{7bbe74d com.baidu.netdisk/com.baidu.cyberplayer.dlna.NetworkChangeReceiver m=0x108000}]
06-22 23:13:42.622  3004  3562 I am_broadcast_discard_app: [0,180756871,android.net.wifi.STATE_CHANGE,3,ResolveInfo{e092202 com.sdu.didi.psnger/com.didi.sdk.receiver.WifiReceiver m=0x108000}]
06-22 23:13:42.625  3004  3562 I am_broadcast_discard_app: [0,180756871,android.net.wifi.STATE_CHANGE,4,ResolveInfo{d543d50 com.tencent.mtt/.browser.engine.ServiceProcessReceiver m=0x108000}]
06-22 23:13:43.679  3004 13515 I am_proc_died: [0,11325,com.vivo.game]
06-22 23:13:43.680  3004 13515 I am_schedule_service_restart: [0,com.vivo.game/.update.GameReceiverService,1000]
06-22 23:13:46.272   511   511 I sf_frame_dur: [InputMethod,1,2,0,0,0,0,2]
06-22 23:13:46.973  3004  8327 I wm_task_moved: [6,1,9]
06-22 23:13:46.973  3004  8327 I am_create_activity: [0,261230514,6,com.tencent.mm/.ui.chatting.gallery.ImageGalleryUI,NULL,NULL,NULL,0]
06-22 23:13:46.975  3004  8327 I wm_task_moved: [6,1,9]
06-22 23:13:46.976  3004  8327 I am_focused_activity: [0,com.tencent.mm/.ui.chatting.gallery.ImageGalleryUI,startedActivity]
06-22 23:13:46.977  3004  8327 I am_pause_activity: [0,214386446,com.tencent.mm/.ui.LauncherUI]
06-22 23:13:47.022  6034  6034 I am_on_paused_called: [0,com.tencent.mm.ui.LauncherUI,handlePauseActivity]
06-22 23:13:47.027  3004  4647 I am_restart_activity: [0,261230514,6,com.tencent.mm/.ui.chatting.gallery.ImageGalleryUI]
06-22 23:13:47.044  3004  3562 I sysui_count: [window_time_0,86]
06-22 23:13:47.104  6034  6034 I am_on_resume_called: [0,com.tencent.mm.ui.chatting.gallery.ImageGalleryUI,LAUNCH_ACTIVITY]
06-22 23:13:47.232  3004  3883 I am_activity_launch_time: [0,261230514,com.tencent.mm/.ui.chatting.gallery.ImageGalleryUI,207,207]
06-22 23:13:52.856  3004  3004 I free_storage_changed: 30695858176
06-22 23:13:54.116  3004  3558 I am_pss  : [11181,10092,com.bbk.calendar,5009408,4419584,0]
06-22 23:13:54.152  3004  3558 I am_pss  : [14190,10004,com.android.providers.calendar,5598208,4833280,0]
06-22 23:13:55.990  3004  4050 I device_idle_wake_from_idle: [0,*walarm*:com.vivo.updater.alarm.action.LOCKED_TRIGGER]
06-22 23:14:00.999  3004  3562 I am_proc_start: [0,11396,10114,com.vivo.game,broadcast,com.vivo.game/.update.UpdateDownloadReceiver]
06-22 23:14:01.021  3004 19682 I am_proc_bound: [0,11396,com.vivo.game]
06-22 23:14:01.217  3004  4887 I am_broadcast_discard_app: [0,61848080,android.net.wifi.STATE_CHANGE,2,ResolveInfo{cf38679 com.baidu.netdisk/com.baidu.cyberplayer.dlna.NetworkChangeReceiver m=0x108000}]
06-22 23:14:01.218  3004  3562 I am_broadcast_discard_app: [0,61848080,android.net.wifi.STATE_CHANGE,3,ResolveInfo{13f4fbe com.sdu.didi.psnger/com.didi.sdk.receiver.WifiReceiver m=0x108000}]
06-22 23:14:01.221  3004  3562 I am_broadcast_discard_app: [0,61848080,android.net.wifi.STATE_CHANGE,4,ResolveInfo{d35081f com.tencent.mtt/.browser.engine.ServiceProcessReceiver m=0x108000}]
06-22 23:14:02.268  3004  8335 I am_proc_died: [0,11396,com.vivo.game]
06-22 23:14:02.268  3004  8335 I am_schedule_service_restart: [0,com.vivo.game/.update.GameReceiverService,1000]
06-22 23:14:02.415  3004  3562 I am_proc_start: [0,11444,10114,com.vivo.game,broadcast,com.vivo.game/.update.UpdateDownloadReceiver]
06-22 23:14:02.434  3004 13517 I am_proc_bound: [0,11444,com.vivo.game]
06-22 23:14:02.630  3004 19683 I am_broadcast_discard_app: [0,110930378,android.net.wifi.STATE_CHANGE,2,ResolveInfo{a00ed88 com.baidu.netdisk/com.baidu.cyberplayer.dlna.NetworkChangeReceiver m=0x108000}]
06-22 23:14:02.632  3004  3562 I am_broadcast_discard_app: [0,110930378,android.net.wifi.STATE_CHANGE,3,ResolveInfo{d315346 com.sdu.didi.psnger/com.didi.sdk.receiver.WifiReceiver m=0x108000}]
06-22 23:14:02.635  3004  3562 I am_broadcast_discard_app: [0,110930378,android.net.wifi.STATE_CHANGE,4,ResolveInfo{383f907 com.tencent.mtt/.browser.engine.ServiceProcessReceiver m=0x108000}]
06-22 23:14:03.687  3004  4888 I am_proc_died: [0,11444,com.vivo.game]
