06-22 23:38:38.899  3004  4887 I am_focused_activity: [0,com.tencent.mm/.ui.LauncherUI,bringingFoundTaskToFront]
06-22 23:38:38.900  3004  4887 I am_pause_activity: [0,64329445,com.bbk.launcher2/.Launcher]
06-22 23:38:38.902  3004  4887 I am_task_to_front: [0,6]
06-22 23:38:38.902  3004  4887 I am_new_intent: [0,43149321,6,com.tencent.mm/.ui.LauncherUI,android.intent.action.MAIN,NULL,NULL,811597824]
06-22 23:38:38.904  3004  4887 I sysui_action: [323,com.tencent.mm/.ui.LauncherUI]
06-22 23:38:38.904  3004  4887 I sysui_action: [324,true]
06-22 23:38:38.904  3004  4887 I sysui_action: [325,24478]
06-22 23:38:38.907  5780  5780 I am_on_paused_called: [0,com.bbk.launcher2.Launcher,handlePauseActivity]
06-22 23:38:38.917  3004  4748 I am_resume_activity: [0,214386446,6,com.tencent.mm/.ui.LauncherUI]
06-22 23:38:38.922  3004  3562 I sysui_count: [window_time_0,6]
06-22 23:38:38.963  6034  6034 I am_on_resume_called: [0,com.tencent.mm.ui.LauncherUI,RESUME_ACTIVITY]
06-22 23:38:39.042  3004  3883 I sysui_action: [320,2]
06-22 23:38:39.042  3004  3883 I sysui_action: [319,152]
06-22 23:38:39.042  3004  3883 I sysui_action: [322,152]
06-22 23:38:39.316  3004  3562 I am_stop_activity: [0,64329445,com.bbk.launcher2/.Launcher]
06-22 23:38:39.320  5780  5780 I am_on_stop_called: [0,com.bbk.launcher2.Launcher,handleStopActivity]
06-22 23:38:39.346   511   511 I sf_frame_dur: [com.bbk.launcher2/com.bbk.launcher2.Launcher,83,0,0,3,1,2,2]
06-22 23:38:40.758  3004  3562 I am_broadcast_discard_app: [0,143338274,android.net.wifi.RSSI_CHANGED,0,ResolveInfo{8b1e9b3 com.sdu.didi.psnger/com.didi.sdk.receiver.WifiReceiver m=0x108000}]
06-22 23:38:43.768  3004  3562 I am_broadcast_discard_app: [0,73178780,android.net.wifi.RSSI_CHANGED,0,ResolveInfo{c6b40a5 com.sdu.didi.psnger/com.didi.sdk.receiver.WifiReceiver m=0x108000}]
06-22 23:38:45.991  3004  4057 I am_new_intent: [0,104140807,2,com.bbk.launcher2/.Launcher,android.intent.action.MAIN,NULL,NULL,278921216]
06-22 23:38:45.992  3004  4057 I am_focused_stack: [0,0,1,bringingFoundTaskToFront setFocusedActivity]
06-22 23:38:45.992  3004  4057 I wm_task_moved: [2,1,1]
06-22 23:38:45.996  3004  4057 I am_focused_activity: [0,com.bbk.launcher2/.Launcher,bringingFoundTaskToFront]
06-22 23:38:46.039  3004  4057 I am_pause_activity: [0,214386446,com.tencent.mm/.ui.LauncherUI]
06-22 23:38:46.047  3004  4057 I am_task_to_front: [0,2]
06-22 23:38:46.052  3004  4057 I sysui_action: [323,com.bbk.launcher2/.Launcher]
06-22 23:38:46.052  3004  4057 I sysui_action: [324,true]
06-22 23:38:46.052  3004  4057 I sysui_action: [325,24485]
06-22 23:38:46.081  6034  6034 I am_on_paused_called: [0,com.tencent.mm.ui.LauncherUI,handlePauseActivity]
06-22 23:38:46.090  3004 23747 I am_resume_activity: [0,64329445,2,com.bbk.launcher2/.Launcher]
06-22 23:38:46.094  3004  3562 I sysui_count: [window_time_0,7]
06-22 23:38:46.104  5780  5780 I am_on_resume_called: [0,com.bbk.launcher2.Launcher,RESUME_ACTIVITY]
06-22 23:38:46.155  3004  3883 I sysui_action: [320,2]
06-22 23:38:46.155  3004  3883 I sysui_action: [319,172]
06-22 23:38:46.155  3004  3883 I sysui_action: [322,172]
06-22 23:38:46.399  3004  3562 I am_stop_activity: [0,214386446,com.tencent.mm/.ui.LauncherUI]
06-22 23:38:46.404  6034  6034 I am_on_stop_called: [0,com.tencent.mm.ui.LauncherUI,handleStopActivity]
06-22 23:38:46.479   511   511 I sf_frame_dur: [com.tencent.mm/com.tencent.mm.ui.LauncherUI,16,0,3,0,1,1,2]
06-22 23:38:46.776  3004  3562 I am_broadcast_discard_app: [0,242468297,android.net.wifi.RSSI_CHANGED,0,ResolveInfo{4a4ce com.sdu.didi.psnger/com.didi.sdk.receiver.WifiReceiver m=0x108000}]
06-22 23:38:49.790  3004  3562 I am_broadcast_discard_app: [0,182497024,android.net.wifi.RSSI_CHANGED,0,ResolveInfo{fcb339 com.sdu.didi.psnger/com.didi.sdk.receiver.WifiReceiver m=0x108000}]
06-22 23:38:51.516  3004 23746 I am_focused_stack: [0,1,0,bringingFoundTaskToFront setFocusedActivity]
06-22 23:38:51.516  3004 23746 I wm_task_moved: [4,1,9]
06-22 23:38:51.517  3004 23746 I am_focused_activity: [0,com.vivo.browser/.MainActivity,bringingFoundTaskToFront]
06-22 23:38:51.518  3004 23746 I am_pause_activity: [0,64329445,com.bbk.launcher2/.Launcher]
06-22 23:38:51.519  3004 23746 I am_task_to_front: [0,4]
06-22 23:38:51.521  3004 23746 I sysui_action: [323,com.vivo.browser/.MainActivity]
06-22 23:38:51.521  3004 23746 I sysui_action: [324,true]
06-22 23:38:51.521  3004 23746 I sysui_action: [325,24490]
06-22 23:38:51.524  5780  5780 I am_on_paused_called: [0,com.bbk.launcher2.Launcher,handlePauseActivity]
06-22 23:38:51.533  3004  8334 I am_resume_activity: [0,69309484,4,com.vivo.browser/.MainActivity]
06-22 23:38:51.537  3004  3562 I sysui_count: [window_time_0,6]
06-22 23:38:51.604  6503  6503 I am_on_resume_called: [0,com.vivo.browser.MainActivity,RESUME_ACTIVITY]
06-22 23:38:51.676  3004  3883 I sysui_action: [320,2]
06-22 23:38:51.676  3004  3883 I sysui_action: [319,166]
06-22 23:38:51.676  3004  3883 I sysui_action: [322,166]
06-22 23:38:51.951  3004  3562 I am_stop_activity: [0,64329445,com.bbk.launcher2/.Launcher]
06-22 23:38:51.957  5780  5780 I am_on_stop_called: [0,com.bbk.launcher2.Launcher,handleStopActivity]
06-22 23:38:51.975   511   511 I sf_frame_dur: [com.bbk.launcher2/com.bbk.launcher2.Launcher,85,1,0,2,1,2,1]
06-22 23:38:52.808  3004  3562 I am_broadcast_discard_app: [0,46052154,android.net.wifi.RSSI_CHANGED,0,ResolveInfo{eaa2beb com.sdu.didi.psnger/com.didi.sdk.receiver.WifiReceiver m=0x108000}]
06-22 23:38:52.844  3004  3558 I am_pss  : [21090,10119,com.baidu.BaiduMap:MapCoreService,11896832,9052160,0]
06-22 23:38:53.061   511   511 I sf_frame_dur: [SurfaceView - com.vivo.browser/com.vivo.browser.MainActivity,21,16,1,0,0,0,0]
06-22 23:38:54.678  3004  4057 I am_new_intent: [0,113866721,2,com.bbk.launcher2/.Launcher,android.intent.action.MAIN,NULL,NULL,278921216]
06-22 23:38:54.679  3004  4057 I am_focused_stack: [0,0,1,bringingFoundTaskToFront setFocusedActivity]
06-22 23:38:54.680  3004  4057 I wm_task_moved: [2,1,1]
06-22 23:38:54.684  3004  4057 I am_focused_activity: [0,com.bbk.launcher2/.Launcher,bringingFoundTaskToFront]
06-22 23:38:54.719  3004  4057 I am_pause_activity: [0,69309484,com.vivo.browser/.MainActivity]
06-22 23:38:54.722  3004  4057 I am_task_to_front: [0,2]
06-22 23:38:54.726  3004  4057 I sysui_action: [323,com.bbk.launcher2/.Launcher]
06-22 23:38:54.726  3004  4057 I sysui_action: [324,true]
06-22 23:38:54.726  3004  4057 I sysui_action: [325,24493]
06-22 23:38:54.734  6503  6503 I am_on_paused_called: [0,com.vivo.browser.MainActivity,handlePauseActivity]
06-22 23:38:54.744  3004  4488 I am_resume_activity: [0,64329445,2,com.bbk.launcher2/.Launcher]
06-22 23:38:54.748  3004  3562 I sysui_count: [window_time_0,3]
06-22 23:38:54.760  5780  5780 I am_on_resume_called: [0,com.bbk.launcher2.Launcher,RESUME_ACTIVITY]
06-22 23:38:54.808  3004  3883 I sysui_action: [320,2]
06-22 23:38:54.808  3004  3883 I sysui_action: [319,141]
06-22 23:38:54.808  3004  3883 I sysui_action: [322,141]
06-22 23:38:54.829  3004  4057 I am_new_intent: [0,181034730,2,com.bbk.launcher2/.Launcher,android.intent.action.MAIN,NULL,NULL,278921216]
06-22 23:38:54.830  3004  4057 I wm_task_moved: [2,1,1]
06-22 23:38:54.832  3004  4057 I sysui_action: [323,com.bbk.launcher2/.Launcher]
06-22 23:38:54.832  3004  4057 I sysui_action: [324,true]
06-22 23:38:54.832  3004  4057 I sysui_action: [325,24493]
06-22 23:38:55.056  3004  3562 I am_stop_activity: [0,69309484,com.vivo.browser/.MainActivity]
06-22 23:38:55.079  6503  6503 I am_on_stop_called: [0,com.vivo.browser.MainActivity,handleStopActivity]
06-22 23:38:55.133   511   511 I sf_frame_dur: [com.vivo.browser/com.vivo.browser.MainActivity,10,1,0,2,0,1,0]
06-22 23:38:55.819  3004  3562 I am_broadcast_discard_app: [0,141000630,android.net.wifi.RSSI_CHANGED,0,ResolveInfo{9bf04b7 com.sdu.didi.psnger/com.didi.sdk.receiver.WifiReceiver m=0x108000}]
06-22 23:38:58.828  3004  3562 I am_broadcast_discard_app: [0,266592578,android.net.wifi.RSSI_CHANGED,0,ResolveInfo{db53553 com.sdu.didi.psnger/com.didi.sdk.receiver.WifiReceiver m=0x108000}]
06-22 23:39:00.382  3004  3293 I am_create_task: [0,31]
06-22 23:39:00.382  3004  3293 I am_create_activity: [0,248763311,31,com.android.camera/.CameraActivity,android.intent.action.MAIN,NULL,NULL,807403520]
06-22 23:39:00.383  3004  3293 I wm_task_created: [31,1]
06-22 23:39:00.383  3004  3293 I wm_task_moved: [31,1,10]
06-22 23:39:00.384  3004  3293 I am_focused_stack: [0,1,0,startedActivity setFocusedActivity]
06-22 23:39:00.384  3004  3293 I wm_task_moved: [31,1,10]
06-22 23:39:00.385  3004  3293 I am_focused_activity: [0,com.android.camera/.CameraActivity,startedActivity]
06-22 23:39:00.386  3004  3293 I am_pause_activity: [0,64329445,com.bbk.launcher2/.Launcher]
06-22 23:39:00.388  3004  3293 I sysui_action: [323,com.android.camera/.CameraActivity]
06-22 23:39:00.388  3004  3293 I sysui_action: [324,true]
06-22 23:39:00.388  3004  3293 I sysui_action: [325,24499]
06-22 23:39:00.390  5780  5780 I am_on_paused_called: [0,com.bbk.launcher2.Launcher,handlePauseActivity]
06-22 23:39:00.395  3004  4409 I am_restart_activity: [0,248763311,31,com.android.camera/.CameraActivity]
06-22 23:39:00.403  3004  3562 I sysui_count: [window_time_0,5]
06-22 23:39:00.425  3004  3883 I sysui_action: [321,73]
06-22 23:39:00.425  3004  3883 I sysui_action: [320,1]
06-22 23:39:00.425  3004  3883 I sysui_action: [319,73]
06-22 23:39:00.645 15146 15146 I am_on_resume_called: [0,com.android.camera.CameraActivity,LAUNCH_ACTIVITY]
06-22 23:39:00.816  3004  3883 I sysui_action: [322,464]
06-22 23:39:00.816  3004  3883 I am_activity_launch_time: [0,248763311,com.android.camera/.CameraActivity,425,425]
06-22 23:39:00.833  3004 23747 I am_stop_activity: [0,64329445,com.bbk.launcher2/.Launcher]
06-22 23:39:00.837  5780  5780 I am_on_stop_called: [0,com.bbk.launcher2.Launcher,handleStopActivity]
06-22 23:39:00.863   511   511 I sf_frame_dur: [com.bbk.launcher2/com.bbk.launcher2.Launcher,104,3,0,0,1,0,2]
06-22 23:39:01.063  3004  4748 I am_wtf  : [0,3004,system_server,-1,ActivityManager,Sending non-protected broadcast com.vivo.flashlight.ACTION_FLASHLIGHT_STATE_CHANGD from system 4651:com.vivo.daemonService/1000 pkg com.vivo.daemonService]
06-22 23:39:01.064  3004  4748 I am_wtf  : [0,3004,system_server,-1,ActivityManager,Sending non-protected broadcast com.vivo.flashlight.ACTION_FLASHLIGHT_STATE_CHANGD from system 4651:com.vivo.daemonService/1000 pkg com.vivo.daemonService]
06-22 23:39:01.575  3004  3558 I am_pss  : [17916,10024,com.android.systemui:screenshot,20075520,18284544,0]
06-22 23:39:01.834  3004  3562 I am_broadcast_discard_app: [0,119120138,android.net.wifi.RSSI_CHANGED,0,ResolveInfo{cb6cd7b com.sdu.didi.psnger/com.didi.sdk.receiver.WifiReceiver m=0x108000}]
06-22 23:39:03.773  3004  3004 I free_storage_changed: 31350206464
06-22 23:39:04.844  3004  3562 I am_broadcast_discard_app: [0,137937878,android.net.wifi.RSSI_CHANGED,0,ResolveInfo{95ac657 com.sdu.didi.psnger/com.didi.sdk.receiver.WifiReceiver m=0x108000}]
06-22 23:39:04.878  3004  3558 I am_pss  : [22803,10052,com.vivo.compass,39956480,37404672,0]
06-22 23:39:07.852  3004  3562 I am_broadcast_discard_app: [0,106252130,android.net.wifi.RSSI_CHANGED,0,ResolveInfo{5db70f3 com.sdu.didi.psnger/com.didi.sdk.receiver.WifiReceiver m=0x108000}]
06-22 23:39:07.933  3004  3558 I am_pss  : [6034,10133,com.tencent.mm,166642688,158543872,0]
06-22 23:39:07.949  3004  3558 I am_pss  : [8247,10133,com.tencent.mm:exdevice,14813184,13185024,0]
06-22 23:39:07.966  3004  3558 I am_pss  : [6775,10133,com.tencent.mm:push,19402752,17301504,0]
06-22 23:39:10.861  3004  3562 I am_broadcast_discard_app: [0,29789669,android.net.wifi.RSSI_CHANGED,0,ResolveInfo{4e460ba com.sdu.didi.psnger/com.didi.sdk.receiver.WifiReceiver m=0x108000}]
06-22 23:39:10.906  3004  3558 I am_pss  : [15146,10093,com.android.camera,68298752,62304256,0]
06-22 23:39:13.886  3004  3562 I am_broadcast_discard_app: [0,105116487,android.net.wifi.RSSI_CHANGED,0,ResolveInfo{ef86774 com.sdu.didi.psnger/com.didi.sdk.receiver.WifiReceiver m=0x108000}]
06-22 23:39:13.927  3004  3558 I am_pss  : [8623,10081,com.vivo.safecenter,6794240,6033408,0]
06-22 23:39:13.969  3004  3558 I am_pss  : [7102,10063,com.iqoo.secure:remote,30187520,29233152,0]
06-22 23:39:16.896  3004  3562 I am_broadcast_discard_app: [0,112873976,android.net.wifi.RSSI_CHANGED,0,ResolveInfo{1ea6d1 com.sdu.didi.psnger/com.didi.sdk.receiver.WifiReceiver m=0x108000}]
06-22 23:39:17.013  3004  3558 I am_pss  : [6503,10025,com.vivo.browser,260046848,234635264,0]
06-22 23:39:17.036  3004  3558 I am_pss  : [6425,10030,com.bbk.appstore,12412928,11542528,0]
06-22 23:39:17.063  3004  3558 I am_pss  : [6647,99000,com.vivo.browser:sandboxed_process0,140615680,132046848,0]
06-22 23:39:19.900  3004  3562 I am_broadcast_discard_app: [0,54433188,android.net.wifi.RSSI_CHANGED,0,ResolveInfo{415df0d com.sdu.didi.psnger/com.didi.sdk.receiver.WifiReceiver m=0x108000}]
06-22 23:39:22.912  3004  3562 I am_broadcast_discard_app: [0,60909584,android.net.wifi.RSSI_CHANGED,0,ResolveInfo{5ce5f09 com.sdu.didi.psnger/com.didi.sdk.receiver.WifiReceiver m=0x108000}]
06-22 23:39:22.961  3004  3558 I am_pss  : [16363,10098,com.vivo.gallery,161918976,158580736,0]
06-22 23:39:22.994  3004  3558 I am_pss  : [5780,10034,com.bbk.launcher2,92035072,88686592,0]
06-22 23:39:23.016  3004  3558 I am_pss  : [5640,1000,com.vivo.doubleinstance,3736576,3137536,0]
06-22 23:39:24.421  3004 23746 I wm_task_moved: [31,1,10]
06-22 23:39:24.421  3004 23746 I am_finish_activity: [0,166889174,21,com.vivo.gallery/com.android.gallery3d.app.Gallery,clear-task-index]
06-22 23:39:24.427  3004 23746 I am_create_task: [0,21]
06-22 23:39:24.427  3004 23746 I am_create_activity: [0,6191919,21,com.vivo.gallery/com.android.gallery3d.app.Gallery,com.vivo.gallery.ACTION_VIEW,NULL,content://media/external/images/media/43365,281051136]
06-22 23:39:24.427  3004 23746 I wm_task_moved: [21,1,10]
06-22 23:39:24.429  3004 23746 I wm_task_moved: [21,1,10]
06-22 23:39:24.430  3004 23746 I am_focused_activity: [0,com.vivo.gallery/com.android.gallery3d.app.Gallery,startedActivity]
06-22 23:39:24.467  3004 23746 I am_pause_activity: [0,248763311,com.android.camera/.CameraActivity]
06-22 23:39:24.470  3004 23746 I sysui_action: [323,com.vivo.gallery/com.android.gallery3d.app.Gallery]
06-22 23:39:24.470  3004 23746 I sysui_action: [324,true]
06-22 23:39:24.470  3004 23746 I sysui_action: [325,24523]
06-22 23:39:24.520 15146 15146 I am_on_paused_called: [0,com.android.camera.CameraActivity,handlePauseActivity]
06-22 23:39:24.528  3004  8331 I am_restart_activity: [0,6191919,21,com.vivo.gallery/com.android.gallery3d.app.Gallery]
06-22 23:39:24.538  3004  3562 I am_destroy_activity: [0,166889174,21,com.vivo.gallery/com.android.gallery3d.app.Gallery,finish-idle]
06-22 23:39:24.578  3004  3562 I sysui_count: [window_time_0,25]
06-22 23:39:24.789 16363 16363 I am_on_resume_called: [0,com.android.gallery3d.app.Gallery,LAUNCH_ACTIVITY]
06-22 23:39:24.935  3004  3883 I sysui_action: [320,2]
06-22 23:39:24.935  3004  3883 I sysui_action: [319,526]
06-22 23:39:24.935  3004  3883 I sysui_action: [322,526]
06-22 23:39:24.935  3004  3883 I am_activity_launch_time: [0,6191919,com.vivo.gallery/com.android.gallery3d.app.Gallery,413,413]
06-22 23:39:25.255  3004  3562 I am_stop_activity: [0,248763311,com.android.camera/.CameraActivity]
06-22 23:39:25.284  3004  3558 I am_pss  : [15291,10045,com.vivo.weather.provider,9260032,8351744,0]
06-22 23:39:25.285 15146 15146 I am_on_stop_called: [0,com.android.camera.CameraActivity,handleStopActivity]
06-22 23:39:25.309  3004  8334 I am_wtf  : [0,3004,system_server,-1,ActivityManager,Sending non-protected broadcast com.vivo.flashlight.ACTION_FLASHLIGHT_STATE_CHANGD from system 4651:com.vivo.daemonService/1000 pkg com.vivo.daemonService]
06-22 23:39:25.310  3004  8334 I am_wtf  : [0,3004,system_server,-1,ActivityManager,Sending non-protected broadcast com.vivo.flashlight.ACTION_FLASHLIGHT_STATE_CHANGD from system 4651:com.vivo.daemonService/1000 pkg com.vivo.daemonService]
06-22 23:39:25.315   511   511 I sf_frame_dur: [SurfaceView - com.android.camera/com.android.camera.CameraActivity,12,47,249,13,1,0,0]
06-22 23:39:25.315   511   511 I sf_frame_dur: [com.android.camera/com.android.camera.CameraActivity,98,6,10,8,3,12,6]
06-22 23:39:25.919  3004  3562 I am_broadcast_discard_app: [0,29363345,android.net.wifi.RSSI_CHANGED,0,ResolveInfo{bbfb7f6 com.sdu.didi.psnger/com.didi.sdk.receiver.WifiReceiver m=0x108000}]
06-22 23:39:28.255   511   511 I sf_frame_dur: [com.vivo.gallery/com.android.gallery3d.app.Gallery,2,0,0,0,1,0,0]
06-22 23:39:28.929  3004  3562 I am_broadcast_discard_app: [0,127422612,android.net.wifi.RSSI_CHANGED,0,ResolveInfo{adf973d com.sdu.didi.psnger/com.didi.sdk.receiver.WifiReceiver m=0x108000}]
06-22 23:39:29.542   511   511 I sf_frame_dur: [UpSlideTransparentView,85,2,0,1,4,2,8]
06-22 23:39:31.245   511   511 I sf_frame_dur: [com.vivo.gallery/com.android.gallery3d.app.Gallery,1,0,0,0,0,1,0]
06-22 23:39:31.943  3004  3562 I am_broadcast_discard_app: [0,212583650,android.net.wifi.RSSI_CHANGED,0,ResolveInfo{3ebe073 com.sdu.didi.psnger/com.didi.sdk.receiver.WifiReceiver m=0x108000}]
06-22 23:39:34.959  3004  3562 I am_broadcast_discard_app: [0,231034158,android.net.wifi.RSSI_CHANGED,0,ResolveInfo{a1a10cf com.sdu.didi.psnger/com.didi.sdk.receiver.WifiReceiver m=0x108000}]
06-22 23:39:35.045  3004  3558 I am_pss  : [16363,10098,com.vivo.gallery,222739456,217030656,0]
06-22 23:39:35.073  3004  3558 I am_pss  : [5937,10011,android.process.media,31909888,31059968,0]
06-22 23:39:35.572   511   511 I sf_frame_dur: [com.vivo.gallery/com.android.gallery3d.app.Gallery,151,2,1,2,1,1,0]
06-22 23:39:35.687  3004  4826 I am_finish_activity: [0,6191919,21,com.vivo.gallery/com.android.gallery3d.app.Gallery,app-request]
06-22 23:39:35.688  3004  4826 I wm_task_moved: [31,1,10]
06-22 23:39:35.692  3004  4826 I am_focused_activity: [0,com.android.camera/.CameraActivity,finishActivity adjustFocus]
06-22 23:39:35.741  3004  4826 I am_pause_activity: [0,6191919,com.vivo.gallery/com.android.gallery3d.app.Gallery]
06-22 23:39:35.786 16363 16363 I am_on_paused_called: [0,com.android.gallery3d.app.Gallery,handlePauseActivity]
06-22 23:39:35.793  3004 23749 I am_resume_activity: [0,248763311,31,com.android.camera/.CameraActivity]
06-22 23:39:35.860 15146 15146 I am_on_resume_called: [0,com.android.camera.CameraActivity,RESUME_ACTIVITY]
06-22 23:39:35.967  3004  8330 I am_destroy_activity: [0,6191919,21,com.vivo.gallery/com.android.gallery3d.app.Gallery,finish-imm]
06-22 23:39:35.974 16363 16363 I am_on_stop_called: [0,com.android.gallery3d.app.Gallery,destroy]
06-22 23:39:36.184  3004  8331 I am_finish_activity: [0,248763311,31,com.android.camera/.CameraActivity,app-request]
06-22 23:39:36.184  3004  8331 I am_focused_stack: [0,0,1,finishActivity adjustFocus setFocusedActivity]
06-22 23:39:36.184  3004  8331 I wm_task_moved: [2,1,1]
06-22 23:39:36.187  3004  8331 I am_focused_activity: [0,com.bbk.launcher2/.Launcher,finishActivity adjustFocus]
06-22 23:39:36.209  3004  8331 I am_pause_activity: [0,248763311,com.android.camera/.CameraActivity]
06-22 23:39:36.221  3004 19683 I am_wtf  : [0,3004,system_server,-1,ActivityManager,Sending non-protected broadcast com.vivo.flashlight.ACTION_FLASHLIGHT_STATE_CHANGD from system 4651:com.vivo.daemonService/1000 pkg com.vivo.daemonService]
06-22 23:39:36.222  3004 19683 I am_wtf  : [0,3004,system_server,-1,ActivityManager,Sending non-protected broadcast com.vivo.flashlight.ACTION_FLASHLIGHT_STATE_CHANGD from system 4651:com.vivo.daemonService/1000 pkg com.vivo.daemonService]
06-22 23:39:36.264 15146 15146 I am_on_paused_called: [0,com.android.camera.CameraActivity,handlePauseActivity]
06-22 23:39:36.272  3004  4854 I am_resume_activity: [0,64329445,2,com.bbk.launcher2/.Launcher]
06-22 23:39:36.285  5780  5780 I am_on_resume_called: [0,com.bbk.launcher2.Launcher,RESUME_ACTIVITY]
06-22 23:39:36.298  3004  3883 I wm_task_removed: [21,removeAppToken: last token]
06-22 23:39:36.298  3004  3883 I wm_task_removed: [21,removeTask]
06-22 23:39:36.306   511   511 I sf_frame_dur: [SurfaceView - com.vivo.gallery/com.android.gallery3d.app.Gallery,60,3,2,3,1,0,2]
06-22 23:39:36.306   511   511 I sf_frame_dur: [com.vivo.gallery/com.android.gallery3d.app.Gallery,30,6,1,0,3,2,2]
06-22 23:39:36.579  3004  3562 I am_destroy_activity: [0,248763311,31,com.android.camera/.CameraActivity,finish-imm]
06-22 23:39:36.587 15146 15146 I am_on_stop_called: [0,com.android.camera.CameraActivity,destroy]
06-22 23:39:36.608  3004  4854 I am_wtf  : [0,3004,system_server,-1,ActivityManager,Sending non-protected broadcast com.vivo.flashlight.ACTION_FLASHLIGHT_STATE_CHANGD from system 4651:com.vivo.daemonService/1000 pkg com.vivo.daemonService]
06-22 23:39:36.609  3004  4854 I am_wtf  : [0,3004,system_server,-1,ActivityManager,Sending non-protected broadcast com.vivo.flashlight.ACTION_FLASHLIGHT_STATE_CHANGD from system 4651:com.vivo.daemonService/1000 pkg com.vivo.daemonService]
06-22 23:39:36.646  3004  3883 I wm_task_removed: [31,removeAppToken: last token]
06-22 23:39:36.646  3004  3883 I wm_task_removed: [31,removeTask]
06-22 23:39:36.657   511   511 I sf_frame_dur: [com.android.camera/com.android.camera.CameraActivity,1,1,0,0,1,0,0]
06-22 23:39:37.406  3004  3566 I am_wtf  : [0,3004,system_server,-1,ActivityManager,Sending non-protected broadcast vivo.intent.action.CHECK_ALERT_WINDOW from system 3004:system/1000 pkg android]
06-22 23:39:37.408  3004  3566 I am_wtf  : [0,3004,system_server,-1,ActivityManager,Sending non-protected broadcast vivo.intent.action.CHECK_ALERT_WINDOW from system 3004:system/1000 pkg android]
06-22 23:39:37.975  3004  3562 I am_broadcast_discard_app: [0,250355882,android.net.wifi.RSSI_CHANGED,0,ResolveInfo{9f9e49b com.sdu.didi.psnger/com.didi.sdk.receiver.WifiReceiver m=0x108000}]
06-22 23:39:39.197   511   511 I sf_frame_dur: [SurfaceView - ,1,1,12,1,0,0,0]
06-22 23:39:40.980  3004  3562 I am_broadcast_discard_app: [0,152249421,android.net.wifi.RSSI_CHANGED,0,ResolveInfo{2c41b02 com.sdu.didi.psnger/com.didi.sdk.receiver.WifiReceiver m=0x108000}]
06-22 23:39:41.033  3004  4826 I am_focused_stack: [0,1,0,bringingFoundTaskToFront setFocusedActivity]
06-22 23:39:41.034  3004  4826 I wm_task_moved: [6,1,8]
06-22 23:39:41.036  3004  4826 I am_focused_activity: [0,com.tencent.mm/.ui.LauncherUI,bringingFoundTaskToFront]
06-22 23:39:41.037  3004  4826 I am_pause_activity: [0,64329445,com.bbk.launcher2/.Launcher]
06-22 23:39:41.038  3004  4826 I am_task_to_front: [0,6]
06-22 23:39:41.038  3004  4826 I am_new_intent: [0,54938643,6,com.tencent.mm/.ui.LauncherUI,android.intent.action.MAIN,NULL,NULL,811597824]
06-22 23:39:41.041  3004  4826 I sysui_action: [323,com.tencent.mm/.ui.LauncherUI]
06-22 23:39:41.041  3004  4826 I sysui_action: [324,true]
06-22 23:39:41.041  3004  4826 I sysui_action: [325,24540]
06-22 23:39:41.045  5780  5780 I am_on_paused_called: [0,com.bbk.launcher2.Launcher,handlePauseActivity]
06-22 23:39:41.058  3004 19683 I am_resume_activity: [0,214386446,6,com.tencent.mm/.ui.LauncherUI]
06-22 23:39:41.063  3004  3562 I sysui_count: [window_time_0,16]
06-22 23:39:41.141  6034  6034 I am_on_resume_called: [0,com.tencent.mm.ui.LauncherUI,RESUME_ACTIVITY]
06-22 23:39:41.235  3004  3883 I sysui_action: [320,2]
06-22 23:39:41.235  3004  3883 I sysui_action: [319,211]
06-22 23:39:41.235  3004  3883 I sysui_action: [322,211]
06-22 23:39:41.506  3004  3562 I am_stop_activity: [0,64329445,com.bbk.launcher2/.Launcher]
06-22 23:39:41.511  5780  5780 I am_on_stop_called: [0,com.bbk.launcher2.Launcher,handleStopActivity]
06-22 23:39:41.535   511   511 I sf_frame_dur: [com.bbk.launcher2/com.bbk.launcher2.Launcher,29,2,0,1,1,1,1]
06-22 23:39:43.987  3004  3562 I am_broadcast_discard_app: [0,126226217,android.net.wifi.RSSI_CHANGED,0,ResolveInfo{f6922ae com.sdu.didi.psnger/com.didi.sdk.receiver.WifiReceiver m=0x108000}]
06-22 23:39:46.995  3004  3562 I am_broadcast_discard_app: [0,13071589,android.net.wifi.RSSI_CHANGED,0,ResolveInfo{8a8bbba com.sdu.didi.psnger/com.didi.sdk.receiver.WifiReceiver m=0x108000}]
06-22 23:39:50.003  3004  3562 I am_broadcast_discard_app: [0,167737953,android.net.wifi.RSSI_CHANGED,0,ResolveInfo{116d986 com.sdu.didi.psnger/com.didi.sdk.receiver.WifiReceiver m=0x108000}]
06-22 23:39:50.030  3004  3558 I am_pss  : [4886,10064,com.bbk.iqoo.logsystem,20999168,19922944,0]
06-22 23:39:51.768  6034  6034 I menu_item_selected: [0,]
06-22 23:39:51.772  3004  4844 I wm_task_moved: [6,1,8]
06-22 23:39:51.773  3004  4844 I am_create_activity: [0,10854983,6,com.tencent.mm/.plugin.search.ui.FTSMainUI,NULL,NULL,NULL,0]
06-22 23:39:51.774  3004  4844 I wm_task_moved: [6,1,8]
06-22 23:39:51.776  3004  4844 I am_focused_activity: [0,com.tencent.mm/.plugin.search.ui.FTSMainUI,startedActivity]
06-22 23:39:51.776  3004  4844 I am_pause_activity: [0,214386446,com.tencent.mm/.ui.LauncherUI]
06-22 23:39:51.809  6034  6034 I am_on_paused_called: [0,com.tencent.mm.ui.LauncherUI,handlePauseActivity]
06-22 23:39:51.814  3004  4488 I am_restart_activity: [0,10854983,6,com.tencent.mm/.plugin.search.ui.FTSMainUI]
06-22 23:39:51.829  3004  3562 I sysui_count: [window_time_0,11]
06-22 23:39:51.904  3004  3558 I am_pss  : [6034,10133,com.tencent.mm,170797056,162697216,0]
06-22 23:39:52.044  6034  6034 I am_on_resume_called: [0,com.tencent.mm.plugin.search.ui.FTSMainUI,LAUNCH_ACTIVITY]
06-22 23:39:52.124  3004  3883 I am_activity_launch_time: [0,10854983,com.tencent.mm/.plugin.search.ui.FTSMainUI,314,314]
06-22 23:39:52.402  3004  3562 I am_stop_activity: [0,214386446,com.tencent.mm/.ui.LauncherUI]
06-22 23:39:52.410  6034  6034 I am_on_stop_called: [0,com.tencent.mm.ui.LauncherUI,handleStopActivity]
06-22 23:39:52.443   511   511 I sf_frame_dur: [com.tencent.mm/com.tencent.mm.ui.LauncherUI,355,3,6,3,6,3,0]
06-22 23:39:53.021  3004  3562 I am_broadcast_discard_app: [0,189342064,android.net.wifi.RSSI_CHANGED,0,ResolveInfo{2f38ce9 com.sdu.didi.psnger/com.didi.sdk.receiver.WifiReceiver m=0x108000}]
06-22 23:39:54.249   511   511 I sf_frame_dur: [InputMethod,0,1,0,0,0,0,1]
06-22 23:39:55.489  3004  8327 I am_finish_activity: [0,10854983,6,com.tencent.mm/.plugin.search.ui.FTSMainUI,app-request]
06-22 23:39:55.491  3004  8327 I wm_task_moved: [6,1,8]
06-22 23:39:55.493  3004  8327 I am_focused_activity: [0,com.tencent.mm/.ui.LauncherUI,finishActivity adjustFocus]
06-22 23:39:55.494  3004  8327 I am_pause_activity: [0,10854983,com.tencent.mm/.plugin.search.ui.FTSMainUI]
06-22 23:39:55.564  6034  6034 I am_on_paused_called: [0,com.tencent.mm.plugin.search.ui.FTSMainUI,handlePauseActivity]
06-22 23:39:55.574  3004  4843 I am_resume_activity: [0,214386446,6,com.tencent.mm/.ui.LauncherUI]
06-22 23:39:55.595  3004  3562 I sysui_count: [window_time_0,4]
06-22 23:39:55.643  6034  6034 I am_on_resume_called: [0,com.tencent.mm.ui.LauncherUI,RESUME_ACTIVITY]
06-22 23:39:55.740  3004  3562 I am_destroy_activity: [0,10854983,6,com.tencent.mm/.plugin.search.ui.FTSMainUI,finish-imm]
06-22 23:39:55.743  6034  6034 I am_on_stop_called: [0,com.tencent.mm.plugin.search.ui.FTSMainUI,destroy]
06-22 23:39:55.751   511   511 I sf_frame_dur: [com.tencent.mm/com.tencent.mm.plugin.search.ui.FTSMainUI,0,1,3,2,3,1,0]
06-22 23:39:56.027  3004  3562 I am_broadcast_discard_app: [0,152183835,android.net.wifi.RSSI_CHANGED,0,ResolveInfo{b9bc9b8 com.sdu.didi.psnger/com.didi.sdk.receiver.WifiReceiver m=0x108000}]
06-22 23:39:56.063  3004  3558 I am_pss  : [5937,10011,android.process.media,31909888,31059968,0]
06-22 23:39:59.037  3004  3562 I am_broadcast_discard_app: [0,121464781,android.net.wifi.RSSI_CHANGED,0,ResolveInfo{53d882 com.sdu.didi.psnger/com.didi.sdk.receiver.WifiReceiver m=0x108000}]
06-22 23:39:59.070  3004  3558 I am_pss  : [5578,1000,com.qti.service.colorservice,3686400,3051520,0]
06-22 23:39:59.101  3004  3558 I am_pss  : [16363,10098,com.vivo.gallery,139889664,134164480,0]
06-22 23:40:01.222  3004  4057 I am_new_intent: [0,105627119,2,com.bbk.launcher2/.Launcher,android.intent.action.MAIN,NULL,NULL,278921216]
06-22 23:40:01.222  3004  4057 I am_focused_stack: [0,0,1,bringingFoundTaskToFront setFocusedActivity]
06-22 23:40:01.223  3004  4057 I wm_task_moved: [2,1,1]
06-22 23:40:01.226  3004  4057 I am_focused_activity: [0,com.bbk.launcher2/.Launcher,bringingFoundTaskToFront]
06-22 23:40:01.278  3004  4057 I am_pause_activity: [0,214386446,com.tencent.mm/.ui.LauncherUI]
06-22 23:40:01.282  3004  4057 I am_task_to_front: [0,2]
06-22 23:40:01.287  3004  4057 I sysui_action: [323,com.bbk.launcher2/.Launcher]
06-22 23:40:01.287  3004  4057 I sysui_action: [324,true]
06-22 23:40:01.287  3004  4057 I sysui_action: [325,24560]
06-22 23:40:01.323  6034  6034 I am_on_paused_called: [0,com.tencent.mm.ui.LauncherUI,handlePauseActivity]
06-22 23:40:01.335  3004 19683 I am_resume_activity: [0,64329445,2,com.bbk.launcher2/.Launcher]
06-22 23:40:01.344  3004  3562 I sysui_count: [window_time_0,5]
06-22 23:40:01.349  5780  5780 I am_on_resume_called: [0,com.bbk.launcher2.Launcher,RESUME_ACTIVITY]
06-22 23:40:01.371  3004  3558 I am_pss  : [8247,10133,com.tencent.mm:exdevice,14803968,13185024,0]
06-22 23:40:01.390  3004  3558 I am_pss  : [6775,10133,com.tencent.mm:push,20742144,18653184,0]
06-22 23:40:01.390  3004  3883 I sysui_action: [320,2]
06-22 23:40:01.390  3004  3883 I sysui_action: [319,178]
06-22 23:40:01.390  3004  3883 I sysui_action: [322,178]
06-22 23:40:01.619  3004  3562 I am_stop_activity: [0,214386446,com.tencent.mm/.ui.LauncherUI]
06-22 23:40:01.624  6034  6034 I am_on_stop_called: [0,com.tencent.mm.ui.LauncherUI,handleStopActivity]
06-22 23:40:01.699   511   511 I sf_frame_dur: [com.tencent.mm/com.tencent.mm.ui.LauncherUI,52,2,1,0,1,0,0]
06-22 23:40:02.044  3004  3562 I am_broadcast_discard_app: [0,78495345,android.net.wifi.RSSI_CHANGED,0,ResolveInfo{a66b456 com.sdu.didi.psnger/com.didi.sdk.receiver.WifiReceiver m=0x108000}]
06-22 23:40:03.448  3004  3295 I am_focused_stack: [0,1,0,bringingFoundTaskToFront setFocusedActivity]
06-22 23:40:03.448  3004  3295 I wm_task_moved: [4,1,8]
06-22 23:40:03.449  3004  3295 I am_focused_activity: [0,com.vivo.browser/.MainActivity,bringingFoundTaskToFront]
06-22 23:40:03.450  3004  3295 I am_pause_activity: [0,64329445,com.bbk.launcher2/.Launcher]
06-22 23:40:03.451  3004  3295 I am_task_to_front: [0,4]
06-22 23:40:03.453  3004  3295 I sysui_action: [323,com.vivo.browser/.MainActivity]
06-22 23:40:03.453  3004  3295 I sysui_action: [324,true]
06-22 23:40:03.453  3004  3295 I sysui_action: [325,24562]
06-22 23:40:03.456  5780  5780 I am_on_paused_called: [0,com.bbk.launcher2.Launcher,handlePauseActivity]
06-22 23:40:03.465  3004 13516 I am_resume_activity: [0,69309484,4,com.vivo.browser/.MainActivity]
06-22 23:40:03.470  3004  3562 I sysui_count: [window_time_0,2]
06-22 23:40:03.508  6503  6503 I am_on_resume_called: [0,com.vivo.browser.MainActivity,RESUME_ACTIVITY]
06-22 23:40:03.549  3004  3883 I sysui_action: [320,2]
06-22 23:40:03.549  3004  3883 I sysui_action: [319,107]
06-22 23:40:03.550  3004  3883 I sysui_action: [322,108]
06-22 23:40:03.773  3004  3004 I free_storage_changed: 31332110336
06-22 23:40:03.825  3004  3562 I am_stop_activity: [0,64329445,com.bbk.launcher2/.Launcher]
06-22 23:40:03.829  5780  5780 I am_on_stop_called: [0,com.bbk.launcher2.Launcher,handleStopActivity]
06-22 23:40:03.854   511   511 I sf_frame_dur: [com.bbk.launcher2/com.bbk.launcher2.Launcher,42,0,1,1,1,1,0]
06-22 23:40:05.060  3004  3562 I am_broadcast_discard_app: [0,245101395,android.net.wifi.RSSI_CHANGED,0,ResolveInfo{1bc1490 com.sdu.didi.psnger/com.didi.sdk.receiver.WifiReceiver m=0x108000}]
06-22 23:40:08.073  3004  3562 I am_broadcast_discard_app: [0,174617007,android.net.wifi.RSSI_CHANGED,0,ResolveInfo{d75e9bc com.sdu.didi.psnger/com.didi.sdk.receiver.WifiReceiver m=0x108000}]
06-22 23:40:08.137  3004  3558 I am_pss  : [15146,10093,com.android.camera,39740416,33193984,0]
06-22 23:40:08.222  3004  4647 I am_new_intent: [0,198442309,29,com.vivo.upslide/.recents.RecentsActivity,NULL,NULL,NULL,276840448]
06-22 23:40:08.223  3004  4647 I am_focused_stack: [0,0,1,bringingFoundTaskToFront setFocusedActivity]
06-22 23:40:08.223  3004  4647 I wm_task_moved: [29,1,1]
06-22 23:40:08.227  3004  4647 I am_focused_activity: [0,com.vivo.upslide/.recents.RecentsActivity,bringingFoundTaskToFront]
06-22 23:40:08.268  3004  4647 I am_pause_activity: [0,69309484,com.vivo.browser/.MainActivity]
06-22 23:40:08.286  3004  4647 I am_resume_activity: [0,17539209,29,com.vivo.upslide/.recents.RecentsActivity]
06-22 23:40:08.288  3004  4647 I am_task_to_front: [0,29]
06-22 23:40:08.292  3004  4647 I sysui_action: [323,com.vivo.upslide/.recents.RecentsActivity]
06-22 23:40:08.292  3004  4647 I sysui_action: [324,true]
06-22 23:40:08.292  3004  4647 I sysui_action: [325,24567]
06-22 23:40:08.293  3004  3562 I am_stop_activity: [0,69309484,com.vivo.browser/.MainActivity]
06-22 23:40:08.306  6503  6503 I am_on_paused_called: [0,com.vivo.browser.MainActivity,handlePauseActivity]
06-22 23:40:08.324  4812  4812 I am_on_resume_called: [0,com.vivo.upslide.recents.RecentsActivity,RESUME_ACTIVITY]
06-22 23:40:08.333  6503  6503 I am_on_stop_called: [0,com.vivo.browser.MainActivity,handleStopActivity]
06-22 23:40:08.422  3004  3883 I sysui_action: [320,2]
06-22 23:40:08.422  3004  3883 I sysui_action: [319,216]
06-22 23:40:08.422  3004  3883 I sysui_action: [322,216]
06-22 23:40:09.354  3004  8327 I am_kill : [0,6503,com.vivo.browser,700,stop com.vivo.browser]
06-22 23:40:09.360  3004  8327 I am_schedule_service_restart: [0,com.vivo.browser/.ui.module.safe.BrowserSecureService,1000]
06-22 23:40:09.365  3004  8327 I am_kill : [0,6647,com.vivo.browser:sandboxed_process0,0,isolated not needed]
06-22 23:40:09.370  3004  8327 I am_finish_activity: [0,69309484,4,com.vivo.browser/.MainActivity,force-stop]
06-22 23:40:09.378  3004  3562 I am_destroy_activity: [0,69309484,4,com.vivo.browser/.MainActivity,finish-idle]
06-22 23:40:09.383  3004  3562 I wm_task_removed: [4,removeAppToken: last token]
06-22 23:40:09.386  3004  3562 I wm_task_removed: [4,removeTask]
06-22 23:40:09.391  3004  3004 I notification_cancel_all: [1000,3004,com.vivo.browser,0,0,0,5,NULL]
06-22 23:40:09.395  3004  3562 I am_broadcast_discard_app: [0,89625842,android.intent.action.PACKAGE_RESTARTED,0,ResolveInfo{ad85743 com.tencent.android.qqdownloader/com.tencent.assistant.localres.localapk.PackageChangedReceiver p=2147483647 m=0x208000}]
06-22 23:40:09.418  3004  4854 I am_broadcast_discard_app: [0,89625842,android.intent.action.PACKAGE_RESTARTED,5,ResolveInfo{985c1c0 com.tencent.android.qqdownloader/com.qq.AppService.APKReceiver m=0x208000}]
06-22 23:40:09.444  3004  3558 I am_pss  : [17418,1000,com.vivo.cameraparamluma,10054656,8704000,0]
06-22 23:40:09.476  3004  8330 I am_proc_died: [0,6647,com.vivo.browser:sandboxed_process0]
06-22 23:40:09.484  3004  3562 I am_wtf  : [0,3004,system_server,-1,KernelWakelockReader,neither /proc/wakelocks nor /d/wakeup_sources exists]
06-22 23:40:10.040  3004 23749 I am_new_intent: [0,231083582,2,com.bbk.launcher2/.Launcher,android.intent.action.MAIN,NULL,NULL,278921216]
06-22 23:40:10.041  3004 23749 I wm_task_moved: [2,1,1]
06-22 23:40:10.044  3004 23749 I am_focused_activity: [0,com.bbk.launcher2/.Launcher,bringingFoundTaskToFront]
06-22 23:40:10.046  3004 23749 I am_pause_activity: [0,17539209,com.vivo.upslide/.recents.RecentsActivity]
06-22 23:40:10.049  3004 23749 I am_task_to_front: [0,2]
06-22 23:40:10.054  3004 23749 I sysui_action: [323,com.bbk.launcher2/.Launcher]
06-22 23:40:10.054  3004 23749 I sysui_action: [324,true]
06-22 23:40:10.054  3004 23749 I sysui_action: [325,24569]
06-22 23:40:10.068  4812  4812 I am_on_paused_called: [0,com.vivo.upslide.recents.RecentsActivity,handlePauseActivity]
06-22 23:40:10.081  3004  4854 I am_resume_activity: [0,64329445,2,com.bbk.launcher2/.Launcher]
06-22 23:40:10.085  3004  3562 I sysui_count: [window_time_0,7]
06-22 23:40:10.099  5780  5780 I am_on_resume_called: [0,com.bbk.launcher2.Launcher,RESUME_ACTIVITY]
06-22 23:40:10.172  3004  3883 I sysui_action: [320,2]
06-22 23:40:10.172  3004  3883 I sysui_action: [319,147]
06-22 23:40:10.173  3004  3883 I sysui_action: [322,148]
06-22 23:40:10.293  3004  8338 I am_finish_activity: [0,214386446,6,com.tencent.mm/.ui.LauncherUI,clear-task-index]
06-22 23:40:10.294  3004  8338 I am_destroy_activity: [0,214386446,6,com.tencent.mm/.ui.LauncherUI,finish-imm]
06-22 23:40:10.298  3004  8338 I am_kill : [0,16414,com.tencent.mm:appbrand0,900,remove task]
06-22 23:40:10.298  3004  8338 I am_kill : [0,22544,com.tencent.mm:tools,500,remove task]
06-22 23:40:10.299  3004  4409 I am_kill : [0,22803,com.vivo.compass,900,stop com.vivo.compass]
06-22 23:40:10.300  3004  4409 I am_finish_activity: [0,240783596,30,com.vivo.compass/.CompassActivity,force-stop]
06-22 23:40:10.305  3004  3562 I am_destroy_activity: [0,240783596,30,com.vivo.compass/.CompassActivity,finish-idle]
06-22 23:40:10.308  3004  3562 I wm_task_removed: [30,removeAppToken: last token]
06-22 23:40:10.308  3004  3562 I wm_task_removed: [30,removeTask]
06-22 23:40:10.310  3004  3004 I notification_cancel_all: [1000,3004,com.vivo.compass,0,0,0,5,NULL]
06-22 23:40:10.311  3004  3562 I am_broadcast_discard_app: [0,229671662,android.intent.action.PACKAGE_RESTARTED,0,ResolveInfo{e20738f com.tencent.android.qqdownloader/com.tencent.assistant.localres.localapk.PackageChangedReceiver p=2147483647 m=0x208000}]
06-22 23:40:10.319  3004  8330 I am_proc_died: [0,8247,com.tencent.mm:exdevice]
06-22 23:40:10.319  3004  8330 I am_schedule_service_restart: [0,com.tencent.mm/.plugin.exdevice.service.ExDeviceService,1000]
06-22 23:40:10.320  3004  8330 I am_mem_factor: [1,0]
06-22 23:40:10.323  3004  4854 I am_kill : [0,8051,com.iqoo.engineermode,900,stop com.iqoo.engineermode]
06-22 23:40:10.325  3004  4854 I am_finish_activity: [0,137724229,26,com.iqoo.engineermode/.EngineerMode,force-stop]
06-22 23:40:10.325  3004  4854 I am_finish_activity: [0,86693085,26,com.iqoo.engineermode/.verifytest.EngineerVerifyTest,force-stop]
06-22 23:40:10.329  3004  3004 I notification_cancel_all: [1000,3004,com.iqoo.engineermode,0,0,0,5,NULL]
06-22 23:40:10.338  3004  3562 I am_destroy_activity: [0,137724229,26,com.iqoo.engineermode/.EngineerMode,finish-idle]
06-22 23:40:10.341  3004  3562 I am_destroy_activity: [0,86693085,26,com.iqoo.engineermode/.verifytest.EngineerVerifyTest,finish-idle]
06-22 23:40:10.343  3004  3562 I wm_task_removed: [26,removeAppToken: last token]
06-22 23:40:10.343  3004  3562 I wm_task_removed: [26,removeTask]
06-22 23:40:10.345  3004  3295 I am_kill : [0,28431,com.android.dialer,900,stop com.android.dialer]
06-22 23:40:10.347  3004  3295 I am_finish_activity: [0,44348557,11,com.android.dialer/.TwelveKeyDialer,force-stop]
06-22 23:40:10.351  3004  3004 I notification_cancel_all: [1000,3004,com.android.dialer,0,0,0,5,NULL]
06-22 23:40:10.357  3004  3562 I am_destroy_activity: [0,44348557,11,com.android.dialer/.TwelveKeyDialer,finish-idle]
06-22 23:40:10.360  3004  3562 I wm_task_removed: [11,removeAppToken: last token]
06-22 23:40:10.361  3004  3562 I wm_task_removed: [11,removeTask]
06-22 23:40:10.362  3004 23741 I am_broadcast_discard_app: [0,229671662,android.intent.action.PACKAGE_RESTARTED,5,ResolveInfo{5a5dffa com.tencent.android.qqdownloader/com.qq.AppService.APKReceiver m=0x208000}]
06-22 23:40:10.365  3004 13514 I am_kill : [0,6425,com.bbk.appstore,900,stop com.bbk.appstore]
06-22 23:40:10.365  3004 13514 I am_schedule_service_restart: [0,com.bbk.appstore/.update.UpdateService,10954]
06-22 23:40:10.374  3004  3004 I notification_cancel_all: [1000,3004,com.bbk.appstore,0,0,0,5,NULL]
06-22 23:40:10.375  3004  3562 I am_broadcast_discard_app: [0,232085512,android.intent.action.PACKAGE_RESTARTED,0,ResolveInfo{2d91ba1 com.tencent.android.qqdownloader/com.tencent.assistant.localres.localapk.PackageChangedReceiver p=2147483647 m=0x208000}]
06-22 23:40:10.376  3004 13515 I am_kill : [0,5265,com.android.mms,900,stop com.android.mms]
06-22 23:40:10.378  3004 13515 I am_finish_activity: [0,174335759,14,com.android.mms/.ui.ConversationList,force-stop]
06-22 23:40:10.380  3004  3562 I am_destroy_activity: [0,174335759,14,com.android.mms/.ui.ConversationList,finish-idle]
06-22 23:40:10.382  3004  3562 I wm_task_removed: [14,removeAppToken: last token]
06-22 23:40:10.382  3004  3562 I wm_task_removed: [14,removeTask]
06-22 23:40:10.387  3004  4409 I am_proc_died: [0,16431,com.tencent.mm:recovery]
06-22 23:40:10.387  3004  4409 I am_schedule_service_restart: [0,com.tencent.mm/com.tencent.recovery.service.RecoveryReportService,10932]
06-22 23:40:10.388  3004  3004 I notification_cancel_all: [1000,3004,com.android.mms,0,0,0,5,NULL]
06-22 23:40:10.398  3004 23745 I am_proc_died: [0,16414,com.tencent.mm:appbrand0]
06-22 23:40:10.399  3004 23745 I am_proc_died: [0,22544,com.tencent.mm:tools]
06-22 23:40:10.408  3004  3295 I am_broadcast_discard_app: [0,232085512,android.intent.action.PACKAGE_RESTARTED,5,ResolveInfo{f4ad0dd com.tencent.android.qqdownloader/com.qq.AppService.APKReceiver m=0x208000}]
06-22 23:40:10.409  3004  3562 I am_broadcast_discard_app: [0,107770962,android.intent.action.PACKAGE_RESTARTED,0,ResolveInfo{10ab323 com.tencent.android.qqdownloader/com.tencent.assistant.localres.localapk.PackageChangedReceiver p=2147483647 m=0x208000}]
06-22 23:40:10.414  3004 23741 I am_proc_died: [0,6034,com.tencent.mm]
06-22 23:40:10.414  3004 23741 I am_kill : [0,6775,com.tencent.mm:push,0,remove task]
06-22 23:40:10.414  3004 23741 I am_schedule_service_restart: [0,com.tencent.mm/.booter.NotifyReceiver$NotifyService,20905]
06-22 23:40:10.420  3004 23741 I wm_task_removed: [6,removeAppToken: last token]
06-22 23:40:10.420  3004 23741 I wm_task_removed: [6,removeTask]
06-22 23:40:10.424  3004  4488 I am_proc_died: [0,6775,com.tencent.mm:push]
06-22 23:40:10.424  3004  4488 I am_schedule_service_restart: [0,com.tencent.mm/.booter.CoreService,30895]
06-22 23:40:10.427  3004  8330 I am_finish_activity: [0,186829552,23,com.sie.mp/.activity.MainActivity,clear-task-index]
06-22 23:40:10.428  3004  8330 I am_destroy_activity: [0,186829552,23,com.sie.mp/.activity.MainActivity,finish-imm]
06-22 23:40:10.428  3004  8330 I am_finish_activity: [0,75370244,23,com.sie.mp/.activity.SearchContactViewActivity,clear-task-index]
06-22 23:40:10.428  3004  8330 I am_destroy_activity: [0,75370244,23,com.sie.mp/.activity.SearchContactViewActivity,finish-imm]
06-22 23:40:10.428  3004  8330 I am_finish_activity: [0,102701067,23,com.sie.mp/.activity.FriendInfoActivity,clear-task-index]
06-22 23:40:10.429  3004  8330 I am_destroy_activity: [0,102701067,23,com.sie.mp/.activity.FriendInfoActivity,finish-imm]
06-22 23:40:10.443  3004  3567 I am_proc_start: [0,24152,10133,com.tencent.mm,preload process,com.tencent.mm]
06-22 23:40:10.446  3004  4409 I am_kill : [0,30222,com.android.contacts,900,stop com.android.contacts]
06-22 23:40:10.448  3004  4409 I am_finish_activity: [0,215147013,12,com.android.contacts/.DialtactsContactsEntryActivity,force-stop]
06-22 23:40:10.450  3004  3004 I notification_cancel_all: [1000,3004,com.android.contacts,0,0,0,5,NULL]
06-22 23:40:10.455  3004  3562 I am_destroy_activity: [0,215147013,12,com.android.contacts/.DialtactsContactsEntryActivity,finish-idle]
06-22 23:40:10.458  3004  3562 I wm_task_removed: [12,removeAppToken: last token]
06-22 23:40:10.458  3004  3562 I wm_task_removed: [12,removeTask]
06-22 23:40:10.462  3004 13515 I am_proc_bound: [0,24152,com.tencent.mm]
06-22 23:40:10.465  3004  8333 I am_kill : [0,16363,com.vivo.gallery,900,stop com.vivo.gallery]
06-22 23:40:10.466  3004  8333 I am_schedule_service_restart: [0,com.vivo.gallery/com.android.gallery3d.vivo.classify.ClassifyService,40853]
06-22 23:40:10.468  3004  3004 I notification_cancel_all: [1000,3004,com.vivo.gallery,0,0,0,5,NULL]
06-22 23:40:10.470  3004  4887 I am_broadcast_discard_app: [0,107770962,android.intent.action.PACKAGE_RESTARTED,5,ResolveInfo{3cb5e7f com.tencent.android.qqdownloader/com.qq.AppService.APKReceiver m=0x208000}]
06-22 23:40:10.471  3004  4843 I am_proc_died: [0,13378,com.sie.mp:pushservice]
06-22 23:40:10.471  3004  4843 I am_schedule_service_restart: [0,com.sie.mp/.vivo.push.V5PushService,40848]
06-22 23:40:10.472  3004 23749 I am_kill : [0,16628,com.vivo.weather:remote,500,stop com.vivo.weather]
06-22 23:40:10.472  3004 23749 I am_schedule_service_restart: [0,com.vivo.weather/com.baidu.location.f,50847]
06-22 23:40:10.473  3004 23749 I am_kill : [0,15390,com.vivo.weather.location,500,stop com.vivo.weather]
06-22 23:40:10.473  3004 23749 I am_schedule_service_restart: [0,com.vivo.weather/.LocalCityLocateService,50846]
06-22 23:40:10.482  3004  3562 I am_broadcast_discard_app: [0,58474133,android.intent.action.PACKAGE_RESTARTED,0,ResolveInfo{3363baa com.tencent.android.qqdownloader/com.tencent.assistant.localres.localapk.PackageChangedReceiver p=2147483647 m=0x208000}]
06-22 23:40:10.484  3004  8330 I am_kill : [0,15157,com.android.BBKClock,800,stop com.android.BBKClock]
06-22 23:40:10.484  3004  8330 I am_schedule_service_restart: [0,com.android.BBKClock/.AlertClock.TimerBootService,50835]
06-22 23:40:10.488  3004  3004 I notification_cancel_all: [1000,3004,com.vivo.weather,0,0,0,5,NULL]
06-22 23:40:10.491  3004  8333 I am_kill : [0,4886,com.bbk.iqoo.logsystem,200,stop com.bbk.iqoo.logsystem]
06-22 23:40:10.492  3004  8333 I am_schedule_service_restart: [0,com.bbk.iqoo.logsystem/.services.LogCollectService,50827]
06-22 23:40:10.492  3004  8333 I am_schedule_service_restart: [0,com.bbk.iqoo.logsystem/.services.StartupIntentService,60827]
06-22 23:40:10.496  3004  3004 I notification_cancel_all: [1000,3004,com.android.BBKClock,0,0,0,5,NULL]
06-22 23:40:10.502  3004 23747 I am_kill : [0,15291,com.vivo.weather.provider,700,stop com.vivo.weather.provider]
06-22 23:40:10.508  3004  8339 I am_kill : [0,17418,com.vivo.cameraparamluma,900,stop com.vivo.cameraparamluma]
06-22 23:40:10.516  3004  3295 I am_kill : [0,15146,com.android.camera,900,stop com.android.camera]
06-22 23:40:10.518  3004  8338 I am_proc_died: [0,28105,com.sie.mp]
06-22 23:40:10.519  3004  8338 I am_schedule_service_restart: [0,com.sie.mp/.vivo.service.AutoUpdateService,50801]
06-22 23:40:10.526  3004  8338 I wm_task_removed: [23,removeAppToken: last token]
06-22 23:40:10.526  3004  8338 I wm_task_removed: [23,removeTask]
06-22 23:40:10.528  3004  3004 I notification_canceled: [0|com.bbk.iqoo.logsystem|3|null|10064,8,59523083,59523083,0]
06-22 23:40:10.532  3004 13517 I am_kill : [0,21780,com.vivo.widget,500,stop com.vivo.dream.weather]
06-22 23:40:10.532  3004 13517 I am_schedule_service_restart: [0,com.vivo.dream.weather/.IsNightUpdateService,60787]
06-22 23:40:10.533  3004  3004 I notification_cancel_all: [1000,3004,com.bbk.iqoo.logsystem,0,0,0,5,NULL]
06-22 23:40:10.533  3004  3004 I notification_canceled: [0|com.bbk.iqoo.logsystem|2147483647|group_key_override|10064|ranker_bundle,5,59522980,59522980,0]
06-22 23:40:10.539  3004  8336 I am_broadcast_discard_app: [0,58474133,android.intent.action.PACKAGE_RESTARTED,5,ResolveInfo{51c104e com.tencent.android.qqdownloader/com.qq.AppService.APKReceiver m=0x208000}]
06-22 23:40:10.540  3004  4647 I am_kill : [0,15183,com.bbk.updater,500,stop com.bbk.updater]
06-22 23:40:10.541  3004  4647 I am_schedule_service_restart: [0,com.bbk.updater/.usage.CalculateService,60778]
06-22 23:40:10.546  3004  3562 I am_broadcast_discard_app: [0,193573500,android.intent.action.PACKAGE_RESTARTED,0,ResolveInfo{5eaf705 com.tencent.android.qqdownloader/com.tencent.assistant.localres.localapk.PackageChangedReceiver p=2147483647 m=0x208000}]
06-22 23:40:10.549  3004  8331 I am_kill : [0,17268,com.bbk.calendar,900,stop com.bbk.calendar]
06-22 23:40:10.550  3004  8331 I am_mem_factor: [2,1]
06-22 23:40:10.557  3004  3004 I notification_cancel_all: [1000,3004,com.vivo.weather.provider,0,0,0,5,NULL]
06-22 23:40:10.558  3004  3004 I notification_cancel_all: [1000,3004,com.vivo.cameraparamluma,0,0,0,5,NULL]
06-22 23:40:10.559  3004  4887 I am_kill : [0,21090,com.baidu.BaiduMap:MapCoreService,902,stop com.baidu.BaiduMap]
06-22 23:40:10.560  3004  3004 I notification_cancel_all: [1000,3004,com.android.camera,0,0,0,5,NULL]
06-22 23:40:10.564  3004  8339 I am_kill : [0,16865,com.bbk.facewake,902,stop com.bbk.facewake]
06-22 23:40:10.565  3004  8339 I am_mem_factor: [3,2]
06-22 23:40:10.580  3004  4647 I am_kill : [0,17284,com.android.providers.calendar,902,stop com.android.providers.calendar]
06-22 23:40:10.582  3004  3004 I notification_cancel_all: [1000,3004,com.vivo.dream.weather,0,0,0,5,NULL]
06-22 23:40:10.586  3004  8327 I am_kill : [0,15324,com.vivo.numbermark,902,stop com.vivo.numbermark]
06-22 23:40:10.593  3004 13514 I am_kill : [0,16401,com.qualcomm.qti.appnetaccess,500,stop com.qualcomm.qti.appnetaccess]
06-22 23:40:10.594  3004 13514 I am_schedule_service_restart: [0,com.qualcomm.qti.appnetaccess/.AppNetAccessService,60726]
06-22 23:40:10.597  3004 23747 I am_kill : [0,15967,com.android.fuelsummary,500,stop com.android.fuelsummary]
06-22 23:40:10.598  3004 23747 I am_schedule_service_restart: [0,com.android.fuelsummary/.FuelSummaryService,60721]
06-22 23:40:10.600  3004  3004 I notification_cancel_all: [1000,3004,com.bbk.updater,0,0,0,5,NULL]
06-22 23:40:10.606  3004  3562 I am_stop_activity: [0,17539209,com.vivo.upslide/.recents.RecentsActivity]
06-22 23:40:10.609  3004  3004 I notification_cancel_all: [1000,3004,com.bbk.calendar,0,0,0,5,NULL]
06-22 23:40:10.609  3004  8339 I am_kill : [0,6840,com.vivo.wifi.networkdetect,500,stop com.vivo.wifi.networkdetect]
06-22 23:40:10.610  4812  4812 I am_on_stop_called: [0,com.vivo.upslide.recents.RecentsActivity,handleStopActivity]
06-22 23:40:10.610  3004  8339 I am_schedule_service_restart: [0,com.vivo.wifi.networkdetect/.WifiNetworkDetectService,60709]
