06-22 23:45:47.527  3004 19682 I am_create_activity: [0,132961012,38,com.android.settings/.Settings$VivoApplicationSettingsActivity,android.settings.APPLICATION_SETTINGS,NULL,NULL,8388608]
06-22 23:45:47.528  3004 19682 I wm_task_moved: [38,1,4]
06-22 23:45:47.530  3004 19682 I am_focused_activity: [0,com.android.settings/.Settings$VivoApplicationSettingsActivity,startedActivity]
06-22 23:45:47.530  3004 19682 I am_pause_activity: [0,48873656,com.android.settings/.Settings$GeneralSettingsActivity]
06-22 23:45:47.537 27243 27243 I sysui_view_visibility: [1,0]
06-22 23:45:47.537 27243 27243 I am_on_paused_called: [0,com.android.settings.Settings$GeneralSettingsActivity,handlePauseActivity]
06-22 23:45:47.544  3004  4854 I am_restart_activity: [0,132961012,38,com.android.settings/.Settings$VivoApplicationSettingsActivity]
06-22 23:45:47.550  3004  3562 I sysui_count: [window_time_0,12]
06-22 23:45:47.594 27243 27243 I sysui_view_visibility: [1,100]
06-22 23:45:47.594 27243 27243 I am_on_resume_called: [0,com.android.settings.Settings$VivoApplicationSettingsActivity,LAUNCH_ACTIVITY]
06-22 23:45:47.667  3004  3883 I am_activity_launch_time: [0,132961012,com.android.settings/.Settings$VivoApplicationSettingsActivity,128,128]
06-22 23:45:47.981  3004  3562 I am_stop_activity: [0,48873656,com.android.settings/.Settings$GeneralSettingsActivity]
06-22 23:45:47.985 27243 27243 I am_on_stop_called: [0,com.android.settings.Settings$GeneralSettingsActivity,handleStopActivity]
06-22 23:45:48.012   511   511 I sf_frame_dur: [com.android.settings/com.android.settings.Settings$GeneralSettingsActivity,357,8,3,2,7,3,0]
06-22 23:45:48.806  3004  3562 I am_broadcast_discard_app: [0,106117189,android.net.wifi.RSSI_CHANGED,0,ResolveInfo{6f22b9a com.sdu.didi.psnger/com.didi.sdk.receiver.WifiReceiver m=0x108000}]
06-22 23:45:49.759  3004  4748 I wm_task_moved: [38,1,4]
06-22 23:45:49.760  3004  4748 I am_create_activity: [0,25275595,38,com.android.settings/com.vivo.settings.VivoSubSettings,android.intent.action.MAIN,NULL,NULL,0]
06-22 23:45:49.761  3004  4748 I wm_task_moved: [38,1,4]
06-22 23:45:49.762  3004  4748 I am_focused_activity: [0,com.android.settings/com.vivo.settings.VivoSubSettings,startedActivity]
06-22 23:45:49.763  3004  4748 I am_pause_activity: [0,132961012,com.android.settings/.Settings$VivoApplicationSettingsActivity]
06-22 23:45:49.768 27243 27243 I sysui_view_visibility: [1,0]
06-22 23:45:49.768 27243 27243 I am_on_paused_called: [0,com.android.settings.Settings$VivoApplicationSettingsActivity,handlePauseActivity]
06-22 23:45:49.774  3004 19683 I am_restart_activity: [0,25275595,38,com.android.settings/com.vivo.settings.VivoSubSettings]
06-22 23:45:49.779  3004  3562 I sysui_count: [window_time_0,2]
06-22 23:45:49.803  3004  3558 I am_pss  : [5640,1000,com.vivo.doubleinstance,3965952,3137536,0]
06-22 23:45:49.886 27243 27243 I sysui_view_visibility: [65,100]
06-22 23:45:49.915 27243 27243 I am_on_resume_called: [0,com.vivo.settings.VivoSubSettings,LAUNCH_ACTIVITY]
06-22 23:45:49.970  3004  3883 I am_activity_launch_time: [0,25275595,com.android.settings/com.vivo.settings.VivoSubSettings,200,200]
06-22 23:45:50.061  3004  4064 I netstats_mobile_sample: [12015492,14654,1945685,11821,11834636,10321,1851117,11821,11834636,10321,1854417,11888,1498146350062]
06-22 23:45:50.061  3004  4064 I netstats_wifi_sample: [346903334,880281,1252771110,1057355,345892461,726937,1237951171,1056947,345870464,726770,1238023927,1058834,1498146350062]
06-22 23:45:50.270  3004  3562 I am_stop_activity: [0,132961012,com.android.settings/.Settings$VivoApplicationSettingsActivity]
06-22 23:45:50.273 27243 27243 I am_on_stop_called: [0,com.android.settings.Settings$VivoApplicationSettingsActivity,handleStopActivity]
06-22 23:45:50.299   511   511 I sf_frame_dur: [com.android.settings/com.android.settings.Settings$VivoApplicationSettingsActivity,16,0,0,1,1,2,0]
06-22 23:45:51.104  3004  3895 I am_proc_start: [0,27406,10008,com.android.defcontainer,service,com.android.defcontainer/.DefaultContainerService]
06-22 23:45:51.127  3004 23749 I am_proc_bound: [0,27406,com.android.defcontainer]
06-22 23:45:51.513  3004  3004 I notification_enqueue: [1000,5826,com.android.bbklog,2,NULL,0,Notification(pri=0 contentView=null vibrate=null sound=null defaults=0x0 flags=0x2 color=0x00000000 vis=PRIVATE),1]
06-22 23:45:51.518  3004  4888 I notification_autogrouped: 0|com.android.bbklog|2|null|1000
06-22 23:45:51.520  3004 23749 I notification_autogrouped: 0|com.android.bbklog|2|null|1000
06-22 23:45:51.520  3004 23749 I notification_autogrouped: 0|com.android.bbklog|1|null|1000
06-22 23:45:51.819  3004  3562 I am_broadcast_discard_app: [0,55541267,android.net.wifi.RSSI_CHANGED,0,ResolveInfo{6f4a850 com.sdu.didi.psnger/com.didi.sdk.receiver.WifiReceiver m=0x108000}]
06-22 23:45:51.859  3004  3558 I am_pss  : [25919,10009,com.android.dialer,23138304,19931136,0]
06-22 23:45:51.895  3004  3558 I am_pss  : [27078,10044,com.vivo.weather,18903040,13168640,0]
06-22 23:45:51.916  3004  3558 I am_pss  : [25668,10045,com.vivo.weather.provider,13521920,11407360,0]
06-22 23:45:51.944  3004  3558 I am_pss  : [26104,10133,com.tencent.mm:appbrand0,33185792,21491712,0]
06-22 23:45:51.961  3004  3558 I am_pss  : [17916,10024,com.android.systemui:screenshot,10607616,8794112,0]
06-22 23:45:51.977  3004  3558 I am_pss  : [26027,10002,com.android.calllogbackup,3181568,2297856,0]
06-22 23:45:51.992  3004  3558 I am_pss  : [25940,10018,com.vivo.numbermark,5368832,3141632,0]
06-22 23:45:52.006  3004  3558 I am_pss  : [25682,10004,com.android.providers.calendar,4838400,3674112,0]
06-22 23:45:52.021  3004  3558 I am_pss  : [25801,10093,com.android.camera,11619328,9170944,0]
06-22 23:45:53.723  3004  3004 I notification_enqueue: [1000,5826,com.android.bbklog,2,NULL,0,Notification(pri=0 contentView=null vibrate=null sound=null defaults=0x0 flags=0x2 color=0x00000000 vis=PRIVATE),1]
06-22 23:45:53.730  3004  4647 I notification_autogrouped: 0|com.android.bbklog|2|null|1000
06-22 23:45:53.733  3004 19683 I notification_autogrouped: 0|com.android.bbklog|2|null|1000
06-22 23:45:53.733  3004 19683 I notification_autogrouped: 0|com.android.bbklog|1|null|1000
06-22 23:45:54.180  3004 13517 I am_finish_activity: [0,25275595,38,com.android.settings/com.vivo.settings.VivoSubSettings,app-request]
06-22 23:45:54.181  3004 13517 I wm_task_moved: [38,1,4]
06-22 23:45:54.183  3004 13517 I am_focused_activity: [0,com.android.settings/.Settings$VivoApplicationSettingsActivity,finishActivity adjustFocus]
06-22 23:45:54.184  3004 13517 I am_pause_activity: [0,25275595,com.android.settings/com.vivo.settings.VivoSubSettings]
06-22 23:45:54.189 27243 27243 I sysui_view_visibility: [65,0]
06-22 23:45:54.190 27243 27243 I am_on_paused_called: [0,com.vivo.settings.VivoSubSettings,handlePauseActivity]
06-22 23:45:54.199  3004  4854 I am_resume_activity: [0,132961012,38,com.android.settings/.Settings$VivoApplicationSettingsActivity]
06-22 23:45:54.211 27243 27243 I sysui_view_visibility: [1,100]
06-22 23:45:54.211 27243 27243 I am_on_resume_called: [0,com.android.settings.Settings$VivoApplicationSettingsActivity,RESUME_ACTIVITY]
06-22 23:45:54.548  3004  3562 I am_destroy_activity: [0,25275595,38,com.android.settings/com.vivo.settings.VivoSubSettings,finish-imm]
06-22 23:45:54.550 27243 27243 I am_on_stop_called: [0,com.vivo.settings.VivoSubSettings,destroy]
06-22 23:45:54.559   511   511 I sf_frame_dur: [com.android.settings/com.vivo.settings.VivoSubSettings,117,36,3,1,0,1,0]
06-22 23:45:54.828  3004  3562 I am_broadcast_discard_app: [0,210632817,android.net.wifi.RSSI_CHANGED,0,ResolveInfo{4fece56 com.sdu.didi.psnger/com.didi.sdk.receiver.WifiReceiver m=0x108000}]
06-22 23:45:56.039  3004  4826 I wm_task_moved: [38,1,4]
06-22 23:45:56.039  3004  4826 I am_create_activity: [0,164196264,38,com.android.settings/com.vivo.settings.VivoSubSettings,android.intent.action.MAIN,NULL,NULL,0]
06-22 23:45:56.041  3004  4826 I wm_task_moved: [38,1,4]
06-22 23:45:56.042  3004  4826 I am_focused_activity: [0,com.android.settings/com.vivo.settings.VivoSubSettings,startedActivity]
06-22 23:45:56.043  3004  4826 I am_pause_activity: [0,132961012,com.android.settings/.Settings$VivoApplicationSettingsActivity]
06-22 23:45:56.055 27243 27243 I sysui_view_visibility: [1,0]
06-22 23:45:56.056 27243 27243 I am_on_paused_called: [0,com.android.settings.Settings$VivoApplicationSettingsActivity,handlePauseActivity]
06-22 23:45:56.060  3004  8333 I am_restart_activity: [0,164196264,38,com.android.settings/com.vivo.settings.VivoSubSettings]
06-22 23:45:56.078  3004  3562 I sysui_count: [window_time_0,6]
06-22 23:45:56.119 27243 27243 I sysui_view_visibility: [65,100]
06-22 23:45:56.154 27243 27243 I am_on_resume_called: [0,com.vivo.settings.VivoSubSettings,LAUNCH_ACTIVITY]
06-22 23:45:56.224  3004  3883 I am_activity_launch_time: [0,164196264,com.android.settings/com.vivo.settings.VivoSubSettings,167,167]
06-22 23:45:56.770  3004  8333 I am_stop_activity: [0,132961012,com.android.settings/.Settings$VivoApplicationSettingsActivity]
06-22 23:45:56.776 27243 27243 I am_on_stop_called: [0,com.android.settings.Settings$VivoApplicationSettingsActivity,handleStopActivity]
06-22 23:45:56.798   511   511 I sf_frame_dur: [com.android.settings/com.android.settings.Settings$VivoApplicationSettingsActivity,16,0,1,0,2,1,0]
06-22 23:45:57.502  3004  4064 I netstats_mobile_sample: [12015492,14654,1945685,11821,11834636,10321,1851117,11821,11834636,10321,1854417,11888,1498146357503]
06-22 23:45:57.502  3004  4064 I netstats_wifi_sample: [347394090,888179,1273498722,1071384,346383157,734828,1258488297,1070980,346361368,734665,1258569933,1072873,1498146357503]
06-22 23:45:57.838  3004  3562 I am_broadcast_discard_app: [0,122389993,android.net.wifi.RSSI_CHANGED,0,ResolveInfo{92b326e com.sdu.didi.psnger/com.didi.sdk.receiver.WifiReceiver m=0x108000}]
06-22 23:45:58.000  3004  3004 I notification_enqueue: [1000,5826,com.android.bbklog,2,NULL,0,Notification(pri=0 contentView=null vibrate=null sound=null defaults=0x0 flags=0x2 color=0x00000000 vis=PRIVATE),1]
06-22 23:45:58.005  3004  8339 I notification_autogrouped: 0|com.android.bbklog|2|null|1000
06-22 23:45:58.007  3004  4748 I notification_autogrouped: 0|com.android.bbklog|2|null|1000
06-22 23:45:58.007  3004  4748 I notification_autogrouped: 0|com.android.bbklog|1|null|1000
06-22 23:46:00.004  3004  3004 I am_mem_factor: [0,1]
06-22 23:46:00.059  3004  3558 I am_pss  : [5780,10034,com.bbk.launcher2,67952640,65396736,0]
06-22 23:46:00.185  3004  3004 I notification_enqueue: [1000,5826,com.android.bbklog,2,NULL,0,Notification(pri=0 contentView=null vibrate=null sound=null defaults=0x0 flags=0x2 color=0x00000000 vis=PRIVATE),1]
06-22 23:46:00.192  3004  4844 I notification_autogrouped: 0|com.android.bbklog|2|null|1000
06-22 23:46:00.195  3004  4843 I notification_autogrouped: 0|com.android.bbklog|2|null|1000
06-22 23:46:00.195  3004  4843 I notification_autogrouped: 0|com.android.bbklog|1|null|1000
06-22 23:46:00.846  3004  3562 I am_broadcast_discard_app: [0,120973391,android.net.wifi.RSSI_CHANGED,0,ResolveInfo{ad62bdc com.sdu.didi.psnger/com.didi.sdk.receiver.WifiReceiver m=0x108000}]
06-22 23:46:03.778  3004  3004 I free_storage_changed: 30220062720
06-22 23:46:03.852  3004  3562 I am_broadcast_discard_app: [0,227027400,android.net.wifi.RSSI_CHANGED,0,ResolveInfo{864ea61 com.sdu.didi.psnger/com.didi.sdk.receiver.WifiReceiver m=0x108000}]
06-22 23:46:04.636  3004  3004 I notification_enqueue: [1000,5826,com.android.bbklog,2,NULL,0,Notification(pri=0 contentView=null vibrate=null sound=null defaults=0x0 flags=0x2 color=0x00000000 vis=PRIVATE),1]
06-22 23:46:04.645  3004 13516 I notification_autogrouped: 0|com.android.bbklog|2|null|1000
06-22 23:46:04.648  3004  4843 I notification_autogrouped: 0|com.android.bbklog|2|null|1000
06-22 23:46:04.648  3004  4843 I notification_autogrouped: 0|com.android.bbklog|1|null|1000
06-22 23:46:05.496  3004  4064 I netstats_mobile_sample: [12015492,14654,1945685,11821,11834636,10321,1851117,11821,11834636,10321,1854417,11888,1498146365497]
06-22 23:46:05.496  3004  4064 I netstats_wifi_sample: [347866791,896080,1294235804,1085392,346854076,742618,1279026307,1084986,346831923,742448,1279087223,1086865,1498146365497]
06-22 23:46:06.756  3004  3004 I notification_enqueue: [1000,5826,com.android.bbklog,2,NULL,0,Notification(pri=0 contentView=null vibrate=null sound=null defaults=0x0 flags=0x2 color=0x00000000 vis=PRIVATE),1]
06-22 23:46:06.765  3004 13514 I notification_autogrouped: 0|com.android.bbklog|2|null|1000
06-22 23:46:06.768  3004  8335 I notification_autogrouped: 0|com.android.bbklog|2|null|1000
06-22 23:46:06.768  3004  8335 I notification_autogrouped: 0|com.android.bbklog|1|null|1000
06-22 23:46:06.863  3004  3562 I am_broadcast_discard_app: [0,27577245,android.net.wifi.RSSI_CHANGED,0,ResolveInfo{1a2b812 com.sdu.didi.psnger/com.didi.sdk.receiver.WifiReceiver m=0x108000}]
06-22 23:46:09.878  3004  3562 I am_broadcast_discard_app: [0,252150937,android.net.wifi.RSSI_CHANGED,0,ResolveInfo{7f0435e com.sdu.didi.psnger/com.didi.sdk.receiver.WifiReceiver m=0x108000}]
06-22 23:46:11.126  3004  3004 I notification_enqueue: [1000,5826,com.android.bbklog,2,NULL,0,Notification(pri=0 contentView=null vibrate=null sound=null defaults=0x0 flags=0x2 color=0x00000000 vis=PRIVATE),1]
06-22 23:46:11.133  3004 19682 I notification_autogrouped: 0|com.android.bbklog|2|null|1000
06-22 23:46:11.134  3004 13514 I notification_autogrouped: 0|com.android.bbklog|2|null|1000
06-22 23:46:11.134  3004 13514 I notification_autogrouped: 0|com.android.bbklog|1|null|1000
06-22 23:46:12.892  3004  3562 I am_broadcast_discard_app: [0,172151125,android.net.wifi.RSSI_CHANGED,0,ResolveInfo{6f9376a com.sdu.didi.psnger/com.didi.sdk.receiver.WifiReceiver m=0x108000}]
06-22 23:46:13.582  3004  3004 I notification_enqueue: [1000,5826,com.android.bbklog,2,NULL,0,Notification(pri=0 contentView=null vibrate=null sound=null defaults=0x0 flags=0x2 color=0x00000000 vis=PRIVATE),1]
06-22 23:46:13.585  3004 13514 I notification_autogrouped: 0|com.android.bbklog|2|null|1000
06-22 23:46:13.586  3004  8333 I notification_autogrouped: 0|com.android.bbklog|2|null|1000
06-22 23:46:13.586  3004  8333 I notification_autogrouped: 0|com.android.bbklog|1|null|1000
06-22 23:46:13.868  3004  4064 I netstats_mobile_sample: [12015492,14654,1945685,11821,11834636,10321,1851117,11821,11834636,10321,1854417,11888,1498146373869]
06-22 23:46:13.869  3004  4064 I netstats_wifi_sample: [348329420,903841,1315057918,1099515,347315827,750300,1299653659,1099111,347294038,750137,1299735295,1101004,1498146373869]
06-22 23:46:15.483  3004  3004 I notification_enqueue: [1000,5826,com.android.bbklog,2,NULL,0,Notification(pri=0 contentView=null vibrate=null sound=null defaults=0x0 flags=0x2 color=0x00000000 vis=PRIVATE),1]
06-22 23:46:15.488  3004 13516 I notification_autogrouped: 0|com.android.bbklog|2|null|1000
06-22 23:46:15.490  3004 13517 I notification_autogrouped: 0|com.android.bbklog|2|null|1000
06-22 23:46:15.490  3004 13517 I notification_autogrouped: 0|com.android.bbklog|1|null|1000
06-22 23:46:15.911  3004  3562 I am_broadcast_discard_app: [0,105683767,android.net.wifi.RSSI_CHANGED,0,ResolveInfo{97308a4 com.sdu.didi.psnger/com.didi.sdk.receiver.WifiReceiver m=0x108000}]
06-22 23:46:16.151  3004  4050 I am_wtf  : [0,3004,system_server,-1,ActivityManager,Sending non-protected broadcast com.vivo.messagecenter.upload_tempalarm from system uid 1000 pkg com.vivo.abe]
06-22 23:46:18.923  3004  3562 I am_broadcast_discard_app: [0,228711483,android.net.wifi.RSSI_CHANGED,0,ResolveInfo{fa6ef58 com.sdu.didi.psnger/com.didi.sdk.receiver.WifiReceiver m=0x108000}]
06-22 23:46:19.821  3004  3004 I notification_enqueue: [1000,5826,com.android.bbklog,2,NULL,0,Notification(pri=0 contentView=null vibrate=null sound=null defaults=0x0 flags=0x2 color=0x00000000 vis=PRIVATE),1]
06-22 23:46:19.829  3004  4748 I notification_autogrouped: 0|com.android.bbklog|2|null|1000
06-22 23:46:19.832  3004 13517 I notification_autogrouped: 0|com.android.bbklog|2|null|1000
06-22 23:46:19.832  3004 13517 I notification_autogrouped: 0|com.android.bbklog|1|null|1000
06-22 23:46:21.012  3004  4064 I netstats_mobile_sample: [12015492,14654,1945685,11821,11834636,10321,1851117,11821,11834636,10321,1854417,11888,1498146381012]
06-22 23:46:21.012  3004  4064 I netstats_wifi_sample: [348816713,911631,1335832360,1113693,347803040,758087,1320229609,1113289,347781251,757924,1320311245,1115182,1498146381012]
06-22 23:46:21.925  3004  3562 I am_broadcast_discard_app: [0,222800132,android.net.wifi.RSSI_CHANGED,0,ResolveInfo{a1a5eed com.sdu.didi.psnger/com.didi.sdk.receiver.WifiReceiver m=0x108000}]
06-22 23:46:21.938  3004  3004 I notification_enqueue: [1000,5826,com.android.bbklog,2,NULL,0,Notification(pri=0 contentView=null vibrate=null sound=null defaults=0x0 flags=0x2 color=0x00000000 vis=PRIVATE),1]
06-22 23:46:21.946  3004  8333 I notification_autogrouped: 0|com.android.bbklog|2|null|1000
06-22 23:46:21.951  3004  8334 I notification_autogrouped: 0|com.android.bbklog|2|null|1000
06-22 23:46:21.952  3004  8334 I notification_autogrouped: 0|com.android.bbklog|1|null|1000
06-22 23:46:24.940  3004  3562 I am_broadcast_discard_app: [0,51925360,android.net.wifi.RSSI_CHANGED,0,ResolveInfo{6cafce9 com.sdu.didi.psnger/com.didi.sdk.receiver.WifiReceiver m=0x108000}]
06-22 23:46:26.322  3004  3004 I notification_enqueue: [1000,5826,com.android.bbklog,2,NULL,0,Notification(pri=0 contentView=null vibrate=null sound=null defaults=0x0 flags=0x2 color=0x00000000 vis=PRIVATE),1]
06-22 23:46:26.330  3004 23749 I notification_autogrouped: 0|com.android.bbklog|2|null|1000
06-22 23:46:26.333  3004  8330 I notification_autogrouped: 0|com.android.bbklog|2|null|1000
06-22 23:46:26.333  3004  8330 I notification_autogrouped: 0|com.android.bbklog|1|null|1000
06-22 23:46:27.950  3004  3562 I am_broadcast_discard_app: [0,67703964,android.net.wifi.RSSI_CHANGED,0,ResolveInfo{8cd7ea5 com.sdu.didi.psnger/com.didi.sdk.receiver.WifiReceiver m=0x108000}]
06-22 23:46:28.520  3004  3004 I notification_enqueue: [1000,5826,com.android.bbklog,2,NULL,0,Notification(pri=0 contentView=null vibrate=null sound=null defaults=0x0 flags=0x2 color=0x00000000 vis=PRIVATE),1]
06-22 23:46:28.527  3004  4488 I notification_autogrouped: 0|com.android.bbklog|2|null|1000
06-22 23:46:28.530  3004  4409 I notification_autogrouped: 0|com.android.bbklog|2|null|1000
06-22 23:46:28.530  3004  4409 I notification_autogrouped: 0|com.android.bbklog|1|null|1000
06-22 23:46:29.221  3004  4064 I netstats_mobile_sample: [12015492,14654,1945685,11821,11834636,10321,1851117,11821,11834636,10321,1854417,11888,1498146389221]
06-22 23:46:29.222  3004  4064 I netstats_wifi_sample: [349309803,919704,1356764154,1127853,348295866,766152,1340943923,1127436,348273505,765978,1340991519,1129306,1498146389221]
06-22 23:46:30.964  3004  3562 I am_broadcast_discard_app: [0,196894753,android.net.wifi.RSSI_CHANGED,0,ResolveInfo{f052c46 com.sdu.didi.psnger/com.didi.sdk.receiver.WifiReceiver m=0x108000}]
06-22 23:46:32.111  3004  4409 I am_finish_activity: [0,164196264,38,com.android.settings/com.vivo.settings.VivoSubSettings,app-request]
06-22 23:46:32.113  3004  4409 I wm_task_moved: [38,1,4]
06-22 23:46:32.116  3004  4409 I am_focused_activity: [0,com.android.settings/.Settings$VivoApplicationSettingsActivity,finishActivity adjustFocus]
06-22 23:46:32.116  3004  4409 I am_pause_activity: [0,164196264,com.android.settings/com.vivo.settings.VivoSubSettings]
06-22 23:46:32.118 27243 27243 I sysui_view_visibility: [65,0]
06-22 23:46:32.119 27243 27243 I am_on_paused_called: [0,com.vivo.settings.VivoSubSettings,handlePauseActivity]
06-22 23:46:32.125  3004 19682 I am_resume_activity: [0,132961012,38,com.android.settings/.Settings$VivoApplicationSettingsActivity]
06-22 23:46:32.133 27243 27243 I sysui_view_visibility: [1,100]
06-22 23:46:32.133 27243 27243 I am_on_resume_called: [0,com.android.settings.Settings$VivoApplicationSettingsActivity,RESUME_ACTIVITY]
06-22 23:46:32.486  3004  3562 I am_destroy_activity: [0,164196264,38,com.android.settings/com.vivo.settings.VivoSubSettings,finish-imm]
06-22 23:46:32.488 27243 27243 I am_on_stop_called: [0,com.vivo.settings.VivoSubSettings,destroy]
06-22 23:46:32.498   511   511 I sf_frame_dur: [com.android.settings/com.vivo.settings.VivoSubSettings,1593,22,7,1,5,0,0]
06-22 23:46:32.798  3004  3004 I notification_enqueue: [1000,5826,com.android.bbklog,2,NULL,0,Notification(pri=0 contentView=null vibrate=null sound=null defaults=0x0 flags=0x2 color=0x00000000 vis=PRIVATE),1]
06-22 23:46:32.807  3004  4888 I notification_autogrouped: 0|com.android.bbklog|2|null|1000
06-22 23:46:32.809  3004  4844 I notification_autogrouped: 0|com.android.bbklog|2|null|1000
06-22 23:46:32.809  3004  4844 I notification_autogrouped: 0|com.android.bbklog|1|null|1000
06-22 23:46:33.978  3004  3562 I am_broadcast_discard_app: [0,111973265,android.net.wifi.RSSI_CHANGED,0,ResolveInfo{f9732f6 com.sdu.didi.psnger/com.didi.sdk.receiver.WifiReceiver m=0x108000}]
06-22 23:46:34.581  3004  4409 I wm_task_moved: [38,1,4]
06-22 23:46:34.581  3004  4409 I am_create_activity: [0,86759159,38,com.android.settings/com.vivo.settings.VivoSubSettings,android.intent.action.MAIN,NULL,NULL,0]
06-22 23:46:34.583  3004  4409 I wm_task_moved: [38,1,4]
06-22 23:46:34.585  3004  4409 I am_focused_activity: [0,com.android.settings/com.vivo.settings.VivoSubSettings,startedActivity]
06-22 23:46:34.587  3004  4409 I am_pause_activity: [0,132961012,com.android.settings/.Settings$VivoApplicationSettingsActivity]
06-22 23:46:34.597 27243 27243 I sysui_view_visibility: [1,0]
06-22 23:46:34.597 27243 27243 I am_on_paused_called: [0,com.android.settings.Settings$VivoApplicationSettingsActivity,handlePauseActivity]
06-22 23:46:34.605  3004 23741 I am_restart_activity: [0,86759159,38,com.android.settings/com.vivo.settings.VivoSubSettings]
06-22 23:46:34.609  3004  3562 I sysui_count: [window_time_0,39]
06-22 23:46:34.652 27243 27243 I sysui_view_visibility: [65,100]
06-22 23:46:34.672 27243 27243 I am_on_resume_called: [0,com.vivo.settings.VivoSubSettings,LAUNCH_ACTIVITY]
06-22 23:46:34.788  3004  3883 I am_activity_launch_time: [0,86759159,com.android.settings/com.vivo.settings.VivoSubSettings,188,188]
06-22 23:46:34.987  3004  3004 I notification_enqueue: [1000,5826,com.android.bbklog,2,NULL,0,Notification(pri=0 contentView=null vibrate=null sound=null defaults=0x0 flags=0x2 color=0x00000000 vis=PRIVATE),1]
06-22 23:46:34.992  3004  3295 I notification_autogrouped: 0|com.android.bbklog|2|null|1000
06-22 23:46:34.995  3004 23741 I notification_autogrouped: 0|com.android.bbklog|2|null|1000
06-22 23:46:34.995  3004 23741 I notification_autogrouped: 0|com.android.bbklog|1|null|1000
06-22 23:46:35.260  3004 13514 I am_stop_activity: [0,132961012,com.android.settings/.Settings$VivoApplicationSettingsActivity]
06-22 23:46:35.266 27243 27243 I am_on_stop_called: [0,com.android.settings.Settings$VivoApplicationSettingsActivity,handleStopActivity]
06-22 23:46:35.289   511   511 I sf_frame_dur: [com.android.settings/com.android.settings.Settings$VivoApplicationSettingsActivity,16,0,1,0,1,2,0]
06-22 23:46:35.721  3004 23747 I am_finish_activity: [0,86759159,38,com.android.settings/com.vivo.settings.VivoSubSettings,app-request]
06-22 23:46:35.723  3004 23747 I wm_task_moved: [38,1,4]
06-22 23:46:35.726  3004 23747 I am_focused_activity: [0,com.android.settings/.Settings$VivoApplicationSettingsActivity,finishActivity adjustFocus]
06-22 23:46:35.727  3004 23747 I am_pause_activity: [0,86759159,com.android.settings/com.vivo.settings.VivoSubSettings]
06-22 23:46:35.730 27243 27243 I sysui_view_visibility: [65,0]
06-22 23:46:35.730 27243 27243 I am_on_paused_called: [0,com.vivo.settings.VivoSubSettings,handlePauseActivity]
06-22 23:46:35.736  3004 23745 I am_resume_activity: [0,132961012,38,com.android.settings/.Settings$VivoApplicationSettingsActivity]
06-22 23:46:35.745 27243 27243 I sysui_view_visibility: [1,100]
06-22 23:46:35.745 27243 27243 I am_on_resume_called: [0,com.android.settings.Settings$VivoApplicationSettingsActivity,RESUME_ACTIVITY]
06-22 23:46:36.095  3004  3562 I am_destroy_activity: [0,86759159,38,com.android.settings/com.vivo.settings.VivoSubSettings,finish-imm]
06-22 23:46:36.097 27243 27243 I am_on_stop_called: [0,com.vivo.settings.VivoSubSettings,destroy]
06-22 23:46:36.106   511   511 I sf_frame_dur: [com.android.settings/com.vivo.settings.VivoSubSettings,25,0,1,0,0,0,0]
06-22 23:46:36.823  3004  4064 I netstats_mobile_sample: [12015492,14654,1945685,11821,11834636,10321,1851117,11821,11834636,10321,1854417,11888,1498146396823]
06-22 23:46:36.823  3004  4064 I netstats_wifi_sample: [349797668,927634,1377623605,1141999,348782773,774000,1361624570,1141595,348760984,773837,1361706206,1143488,1498146396823]
06-22 23:46:36.991  3004  3562 I am_broadcast_discard_app: [0,77436415,android.net.wifi.RSSI_CHANGED,0,ResolveInfo{d06bfcc com.sdu.didi.psnger/com.didi.sdk.receiver.WifiReceiver m=0x108000}]
06-22 23:46:37.823  4477  4477 I sysui_count: [panel_open,1]
06-22 23:46:37.898  4477  4477 I sysui_histogram: [note_load,4]
06-22 23:46:37.899  3004 23745 I notification_panel_revealed: 4
06-22 23:46:38.461  3004  8338 I notification_visibility: [0|com.android.bbklog|1|null|1000,1,333483,333483,0,3]
06-22 23:46:38.461  3004  8338 I notification_visibility: [0|com.android.bbklog|2147483647|group_key_override|1000|ranker_bundle,1,59894184,59894184,0,1]
06-22 23:46:38.461  3004  8338 I notification_visibility: [0|com.android.bbklog|2|null|1000,1,227059,3475,0,2]
06-22 23:46:39.071  3004  4748 I notification_visibility: [0|com.android.bbklog|1|null|1000,0,334092,334092,0,3]
06-22 23:46:39.071  3004  4748 I notification_visibility: [0|com.android.bbklog|2147483647|group_key_override|1000|ranker_bundle,0,59894794,59894794,0,1]
06-22 23:46:39.071  3004  4748 I notification_visibility: [0|com.android.bbklog|2|null|1000,0,227669,4085,0,2]
06-22 23:46:39.071  3004  8327 I notification_panel_hidden: []
06-22 23:46:39.083  3004  8333 I am_new_intent: [0,105303428,33,com.android.bbklog/.BbkLogActivity,NULL,NULL,NULL,343932928]
06-22 23:46:39.085  3004  8333 I wm_task_moved: [33,1,4]
06-22 23:46:39.086  3004  8333 I am_focused_activity: [0,com.android.bbklog/.BbkLogActivity,bringingFoundTaskToFront]
06-22 23:46:39.118  3004  8333 I am_pause_activity: [0,132961012,com.android.settings/.Settings$VivoApplicationSettingsActivity]
06-22 23:46:39.119 27243 27243 I sysui_view_visibility: [1,0]
06-22 23:46:39.119 27243 27243 I am_on_paused_called: [0,com.android.settings.Settings$VivoApplicationSettingsActivity,handlePauseActivity]
06-22 23:46:39.121  3004  8333 I am_task_to_front: [0,33]
06-22 23:46:39.125  3004  8333 I sysui_action: [323,com.android.bbklog/.BbkLogActivity]
06-22 23:46:39.125  3004  8333 I sysui_action: [324,true]
06-22 23:46:39.125  3004  8333 I sysui_action: [325,24958]
06-22 23:46:39.126  3004 23745 I notification_clicked: [0|com.android.bbklog|2|null|1000,227724,4140,665]
06-22 23:46:39.126  3004  3004 I sysui_histogram: [note_click_longevity,3]
06-22 23:46:39.133  3004  8336 I am_resume_activity: [0,156690307,33,com.android.bbklog/.BbkLogActivity]
06-22 23:46:39.138  3004  3562 I sysui_count: [window_time_0,4]
06-22 23:46:39.166  5826  5826 I am_on_resume_called: [0,com.android.bbklog.BbkLogActivity,RESUME_ACTIVITY]
06-22 23:46:39.195  3004  3883 I sysui_action: [320,2]
06-22 23:46:39.195  3004  3883 I sysui_action: [319,120]
06-22 23:46:39.195  3004  3883 I sysui_action: [322,120]
06-22 23:46:39.344  3004  3004 I notification_enqueue: [1000,5826,com.android.bbklog,2,NULL,0,Notification(pri=0 contentView=null vibrate=null sound=null defaults=0x0 flags=0x2 color=0x00000000 vis=PRIVATE),1]
06-22 23:46:39.352  3004  4409 I notification_autogrouped: 0|com.android.bbklog|2|null|1000
06-22 23:46:39.353  3004  4887 I notification_autogrouped: 0|com.android.bbklog|2|null|1000
06-22 23:46:39.353  3004  4887 I notification_autogrouped: 0|com.android.bbklog|1|null|1000
06-22 23:46:39.502  3004  3562 I am_stop_activity: [0,132961012,com.android.settings/.Settings$VivoApplicationSettingsActivity]
06-22 23:46:39.505 27243 27243 I am_on_stop_called: [0,com.android.settings.Settings$VivoApplicationSettingsActivity,handleStopActivity]
06-22 23:46:39.532   511   511 I sf_frame_dur: [com.android.settings/com.android.settings.Settings$VivoApplicationSettingsActivity,13,1,0,0,1,2,0]
06-22 23:46:39.998  3004  3562 I am_broadcast_discard_app: [0,239067809,android.net.wifi.RSSI_CHANGED,0,ResolveInfo{1c6bcc6 com.sdu.didi.psnger/com.didi.sdk.receiver.WifiReceiver m=0x108000}]
06-22 23:46:41.518  3004  3004 I notification_enqueue: [1000,5826,com.android.bbklog,2,NULL,0,Notification(pri=0 contentView=null vibrate=null sound=null defaults=0x0 flags=0x2 color=0x00000000 vis=PRIVATE),1]
06-22 23:46:41.523  3004 13514 I notification_autogrouped: 0|com.android.bbklog|2|null|1000
06-22 23:46:41.525  3004 19683 I notification_autogrouped: 0|com.android.bbklog|2|null|1000
06-22 23:46:41.526  3004 19683 I notification_autogrouped: 0|com.android.bbklog|1|null|1000
06-22 23:46:43.021  3004  3562 I am_broadcast_discard_app: [0,131532765,android.net.wifi.RSSI_CHANGED,0,ResolveInfo{ce1df52 com.sdu.didi.psnger/com.didi.sdk.receiver.WifiReceiver m=0x108000}]
06-22 23:46:46.014  3004  4064 I netstats_mobile_sample: [12015492,14654,1945685,11821,11834636,10321,1851117,11821,11834636,10321,1854417,11888,1498146406014]
06-22 23:46:46.014  3004  4064 I netstats_wifi_sample: [350270589,935412,1398470957,1156226,349254612,781717,1382250544,1155807,349232303,781544,1382304060,1157681,1498146406014]
06-22 23:46:46.025  3004  3562 I am_broadcast_discard_app: [0,119185054,android.net.wifi.RSSI_CHANGED,0,ResolveInfo{edddd7f com.sdu.didi.psnger/com.didi.sdk.receiver.WifiReceiver m=0x108000}]
06-22 23:46:46.881  3004  3004 I notification_enqueue: [1000,5826,com.android.bbklog,2,NULL,0,Notification(pri=0 contentView=null vibrate=null sound=null defaults=0x0 flags=0x2 color=0x00000000 vis=PRIVATE),1]
06-22 23:46:46.889  3004 13514 I notification_autogrouped: 0|com.android.bbklog|2|null|1000
06-22 23:46:46.891  3004  4888 I notification_autogrouped: 0|com.android.bbklog|2|null|1000
06-22 23:46:46.891  3004  4888 I notification_autogrouped: 0|com.android.bbklog|1|null|1000
06-22 23:46:48.818  3004  3004 I notification_enqueue: [1000,5826,com.android.bbklog,2,NULL,0,Notification(pri=0 contentView=null vibrate=null sound=null defaults=0x0 flags=0x2 color=0x00000000 vis=PRIVATE),1]
06-22 23:46:48.823  3004 13516 I notification_autogrouped: 0|com.android.bbklog|2|null|1000
06-22 23:46:48.825  3004  4409 I notification_autogrouped: 0|com.android.bbklog|2|null|1000
06-22 23:46:48.825  3004  4409 I notification_autogrouped: 0|com.android.bbklog|1|null|1000
06-22 23:46:49.038  3004  3562 I am_broadcast_discard_app: [0,11736632,android.net.wifi.RSSI_CHANGED,0,ResolveInfo{455b611 com.sdu.didi.psnger/com.didi.sdk.receiver.WifiReceiver m=0x108000}]
06-22 23:46:52.047  3004  3562 I am_broadcast_discard_app: [0,262102500,android.net.wifi.RSSI_CHANGED,0,ResolveInfo{7cea24d com.sdu.didi.psnger/com.didi.sdk.receiver.WifiReceiver m=0x108000}]
06-22 23:46:52.107  3004  3558 I am_pss  : [5826,1000,com.android.bbklog,43589632,39796736,0]
06-22 23:46:54.908  3004  3004 I notification_enqueue: [1000,5826,com.android.bbklog,2,NULL,0,Notification(pri=0 contentView=null vibrate=null sound=null defaults=0x0 flags=0x2 color=0x00000000 vis=PRIVATE),1]
06-22 23:46:54.912  3004  4844 I notification_autogrouped: 0|com.android.bbklog|2|null|1000
06-22 23:46:54.914  3004  3295 I notification_autogrouped: 0|com.android.bbklog|2|null|1000
06-22 23:46:54.914  3004  3295 I notification_autogrouped: 0|com.android.bbklog|1|null|1000
06-22 23:46:55.061  3004  3562 I am_broadcast_discard_app: [0,182875216,android.net.wifi.RSSI_CHANGED,0,ResolveInfo{1701649 com.sdu.didi.psnger/com.didi.sdk.receiver.WifiReceiver m=0x108000}]
06-22 23:46:55.164  3004  4050 I am_wtf  : [0,3004,system_server,-1,ActivityManager,Sending non-protected broadcast MqttService.pingSender.364803822420926726 from system uid 1000 pkg com.vivo.abe]
06-22 23:46:55.433  3004  4064 I netstats_mobile_sample: [12015492,14654,1945685,11821,11834636,10321,1851117,11821,11834636,10321,1854417,11888,1498146415434]
06-22 23:46:55.433  3004  4064 I netstats_wifi_sample: [350743973,943113,1419310713,1170391,349728054,789414,1402908270,1169983,349706109,789248,1402982506,1171871,1498146415434]
06-22 23:46:57.006  3004  3004 I notification_enqueue: [1000,5826,com.android.bbklog,2,NULL,0,Notification(pri=0 contentView=null vibrate=null sound=null defaults=0x0 flags=0x2 color=0x00000000 vis=PRIVATE),1]
06-22 23:46:57.011  3004  8334 I notification_autogrouped: 0|com.android.bbklog|2|null|1000
06-22 23:46:57.012  3004 13517 I notification_autogrouped: 0|com.android.bbklog|2|null|1000
06-22 23:46:57.012  3004 13517 I notification_autogrouped: 0|com.android.bbklog|1|null|1000
06-22 23:46:58.075  3004  3562 I am_broadcast_discard_app: [0,82284928,android.net.wifi.RSSI_CHANGED,0,ResolveInfo{dee23b9 com.sdu.didi.psnger/com.didi.sdk.receiver.WifiReceiver m=0x108000}]
06-22 23:46:59.359  3004  3004 I notification_enqueue: [1000,5826,com.android.bbklog,2,NULL,0,Notification(pri=0 contentView=null vibrate=null sound=null defaults=0x0 flags=0x2 color=0x00000000 vis=PRIVATE),1]
06-22 23:46:59.365  3004 23749 I notification_autogrouped: 0|com.android.bbklog|2|null|1000
06-22 23:46:59.367  3004 13516 I notification_autogrouped: 0|com.android.bbklog|2|null|1000
06-22 23:46:59.367  3004 13516 I notification_autogrouped: 0|com.android.bbklog|1|null|1000
06-22 23:47:01.089  3004  3562 I am_broadcast_discard_app: [0,182434427,android.net.wifi.RSSI_CHANGED,0,ResolveInfo{2361098 com.sdu.didi.psnger/com.didi.sdk.receiver.WifiReceiver m=0x108000}]
06-22 23:47:02.653  3004  4064 I netstats_mobile_sample: [12015492,14654,1945685,11821,11834636,10321,1851117,11821,11834636,10321,1854417,11888,1498146422653]
06-22 23:47:02.653  3004  4064 I netstats_wifi_sample: [351245800,951118,1440174063,1184547,350228757,797406,1423566036,1184134,350205928,797230,1423609192,1186001,1498146422653]
06-22 23:47:03.624  3004  3004 I notification_enqueue: [1000,5826,com.android.bbklog,2,NULL,0,Notification(pri=0 contentView=null vibrate=null sound=null defaults=0x0 flags=0x2 color=0x00000000 vis=PRIVATE),1]
06-22 23:47:03.633  3004 23745 I notification_autogrouped: 0|com.android.bbklog|2|null|1000
06-22 23:47:03.637  3004  4647 I notification_autogrouped: 0|com.android.bbklog|2|null|1000
06-22 23:47:03.637  3004  4647 I notification_autogrouped: 0|com.android.bbklog|1|null|1000
06-22 23:47:03.779  3004  3004 I free_storage_changed: 30061961216
06-22 23:47:04.103  3004  3562 I am_broadcast_discard_app: [0,29859396,android.net.wifi.RSSI_CHANGED,0,ResolveInfo{cf4b2d com.sdu.didi.psnger/com.didi.sdk.receiver.WifiReceiver m=0x108000}]
06-22 23:47:04.150  3004  3558 I am_pss  : [26462,10119,com.baidu.BaiduMap:MapCoreService,7849984,5578752,0]
06-22 23:47:05.744  3004  3004 I notification_enqueue: [1000,5826,com.android.bbklog,2,NULL,0,Notification(pri=0 contentView=null vibrate=null sound=null defaults=0x0 flags=0x2 color=0x00000000 vis=PRIVATE),1]
06-22 23:47:05.751  3004  8335 I notification_autogrouped: 0|com.android.bbklog|2|null|1000
06-22 23:47:05.752  3004 13514 I notification_autogrouped: 0|com.android.bbklog|2|null|1000
06-22 23:47:05.752  3004 13514 I notification_autogrouped: 0|com.android.bbklog|1|null|1000
06-22 23:47:07.120  3004  3562 I am_broadcast_discard_app: [0,163732144,android.net.wifi.RSSI_CHANGED,0,ResolveInfo{3826d29 com.sdu.didi.psnger/com.didi.sdk.receiver.WifiReceiver m=0x108000}]
06-22 23:47:10.085  3004  3004 I notification_enqueue: [1000,5826,com.android.bbklog,2,NULL,0,Notification(pri=0 contentView=null vibrate=null sound=null defaults=0x0 flags=0x2 color=0x00000000 vis=PRIVATE),1]
06-22 23:47:10.089  3004  8331 I notification_autogrouped: 0|com.android.bbklog|2|null|1000
06-22 23:47:10.091  3004  4887 I notification_autogrouped: 0|com.android.bbklog|2|null|1000
06-22 23:47:10.091  3004  4887 I notification_autogrouped: 0|com.android.bbklog|1|null|1000
06-22 23:47:10.129  3004  3562 I am_broadcast_discard_app: [0,124416476,android.net.wifi.RSSI_CHANGED,0,ResolveInfo{32bb2e5 com.sdu.didi.psnger/com.didi.sdk.receiver.WifiReceiver m=0x108000}]
06-22 23:47:10.189  3004  3558 I am_pss  : [27243,1000,com.android.settings,66352128,59953152,0]
06-22 23:47:10.754  3004  4064 I netstats_mobile_sample: [12015492,14654,1945685,11821,11834636,10321,1851117,11821,11834636,10321,1854417,11888,1498146430754]
06-22 23:47:10.754  3004  4064 I netstats_wifi_sample: [351724609,958963,1461019776,1198745,350708464,805257,1444207057,1198328,350686259,805086,1444263533,1200204,1498146430754]
06-22 23:47:12.280  3004  3004 I notification_enqueue: [1000,5826,com.android.bbklog,2,NULL,0,Notification(pri=0 contentView=null vibrate=null sound=null defaults=0x0 flags=0x2 color=0x00000000 vis=PRIVATE),1]
06-22 23:47:12.288  3004  3293 I notification_autogrouped: 0|com.android.bbklog|2|null|1000
06-22 23:47:12.291  3004  8335 I notification_autogrouped: 0|com.android.bbklog|2|null|1000
06-22 23:47:12.291  3004  8335 I notification_autogrouped: 0|com.android.bbklog|1|null|1000
06-22 23:47:13.145  3004  3562 I am_broadcast_discard_app: [0,23697505,android.net.wifi.RSSI_CHANGED,0,ResolveInfo{2699f86 com.sdu.didi.psnger/com.didi.sdk.receiver.WifiReceiver m=0x108000}]
06-22 23:47:16.158  3004  3562 I am_broadcast_discard_app: [0,21387677,android.net.wifi.RSSI_CHANGED,0,ResolveInfo{6b02e12 com.sdu.didi.psnger/com.didi.sdk.receiver.WifiReceiver m=0x108000}]
06-22 23:47:16.551  3004  3004 I notification_enqueue: [1000,5826,com.android.bbklog,2,NULL,0,Notification(pri=0 contentView=null vibrate=null sound=null defaults=0x0 flags=0x2 color=0x00000000 vis=PRIVATE),1]
06-22 23:47:16.559  3004 23746 I notification_autogrouped: 0|com.android.bbklog|2|null|1000
06-22 23:47:16.562  3004 23746 I notification_autogrouped: 0|com.android.bbklog|2|null|1000
06-22 23:47:16.562  3004 23746 I notification_autogrouped: 0|com.android.bbklog|1|null|1000
06-22 23:47:18.448  3004  4064 I netstats_mobile_sample: [12015492,14654,1945685,11821,11834636,10321,1851117,11821,11834636,10321,1854417,11888,1498146438449]
06-22 23:47:18.450  3004  4064 I netstats_wifi_sample: [352217303,966935,1481889899,1212932,351201418,813234,1464894842,1212526,351179369,813066,1464961678,1214409,1498146438449]
06-22 23:47:18.760  3004  3004 I notification_enqueue: [1000,5826,com.android.bbklog,2,NULL,0,Notification(pri=0 contentView=null vibrate=null sound=null defaults=0x0 flags=0x2 color=0x00000000 vis=PRIVATE),1]
06-22 23:47:18.766  3004 13516 I notification_autogrouped: 0|com.android.bbklog|2|null|1000
06-22 23:47:18.769  3004 13517 I notification_autogrouped: 0|com.android.bbklog|2|null|1000
06-22 23:47:18.769  3004 13517 I notification_autogrouped: 0|com.android.bbklog|1|null|1000
06-22 23:47:19.175  3004  3562 I am_broadcast_discard_app: [0,164213769,android.net.wifi.RSSI_CHANGED,0,ResolveInfo{7b2960e com.sdu.didi.psnger/com.didi.sdk.receiver.WifiReceiver m=0x108000}]
06-22 23:47:19.217  3004  3558 I am_pss  : [27406,10008,com.android.defcontainer,4196352,2682880,0]
06-22 23:47:22.197  3004  3562 I am_broadcast_discard_app: [0,55609285,android.net.wifi.RSSI_CHANGED,0,ResolveInfo{a06051a com.sdu.didi.psnger/com.didi.sdk.receiver.WifiReceiver m=0x108000}]
06-22 23:47:22.230  3004  3558 I am_pss  : [5723,10071,com.oma.drm.server,3491840,2699264,0]
06-22 23:47:22.268  3004  3558 I am_pss  : [5709,10017,com.baidu.map.location,18638848,16900096,0]
06-22 23:47:22.291  3004  3558 I am_pss  : [5687,1001,com.qualcomm.qti.loadcarrier,3134464,2359296,0]
06-22 23:47:22.311  3004  3558 I am_pss  : [5680,1000,com.alps.lcn,8114176,7106560,0]
06-22 23:47:22.332  3004  3558 I am_pss  : [5549,1000,com.vivo.abe,22876160,21323776,0]
06-22 23:47:22.359  3004  3558 I am_pss  : [4829,1001,com.android.phone,34374656,32002048,0]
06-22 23:47:22.381  3004  3558 I am_pss  : [4812,1000,com.vivo.upslide,82830336,80003072,0]
06-22 23:47:22.396  3004  3558 I am_pss  : [4798,1000,com.android.server.telecom,9577472,8552448,0]
06-22 23:47:22.411  3004  3558 I am_pss  : [4785,1000,.dataservices,11512832,10682368,0]
06-22 23:47:22.433  3004  3558 I am_pss  : [4651,1000,com.vivo.daemonService,45152256,38748160,0]
06-22 23:47:22.461  3004  3558 I am_pss  : [4477,10024,com.android.systemui,79185920,74276864,0]
06-22 23:47:22.518  3004  3558 I am_pss  : [3004,1000,system,119827456,116252672,0]
06-22 23:47:23.104  3004  3004 I notification_enqueue: [1000,5826,com.android.bbklog,2,NULL,0,Notification(pri=0 contentView=null vibrate=null sound=null defaults=0x0 flags=0x2 color=0x00000000 vis=PRIVATE),1]
06-22 23:47:23.109  3004  4826 I notification_autogrouped: 0|com.android.bbklog|2|null|1000
06-22 23:47:23.111  3004 23746 I notification_autogrouped: 0|com.android.bbklog|2|null|1000
06-22 23:47:23.111  3004 23746 I notification_autogrouped: 0|com.android.bbklog|1|null|1000
06-22 23:47:25.203  3004  3562 I am_broadcast_discard_app: [0,112646977,android.net.wifi.RSSI_CHANGED,0,ResolveInfo{7ef58e6 com.sdu.didi.psnger/com.didi.sdk.receiver.WifiReceiver m=0x108000}]
06-22 23:47:25.249  3004  3004 I notification_enqueue: [1000,5826,com.android.bbklog,2,NULL,0,Notification(pri=0 contentView=null vibrate=null sound=null defaults=0x0 flags=0x2 color=0x00000000 vis=PRIVATE),1]
06-22 23:47:25.255  3004  4887 I notification_autogrouped: 0|com.android.bbklog|2|null|1000
06-22 23:47:25.257  3004  4647 I notification_autogrouped: 0|com.android.bbklog|2|null|1000
06-22 23:47:25.257  3004  4647 I notification_autogrouped: 0|com.android.bbklog|1|null|1000
06-22 23:47:26.241  3004  4064 I netstats_mobile_sample: [12015492,14654,1945685,11821,11834636,10321,1851117,11821,11834636,10321,1854417,11888,1498146446241]
06-22 23:47:26.241  3004  4064 I netstats_wifi_sample: [352678632,974676,1502771143,1227104,351662691,820973,1485577678,1226698,351639382,820791,1485613434,1228560,1498146446241]
06-22 23:47:28.218  3004  3562 I am_broadcast_discard_app: [0,147504704,android.net.wifi.RSSI_CHANGED,0,ResolveInfo{9cab179 com.sdu.didi.psnger/com.didi.sdk.receiver.WifiReceiver m=0x108000}]
06-22 23:47:30.063  3004  3004 I notification_enqueue: [1000,5826,com.android.bbklog,2,NULL,0,Notification(pri=0 contentView=null vibrate=null sound=null defaults=0x0 flags=0x2 color=0x00000000 vis=PRIVATE),1]
06-22 23:47:30.065  3004  4224 I am_proc_start: [0,27868,1000,com.bbk.facewake,service,com.bbk.facewake/.FaceWakeService]
06-22 23:47:30.071  3004  4887 I notification_autogrouped: 0|com.android.bbklog|2|null|1000
06-22 23:47:30.072  3004  8331 I notification_autogrouped: 0|com.android.bbklog|2|null|1000
06-22 23:47:30.072  3004  8331 I notification_autogrouped: 0|com.android.bbklog|1|null|1000
06-22 23:47:30.090  3004 13514 I am_proc_bound: [0,27868,com.bbk.facewake]
06-22 23:47:30.240  3004  3566 I am_wtf  : [0,3004,system_server,-1,ActivityManager,Sending non-protected broadcast vivo.intent.action.CHECK_ALERT_WINDOW from system 3004:system/1000 pkg android]
06-22 23:47:30.242  3004  3566 I am_wtf  : [0,3004,system_server,-1,ActivityManager,Sending non-protected broadcast vivo.intent.action.CHECK_ALERT_WINDOW from system 3004:system/1000 pkg android]
06-22 23:47:31.236  3004  3562 I am_broadcast_discard_app: [0,25029353,android.net.wifi.RSSI_CHANGED,0,ResolveInfo{966336e com.sdu.didi.psnger/com.didi.sdk.receiver.WifiReceiver m=0x108000}]
06-22 23:47:31.859  3004  3004 I notification_enqueue: [1000,5826,com.android.bbklog,2,NULL,0,Notification(pri=0 contentView=null vibrate=null sound=null defaults=0x0 flags=0x2 color=0x00000000 vis=PRIVATE),1]
06-22 23:47:31.864  3004  3293 I notification_autogrouped: 0|com.android.bbklog|2|null|1000
06-22 23:47:31.867  3004  3295 I notification_autogrouped: 0|com.android.bbklog|2|null|1000
06-22 23:47:31.867  3004  3295 I notification_autogrouped: 0|com.android.bbklog|1|null|1000
06-22 23:47:34.246  3004  3562 I am_broadcast_discard_app: [0,113331365,android.net.wifi.RSSI_CHANGED,0,ResolveInfo{246187a com.sdu.didi.psnger/com.didi.sdk.receiver.WifiReceiver m=0x108000}]
06-22 23:47:34.282  3004  3558 I am_pss  : [8623,10081,com.vivo.safecenter,7006208,6057984,0]
06-22 23:47:34.326  3004  3558 I am_pss  : [7102,10063,com.iqoo.secure:remote,31418368,30261248,0]
06-22 23:47:34.615  3004  4064 I netstats_mobile_sample: [12015492,14654,1945685,11821,11834636,10321,1851117,11821,11834636,10321,1854417,11888,1498146454615]
06-22 23:47:34.616  3004  4064 I netstats_wifi_sample: [353160394,982535,1523615496,1241254,352144439,828829,1506226891,1240850,352122338,828660,1506289287,1242730,1498146454615]
06-22 23:47:35.458  3004  3004 I notification_enqueue: [10133,25655,com.tencent.mm,4097,NULL,0,Notification(pri=1 contentView=null vibrate=[] sound=null tick defaults=0x0 flags=0x101 color=0x00000000 category=msg vis=PRIVATE),0]
06-22 23:47:35.460  3004  3004 I notification_alert: [0|com.tencent.mm|4097|null|10133,0,0,1]
06-22 23:47:35.470  3004 19683 I notification_autogrouped: 0|com.tencent.mm|4097|null|10133
06-22 23:47:35.471  3004  3004 I notification_enqueue: [10133,25655,com.tencent.mm,2147483647,group_key_override,0,Notification(pri=0 contentView=null vibrate=null sound=null defaults=0x0 flags=0x700 color=0x00000000 groupKey=ranker_bundle vis=PRIVATE),0]
06-22 23:47:35.473  3004  8335 I notification_autogrouped: 0|com.tencent.mm|4097|null|10133
06-22 23:47:35.584  4477  4477 I sysui_count: [note_peek,1]
06-22 23:47:35.596  3004  8336 I notification_panel_revealed: 1
06-22 23:47:35.606  3004 23746 I notification_expansion: [0|com.tencent.mm|4097|null|10133,0,1,149,149,0]
06-22 23:47:35.607  3004  4748 I notification_expansion: [0|com.android.bbklog|2147483647|group_key_override|1000|ranker_bundle,0,0,59951330,59951330,57146]
06-22 23:47:36.139  3004  3004 I notification_enqueue: [1000,5826,com.android.bbklog,2,NULL,0,Notification(pri=0 contentView=null vibrate=null sound=null defaults=0x0 flags=0x2 color=0x00000000 vis=PRIVATE),1]
06-22 23:47:36.147  3004  8330 I notification_autogrouped: 0|com.android.bbklog|2|null|1000
06-22 23:47:36.150  3004  4647 I notification_autogrouped: 0|com.android.bbklog|2|null|1000
06-22 23:47:36.150  3004  4647 I notification_autogrouped: 0|com.android.bbklog|1|null|1000
06-22 23:47:36.354  3004 13517 I notification_visibility: [0|com.tencent.mm|4097|null|10133,1,897,897,0,1]
06-22 23:47:37.258  3004  3562 I am_broadcast_discard_app: [0,145906848,android.net.wifi.RSSI_CHANGED,0,ResolveInfo{fea6059 com.sdu.didi.psnger/com.didi.sdk.receiver.WifiReceiver m=0x108000}]
06-22 23:47:38.302  3004  4050 I am_proc_start: [0,27972,10030,com.bbk.appstore,service,com.bbk.appstore/.update.UpdateService]
06-22 23:47:38.326  3004  3004 I notification_enqueue: [1000,5826,com.android.bbklog,2,NULL,0,Notification(pri=0 contentView=null vibrate=null sound=null defaults=0x0 flags=0x2 color=0x00000000 vis=PRIVATE),1]
06-22 23:47:38.331  3004  8338 I notification_autogrouped: 0|com.android.bbklog|2|null|1000
06-22 23:47:38.334  3004 23749 I notification_autogrouped: 0|com.android.bbklog|2|null|1000
06-22 23:47:38.334  3004 23749 I notification_autogrouped: 0|com.android.bbklog|1|null|1000
06-22 23:47:38.339  3004 13517 I am_proc_bound: [0,27972,com.bbk.appstore]
06-22 23:47:39.067  3004  3887 I power_sleep_requested: 0
06-22 23:47:39.128  3004  3004 I power_screen_state: [0,3,0,0]
06-22 23:47:39.128  3004  3004 I screen_toggled: 0
06-22 23:47:39.128  3004  3004 I sysui_histogram: [screen_timeout,60]
06-22 23:47:39.129  3004  3004 I power_screen_broadcast_send: 1
06-22 23:47:39.168  3004  3004 I am_pause_activity: [0,156690307,com.android.bbklog/.BbkLogActivity]
06-22 23:47:39.229  5826  5826 I am_on_paused_called: [0,com.android.bbklog.BbkLogActivity,handlePauseActivity]
06-22 23:47:39.235  3004  3562 I am_stop_activity: [0,156690307,com.android.bbklog/.BbkLogActivity]
06-22 23:47:39.238  5826  5826 I am_on_stop_called: [0,com.android.bbklog.BbkLogActivity,sleeping]
06-22 23:47:39.241  3004  4843 I notification_visibility: [0|com.tencent.mm|4097|null|10133,0,3784,3784,0,1]
06-22 23:47:39.242  3004 13517 I notification_panel_hidden: []
06-22 23:47:39.329  3004  3562 I am_wtf  : [0,3004,system_server,-1,KernelWakelockReader,neither /proc/wakelocks nor /d/wakeup_sources exists]
06-22 23:47:39.429  3004  8334 I am_wtf  : [0,3004,system_server,-1,ActivityManager,Sending non-protected broadcast com.vivo.updater.action.SCREEN_OFF from system 4651:com.vivo.daemonService/1000 pkg com.vivo.daemonService]
06-22 23:47:39.455  3004  3562 I am_proc_start: [0,28033,10088,com.bbk.updater,broadcast,com.bbk.updater/.receiver.ScreenActionRecorder]
06-22 23:47:39.466  3004 13514 I am_proc_bound: [0,28033,com.bbk.updater]
06-22 23:47:39.475  3004 13515 I notification_expansion: [0|com.tencent.mm|4097|null|10133,0,0,4018,4018,3121]
06-22 23:47:39.647   511   511 I sf_frame_dur: [SurfaceView - ,1,1,75,4,0,1,0]
06-22 23:47:39.741  3004  3004 I power_screen_broadcast_done: [0,611,1]
06-22 23:47:41.442  3004  3562 I am_wtf  : [0,4651,system_server,-1,KernelWakelockReader,neither /proc/wakelocks nor /d/wakeup_sources exists]
06-22 23:47:41.506  3004  3562 I am_wtf  : [0,4651,system_server,-1,KernelWakelockReader,neither /proc/wakelocks nor /d/wakeup_sources exists]
06-22 23:47:41.673  3004  3004 I notification_cancel_all: [1000,3004,com.android.mtp,0,0,0,5,NULL]
06-22 23:47:41.707  3004  3562 I am_broadcast_discard_app: [0,164724034,android.intent.action.PACKAGE_RESTARTED,0,ResolveInfo{568a153 com.tencent.android.qqdownloader/com.tencent.assistant.localres.localapk.PackageChangedReceiver p=2147483647 m=0x208000}]
