06-22 23:21:18.561  3004  3558 I am_pss  : [5578,1000,com.qti.service.colorservice,3537920,2895872,0]
06-22 23:21:18.586  3004  3558 I am_pss  : [6647,99000,com.vivo.browser:sandboxed_process0,136590336,126406656,0]
06-22 23:21:18.613  3004  3558 I am_pss  : [7611,10133,com.tencent.mm:tools,50520064,46448640,0]
06-22 23:21:18.629  3004  3558 I am_pss  : [7412,1000,com.vivo.permissionmanager,14678016,13950976,0]
06-22 23:21:18.646  3004  3558 I am_pss  : [5937,10011,android.process.media,30154752,29257728,0]
06-22 23:21:18.663  3004  3558 I am_pss  : [4886,10064,com.bbk.iqoo.logsystem,19878912,19103744,0]
06-22 23:21:18.678  3004  3558 I am_pss  : [15157,10041,com.android.BBKClock,4422656,3428352,0]
06-22 23:21:18.695  3004  3558 I am_pss  : [4729,10002,android.process.acore,19556352,18558976,0]
06-22 23:21:18.710  3004  3558 I am_pss  : [4252,1000,com.vivo.appfilter,14940160,14233600,0]
06-22 23:21:18.725  3004  3558 I am_pss  : [6840,1000,com.vivo.wifi.networkdetect,5201920,4554752,0]
06-22 23:21:18.747  3004  3558 I am_pss  : [13378,10171,com.sie.mp:pushservice,23713792,21823488,0]
06-22 23:21:18.768  3004  3558 I am_pss  : [6900,10055,com.vivo.devicereg,22471680,21610496,0]
06-22 23:21:18.782  3004  3558 I am_pss  : [8019,10028,com.vivo.audiofx,4231168,3592192,0]
06-22 23:21:18.798  3004  3558 I am_pss  : [4696,1000,com.vivo.smartmultiwindow,20384768,19386368,0]
06-22 23:21:18.814  3004  3558 I am_pss  : [6686,1000,com.vivo.abe:pushservice_v1,12547072,11558912,0]
06-22 23:21:18.829  3004  3558 I am_pss  : [6351,10013,android.ext.services,4749312,3739648,0]
06-22 23:21:18.845  3004  3558 I am_pss  : [5092,10066,com.vivo.magazine,11363328,10551296,0]
06-22 23:21:18.859  3004  3558 I am_pss  : [30592,1000,com.volte.config,2911232,2146304,0]
06-22 23:21:18.874  3004  3558 I am_pss  : [5080,10002,com.vivo.sim.contacts,7982080,7282688,0]
06-22 23:21:18.891  3004  3558 I am_pss  : [4664,1000,com.android.settings,11338752,10358784,0]
06-22 23:21:18.905  3004  3558 I am_pss  : [8226,1000,org.simalliance.openmobileapi.service:remote,3189760,2568192,0]
06-22 23:21:18.920  3004  3558 I am_pss  : [5138,1001,com.qualcomm.qcrilmsgtunnel,11405312,10772480,0]
06-22 23:21:18.934  3004  3558 I am_pss  : [7263,1000,com.qualcomm.display,2950144,2347008,0]
06-22 23:21:18.954  3004  3558 I am_pss  : [4453,1002,com.android.bluetooth,10569728,8884224,0]
06-22 23:21:19.835  3004  3562 I am_proc_start: [0,16363,10098,com.vivo.gallery,service,com.vivo.gallery/com.android.gallery3d.vivo.classify.ClassifyService]
06-22 23:21:19.859  3004  8335 I am_proc_bound: [0,16363,com.vivo.gallery]
06-22 23:21:20.268  3004  3562 I am_broadcast_discard_app: [0,100539767,android.net.wifi.RSSI_CHANGED,0,ResolveInfo{b36fde4 com.sdu.didi.psnger/com.didi.sdk.receiver.WifiReceiver m=0x108000}]
06-22 23:21:20.291  3004  3558 I am_pss  : [15183,10088,com.bbk.updater,7706624,6057984,0]
06-22 23:21:23.286  3004  3562 I am_broadcast_discard_app: [0,263002643,android.net.wifi.RSSI_CHANGED,0,ResolveInfo{8581450 com.sdu.didi.psnger/com.didi.sdk.receiver.WifiReceiver m=0x108000}]
06-22 23:21:26.297  3004  3562 I am_broadcast_discard_app: [0,3286396,android.net.wifi.RSSI_CHANGED,0,ResolveInfo{6adee05 com.sdu.didi.psnger/com.didi.sdk.receiver.WifiReceiver m=0x108000}]
06-22 23:21:26.352  3004  3558 I am_pss  : [5826,1000,com.android.bbklog,27489280,25370624,0]
06-22 23:21:26.395  3004  3558 I am_pss  : [15390,10044,com.vivo.weather.location,7990272,3788800,0]
06-22 23:21:26.427  3004  3558 I am_pss  : [8992,10097,com.vivo.widget,3713024,2830336,0]
06-22 23:21:29.305  3004  3562 I am_broadcast_discard_app: [0,81833475,android.net.wifi.RSSI_CHANGED,0,ResolveInfo{2013180 com.sdu.didi.psnger/com.didi.sdk.receiver.WifiReceiver m=0x108000}]
06-22 23:21:29.355  3004  3558 I am_pss  : [5780,10034,com.bbk.launcher2,76748800,73547776,0]
06-22 23:21:29.370  3004  3558 I am_pss  : [8051,1000,com.iqoo.engineermode,11012096,9555968,0]
06-22 23:21:29.387  3004  3558 I am_pss  : [28431,10009,com.android.dialer,26416128,24834048,0]
06-22 23:21:29.405  3004  3558 I am_pss  : [5265,10016,com.android.mms,24337408,22847488,0]
06-22 23:21:29.422  3004  3558 I am_pss  : [30222,10002,com.android.contacts,18701312,17539072,0]
06-22 23:21:29.436  3004  3558 I am_pss  : [5640,1000,com.vivo.doubleinstance,3819520,3137536,0]
06-22 23:21:29.454  3004  3558 I am_pss  : [8247,10133,com.tencent.mm:exdevice,15269888,13234176,0]
06-22 23:21:29.473  3004  3558 I am_pss  : [6775,10133,com.tencent.mm:push,20578304,17989632,0]
06-22 23:21:29.489  3004  3558 I am_pss  : [15146,10093,com.android.camera,9994240,7925760,0]
06-22 23:21:29.505  3004  3558 I am_pss  : [15324,10018,com.vivo.numbermark,5309440,3727360,0]
06-22 23:21:29.521  3004  3558 I am_pss  : [12547,10002,com.android.calllogbackup,3109888,2514944,0]
06-22 23:21:29.535  3004  3558 I am_pss  : [26631,1000,com.qualcomm.qti.RIDL,2843648,2203648,0]
06-22 23:21:29.553   511   511 I sf_frame_dur: [InputMethod,75,22,21,38,17,3,1]
06-22 23:21:29.845  3004  3562 I am_proc_start: [0,16401,1000,com.qualcomm.qti.appnetaccess,service,com.qualcomm.qti.appnetaccess/.AppNetAccessService]
06-22 23:21:29.885  3004  8333 I am_proc_bound: [0,16401,com.qualcomm.qti.appnetaccess]
06-22 23:21:29.906  3004  3558 I am_pss  : [15967,1000,com.android.fuelsummary,5106688,3538944,0]
06-22 23:21:30.435  3004  3562 I am_proc_start: [0,16414,10133,com.tencent.mm:appbrand0,broadcast,com.tencent.mm/.plugin.appbrand.task.AppBrandTaskPreloadReceiver]
06-22 23:21:30.457  3004  8333 I am_proc_bound: [0,16414,com.tencent.mm:appbrand0]
06-22 23:21:30.675  3004 23747 I wm_task_moved: [6,0,0]
06-22 23:21:30.684  3004 23747 I am_focused_stack: [0,0,1,moveTaskToBackAndShowHome resumeHomeStackTask setFocusedActivity]
06-22 23:21:30.685  3004 23747 I wm_task_moved: [2,1,1]
06-22 23:21:30.690  3004 23747 I am_focused_activity: [0,com.bbk.launcher2/.Launcher,moveTaskToBackAndShowHome resumeHomeStackTask]
06-22 23:21:30.726  3004 23747 I am_pause_activity: [0,214386446,com.tencent.mm/.ui.LauncherUI]
06-22 23:21:30.800  6034  6034 I am_on_paused_called: [0,com.tencent.mm.ui.LauncherUI,handlePauseActivity]
06-22 23:21:30.813  3004  8338 I am_resume_activity: [0,64329445,2,com.bbk.launcher2/.Launcher]
06-22 23:21:30.842  3004 19682 I am_proc_start: [0,16431,10133,com.tencent.mm:recovery,service,com.tencent.mm/com.tencent.recovery.service.RecoveryReportService]
06-22 23:21:30.844  3004  3562 I sysui_count: [window_time_0,24]
06-22 23:21:30.853  5780  5780 I am_on_resume_called: [0,com.bbk.launcher2.Launcher,RESUME_ACTIVITY]
06-22 23:21:30.881  3004 23745 I am_proc_bound: [0,16431,com.tencent.mm:recovery]
06-22 23:21:31.194  3004  3562 I am_stop_activity: [0,214386446,com.tencent.mm/.ui.LauncherUI]
06-22 23:21:31.200  6034  6034 I am_on_stop_called: [0,com.tencent.mm.ui.LauncherUI,handleStopActivity]
06-22 23:21:31.273   511   511 I sf_frame_dur: [com.tencent.mm/com.tencent.mm.ui.LauncherUI,82,14,7,6,29,13,0]
06-22 23:21:31.791  3004  8330 I am_new_intent: [0,126104155,11,com.android.dialer/.TwelveKeyDialer,android.intent.action.MAIN,NULL,NULL,807403520]
06-22 23:21:31.791  3004  8330 I am_focused_stack: [0,1,0,bringingFoundTaskToFront setFocusedActivity]
06-22 23:21:31.791  3004  8330 I wm_task_moved: [11,1,9]
06-22 23:21:31.793  3004  8330 I am_focused_activity: [0,com.android.dialer/.TwelveKeyDialer,bringingFoundTaskToFront]
06-22 23:21:31.794  3004  8330 I am_pause_activity: [0,64329445,com.bbk.launcher2/.Launcher]
06-22 23:21:31.795  3004  8330 I am_task_to_front: [0,11]
06-22 23:21:31.797  3004  8330 I sysui_action: [323,com.android.dialer/.TwelveKeyDialer]
06-22 23:21:31.797  3004  8330 I sysui_action: [324,true]
06-22 23:21:31.797  3004  8330 I sysui_action: [325,23559]
06-22 23:21:31.803  5780  5780 I am_on_paused_called: [0,com.bbk.launcher2.Launcher,handlePauseActivity]
06-22 23:21:31.813  3004 13515 I am_resume_activity: [0,44348557,11,com.android.dialer/.TwelveKeyDialer]
06-22 23:21:31.818  3004  3562 I sysui_count: [window_time_0,1]
06-22 23:21:31.944 28431 28431 I am_on_resume_called: [0,com.android.dialer.TwelveKeyDialer,RESUME_ACTIVITY]
06-22 23:21:32.105  3004  3883 I sysui_action: [320,2]
06-22 23:21:32.105  3004  3883 I sysui_action: [319,341]
06-22 23:21:32.105  3004  3883 I sysui_action: [322,341]
06-22 23:21:32.276  3004 13517 I am_wtf  : [0,3004,system_server,-1,ActivityManager,Sending non-protected broadcast launcher.action.CHANGE_APPLICATION_NOTIFICATION_NUM from system 4829:com.android.phone/1001 pkg com.android.phone]
06-22 23:21:32.279  3004 19682 I am_wtf  : [0,3004,system_server,-1,ActivityManager,Sending non-protected broadcast android.no.read.BBKLockScreen.INCALL from system 4829:com.android.phone/1001 pkg com.android.phone]
06-22 23:21:32.281  3004 19682 I am_wtf  : [0,3004,system_server,-1,ActivityManager,Sending non-protected broadcast android.no.read.BBKLockScreen.INCALL from system 4829:com.android.phone/1001 pkg com.android.phone]
06-22 23:21:32.381  3004  3562 I am_stop_activity: [0,64329445,com.bbk.launcher2/.Launcher]
06-22 23:21:32.387  5780  5780 I am_on_stop_called: [0,com.bbk.launcher2.Launcher,handleStopActivity]
06-22 23:21:32.409   511   511 I sf_frame_dur: [com.bbk.launcher2/com.bbk.launcher2.Launcher,0,1,0,1,2,0,0]
06-22 23:21:33.853  3004  4488 I am_broadcast_discard_app: [0,100076597,android.net.wifi.RSSI_CHANGED,0,ResolveInfo{5e688ca com.sdu.didi.psnger/com.didi.sdk.receiver.WifiReceiver m=0x108000}]
06-22 23:21:33.980  3004 13515 I wm_task_moved: [26,1,9]
06-22 23:21:33.983  3004 13515 I am_focused_activity: [0,com.iqoo.engineermode/.verifytest.EngineerVerifyTest,bringingFoundTaskToFront]
06-22 23:21:34.009  3004 13515 I am_pause_activity: [0,44348557,com.android.dialer/.TwelveKeyDialer]
06-22 23:21:34.015 28431 28431 I am_on_paused_called: [0,com.android.dialer.TwelveKeyDialer,handlePauseActivity]
06-22 23:21:34.016  3004 13515 I am_task_to_front: [0,26]
06-22 23:21:34.019  3004 13515 I sysui_action: [323,com.iqoo.engineermode/.verifytest.EngineerVerifyTest]
06-22 23:21:34.019  3004 13515 I sysui_action: [324,true]
06-22 23:21:34.019  3004 13515 I sysui_action: [325,23561]
06-22 23:21:34.025  3004  8335 I am_resume_activity: [0,86693085,26,com.iqoo.engineermode/.verifytest.EngineerVerifyTest]
06-22 23:21:34.031  3004  3562 I sysui_count: [window_time_0,2]
06-22 23:21:34.048  8051  8051 I am_on_resume_called: [0,com.iqoo.engineermode.verifytest.EngineerVerifyTest,RESUME_ACTIVITY]
06-22 23:21:34.113  3004  3883 I sysui_action: [320,2]
06-22 23:21:34.113  3004  3883 I sysui_action: [319,152]
06-22 23:21:34.114  3004  3883 I sysui_action: [322,153]
06-22 23:21:34.418  3004  3562 I am_stop_activity: [0,44348557,com.android.dialer/.TwelveKeyDialer]
06-22 23:21:34.423 28431 28431 I am_on_stop_called: [0,com.android.dialer.TwelveKeyDialer,handleStopActivity]
06-22 23:21:34.447   511   511 I sf_frame_dur: [com.android.dialer/com.android.dialer.TwelveKeyDialer,39,5,1,3,1,0,0]
06-22 23:21:34.995  3004  4844 I am_new_intent: [0,219692419,27,com.android.bbklog/.BbkLogActivity,NULL,NULL,NULL,276824064]
06-22 23:21:34.996  3004  4844 I wm_task_moved: [27,1,9]
06-22 23:21:34.997  3004  4844 I am_focused_activity: [0,com.android.bbklog/.BbkLogActivity,bringingFoundTaskToFront]
06-22 23:21:35.012  3004  4844 I am_pause_activity: [0,86693085,com.iqoo.engineermode/.verifytest.EngineerVerifyTest]
06-22 23:21:35.014  3004  4844 I am_task_to_front: [0,27]
06-22 23:21:35.015  3004  4844 I sysui_action: [323,com.android.bbklog/.BbkLogActivity]
06-22 23:21:35.015  3004  4844 I sysui_action: [324,true]
06-22 23:21:35.015  3004  4844 I sysui_action: [325,23562]
06-22 23:21:35.020  8051  8051 I am_on_paused_called: [0,com.iqoo.engineermode.verifytest.EngineerVerifyTest,handlePauseActivity]
06-22 23:21:35.029  3004  4854 I am_resume_activity: [0,35717751,27,com.android.bbklog/.BbkLogActivity]
06-22 23:21:35.053  3004  3562 I sysui_count: [window_time_0,1]
06-22 23:21:35.074  5826  5826 I am_on_resume_called: [0,com.android.bbklog.BbkLogActivity,RESUME_ACTIVITY]
06-22 23:21:35.117  3004  3883 I sysui_action: [320,2]
06-22 23:21:35.117  3004  3883 I sysui_action: [319,129]
06-22 23:21:35.117  3004  3883 I sysui_action: [322,129]
06-22 23:21:35.336  3004  3562 I am_broadcast_discard_app: [0,218012246,android.net.wifi.RSSI_CHANGED,0,ResolveInfo{ff21ad7 com.sdu.didi.psnger/com.didi.sdk.receiver.WifiReceiver m=0x108000}]
06-22 23:21:35.426  3004  3562 I am_stop_activity: [0,86693085,com.iqoo.engineermode/.verifytest.EngineerVerifyTest]
06-22 23:21:35.431  8051  8051 I am_on_stop_called: [0,com.iqoo.engineermode.verifytest.EngineerVerifyTest,handleStopActivity]
06-22 23:21:35.449   511   511 I sf_frame_dur: [com.iqoo.engineermode/com.iqoo.engineermode.verifytest.EngineerVerifyTest,7,1,0,0,0,1,0]
06-22 23:21:35.519  3004  8333 I am_proc_start: [0,16628,10044,com.vivo.weather:remote,service,com.vivo.weather/com.baidu.location.f]
06-22 23:21:35.533  3004  4409 I am_proc_bound: [0,16628,com.vivo.weather:remote]
06-22 23:21:38.354  3004  3562 I am_broadcast_discard_app: [0,102899010,android.net.wifi.RSSI_CHANGED,0,ResolveInfo{47cc153 com.sdu.didi.psnger/com.didi.sdk.receiver.WifiReceiver m=0x108000}]
06-22 23:21:40.833  3004  3558 I am_pss  : [16363,10098,com.vivo.gallery,10167296,6426624,0]
06-22 23:21:41.367  3004  3562 I am_broadcast_discard_app: [0,143138735,android.net.wifi.RSSI_CHANGED,0,ResolveInfo{bf6ffbc com.sdu.didi.psnger/com.didi.sdk.receiver.WifiReceiver m=0x108000}]
06-22 23:21:43.820  3004  3004 I notification_enqueue: [10133,6034,com.tencent.mm,4097,NULL,0,Notification(pri=1 contentView=null vibrate=[] sound=null tick defaults=0x0 flags=0x101 color=0x00000000 category=msg vis=PRIVATE),0]
06-22 23:21:43.829  3004  3004 I notification_alert: [0|com.tencent.mm|4097|null|10133,0,0,1]
06-22 23:21:43.857  3004  4826 I notification_autogrouped: 0|com.tencent.mm|4097|null|10133
06-22 23:21:43.861  3004  3004 I notification_enqueue: [10133,6034,com.tencent.mm,2147483647,group_key_override,0,Notification(pri=0 contentView=null vibrate=null sound=null defaults=0x0 flags=0x700 color=0x00000000 groupKey=ranker_bundle vis=PRIVATE),0]
06-22 23:21:43.865  3004 13515 I notification_autogrouped: 0|com.tencent.mm|4097|null|10133
06-22 23:21:43.990  4477  4477 I sysui_count: [note_peek,1]
06-22 23:21:44.023  3004  8333 I notification_panel_revealed: 1
06-22 23:21:44.035  3004  8334 I notification_expansion: [0|com.tencent.mm|4097|null|10133,0,1,215,215,0]
06-22 23:21:44.036  3004 23746 I notification_expansion: [0|com.android.bbklog|2147483647|group_key_override|1000|ranker_bundle,0,0,58399759,58399759,169390]
06-22 23:21:44.388  3004  3562 I am_broadcast_discard_app: [0,109075186,android.net.wifi.RSSI_CHANGED,0,ResolveInfo{988a543 com.sdu.didi.psnger/com.didi.sdk.receiver.WifiReceiver m=0x108000}]
06-22 23:21:44.814  3004  8338 I notification_visibility: [0|com.tencent.mm|4097|null|10133,1,994,994,0,1]
06-22 23:21:47.403  3004  3562 I am_broadcast_discard_app: [0,263533630,android.net.wifi.RSSI_CHANGED,0,ResolveInfo{c06529f com.sdu.didi.psnger/com.didi.sdk.receiver.WifiReceiver m=0x108000}]
06-22 23:21:47.461  3004  3558 I am_pss  : [5826,1000,com.android.bbklog,26873856,24776704,0]
06-22 23:21:49.775  3004  4488 I notification_expansion: [0|com.tencent.mm|4097|null|10133,0,0,5955,5955,4961]
06-22 23:21:49.815  3004 23741 I notification_visibility: [0|com.tencent.mm|4097|null|10133,0,5995,5995,0,1]
06-22 23:21:49.818  3004  8333 I notification_panel_hidden: []
06-22 23:21:50.421  3004  3562 I am_broadcast_discard_app: [0,126319035,android.net.wifi.RSSI_CHANGED,0,ResolveInfo{d67fed8 com.sdu.didi.psnger/com.didi.sdk.receiver.WifiReceiver m=0x108000}]
06-22 23:21:50.465  3004  3558 I am_pss  : [16401,1000,com.qualcomm.qti.appnetaccess,3617792,2588672,0]
06-22 23:21:53.435  3004  3562 I am_broadcast_discard_app: [0,2750103,android.net.wifi.RSSI_CHANGED,0,ResolveInfo{aca3084 com.sdu.didi.psnger/com.didi.sdk.receiver.WifiReceiver m=0x108000}]
06-22 23:21:53.493  3004  3558 I am_pss  : [5780,10034,com.bbk.launcher2,79161344,75988992,0]
06-22 23:21:53.557  3004  3558 I am_pss  : [6034,10133,com.tencent.mm,161485824,154001408,0]
06-22 23:21:53.573  3004  3558 I am_pss  : [5640,1000,com.vivo.doubleinstance,3791872,3137536,0]
06-22 23:21:53.591  3004  3558 I am_pss  : [8247,10133,com.tencent.mm:exdevice,14912512,13189120,0]
06-22 23:21:53.607  3004  3558 I am_pss  : [16431,10133,com.tencent.mm:recovery,16659456,8925184,0]
06-22 23:21:53.624  3004  3558 I am_pss  : [6775,10133,com.tencent.mm:push,19637248,17498112,0]
06-22 23:21:53.883  3004 19682 I notification_expansion: [0|com.tencent.mm|2147483647|group_key_override|10133|ranker_bundle,0,1,10025,10025,0]
06-22 23:21:56.453  3004  3562 I am_broadcast_discard_app: [0,117166320,android.net.wifi.RSSI_CHANGED,0,ResolveInfo{c814669 com.sdu.didi.psnger/com.didi.sdk.receiver.WifiReceiver m=0x108000}]
06-22 23:21:56.495  3004  3558 I am_pss  : [16628,10044,com.vivo.weather:remote,11554816,6529024,0]
06-22 23:21:56.540  3004  3558 I am_pss  : [4729,10002,android.process.acore,19798016,18767872,0]
06-22 23:21:59.471  3004  3562 I am_broadcast_discard_app: [0,258280476,android.net.wifi.RSSI_CHANGED,0,ResolveInfo{15ee025 com.sdu.didi.psnger/com.didi.sdk.receiver.WifiReceiver m=0x108000}]
06-22 23:22:02.486  3004  3562 I am_broadcast_discard_app: [0,73380743,android.net.wifi.RSSI_CHANGED,0,ResolveInfo{6dcc2b4 com.sdu.didi.psnger/com.didi.sdk.receiver.WifiReceiver m=0x108000}]
06-22 23:22:02.557  3004  3558 I am_pss  : [16414,10133,com.tencent.mm:appbrand0,64288768,53514240,0]
06-22 23:22:02.596  3004  3558 I am_pss  : [15291,10045,com.vivo.weather.provider,9791488,8491008,0]
06-22 23:22:03.916  3004  3562 I am_wtf  : [0,4651,system_server,-1,KernelWakelockReader,neither /proc/wakelocks nor /d/wakeup_sources exists]
06-22 23:22:05.502  3004  3562 I am_broadcast_discard_app: [0,131946016,android.net.wifi.RSSI_CHANGED,0,ResolveInfo{63b9bd9 com.sdu.didi.psnger/com.didi.sdk.receiver.WifiReceiver m=0x108000}]
06-22 23:22:05.548  3004  3558 I am_pss  : [8051,1000,com.iqoo.engineermode,11678720,9818112,0]
06-22 23:22:05.584  3004  3558 I am_pss  : [28431,10009,com.android.dialer,26056704,23928832,0]
06-22 23:22:08.517  3004  3562 I am_broadcast_discard_app: [0,244429900,android.net.wifi.RSSI_CHANGED,0,ResolveInfo{7c11c95 com.sdu.didi.psnger/com.didi.sdk.receiver.WifiReceiver m=0x108000}]
06-22 23:22:11.536  3004  3562 I am_broadcast_discard_app: [0,139184440,android.net.wifi.RSSI_CHANGED,0,ResolveInfo{8e3ed11 com.sdu.didi.psnger/com.didi.sdk.receiver.WifiReceiver m=0x108000}]
06-22 23:22:11.586  3004  3558 I am_pss  : [15324,10018,com.vivo.numbermark,5453824,3817472,0]
06-22 23:22:14.552  3004  3562 I am_broadcast_discard_app: [0,59785444,android.net.wifi.RSSI_CHANGED,0,ResolveInfo{c89494d com.sdu.didi.psnger/com.didi.sdk.receiver.WifiReceiver m=0x108000}]
06-22 23:22:15.559  3004  3004 I free_storage_changed: 30149337088
06-22 23:22:17.570  3004  3562 I am_broadcast_discard_app: [0,8554320,android.net.wifi.RSSI_CHANGED,0,ResolveInfo{4ae2d49 com.sdu.didi.psnger/com.didi.sdk.receiver.WifiReceiver m=0x108000}]
06-22 23:22:20.588  3004  3562 I am_broadcast_discard_app: [0,202426492,android.net.wifi.RSSI_CHANGED,0,ResolveInfo{c235505 com.sdu.didi.psnger/com.didi.sdk.receiver.WifiReceiver m=0x108000}]
06-22 23:22:23.605  3004  3562 I am_broadcast_discard_app: [0,31453288,android.net.wifi.RSSI_CHANGED,0,ResolveInfo{93c81 com.sdu.didi.psnger/com.didi.sdk.receiver.WifiReceiver m=0x108000}]
06-22 23:22:25.933  3004  4224 I am_proc_start: [0,16865,1000,com.bbk.facewake,service,com.bbk.facewake/.FaceWakeService]
06-22 23:22:25.960  3004 13515 I am_proc_bound: [0,16865,com.bbk.facewake]
06-22 23:22:26.175  3004  3566 I am_wtf  : [0,3004,system_server,-1,ActivityManager,Sending non-protected broadcast vivo.intent.action.CHECK_ALERT_WINDOW from system 3004:system/1000 pkg android]
06-22 23:22:26.177  3004  3566 I am_wtf  : [0,3004,system_server,-1,ActivityManager,Sending non-protected broadcast vivo.intent.action.CHECK_ALERT_WINDOW from system 3004:system/1000 pkg android]
06-22 23:22:26.621  3004  3562 I am_broadcast_discard_app: [0,26822641,android.net.wifi.RSSI_CHANGED,0,ResolveInfo{7953fd6 com.sdu.didi.psnger/com.didi.sdk.receiver.WifiReceiver m=0x108000}]
06-22 23:22:29.632  3004  3562 I am_broadcast_discard_app: [0,166294061,android.net.wifi.RSSI_CHANGED,0,ResolveInfo{4fd8362 com.sdu.didi.psnger/com.didi.sdk.receiver.WifiReceiver m=0x108000}]
06-22 23:22:32.641  3004  3562 I am_broadcast_discard_app: [0,263484334,android.net.wifi.RSSI_CHANGED,0,ResolveInfo{1a8754f com.sdu.didi.psnger/com.didi.sdk.receiver.WifiReceiver m=0x108000}]
06-22 23:22:33.007  3004  3004 I notification_enqueue: [10133,6034,com.tencent.mm,4098,NULL,0,Notification(pri=1 contentView=null vibrate=[] sound=null tick defaults=0x0 flags=0x101 color=0x00000000 category=msg vis=PRIVATE),0]
06-22 23:22:33.010  3004  3004 I notification_alert: [0|com.tencent.mm|4098|null|10133,0,0,1]
06-22 23:22:33.017  3004 19683 I notification_autogrouped: 0|com.tencent.mm|4098|null|10133
06-22 23:22:33.020  3004  4826 I notification_autogrouped: 0|com.tencent.mm|4098|null|10133
06-22 23:22:33.020  3004  4826 I notification_autogrouped: 0|com.tencent.mm|4097|null|10133
06-22 23:22:33.111  4477  4477 I sysui_count: [note_peek,1]
06-22 23:22:33.121  3004  8333 I notification_panel_revealed: 1
06-22 23:22:33.131  3004  8330 I notification_expansion: [0|com.tencent.mm|4098|null|10133,0,1,123,123,0]
06-22 23:22:33.867  3004  4843 I notification_visibility: [0|com.tencent.mm|4098|null|10133,1,860,860,0,1]
06-22 23:22:34.865  3004  3887 I power_sleep_requested: 0
06-22 23:22:34.865  3004  3004 I power_screen_state: [0,3,0,0]
06-22 23:22:34.865  3004  3004 I screen_toggled: 0
06-22 23:22:34.900  3004  3004 I sysui_histogram: [screen_timeout,60]
06-22 23:22:34.901  3004  3004 I power_screen_broadcast_send: 1
06-22 23:22:34.946  3004  3004 I am_pause_activity: [0,35717751,com.android.bbklog/.BbkLogActivity]
06-22 23:22:34.994  5826  5826 I am_on_paused_called: [0,com.android.bbklog.BbkLogActivity,handlePauseActivity]
06-22 23:22:35.034  3004  3562 I am_stop_activity: [0,35717751,com.android.bbklog/.BbkLogActivity]
06-22 23:22:35.037  5826  5826 I am_on_stop_called: [0,com.android.bbklog.BbkLogActivity,sleeping]
06-22 23:22:35.043  3004  3562 I am_wtf  : [0,3004,system_server,-1,KernelWakelockReader,neither /proc/wakelocks nor /d/wakeup_sources exists]
06-22 23:22:35.112  3004 23746 I am_wtf  : [0,3004,system_server,-1,ActivityManager,Sending non-protected broadcast com.vivo.updater.action.SCREEN_OFF from system 4651:com.vivo.daemonService/1000 pkg com.vivo.daemonService]
06-22 23:22:35.128  3004  8330 I notification_visibility: [0|com.tencent.mm|4098|null|10133,0,2121,2121,0,1]
06-22 23:22:35.130  3004  4488 I notification_panel_hidden: []
06-22 23:22:35.380   511   511 I sf_frame_dur: [SurfaceView - ,1,6,100,1,0,0,0]
06-22 23:22:35.423  3004  3004 I power_screen_broadcast_done: [0,523,1]
06-22 23:22:40.397  4477  4477 I sysui_view_visibility: [111,100]
06-22 23:22:40.414  4477  4477 I sysui_status_bar_state: [1,1,0,0,0,1]
06-22 23:22:40.466  3004 13516 I notification_expansion: [0|com.tencent.mm|4098|null|10133,0,0,7459,7459,6599]
06-22 23:22:40.467  3004  4826 I notification_expansion: [0|com.tencent.mm|2147483647|group_key_override|10133|ranker_bundle,0,1,56609,56609,0]
06-22 23:22:40.468  3004  8327 I notification_expansion: [0|com.android.bbklog|2147483647|group_key_override|1000|ranker_bundle,0,0,58456191,58456191,225822]
06-22 23:22:49.139  3004  3004 I notification_enqueue: [1000,5826,com.android.bbklog,4,NULL,0,Notification(pri=0 contentView=null vibrate=null sound=null defaults=0x0 flags=0x2 color=0x00000000 vis=PRIVATE),1]
06-22 23:22:49.149  3004 19683 I notification_autogrouped: 0|com.android.bbklog|1|null|1000
06-22 23:22:49.150  3004 13517 I notification_autogrouped: 0|com.android.bbklog|1|null|1000
06-22 23:22:49.150  3004 13517 I notification_autogrouped: 0|com.android.bbklog|4|null|1000
06-22 23:22:49.258  3004  3004 I notification_canceled: [0|com.android.bbklog|4|null|1000,8,116949,119,0]
06-22 23:22:49.279  3004  3004 I notification_enqueue: [1000,5826,com.android.bbklog,2,NULL,0,Notification(pri=0 contentView=null vibrate=null sound=null defaults=0x0 flags=0x2 color=0x00000000 vis=PRIVATE),0]
06-22 23:22:49.280  3004  3558 I am_pss  : [7102,10063,com.iqoo.secure:remote,32946176,32010240,0]
06-22 23:22:49.282  3004  3004 I notification_enqueue: [1000,5826,com.android.bbklog,2,NULL,0,Notification(pri=0 contentView=null vibrate=null sound=null defaults=0x0 flags=0x2 color=0x00000000 vis=PRIVATE),1]
06-22 23:22:49.285  3004  3293 I notification_autogrouped: 0|com.android.bbklog|2|null|1000
06-22 23:22:49.291  3004  4748 I notification_autogrouped: 0|com.android.bbklog|2|null|1000
06-22 23:22:49.291  3004  4748 I notification_autogrouped: 0|com.android.bbklog|1|null|1000
06-22 23:22:49.292  3004  8331 I notification_autogrouped: 0|com.android.bbklog|2|null|1000
06-22 23:22:49.295  3004  4826 I notification_autogrouped: 0|com.android.bbklog|2|null|1000
06-22 23:22:49.295  3004  4826 I notification_autogrouped: 0|com.android.bbklog|1|null|1000
06-22 23:22:50.272  3004 13514 I battery_level: [77,4055,332]
06-22 23:22:50.302  3004  3562 I am_wtf  : [0,3004,system_server,-1,KernelWakelockReader,neither /proc/wakelocks nor /d/wakeup_sources exists]
06-22 23:22:56.694  3004  4058 I sysui_histogram: [power_double_tap_interval,163105]
06-22 23:22:56.713  3004  3004 I power_screen_state: [1,0,0,0]
06-22 23:22:56.713  3004  3004 I screen_toggled: 1
06-22 23:22:56.716  3004  3562 I am_wtf  : [0,3004,system_server,-1,KernelWakelockReader,neither /proc/wakelocks nor /d/wakeup_sources exists]
06-22 23:22:56.717  3004  3004 I power_screen_broadcast_send: 1
06-22 23:22:56.717  4477  4477 I sysui_histogram: [note_load,7]
06-22 23:22:56.718  3004  8339 I notification_panel_revealed: 7
06-22 23:22:56.718  3004  8336 I notification_visibility: [0|com.tencent.mm|4098|null|10133,1,23711,23711,0,2]
06-22 23:22:56.718  3004  8336 I notification_visibility: [0|com.tencent.mm|2147483647|group_key_override|10133|ranker_bundle,1,72860,72860,0,1]
06-22 23:22:56.828  3004  3558 I am_pss  : [5826,1000,com.android.bbklog,29401088,27324416,0]
06-22 23:22:56.886  3004 23747 I am_wtf  : [0,3004,system_server,-1,ActivityManager,Sending non-protected broadcast com.vivo.updater.action.SCREEN_ON from system 4651:com.vivo.daemonService/1000 pkg com.vivo.daemonService]
06-22 23:22:56.996   511   511 I sf_frame_dur: [ColorFade,1,0,1,0,0,0,0]
06-22 23:22:57.104  3004  3004 I power_screen_broadcast_done: [1,386,1]
06-22 23:22:57.821  4477  4477 I screen_toggled: 2
06-22 23:22:57.830  4477  4477 I sysui_status_bar_state: [1,0,0,0,0,1]
06-22 23:22:57.848  4477  4477 I sysui_view_visibility: [111,0]
06-22 23:22:57.908  3004 13515 I am_resume_activity: [0,35717751,27,com.android.bbklog/.BbkLogActivity]
06-22 23:22:57.954  3004  3562 I am_broadcast_discard_app: [0,242111069,android.intent.action.USER_PRESENT,0,ResolveInfo{2ff97d2 cn.wps.moffice_eng/cn.wps.moffice.service.receivers.MonitorServiceReceiver p=2147483647 m=0x108000}]
06-22 23:22:57.956  3004  3562 I am_broadcast_discard_app: [0,242111069,android.intent.action.USER_PRESENT,1,ResolveInfo{581d0a3 com.eg.android.AlipayGphone/com.alipay.pushsdk.BroadcastActionReceiver p=2147483647 m=0x108000}]
06-22 23:22:57.961  3004  3562 I am_broadcast_discard_app: [0,242111069,android.intent.action.USER_PRESENT,2,ResolveInfo{ac2b759 com.sdu.didi.psnger/com.igexin.sdk.PushReceiver p=2147483647 m=0x108000}]
06-22 23:22:57.962  3004  3562 I am_broadcast_discard_app: [0,242111069,android.intent.action.USER_PRESENT,4,ResolveInfo{9b5f1e ctrip.android.view/ctrip.android.pushsdk.DaemonReceiver p=10000 m=0x108000}]
06-22 23:22:57.963  3004  3562 I am_broadcast_discard_app: [0,242111069,android.intent.action.USER_PRESENT,5,ResolveInfo{856d3ff com.ifeng.news2/com.eguan.drivermonitor.reciever.SystemStartReciever p=1000 m=0x108000}]
06-22 23:22:57.970  3004  3293 I notification_expansion: [0|com.tencent.mm|4098|null|10133,0,1,24963,24963,1252]
06-22 23:22:57.973  3004 13515 I notification_expansion: [0|com.tencent.mm|4098|null|10133,0,0,24966,24966,1255]
06-22 23:22:57.981  3004  3562 I am_proc_start: [0,17268,10092,com.bbk.calendar,broadcast,com.bbk.calendar/.alerts.BirthdayReceiver]
06-22 23:22:57.993  5826  5826 I am_on_resume_called: [0,com.android.bbklog.BbkLogActivity,RESUME_ACTIVITY]
06-22 23:22:58.008  3004 23749 I notification_visibility: [0|com.tencent.mm|4098|null|10133,0,25001,25001,0,2]
06-22 23:22:58.008  3004 23749 I notification_visibility: [0|com.tencent.mm|2147483647|group_key_override|10133|ranker_bundle,0,74150,74150,0,1]
06-22 23:22:58.009  3004 13514 I notification_panel_hidden: []
06-22 23:22:58.061  3004  8334 I am_proc_bound: [0,17268,com.bbk.calendar]
06-22 23:22:58.210  3004 13515 I am_proc_start: [0,17284,10004,com.android.providers.calendar,content provider,com.android.providers.calendar/.CalendarProvider2]
06-22 23:22:58.214  3004  3558 I am_pss  : [5723,10071,com.oma.drm.server,3308544,2699264,0]
06-22 23:22:58.229  3004  8327 I am_proc_bound: [0,17284,com.android.providers.calendar]
06-22 23:22:58.236  3004  3558 I am_pss  : [5709,10017,com.baidu.map.location,19871744,18690048,0]
06-22 23:22:58.249  3004  3558 I am_pss  : [5687,1001,com.qualcomm.qti.loadcarrier,2938880,2355200,0]
06-22 23:22:58.264  3004  3558 I am_pss  : [5680,1000,com.alps.lcn,7988224,7147520,0]
06-22 23:22:58.284  3004  3558 I am_pss  : [5549,1000,com.vivo.abe,23567360,22589440,0]
06-22 23:22:58.308  3004  3558 I am_pss  : [4829,1001,com.android.phone,38228992,36110336,0]
06-22 23:22:58.331  3004  3558 I am_pss  : [4812,1000,com.vivo.upslide,66753536,65245184,0]
06-22 23:22:58.346  3004  3558 I am_pss  : [4798,1000,com.android.server.telecom,13426688,12627968,0]
06-22 23:22:58.362  3004  3558 I am_pss  : [4785,1000,.dataservices,8065024,7413760,0]
06-22 23:22:58.366  3004  8327 I am_broadcast_discard_app: [0,242111069,android.intent.action.USER_PRESENT,13,ResolveInfo{cf328c9 cn.wps.moffice_eng/com.igexin.sdk.PushReceiver m=0x108000}]
06-22 23:22:58.367  3004  3562 I am_broadcast_discard_app: [0,242111069,android.intent.action.USER_PRESENT,14,ResolveInfo{e6bcbce com.Qunar/com.igexin.sdk.PushReceiver m=0x108000}]
06-22 23:22:58.369  3004  3562 I am_broadcast_discard_app: [0,242111069,android.intent.action.USER_PRESENT,15,ResolveInfo{b52baef com.anjuke.android.app/com.igexin.sdk.PushReceiver m=0x108000}]
06-22 23:22:58.370  3004  3562 I am_broadcast_discard_app: [0,242111069,android.intent.action.USER_PRESENT,16,ResolveInfo{b0899fc com.autonavi.minimap/com.taobao.accs.EventReceiver m=0x108000}]
06-22 23:22:58.372  3004  3562 I am_broadcast_discard_app: [0,242111069,android.intent.action.USER_PRESENT,17,ResolveInfo{67c8885 com.baidu.netdisk/com.baidu.android.pushservice.PushServiceReceiver m=0x108000}]
06-22 23:22:58.372  3004  3562 I am_broadcast_discard_app: [0,242111069,android.intent.action.USER_PRESENT,18,ResolveInfo{7cd6da com.baidu.netdisk/com.baidu.devicesecurity.receiver.DSDeviceAdminReceiver m=0x108000}]
06-22 23:22:58.373  3004  3562 I am_broadcast_discard_app: [0,242111069,android.intent.action.USER_PRESENT,19,ResolveInfo{53a170b com.dianping.v1/com.dianping.base.push.pushservice.PhoneStatusReceiver m=0x108000}]
06-22 23:22:58.374  3004  3562 I am_broadcast_discard_app: [0,242111069,android.intent.action.USER_PRESENT,20,ResolveInfo{a4359e8 com.htinns/cn.jpush.android.service.PushReceiver m=0x108000}]
06-22 23:22:58.375  3004  3562 I am_broadcast_discard_app: [0,242111069,android.intent.action.USER_PRESENT,21,ResolveInfo{5822801 com.htinns/com.igexin.sdk.PushReceiver m=0x108000}]
06-22 23:22:58.376  3004  3562 I am_broadcast_discard_app: [0,242111069,android.intent.action.USER_PRESENT,23,ResolveInfo{3e8433d com.ifeng.news2/com.ifeng.ipush.client.receiver.PushReceiver m=0x108000}]
06-22 23:22:58.377  3004  3562 I am_broadcast_discard_app: [0,242111069,android.intent.action.USER_PRESENT,25,ResolveInfo{c8f6732 com.ifeng.news2/com.igexin.sdk.PushReceiver m=0x108000}]
06-22 23:22:58.377  3004  3562 I am_broadcast_discard_app: [0,242111069,android.intent.action.USER_PRESENT,26,ResolveInfo{d2c5c83 com.jm.android.jumei/com.igexin.sdk.PushReceiver m=0x108000}]
06-22 23:22:58.378  3004  3562 I am_broadcast_discard_app: [0,242111069,android.intent.action.USER_PRESENT,28,ResolveInfo{657e00 com.jm.android.jumei/.push.JMAliReceiver m=0x108000}]
06-22 23:22:58.379  3004  3562 I am_broadcast_discard_app: [0,242111069,android.intent.action.USER_PRESENT,29,ResolveInfo{b9ad639 com.jm.android.jumei/com.taobao.accs.EventReceiver m=0x108000}]
06-22 23:22:58.381  3004  3562 I am_broadcast_discard_app: [0,242111069,android.intent.action.USER_PRESENT,30,ResolveInfo{748c47e com.lesports.glivesports/com.igexin.sdk.PushReceiver m=0x108000}]
06-22 23:22:58.382  3004  3562 I am_broadcast_discard_app: [0,242111069,android.intent.action.USER_PRESENT,31,ResolveInfo{d4e3ddf com.letv.android.client/.receiver.LockScreenReceiver m=0x108000}]
06-22 23:22:58.384  3004  3562 I am_broadcast_discard_app: [0,242111069,android.intent.action.USER_PRESENT,32,ResolveInfo{aa47a2c com.letv.android.client/cn.jpush.android.service.PushReceiver m=0x108000}]
06-22 23:22:58.385  3004  3562 I am_broadcast_discard_app: [0,242111069,android.intent.action.USER_PRESENT,33,ResolveInfo{f499cf5 com.microfundrn/com.igexin.sdk.PushReceiver m=0x108000}]
06-22 23:22:58.386  3004  3562 I am_broadcast_discard_app: [0,242111069,android.intent.action.USER_PRESENT,34,ResolveInfo{aa8aa8a com.mobike.mobikeapp/com.igexin.sdk.PushReceiver m=0x108000}]
06-22 23:22:58.386  3004  3558 I am_pss  : [4651,1000,com.vivo.daemonService,43770880,37621760,0]
06-22 23:22:58.387  3004  3562 I am_broadcast_discard_app: [0,242111069,android.intent.action.USER_PRESENT,35,ResolveInfo{e82d8fb com.mobike.mobikeapp/com.hyphenate.chat.EMMonitorReceiver m=0x108000}]
06-22 23:22:58.387  3004  3562 I am_broadcast_discard_app: [0,242111069,android.intent.action.USER_PRESENT,36,ResolveInfo{8f50d18 com.netease.mail/com.igexin.sdk.PushReceiver m=0x108000}]
06-22 23:22:58.387  3004  3562 I am_broadcast_discard_app: [0,242111069,android.intent.action.USER_PRESENT,37,ResolveInfo{2e41371 com.nfyg.hsbb/com.igexin.sdk.PushReceiver m=0x108000}]
06-22 23:22:58.389  3004  3562 I am_broadcast_discard_app: [0,242111069,android.intent.action.USER_PRESENT,39,ResolveInfo{fd575ad com.pplive.androidphone/.push.getui.PushReceiver m=0x108000}]
06-22 23:22:58.389  3004  3562 I am_broadcast_discard_app: [0,242111069,android.intent.action.USER_PRESENT,40,ResolveInfo{88c00e2 com.pplive.androidphone/com.igexin.sdk.PushReceiver m=0x108000}]
06-22 23:22:58.389  3004  3562 I am_broadcast_discard_app: [0,242111069,android.intent.action.USER_PRESENT,41,ResolveInfo{cad6c73 com.pplive.androidphone/com.pplive.pushmsgsdk.SdkReceiver m=0x108000}]
06-22 23:22:58.390  3004  3562 I am_broadcast_discard_app: [0,242111069,android.intent.action.USER_PRESENT,42,ResolveInfo{d46730 com.pplive.androidphone/io.rong.push.PushReceiver m=0x108000}]
06-22 23:22:58.390  3004  3562 I am_broadcast_discard_app: [0,242111069,android.intent.action.USER_PRESENT,43,ResolveInfo{100bfa9 com.qiyi.video/com.baidu.android.pushservice.PushServiceReceiver m=0x108000}]
06-22 23:22:58.390  3004  3562 I am_broadcast_discard_app: [0,242111069,android.intent.action.USER_PRESENT,44,ResolveInfo{d6d492e com.qiyi.video/com.iqiyi.pushservice.PushServiceReceiver m=0x108000}]
06-22 23:22:58.390  3004  3562 I am_broadcast_discard_app: [0,242111069,android.intent.action.USER_PRESENT,45,ResolveInfo{b685ccf com.qiyi.video/com.iqiyi.hcim.service.BroadcastCenter m=0x108000}]
06-22 23:22:58.391  3004  3562 I am_broadcast_discard_app: [0,242111069,android.intent.action.USER_PRESENT,46,ResolveInfo{ed0c65c com.qiyi.video/com.iqiyi.impushservice.receiver.ImPushServiceReceiver m=0x108000}]
06-22 23:22:58.391  3004  3562 I am_broadcast_discard_app: [0,242111069,android.intent.action.USER_PRESENT,47,ResolveInfo{27cad65 com.sankuai.meituan/com.dianping.base.push.pushservice.PhoneStatusReceiver m=0x108000}]
06-22 23:22:58.415  3004  8330 I am_broadcast_discard_app: [0,242111069,android.intent.action.USER_PRESENT,49,ResolveInfo{d08ca3a com.ss.android.article.lite/com.ss.android.message.MessageReceiver m=0x108000}]
06-22 23:22:58.416  3004  3562 I am_broadcast_discard_app: [0,242111069,android.intent.action.USER_PRESENT,50,ResolveInfo{d37f6eb com.ss.android.article.lite/com.ss.android.push.sswo.SswoReceiver m=0x108000}]
06-22 23:22:58.420  3004  3562 I am_broadcast_discard_app: [0,242111069,android.intent.action.USER_PRESENT,51,ResolveInfo{2d1ec48 com.ss.android.article.lite/com.taobao.accs.EventReceiver m=0x108000}]
06-22 23:22:58.422  3004  3562 I am_broadcast_discard_app: [0,242111069,android.intent.action.USER_PRESENT,52,ResolveInfo{10fbae1 com.taobao.taobao/com.taobao.accs.EventReceiver m=0x108000}]
06-22 23:22:58.423  3004  3562 I am_broadcast_discard_app: [0,242111069,android.intent.action.USER_PRESENT,54,ResolveInfo{9a95006 com.tencent.news/.push.alive.offactivity.OffScreenReceiver m=0x108000}]
06-22 23:22:58.424  3004  3562 I am_broadcast_discard_app: [0,242111069,android.intent.action.USER_PRESENT,55,ResolveInfo{e1d16c7 com.tencent.news/com.taobao.accs.EventReceiver m=0x108000}]
06-22 23:22:58.426  3004  3558 I am_pss  : [4477,10024,com.android.systemui,85299200,80703488,0]
06-22 23:22:58.427  3004  3562 I am_broadcast_discard_app: [0,242111069,android.intent.action.USER_PRESENT,56,ResolveInfo{43d84f4 com.xiaoming.bike/com.igexin.sdk.PushReceiver m=0x108000}]
06-22 23:22:58.433  3004  3562 I am_broadcast_discard_app: [0,242111069,android.intent.action.USER_PRESENT,57,ResolveInfo{d7a6692 com.ximalaya.fm.android/com.baidu.android.pushservice.PushServiceReceiver m=0x108000}]
06-22 23:22:58.434  3004  3562 I am_broadcast_discard_app: [0,242111069,android.intent.action.USER_PRESENT,58,ResolveInfo{f4a5863 com.ximalaya.fm.android/com.igexin.sdk.PushReceiver m=0x108000}]
06-22 23:22:58.435  3004  3562 I am_broadcast_discard_app: [0,242111069,android.intent.action.USER_PRESENT,59,ResolveInfo{927fc60 com.ximalaya.ting.android/com.sina.util.dnscache.net.networktype.NetworkStateReceiver m=0x108000}]
06-22 23:22:58.455  3004  3562 I am_proc_start: [0,17301,10107,com.vivo.widget.calendar,broadcast,com.vivo.widget.calendar/.CalendarAppWidgetProvider]
06-22 23:22:58.468  3004  8339 I am_proc_bound: [0,17301,com.vivo.widget.calendar]
06-22 23:22:58.484  3004  3558 I am_pss  : [3004,1000,system,127014912,124071936,0]
06-22 23:22:58.526  4477  4477 I sysui_count: [panel_open,1]
06-22 23:22:58.573  4477  4477 I sysui_histogram: [note_load,7]
06-22 23:22:58.574  3004 23747 I notification_panel_revealed: 7
06-22 23:22:58.666  3004  4843 I am_mem_factor: [0,1]
06-22 23:22:58.933  3004  3558 I am_meminfo: [638779392,37564416,0,344211456,228885504]
06-22 23:22:58.954  3004  3558 I am_pss  : [5826,1000,com.android.bbklog,29462528,27484160,0]
06-22 23:22:58.970  3004  3558 I am_pss  : [8051,1000,com.iqoo.engineermode,10342400,8663040,0]
06-22 23:22:58.992  3004  3558 I am_pss  : [28431,10009,com.android.dialer,25625600,23687168,0]
06-22 23:22:59.018  3004  3558 I am_pss  : [5780,10034,com.bbk.launcher2,79802368,76738560,0]
06-22 23:22:59.076  3004  3558 I am_pss  : [6034,10133,com.tencent.mm,163109888,155672576,0]
06-22 23:22:59.105  3004  3558 I am_pss  : [4466,10062,com.baidu.input_bbk.service,54603776,50130944,0]
06-22 23:22:59.122  3004  3558 I am_pss  : [12419,10085,com.vivo.secime.service,17775616,16408576,0]
06-22 23:22:59.141  3004  3558 I am_pss  : [6425,10030,com.bbk.appstore,16114688,15249408,0]
06-22 23:22:59.160  3004  3558 I am_pss  : [5265,10016,com.android.mms,24433664,23035904,0]
06-22 23:22:59.180  3004  3558 I am_pss  : [30286,1001,com.android.incallui,31872000,30121984,0]
06-22 23:22:59.201  3004  3295 I notification_visibility: [0|com.tencent.mm|4097|null|10133,1,75381,75381,0,3]
06-22 23:22:59.201  3004  3295 I notification_visibility: [0|com.tencent.mm|4098|null|10133,1,26194,26194,0,2]
06-22 23:22:59.201  3004  3295 I notification_visibility: [0|com.android.bbklog|1|null|1000,1,114992,114992,0,6]
06-22 23:22:59.201  3004  3295 I notification_visibility: [0|com.android.bbklog|2147483647|group_key_override|1000|ranker_bundle,1,58474924,58474924,0,4]
06-22 23:22:59.201  3004  3295 I notification_visibility: [0|com.tencent.mm|2147483647|group_key_override|10133|ranker_bundle,1,75343,75343,0,1]
06-22 23:22:59.201  3004  3295 I notification_visibility: [0|com.android.bbklog|2|null|1000,1,9923,9920,0,5]
06-22 23:22:59.241  3004  3558 I am_pss  : [6503,10025,com.vivo.browser,275742720,249344000,0]
06-22 23:22:59.272  3004  3558 I am_pss  : [28105,10171,com.sie.mp,66603008,63860736,0]
06-22 23:22:59.289  3004  3558 I am_pss  : [30222,10002,com.android.contacts,18629632,17539072,0]
06-22 23:22:59.303  3004  3558 I am_pss  : [5578,1000,com.qti.service.colorservice,3477504,2895872,0]
06-22 23:22:59.318  3004  3558 I am_pss  : [5640,1000,com.vivo.doubleinstance,3748864,3141632,0]
06-22 23:22:59.337  3004  3558 I am_pss  : [8247,10133,com.tencent.mm:exdevice,14903296,13189120,0]
06-22 23:22:59.366  3004  3558 I am_pss  : [6647,99000,com.vivo.browser:sandboxed_process0,136283136,126562304,0]
06-22 23:22:59.382  3004  3558 I am_pss  : [17284,10004,com.android.providers.calendar,5419008,4046848,0]
06-22 23:22:59.397  3004  3558 I am_pss  : [8623,10081,com.vivo.safecenter,6729728,5959680,0]
06-22 23:22:59.413  3004  3558 I am_pss  : [4252,1000,com.vivo.appfilter,15221760,14577664,0]
06-22 23:22:59.429  3004  3558 I am_pss  : [15183,10088,com.bbk.updater,21270528,19427328,0]
06-22 23:22:59.445  3004  3558 I am_pss  : [17268,10092,com.bbk.calendar,5017600,3825664,0]
06-22 23:22:59.462  3004  3558 I am_pss  : [5937,10011,android.process.media,30243840,29396992,0]
06-22 23:22:59.479  3004  3558 I am_pss  : [4886,10064,com.bbk.iqoo.logsystem,19852288,19144704,0]
06-22 23:22:59.494  3004  3558 I am_pss  : [16865,1000,com.bbk.facewake,7029760,5545984,0]
06-22 23:22:59.511  3004  3558 I am_pss  : [16628,10044,com.vivo.weather:remote,11698176,6672384,0]
06-22 23:22:59.527  3004  3558 I am_pss  : [15324,10018,com.vivo.numbermark,5313536,3719168,0]
06-22 23:22:59.551  3004  3558 I am_pss  : [16414,10133,com.tencent.mm:appbrand0,48440320,37773312,0]
06-22 23:22:59.568  3004  3558 I am_pss  : [4729,10002,android.process.acore,19581952,18612224,0]
06-22 23:22:59.583  3004  3558 I am_pss  : [15291,10045,com.vivo.weather.provider,9545728,8495104,0]
06-22 23:22:59.599  3004  3558 I am_pss  : [16431,10133,com.tencent.mm:recovery,16508928,8847360,0]
06-22 23:22:59.614  3004  3558 I am_pss  : [16401,1000,com.qualcomm.qti.appnetaccess,3397632,2551808,0]
06-22 23:22:59.630  3004  3558 I am_pss  : [16363,10098,com.vivo.gallery,7861248,4263936,0]
06-22 23:22:59.658  3004  3558 I am_pss  : [7611,10133,com.tencent.mm:tools,49099776,45621248,0]
06-22 23:22:59.673  3004  3558 I am_pss  : [15967,1000,com.android.fuelsummary,5106688,3903488,0]
06-22 23:22:59.692  3004  3558 I am_pss  : [6775,10133,com.tencent.mm:push,19979264,17817600,0]
06-22 23:22:59.708  3004  3558 I am_pss  : [15390,10044,com.vivo.weather.location,7966720,3915776,0]
06-22 23:22:59.723  3004  3558 I am_pss  : [8992,10097,com.vivo.widget,3388416,2662400,0]
06-22 23:22:59.739  3004  3558 I am_pss  : [7412,1000,com.vivo.permissionmanager,14774272,14110720,0]
06-22 23:22:59.756  3004  3558 I am_pss  : [15146,10093,com.android.camera,9572352,7938048,0]
06-22 23:22:59.771  3004  3558 I am_pss  : [15157,10041,com.android.BBKClock,4255744,3420160,0]
06-22 23:22:59.786  3004  3558 I am_pss  : [6840,1000,com.vivo.wifi.networkdetect,5141504,4554752,0]
06-22 23:22:59.807  3004  3558 I am_pss  : [13378,10171,com.sie.mp:pushservice,24154112,22302720,0]
06-22 23:22:59.810  3004  3562 I am_broadcast_discard_app: [0,7063222,android.net.wifi.RSSI_CHANGED,0,ResolveInfo{b333fb7 com.sdu.didi.psnger/com.didi.sdk.receiver.WifiReceiver m=0x108000}]
06-22 23:22:59.828  3004  3558 I am_pss  : [6900,10055,com.vivo.devicereg,22403072,21610496,0]
06-22 23:22:59.843  3004  3558 I am_pss  : [8019,10028,com.vivo.audiofx,4169728,3592192,0]
06-22 23:22:59.860  3004  3558 I am_pss  : [4696,1000,com.vivo.smartmultiwindow,20376576,19451904,0]
06-22 23:22:59.876  3004  3558 I am_pss  : [6686,1000,com.vivo.abe:pushservice_v1,12472320,11563008,0]
06-22 23:22:59.891  3004  3558 I am_pss  : [6351,10013,android.ext.services,5358592,4579328,0]
06-22 23:22:59.907  3004  3558 I am_pss  : [5092,10066,com.vivo.magazine,11501568,10739712,0]
06-22 23:22:59.922  3004  3558 I am_pss  : [12547,10002,com.android.calllogbackup,3048448,2514944,0]
06-22 23:22:59.936  3004  3558 I am_pss  : [26631,1000,com.qualcomm.qti.RIDL,2781184,2203648,0]
06-22 23:22:59.951  3004  3558 I am_pss  : [30592,1000,com.volte.config,2814976,2146304,0]
06-22 23:22:59.967  3004  3558 I am_pss  : [5080,10002,com.vivo.sim.contacts,7920640,7282688,0]
06-22 23:22:59.985  3004  3558 I am_pss  : [7102,10063,com.iqoo.secure:remote,33002496,32112640,0]
06-22 23:23:00.002  3004  3558 I am_pss  : [4664,1000,com.android.settings,11259904,10358784,0]
06-22 23:23:00.017  3004  3558 I am_pss  : [8226,1000,org.simalliance.openmobileapi.service:remote,3128320,2568192,0]
06-22 23:23:00.035  3004  3558 I am_pss  : [5138,1001,com.qualcomm.qcrilmsgtunnel,11355136,10784768,0]
06-22 23:23:00.050  3004  3558 I am_pss  : [7263,1000,com.qualcomm.display,2890752,2347008,0]
06-22 23:23:00.086  3004  3558 I am_pss  : [5723,10071,com.oma.drm.server,3284992,2699264,0]
06-22 23:23:00.104  3004  3558 I am_pss  : [5709,10017,com.baidu.map.location,19526656,18067456,0]
06-22 23:23:00.119  3004  3558 I am_pss  : [5687,1001,com.qualcomm.qti.loadcarrier,2927616,2355200,0]
06-22 23:23:00.136  3004  3558 I am_pss  : [5680,1000,com.alps.lcn,7961600,7147520,0]
06-22 23:23:00.154  3004  3558 I am_pss  : [5549,1000,com.vivo.abe,23591936,22626304,0]
06-22 23:23:00.174  3004  3558 I am_pss  : [4453,1002,com.android.bluetooth,10411008,9097216,0]
06-22 23:23:00.199  3004  3558 I am_pss  : [4829,1001,com.android.phone,38197248,36102144,0]
06-22 23:23:00.222  3004  3558 I am_pss  : [4812,1000,com.vivo.upslide,66728960,65245184,0]
06-22 23:23:00.224  3004 19683 I notification_visibility: [0|com.tencent.mm|4097|null|10133,0,76404,76404,0,3]
06-22 23:23:00.224  3004 19683 I notification_visibility: [0|com.tencent.mm|4098|null|10133,0,27217,27217,0,2]
06-22 23:23:00.224  3004 19683 I notification_visibility: [0|com.android.bbklog|1|null|1000,0,116015,116015,0,6]
06-22 23:23:00.224  3004 19683 I notification_visibility: [0|com.android.bbklog|2147483647|group_key_override|1000|ranker_bundle,0,58475947,58475947,0,4]
06-22 23:23:00.224  3004 19683 I notification_visibility: [0|com.tencent.mm|2147483647|group_key_override|10133|ranker_bundle,0,76366,76366,0,1]
06-22 23:23:00.224  3004 19683 I notification_visibility: [0|com.android.bbklog|2|null|1000,0,10946,10943,0,5]
06-22 23:23:00.225  3004  8333 I notification_panel_hidden: []
06-22 23:23:00.237  3004  3558 I am_pss  : [4798,1000,com.android.server.telecom,13409280,12627968,0]
06-22 23:23:00.270  3004  8335 I wm_task_moved: [6,1,9]
06-22 23:23:00.271  3004  8335 I am_focused_activity: [0,com.tencent.mm/.ui.LauncherUI,bringingFoundTaskToFront]
06-22 23:23:00.349  3004  8335 I am_pause_activity: [0,35717751,com.android.bbklog/.BbkLogActivity]
06-22 23:23:00.356  3004  8335 I am_task_to_front: [0,6]
06-22 23:23:00.356  3004  8335 I am_new_intent: [0,28450899,6,com.tencent.mm/.ui.LauncherUI,android.intent.action.MAIN,NULL,NULL,272629760]
06-22 23:23:00.360  3004  8335 I sysui_action: [323,com.tencent.mm/.ui.LauncherUI]
06-22 23:23:00.360  3004  8335 I sysui_action: [324,true]
06-22 23:23:00.360  3004  8335 I sysui_action: [325,23647]
06-22 23:23:00.361  3004  3558 I am_pss  : [4785,1000,.dataservices,8057856,7421952,0]
06-22 23:23:00.362  5826  5826 I am_on_paused_called: [0,com.android.bbklog.BbkLogActivity,handlePauseActivity]
06-22 23:23:00.370  3004  4748 I notification_clicked: [0|com.tencent.mm|2147483647|group_key_override|10133|ranker_bundle,76512,76512,1169]
06-22 23:23:00.370  3004  3004 I sysui_histogram: [note_click_longevity,1]
06-22 23:23:00.381  3004  4843 I am_resume_activity: [0,214386446,6,com.tencent.mm/.ui.LauncherUI]
06-22 23:23:00.389  3004  3562 I sysui_count: [window_time_0,85]
06-22 23:23:00.405  3004  3004 I notification_canceled: [0|com.tencent.mm|4097|null|10133,8,76585,76585,1204]
06-22 23:23:00.409  3004  3004 I notification_canceled: [0|com.tencent.mm|4098|null|10133,8,27402,27402,1208]
06-22 23:23:00.418  3004  3558 I am_pss  : [4651,1000,com.vivo.daemonService,43887616,37761024,0]
06-22 23:23:00.423  3004 19683 I notification_canceled: [0|com.tencent.mm|2147483647|group_key_override|10133|ranker_bundle,16,76565,76565,1222]
06-22 23:23:00.454  3004  3558 I am_pss  : [4477,10024,com.android.systemui,89146368,84463616,0]
06-22 23:23:00.520  3004  3558 I am_pss  : [3004,1000,system,128394240,125435904,0]
06-22 23:23:00.536  6034  6034 I am_on_resume_called: [0,com.tencent.mm.ui.LauncherUI,RESUME_ACTIVITY]
06-22 23:23:00.672  3004  8336 I notification_expansion: [0|com.android.bbklog|2147483647|group_key_override|1000|ranker_bundle,0,0,58476395,58476395,1471]
06-22 23:23:00.675  3004  3883 I sysui_action: [320,2]
06-22 23:23:00.675  3004  3883 I sysui_action: [319,426]
06-22 23:23:00.676  3004  3883 I sysui_action: [322,427]
06-22 23:23:00.699  3004  8335 I am_stop_activity: [0,35717751,com.android.bbklog/.BbkLogActivity]
06-22 23:23:00.701   511   511 I sf_frame_dur: [com.android.bbklog/com.android.bbklog.BbkLogActivity,14,0,0,1,1,3,1]
06-22 23:23:00.702  5826  5826 I am_on_stop_called: [0,com.android.bbklog.BbkLogActivity,handleStopActivity]
