06-23 07:42:16.522  3628  3776 I am_broadcast_discard_app: [0,82942015,android.net.wifi.RSSI_CHANGED,0,ResolveInfo{6fb350c com.sdu.didi.psnger/com.didi.sdk.receiver.WifiReceiver m=0x108000}]
06-23 07:42:16.569  3628  3775 I am_pss  : [8240,10081,com.vivo.safecenter,6424576,4841472,0]
06-23 07:42:16.606  3628  3775 I am_pss  : [6657,10063,com.iqoo.secure:remote,21250048,19124224,0]
06-23 07:42:18.384   511   511 I sf_frame_dur: [SurfaceView - com.vivo.browser/com.vivo.browser.MainActivity,62,6,1,2,5,5,4]
06-23 07:42:19.530  3628  3776 I am_broadcast_discard_app: [0,54808631,android.net.wifi.RSSI_CHANGED,0,ResolveInfo{61119a4 com.sdu.didi.psnger/com.didi.sdk.receiver.WifiReceiver m=0x108000}]
06-23 07:42:22.542  3628  3776 I am_broadcast_discard_app: [0,84130003,android.net.wifi.RSSI_CHANGED,0,ResolveInfo{b182c10 com.sdu.didi.psnger/com.didi.sdk.receiver.WifiReceiver m=0x108000}]
06-23 07:42:22.608  3628  3775 I am_pss  : [8576,10025,com.vivo.browser,237441024,178032640,0]
06-23 07:42:22.639  3628  3775 I am_pss  : [8893,99000,com.vivo.browser:sandboxed_process0,133240832,117366784,0]
06-23 07:42:25.558  3628  3776 I am_broadcast_discard_app: [0,54988591,android.net.wifi.RSSI_CHANGED,0,ResolveInfo{93bf93c com.sdu.didi.psnger/com.didi.sdk.receiver.WifiReceiver m=0x108000}]
06-23 07:42:28.572  3628  3776 I am_broadcast_discard_app: [0,197095243,android.net.wifi.RSSI_CHANGED,0,ResolveInfo{36d6d28 com.sdu.didi.psnger/com.didi.sdk.receiver.WifiReceiver m=0x108000}]
06-23 07:42:31.580  3628  3776 I am_broadcast_discard_app: [0,202618151,android.net.wifi.RSSI_CHANGED,0,ResolveInfo{8c033d4 com.sdu.didi.psnger/com.didi.sdk.receiver.WifiReceiver m=0x108000}]
06-23 07:42:34.585  3628  3776 I am_broadcast_discard_app: [0,64403776,android.net.wifi.RSSI_CHANGED,0,ResolveInfo{65e9079 com.sdu.didi.psnger/com.didi.sdk.receiver.WifiReceiver m=0x108000}]
06-23 07:42:37.621  3628  3776 I am_broadcast_discard_app: [0,84814188,android.net.wifi.RSSI_CHANGED,0,ResolveInfo{d2ebb35 com.sdu.didi.psnger/com.didi.sdk.receiver.WifiReceiver m=0x108000}]
06-23 07:42:40.637  3628  3776 I am_broadcast_discard_app: [0,57307224,android.net.wifi.RSSI_CHANGED,0,ResolveInfo{e9cd5b1 com.sdu.didi.psnger/com.didi.sdk.receiver.WifiReceiver m=0x108000}]
06-23 07:42:43.665  3628  3776 I am_broadcast_discard_app: [0,217586669,android.net.wifi.RSSI_CHANGED,0,ResolveInfo{4744a22 com.sdu.didi.psnger/com.didi.sdk.receiver.WifiReceiver m=0x108000}]
06-23 07:42:44.105  3628  7863 I battery_level: [60,3905,352]
06-23 07:42:44.137  3628  3776 I am_wtf  : [0,3628,system_server,-1,KernelWakelockReader,neither /proc/wakelocks nor /d/wakeup_sources exists]
06-23 07:42:46.686  3628  3776 I am_broadcast_discard_app: [0,134601637,android.net.wifi.RSSI_CHANGED,0,ResolveInfo{a08fb7a com.sdu.didi.psnger/com.didi.sdk.receiver.WifiReceiver m=0x108000}]
06-23 07:42:49.718  3628  3776 I am_broadcast_discard_app: [0,43879713,android.net.wifi.RSSI_CHANGED,0,ResolveInfo{69b5546 com.sdu.didi.psnger/com.didi.sdk.receiver.WifiReceiver m=0x108000}]
06-23 07:42:52.746  3628  3776 I am_broadcast_discard_app: [0,145021533,android.net.wifi.RSSI_CHANGED,0,ResolveInfo{9a77fd2 com.sdu.didi.psnger/com.didi.sdk.receiver.WifiReceiver m=0x108000}]
06-23 07:42:55.777  3628  3776 I am_broadcast_discard_app: [0,98156377,android.net.wifi.RSSI_CHANGED,0,ResolveInfo{dd9c71e com.sdu.didi.psnger/com.didi.sdk.receiver.WifiReceiver m=0x108000}]
06-23 07:42:58.817  3628  3776 I am_broadcast_discard_app: [0,165541909,android.net.wifi.RSSI_CHANGED,0,ResolveInfo{a57372a com.sdu.didi.psnger/com.didi.sdk.receiver.WifiReceiver m=0x108000}]
06-23 07:43:01.848  3628  3776 I am_broadcast_discard_app: [0,181078628,android.net.wifi.RSSI_CHANGED,0,ResolveInfo{2f614cd com.sdu.didi.psnger/com.didi.sdk.receiver.WifiReceiver m=0x108000}]
06-23 07:43:04.884  3628  3776 I am_broadcast_discard_app: [0,196543215,android.net.wifi.RSSI_CHANGED,0,ResolveInfo{3ab41fc com.sdu.didi.psnger/com.didi.sdk.receiver.WifiReceiver m=0x108000}]
06-23 07:43:07.906  3628  3776 I am_broadcast_discard_app: [0,241730024,android.net.wifi.RSSI_CHANGED,0,ResolveInfo{b843001 com.sdu.didi.psnger/com.didi.sdk.receiver.WifiReceiver m=0x108000}]
06-23 07:43:08.195  3628  3628 I free_storage_changed: 30567993344
06-23 07:43:10.938  3628  3776 I am_broadcast_discard_app: [0,255317140,android.net.wifi.RSSI_CHANGED,0,ResolveInfo{c02cb3d com.sdu.didi.psnger/com.didi.sdk.receiver.WifiReceiver m=0x108000}]
06-23 07:43:13.972  3628  3776 I am_broadcast_discard_app: [0,252159488,android.net.wifi.RSSI_CHANGED,0,ResolveInfo{ed5de39 com.sdu.didi.psnger/com.didi.sdk.receiver.WifiReceiver m=0x108000}]
06-23 07:43:17.002  3628  3776 I am_broadcast_discard_app: [0,88154668,android.net.wifi.RSSI_CHANGED,0,ResolveInfo{f2d24f5 com.sdu.didi.psnger/com.didi.sdk.receiver.WifiReceiver m=0x108000}]
06-23 07:43:20.016  3628  3776 I am_broadcast_discard_app: [0,78918936,android.net.wifi.RSSI_CHANGED,0,ResolveInfo{1781b71 com.sdu.didi.psnger/com.didi.sdk.receiver.WifiReceiver m=0x108000}]
06-23 07:43:23.046  3628  3776 I am_broadcast_discard_app: [0,188975812,android.net.wifi.RSSI_CHANGED,0,ResolveInfo{7a1fdad com.sdu.didi.psnger/com.didi.sdk.receiver.WifiReceiver m=0x108000}]
06-23 07:43:26.076  3628  3776 I am_broadcast_discard_app: [0,5279536,android.net.wifi.RSSI_CHANGED,0,ResolveInfo{d0dc7a9 com.sdu.didi.psnger/com.didi.sdk.receiver.WifiReceiver m=0x108000}]
06-23 07:43:29.083  3628  3776 I am_broadcast_discard_app: [0,241414714,android.net.wifi.RSSI_CHANGED,0,ResolveInfo{39cbeeb com.sdu.didi.psnger/com.didi.sdk.receiver.WifiReceiver m=0x108000}]
06-23 07:43:32.110  3628  3776 I am_broadcast_discard_app: [0,164280326,android.net.wifi.RSSI_CHANGED,0,ResolveInfo{a065ec7 com.sdu.didi.psnger/com.didi.sdk.receiver.WifiReceiver m=0x108000}]
06-23 07:43:35.134  3628  3776 I am_broadcast_discard_app: [0,38424210,android.net.wifi.RSSI_CHANGED,0,ResolveInfo{4802063 com.sdu.didi.psnger/com.didi.sdk.receiver.WifiReceiver m=0x108000}]
06-23 07:43:38.155  3628  3776 I am_broadcast_discard_app: [0,230343134,android.net.wifi.RSSI_CHANGED,0,ResolveInfo{f4a5fbf com.sdu.didi.psnger/com.didi.sdk.receiver.WifiReceiver m=0x108000}]
06-23 07:43:41.186  3628  3776 I am_broadcast_discard_app: [0,86842858,android.net.wifi.RSSI_CHANGED,0,ResolveInfo{4f38db com.sdu.didi.psnger/com.didi.sdk.receiver.WifiReceiver m=0x108000}]
06-23 07:43:44.217  3628  3776 I am_broadcast_discard_app: [0,263663286,android.net.wifi.RSSI_CHANGED,0,ResolveInfo{7fe87b7 com.sdu.didi.psnger/com.didi.sdk.receiver.WifiReceiver m=0x108000}]
06-23 07:43:47.256  3628  3776 I am_broadcast_discard_app: [0,234848322,android.net.wifi.RSSI_CHANGED,0,ResolveInfo{3e9e853 com.sdu.didi.psnger/com.didi.sdk.receiver.WifiReceiver m=0x108000}]
06-23 07:43:50.279  3628  3776 I am_broadcast_discard_app: [0,42557070,android.net.wifi.RSSI_CHANGED,0,ResolveInfo{f20b6af com.sdu.didi.psnger/com.didi.sdk.receiver.WifiReceiver m=0x108000}]
06-23 07:43:53.305  3628  3776 I am_broadcast_discard_app: [0,46192026,android.net.wifi.RSSI_CHANGED,0,ResolveInfo{c4c0ecb com.sdu.didi.psnger/com.didi.sdk.receiver.WifiReceiver m=0x108000}]
06-23 07:43:56.336  3628  3776 I am_broadcast_discard_app: [0,214348134,android.net.wifi.RSSI_CHANGED,0,ResolveInfo{58acca7 com.sdu.didi.psnger/com.didi.sdk.receiver.WifiReceiver m=0x108000}]
06-23 07:43:59.365  3628  3776 I am_broadcast_discard_app: [0,234651122,android.net.wifi.RSSI_CHANGED,0,ResolveInfo{e0d8c43 com.sdu.didi.psnger/com.didi.sdk.receiver.WifiReceiver m=0x108000}]
06-23 07:44:02.409  3628  3776 I am_broadcast_discard_app: [0,176901813,android.net.wifi.RSSI_CHANGED,0,ResolveInfo{449d94a com.sdu.didi.psnger/com.didi.sdk.receiver.WifiReceiver m=0x108000}]
06-23 07:44:03.715  3628  3776 I am_wtf  : [0,3628,system_server,-1,KernelWakelockReader,neither /proc/wakelocks nor /d/wakeup_sources exists]
06-23 07:44:05.438  3628  3776 I am_broadcast_discard_app: [0,97796118,android.net.wifi.RSSI_CHANGED,0,ResolveInfo{dea2d97 com.sdu.didi.psnger/com.didi.sdk.receiver.WifiReceiver m=0x108000}]
06-23 07:44:08.468  3628  3776 I am_broadcast_discard_app: [0,164382626,android.net.wifi.RSSI_CHANGED,0,ResolveInfo{31a0c33 com.sdu.didi.psnger/com.didi.sdk.receiver.WifiReceiver m=0x108000}]
06-23 07:44:11.493  3628  3776 I am_broadcast_discard_app: [0,239811566,android.net.wifi.RSSI_CHANGED,0,ResolveInfo{a5f388f com.sdu.didi.psnger/com.didi.sdk.receiver.WifiReceiver m=0x108000}]
06-23 07:44:14.523  3628  3776 I am_broadcast_discard_app: [0,129181946,android.net.wifi.RSSI_CHANGED,0,ResolveInfo{920ceab com.sdu.didi.psnger/com.didi.sdk.receiver.WifiReceiver m=0x108000}]
06-23 07:44:15.395  3628  3776 I am_wtf  : [0,4691,system_server,-1,KernelWakelockReader,neither /proc/wakelocks nor /d/wakeup_sources exists]
06-23 07:44:15.483  3628  7864 I am_wtf  : [0,3628,system_server,-1,ActivityManager,Sending non-protected broadcast action.topinfo from system 4691:com.vivo.daemonService/1000 pkg com.vivo.daemonService]
06-23 07:44:15.485  3628  7864 I am_wtf  : [0,3628,system_server,-1,ActivityManager,Sending non-protected broadcast action.topinfo from system 4691:com.vivo.daemonService/1000 pkg com.vivo.daemonService]
06-23 07:44:17.570  3628  3776 I am_broadcast_discard_app: [0,169816352,android.net.wifi.RSSI_CHANGED,0,ResolveInfo{effdad9 com.sdu.didi.psnger/com.didi.sdk.receiver.WifiReceiver m=0x108000}]
06-23 07:44:17.618  3628  3775 I am_pss  : [8240,10081,com.vivo.safecenter,6424576,4841472,0]
06-23 07:44:17.656  3628  3775 I am_pss  : [6657,10063,com.iqoo.secure:remote,21321728,19197952,0]
06-23 07:44:20.599  3628  3776 I am_broadcast_discard_app: [0,43401036,android.net.wifi.RSSI_CHANGED,0,ResolveInfo{20a4b95 com.sdu.didi.psnger/com.didi.sdk.receiver.WifiReceiver m=0x108000}]
06-23 07:44:21.085  3628  3776 I am_wtf  : [0,3628,system_server,-1,KernelWakelockReader,neither /proc/wakelocks nor /d/wakeup_sources exists]
06-23 07:44:23.618  3628  3776 I am_broadcast_discard_app: [0,1117201,android.net.wifi.RSSI_CHANGED,0,ResolveInfo{f158176 com.sdu.didi.psnger/com.didi.sdk.receiver.WifiReceiver m=0x108000}]
06-23 07:44:23.683  3628  3775 I am_pss  : [8576,10025,com.vivo.browser,261419008,188678144,0]
06-23 07:44:23.705  3628  3775 I am_pss  : [8893,99000,com.vivo.browser:sandboxed_process0,117954560,101642240,0]
06-23 07:44:26.641  3628  3776 I am_broadcast_discard_app: [0,48846925,android.net.wifi.RSSI_CHANGED,0,ResolveInfo{ed03f02 com.sdu.didi.psnger/com.didi.sdk.receiver.WifiReceiver m=0x108000}]
06-23 07:44:29.663  3628  3776 I am_broadcast_discard_app: [0,41954377,android.net.wifi.RSSI_CHANGED,0,ResolveInfo{787494e com.sdu.didi.psnger/com.didi.sdk.receiver.WifiReceiver m=0x108000}]
06-23 07:44:32.699  3628  3776 I am_broadcast_discard_app: [0,244728837,android.net.wifi.RSSI_CHANGED,0,ResolveInfo{f92ac5a com.sdu.didi.psnger/com.didi.sdk.receiver.WifiReceiver m=0x108000}]
06-23 07:44:35.725  3628  3776 I am_broadcast_discard_app: [0,138156929,android.net.wifi.RSSI_CHANGED,0,ResolveInfo{8bf3426 com.sdu.didi.psnger/com.didi.sdk.receiver.WifiReceiver m=0x108000}]
06-23 07:44:38.761  3628  3776 I am_broadcast_discard_app: [0,118353597,android.net.wifi.RSSI_CHANGED,0,ResolveInfo{2da6cb2 com.sdu.didi.psnger/com.didi.sdk.receiver.WifiReceiver m=0x108000}]
06-23 07:44:39.674  3628  3776 I am_wtf  : [0,3628,system_server,-1,KernelWakelockReader,neither /proc/wakelocks nor /d/wakeup_sources exists]
06-23 07:44:41.786  3628  3776 I am_broadcast_discard_app: [0,184459774,android.net.wifi.RSSI_CHANGED,0,ResolveInfo{c3a8d5f com.sdu.didi.psnger/com.didi.sdk.receiver.WifiReceiver m=0x108000}]
06-23 07:44:44.816  3628  3776 I am_broadcast_discard_app: [0,60743690,android.net.wifi.RSSI_CHANGED,0,ResolveInfo{4a4a07b com.sdu.didi.psnger/com.didi.sdk.receiver.WifiReceiver m=0x108000}]
06-23 07:44:47.846  3628  3776 I am_broadcast_discard_app: [0,22213334,android.net.wifi.RSSI_CHANGED,0,ResolveInfo{dd2c957 com.sdu.didi.psnger/com.didi.sdk.receiver.WifiReceiver m=0x108000}]
06-23 07:44:50.873  3628  3776 I am_broadcast_discard_app: [0,140732002,android.net.wifi.RSSI_CHANGED,0,ResolveInfo{d50a3f3 com.sdu.didi.psnger/com.didi.sdk.receiver.WifiReceiver m=0x108000}]
06-23 07:44:53.916  3628  3776 I am_broadcast_discard_app: [0,118851246,android.net.wifi.RSSI_CHANGED,0,ResolveInfo{bc78c4f com.sdu.didi.psnger/com.didi.sdk.receiver.WifiReceiver m=0x108000}]
06-23 07:44:56.944  3628  3776 I am_broadcast_discard_app: [0,146235322,android.net.wifi.RSSI_CHANGED,0,ResolveInfo{91a9e6b com.sdu.didi.psnger/com.didi.sdk.receiver.WifiReceiver m=0x108000}]
06-23 07:44:59.976  3628  3776 I am_broadcast_discard_app: [0,225164678,android.net.wifi.RSSI_CHANGED,0,ResolveInfo{642b647 com.sdu.didi.psnger/com.didi.sdk.receiver.WifiReceiver m=0x108000}]
06-23 07:45:02.952  3628  3776 I am_wtf  : [0,3628,system_server,-1,KernelWakelockReader,neither /proc/wakelocks nor /d/wakeup_sources exists]
06-23 07:45:02.981  3628  3776 I am_broadcast_discard_app: [0,147257182,android.net.wifi.RSSI_CHANGED,0,ResolveInfo{cca273f com.sdu.didi.psnger/com.didi.sdk.receiver.WifiReceiver m=0x108000}]
06-23 07:45:06.014  3628  3776 I am_broadcast_discard_app: [0,64997897,android.net.wifi.RSSI_CHANGED,0,ResolveInfo{1cdf40e com.sdu.didi.psnger/com.didi.sdk.receiver.WifiReceiver m=0x108000}]
06-23 07:45:09.030  3628  3776 I am_broadcast_discard_app: [0,129105349,android.net.wifi.RSSI_CHANGED,0,ResolveInfo{d79431a com.sdu.didi.psnger/com.didi.sdk.receiver.WifiReceiver m=0x108000}]
06-23 07:45:12.062  3628  3776 I am_broadcast_discard_app: [0,247050561,android.net.wifi.RSSI_CHANGED,0,ResolveInfo{25876e6 com.sdu.didi.psnger/com.didi.sdk.receiver.WifiReceiver m=0x108000}]
06-23 07:45:15.092  3628  3776 I am_broadcast_discard_app: [0,86974589,android.net.wifi.RSSI_CHANGED,0,ResolveInfo{ea51b72 com.sdu.didi.psnger/com.didi.sdk.receiver.WifiReceiver m=0x108000}]
06-23 07:45:18.119  3628  3776 I am_broadcast_discard_app: [0,143804281,android.net.wifi.RSSI_CHANGED,0,ResolveInfo{8a57cbe com.sdu.didi.psnger/com.didi.sdk.receiver.WifiReceiver m=0x108000}]
06-23 07:45:21.162  3628  3776 I am_broadcast_discard_app: [0,73851445,android.net.wifi.RSSI_CHANGED,0,ResolveInfo{2b8a6ca com.sdu.didi.psnger/com.didi.sdk.receiver.WifiReceiver m=0x108000}]
06-23 07:45:24.193  3628  3776 I am_broadcast_discard_app: [0,246443185,android.net.wifi.RSSI_CHANGED,0,ResolveInfo{4226596 com.sdu.didi.psnger/com.didi.sdk.receiver.WifiReceiver m=0x108000}]
06-23 07:45:27.220  3628  3776 I am_broadcast_discard_app: [0,3023597,android.net.wifi.RSSI_CHANGED,0,ResolveInfo{2974522 com.sdu.didi.psnger/com.didi.sdk.receiver.WifiReceiver m=0x108000}]
06-23 07:45:30.243  3628  3776 I am_broadcast_discard_app: [0,72810729,android.net.wifi.RSSI_CHANGED,0,ResolveInfo{888916e com.sdu.didi.psnger/com.didi.sdk.receiver.WifiReceiver m=0x108000}]
06-23 07:45:33.260  3628  3776 I am_broadcast_discard_app: [0,256519723,android.net.wifi.RSSI_CHANGED,0,ResolveInfo{ce8f288 com.sdu.didi.psnger/com.didi.sdk.receiver.WifiReceiver m=0x108000}]
06-23 07:45:34.355  3628  3776 I am_wtf  : [0,3628,system_server,-1,KernelWakelockReader,neither /proc/wakelocks nor /d/wakeup_sources exists]
06-23 07:45:36.289  3628  3776 I am_broadcast_discard_app: [0,22982452,android.net.wifi.RSSI_CHANGED,0,ResolveInfo{4eaa15d com.sdu.didi.psnger/com.didi.sdk.receiver.WifiReceiver m=0x108000}]
06-23 07:45:37.627  3628  3776 I am_wtf  : [0,3628,system_server,-1,KernelWakelockReader,neither /proc/wakelocks nor /d/wakeup_sources exists]
06-23 07:45:39.317  3628  3776 I am_broadcast_discard_app: [0,238351961,android.net.wifi.RSSI_CHANGED,0,ResolveInfo{172321e com.sdu.didi.psnger/com.didi.sdk.receiver.WifiReceiver m=0x108000}]
06-23 07:45:42.355  3628  3776 I am_broadcast_discard_app: [0,37068565,android.net.wifi.RSSI_CHANGED,0,ResolveInfo{68b522a com.sdu.didi.psnger/com.didi.sdk.receiver.WifiReceiver m=0x108000}]
06-23 07:45:45.387  3628  3776 I am_broadcast_discard_app: [0,106829713,android.net.wifi.RSSI_CHANGED,0,ResolveInfo{c6466f6 com.sdu.didi.psnger/com.didi.sdk.receiver.WifiReceiver m=0x108000}]
06-23 07:45:46.510  3628  4088 I sysui_histogram: [power_double_tap_interval,826553]
06-23 07:45:46.686  3628  4088 I power_sleep_requested: 0
06-23 07:45:46.686  3628  3628 I power_screen_state: [0,2,0,0]
06-23 07:45:46.686  3628  3628 I screen_toggled: 0
06-23 07:45:46.686  3628  3628 I sysui_histogram: [screen_timeout,60]
06-23 07:45:46.687  3628  3628 I power_screen_broadcast_send: 1
06-23 07:45:46.692  3628  3777 I am_wtf  : [0,3628,system_server,-1,ActivityManager,Sending non-protected broadcast vivo.intent.action.POWER_KEY_SCREEN_OFF from system 3628:system/1000 pkg android]
06-23 07:45:46.737  3628  3628 I am_pause_activity: [0,154845053,com.vivo.browser/.MainActivity]
06-23 07:45:46.752  3628  3776 I am_wtf  : [0,3628,system_server,-1,KernelWakelockReader,neither /proc/wakelocks nor /d/wakeup_sources exists]
06-23 07:45:46.792  8576  8576 I am_on_paused_called: [0,com.vivo.browser.MainActivity,handlePauseActivity]
06-23 07:45:46.794  3628  3776 I am_stop_activity: [0,154845053,com.vivo.browser/.MainActivity]
06-23 07:45:46.843  8576  8576 I am_on_stop_called: [0,com.vivo.browser.MainActivity,sleeping]
06-23 07:45:46.847  3628  4915 I am_wtf  : [0,3628,system_server,-1,ActivityManager,Sending non-protected broadcast com.vivo.updater.action.SCREEN_OFF from system 4691:com.vivo.daemonService/1000 pkg com.vivo.daemonService]
06-23 07:45:46.848  4319  4319 I sysui_view_visibility: [111,100]
06-23 07:45:46.877  4319  4319 I sysui_status_bar_state: [1,1,0,0,0,1]
06-23 07:45:46.899  3628  4874 I notification_expansion: [0|com.android.bbklog|2147483647|group_key_override|1000|ranker_bundle,0,1,2677996,2677996,0]
06-23 07:45:47.031  3628  3775 I am_meminfo: [784863232,141864960,0,370671616,284146688]
06-23 07:45:47.079  3628  3775 I am_pss  : [8576,10025,com.vivo.browser,228360192,174940160,0]
06-23 07:45:47.096  3628  3775 I am_pss  : [9906,10009,com.android.dialer,27630592,21659648,0]
06-23 07:45:47.130  3628  3775 I am_pss  : [5932,10133,com.tencent.mm,159087616,137416704,0]
06-23 07:45:47.150  3628  3775 I am_pss  : [4306,10062,com.baidu.input_bbk.service,48440320,38895616,0]
06-23 07:45:47.167  3628  3775 I am_pss  : [7787,10133,com.tencent.mm:exdevice,24303616,13717504,0]
06-23 07:45:47.188  3628  3775 I am_pss  : [8893,99000,com.vivo.browser:sandboxed_process0,115830784,104755200,0]
06-23 07:45:47.204  3628  3775 I am_pss  : [4923,10064,com.bbk.iqoo.logsystem,20521984,18313216,0]
06-23 07:45:47.219  3628  3775 I am_pss  : [7370,10028,com.vivo.audiofx,4651008,3649536,0]
06-23 07:45:47.236  3628  3775 I am_pss  : [14314,10093,com.android.camera,13853696,10178560,0]
06-23 07:45:47.252  3628  3775 I am_pss  : [9502,10088,com.bbk.updater,20767744,19615744,0]
06-23 07:45:47.268  3628  3775 I am_pss  : [5831,10011,android.process.media,37977088,36265984,0]
06-23 07:45:47.282  3628  3775 I am_pss  : [7983,10107,com.vivo.widget.calendar,4474880,3518464,0]
06-23 07:45:47.296  3628  3775 I am_pss  : [13797,10004,com.android.providers.calendar,4604928,3747840,0]
06-23 07:45:47.314  3628  3775 I am_pss  : [7610,10171,com.sie.mp,28291072,22044672,0]
06-23 07:45:47.329  3628  3775 I am_pss  : [8240,10081,com.vivo.safecenter,6424576,4841472,0]
06-23 07:45:47.343  3628  3775 I am_pss  : [4272,1000,com.vivo.appfilter,9470976,8400896,0]
06-23 07:45:47.357  3628  3775 I am_pss  : [9924,10092,com.bbk.calendar,4558848,3706880,0]
06-23 07:45:47.373  3628  3775 I am_pss  : [10089,1000,com.vivo.cameraparamluma,8741888,7503872,0]
06-23 07:45:47.389  3628  3775 I am_pss  : [13401,1000,com.bbk.facewake,6315008,5029888,0]
06-23 07:45:47.403  3628  3775 I am_pss  : [6237,10097,com.vivo.widget,3336192,2519040,0]
06-23 07:45:47.417  3628  3775 I am_pss  : [6570,1000,com.vivo.wifi.networkdetect,4570112,3723264,0]
06-23 07:45:47.434  3628  3775 I am_pss  : [6399,10055,com.vivo.devicereg,16795648,14962688,0]
06-23 07:45:47.448  3628  3775 I am_pss  : [10522,10099,com.vivo.msgpush,3900416,3141632,0]
06-23 07:45:47.464  3628  3775 I am_pss  : [4787,10002,android.process.acore,23095296,20828160,0]
06-23 07:45:47.479  3628  3775 I am_pss  : [4738,1000,com.vivo.smartmultiwindow,22544384,20836352,0]
06-23 07:45:47.500  3628  3775 I am_pss  : [6863,10133,com.tencent.mm:tools,54083584,41758720,0]
06-23 07:45:47.516  3628  3775 I am_pss  : [4679,1000,com.android.settings,14495744,11640832,0]
06-23 07:45:47.530  3628  3775 I am_pss  : [5190,10002,com.vivo.sim.contacts,7684096,6590464,0]
06-23 07:45:47.548  3628  3775 I am_pss  : [6346,10133,com.tencent.mm:push,26483712,18427904,0]
06-23 07:45:47.562  3628  3775 I am_pss  : [6685,10041,com.android.BBKClock,5392384,4460544,0]
06-23 07:45:47.581  3628  3775 I am_pss  : [7655,10171,com.sie.mp:pushservice,33424384,26681344,0]
06-23 07:45:47.597  3628  3775 I am_pss  : [6923,1000,com.vivo.permissionmanager,18067456,16625664,0]
06-23 07:45:47.611  3628  3775 I am_pss  : [5786,1000,com.android.bbklog,10290176,9048064,0]
06-23 07:45:47.627  3628  3775 I am_pss  : [6657,10063,com.iqoo.secure:remote,21370880,19247104,0]
06-23 07:45:47.642  3628  3775 I am_pss  : [7920,1000,com.volte.config,4482048,3543040,0]
06-23 07:45:47.656  3628  3775 I am_pss  : [5099,10066,com.vivo.magazine,11448320,10379264,0]
06-23 07:45:47.670  3628  3775 I am_pss  : [7597,1000,org.simalliance.openmobileapi.service:remote,4030464,3211264,0]
06-23 07:45:47.685  3628  3775 I am_pss  : [7418,1000,com.vivo.abe:pushservice_v1,13753344,10174464,0]
06-23 07:45:47.700  3628  3775 I am_pss  : [5208,1001,com.qualcomm.qcrilmsgtunnel,4174848,3407872,0]
06-23 07:45:47.713  3628  3775 I am_pss  : [7342,1000,com.qualcomm.qti.appnetaccess,3532800,2748416,0]
06-23 07:45:47.727  3628  3775 I am_pss  : [7000,1000,com.qualcomm.qti.qs,3501056,2707456,0]
06-23 07:45:47.742  3628  3775 I am_pss  : [6899,1000,com.android.fuelsummary,4879360,3989504,0]
06-23 07:45:47.756  3628  3775 I am_pss  : [6791,1000,com.qualcomm.display,3182592,2457600,0]
06-23 07:45:47.770  3628  3775 I am_pss  : [5805,10105,com.android.smspush,3014656,2273280,0]
06-23 07:45:47.785  3628  3775 I am_pss  : [5720,1000,com.qti.service.colorservice,3481600,2674688,0]
06-23 07:45:47.799  3628  3775 I am_pss  : [5664,10071,com.oma.drm.server,3898368,3100672,0]
06-23 07:45:47.815  3628  3775 I am_pss  : [5651,10017,com.baidu.map.location,14978048,13029376,0]
06-23 07:45:47.829  3628  3775 I am_pss  : [5638,1001,com.qualcomm.qti.loadcarrier,3218432,2469888,0]
06-23 07:45:47.843  3628  3775 I am_pss  : [5623,1000,com.alps.lcn,6703104,5410816,0]
06-23 07:45:47.867  3628  3775 I am_pss  : [5557,1000,com.vivo.abe,146091008,138747904,0]
06-23 07:45:47.881  3628  3775 I am_pss  : [5444,10013,android.ext.services,3507200,2695168,0]
06-23 07:45:47.899  3628  3775 I am_pss  : [4289,1002,com.android.bluetooth,15623168,12189696,0]
06-23 07:45:47.921  3628  3775 I am_pss  : [4891,1001,com.android.phone,40759296,35549184,0]
06-23 07:45:47.940  3628  3775 I am_pss  : [4862,1000,com.vivo.upslide,36426752,31707136,0]
06-23 07:45:47.955  3628  3775 I am_pss  : [4850,1000,com.android.server.telecom,7872512,6656000,0]
06-23 07:45:47.970  3628  3775 I am_pss  : [4842,1000,.dataservices,8148992,7135232,0]
06-23 07:45:47.988  3628  3775 I am_pss  : [4691,1000,com.vivo.daemonService,28681216,25808896,0]
06-23 07:45:48.038  3628  3775 I am_pss  : [3628,1000,system,132487168,123650048,0]
06-23 07:45:48.156  3628  3628 I power_screen_broadcast_done: [0,1469,1]
06-23 07:48:05.067  3628  4079 I device_idle_wake_from_idle: [0,*walarm*:com.vivo.updater.alarm.action.LOCKED_TRIGGER]
06-23 07:48:05.079  3628  4079 I am_wtf  : [0,3628,system_server,-1,ActivityManager,Sending non-protected broadcast MqttService.pingSender.364803822420926726 from system uid 1000 pkg com.vivo.abe]
06-23 07:48:05.090  3628  3776 I am_wtf  : [0,3628,system_server,-1,KernelWakelockReader,neither /proc/wakelocks nor /d/wakeup_sources exists]
06-23 07:48:05.266  3628  3776 I am_wtf  : [0,3628,system_server,-1,KernelWakelockReader,neither /proc/wakelocks nor /d/wakeup_sources exists]
06-23 07:48:24.924  3628  4088 I sysui_histogram: [power_double_tap_interval,7708]
06-23 07:48:24.927  3628  3628 I power_screen_state: [1,0,0,0]
06-23 07:48:24.927  3628  3628 I screen_toggled: 1
06-23 07:48:24.928  3628  3776 I am_wtf  : [0,3628,system_server,-1,KernelWakelockReader,neither /proc/wakelocks nor /d/wakeup_sources exists]
06-23 07:48:24.929  3628  3628 I power_screen_broadcast_send: 1
06-23 07:48:24.930  4319  4319 I sysui_histogram: [note_load,5]
06-23 07:48:24.930  3628  4874 I notification_panel_revealed: 5
06-23 07:48:25.017  3628  4927 I am_wtf  : [0,3628,system_server,-1,ActivityManager,Sending non-protected broadcast com.vivo.updater.action.SCREEN_ON from system 4691:com.vivo.daemonService/1000 pkg com.vivo.daemonService]
06-23 07:48:25.108  3628  3628 I power_screen_broadcast_done: [1,179,1]
06-23 07:48:25.175   511   511 I sf_frame_dur: [ColorFade,3,0,0,0,0,0,0]
06-23 07:48:25.802  4319  4319 I screen_toggled: 2
06-23 07:48:25.810  4319  4319 I sysui_status_bar_state: [1,0,0,0,0,1]
06-23 07:48:25.823  4319  4319 I sysui_view_visibility: [111,0]
06-23 07:48:25.840  3628  4898 I am_resume_activity: [0,154845053,4,com.vivo.browser/.MainActivity]
06-23 07:48:25.867  3628  3776 I am_broadcast_discard_app: [0,210450516,android.intent.action.USER_PRESENT,0,ResolveInfo{768c3fd cn.wps.moffice_eng/cn.wps.moffice.service.receivers.MonitorServiceReceiver p=2147483647 m=0x108000}]
06-23 07:48:25.868  3628  3776 I am_broadcast_discard_app: [0,210450516,android.intent.action.USER_PRESENT,1,ResolveInfo{600b8f2 com.eg.android.AlipayGphone/com.alipay.pushsdk.BroadcastActionReceiver p=2147483647 m=0x108000}]
06-23 07:48:25.869  3628  3776 I am_broadcast_discard_app: [0,210450516,android.intent.action.USER_PRESENT,2,ResolveInfo{3d4ab43 com.sdu.didi.psnger/com.igexin.sdk.PushReceiver p=2147483647 m=0x108000}]
06-23 07:48:25.871  3628  3776 I am_broadcast_discard_app: [0,210450516,android.intent.action.USER_PRESENT,4,ResolveInfo{da53dec ctrip.android.view/ctrip.android.pushsdk.DaemonReceiver p=10000 m=0x108000}]
06-23 07:48:25.872  3628  3776 I am_broadcast_discard_app: [0,210450516,android.intent.action.USER_PRESENT,5,ResolveInfo{b3a744a com.ifeng.news2/com.eguan.drivermonitor.reciever.SystemStartReciever p=1000 m=0x108000}]
06-23 07:48:25.877  3628  7866 I notification_expansion: [0|com.bbk.appstore|2147483647|group_key_override|10030|ranker_bundle,0,1,2822687,2822687,0]
06-23 07:48:25.884  3628  4320 I notification_expansion: [0|com.bbk.appstore|100000|null|10030,0,1,2822727,2822727,0]
06-23 07:48:25.885  3628  4916 I notification_expansion: [0|com.android.bbklog|2147483647|group_key_override|1000|ranker_bundle,0,1,2836982,2836982,0]
06-23 07:48:25.915  3628  4898 I notification_panel_hidden: []
06-23 07:48:25.918  8576  8576 I am_on_resume_called: [0,com.vivo.browser.MainActivity,RESUME_ACTIVITY]
06-23 07:48:26.013  3628  4898 I am_broadcast_discard_app: [0,210450516,android.intent.action.USER_PRESENT,13,ResolveInfo{d2a9c08 cn.wps.moffice_eng/com.igexin.sdk.PushReceiver m=0x108000}]
06-23 07:48:26.014  3628  3776 I am_broadcast_discard_app: [0,210450516,android.intent.action.USER_PRESENT,14,ResolveInfo{cdf0fa1 com.Qunar/com.igexin.sdk.PushReceiver m=0x108000}]
06-23 07:48:26.016  3628  3776 I am_broadcast_discard_app: [0,210450516,android.intent.action.USER_PRESENT,15,ResolveInfo{942e5c6 com.anjuke.android.app/com.igexin.sdk.PushReceiver m=0x108000}]
06-23 07:48:26.016  3628  3776 I am_broadcast_discard_app: [0,210450516,android.intent.action.USER_PRESENT,16,ResolveInfo{a25987 com.autonavi.minimap/com.taobao.accs.EventReceiver m=0x108000}]
06-23 07:48:26.017  3628  3776 I am_broadcast_discard_app: [0,210450516,android.intent.action.USER_PRESENT,17,ResolveInfo{1d170b4 com.baidu.BaiduMap/com.baidu.android.pushservice.PushServiceReceiver m=0x108000}]
06-23 07:48:26.018  3628  3776 I am_broadcast_discard_app: [0,210450516,android.intent.action.USER_PRESENT,18,ResolveInfo{5bc04dd com.baidu.netdisk/com.baidu.android.pushservice.PushServiceReceiver m=0x108000}]
06-23 07:48:26.019  3628  3776 I am_broadcast_discard_app: [0,210450516,android.intent.action.USER_PRESENT,19,ResolveInfo{a779852 com.baidu.netdisk/com.baidu.devicesecurity.receiver.DSDeviceAdminReceiver m=0x108000}]
06-23 07:48:26.019  3628  3776 I am_broadcast_discard_app: [0,210450516,android.intent.action.USER_PRESENT,20,ResolveInfo{6c10723 com.dianping.v1/com.dianping.base.push.pushservice.PhoneStatusReceiver m=0x108000}]
06-23 07:48:26.020  3628  3776 I am_broadcast_discard_app: [0,210450516,android.intent.action.USER_PRESENT,21,ResolveInfo{86ee420 com.htinns/cn.jpush.android.service.PushReceiver m=0x108000}]
06-23 07:48:26.021  3628  3776 I am_broadcast_discard_app: [0,210450516,android.intent.action.USER_PRESENT,22,ResolveInfo{17911d9 com.htinns/com.igexin.sdk.PushReceiver m=0x108000}]
06-23 07:48:26.022  3628  3776 I am_broadcast_discard_app: [0,210450516,android.intent.action.USER_PRESENT,24,ResolveInfo{ad2e79e com.ifeng.news2/com.ifeng.ipush.client.receiver.PushReceiver m=0x108000}]
06-23 07:48:26.024  3628  3776 I am_broadcast_discard_app: [0,210450516,android.intent.action.USER_PRESENT,26,ResolveInfo{92f27f com.ifeng.news2/com.igexin.sdk.PushReceiver m=0x108000}]
06-23 07:48:26.024  3628  3776 I am_broadcast_discard_app: [0,210450516,android.intent.action.USER_PRESENT,27,ResolveInfo{1ae224c com.jm.android.jumei/com.igexin.sdk.PushReceiver m=0x108000}]
06-23 07:48:26.025  3628  3776 I am_broadcast_discard_app: [0,210450516,android.intent.action.USER_PRESENT,29,ResolveInfo{85ff295 com.jm.android.jumei/.push.JMAliReceiver m=0x108000}]
06-23 07:48:26.026  3628  3776 I am_broadcast_discard_app: [0,210450516,android.intent.action.USER_PRESENT,30,ResolveInfo{101dfaa com.jm.android.jumei/com.taobao.accs.EventReceiver m=0x108000}]
06-23 07:48:26.027  3628  3776 I am_broadcast_discard_app: [0,210450516,android.intent.action.USER_PRESENT,31,ResolveInfo{76e379b com.lesports.glivesports/com.igexin.sdk.PushReceiver m=0x108000}]
06-23 07:48:26.027  3628  3776 I am_broadcast_discard_app: [0,210450516,android.intent.action.USER_PRESENT,32,ResolveInfo{bc11738 com.letv.android.client/.receiver.LockScreenReceiver m=0x108000}]
06-23 07:48:26.028  3628  3776 I am_broadcast_discard_app: [0,210450516,android.intent.action.USER_PRESENT,33,ResolveInfo{39a2311 com.letv.android.client/cn.jpush.android.service.PushReceiver m=0x108000}]
06-23 07:48:26.029  3628  3776 I am_broadcast_discard_app: [0,210450516,android.intent.action.USER_PRESENT,34,ResolveInfo{f764c76 com.microfundrn/com.igexin.sdk.PushReceiver m=0x108000}]
06-23 07:48:26.029  3628  3776 I am_broadcast_discard_app: [0,210450516,android.intent.action.USER_PRESENT,35,ResolveInfo{9eeb277 com.mobike.mobikeapp/com.igexin.sdk.PushReceiver m=0x108000}]
06-23 07:48:26.030  3628  3776 I am_broadcast_discard_app: [0,210450516,android.intent.action.USER_PRESENT,36,ResolveInfo{40c6ee4 com.mobike.mobikeapp/com.hyphenate.chat.EMMonitorReceiver m=0x108000}]
06-23 07:48:26.031  3628  3776 I am_broadcast_discard_app: [0,210450516,android.intent.action.USER_PRESENT,37,ResolveInfo{b6cdf4d com.netease.mail/com.igexin.sdk.PushReceiver m=0x108000}]
06-23 07:48:26.031  3628  3776 I am_broadcast_discard_app: [0,210450516,android.intent.action.USER_PRESENT,38,ResolveInfo{bf2ba02 com.nfyg.hsbb/com.igexin.sdk.PushReceiver m=0x108000}]
06-23 07:48:26.032  3628  3776 I am_broadcast_discard_app: [0,210450516,android.intent.action.USER_PRESENT,40,ResolveInfo{a91ff13 com.pplive.androidphone/.push.getui.PushReceiver m=0x108000}]
06-23 07:48:26.032  3628  3776 I am_broadcast_discard_app: [0,210450516,android.intent.action.USER_PRESENT,41,ResolveInfo{7939550 com.pplive.androidphone/com.igexin.sdk.PushReceiver m=0x108000}]
06-23 07:48:26.033  3628  3776 I am_broadcast_discard_app: [0,210450516,android.intent.action.USER_PRESENT,42,ResolveInfo{d352349 com.pplive.androidphone/com.pplive.pushmsgsdk.SdkReceiver m=0x108000}]
06-23 07:48:26.034  3628  3776 I am_broadcast_discard_app: [0,210450516,android.intent.action.USER_PRESENT,43,ResolveInfo{3d6744e com.pplive.androidphone/io.rong.push.PushReceiver m=0x108000}]
06-23 07:48:26.035  3628  3776 I am_broadcast_discard_app: [0,210450516,android.intent.action.USER_PRESENT,44,ResolveInfo{c13796f com.qiyi.video/com.baidu.android.pushservice.PushServiceReceiver m=0x108000}]
06-23 07:48:26.035  3628  3776 I am_broadcast_discard_app: [0,210450516,android.intent.action.USER_PRESENT,45,ResolveInfo{e24b67c com.qiyi.video/com.iqiyi.pushservice.PushServiceReceiver m=0x108000}]
06-23 07:48:26.036  3628  3776 I am_broadcast_discard_app: [0,210450516,android.intent.action.USER_PRESENT,46,ResolveInfo{523ab05 com.qiyi.video/com.iqiyi.hcim.service.BroadcastCenter m=0x108000}]
06-23 07:48:26.037  3628  3776 I am_broadcast_discard_app: [0,210450516,android.intent.action.USER_PRESENT,47,ResolveInfo{929875a com.qiyi.video/com.iqiyi.impushservice.receiver.ImPushServiceReceiver m=0x108000}]
06-23 07:48:26.037  3628  3776 I am_broadcast_discard_app: [0,210450516,android.intent.action.USER_PRESENT,48,ResolveInfo{7883d8b com.sankuai.meituan/com.dianping.base.push.pushservice.PhoneStatusReceiver m=0x108000}]
06-23 07:48:26.045  3628  7867 I am_broadcast_discard_app: [0,210450516,android.intent.action.USER_PRESENT,50,ResolveInfo{c44be68 com.ss.android.article.lite/com.ss.android.message.MessageReceiver m=0x108000}]
06-23 07:48:26.048  3628  3776 I am_broadcast_discard_app: [0,210450516,android.intent.action.USER_PRESENT,51,ResolveInfo{7b8f281 com.ss.android.article.lite/com.ss.android.push.sswo.SswoReceiver m=0x108000}]
06-23 07:48:26.049  3628  3776 I am_broadcast_discard_app: [0,210450516,android.intent.action.USER_PRESENT,52,ResolveInfo{468bf26 com.ss.android.article.lite/com.taobao.accs.EventReceiver m=0x108000}]
06-23 07:48:26.050  3628  3776 I am_broadcast_discard_app: [0,210450516,android.intent.action.USER_PRESENT,53,ResolveInfo{83b2767 com.taobao.taobao/com.taobao.accs.EventReceiver m=0x108000}]
06-23 07:48:26.053  3628  3776 I am_broadcast_discard_app: [0,210450516,android.intent.action.USER_PRESENT,55,ResolveInfo{7db5914 com.tencent.news/.push.alive.offactivity.OffScreenReceiver m=0x108000}]
06-23 07:48:26.054  3628  3776 I am_broadcast_discard_app: [0,210450516,android.intent.action.USER_PRESENT,56,ResolveInfo{70135bd com.tencent.news/com.taobao.accs.EventReceiver m=0x108000}]
06-23 07:48:26.055  3628  3776 I am_broadcast_discard_app: [0,210450516,android.intent.action.USER_PRESENT,57,ResolveInfo{711a7b2 com.xiaoming.bike/com.igexin.sdk.PushReceiver m=0x108000}]
06-23 07:48:26.056  3628  3776 I am_broadcast_discard_app: [0,210450516,android.intent.action.USER_PRESENT,58,ResolveInfo{948d303 com.ximalaya.fm.android/com.baidu.android.pushservice.PushServiceReceiver m=0x108000}]
06-23 07:48:26.056  3628  3776 I am_broadcast_discard_app: [0,210450516,android.intent.action.USER_PRESENT,59,ResolveInfo{b9ef280 com.ximalaya.fm.android/com.igexin.sdk.PushReceiver m=0x108000}]
06-23 07:48:26.057  3628  3776 I am_broadcast_discard_app: [0,210450516,android.intent.action.USER_PRESENT,60,ResolveInfo{f9070b9 com.ximalaya.ting.android/com.sina.util.dnscache.net.networktype.NetworkStateReceiver m=0x108000}]
06-23 07:48:26.761   511   511 I sf_frame_dur: [SurfaceView - com.vivo.browser/com.vivo.browser.MainActivity,1695,56,20,31,55,21,34]
06-23 07:48:28.025  3628  3776 I am_broadcast_discard_app: [0,39805282,android.net.wifi.RSSI_CHANGED,0,ResolveInfo{61482f3 com.sdu.didi.psnger/com.didi.sdk.receiver.WifiReceiver m=0x108000}]
06-23 07:48:28.035  3628  3628 I notification_enqueue: [10133,5932,com.tencent.mm,4097,NULL,0,Notification(pri=1 contentView=null vibrate=[] sound=null tick defaults=0x0 flags=0x101 color=0x00000000 category=msg vis=PRIVATE),0]
06-23 07:48:28.037  3628  3628 I notification_alert: [0|com.tencent.mm|4097|null|10133,0,0,1]
06-23 07:48:28.044  3628  4919 I notification_autogrouped: 0|com.tencent.mm|4097|null|10133
06-23 07:48:28.045  3628  3628 I notification_enqueue: [10133,5932,com.tencent.mm,2147483647,group_key_override,0,Notification(pri=0 contentView=null vibrate=null sound=null defaults=0x0 flags=0x700 color=0x00000000 groupKey=ranker_bundle vis=PRIVATE),0]
06-23 07:48:28.050  3628  4863 I notification_autogrouped: 0|com.tencent.mm|4097|null|10133
06-23 07:48:28.079  4319  4319 I sysui_count: [note_peek,1]
06-23 07:48:28.086  3628  4870 I notification_panel_revealed: 1
06-23 07:48:28.090  3628  3760 I notification_expansion: [0|com.tencent.mm|4097|null|10133,0,1,55,55,0]
06-23 07:48:28.785  3628  4418 I notification_visibility: [0|com.tencent.mm|4097|null|10133,1,750,750,0,1]
06-23 07:48:31.054  3628  3776 I am_broadcast_discard_app: [0,107417573,android.net.wifi.RSSI_CHANGED,0,ResolveInfo{d7baba com.sdu.didi.psnger/com.didi.sdk.receiver.WifiReceiver m=0x108000}]
06-23 07:48:31.340  3628  3628 I sysui_histogram: [note_dismiss_longevity,0]
06-23 07:48:31.340  3628  3628 I notification_canceled: [0|com.tencent.mm|2147483647|group_key_override|10133|ranker_bundle,2,3296,3296,0]
06-23 07:48:31.340  3628  3628 I notification_cancel: [10024,4319,com.tencent.mm,4097,NULL,0,0,0,12,NULL]
06-23 07:48:31.341  3628  3628 I notification_canceled: [0|com.tencent.mm|4097|null|10133,12,3306,3306,2556]
06-23 07:48:31.646  3628  7867 I notification_panel_hidden: []
06-23 07:48:34.076  3628  3776 I am_broadcast_discard_app: [0,159237473,android.net.wifi.RSSI_CHANGED,0,ResolveInfo{6b6c886 com.sdu.didi.psnger/com.didi.sdk.receiver.WifiReceiver m=0x108000}]
06-23 07:48:34.620  3628  4087 I am_new_intent: [0,172028276,2,com.bbk.launcher2/.Launcher,android.intent.action.MAIN,NULL,NULL,278921216]
06-23 07:48:34.621  3628  4087 I am_focused_stack: [0,0,1,bringingFoundTaskToFront setFocusedActivity]
06-23 07:48:34.622  3628  4087 I wm_task_moved: [2,1,0]
06-23 07:48:34.625  3628  4087 I am_focused_activity: [0,com.bbk.launcher2/.Launcher,bringingFoundTaskToFront]
06-23 07:48:34.665  3628  4087 I am_pause_activity: [0,154845053,com.vivo.browser/.MainActivity]
06-23 07:48:34.675  3628  4087 I am_task_to_front: [0,2]
06-23 07:48:34.680  3628  4087 I sysui_action: [323,com.bbk.launcher2/.Launcher]
06-23 07:48:34.680  3628  4087 I sysui_action: [324,true]
06-23 07:48:34.681  3628  4087 I sysui_action: [325,2537]
06-23 07:48:34.689  8576  8576 I am_on_paused_called: [0,com.vivo.browser.MainActivity,handlePauseActivity]
06-23 07:48:34.700  3628  7864 I am_resume_activity: [0,125833790,2,com.bbk.launcher2/.Launcher]
06-23 07:48:34.709  3628  3776 I sysui_count: [window_time_0,2486]
06-23 07:48:34.721  5739  5739 I am_on_resume_called: [0,com.bbk.launcher2.Launcher,RESUME_ACTIVITY]
06-23 07:48:34.773  3628  3807 I sysui_action: [320,2]
06-23 07:48:34.773  3628  3807 I sysui_action: [319,175]
06-23 07:48:34.773  3628  3807 I sysui_action: [322,175]
06-23 07:48:34.936  3628  4898 I am_proc_start: [0,16051,10045,com.vivo.weather.provider,content provider,com.vivo.weather.provider/.WeatherProvider]
06-23 07:48:34.952  3628  7859 I am_proc_bound: [0,16051,com.vivo.weather.provider]
06-23 07:48:35.016  3628  3776 I am_stop_activity: [0,154845053,com.vivo.browser/.MainActivity]
06-23 07:48:35.025  8576  8576 I am_on_stop_called: [0,com.vivo.browser.MainActivity,handleStopActivity]
06-23 07:48:35.094   511   511 I sf_frame_dur: [SurfaceView - com.vivo.browser/com.vivo.browser.MainActivity,105,3,3,2,1,2,3]
06-23 07:48:35.094   511   511 I sf_frame_dur: [com.vivo.browser/com.vivo.browser.MainActivity,6198,240,57,66,66,92,151]
06-23 07:48:36.081  3628  4838 I am_focused_stack: [0,1,0,bringingFoundTaskToFront setFocusedActivity]
06-23 07:48:36.082  3628  4838 I wm_task_moved: [5,1,2]
06-23 07:48:36.084  3628  4838 I am_focused_activity: [0,com.tencent.mm/.ui.LauncherUI,bringingFoundTaskToFront]
06-23 07:48:36.084  3628  4838 I am_pause_activity: [0,125833790,com.bbk.launcher2/.Launcher]
06-23 07:48:36.086  3628  4838 I am_task_to_front: [0,5]
06-23 07:48:36.086  3628  4838 I am_new_intent: [0,247308196,5,com.tencent.mm/.ui.LauncherUI,android.intent.action.MAIN,NULL,NULL,811597824]
06-23 07:48:36.087  3628  4838 I sysui_action: [323,com.tencent.mm/.ui.LauncherUI]
06-23 07:48:36.087  3628  4838 I sysui_action: [324,true]
06-23 07:48:36.087  3628  4838 I sysui_action: [325,2538]
06-23 07:48:36.092  5739  5739 I am_on_paused_called: [0,com.bbk.launcher2.Launcher,handlePauseActivity]
06-23 07:48:36.100  3628  4916 I am_resume_activity: [0,70900663,5,com.tencent.mm/.ui.LauncherUI]
06-23 07:48:36.106  3628  3776 I sysui_count: [window_time_0,1]
06-23 07:48:36.132  3628  3775 I am_pss  : [8240,10081,com.vivo.safecenter,6341632,4841472,0]
06-23 07:48:36.152  3628  3775 I am_pss  : [6657,10063,com.iqoo.secure:remote,21475328,19369984,0]
06-23 07:48:36.161  5932  5932 I am_on_resume_called: [0,com.tencent.mm.ui.LauncherUI,RESUME_ACTIVITY]
06-23 07:48:36.201  3628  3776 I am_proc_start: [0,16075,10133,com.tencent.mm:appbrand0,broadcast,com.tencent.mm/.plugin.appbrand.task.AppBrandTaskPreloadReceiver]
06-23 07:48:36.210  3628  7859 I am_proc_bound: [0,16075,com.tencent.mm:appbrand0]
06-23 07:48:36.251  3628  3807 I sysui_action: [320,2]
06-23 07:48:36.251  3628  3807 I sysui_action: [319,177]
06-23 07:48:36.251  3628  3807 I sysui_action: [322,177]
06-23 07:48:36.535  3628  3776 I am_stop_activity: [0,125833790,com.bbk.launcher2/.Launcher]
06-23 07:48:36.537  5739  5739 I am_on_stop_called: [0,com.bbk.launcher2.Launcher,handleStopActivity]
06-23 07:48:36.563   511   511 I sf_frame_dur: [com.bbk.launcher2/com.bbk.launcher2.Launcher,31,0,2,2,1,0,0]
06-23 07:48:37.972  3628  7859 I am_broadcast_discard_app: [0,27505018,android.net.wifi.RSSI_CHANGED,0,ResolveInfo{121ed2b com.sdu.didi.psnger/com.didi.sdk.receiver.WifiReceiver m=0x108000}]
06-23 07:48:37.991  3628  3775 I am_pss  : [4306,10062,com.baidu.input_bbk.service,48251904,38928384,0]
06-23 07:48:38.010  3628  3775 I am_pss  : [4272,1000,com.vivo.appfilter,9696256,8642560,0]
06-23 07:48:38.030  3628  3775 I am_pss  : [5831,10011,android.process.media,37981184,36290560,0]
06-23 07:48:38.049  3628  3775 I am_pss  : [4923,10064,com.bbk.iqoo.logsystem,20387840,18432000,0]
06-23 07:48:38.065  3628  3775 I am_pss  : [7370,10028,com.vivo.audiofx,4640768,3649536,0]
06-23 07:48:38.078  3628  3775 I am_pss  : [6237,10097,com.vivo.widget,3319808,2519040,0]
06-23 07:48:38.092  3628  3775 I am_pss  : [6570,1000,com.vivo.wifi.networkdetect,4555776,3723264,0]
06-23 07:48:38.109  3628  3775 I am_pss  : [6399,10055,com.vivo.devicereg,16779264,14962688,0]
06-23 07:48:38.123  3628  3775 I am_pss  : [4787,10002,android.process.acore,23069696,20828160,0]
06-23 07:48:38.138  3628  3775 I am_pss  : [4738,1000,com.vivo.smartmultiwindow,22581248,20889600,0]
06-23 07:48:38.159  3628  3775 I am_pss  : [6863,10133,com.tencent.mm:tools,49170432,36163584,0]
06-23 07:48:38.174  3628  3775 I am_pss  : [4679,1000,com.android.settings,14477312,11640832,0]
06-23 07:48:38.188  3628  3775 I am_pss  : [5190,10002,com.vivo.sim.contacts,7666688,6590464,0]
06-23 07:48:38.202  3628  3775 I am_pss  : [6685,10041,com.android.BBKClock,5376000,4460544,0]
06-23 07:48:38.220  3628  3775 I am_pss  : [7655,10171,com.sie.mp:pushservice,33388544,26918912,0]
06-23 07:48:38.235  3628  3775 I am_pss  : [6923,1000,com.vivo.permissionmanager,18057216,16629760,0]
06-23 07:48:38.250  3628  3775 I am_pss  : [5786,1000,com.android.bbklog,11424768,10199040,0]
06-23 07:48:38.263  3628  3775 I am_pss  : [7920,1000,com.volte.config,4466688,3543040,0]
06-23 07:48:38.278  3628  3775 I am_pss  : [5099,10066,com.vivo.magazine,11432960,10379264,0]
06-23 07:48:38.292  3628  3775 I am_pss  : [7597,1000,org.simalliance.openmobileapi.service:remote,4016128,3211264,0]
06-23 07:48:38.306  3628  3775 I am_pss  : [7418,1000,com.vivo.abe:pushservice_v1,13871104,10317824,0]
06-23 07:48:38.320  3628  3775 I am_pss  : [5208,1001,com.qualcomm.qcrilmsgtunnel,4163584,3411968,0]
06-23 07:48:38.334  3628  3775 I am_pss  : [7342,1000,com.qualcomm.qti.appnetaccess,3515392,2748416,0]
06-23 07:48:38.347  3628  3775 I am_pss  : [7000,1000,com.qualcomm.qti.qs,3487744,2707456,0]
06-23 07:48:38.361  3628  3775 I am_pss  : [6899,1000,com.android.fuelsummary,5404672,4526080,0]
06-23 07:48:38.375  3628  3775 I am_pss  : [6791,1000,com.qualcomm.display,3171328,2457600,0]
06-23 07:48:38.388  3628  3775 I am_pss  : [5805,10105,com.android.smspush,2996224,2273280,0]
06-23 07:48:38.402  3628  3775 I am_pss  : [5720,1000,com.qti.service.colorservice,3466240,2674688,0]
06-23 07:48:38.415  3628  3775 I am_pss  : [5444,10013,android.ext.services,3916800,3108864,0]
06-23 07:48:38.433  3628  3775 I am_pss  : [4289,1002,com.android.bluetooth,15408128,12189696,0]
06-23 07:48:40.099  3628  3776 I am_broadcast_discard_app: [0,245436612,android.net.wifi.RSSI_CHANGED,0,ResolveInfo{9480bad com.sdu.didi.psnger/com.didi.sdk.receiver.WifiReceiver m=0x108000}]
06-23 07:48:43.123  3628  3776 I am_broadcast_discard_app: [0,50361648,android.net.wifi.RSSI_CHANGED,0,ResolveInfo{e06b5a9 com.sdu.didi.psnger/com.didi.sdk.receiver.WifiReceiver m=0x108000}]
06-23 07:48:46.157  3628  3776 I am_broadcast_discard_app: [0,45069404,android.net.wifi.RSSI_CHANGED,0,ResolveInfo{8ec0365 com.sdu.didi.psnger/com.didi.sdk.receiver.WifiReceiver m=0x108000}]
06-23 07:48:46.160  3628  3776 I am_kill : [0,10522,com.vivo.msgpush,906,empty for 2203s]
06-23 07:48:46.216  3628  7863 I am_proc_died: [0,10522,com.vivo.msgpush]
06-23 07:48:46.219  3628  3775 I am_pss  : [5932,10133,com.tencent.mm,162054144,140627968,0]
06-23 07:48:49.184  3628  3776 I am_broadcast_discard_app: [0,236876001,android.net.wifi.RSSI_CHANGED,0,ResolveInfo{860ce06 com.sdu.didi.psnger/com.didi.sdk.receiver.WifiReceiver m=0x108000}]
06-23 07:48:49.228  3628  3775 I am_pss  : [9906,10009,com.android.dialer,27635712,21671936,0]
06-23 07:48:49.254  3628  3775 I am_pss  : [7610,10171,com.sie.mp,28017664,22044672,0]
06-23 07:48:49.274  3628  3775 I am_pss  : [9502,10088,com.bbk.updater,22537216,21368832,0]
06-23 07:48:49.293  3628  3775 I am_pss  : [14314,10093,com.android.camera,13646848,10190848,0]
06-23 07:48:49.309  3628  3775 I am_pss  : [7983,10107,com.vivo.widget.calendar,4474880,3518464,0]
06-23 07:48:49.325  3628  3775 I am_pss  : [10089,1000,com.vivo.cameraparamluma,8742912,7512064,0]
06-23 07:48:49.341  3628  3775 I am_pss  : [13401,1000,com.bbk.facewake,6313984,5029888,0]
06-23 07:48:52.201  3628  3776 I am_broadcast_discard_app: [0,61880861,android.net.wifi.RSSI_CHANGED,0,ResolveInfo{32bc492 com.sdu.didi.psnger/com.didi.sdk.receiver.WifiReceiver m=0x108000}]
06-23 07:48:53.887  3628  7859 I wm_task_moved: [5,1,2]
06-23 07:48:53.887  3628  7859 I am_create_activity: [0,225675872,5,com.tencent.mm/.ui.chatting.gallery.ImageGalleryUI,NULL,NULL,NULL,0]
06-23 07:48:53.888  3628  7859 I wm_task_moved: [5,1,2]
06-23 07:48:53.889  3628  7859 I am_focused_activity: [0,com.tencent.mm/.ui.chatting.gallery.ImageGalleryUI,startedActivity]
06-23 07:48:53.890  3628  7859 I am_pause_activity: [0,70900663,com.tencent.mm/.ui.LauncherUI]
06-23 07:48:53.954  5932  5932 I am_on_paused_called: [0,com.tencent.mm.ui.LauncherUI,handlePauseActivity]
06-23 07:48:53.962  3628  4890 I am_restart_activity: [0,225675872,5,com.tencent.mm/.ui.chatting.gallery.ImageGalleryUI]
06-23 07:48:53.975  3628  3776 I sysui_count: [window_time_0,18]
06-23 07:48:54.041  5932  5932 I am_on_resume_called: [0,com.tencent.mm.ui.chatting.gallery.ImageGalleryUI,LAUNCH_ACTIVITY]
06-23 07:48:54.178  3628  3807 I am_activity_launch_time: [0,225675872,com.tencent.mm/.ui.chatting.gallery.ImageGalleryUI,221,221]
06-23 07:48:54.201  3628  3628 I notification_enqueue: [10133,5932,com.tencent.mm,4097,NULL,0,Notification(pri=0 contentView=null vibrate=null sound=null tick defaults=0x0 flags=0x101 color=0x00000000 category=msg vis=PRIVATE),0]
06-23 07:48:54.202  3628  3628 I notification_alert: [0|com.tencent.mm|4097|null|10133,0,0,1]
06-23 07:48:54.209  3628  3762 I notification_autogrouped: 0|com.tencent.mm|4097|null|10133
06-23 07:48:54.211  3628  3628 I notification_enqueue: [10133,5932,com.tencent.mm,2147483647,group_key_override,0,Notification(pri=0 contentView=null vibrate=null sound=null defaults=0x0 flags=0x700 color=0x00000000 groupKey=ranker_bundle vis=PRIVATE),0]
06-23 07:48:54.212  3628  4208 I notification_autogrouped: 0|com.tencent.mm|4097|null|10133
06-23 07:48:54.273  4319  4319 I sysui_count: [note_peek,1]
06-23 07:48:54.281  3628  7866 I notification_panel_revealed: 1
06-23 07:48:54.286  3628  7865 I notification_expansion: [0|com.tencent.mm|4097|null|10133,0,1,85,85,0]
06-23 07:48:54.993  3628  4320 I notification_visibility: [0|com.tencent.mm|4097|null|10133,1,792,792,0,1]
06-23 07:48:55.239  3628  3776 I am_broadcast_discard_app: [0,254618279,android.net.wifi.RSSI_CHANGED,0,ResolveInfo{d643b54 com.sdu.didi.psnger/com.didi.sdk.receiver.WifiReceiver m=0x108000}]
06-23 07:48:55.392  3628  3775 I am_pss  : [8576,10025,com.vivo.browser,225776640,172912640,0]
06-23 07:48:55.450  3628  3775 I am_pss  : [8893,99000,com.vivo.browser:sandboxed_process0,108332032,96411648,0]
06-23 07:48:55.482  3628  3775 I am_pss  : [8014,10030,com.bbk.appstore,14362624,12636160,0]
06-23 07:48:55.641  3628  4922 I am_finish_activity: [0,225675872,5,com.tencent.mm/.ui.chatting.gallery.ImageGalleryUI,app-request]
06-23 07:48:55.642  3628  4922 I wm_task_moved: [5,1,2]
06-23 07:48:55.644  3628  4922 I am_focused_activity: [0,com.tencent.mm/.ui.LauncherUI,finishActivity adjustFocus]
06-23 07:48:55.645  3628  4922 I am_pause_activity: [0,225675872,com.tencent.mm/.ui.chatting.gallery.ImageGalleryUI]
06-23 07:48:55.670  5932  5932 I am_on_paused_called: [0,com.tencent.mm.ui.chatting.gallery.ImageGalleryUI,handlePauseActivity]
06-23 07:48:55.682  3628  4863 I am_resume_activity: [0,70900663,5,com.tencent.mm/.ui.LauncherUI]
06-23 07:48:55.706   511   511 I sf_frame_dur: [com.tencent.mm/com.tencent.mm.ui.chatting.gallery.ImageGalleryUI,31,2,1,0,2,0,0]
