06-23 07:01:02.338  3628  3776 I am_broadcast_discard_app: [0,89626481,android.intent.action.BOOT_COMPLETED,29,ResolveInfo{4c8edfe com.tencent.android.qqdownloader/com.tencent.assistant.module.timer.ScheduleJobReceiver p=1000 m=0x108000}]
06-23 07:01:02.338  3628  3776 I am_broadcast_discard_app: [0,89626481,android.intent.action.BOOT_COMPLETED,30,ResolveInfo{284e95f com.tencent.android.qqdownloader/com.tencent.assistant.TimerJob.TimerJobService p=1000 m=0x108000}]
06-23 07:01:02.401  3628  4880 I am_proc_start: [0,6832,1000,com.vivo.networkstate,broadcast,com.vivo.networkstate/.StartupReceiver]
06-23 07:01:02.416  3628  4915 I am_proc_bound: [0,6832,com.vivo.networkstate]
06-23 07:01:02.728  3628  4927 I am_proc_start: [0,6863,10133,com.tencent.mm:tools,content provider,com.tencent.mm/.plugin.risk_scanner.RiskScannerReqBufferProvider]
06-23 07:01:02.743  3628  4320 I am_proc_bound: [0,6863,com.tencent.mm:tools]
06-23 07:01:02.786  3628  4870 I am_proc_died: [0,6513,com.vivo.game]
06-23 07:01:02.794  3628  4890 I am_wtf  : [0,3628,system_server,-1,ActivityManager,Sending non-protected broadcast android.intent.action.vivoread6854ok from system 6832:com.vivo.networkstate/1000 pkg com.vivo.networkstate]
06-23 07:01:03.194  3628  4418 I am_proc_start: [0,6899,1000,com.android.fuelsummary,broadcast,com.android.fuelsummary/.FuelSummaryReceiver]
06-23 07:01:03.212  3628  4915 I am_proc_bound: [0,6899,com.android.fuelsummary]
06-23 07:01:03.297  3628  4250 I am_proc_start: [0,6923,1000,com.vivo.permissionmanager,content provider,com.vivo.permissionmanager/.provider.PermissionProvider]
06-23 07:01:03.331  3628  4890 I am_proc_bound: [0,6923,com.vivo.permissionmanager]
06-23 07:01:03.378  3628  4916 I am_proc_start: [0,6948,1000,com.iqoo.powersaving,broadcast,com.iqoo.powersaving/.TopSpeedReceiver]
06-23 07:01:03.392  3628  4890 I am_proc_bound: [0,6948,com.iqoo.powersaving]
06-23 07:01:03.550  3628  3762 I am_proc_start: [0,7000,1000,com.qualcomm.qti.qs,broadcast,com.qualcomm.qti.qs/.QSBroadcastReceiver]
06-23 07:01:03.563  3628  3760 I am_proc_bound: [0,7000,com.qualcomm.qti.qs]
06-23 07:01:03.623  3628  4835 I am_proc_start: [0,7021,10093,com.android.camera,broadcast,com.android.camera/.PreloadCameraReceiver]
06-23 07:01:03.641  3628  4927 I am_proc_bound: [0,7021,com.android.camera]
06-23 07:01:03.722  3628  4898 I am_wtf  : [0,3628,system_server,-1,ActivityManager,Sending non-protected broadcast com.qualcomm.qti.qs.tiles.audioprofiletile from system 7000:com.qualcomm.qti.qs/1000 pkg com.qualcomm.qti.qs]
06-23 07:01:03.762  3628  4927 I am_wtf  : [0,3628,system_server,-1,ActivityManager,Sending non-protected broadcast com.qualcomm.qti.qs.tiles.apntile from system 7000:com.qualcomm.qti.qs/1000 pkg com.qualcomm.qti.qs]
06-23 07:01:03.773  3628  4418 I am_wtf  : [0,3628,system_server,-1,ActivityManager,Sending non-protected broadcast com.qualcomm.qti.qs.tiles.datatile from system 7000:com.qualcomm.qti.qs/1000 pkg com.qualcomm.qti.qs]
06-23 07:01:03.788  3628  4916 I am_wtf  : [0,3628,system_server,-1,ActivityManager,Sending non-protected broadcast com.qualcomm.qti.qs.tiles.ddstile from system 7000:com.qualcomm.qti.qs/1000 pkg com.qualcomm.qti.qs]
06-23 07:01:03.795  3628  4863 I am_wtf  : [0,3628,system_server,-1,ActivityManager,Sending non-protected broadcast com.qualcomm.qti.qs.tiles.roamingtile from system 7000:com.qualcomm.qti.qs/1000 pkg com.qualcomm.qti.qs]
06-23 07:01:03.807  3628  4890 I am_wtf  : [0,3628,system_server,-1,ActivityManager,Sending non-protected broadcast com.qualcomm.qti.qs.tiles.audioprofiletile from system 7000:com.qualcomm.qti.qs/1000 pkg com.qualcomm.qti.qs]
06-23 07:01:03.845  3628  4863 I am_wtf  : [0,3628,system_server,-1,ActivityManager,Sending non-protected broadcast com.qualcomm.qti.qs.tiles.audioprofiletile from system 7000:com.qualcomm.qti.qs/1000 pkg com.qualcomm.qti.qs]
06-23 07:01:03.923  3628  4863 I notification_cancel_all: [10093,7021,com.android.camera,0,0,64,9,NULL]
06-23 07:01:04.418  3628  4898 I am_proc_start: [0,7096,10015,com.android.managedprovisioning,broadcast,com.android.managedprovisioning/.BootReminder]
06-23 07:01:04.421  3628  4898 I am_kill : [0,5543,com.iqoo.engineermode,906,empty #17]
06-23 07:01:04.433  3628  4916 I am_proc_bound: [0,7096,com.android.managedprovisioning]
06-23 07:01:04.515  3628  4915 I am_proc_start: [0,7112,10016,com.android.mms,broadcast,com.android.mms/.transaction.MmsSystemEventReceiver]
06-23 07:01:04.516  3628  4320 I am_proc_died: [0,5543,com.iqoo.engineermode]
06-23 07:01:04.519  3628  4320 I am_kill : [0,5595,com.android.providers.calendar,906,empty #17]
06-23 07:01:04.538  3628  4835 I am_proc_bound: [0,7112,com.android.mms]
06-23 07:01:04.587  3628  4880 I am_proc_died: [0,5595,com.android.providers.calendar]
06-23 07:01:04.988  3628  4916 I am_wtf  : [0,3628,system_server,-1,ActivityManager,Sending non-protected broadcast com.android.mms.undeliverd.sms from system 4891:com.android.phone/1001 pkg com.android.phone]
06-23 07:01:05.154  3628  4208 I am_wtf  : [0,3628,system_server,-1,ActivityManager,Sending non-protected broadcast launcher.action.CHANGE_APPLICATION_NOTIFICATION_NUM from system 4891:com.android.phone/1001 pkg com.android.phone]
06-23 07:01:05.155  3628  4208 I am_wtf  : [0,3628,system_server,-1,ActivityManager,Sending non-protected broadcast launcher.action.CHANGE_APPLICATION_NOTIFICATION_NUM from system 4891:com.android.phone/1001 pkg com.android.phone]
06-23 07:01:05.158  3628  4880 I am_wtf  : [0,3628,system_server,-1,ActivityManager,Sending non-protected broadcast android.no.read.BBKLockScreen.MSG from system 4891:com.android.phone/1001 pkg com.android.phone]
06-23 07:01:05.160  3628  4880 I am_wtf  : [0,3628,system_server,-1,ActivityManager,Sending non-protected broadcast android.no.read.BBKLockScreen.MSG from system 4891:com.android.phone/1001 pkg com.android.phone]
06-23 07:01:05.253  3628  4870 I am_wtf  : [0,3628,system_server,-1,ActivityManager,Sending non-protected broadcast launcher.action.CHANGE_APPLICATION_NOTIFICATION_NUM from system 4891:com.android.phone/1001 pkg com.android.phone]
06-23 07:01:05.254  3628  4870 I am_wtf  : [0,3628,system_server,-1,ActivityManager,Sending non-protected broadcast launcher.action.CHANGE_APPLICATION_NOTIFICATION_NUM from system 4891:com.android.phone/1001 pkg com.android.phone]
06-23 07:01:05.260  3628  4890 I am_wtf  : [0,3628,system_server,-1,ActivityManager,Sending non-protected broadcast android.no.read.BBKLockScreen.MSG from system 4891:com.android.phone/1001 pkg com.android.phone]
06-23 07:01:05.261  3628  4890 I am_wtf  : [0,3628,system_server,-1,ActivityManager,Sending non-protected broadcast android.no.read.BBKLockScreen.MSG from system 4891:com.android.phone/1001 pkg com.android.phone]
06-23 07:01:05.337  3628  3775 I am_pss  : [4289,1002,com.android.bluetooth,17672192,11931648,0]
06-23 07:01:05.360  3628  3775 I am_pss  : [4306,10062,com.baidu.input_bbk.service,32249856,26513408,0]
06-23 07:01:05.464  3628  3775 I am_pss  : [4272,1000,com.vivo.appfilter,8042496,6942720,0]
06-23 07:01:05.765  3628  4835 I am_proc_start: [0,7201,10040,com.bbk.theme.useinstructions,broadcast,com.bbk.theme/.tryuse.ResTryUseReceiver]
06-23 07:01:05.773  3628  4898 I am_proc_bound: [0,7201,com.bbk.theme.useinstructions]
06-23 07:01:06.073  3628  4874 I am_proc_start: [0,7234,10078,com.qti.smq.qualcommFeedback,broadcast,com.qti.smq.qualcommFeedback/com.qti.smq.receiver.lifecycle.BootReceiver]
06-23 07:01:06.078  3628  4890 I am_wtf  : [0,3628,system_server,-1,ActivityManager,Sending non-protected broadcast com.qti.dpmframework.DPM_INTERNET_CONNECTED from system 4842:.dataservices/1000 pkg com.quicinc.cne.CNEService]
06-23 07:01:06.078  3628  4890 I am_wtf  : [0,3628,system_server,-1,ActivityManager,Sending non-protected broadcast com.qti.dpmframework.DPM_INTERNET_CONNECTED from system 4842:.dataservices/1000 pkg com.quicinc.cne.CNEService]
06-23 07:01:06.089  3628  4870 I am_proc_bound: [0,7234,com.qti.smq.qualcommFeedback]
06-23 07:01:06.175  3628  4870 I am_proc_start: [0,7262,10110,com.qualcomm.embms,broadcast,com.qualcomm.embms/.EmbmsBootReceiver]
06-23 07:01:06.192  3628  4880 I am_proc_bound: [0,7262,com.qualcomm.embms]
06-23 07:01:06.260  3628  4922 I am_proc_start: [0,7287,10110,com.qualcomm.embms:remote,service,com.qualcomm.embms/.EmbmsService]
06-23 07:01:06.280  3628  4919 I am_proc_start: [0,7301,1000,com.qualcomm.telephony,broadcast,com.qualcomm.fastdormancy/.FastDormancyReceiver]
06-23 07:01:06.281  3628  4919 I am_kill : [0,5695,com.android.keychain,906,empty #17]
06-23 07:01:06.288  3628  4927 I am_proc_bound: [0,7287,com.qualcomm.embms:remote]
06-23 07:01:06.307  3628  4916 I am_proc_bound: [0,7301,com.qualcomm.telephony]
06-23 07:01:06.316  3628  4874 I am_proc_died: [0,7201,com.bbk.theme.useinstructions]
06-23 07:01:06.316  3628  4874 I am_schedule_service_restart: [0,com.bbk.theme/.tryuse.ResTryUseService,1000]
06-23 07:01:06.334  3628  4418 I am_proc_died: [0,5695,com.android.keychain]
06-23 07:01:06.351  3628  4919 I am_kill : [0,5752,com.android.printspooler,906,empty #17]
06-23 07:01:06.377  3628  3760 I am_proc_start: [0,7326,1000,com.qualcomm.qti.RIDL,broadcast,com.qualcomm.qti.RIDL/.cBroadcastReceiver]
06-23 07:01:06.410  3628  4915 I am_proc_bound: [0,7326,com.qualcomm.qti.RIDL]
06-23 07:01:06.476  3628  4880 I am_proc_start: [0,7342,1000,com.qualcomm.qti.appnetaccess,broadcast,com.qualcomm.qti.appnetaccess/.AppNetAccessReceiver]
06-23 07:01:06.476  3628  4890 I am_proc_died: [0,5752,com.android.printspooler]
06-23 07:01:06.480  3628  4890 I am_kill : [0,5156,org.codeaurora.ims,906,empty #17]
06-23 07:01:06.493  3628  4916 I am_kill : [0,6467,org.simalliance.openmobileapi.service,906,empty #17]
06-23 07:01:06.495  3628  3760 I am_proc_bound: [0,7342,com.qualcomm.qti.appnetaccess]
06-23 07:01:06.531  3628  3775 I am_pss  : [4738,1000,com.vivo.smartmultiwindow,12700672,11034624,0]
06-23 07:01:06.533  3628  4208 I am_proc_died: [0,5156,org.codeaurora.ims]
06-23 07:01:06.539  3628  4870 I am_proc_died: [0,6467,org.simalliance.openmobileapi.service]
06-23 07:01:06.554  3628  4915 I am_proc_start: [0,7355,1000,com.qualcomm.qti.modemtestmode,broadcast,com.qualcomm.qti.modemtestmode/.DefaultReceiver]
06-23 07:01:06.565  3628  3762 I am_proc_bound: [0,7355,com.qualcomm.qti.modemtestmode]
06-23 07:01:06.660  3628  4874 I am_kill : [0,6588,com.volte.config,906,empty #17]
06-23 07:01:06.688  3628  4208 I am_proc_start: [0,7370,10028,com.vivo.audiofx,broadcast,com.vivo.audiofx/.AudioFxIntentReceiver]
06-23 07:01:06.714  3628  4320 I am_proc_bound: [0,7370,com.vivo.audiofx]
06-23 07:01:06.728  3628  4927 I am_proc_died: [0,6588,com.volte.config]
06-23 07:01:06.891  3628  4418 I am_proc_start: [0,7418,1000,com.vivo.abe:pushservice_v1,service,com.vivo.abe/com.vivo.push.sdk.service.PushService]
06-23 07:01:06.935  3628  4320 I am_proc_bound: [0,7418,com.vivo.abe:pushservice_v1]
06-23 07:01:06.983  3628  3762 I am_proc_start: [0,7441,10037,com.android.notes,content provider,com.android.notes/.db.NoteProvider]
06-23 07:01:07.003  3628  4870 I am_proc_bound: [0,7441,com.android.notes]
06-23 07:01:07.060   511   511 I sf_frame_dur: [UpSlideTransparentView,1,0,0,0,0,0,0]
06-23 07:01:07.122  3628  3775 I am_pss  : [5099,10066,com.vivo.magazine,5179392,4431872,0]
06-23 07:01:07.170  3628  4898 I am_proc_start: [0,7496,10060,com.vivo.findphone,broadcast,com.vivo.findphone/.BootBroadcastReceiver]
06-23 07:01:07.217  3628  4418 I am_kill : [0,7441,com.android.notes,700,kill background]
06-23 07:01:07.224  3628  4208 I am_proc_bound: [0,7496,com.vivo.findphone]
06-23 07:01:07.332  3628  4898 I am_proc_start: [0,7522,1000,com.vivo.fingerprint,broadcast,com.vivo.fingerprint/.receiver.FingerprintReceiver]
06-23 07:01:07.335  3628  4898 I am_kill : [0,6362,com.android.settings.search_service,906,empty #17]
06-23 07:01:07.366  3628  4863 I am_proc_bound: [0,7522,com.vivo.fingerprint]
06-23 07:01:07.399  3628  4874 I am_proc_died: [0,7496,com.vivo.findphone]
06-23 07:01:07.423  3628  3775 I am_pss  : [5190,10002,com.vivo.sim.contacts,4164608,3424256,0]
06-23 07:01:07.468  3628  4874 I am_proc_start: [0,7552,1001,org.codeaurora.ims,broadcast,org.codeaurora.ims/.ImsServiceAutoboot]
06-23 07:01:07.493  3628  3762 I am_proc_bound: [0,7552,org.codeaurora.ims]
06-23 07:01:07.503  3628  3775 I am_pss  : [5208,1001,com.qualcomm.qcrilmsgtunnel,3950592,3280896,0]
06-23 07:01:07.503  3628  4915 I am_proc_died: [0,6362,com.android.settings.search_service]
06-23 07:01:07.610  3628  4919 I am_wtf  : [0,3628,system_server,-1,ActivityManager,Sending non-protected broadcast org.codeaurora.qs.tiles.wificallingtile from system 7552:org.codeaurora.ims/1001 pkg org.codeaurora.ims]
06-23 07:01:07.629  3628  3760 I am_proc_start: [0,7578,1000,org.simalliance.openmobileapi.service,broadcast,org.simalliance.openmobileapi.service/.SmartcardServiceBootCompletedBroadcastReceiver]
06-23 07:01:07.631  3628  3760 I am_kill : [0,6378,com.mobiletools.systemhelper:register,906,empty #17]
06-23 07:01:07.656  3628  4915 I am_proc_bound: [0,7578,org.simalliance.openmobileapi.service]
06-23 07:01:07.667  3628  3760 I am_proc_died: [0,6378,com.mobiletools.systemhelper:register]
06-23 07:01:07.746  3628  4870 I am_proc_start: [0,7597,1000,org.simalliance.openmobileapi.service:remote,service,org.simalliance.openmobileapi.service/.SmartcardService]
06-23 07:01:07.773  3628  4320 I am_proc_bound: [0,7597,org.simalliance.openmobileapi.service:remote]
06-23 07:01:07.785  3628  3762 I am_broadcast_discard_app: [0,89626481,android.intent.action.BOOT_COMPLETED,119,ResolveInfo{ea7855 cn.kidyn.qdmedical160/com.netease.nimlib.service.NimReceiver m=0x108000}]
06-23 07:01:07.786  3628  3776 I am_broadcast_discard_app: [0,89626481,android.intent.action.BOOT_COMPLETED,121,ResolveInfo{b3d526a com.achievo.vipshop/com.igexin.sdk.PushReceiver m=0x108000}]
06-23 07:01:07.786  3628  3776 I am_broadcast_discard_app: [0,89626481,android.intent.action.BOOT_COMPLETED,122,ResolveInfo{34935b com.achievo.vipshop/com.tencent.qalsdk.core.NetConnInfoCenter m=0x108000}]
06-23 07:01:07.787  3628  3776 I am_broadcast_discard_app: [0,89626481,android.intent.action.BOOT_COMPLETED,123,ResolveInfo{eaaa7f8 com.anjuke.android.app/.newhouse.receiver.BootReceiver m=0x108000}]
06-23 07:01:07.788  3628  3776 I am_broadcast_discard_app: [0,89626481,android.intent.action.BOOT_COMPLETED,124,ResolveInfo{fa744d1 com.anjuke.android.app/.common.receiver.UninstallLogLauncher m=0x108000}]
06-23 07:01:07.789  3628  3776 I am_broadcast_discard_app: [0,89626481,android.intent.action.BOOT_COMPLETED,125,ResolveInfo{bd62b36 com.anjuke.android.app/com.android.anjuke.chat.receiver.PushMessageReceiver m=0x108000}]
06-23 07:01:07.789  3628  3776 I am_broadcast_discard_app: [0,89626481,android.intent.action.BOOT_COMPLETED,126,ResolveInfo{d1f0a37 com.anjuke.android.app/com.igexin.sdk.PushReceiver m=0x108000}]
06-23 07:01:07.790  3628  3776 I am_broadcast_discard_app: [0,89626481,android.intent.action.BOOT_COMPLETED,127,ResolveInfo{8de4ba4 com.autonavi.minimap/com.amap.api.service.BootEventReceiver m=0x108000}]
06-23 07:01:07.793  3628  3776 I am_broadcast_discard_app: [0,89626481,android.intent.action.BOOT_COMPLETED,128,ResolveInfo{68a5d0d com.autonavi.minimap/com.taobao.accs.EventReceiver m=0x108000}]
06-23 07:01:07.794  3628  3776 I am_broadcast_discard_app: [0,89626481,android.intent.action.BOOT_COMPLETED,129,ResolveInfo{651c4c2 com.baidu.BaiduMap/com.baidu.mapframework.location.LocationStartListener m=0x108000}]
06-23 07:01:07.795  3628  3776 I am_broadcast_discard_app: [0,89626481,android.intent.action.BOOT_COMPLETED,130,ResolveInfo{ad012d3 com.baidu.BaiduMap/com.baidu.android.pushservice.PushServiceReceiver m=0x108000}]
06-23 07:01:07.796  3628  3776 I am_broadcast_discard_app: [0,89626481,android.intent.action.BOOT_COMPLETED,131,ResolveInfo{2867e10 com.baidu.netdisk/com.baidu.android.pushservice.PushServiceReceiver m=0x108000}]
06-23 07:01:07.797  3628  3776 I am_broadcast_discard_app: [0,89626481,android.intent.action.BOOT_COMPLETED,132,ResolveInfo{e0cbd09 com.baidu.netdisk/.device.devicesecurity.DSBootCompleteReceiver m=0x108000}]
06-23 07:01:07.798  3628  3776 I am_broadcast_discard_app: [0,89626481,android.intent.action.BOOT_COMPLETED,133,ResolveInfo{afb6b0e com.dianping.v1/com.dianping.base.push.pushservice.PhoneStatusReceiver m=0x108000}]
06-23 07:01:07.798  3628  3776 I am_broadcast_discard_app: [0,89626481,android.intent.action.BOOT_COMPLETED,134,ResolveInfo{27f092f com.eg.android.AlipayGphone/com.alipay.mobile.logmonitor.ClientMonitorWakeupReceiver m=0x108000}]
06-23 07:01:07.799  3628  3776 I am_broadcast_discard_app: [0,89626481,android.intent.action.BOOT_COMPLETED,135,ResolveInfo{e3d6b3c com.htinns/com.igexin.sdk.PushReceiver m=0x108000}]
06-23 07:01:07.800  3628  3776 I am_broadcast_discard_app: [0,89626481,android.intent.action.BOOT_COMPLETED,136,ResolveInfo{33b20c5 com.htinns/org.altbeacon.beacon.startup.StartupBroadcastReceiver m=0x108000}]
06-23 07:01:07.801  3628  3776 I am_broadcast_discard_app: [0,89626481,android.intent.action.BOOT_COMPLETED,137,ResolveInfo{1872a1a com.ifeng.news2/com.igexin.sdk.PushReceiver m=0x108000}]
06-23 07:01:07.804  3628  3762 I am_kill : [0,6705,com.android.timerswitch,906,empty #17]
06-23 07:01:07.815  3628  3776 I am_broadcast_discard_app: [0,89626481,android.intent.action.BOOT_COMPLETED,138,ResolveInfo{f7d094b com.immomo.momo/.android.broadcast.BootCompletedReceiver m=0x108000}]
06-23 07:01:07.816  3628  3776 I am_broadcast_discard_app: [0,89626481,android.intent.action.BOOT_COMPLETED,139,ResolveInfo{c13ff28 com.immomo.momo/com.immomo.thirdparty.umeng.message.SystemReceiver m=0x108000}]
06-23 07:01:07.817  3628  3776 I am_broadcast_discard_app: [0,89626481,android.intent.action.BOOT_COMPLETED,140,ResolveInfo{d320441 com.immomo.momo/com.immomo.thirdparty.umeng.message.UmengMessageBootReceiver m=0x108000}]
06-23 07:01:07.818  3628  3776 I am_broadcast_discard_app: [0,89626481,android.intent.action.BOOT_COMPLETED,141,ResolveInfo{6ddcde6 com.jm.android.jumei/com.igexin.sdk.PushReceiver m=0x108000}]
06-23 07:01:07.818  3628  3776 I am_broadcast_discard_app: [0,89626481,android.intent.action.BOOT_COMPLETED,142,ResolveInfo{710ef27 com.jm.android.jumei/.push.JMAliReceiver m=0x108000}]
06-23 07:01:07.819  3628  3776 I am_broadcast_discard_app: [0,89626481,android.intent.action.BOOT_COMPLETED,143,ResolveInfo{21356c3 com.jm.android.jumei/com.tencent.qalsdk.core.NetConnInfoCenter m=0x108000}]
06-23 07:01:07.821  3628  3776 I am_broadcast_discard_app: [0,89626481,android.intent.action.BOOT_COMPLETED,144,ResolveInfo{47d8b40 com.jm.android.jumei/com.taobao.accs.EventReceiver m=0x108000}]
06-23 07:01:07.821  3628  3776 I am_broadcast_discard_app: [0,89626481,android.intent.action.BOOT_COMPLETED,145,ResolveInfo{d61fa79 com.lesports.glivesports/com.igexin.sdk.PushReceiver m=0x108000}]
06-23 07:01:07.822  3628  3776 I am_broadcast_discard_app: [0,89626481,android.intent.action.BOOT_COMPLETED,146,ResolveInfo{f9eb3be com.letv.android.client/.receiver.BootCompletedBroadcastReceiver m=0x108000}]
06-23 07:01:07.822  3628  3776 I am_broadcast_discard_app: [0,89626481,android.intent.action.BOOT_COMPLETED,147,ResolveInfo{44a9c1f com.letv.android.client/com.letv.push.receiver.LetvPushServiceReceiver m=0x108000}]
06-23 07:01:07.825  3628  3776 I am_broadcast_discard_app: [0,89626481,android.intent.action.BOOT_COMPLETED,148,ResolveInfo{e501b6c com.microfundrn/com.igexin.sdk.PushReceiver m=0x108000}]
06-23 07:01:07.826  3628  3776 I am_broadcast_discard_app: [0,89626481,android.intent.action.BOOT_COMPLETED,149,ResolveInfo{1fec535 com.mobike.mobikeapp/com.igexin.sdk.PushReceiver m=0x108000}]
06-23 07:01:07.826  3628  3776 I am_broadcast_discard_app: [0,89626481,android.intent.action.BOOT_COMPLETED,150,ResolveInfo{58e4dca com.mobike.mobikeapp/com.hyphenate.chat.EMMonitorReceiver m=0x108000}]
06-23 07:01:07.827  3628  3776 I am_broadcast_discard_app: [0,89626481,android.intent.action.BOOT_COMPLETED,151,ResolveInfo{d86db3b com.netease.mail/com.netease.mobimail.receiver.BootReceiver m=0x108000}]
06-23 07:01:07.828  3628  3776 I am_broadcast_discard_app: [0,89626481,android.intent.action.BOOT_COMPLETED,152,ResolveInfo{3d98258 com.netease.mail/com.igexin.sdk.PushReceiver m=0x108000}]
06-23 07:01:07.829  3628  3776 I am_broadcast_discard_app: [0,89626481,android.intent.action.BOOT_COMPLETED,153,ResolveInfo{c2b7c96 com.nfyg.hsbb/com.igexin.sdk.PushReceiver m=0x108000}]
06-23 07:01:07.830  3628  3776 I am_broadcast_discard_app: [0,89626481,android.intent.action.BOOT_COMPLETED,154,ResolveInfo{7df017 com.nfyg.hsbb/.services.receivers.AutoStartReceiver m=0x108000}]
06-23 07:01:07.830  3628  3776 I am_broadcast_discard_app: [0,89626481,android.intent.action.BOOT_COMPLETED,155,ResolveInfo{d906c04 com.pplive.androidphone/com.pplive.pushmsgsdk.SdkReceiver m=0x108000}]
06-23 07:01:07.831  3628  3776 I am_broadcast_discard_app: [0,89626481,android.intent.action.BOOT_COMPLETED,156,ResolveInfo{67f65ed com.pplive.androidphone/io.rong.push.PushReceiver m=0x108000}]
06-23 07:01:07.832  3628  3776 I am_broadcast_discard_app: [0,89626481,android.intent.action.BOOT_COMPLETED,157,ResolveInfo{79acc22 com.qiyi.video/org.qiyi.android.corejar.deliver.heartbeat.HeartBeatReceiver m=0x108000}]
06-23 07:01:07.833  3628  3776 I am_broadcast_discard_app: [0,89626481,android.intent.action.BOOT_COMPLETED,158,ResolveInfo{b6776b3 com.qiyi.video/com.baidu.android.pushservice.PushServiceReceiver m=0x108000}]
06-23 07:01:07.833  3628  3776 I am_broadcast_discard_app: [0,89626481,android.intent.action.BOOT_COMPLETED,159,ResolveInfo{2aa4470 com.qiyi.video/org.qiyi.android.video.ui.phone.traffic.receiver.TrafficReceiver m=0x108000}]
06-23 07:01:07.834  3628  3776 I am_broadcast_discard_app: [0,89626481,android.intent.action.BOOT_COMPLETED,160,ResolveInfo{1f973e9 com.qiyi.video/com.iqiyi.pushservice.PushServiceReceiver m=0x108000}]
06-23 07:01:07.834  3628  3776 I am_broadcast_discard_app: [0,89626481,android.intent.action.BOOT_COMPLETED,161,ResolveInfo{7bd886e com.qiyi.video/com.iqiyi.impushservice.receiver.ImPushServiceReceiver m=0x108000}]
06-23 07:01:07.835  3628  3776 I am_broadcast_discard_app: [0,89626481,android.intent.action.BOOT_COMPLETED,162,ResolveInfo{e58cb0f com.qiyi.video/com.iqiyi.sdk.android.pushservice.PushServiceReceiver m=0x108000}]
06-23 07:01:07.835  3628  3776 I am_broadcast_discard_app: [0,89626481,android.intent.action.BOOT_COMPLETED,163,ResolveInfo{647379c com.sankuai.meituan/com.dianping.base.push.pushservice.PhoneStatusReceiver m=0x108000}]
06-23 07:01:07.849  3628  3776 I am_proc_start: [0,7610,10171,com.sie.mp,broadcast,com.sie.mp/com.igexin.sdk.PushReceiver]
06-23 07:01:07.873  3628  4890 I am_proc_bound: [0,7610,com.sie.mp]
06-23 07:01:07.877  3628  4208 I am_proc_died: [0,6705,com.android.timerswitch]
06-23 07:01:08.082  3628  4320 I am_proc_start: [0,7655,10171,com.sie.mp:pushservice,service,com.sie.mp/.vivo.push.V5PushService]
06-23 07:01:08.095  3628  3775 I am_pss  : [4679,1000,com.android.settings,13494272,10665984,0]
06-23 07:01:08.111  3628  4880 I am_proc_bound: [0,7655,com.sie.mp:pushservice]
06-23 07:01:08.889  3628  3628 I notification_enqueue: [1000,5786,com.android.bbklog,1,NULL,0,Notification(pri=0 contentView=com.android.bbklog/0x3030028 vibrate=null sound=null defaults=0x0 flags=0x40 color=0x00000000 vis=PRIVATE),0]
06-23 07:01:08.903  3628  4919 I notification_autogrouped: 0|com.android.bbklog|1|null|1000
06-23 07:01:08.905  3628  3628 I notification_enqueue: [1000,5786,com.android.bbklog,2147483647,group_key_override,0,Notification(pri=0 contentView=null vibrate=null sound=null defaults=0x0 flags=0x700 color=0x00000000 groupKey=ranker_bundle vis=PRIVATE),0]
06-23 07:01:08.908  3628  4418 I notification_autogrouped: 0|com.android.bbklog|1|null|1000
06-23 07:01:08.983  3628  4874 I notification_expansion: [0|com.android.bbklog|1|null|1000,0,1,98,98,0]
06-23 07:01:09.175  3628  4916 I am_broadcast_discard_app: [0,89626481,android.intent.action.BOOT_COMPLETED,165,ResolveInfo{d4be05c com.sina.weibo/.BootCompletedReceiver m=0x108000}]
06-23 07:01:09.176  3628  3776 I am_broadcast_discard_app: [0,89626481,android.intent.action.BOOT_COMPLETED,166,ResolveInfo{ad2bf65 com.sina.weibo/com.sina.push.receiver.PushSDKReceiver m=0x108000}]
06-23 07:01:09.178  3628  4916 I am_kill : [0,6804,com.vivo.bspservice,906,empty #17]
06-23 07:01:09.180  3628  3776 I am_broadcast_discard_app: [0,89626481,android.intent.action.BOOT_COMPLETED,167,ResolveInfo{f2a743a com.sina.weibo/.localpush.BootRemoteReceiver m=0x108000}]
06-23 07:01:09.182  3628  3776 I am_broadcast_discard_app: [0,89626481,android.intent.action.BOOT_COMPLETED,168,ResolveInfo{35958eb com.ss.android.article.lite/com.ss.android.message.MessageReceiver m=0x108000}]
06-23 07:01:09.182  3628  3776 I am_broadcast_discard_app: [0,89626481,android.intent.action.BOOT_COMPLETED,169,ResolveInfo{6e4a648 com.ss.android.article.lite/com.taobao.accs.EventReceiver m=0x108000}]
06-23 07:01:09.183  3628  3776 I am_broadcast_discard_app: [0,89626481,android.intent.action.BOOT_COMPLETED,170,ResolveInfo{db4ece1 com.ss.android.article.lite/com.ss.android.download.DownloadReceiver m=0x108000}]
06-23 07:01:09.183  3628  3776 I am_broadcast_discard_app: [0,89626481,android.intent.action.BOOT_COMPLETED,171,ResolveInfo{d3b9a06 com.taobao.taobao/com.taobao.accs.EventReceiver m=0x108000}]
06-23 07:01:09.184  3628  3776 I am_broadcast_discard_app: [0,89626481,android.intent.action.BOOT_COMPLETED,172,ResolveInfo{1f298c7 com.taobao.taobao/com.taobao.nbcache.CacheRebootReceiver m=0x108000}]
06-23 07:01:09.197  3628  3776 I am_proc_start: [0,7787,10133,com.tencent.mm:exdevice,broadcast,com.tencent.mm/.booter.MMReceivers$ExdeviceProcessReceiver]
06-23 07:01:09.222  3628  4922 I am_proc_bound: [0,7787,com.tencent.mm:exdevice]
06-23 07:01:09.257  3628  4927 I am_proc_died: [0,6804,com.vivo.bspservice]
06-23 07:01:09.460  3628  3775 I am_pss  : [5444,10013,android.ext.services,3173376,2445312,0]
06-23 07:01:10.032  3628  3775 I am_pss  : [5739,10034,com.bbk.launcher2,85968896,77803520,0]
06-23 07:01:10.048  3628  3775 I am_pss  : [5720,1000,com.qti.service.colorservice,3278848,2555904,0]
06-23 07:01:10.076  3628  4874 I am_proc_died: [0,6180,com.bbk.appstore]
06-23 07:01:10.237  3628  3775 I am_pss  : [4923,10064,com.bbk.iqoo.logsystem,9680896,8310784,0]
06-23 07:01:10.252  3628  3775 I am_pss  : [5805,10105,com.android.smspush,2899968,2252800,0]
06-23 07:01:10.614  3628  4195 I netstats_mobile_sample: [99721,241,35156,248,98033,203,33172,248,97989,202,33132,247,1498172470615]
06-23 07:01:10.614  3628  4195 I netstats_wifi_sample: [0,0,0,0,0,0,0,0,0,0,0,0,1498172470615]
06-23 07:01:10.622  3628  4195 I netstats_mobile_sample: [99721,241,35769,250,98033,203,33729,249,98033,203,33729,249,1498172470623]
06-23 07:01:10.622  3628  4195 I netstats_wifi_sample: [0,0,0,0,0,0,0,0,0,0,0,0,1498172470623]
06-23 07:01:10.736  3628  4195 I netstats_mobile_sample: [99721,241,35769,250,98033,203,33769,250,98033,203,33769,250,1498172470737]
06-23 07:01:10.736  3628  4195 I netstats_wifi_sample: [0,0,42,1,0,0,60,1,0,0,60,1,1498172470737]
06-23 07:01:10.773  3628  7867 I am_wtf  : [0,3628,system_server,-1,ActivityManager,Sending non-protected broadcast com.vivo.networkimprove.pingfail.datastatus from system 4891:com.android.phone/1001 pkg com.android.phone]
06-23 07:01:10.782  3628  3775 I am_pss  : [5932,10133,com.tencent.mm,102522880,87818240,0]
06-23 07:01:10.883  3628  4880 I am_wtf  : [0,3628,system_server,-1,ActivityManager,Sending non-protected broadcast com.vivo.ewarranty.action.PHONE_STATE_CHANGED from system 4691:com.vivo.daemonService/1000 pkg com.vivo.daemonService]
06-23 07:01:10.922  3628  4880 I am_wtf  : [0,3628,system_server,-1,ActivityManager,Sending non-protected broadcast com.vivo.ewarranty.action.PHONE_STATE_CHANGED from system 4691:com.vivo.daemonService/1000 pkg com.vivo.daemonService]
06-23 07:01:11.005  3628  4915 I am_proc_start: [0,7920,1000,com.volte.config,service,com.volte.config/.call.ConfigService]
06-23 07:01:11.023  3628  7867 I am_proc_bound: [0,7920,com.volte.config]
06-23 07:01:11.242  3628  4079 I am_wtf  : [0,3628,system_server,-1,ActivityManager,Sending non-protected broadcast com.vivo.abe.readconfig from system uid 1000 pkg com.vivo.abe]
06-23 07:01:11.290  3628  3775 I am_pss  : [5609,1000,com.vivo.doubleinstance,5360640,4468736,0]
06-23 07:01:11.501  3628  4916 I am_kill : [0,6819,com.vivo.bsptest,906,empty #17]
06-23 07:01:11.586  3628  4208 I am_proc_died: [0,6819,com.vivo.bsptest]
06-23 07:01:11.602  3628  3776 I am_wtf  : [0,3628,system_server,-1,KernelWakelockReader,neither /proc/wakelocks nor /d/wakeup_sources exists]
06-23 07:01:11.668  3628  7865 I am_broadcast_discard_app: [0,89626481,android.intent.action.BOOT_COMPLETED,175,ResolveInfo{db77aea com.tencent.mtt/.browser.push.service.ConnectivityReceiver m=0x108000}]
06-23 07:01:11.670  3628  3776 I am_broadcast_discard_app: [0,89626481,android.intent.action.BOOT_COMPLETED,176,ResolveInfo{98ed1db com.tencent.news/com.taobao.accs.EventReceiver m=0x108000}]
06-23 07:01:11.672  3628  3776 I am_broadcast_discard_app: [0,89626481,android.intent.action.BOOT_COMPLETED,177,ResolveInfo{224478 com.xiaoming.bike/com.igexin.sdk.PushReceiver m=0x108000}]
06-23 07:01:11.673  3628  3776 I am_broadcast_discard_app: [0,89626481,android.intent.action.BOOT_COMPLETED,178,ResolveInfo{c43e751 com.ximalaya.fm.android/com.baidu.android.pushservice.PushServiceReceiver m=0x108000}]
06-23 07:01:11.674  3628  3776 I am_broadcast_discard_app: [0,89626481,android.intent.action.BOOT_COMPLETED,179,ResolveInfo{30a5bb6 com.ximalaya.fm.android/com.igexin.sdk.PushReceiver m=0x108000}]
06-23 07:01:11.675  3628  3776 I am_broadcast_discard_app: [0,89626481,android.intent.action.BOOT_COMPLETED,180,ResolveInfo{81eb0b7 com.ximalaya.ting.android/.opensdk.player.appwidget.WidgetProvider m=0x108000}]
06-23 07:01:11.676  3628  3776 I am_broadcast_discard_app: [0,89626481,android.intent.action.BOOT_COMPLETED,181,ResolveInfo{3733024 com.ximalaya.ting.android/com.ximalaya.android.xchat.BootBroadcast m=0x108000}]
06-23 07:01:11.699  3628  3776 I am_proc_start: [0,7983,10107,com.vivo.widget.calendar,broadcast,com.vivo.widget.calendar/.CalendarAppWidgetProvider]
06-23 07:01:11.716  3628  4320 I am_proc_bound: [0,7983,com.vivo.widget.calendar]
06-23 07:01:11.816  3628  4927 I am_proc_start: [0,8001,10004,com.android.providers.calendar,content provider,com.android.providers.calendar/.CalendarProvider2]
06-23 07:01:11.860  3628  4874 I am_proc_bound: [0,8001,com.android.providers.calendar]
06-23 07:01:11.888  3628  7867 I am_proc_start: [0,8014,10030,com.bbk.appstore,broadcast,com.bbk.appstore/.download.ForceStopPackageReceiver]
06-23 07:01:11.920  3628  4838 I am_proc_bound: [0,8014,com.bbk.appstore]
06-23 07:01:12.059  3628  4927 I am_kill : [0,6832,com.vivo.networkstate,906,empty #17]
06-23 07:01:12.121  3628  4927 I am_proc_died: [0,6832,com.vivo.networkstate]
06-23 07:01:12.207  3628  4418 I am_proc_start: [0,8049,10087,com.mobiletools.systemhelper:register,broadcast,com.mobiletools.systemhelper/.control.SimStateReceiver]
06-23 07:01:12.211  3628  4418 I am_kill : [0,6735,com.bbk.updater,906,empty #17]
06-23 07:01:12.232  3628  4838 I am_proc_bound: [0,8049,com.mobiletools.systemhelper:register]
06-23 07:01:12.329  3628  4880 I am_proc_start: [0,8072,10060,com.vivo.findphone,broadcast,com.vivo.findphone/.BootBroadcastReceiver]
06-23 07:01:12.330  3628  3760 I am_proc_died: [0,6735,com.bbk.updater]
06-23 07:01:12.355  3628  7867 I am_proc_bound: [0,8072,com.vivo.findphone]
06-23 07:01:12.464  3628  4870 I am_kill : [0,6948,com.iqoo.powersaving,906,empty #17]
06-23 07:01:12.474  3628  4915 I am_wtf  : [0,3628,system_server,-1,ActivityManager,Sending non-protected broadcast org.simalliance.openmobileapi.action.simstate.changed from system 7578:org.simalliance.openmobileapi.service/1000 pkg org.simalliance.openmobileapi.service]
06-23 07:01:12.475  3628  4915 I am_wtf  : [0,3628,system_server,-1,ActivityManager,Sending non-protected broadcast org.simalliance.openmobileapi.action.simstate.changed from system 7578:org.simalliance.openmobileapi.service/1000 pkg org.simalliance.openmobileapi.service]
06-23 07:01:12.526  3628  4320 I am_proc_died: [0,6948,com.iqoo.powersaving]
06-23 07:01:12.528  3628  7864 I am_proc_died: [0,8072,com.vivo.findphone]
06-23 07:01:12.606  3628  4863 I am_proc_start: [0,8098,1000,com.vivo.networkimprove,broadcast,com.vivo.networkimprove/.StartupReceiver]
06-23 07:01:12.628  3628  4320 I am_proc_bound: [0,8098,com.vivo.networkimprove]
06-23 07:01:12.967  3628  3775 I am_pss  : [6237,10097,com.vivo.widget,3086336,2347008,0]
06-23 07:01:13.209  3628  7867 I am_kill : [0,6252,com.vivo.weather.provider,906,empty #17]
06-23 07:01:13.289  3628  4915 I am_proc_died: [0,6252,com.vivo.weather.provider]
06-23 07:01:13.423  3628  4186 I netstats_mobile_sample: [99721,241,35769,250,98033,203,33769,250,98033,203,33769,250,1498172473424]
06-23 07:01:13.423  3628  4186 I netstats_wifi_sample: [4456625,3273,311789,2018,4438823,3259,283197,2011,4421063,3247,282885,2005,1498172473424]
06-23 07:01:13.491  3628  4088 I sysui_histogram: [power_double_tap_interval,51286]
06-23 07:01:13.671  3628  4208 I am_broadcast_discard_app: [0,98055077,android.intent.action.USER_PRESENT,0,ResolveInfo{368737a cn.wps.moffice_eng/cn.wps.moffice.service.receivers.MonitorServiceReceiver p=2147483647 m=0x108000}]
06-23 07:01:13.671  3628  3776 I am_broadcast_discard_app: [0,98055077,android.intent.action.USER_PRESENT,1,ResolveInfo{104872b com.eg.android.AlipayGphone/com.alipay.pushsdk.BroadcastActionReceiver p=2147483647 m=0x108000}]
06-23 07:01:13.675  3628  3776 I am_broadcast_discard_app: [0,98055077,android.intent.action.USER_PRESENT,2,ResolveInfo{65ed788 com.sdu.didi.psnger/com.igexin.sdk.PushReceiver p=2147483647 m=0x108000}]
06-23 07:01:13.678  3628  3776 I am_broadcast_discard_app: [0,98055077,android.intent.action.USER_PRESENT,4,ResolveInfo{73d6521 ctrip.android.view/ctrip.android.pushsdk.DaemonReceiver p=10000 m=0x108000}]
06-23 07:01:13.679  3628  3776 I am_broadcast_discard_app: [0,98055077,android.intent.action.USER_PRESENT,5,ResolveInfo{27a4d46 com.ifeng.news2/com.eguan.drivermonitor.reciever.SystemStartReciever p=1000 m=0x108000}]
06-23 07:01:13.693  3628  3776 I am_proc_start: [0,8157,10092,com.bbk.calendar,broadcast,com.bbk.calendar/.alerts.BirthdayReceiver]
06-23 07:01:13.707  3628  4898 I am_proc_bound: [0,8157,com.bbk.calendar]
06-23 07:01:13.840  3628  4915 I am_proc_start: [0,8175,10088,com.bbk.updater,broadcast,com.bbk.updater/.receiver.ScreenActionRecorder]
06-23 07:01:13.860  3628  4870 I am_proc_bound: [0,8175,com.bbk.updater]
06-23 07:01:13.879  3628  4863 I am_kill : [0,7096,com.android.managedprovisioning,906,empty #17]
06-23 07:01:13.917  3628  4870 I am_proc_died: [0,7096,com.android.managedprovisioning]
06-23 07:01:13.974  3628  3777 I am_proc_start: [0,8192,10024,com.android.systemui:screenshot,service,com.android.systemui/.screenshot.TakeScreenshotService]
06-23 07:01:13.988  3628  7866 I am_proc_bound: [0,8192,com.android.systemui:screenshot]
06-23 07:01:14.003  3628  4418 I am_proc_died: [0,6623,com.iqoo.secure]
06-23 07:01:14.157  3628  7859 I am_proc_died: [0,7234,com.qti.smq.qualcommFeedback]
06-23 07:01:14.230  3628  4870 I am_proc_start: [0,8240,10081,com.vivo.safecenter,broadcast,com.vivo.safecenter/.receiver.SafeCenterReceiver]
06-23 07:01:14.248  3628  7865 I am_proc_bound: [0,8240,com.vivo.safecenter]
06-23 07:01:14.399  3628  4927 I am_broadcast_discard_app: [0,98055077,android.intent.action.USER_PRESENT,13,ResolveInfo{cf00801 cn.wps.moffice_eng/com.igexin.sdk.PushReceiver m=0x108000}]
06-23 07:01:14.402  3628  3776 I am_broadcast_discard_app: [0,98055077,android.intent.action.USER_PRESENT,14,ResolveInfo{669e6a6 com.Qunar/com.igexin.sdk.PushReceiver m=0x108000}]
06-23 07:01:14.403  3628  3776 I am_broadcast_discard_app: [0,98055077,android.intent.action.USER_PRESENT,15,ResolveInfo{9c1f8e7 com.anjuke.android.app/com.igexin.sdk.PushReceiver m=0x108000}]
06-23 07:01:14.404  3628  3776 I am_broadcast_discard_app: [0,98055077,android.intent.action.USER_PRESENT,16,ResolveInfo{b178c94 com.autonavi.minimap/com.taobao.accs.EventReceiver m=0x108000}]
06-23 07:01:14.405  3628  3776 I am_broadcast_discard_app: [0,98055077,android.intent.action.USER_PRESENT,17,ResolveInfo{454233d com.baidu.BaiduMap/com.baidu.android.pushservice.PushServiceReceiver m=0x108000}]
06-23 07:01:14.406  3628  3776 I am_broadcast_discard_app: [0,98055077,android.intent.action.USER_PRESENT,18,ResolveInfo{8bdc732 com.baidu.netdisk/com.baidu.android.pushservice.PushServiceReceiver m=0x108000}]
06-23 07:01:14.408  3628  3776 I am_broadcast_discard_app: [0,98055077,android.intent.action.USER_PRESENT,19,ResolveInfo{e2b3c83 com.baidu.netdisk/com.baidu.devicesecurity.receiver.DSDeviceAdminReceiver m=0x108000}]
06-23 07:01:14.408  3628  3776 I am_broadcast_discard_app: [0,98055077,android.intent.action.USER_PRESENT,20,ResolveInfo{52ade00 com.dianping.v1/com.dianping.base.push.pushservice.PhoneStatusReceiver m=0x108000}]
06-23 07:01:14.409  3628  3776 I am_broadcast_discard_app: [0,98055077,android.intent.action.USER_PRESENT,21,ResolveInfo{6e4b639 com.htinns/cn.jpush.android.service.PushReceiver m=0x108000}]
06-23 07:01:14.411  3628  3776 I am_broadcast_discard_app: [0,98055077,android.intent.action.USER_PRESENT,22,ResolveInfo{7fd247e com.htinns/com.igexin.sdk.PushReceiver m=0x108000}]
06-23 07:01:14.412  3628  3776 I am_broadcast_discard_app: [0,98055077,android.intent.action.USER_PRESENT,24,ResolveInfo{f5b1ddf com.ifeng.news2/com.ifeng.ipush.client.receiver.PushReceiver m=0x108000}]
06-23 07:01:14.414  3628  3776 I am_broadcast_discard_app: [0,98055077,android.intent.action.USER_PRESENT,26,ResolveInfo{65fda2c com.ifeng.news2/com.igexin.sdk.PushReceiver m=0x108000}]
06-23 07:01:14.415  3628  3776 I am_broadcast_discard_app: [0,98055077,android.intent.action.USER_PRESENT,27,ResolveInfo{5517cf5 com.jm.android.jumei/com.igexin.sdk.PushReceiver m=0x108000}]
06-23 07:01:14.417  3628  3776 I am_broadcast_discard_app: [0,98055077,android.intent.action.USER_PRESENT,29,ResolveInfo{2430a8a com.jm.android.jumei/.push.JMAliReceiver m=0x108000}]
06-23 07:01:14.418  3628  3776 I am_broadcast_discard_app: [0,98055077,android.intent.action.USER_PRESENT,30,ResolveInfo{47db8fb com.jm.android.jumei/com.taobao.accs.EventReceiver m=0x108000}]
06-23 07:01:14.420  3628  3776 I am_broadcast_discard_app: [0,98055077,android.intent.action.USER_PRESENT,31,ResolveInfo{5066d18 com.lesports.glivesports/com.igexin.sdk.PushReceiver m=0x108000}]
06-23 07:01:14.421  3628  3776 I am_broadcast_discard_app: [0,98055077,android.intent.action.USER_PRESENT,32,ResolveInfo{189f371 com.letv.android.client/.receiver.LockScreenReceiver m=0x108000}]
06-23 07:01:14.421  3628  3776 I am_broadcast_discard_app: [0,98055077,android.intent.action.USER_PRESENT,33,ResolveInfo{a4f4556 com.letv.android.client/cn.jpush.android.service.PushReceiver m=0x108000}]
06-23 07:01:14.424  3628  3776 I am_broadcast_discard_app: [0,98055077,android.intent.action.USER_PRESENT,34,ResolveInfo{164e9d7 com.microfundrn/com.igexin.sdk.PushReceiver m=0x108000}]
06-23 07:01:14.426  3628  3776 I am_broadcast_discard_app: [0,98055077,android.intent.action.USER_PRESENT,35,ResolveInfo{2f955ad com.mobike.mobikeapp/com.igexin.sdk.PushReceiver m=0x108000}]
06-23 07:01:14.426  3628  3776 I am_broadcast_discard_app: [0,98055077,android.intent.action.USER_PRESENT,36,ResolveInfo{d1260e2 com.mobike.mobikeapp/com.hyphenate.chat.EMMonitorReceiver m=0x108000}]
06-23 07:01:14.426  3628  3776 I am_broadcast_discard_app: [0,98055077,android.intent.action.USER_PRESENT,37,ResolveInfo{b244c73 com.netease.mail/com.igexin.sdk.PushReceiver m=0x108000}]
06-23 07:01:14.427  3628  3776 I am_broadcast_discard_app: [0,98055077,android.intent.action.USER_PRESENT,38,ResolveInfo{1b1c730 com.nfyg.hsbb/com.igexin.sdk.PushReceiver m=0x108000}]
06-23 07:01:14.427  3628  3776 I am_broadcast_discard_app: [0,98055077,android.intent.action.USER_PRESENT,40,ResolveInfo{2829fa9 com.pplive.androidphone/.push.getui.PushReceiver m=0x108000}]
06-23 07:01:14.430  3628  3776 I am_broadcast_discard_app: [0,98055077,android.intent.action.USER_PRESENT,41,ResolveInfo{3f9a92e com.pplive.androidphone/com.igexin.sdk.PushReceiver m=0x108000}]
06-23 07:01:14.431  3628  3776 I am_broadcast_discard_app: [0,98055077,android.intent.action.USER_PRESENT,42,ResolveInfo{a6d3ccf com.pplive.androidphone/com.pplive.pushmsgsdk.SdkReceiver m=0x108000}]
06-23 07:01:14.432  3628  3776 I am_broadcast_discard_app: [0,98055077,android.intent.action.USER_PRESENT,43,ResolveInfo{7aad6eb com.pplive.androidphone/io.rong.push.PushReceiver m=0x108000}]
06-23 07:01:14.432  3628  3776 I am_broadcast_discard_app: [0,98055077,android.intent.action.USER_PRESENT,44,ResolveInfo{5fb4c48 com.qiyi.video/com.baidu.android.pushservice.PushServiceReceiver m=0x108000}]
06-23 07:01:14.433  3628  3776 I am_broadcast_discard_app: [0,98055077,android.intent.action.USER_PRESENT,45,ResolveInfo{4ed9ae1 com.qiyi.video/com.iqiyi.pushservice.PushServiceReceiver m=0x108000}]
06-23 07:01:14.433  3628  3776 I am_broadcast_discard_app: [0,98055077,android.intent.action.USER_PRESENT,46,ResolveInfo{961b006 com.qiyi.video/com.iqiyi.hcim.service.BroadcastCenter m=0x108000}]
06-23 07:01:14.434  3628  3776 I am_broadcast_discard_app: [0,98055077,android.intent.action.USER_PRESENT,47,ResolveInfo{9ce4f4 com.qiyi.video/com.iqiyi.impushservice.receiver.ImPushServiceReceiver m=0x108000}]
06-23 07:01:14.435  3628  3776 I am_broadcast_discard_app: [0,98055077,android.intent.action.USER_PRESENT,48,ResolveInfo{948041d com.sankuai.meituan/com.dianping.base.push.pushservice.PhoneStatusReceiver m=0x108000}]
06-23 07:01:14.443  3628  4919 I am_broadcast_discard_app: [0,98055077,android.intent.action.USER_PRESENT,50,ResolveInfo{58c692 com.ss.android.article.lite/com.ss.android.message.MessageReceiver m=0x108000}]
06-23 07:01:14.448  3628  3776 I am_broadcast_discard_app: [0,98055077,android.intent.action.USER_PRESENT,51,ResolveInfo{9393863 com.ss.android.article.lite/com.ss.android.push.sswo.SswoReceiver m=0x108000}]
06-23 07:01:14.448  3628  3776 I am_broadcast_discard_app: [0,98055077,android.intent.action.USER_PRESENT,52,ResolveInfo{c1d5c60 com.ss.android.article.lite/com.taobao.accs.EventReceiver m=0x108000}]
06-23 07:01:14.449  3628  3776 I am_broadcast_discard_app: [0,98055077,android.intent.action.USER_PRESENT,53,ResolveInfo{ce5c519 com.taobao.taobao/com.taobao.accs.EventReceiver m=0x108000}]
06-23 07:01:14.449  3628  3776 I am_broadcast_discard_app: [0,98055077,android.intent.action.USER_PRESENT,55,ResolveInfo{a38b9de com.tencent.news/.push.alive.offactivity.OffScreenReceiver m=0x108000}]
06-23 07:01:14.449  3628  3776 I am_broadcast_discard_app: [0,98055077,android.intent.action.USER_PRESENT,56,ResolveInfo{27cf7bf com.tencent.news/com.taobao.accs.EventReceiver m=0x108000}]
06-23 07:01:14.450  3628  3776 I am_broadcast_discard_app: [0,98055077,android.intent.action.USER_PRESENT,57,ResolveInfo{f6bde8c com.xiaoming.bike/com.igexin.sdk.PushReceiver m=0x108000}]
06-23 07:01:14.450  3628  3776 I am_broadcast_discard_app: [0,98055077,android.intent.action.USER_PRESENT,58,ResolveInfo{b0499d5 com.ximalaya.fm.android/com.baidu.android.pushservice.PushServiceReceiver m=0x108000}]
06-23 07:01:14.450  3628  3776 I am_broadcast_discard_app: [0,98055077,android.intent.action.USER_PRESENT,59,ResolveInfo{79295ea com.ximalaya.fm.android/com.igexin.sdk.PushReceiver m=0x108000}]
06-23 07:01:14.451  3628  3776 I am_broadcast_discard_app: [0,98055077,android.intent.action.USER_PRESENT,60,ResolveInfo{1350db com.ximalaya.ting.android/com.sina.util.dnscache.net.networktype.NetworkStateReceiver m=0x108000}]
06-23 07:01:14.478  3628  7863 I am_proc_start: [0,8264,10114,com.vivo.game,broadcast,com.vivo.game/.update.UpdateDownloadReceiver]
06-23 07:01:14.505  3628  3760 I am_proc_bound: [0,8264,com.vivo.game]
06-23 07:01:14.814  3628  4880 I am_broadcast_discard_app: [0,184680017,android.net.wifi.STATE_CHANGE,2,ResolveInfo{6b28ea8 com.baidu.netdisk/com.baidu.cyberplayer.dlna.NetworkChangeReceiver m=0x108000}]
06-23 07:01:14.816  3628  3776 I am_broadcast_discard_app: [0,184680017,android.net.wifi.STATE_CHANGE,3,ResolveInfo{f6e1dc1 com.sdu.didi.psnger/com.didi.sdk.receiver.WifiReceiver m=0x108000}]
06-23 07:01:14.817  3628  3776 I am_broadcast_discard_app: [0,184680017,android.net.wifi.STATE_CHANGE,4,ResolveInfo{339a966 com.tencent.mtt/.browser.engine.ServiceProcessReceiver m=0x108000}]
06-23 07:01:15.100  3628  4880 I am_wtf  : [0,3628,system_server,-1,ActivityManager,Sending non-protected broadcast com.vivo.daemonService.unifiedconfig.update_finish_broadcast from system 4691:com.vivo.daemonService/1000 pkg com.vivo.daemonService]
06-23 07:01:15.101  3628  4880 I am_wtf  : [0,3628,system_server,-1,ActivityManager,Sending non-protected broadcast com.vivo.daemonService.unifiedconfig.update_finish_broadcast from system 4691:com.vivo.daemonService/1000 pkg com.vivo.daemonService]
06-23 07:01:15.381  3628  7865 I am_proc_start: [0,8306,10060,com.vivo.findphone,broadcast,com.vivo.findphone/.BootBroadcastReceiver]
06-23 07:01:15.403  3628  4838 I am_proc_bound: [0,8306,com.vivo.findphone]
06-23 07:01:15.523  3628  7867 I am_wtf  : [0,3628,system_server,-1,ActivityManager,Sending non-protected broadcast org.simalliance.openmobileapi.action.simstate.changed from system 7578:org.simalliance.openmobileapi.service/1000 pkg org.simalliance.openmobileapi.service]
06-23 07:01:15.525  3628  7867 I am_wtf  : [0,3628,system_server,-1,ActivityManager,Sending non-protected broadcast org.simalliance.openmobileapi.action.simstate.changed from system 7578:org.simalliance.openmobileapi.service/1000 pkg org.simalliance.openmobileapi.service]
06-23 07:01:15.561   511   511 I sf_frame_dur: [ScreenshotAnimation,43,0,1,0,1,0,0]
06-23 07:01:15.571  3628  7866 I am_proc_died: [0,8306,com.vivo.findphone]
06-23 07:01:15.579  3628  7863 I am_broadcast_discard_app: [0,205864106,android.net.conn.CONNECTIVITY_CHANGE,0,ResolveInfo{772d09b com.eg.android.AlipayGphone/com.alipay.pushsdk.BroadcastActionReceiver p=2147483647 m=0x108000}]
06-23 07:01:15.580  3628  3776 I am_broadcast_discard_app: [0,205864106,android.net.conn.CONNECTIVITY_CHANGE,1,ResolveInfo{a543c38 com.homelink.android/.NetChangeReceiver p=2147483647 m=0x108000}]
06-23 07:01:15.583  3628  3776 I am_broadcast_discard_app: [0,205864106,android.net.conn.CONNECTIVITY_CHANGE,2,ResolveInfo{b86e411 com.sdu.didi.psnger/com.igexin.sdk.PushReceiver p=2147483647 m=0x108000}]
06-23 07:01:15.584  3628  3776 I am_broadcast_discard_app: [0,205864106,android.net.conn.CONNECTIVITY_CHANGE,3,ResolveInfo{8127976 com.tencent.android.qqdownloader/com.qq.AppService.MainReceiver p=2147483647 m=0x108000}]
06-23 07:01:15.585  3628  3776 I am_broadcast_discard_app: [0,205864106,android.net.conn.CONNECTIVITY_CHANGE,4,ResolveInfo{823db77 com.tencent.news/.system.MonitorServiceReceiver p=2147483647 m=0x108000}]
06-23 07:01:15.597  3628  3776 I am_broadcast_discard_app: [0,205864106,android.net.conn.CONNECTIVITY_CHANGE,5,ResolveInfo{92ce3e4 ctrip.android.view/ctrip.android.pushsdk.DaemonReceiver p=10000 m=0x108000}]
06-23 07:01:15.598  3628  3776 I am_broadcast_discard_app: [0,205864106,android.net.conn.CONNECTIVITY_CHANGE,7,ResolveInfo{be4b04d com.tencent.android.qqdownloader/com.tencent.assistant.module.timer.ScheduleJobReceiver p=1000 m=0x108000}]
06-23 07:01:15.600  3628  3776 I am_broadcast_discard_app: [0,205864106,android.net.conn.CONNECTIVITY_CHANGE,8,ResolveInfo{6a4b702 com.tencent.android.qqdownloader/com.tencent.assistant.TimerJob.TimerJobService p=1000 m=0x108000}]
06-23 07:01:15.603  3628  3776 I am_broadcast_discard_app: [0,205864106,android.net.conn.CONNECTIVITY_CHANGE,9,ResolveInfo{170b813 cn.wps.moffice_eng/com.xiaomi.push.service.receivers.NetworkStatusReceiver m=0x108000}]
06-23 07:01:15.605  3628  3776 I am_broadcast_discard_app: [0,205864106,android.net.conn.CONNECTIVITY_CHANGE,10,ResolveInfo{6c65a50 cn.wps.moffice_eng/cn.wps.moffice.service.receivers.MonitorServiceReceiver m=0x108000}]
06-23 07:01:15.606  3628  3776 I am_broadcast_discard_app: [0,205864106,android.net.conn.CONNECTIVITY_CHANGE,11,ResolveInfo{bd90449 com.anjuke.android.app/com.xiaomi.push.service.receivers.NetworkStatusReceiver m=0x108000}]
06-23 07:01:15.607  3628  3776 I am_broadcast_discard_app: [0,205864106,android.net.conn.CONNECTIVITY_CHANGE,12,ResolveInfo{42b414e com.eg.android.AlipayGphone/com.xiaomi.push.service.receivers.NetworkStatusReceiver m=0x108000}]
06-23 07:01:15.607  3628  3776 I am_broadcast_discard_app: [0,205864106,android.net.conn.CONNECTIVITY_CHANGE,13,ResolveInfo{4a4c26f com.homelink.android/com.xiaomi.push.service.receivers.NetworkStatusReceiver m=0x108000}]
06-23 07:01:15.608  3628  3776 I am_broadcast_discard_app: [0,205864106,android.net.conn.CONNECTIVITY_CHANGE,14,ResolveInfo{e3ecb7c com.ifeng.news2/com.xiaomi.push.service.receivers.NetworkStatusReceiver m=0x108000}]
06-23 07:01:15.609  3628  3776 I am_broadcast_discard_app: [0,205864106,android.net.conn.CONNECTIVITY_CHANGE,15,ResolveInfo{a49c05 com.immomo.momo/com.xiaomi.push.service.receivers.NetworkStatusReceiver m=0x108000}]
06-23 07:01:15.610  3628  3776 I am_broadcast_discard_app: [0,205864106,android.net.conn.CONNECTIVITY_CHANGE,16,ResolveInfo{e7e245a com.jm.android.jumei/com.xiaomi.push.service.receivers.NetworkStatusReceiver m=0x108000}]
06-23 07:01:15.610  3628  3776 I am_broadcast_discard_app: [0,205864106,android.net.conn.CONNECTIVITY_CHANGE,17,ResolveInfo{c6b2368 com.netease.mail/com.xiaomi.push.service.receivers.NetworkStatusReceiver m=0x108000}]
