06-23 07:09:19.521  3628  3776 I am_broadcast_discard_app: [0,255234082,android.net.wifi.RSSI_CHANGED,0,ResolveInfo{671eab3 com.sdu.didi.psnger/com.didi.sdk.receiver.WifiReceiver m=0x108000}]
06-23 07:09:19.568  3628  3775 I am_pss  : [8240,10081,com.vivo.safecenter,6375424,4812800,0]
06-23 07:09:22.552  3628  3776 I am_broadcast_discard_app: [0,122784878,android.net.wifi.RSSI_CHANGED,0,ResolveInfo{1967f0f com.sdu.didi.psnger/com.didi.sdk.receiver.WifiReceiver m=0x108000}]
06-23 07:09:22.668  3628  3775 I am_pss  : [8576,10025,com.vivo.browser,165052416,107233280,0]
06-23 07:09:22.694  3628  3775 I am_pss  : [8893,99000,com.vivo.browser:sandboxed_process0,54321152,37085184,0]
06-23 07:09:22.713  3628  3775 I am_pss  : [10522,10099,com.vivo.msgpush,3681280,2961408,0]
06-23 07:09:25.579  3628  3776 I am_broadcast_discard_app: [0,101581178,android.net.wifi.RSSI_CHANGED,0,ResolveInfo{6c5fd2b com.sdu.didi.psnger/com.didi.sdk.receiver.WifiReceiver m=0x108000}]
06-23 07:09:28.605  3628  3776 I am_broadcast_discard_app: [0,82492230,android.net.wifi.RSSI_CHANGED,0,ResolveInfo{b254107 com.sdu.didi.psnger/com.didi.sdk.receiver.WifiReceiver m=0x108000}]
06-23 07:09:30.163  3628  3776 I am_wtf  : [0,3628,system_server,-1,KernelWakelockReader,neither /proc/wakelocks nor /d/wakeup_sources exists]
06-23 07:09:30.317  3628  3776 I am_wtf  : [0,3628,system_server,-1,KernelWakelockReader,neither /proc/wakelocks nor /d/wakeup_sources exists]
06-23 07:09:31.632  3628  3776 I am_broadcast_discard_app: [0,37490080,android.net.wifi.RSSI_CHANGED,0,ResolveInfo{978bd59 com.sdu.didi.psnger/com.didi.sdk.receiver.WifiReceiver m=0x108000}]
06-23 07:09:34.662  3628  3776 I am_broadcast_discard_app: [0,149185484,android.net.wifi.RSSI_CHANGED,0,ResolveInfo{b6ed615 com.sdu.didi.psnger/com.didi.sdk.receiver.WifiReceiver m=0x108000}]
06-23 07:09:37.684  3628  3776 I am_broadcast_discard_app: [0,165277880,android.net.wifi.RSSI_CHANGED,0,ResolveInfo{f73be91 com.sdu.didi.psnger/com.didi.sdk.receiver.WifiReceiver m=0x108000}]
06-23 07:09:38.397   511   511 I sf_frame_dur: [SurfaceView - com.vivo.browser/com.vivo.browser.MainActivity,756,9,7,10,15,5,17]
06-23 07:09:40.705  3628  3776 I am_broadcast_discard_app: [0,10051684,android.net.wifi.RSSI_CHANGED,0,ResolveInfo{e04b2cd com.sdu.didi.psnger/com.didi.sdk.receiver.WifiReceiver m=0x108000}]
06-23 07:09:43.721  3628  3776 I am_broadcast_discard_app: [0,29236944,android.net.wifi.RSSI_CHANGED,0,ResolveInfo{36aec9 com.sdu.didi.psnger/com.didi.sdk.receiver.WifiReceiver m=0x108000}]
06-23 07:09:46.744  3628  3776 I am_broadcast_discard_app: [0,218560488,android.net.wifi.RSSI_CHANGED,0,ResolveInfo{f06e01 com.sdu.didi.psnger/com.didi.sdk.receiver.WifiReceiver m=0x108000}]
06-23 07:09:49.766  3628  3776 I am_broadcast_discard_app: [0,250931517,android.net.wifi.RSSI_CHANGED,0,ResolveInfo{f861532 com.sdu.didi.psnger/com.didi.sdk.receiver.WifiReceiver m=0x108000}]
06-23 07:09:52.792  3628  3776 I am_broadcast_discard_app: [0,30137401,android.net.wifi.RSSI_CHANGED,0,ResolveInfo{dfc527e com.sdu.didi.psnger/com.didi.sdk.receiver.WifiReceiver m=0x108000}]
06-23 07:09:55.821  3628  3776 I am_broadcast_discard_app: [0,243598069,android.net.wifi.RSSI_CHANGED,0,ResolveInfo{407188a com.sdu.didi.psnger/com.didi.sdk.receiver.WifiReceiver m=0x108000}]
06-23 07:09:58.838  3628  3776 I am_broadcast_discard_app: [0,24107377,android.net.wifi.RSSI_CHANGED,0,ResolveInfo{f463356 com.sdu.didi.psnger/com.didi.sdk.receiver.WifiReceiver m=0x108000}]
06-23 07:10:01.869  3628  3776 I am_broadcast_discard_app: [0,146883888,android.net.wifi.RSSI_CHANGED,0,ResolveInfo{7f45a9 com.sdu.didi.psnger/com.didi.sdk.receiver.WifiReceiver m=0x108000}]
06-23 07:10:04.899  3628  3776 I am_broadcast_discard_app: [0,195920988,android.net.wifi.RSSI_CHANGED,0,ResolveInfo{25d9365 com.sdu.didi.psnger/com.didi.sdk.receiver.WifiReceiver m=0x108000}]
06-23 07:10:07.922  3628  3776 I am_broadcast_discard_app: [0,62687816,android.net.wifi.RSSI_CHANGED,0,ResolveInfo{51900e1 com.sdu.didi.psnger/com.didi.sdk.receiver.WifiReceiver m=0x108000}]
06-23 07:10:10.938  3628  3776 I am_broadcast_discard_app: [0,204735220,android.net.wifi.RSSI_CHANGED,0,ResolveInfo{7c3ca1d com.sdu.didi.psnger/com.didi.sdk.receiver.WifiReceiver m=0x108000}]
06-23 07:10:13.063   511   511 I sf_frame_dur: [UpSlideTransparentView,0,0,0,1,0,0,1]
06-23 07:10:13.447   511   511 I sf_frame_dur: [SurfaceView - com.vivo.browser/com.vivo.browser.MainActivity,419,14,6,3,8,3,5]
06-23 07:10:13.969  3628  3776 I am_broadcast_discard_app: [0,184829659,android.net.wifi.RSSI_CHANGED,0,ResolveInfo{6cb1578 com.sdu.didi.psnger/com.didi.sdk.receiver.WifiReceiver m=0x108000}]
06-23 07:10:14.901   511   511 I sf_frame_dur: [com.vivo.browser/com.vivo.browser.MainActivity,0,0,0,0,0,1,0]
06-23 07:10:16.978  3628  3776 I am_broadcast_discard_app: [0,219334210,android.net.wifi.RSSI_CHANGED,0,ResolveInfo{272b653 com.sdu.didi.psnger/com.didi.sdk.receiver.WifiReceiver m=0x108000}]
06-23 07:10:20.000  3628  3776 I am_broadcast_discard_app: [0,141059247,android.net.wifi.RSSI_CHANGED,0,ResolveInfo{17a60bc com.sdu.didi.psnger/com.didi.sdk.receiver.WifiReceiver m=0x108000}]
06-23 07:10:21.667   511   511 I sf_frame_dur: [UpSlideTransparentView,0,0,0,0,0,0,1]
06-23 07:10:22.035   511   511 I sf_frame_dur: [SurfaceView - com.vivo.browser/com.vivo.browser.MainActivity,13,1,3,4,0,0,0]
06-23 07:10:23.000  3628  3776 I am_broadcast_discard_app: [0,244782950,android.net.wifi.RSSI_CHANGED,0,ResolveInfo{e5a3aa7 com.sdu.didi.psnger/com.didi.sdk.receiver.WifiReceiver m=0x108000}]
06-23 07:10:26.035  3628  3776 I am_broadcast_discard_app: [0,57492466,android.net.wifi.RSSI_CHANGED,0,ResolveInfo{f65da43 com.sdu.didi.psnger/com.didi.sdk.receiver.WifiReceiver m=0x108000}]
06-23 07:10:27.320  3628  3628 I free_storage_changed: 30600036352
06-23 07:10:29.057  3628  3776 I am_broadcast_discard_app: [0,38625098,android.net.wifi.RSSI_CHANGED,0,ResolveInfo{b364ebb com.sdu.didi.psnger/com.didi.sdk.receiver.WifiReceiver m=0x108000}]
06-23 07:10:32.084  3628  3776 I am_broadcast_discard_app: [0,126494230,android.net.wifi.RSSI_CHANGED,0,ResolveInfo{8711b97 com.sdu.didi.psnger/com.didi.sdk.receiver.WifiReceiver m=0x108000}]
06-23 07:10:35.114  3628  3776 I am_broadcast_discard_app: [0,133860770,android.net.wifi.RSSI_CHANGED,0,ResolveInfo{a21da33 com.sdu.didi.psnger/com.didi.sdk.receiver.WifiReceiver m=0x108000}]
06-23 07:10:38.140  3628  3776 I am_broadcast_discard_app: [0,135782894,android.net.wifi.RSSI_CHANGED,0,ResolveInfo{515e68f com.sdu.didi.psnger/com.didi.sdk.receiver.WifiReceiver m=0x108000}]
06-23 07:10:41.168  3628  3776 I am_broadcast_discard_app: [0,144977658,android.net.wifi.RSSI_CHANGED,0,ResolveInfo{3945cab com.sdu.didi.psnger/com.didi.sdk.receiver.WifiReceiver m=0x108000}]
06-23 07:10:44.193  3628  3776 I am_broadcast_discard_app: [0,41304262,android.net.wifi.RSSI_CHANGED,0,ResolveInfo{33a1887 com.sdu.didi.psnger/com.didi.sdk.receiver.WifiReceiver m=0x108000}]
06-23 07:10:47.226  3628  3776 I am_broadcast_discard_app: [0,50701138,android.net.wifi.RSSI_CHANGED,0,ResolveInfo{495b623 com.sdu.didi.psnger/com.didi.sdk.receiver.WifiReceiver m=0x108000}]
06-23 07:10:50.251  3628  3776 I am_broadcast_discard_app: [0,142840191,android.net.wifi.RSSI_CHANGED,0,ResolveInfo{7b72995 com.sdu.didi.psnger/com.didi.sdk.receiver.WifiReceiver m=0x108000}]
06-23 07:10:53.262  3628  3776 I am_broadcast_discard_app: [0,198113848,android.net.wifi.RSSI_CHANGED,0,ResolveInfo{5b66776 com.sdu.didi.psnger/com.didi.sdk.receiver.WifiReceiver m=0x108000}]
06-23 07:10:56.287  3628  3776 I am_broadcast_discard_app: [0,160691789,android.net.wifi.RSSI_CHANGED,0,ResolveInfo{5998502 com.sdu.didi.psnger/com.didi.sdk.receiver.WifiReceiver m=0x108000}]
06-23 07:10:59.306  3628  3776 I am_broadcast_discard_app: [0,204909129,android.net.wifi.RSSI_CHANGED,0,ResolveInfo{89eef4e com.sdu.didi.psnger/com.didi.sdk.receiver.WifiReceiver m=0x108000}]
06-23 07:11:02.336  3628  3776 I am_broadcast_discard_app: [0,152133992,android.net.wifi.RSSI_CHANGED,0,ResolveInfo{6845981 com.sdu.didi.psnger/com.didi.sdk.receiver.WifiReceiver m=0x108000}]
06-23 07:11:05.359  3628  3776 I am_broadcast_discard_app: [0,18940419,android.net.wifi.RSSI_CHANGED,0,ResolveInfo{afcf580 com.sdu.didi.psnger/com.didi.sdk.receiver.WifiReceiver m=0x108000}]
06-23 07:11:08.391  3628  3776 I am_broadcast_discard_app: [0,262650719,android.net.wifi.RSSI_CHANGED,0,ResolveInfo{ffbe9ac com.sdu.didi.psnger/com.didi.sdk.receiver.WifiReceiver m=0x108000}]
06-23 07:11:11.421  3628  3776 I am_broadcast_discard_app: [0,213298811,android.net.wifi.RSSI_CHANGED,0,ResolveInfo{113f498 com.sdu.didi.psnger/com.didi.sdk.receiver.WifiReceiver m=0x108000}]
06-23 07:11:14.452  3628  3776 I am_broadcast_discard_app: [0,267892567,android.net.wifi.RSSI_CHANGED,0,ResolveInfo{a9fc244 com.sdu.didi.psnger/com.didi.sdk.receiver.WifiReceiver m=0x108000}]
06-23 07:11:17.467  3628  3776 I am_broadcast_discard_app: [0,131494387,android.net.wifi.RSSI_CHANGED,0,ResolveInfo{1f8beb0 com.sdu.didi.psnger/com.didi.sdk.receiver.WifiReceiver m=0x108000}]
06-23 07:11:17.492  3628  3775 I am_pss  : [6657,10063,com.iqoo.secure:remote,20233216,18149376,0]
06-23 07:11:19.673  3628  3776 I am_wtf  : [0,3628,system_server,-1,KernelWakelockReader,neither /proc/wakelocks nor /d/wakeup_sources exists]
06-23 07:11:20.423  3628  3776 I am_wtf  : [0,3628,system_server,-1,KernelWakelockReader,neither /proc/wakelocks nor /d/wakeup_sources exists]
06-23 07:11:20.473  3628  3776 I am_broadcast_discard_app: [0,138512101,android.net.wifi.RSSI_CHANGED,0,ResolveInfo{51e65ba com.sdu.didi.psnger/com.didi.sdk.receiver.WifiReceiver m=0x108000}]
06-23 07:11:20.492  3628  3775 I am_pss  : [8240,10081,com.vivo.safecenter,6375424,4812800,0]
06-23 07:11:23.503  3628  3776 I am_broadcast_discard_app: [0,67677281,android.net.wifi.RSSI_CHANGED,0,ResolveInfo{3d2386 com.sdu.didi.psnger/com.didi.sdk.receiver.WifiReceiver m=0x108000}]
06-23 07:11:23.615  3628  3775 I am_pss  : [8576,10025,com.vivo.browser,182415360,123019264,0]
06-23 07:11:23.641  3628  3775 I am_pss  : [8893,99000,com.vivo.browser:sandboxed_process0,62763008,45948928,0]
06-23 07:11:26.526  3628  3776 I am_broadcast_discard_app: [0,12758429,android.net.wifi.RSSI_CHANGED,0,ResolveInfo{837f212 com.sdu.didi.psnger/com.didi.sdk.receiver.WifiReceiver m=0x108000}]
06-23 07:11:29.543  3628  3776 I am_broadcast_discard_app: [0,253855385,android.net.wifi.RSSI_CHANGED,0,ResolveInfo{b9f1d5e com.sdu.didi.psnger/com.didi.sdk.receiver.WifiReceiver m=0x108000}]
06-23 07:11:32.568  3628  3776 I am_broadcast_discard_app: [0,251327317,android.net.wifi.RSSI_CHANGED,0,ResolveInfo{fbbb16a com.sdu.didi.psnger/com.didi.sdk.receiver.WifiReceiver m=0x108000}]
06-23 07:11:35.599  3628  3776 I am_broadcast_discard_app: [0,230977489,android.net.wifi.RSSI_CHANGED,0,ResolveInfo{35b7a36 com.sdu.didi.psnger/com.didi.sdk.receiver.WifiReceiver m=0x108000}]
06-23 07:11:38.627  3628  3776 I am_broadcast_discard_app: [0,13580301,android.net.wifi.RSSI_CHANGED,0,ResolveInfo{25d03c2 com.sdu.didi.psnger/com.didi.sdk.receiver.WifiReceiver m=0x108000}]
06-23 07:11:41.654  3628  3776 I am_broadcast_discard_app: [0,121915401,android.net.wifi.RSSI_CHANGED,0,ResolveInfo{5fb9a0e com.sdu.didi.psnger/com.didi.sdk.receiver.WifiReceiver m=0x108000}]
06-23 07:11:44.685  3628  3776 I am_broadcast_discard_app: [0,266361797,android.net.wifi.RSSI_CHANGED,0,ResolveInfo{ddb491a com.sdu.didi.psnger/com.didi.sdk.receiver.WifiReceiver m=0x108000}]
06-23 07:11:46.245  3628  3776 I am_wtf  : [0,3628,system_server,-1,KernelWakelockReader,neither /proc/wakelocks nor /d/wakeup_sources exists]
06-23 07:11:47.713  3628  3776 I am_broadcast_discard_app: [0,232053990,android.net.wifi.RSSI_CHANGED,0,ResolveInfo{ed45227 com.sdu.didi.psnger/com.didi.sdk.receiver.WifiReceiver m=0x108000}]
06-23 07:11:50.729  3628  3776 I am_broadcast_discard_app: [0,209838450,android.net.wifi.RSSI_CHANGED,0,ResolveInfo{629e9c3 com.sdu.didi.psnger/com.didi.sdk.receiver.WifiReceiver m=0x108000}]
06-23 07:11:51.091  3628  3776 I am_wtf  : [0,3628,system_server,-1,KernelWakelockReader,neither /proc/wakelocks nor /d/wakeup_sources exists]
06-23 07:11:51.382   511   511 I sf_frame_dur: [SurfaceView - com.vivo.browser/com.vivo.browser.MainActivity,1172,35,13,18,18,11,10]
06-23 07:11:53.759  3628  3776 I am_broadcast_discard_app: [0,67707500,android.net.wifi.RSSI_CHANGED,0,ResolveInfo{be8c035 com.sdu.didi.psnger/com.didi.sdk.receiver.WifiReceiver m=0x108000}]
06-23 07:11:56.790  3628  3776 I am_broadcast_discard_app: [0,224400151,android.net.wifi.RSSI_CHANGED,0,ResolveInfo{2835304 com.sdu.didi.psnger/com.didi.sdk.receiver.WifiReceiver m=0x108000}]
06-23 07:11:59.813  3628  3776 I am_broadcast_discard_app: [0,130599347,android.net.wifi.RSSI_CHANGED,0,ResolveInfo{1649b70 com.sdu.didi.psnger/com.didi.sdk.receiver.WifiReceiver m=0x108000}]
06-23 07:12:02.822  3628  3776 I am_broadcast_discard_app: [0,37338155,android.net.wifi.RSSI_CHANGED,0,ResolveInfo{e2c6888 com.sdu.didi.psnger/com.didi.sdk.receiver.WifiReceiver m=0x108000}]
06-23 07:12:03.581  3628  4079 I am_wtf  : [0,3628,system_server,-1,ActivityManager,Sending non-protected broadcast MqttService.pingSender.364803822420926726 from system uid 1000 pkg com.vivo.abe]
06-23 07:12:04.173  3628  4079 I am_wtf  : [0,3628,system_server,-1,ActivityManager,Sending non-protected broadcast com.vivo.messagecenter.upload_tempalarm from system uid 1000 pkg com.vivo.abe]
06-23 07:12:04.178  3628  4079 I am_wtf  : [0,3628,system_server,-1,ActivityManager,Sending non-protected broadcast com.vivo.messagecenter.tempalarm from system uid 1000 pkg com.vivo.abe]
06-23 07:12:05.831  3628  3776 I am_broadcast_discard_app: [0,240859184,android.net.wifi.RSSI_CHANGED,0,ResolveInfo{d15bca9 com.sdu.didi.psnger/com.didi.sdk.receiver.WifiReceiver m=0x108000}]
06-23 07:12:08.860  3628  3776 I am_broadcast_discard_app: [0,194841579,android.net.wifi.RSSI_CHANGED,0,ResolveInfo{e41dd48 com.sdu.didi.psnger/com.didi.sdk.receiver.WifiReceiver m=0x108000}]
06-23 07:12:11.880  3628  3776 I am_broadcast_discard_app: [0,104758215,android.net.wifi.RSSI_CHANGED,0,ResolveInfo{53b85f4 com.sdu.didi.psnger/com.didi.sdk.receiver.WifiReceiver m=0x108000}]
06-23 07:12:14.903  3628  3776 I am_broadcast_discard_app: [0,144510307,android.net.wifi.RSSI_CHANGED,0,ResolveInfo{2850d60 com.sdu.didi.psnger/com.didi.sdk.receiver.WifiReceiver m=0x108000}]
06-23 07:12:17.919  3628  3776 I am_broadcast_discard_app: [0,192405430,android.net.wifi.RSSI_CHANGED,0,ResolveInfo{4f7e4b7 com.sdu.didi.psnger/com.didi.sdk.receiver.WifiReceiver m=0x108000}]
06-23 07:12:20.937  3628  3776 I am_broadcast_discard_app: [0,60440898,android.net.wifi.RSSI_CHANGED,0,ResolveInfo{39c1553 com.sdu.didi.psnger/com.didi.sdk.receiver.WifiReceiver m=0x108000}]
06-23 07:12:23.966  3628  3776 I am_broadcast_discard_app: [0,227487630,android.net.wifi.RSSI_CHANGED,0,ResolveInfo{c48b3af com.sdu.didi.psnger/com.didi.sdk.receiver.WifiReceiver m=0x108000}]
06-23 07:12:26.997  3628  3776 I am_broadcast_discard_app: [0,114472602,android.net.wifi.RSSI_CHANGED,0,ResolveInfo{76dbcb com.sdu.didi.psnger/com.didi.sdk.receiver.WifiReceiver m=0x108000}]
06-23 07:12:27.323  3628  3628 I free_storage_changed: 30596874240
06-23 07:12:30.023  3628  3776 I am_broadcast_discard_app: [0,110469734,android.net.wifi.RSSI_CHANGED,0,ResolveInfo{61569a7 com.sdu.didi.psnger/com.didi.sdk.receiver.WifiReceiver m=0x108000}]
06-23 07:12:33.037  3628  3776 I am_broadcast_discard_app: [0,71925490,android.net.wifi.RSSI_CHANGED,0,ResolveInfo{924f943 com.sdu.didi.psnger/com.didi.sdk.receiver.WifiReceiver m=0x108000}]
06-23 07:12:36.051  3628  3776 I am_broadcast_discard_app: [0,183277630,android.net.wifi.RSSI_CHANGED,0,ResolveInfo{b13e69f com.sdu.didi.psnger/com.didi.sdk.receiver.WifiReceiver m=0x108000}]
06-23 07:12:39.082  3628  3776 I am_broadcast_discard_app: [0,85326410,android.net.wifi.RSSI_CHANGED,0,ResolveInfo{bda4dbb com.sdu.didi.psnger/com.didi.sdk.receiver.WifiReceiver m=0x108000}]
06-23 07:12:42.113  3628  3776 I am_broadcast_discard_app: [0,230781206,android.net.wifi.RSSI_CHANGED,0,ResolveInfo{8d60a97 com.sdu.didi.psnger/com.didi.sdk.receiver.WifiReceiver m=0x108000}]
06-23 07:12:45.142  3628  3776 I am_broadcast_discard_app: [0,31164578,android.net.wifi.RSSI_CHANGED,0,ResolveInfo{d66b933 com.sdu.didi.psnger/com.didi.sdk.receiver.WifiReceiver m=0x108000}]
06-23 07:12:45.598   511   511 I sf_frame_dur: [UpSlideTransparentView,0,0,0,0,0,0,1]
06-23 07:12:45.982   511   511 I sf_frame_dur: [SurfaceView - com.vivo.browser/com.vivo.browser.MainActivity,580,10,6,7,7,7,5]
06-23 07:12:48.156  3628  3776 I am_broadcast_discard_app: [0,244157678,android.net.wifi.RSSI_CHANGED,0,ResolveInfo{149b58f com.sdu.didi.psnger/com.didi.sdk.receiver.WifiReceiver m=0x108000}]
06-23 07:12:51.186  3628  3776 I am_broadcast_discard_app: [0,139037178,android.net.wifi.RSSI_CHANGED,0,ResolveInfo{b61bab com.sdu.didi.psnger/com.didi.sdk.receiver.WifiReceiver m=0x108000}]
06-23 07:12:54.213  3628  3776 I am_broadcast_discard_app: [0,110513094,android.net.wifi.RSSI_CHANGED,0,ResolveInfo{a38c787 com.sdu.didi.psnger/com.didi.sdk.receiver.WifiReceiver m=0x108000}]
06-23 07:12:57.244  3628  3776 I am_broadcast_discard_app: [0,10182226,android.net.wifi.RSSI_CHANGED,0,ResolveInfo{e505523 com.sdu.didi.psnger/com.didi.sdk.receiver.WifiReceiver m=0x108000}]
06-23 07:13:00.263  3628  3776 I am_broadcast_discard_app: [0,239390869,android.net.wifi.RSSI_CHANGED,0,ResolveInfo{31865aa com.sdu.didi.psnger/com.didi.sdk.receiver.WifiReceiver m=0x108000}]
06-23 07:13:03.293  3628  3776 I am_broadcast_discard_app: [0,27500873,android.net.wifi.RSSI_CHANGED,0,ResolveInfo{5461a4e com.sdu.didi.psnger/com.didi.sdk.receiver.WifiReceiver m=0x108000}]
06-23 07:13:06.318  3628  3776 I am_broadcast_discard_app: [0,57091366,android.net.wifi.RSSI_CHANGED,0,ResolveInfo{1a09567 com.sdu.didi.psnger/com.didi.sdk.receiver.WifiReceiver m=0x108000}]
06-23 07:13:09.340  3628  3776 I am_broadcast_discard_app: [0,244346290,android.net.wifi.RSSI_CHANGED,0,ResolveInfo{e972103 com.sdu.didi.psnger/com.didi.sdk.receiver.WifiReceiver m=0x108000}]
06-23 07:13:12.370  3628  3776 I am_broadcast_discard_app: [0,234094858,android.net.wifi.RSSI_CHANGED,0,ResolveInfo{f1ad7b com.sdu.didi.psnger/com.didi.sdk.receiver.WifiReceiver m=0x108000}]
06-23 07:13:15.401  3628  3776 I am_broadcast_discard_app: [0,39396310,android.net.wifi.RSSI_CHANGED,0,ResolveInfo{663a657 com.sdu.didi.psnger/com.didi.sdk.receiver.WifiReceiver m=0x108000}]
06-23 07:13:18.421  3628  3776 I am_broadcast_discard_app: [0,35366754,android.net.wifi.RSSI_CHANGED,0,ResolveInfo{a9250f3 com.sdu.didi.psnger/com.didi.sdk.receiver.WifiReceiver m=0x108000}]
06-23 07:13:18.450  3628  3775 I am_pss  : [6657,10063,com.iqoo.secure:remote,20402176,18481152,0]
06-23 07:13:21.454  3628  3776 I am_broadcast_discard_app: [0,177264558,android.net.wifi.RSSI_CHANGED,0,ResolveInfo{ff7094f com.sdu.didi.psnger/com.didi.sdk.receiver.WifiReceiver m=0x108000}]
06-23 07:13:21.497  3628  3775 I am_pss  : [8240,10081,com.vivo.safecenter,6320128,4825088,0]
06-23 07:13:24.480  3628  3776 I am_broadcast_discard_app: [0,118931642,android.net.wifi.RSSI_CHANGED,0,ResolveInfo{d44eb6b com.sdu.didi.psnger/com.didi.sdk.receiver.WifiReceiver m=0x108000}]
06-23 07:13:24.553  3628  3775 I am_pss  : [8576,10025,com.vivo.browser,172070912,115429376,0]
06-23 07:13:24.576  3628  3775 I am_pss  : [8893,99000,com.vivo.browser:sandboxed_process0,67247104,52334592,0]
06-23 07:13:26.345   511   511 I sf_frame_dur: [SurfaceView - com.vivo.browser/com.vivo.browser.MainActivity,437,24,5,5,5,2,2]
06-23 07:13:27.512  3628  3776 I am_broadcast_discard_app: [0,148909702,android.net.wifi.RSSI_CHANGED,0,ResolveInfo{744d347 com.sdu.didi.psnger/com.didi.sdk.receiver.WifiReceiver m=0x108000}]
06-23 07:13:30.529  3628  3776 I am_broadcast_discard_app: [0,260091154,android.net.wifi.RSSI_CHANGED,0,ResolveInfo{c715ce3 com.sdu.didi.psnger/com.didi.sdk.receiver.WifiReceiver m=0x108000}]
06-23 07:13:33.548  3628  3776 I am_broadcast_discard_app: [0,167824490,android.net.wifi.RSSI_CHANGED,0,ResolveInfo{49b855b com.sdu.didi.psnger/com.didi.sdk.receiver.WifiReceiver m=0x108000}]
06-23 07:13:33.707  3628  3776 I am_wtf  : [0,4691,system_server,-1,KernelWakelockReader,neither /proc/wakelocks nor /d/wakeup_sources exists]
06-23 07:13:36.572  3628  3776 I am_broadcast_discard_app: [0,100867127,android.net.wifi.RSSI_CHANGED,0,ResolveInfo{b75f5a4 com.sdu.didi.psnger/com.didi.sdk.receiver.WifiReceiver m=0x108000}]
06-23 07:13:39.595  3628  3776 I am_broadcast_discard_app: [0,48448723,android.net.wifi.RSSI_CHANGED,0,ResolveInfo{7eec810 com.sdu.didi.psnger/com.didi.sdk.receiver.WifiReceiver m=0x108000}]
06-23 07:13:42.622  3628  3776 I am_broadcast_discard_app: [0,227760943,android.net.wifi.RSSI_CHANGED,0,ResolveInfo{2e0553c com.sdu.didi.psnger/com.didi.sdk.receiver.WifiReceiver m=0x108000}]
06-23 07:13:45.652  3628  3776 I am_broadcast_discard_app: [0,150702376,android.net.wifi.RSSI_CHANGED,0,ResolveInfo{3d3c641 com.sdu.didi.psnger/com.didi.sdk.receiver.WifiReceiver m=0x108000}]
06-23 07:13:48.676  3628  3776 I am_broadcast_discard_app: [0,252973012,android.net.wifi.RSSI_CHANGED,0,ResolveInfo{a55857d com.sdu.didi.psnger/com.didi.sdk.receiver.WifiReceiver m=0x108000}]
06-23 07:13:51.706  3628  3776 I am_broadcast_discard_app: [0,25974080,android.net.wifi.RSSI_CHANGED,0,ResolveInfo{a39fc79 com.sdu.didi.psnger/com.didi.sdk.receiver.WifiReceiver m=0x108000}]
06-23 07:13:54.736  3628  3776 I am_broadcast_discard_app: [0,243369324,android.net.wifi.RSSI_CHANGED,0,ResolveInfo{154e735 com.sdu.didi.psnger/com.didi.sdk.receiver.WifiReceiver m=0x108000}]
06-23 07:13:57.758  3628  3776 I am_broadcast_discard_app: [0,255956630,android.net.wifi.RSSI_CHANGED,0,ResolveInfo{8d30217 com.sdu.didi.psnger/com.didi.sdk.receiver.WifiReceiver m=0x108000}]
06-23 07:14:00.783  3628  3776 I am_broadcast_discard_app: [0,232125929,android.net.wifi.RSSI_CHANGED,0,ResolveInfo{3ce26e com.sdu.didi.psnger/com.didi.sdk.receiver.WifiReceiver m=0x108000}]
06-23 07:14:03.812  3628  3776 I am_broadcast_discard_app: [0,135202725,android.net.wifi.RSSI_CHANGED,0,ResolveInfo{158b77a com.sdu.didi.psnger/com.didi.sdk.receiver.WifiReceiver m=0x108000}]
06-23 07:14:06.841  3628  3776 I am_broadcast_discard_app: [0,86155015,android.net.wifi.RSSI_CHANGED,0,ResolveInfo{29c0834 com.sdu.didi.psnger/com.didi.sdk.receiver.WifiReceiver m=0x108000}]
06-23 07:14:09.869  3628  3776 I am_broadcast_discard_app: [0,67859360,android.net.wifi.RSSI_CHANGED,0,ResolveInfo{b5cc31e com.sdu.didi.psnger/com.didi.sdk.receiver.WifiReceiver m=0x108000}]
06-23 07:14:12.891  3628  3776 I am_broadcast_discard_app: [0,76162069,android.net.wifi.RSSI_CHANGED,0,ResolveInfo{30df32a com.sdu.didi.psnger/com.didi.sdk.receiver.WifiReceiver m=0x108000}]
06-23 07:14:15.921  3628  3776 I am_broadcast_discard_app: [0,241952356,android.net.wifi.RSSI_CHANGED,0,ResolveInfo{97bc0cd com.sdu.didi.psnger/com.didi.sdk.receiver.WifiReceiver m=0x108000}]
06-23 07:14:18.944  3628  3776 I am_broadcast_discard_app: [0,20120784,android.net.wifi.RSSI_CHANGED,0,ResolveInfo{7109cc9 com.sdu.didi.psnger/com.didi.sdk.receiver.WifiReceiver m=0x108000}]
06-23 07:14:21.969  3628  3776 I am_broadcast_discard_app: [0,118201852,android.net.wifi.RSSI_CHANGED,0,ResolveInfo{6fd3c85 com.sdu.didi.psnger/com.didi.sdk.receiver.WifiReceiver m=0x108000}]
06-23 07:14:24.995  3628  3776 I am_broadcast_discard_app: [0,225615336,android.net.wifi.RSSI_CHANGED,0,ResolveInfo{f5a1c01 com.sdu.didi.psnger/com.didi.sdk.receiver.WifiReceiver m=0x108000}]
06-23 07:14:25.757  3628  4088 I sysui_histogram: [power_double_tap_interval,442384]
06-23 07:14:25.969  3628  4088 I power_sleep_requested: 0
06-23 07:14:25.972  3628  3628 I power_screen_state: [0,2,0,0]
06-23 07:14:25.972  3628  3628 I screen_toggled: 0
06-23 07:14:25.972  3628  3628 I sysui_histogram: [screen_timeout,60]
06-23 07:14:25.972  3628  3628 I power_screen_broadcast_send: 1
06-23 07:14:25.975  3628  3777 I am_wtf  : [0,3628,system_server,-1,ActivityManager,Sending non-protected broadcast vivo.intent.action.POWER_KEY_SCREEN_OFF from system 3628:system/1000 pkg android]
06-23 07:14:26.009  3628  3628 I am_pause_activity: [0,154845053,com.vivo.browser/.MainActivity]
06-23 07:14:26.026  3628  3776 I am_wtf  : [0,3628,system_server,-1,KernelWakelockReader,neither /proc/wakelocks nor /d/wakeup_sources exists]
06-23 07:14:26.040  8576  8576 I am_on_paused_called: [0,com.vivo.browser.MainActivity,handlePauseActivity]
06-23 07:14:26.043  3628  3776 I am_stop_activity: [0,154845053,com.vivo.browser/.MainActivity]
06-23 07:14:26.061  8576  8576 I am_on_stop_called: [0,com.vivo.browser.MainActivity,sleeping]
06-23 07:14:26.081  4319  4319 I sysui_view_visibility: [111,100]
06-23 07:14:26.109  3628  4874 I am_wtf  : [0,3628,system_server,-1,ActivityManager,Sending non-protected broadcast com.vivo.updater.action.SCREEN_OFF from system 4691:com.vivo.daemonService/1000 pkg com.vivo.daemonService]
06-23 07:14:26.114  4319  4319 I sysui_status_bar_state: [1,1,0,0,0,1]
06-23 07:14:26.138  3628  4863 I notification_expansion: [0|com.android.bbklog|2147483647|group_key_override|1000|ranker_bundle,0,1,797235,797235,0]
06-23 07:14:26.275  3628  3775 I am_meminfo: [991383552,87007232,0,374067200,284013568]
06-23 07:14:26.296  3628  3775 I am_pss  : [4306,10062,com.baidu.input_bbk.service,48206848,39305216,0]
06-23 07:14:26.311  3628  3775 I am_pss  : [4923,10064,com.bbk.iqoo.logsystem,19983360,17866752,0]
06-23 07:14:26.326  3628  3775 I am_pss  : [6570,1000,com.vivo.wifi.networkdetect,4463616,3670016,0]
06-23 07:14:26.340  3628  3775 I am_pss  : [4272,1000,com.vivo.appfilter,9053184,8101888,0]
06-23 07:14:26.357  3628  3775 I am_pss  : [5831,10011,android.process.media,37965824,36372480,0]
06-23 07:14:26.374  3628  3775 I am_pss  : [7610,10171,com.sie.mp,27845632,22048768,0]
06-23 07:14:26.394  3628  3775 I am_pss  : [8506,10133,com.tencent.mm:appbrand0,39888896,21803008,0]
06-23 07:14:26.409  3628  3775 I am_pss  : [4738,1000,com.vivo.smartmultiwindow,21450752,19869696,0]
06-23 07:14:26.429  3628  3775 I am_pss  : [6863,10133,com.tencent.mm:tools,43026432,25092096,0]
06-23 07:14:26.445  3628  3775 I am_pss  : [4679,1000,com.android.settings,14479360,11640832,0]
06-23 07:14:26.459  3628  3775 I am_pss  : [8362,10077,com.android.printspooler,3473408,2736128,0]
06-23 07:14:26.473  3628  3775 I am_pss  : [5190,10002,com.vivo.sim.contacts,7621632,6598656,0]
06-23 07:14:26.488  3628  3775 I am_pss  : [7112,10016,com.android.mms,48060416,46481408,0]
06-23 07:14:26.504  3628  3775 I am_pss  : [8936,10093,com.android.camera,13550592,10219520,0]
06-23 07:14:26.518  3628  3775 I am_pss  : [8098,1000,com.vivo.networkimprove,3795968,3104768,0]
06-23 07:14:26.533  3628  3775 I am_pss  : [6685,10041,com.android.BBKClock,5379072,4579328,0]
06-23 07:14:26.548  3628  3775 I am_pss  : [7983,10107,com.vivo.widget.calendar,4277248,3411968,0]
06-23 07:14:26.567  3628  3775 I am_pss  : [7655,10171,com.sie.mp:pushservice,32602112,26673152,0]
06-23 07:14:26.583  3628  3775 I am_pss  : [6923,1000,com.vivo.permissionmanager,37922816,35110912,0]
06-23 07:14:26.597  3628  3775 I am_pss  : [5786,1000,com.android.bbklog,11692032,10493952,0]
06-23 07:14:26.620  3628  3775 I am_pss  : [7920,1000,com.volte.config,4365312,3477504,0]
06-23 07:14:26.635  3628  3775 I am_pss  : [5099,10066,com.vivo.magazine,11107328,10113024,0]
06-23 07:14:26.649  3628  3775 I am_pss  : [6237,10097,com.vivo.widget,3213312,2437120,0]
06-23 07:14:26.664  3628  3775 I am_pss  : [7597,1000,org.simalliance.openmobileapi.service:remote,3884032,3112960,0]
06-23 07:14:26.679  3628  3775 I am_pss  : [7418,1000,com.vivo.abe:pushservice_v1,13508608,10428416,0]
06-23 07:14:26.693  3628  3775 I am_pss  : [7370,10028,com.vivo.audiofx,4298752,3387392,0]
06-23 07:14:26.707  3628  3775 I am_pss  : [5208,1001,com.qualcomm.qcrilmsgtunnel,4070400,3350528,0]
06-23 07:14:26.721  3628  3775 I am_pss  : [7342,1000,com.qualcomm.qti.appnetaccess,3356672,2621440,0]
06-23 07:14:26.735  3628  3775 I am_pss  : [7000,1000,com.qualcomm.qti.qs,3361792,2613248,0]
06-23 07:14:26.749  3628  3775 I am_pss  : [6899,1000,com.android.fuelsummary,5611520,4771840,0]
06-23 07:14:26.763  3628  3775 I am_pss  : [6791,1000,com.qualcomm.display,3017728,2347008,0]
06-23 07:14:26.777  3628  3775 I am_pss  : [5805,10105,com.android.smspush,2947072,2256896,0]
06-23 07:14:26.791  3628  3775 I am_pss  : [5720,1000,com.qti.service.colorservice,3382272,2621440,0]
06-23 07:14:26.805  3628  3775 I am_pss  : [5664,10071,com.oma.drm.server,3809280,3031040,0]
06-23 07:14:26.821  3628  3775 I am_pss  : [5651,10017,com.baidu.map.location,13302784,11395072,0]
06-23 07:14:26.835  3628  3775 I am_pss  : [5638,1001,com.qualcomm.qti.loadcarrier,3150848,2453504,0]
06-23 07:14:26.849  3628  3775 I am_pss  : [5623,1000,com.alps.lcn,3292160,2596864,0]
06-23 07:14:26.866  3628  3775 I am_pss  : [5557,1000,com.vivo.abe,43791360,40939520,0]
06-23 07:14:26.880  3628  3775 I am_pss  : [5444,10013,android.ext.services,3460096,2699264,0]
06-23 07:14:26.898  3628  3775 I am_pss  : [4289,1002,com.android.bluetooth,15195136,12173312,0]
06-23 07:14:26.919  3628  3775 I am_pss  : [4891,1001,com.android.phone,41849856,36757504,0]
06-23 07:14:26.939  3628  3775 I am_pss  : [4862,1000,com.vivo.upslide,36119552,31477760,0]
06-23 07:14:26.953  3628  3775 I am_pss  : [4850,1000,com.android.server.telecom,7860224,6713344,0]
06-23 07:14:26.969  3628  3775 I am_pss  : [4842,1000,.dataservices,10295296,9330688,0]
06-23 07:14:26.987  3628  3775 I am_pss  : [4691,1000,com.vivo.daemonService,27443200,24657920,0]
06-23 07:14:27.037  3628  3775 I am_pss  : [3628,1000,system,138898432,130027520,0]
06-23 07:14:27.176  3628  3628 I power_screen_broadcast_done: [0,1204,1]
06-23 07:14:27.325  3628  3628 I free_storage_changed: 30594125824
06-23 07:14:54.183  3628  3776 I am_wtf  : [0,3628,system_server,-1,KernelWakelockReader,neither /proc/wakelocks nor /d/wakeup_sources exists]
06-23 07:14:54.186  3628  4088 I sysui_histogram: [power_double_tap_interval,3418]
06-23 07:14:54.189  3628  3628 I power_screen_state: [1,0,0,0]
06-23 07:14:54.189  3628  3628 I screen_toggled: 1
06-23 07:14:54.191  3628  3776 I am_wtf  : [0,3628,system_server,-1,KernelWakelockReader,neither /proc/wakelocks nor /d/wakeup_sources exists]
06-23 07:14:54.197  3628  3628 I power_screen_broadcast_send: 1
06-23 07:14:54.199  4319  4319 I sysui_histogram: [note_load,5]
06-23 07:14:54.201  3628  7864 I notification_panel_revealed: 5
06-23 07:14:54.266  3628  4320 I am_wtf  : [0,3628,system_server,-1,ActivityManager,Sending non-protected broadcast com.vivo.updater.action.SCREEN_ON from system 4691:com.vivo.daemonService/1000 pkg com.vivo.daemonService]
06-23 07:14:54.354  3628  3776 I am_wtf  : [0,3628,system_server,-1,KernelWakelockReader,neither /proc/wakelocks nor /d/wakeup_sources exists]
06-23 07:14:54.423  3628  3628 I power_screen_broadcast_done: [1,226,1]
06-23 07:14:54.467   511   511 I sf_frame_dur: [ColorFade,3,0,0,0,0,0,0]
06-23 07:14:56.097  4319  4319 I screen_toggled: 2
06-23 07:14:56.106  4319  4319 I sysui_status_bar_state: [1,0,0,0,0,1]
06-23 07:14:56.118  4319  4319 I sysui_view_visibility: [111,0]
06-23 07:14:56.134  3628  4835 I am_resume_activity: [0,154845053,4,com.vivo.browser/.MainActivity]
06-23 07:14:56.178  3628  3776 I am_broadcast_discard_app: [0,18913060,android.intent.action.USER_PRESENT,0,ResolveInfo{2c5828d cn.wps.moffice_eng/cn.wps.moffice.service.receivers.MonitorServiceReceiver p=2147483647 m=0x108000}]
06-23 07:14:56.179  3628  3776 I am_broadcast_discard_app: [0,18913060,android.intent.action.USER_PRESENT,1,ResolveInfo{1edbc42 com.eg.android.AlipayGphone/com.alipay.pushsdk.BroadcastActionReceiver p=2147483647 m=0x108000}]
06-23 07:14:56.185  3628  4890 I notification_expansion: [0|com.bbk.appstore|2147483647|group_key_override|10030|ranker_bundle,0,1,812995,812995,0]
06-23 07:14:56.187  3628  4919 I notification_expansion: [0|com.bbk.appstore|100000|null|10030,0,1,813030,813030,0]
06-23 07:14:56.187  3628  3776 I am_broadcast_discard_app: [0,18913060,android.intent.action.USER_PRESENT,2,ResolveInfo{694ba89 com.sdu.didi.psnger/com.igexin.sdk.PushReceiver p=2147483647 m=0x108000}]
06-23 07:14:56.188  3628  3776 I am_broadcast_discard_app: [0,18913060,android.intent.action.USER_PRESENT,4,ResolveInfo{d1f5a8e ctrip.android.view/ctrip.android.pushsdk.DaemonReceiver p=10000 m=0x108000}]
06-23 07:14:56.188  3628  7867 I notification_expansion: [0|com.android.bbklog|2147483647|group_key_override|1000|ranker_bundle,0,1,827285,827285,0]
06-23 07:14:56.189  3628  3776 I am_broadcast_discard_app: [0,18913060,android.intent.action.USER_PRESENT,5,ResolveInfo{bc502af com.ifeng.news2/com.eguan.drivermonitor.reciever.SystemStartReciever p=1000 m=0x108000}]
06-23 07:14:56.226  3628  7865 I notification_panel_hidden: []
06-23 07:14:56.255  8576  8576 I am_on_resume_called: [0,com.vivo.browser.MainActivity,RESUME_ACTIVITY]
06-23 07:14:56.352  3628  3762 I am_broadcast_discard_app: [0,18913060,android.intent.action.USER_PRESENT,13,ResolveInfo{7f5d5d8 cn.wps.moffice_eng/com.igexin.sdk.PushReceiver m=0x108000}]
06-23 07:14:56.353  3628  3776 I am_broadcast_discard_app: [0,18913060,android.intent.action.USER_PRESENT,14,ResolveInfo{7e40d31 com.Qunar/com.igexin.sdk.PushReceiver m=0x108000}]
06-23 07:14:56.354  3628  3776 I am_broadcast_discard_app: [0,18913060,android.intent.action.USER_PRESENT,15,ResolveInfo{d04bc16 com.anjuke.android.app/com.igexin.sdk.PushReceiver m=0x108000}]
06-23 07:14:56.356  3628  3776 I am_broadcast_discard_app: [0,18913060,android.intent.action.USER_PRESENT,16,ResolveInfo{b56f997 com.autonavi.minimap/com.taobao.accs.EventReceiver m=0x108000}]
06-23 07:14:56.357  3628  3776 I am_broadcast_discard_app: [0,18913060,android.intent.action.USER_PRESENT,17,ResolveInfo{5de7784 com.baidu.BaiduMap/com.baidu.android.pushservice.PushServiceReceiver m=0x108000}]
06-23 07:14:56.357  3628  3776 I am_broadcast_discard_app: [0,18913060,android.intent.action.USER_PRESENT,18,ResolveInfo{c3b4b6d com.baidu.netdisk/com.baidu.android.pushservice.PushServiceReceiver m=0x108000}]
06-23 07:14:56.358  3628  3776 I am_broadcast_discard_app: [0,18913060,android.intent.action.USER_PRESENT,19,ResolveInfo{98883a2 com.baidu.netdisk/com.baidu.devicesecurity.receiver.DSDeviceAdminReceiver m=0x108000}]
06-23 07:14:56.359  3628  3776 I am_broadcast_discard_app: [0,18913060,android.intent.action.USER_PRESENT,20,ResolveInfo{8879833 com.dianping.v1/com.dianping.base.push.pushservice.PhoneStatusReceiver m=0x108000}]
06-23 07:14:56.360  3628  3776 I am_broadcast_discard_app: [0,18913060,android.intent.action.USER_PRESENT,21,ResolveInfo{c8d87f0 com.htinns/cn.jpush.android.service.PushReceiver m=0x108000}]
06-23 07:14:56.361  3628  3776 I am_broadcast_discard_app: [0,18913060,android.intent.action.USER_PRESENT,22,ResolveInfo{b4e3169 com.htinns/com.igexin.sdk.PushReceiver m=0x108000}]
06-23 07:14:56.362  3628  3776 I am_broadcast_discard_app: [0,18913060,android.intent.action.USER_PRESENT,24,ResolveInfo{38f37ee com.ifeng.news2/com.ifeng.ipush.client.receiver.PushReceiver m=0x108000}]
06-23 07:14:56.362  3628  3776 I am_broadcast_discard_app: [0,18913060,android.intent.action.USER_PRESENT,26,ResolveInfo{719848f com.ifeng.news2/com.igexin.sdk.PushReceiver m=0x108000}]
06-23 07:14:56.364  3628  3776 I am_broadcast_discard_app: [0,18913060,android.intent.action.USER_PRESENT,27,ResolveInfo{1db331c com.jm.android.jumei/com.igexin.sdk.PushReceiver m=0x108000}]
06-23 07:14:56.365  3628  3776 I am_broadcast_discard_app: [0,18913060,android.intent.action.USER_PRESENT,29,ResolveInfo{78f7b25 com.jm.android.jumei/.push.JMAliReceiver m=0x108000}]
06-23 07:14:56.366  3628  3776 I am_broadcast_discard_app: [0,18913060,android.intent.action.USER_PRESENT,30,ResolveInfo{33ae4fa com.jm.android.jumei/com.taobao.accs.EventReceiver m=0x108000}]
06-23 07:14:56.367  3628  3776 I am_broadcast_discard_app: [0,18913060,android.intent.action.USER_PRESENT,31,ResolveInfo{533daab com.lesports.glivesports/com.igexin.sdk.PushReceiver m=0x108000}]
06-23 07:14:56.367  3628  3776 I am_broadcast_discard_app: [0,18913060,android.intent.action.USER_PRESENT,32,ResolveInfo{ef66508 com.letv.android.client/.receiver.LockScreenReceiver m=0x108000}]
06-23 07:14:56.368  3628  3776 I am_broadcast_discard_app: [0,18913060,android.intent.action.USER_PRESENT,33,ResolveInfo{de1a4a1 com.letv.android.client/cn.jpush.android.service.PushReceiver m=0x108000}]
06-23 07:14:56.369  3628  3776 I am_broadcast_discard_app: [0,18913060,android.intent.action.USER_PRESENT,34,ResolveInfo{ec256c6 com.microfundrn/com.igexin.sdk.PushReceiver m=0x108000}]
06-23 07:14:56.369  3628  3776 I am_broadcast_discard_app: [0,18913060,android.intent.action.USER_PRESENT,35,ResolveInfo{2537687 com.mobike.mobikeapp/com.igexin.sdk.PushReceiver m=0x108000}]
06-23 07:14:56.370  3628  3776 I am_broadcast_discard_app: [0,18913060,android.intent.action.USER_PRESENT,36,ResolveInfo{f10c9b4 com.mobike.mobikeapp/com.hyphenate.chat.EMMonitorReceiver m=0x108000}]
06-23 07:14:56.371  3628  3776 I am_broadcast_discard_app: [0,18913060,android.intent.action.USER_PRESENT,37,ResolveInfo{cd2e9dd com.netease.mail/com.igexin.sdk.PushReceiver m=0x108000}]
06-23 07:14:56.371  3628  3776 I am_broadcast_discard_app: [0,18913060,android.intent.action.USER_PRESENT,38,ResolveInfo{6fd1952 com.nfyg.hsbb/com.igexin.sdk.PushReceiver m=0x108000}]
06-23 07:14:56.372  3628  3776 I am_broadcast_discard_app: [0,18913060,android.intent.action.USER_PRESENT,40,ResolveInfo{ee6f423 com.pplive.androidphone/.push.getui.PushReceiver m=0x108000}]
06-23 07:14:56.373  3628  3776 I am_broadcast_discard_app: [0,18913060,android.intent.action.USER_PRESENT,41,ResolveInfo{ccacd20 com.pplive.androidphone/com.igexin.sdk.PushReceiver m=0x108000}]
06-23 07:14:56.374  3628  3776 I am_broadcast_discard_app: [0,18913060,android.intent.action.USER_PRESENT,42,ResolveInfo{39946d9 com.pplive.androidphone/com.pplive.pushmsgsdk.SdkReceiver m=0x108000}]
06-23 07:14:56.374  3628  3776 I am_broadcast_discard_app: [0,18913060,android.intent.action.USER_PRESENT,43,ResolveInfo{af789e com.pplive.androidphone/io.rong.push.PushReceiver m=0x108000}]
06-23 07:14:56.375  3628  3776 I am_broadcast_discard_app: [0,18913060,android.intent.action.USER_PRESENT,44,ResolveInfo{9aaaf7f com.qiyi.video/com.baidu.android.pushservice.PushServiceReceiver m=0x108000}]
06-23 07:14:56.376  3628  3776 I am_broadcast_discard_app: [0,18913060,android.intent.action.USER_PRESENT,45,ResolveInfo{a5f9b4c com.qiyi.video/com.iqiyi.pushservice.PushServiceReceiver m=0x108000}]
06-23 07:14:56.376  3628  3776 I am_broadcast_discard_app: [0,18913060,android.intent.action.USER_PRESENT,46,ResolveInfo{4ce7795 com.qiyi.video/com.iqiyi.hcim.service.BroadcastCenter m=0x108000}]
06-23 07:14:56.377  3628  3776 I am_broadcast_discard_app: [0,18913060,android.intent.action.USER_PRESENT,47,ResolveInfo{69680aa com.qiyi.video/com.iqiyi.impushservice.receiver.ImPushServiceReceiver m=0x108000}]
06-23 07:14:56.378  3628  3776 I am_broadcast_discard_app: [0,18913060,android.intent.action.USER_PRESENT,48,ResolveInfo{6c4c49b com.sankuai.meituan/com.dianping.base.push.pushservice.PhoneStatusReceiver m=0x108000}]
06-23 07:14:56.384  3628  4916 I am_broadcast_discard_app: [0,18913060,android.intent.action.USER_PRESENT,50,ResolveInfo{912038 com.ss.android.article.lite/com.ss.android.message.MessageReceiver m=0x108000}]
06-23 07:14:56.390  3628  3776 I am_broadcast_discard_app: [0,18913060,android.intent.action.USER_PRESENT,51,ResolveInfo{8ebf811 com.ss.android.article.lite/com.ss.android.push.sswo.SswoReceiver m=0x108000}]
06-23 07:14:56.393  3628  3776 I am_broadcast_discard_app: [0,18913060,android.intent.action.USER_PRESENT,52,ResolveInfo{33fd76 com.ss.android.article.lite/com.taobao.accs.EventReceiver m=0x108000}]
06-23 07:14:56.394  3628  3776 I am_broadcast_discard_app: [0,18913060,android.intent.action.USER_PRESENT,53,ResolveInfo{ca10f77 com.taobao.taobao/com.taobao.accs.EventReceiver m=0x108000}]
06-23 07:14:56.395  3628  3776 I am_broadcast_discard_app: [0,18913060,android.intent.action.USER_PRESENT,55,ResolveInfo{5407e4 com.tencent.news/.push.alive.offactivity.OffScreenReceiver m=0x108000}]
06-23 07:14:56.396  3628  3776 I am_broadcast_discard_app: [0,18913060,android.intent.action.USER_PRESENT,56,ResolveInfo{c87044d com.tencent.news/com.taobao.accs.EventReceiver m=0x108000}]
06-23 07:14:56.397  3628  3776 I am_broadcast_discard_app: [0,18913060,android.intent.action.USER_PRESENT,57,ResolveInfo{95a7b02 com.xiaoming.bike/com.igexin.sdk.PushReceiver m=0x108000}]
06-23 07:14:56.398  3628  3776 I am_broadcast_discard_app: [0,18913060,android.intent.action.USER_PRESENT,58,ResolveInfo{28d2c13 com.ximalaya.fm.android/com.baidu.android.pushservice.PushServiceReceiver m=0x108000}]
06-23 07:14:56.399  3628  3776 I am_broadcast_discard_app: [0,18913060,android.intent.action.USER_PRESENT,59,ResolveInfo{33bbe50 com.ximalaya.fm.android/com.igexin.sdk.PushReceiver m=0x108000}]
06-23 07:14:56.401  3628  3776 I am_broadcast_discard_app: [0,18913060,android.intent.action.USER_PRESENT,60,ResolveInfo{64c9849 com.ximalaya.ting.android/com.sina.util.dnscache.net.networktype.NetworkStateReceiver m=0x108000}]
06-23 07:14:57.264  3628  3776 I am_broadcast_discard_app: [0,111570812,android.net.wifi.RSSI_CHANGED,0,ResolveInfo{bd7005 com.sdu.didi.psnger/com.didi.sdk.receiver.WifiReceiver m=0x108000}]
06-23 07:14:58.001  3628  3777 I am_wtf  : [0,3628,system_server,-1,ActivityManager,Sending non-protected broadcast vivo.intent.action.CHECK_ALERT_WINDOW from system 3628:system/1000 pkg android]
06-23 07:14:58.003  3628  3777 I am_wtf  : [0,3628,system_server,-1,ActivityManager,Sending non-protected broadcast vivo.intent.action.CHECK_ALERT_WINDOW from system 3628:system/1000 pkg android]
06-23 07:14:59.860   511   511 I sf_frame_dur: [SurfaceView - ,1,0,14,0,0,0,0]
06-23 07:15:00.290  3628  3776 I am_broadcast_discard_app: [0,183211351,android.net.wifi.RSSI_CHANGED,0,ResolveInfo{6194844 com.sdu.didi.psnger/com.didi.sdk.receiver.WifiReceiver m=0x108000}]
06-23 07:15:03.315  3628  3776 I am_broadcast_discard_app: [0,19542003,android.net.wifi.RSSI_CHANGED,0,ResolveInfo{284a4b0 com.sdu.didi.psnger/com.didi.sdk.receiver.WifiReceiver m=0x108000}]
06-23 07:15:06.345  3628  3776 I am_broadcast_discard_app: [0,127687112,android.net.wifi.RSSI_CHANGED,0,ResolveInfo{99d5a61 com.sdu.didi.psnger/com.didi.sdk.receiver.WifiReceiver m=0x108000}]
06-23 07:15:06.397  3628  3775 I am_pss  : [6657,10063,com.iqoo.secure:remote,20364288,18444288,0]
06-23 07:15:09.373  3628  3776 I am_broadcast_discard_app: [0,50416244,android.net.wifi.RSSI_CHANGED,0,ResolveInfo{5f43b9d com.sdu.didi.psnger/com.didi.sdk.receiver.WifiReceiver m=0x108000}]
06-23 07:15:09.417  3628  3775 I am_pss  : [8240,10081,com.vivo.safecenter,6270976,4775936,0]
06-23 07:15:12.401  3628  3776 I am_broadcast_discard_app: [0,69376480,android.net.wifi.RSSI_CHANGED,0,ResolveInfo{ddf499 com.sdu.didi.psnger/com.didi.sdk.receiver.WifiReceiver m=0x108000}]
06-23 07:15:12.465  3628  3775 I am_pss  : [4306,10062,com.baidu.input_bbk.service,48206848,39305216,0]
06-23 07:15:12.501  3628  3775 I am_pss  : [4923,10064,com.bbk.iqoo.logsystem,20126720,18010112,0]
06-23 07:15:12.527  3628  3775 I am_pss  : [4272,1000,com.vivo.appfilter,9274368,8323072,0]
06-23 07:15:12.549  3628  3775 I am_pss  : [5831,10011,android.process.media,38000640,36405248,0]
06-23 07:15:12.567  3628  3775 I am_pss  : [6570,1000,com.vivo.wifi.networkdetect,4464640,3670016,0]
06-23 07:15:12.585  3628  3775 I am_pss  : [4738,1000,com.vivo.smartmultiwindow,21475328,19894272,0]
06-23 07:15:12.608  3628  3775 I am_pss  : [6863,10133,com.tencent.mm:tools,43025408,25092096,0]
06-23 07:15:12.624  3628  3775 I am_pss  : [4679,1000,com.android.settings,14479360,11640832,0]
06-23 07:15:12.639  3628  3775 I am_pss  : [5190,10002,com.vivo.sim.contacts,7621632,6598656,0]
06-23 07:15:12.653  3628  3775 I am_pss  : [6685,10041,com.android.BBKClock,5379072,4579328,0]
06-23 07:15:12.672  3628  3775 I am_pss  : [7655,10171,com.sie.mp:pushservice,32745472,26816512,0]
06-23 07:15:12.688  3628  3775 I am_pss  : [6923,1000,com.vivo.permissionmanager,36747264,32747520,0]
06-23 07:15:12.703  3628  3775 I am_pss  : [5786,1000,com.android.bbklog,10415104,9216000,0]
06-23 07:15:12.717  3628  3775 I am_pss  : [7920,1000,com.volte.config,4365312,3477504,0]
06-23 07:15:12.732  3628  3775 I am_pss  : [5099,10066,com.vivo.magazine,11111424,10117120,0]
06-23 07:15:12.746  3628  3775 I am_pss  : [6237,10097,com.vivo.widget,3213312,2437120,0]
06-23 07:15:12.761  3628  3775 I am_pss  : [7597,1000,org.simalliance.openmobileapi.service:remote,3884032,3112960,0]
06-23 07:15:12.776  3628  3775 I am_pss  : [7418,1000,com.vivo.abe:pushservice_v1,13507584,10428416,0]
06-23 07:15:12.790  3628  3775 I am_pss  : [7370,10028,com.vivo.audiofx,4298752,3387392,0]
06-23 07:15:12.804  3628  3775 I am_pss  : [5208,1001,com.qualcomm.qcrilmsgtunnel,4082688,3362816,0]
06-23 07:15:12.818  3628  3775 I am_pss  : [7342,1000,com.qualcomm.qti.appnetaccess,3356672,2621440,0]
06-23 07:15:12.833  3628  3775 I am_pss  : [7000,1000,com.qualcomm.qti.qs,3361792,2613248,0]
06-23 07:15:12.847  3628  3775 I am_pss  : [6899,1000,com.android.fuelsummary,6237184,5398528,0]
06-23 07:15:12.862  3628  3775 I am_pss  : [6791,1000,com.qualcomm.display,3017728,2347008,0]
06-23 07:15:12.876  3628  3775 I am_pss  : [5805,10105,com.android.smspush,2947072,2256896,0]
06-23 07:15:12.890  3628  3775 I am_pss  : [5720,1000,com.qti.service.colorservice,3382272,2621440,0]
06-23 07:15:12.904  3628  3775 I am_pss  : [5444,10013,android.ext.services,3460096,2699264,0]
06-23 07:15:12.923  3628  3775 I am_pss  : [4289,1002,com.android.bluetooth,15195136,12173312,0]
06-23 07:15:15.430  3628  3776 I am_broadcast_discard_app: [0,38237196,android.net.wifi.RSSI_CHANGED,0,ResolveInfo{b104155 com.sdu.didi.psnger/com.didi.sdk.receiver.WifiReceiver m=0x108000}]
06-23 07:15:18.461  3628  3776 I am_broadcast_discard_app: [0,268289272,android.net.wifi.RSSI_CHANGED,0,ResolveInfo{e09dd1 com.sdu.didi.psnger/com.didi.sdk.receiver.WifiReceiver m=0x108000}]
06-23 07:15:18.503  3628  3775 I am_pss  : [5739,10034,com.bbk.launcher2,77350912,69632000,0]
06-23 07:15:18.526  3628  3775 I am_pss  : [8014,10030,com.bbk.appstore,14457856,12746752,0]
06-23 07:15:18.544  3628  3775 I am_pss  : [5609,1000,com.vivo.doubleinstance,4733952,3846144,0]
06-23 07:15:21.491  3628  3776 I am_broadcast_discard_app: [0,147208356,android.net.wifi.RSSI_CHANGED,0,ResolveInfo{480460d com.sdu.didi.psnger/com.didi.sdk.receiver.WifiReceiver m=0x108000}]
06-23 07:15:21.533  3628  3775 I am_pss  : [7610,10171,com.sie.mp,27849728,22052864,0]
06-23 07:15:21.562  3628  3775 I am_pss  : [8506,10133,com.tencent.mm:appbrand0,39888896,21803008,0]
06-23 07:15:21.581  3628  3775 I am_pss  : [8362,10077,com.android.printspooler,3473408,2736128,0]
06-23 07:15:21.600  3628  3775 I am_pss  : [7112,10016,com.android.mms,48060416,46481408,0]
06-23 07:15:21.618  3628  3775 I am_pss  : [8936,10093,com.android.camera,13550592,10219520,0]
06-23 07:15:21.632  3628  3775 I am_pss  : [8098,1000,com.vivo.networkimprove,3795968,3104768,0]
06-23 07:15:21.646  3628  3775 I am_pss  : [7983,10107,com.vivo.widget.calendar,4277248,3411968,0]
06-23 07:15:24.517  3628  3776 I am_broadcast_discard_app: [0,226507536,android.net.wifi.RSSI_CHANGED,0,ResolveInfo{ff83609 com.sdu.didi.psnger/com.didi.sdk.receiver.WifiReceiver m=0x108000}]
06-23 07:15:26.141  3628  4079 I device_idle_wake_from_idle: [0,*walarm*:com.vivo.updater.alarm.action.LOCKED_TRIGGER]
06-23 07:15:27.546  3628  3776 I am_broadcast_discard_app: [0,262453835,android.net.wifi.RSSI_CHANGED,0,ResolveInfo{ae85c28 com.sdu.didi.psnger/com.didi.sdk.receiver.WifiReceiver m=0x108000}]
06-23 07:15:27.578  3628  3775 I am_pss  : [9924,10092,com.bbk.calendar,4454400,3698688,0]
06-23 07:15:27.599  3628  3775 I am_pss  : [8001,10004,com.android.providers.calendar,4969472,4157440,0]
06-23 07:15:30.577  3628  3776 I am_broadcast_discard_app: [0,8564775,android.net.wifi.RSSI_CHANGED,0,ResolveInfo{e7b12d4 com.sdu.didi.psnger/com.didi.sdk.receiver.WifiReceiver m=0x108000}]
06-23 07:15:30.614  3628  3775 I am_pss  : [10089,1000,com.vivo.cameraparamluma,7550976,6402048,0]
06-23 07:15:33.607  3628  3776 I am_broadcast_discard_app: [0,123742147,android.net.wifi.RSSI_CHANGED,0,ResolveInfo{3e08840 com.sdu.didi.psnger/com.didi.sdk.receiver.WifiReceiver m=0x108000}]
06-23 07:15:36.624  3628  3776 I am_broadcast_discard_app: [0,1277215,android.net.wifi.RSSI_CHANGED,0,ResolveInfo{d65e86c com.sdu.didi.psnger/com.didi.sdk.receiver.WifiReceiver m=0x108000}]
06-23 07:15:39.657  3628  3776 I am_broadcast_discard_app: [0,58510395,android.net.wifi.RSSI_CHANGED,0,ResolveInfo{2ff1f58 com.sdu.didi.psnger/com.didi.sdk.receiver.WifiReceiver m=0x108000}]
06-23 07:15:42.686  3628  3776 I am_broadcast_discard_app: [0,241299735,android.net.wifi.RSSI_CHANGED,0,ResolveInfo{5f2d904 com.sdu.didi.psnger/com.didi.sdk.receiver.WifiReceiver m=0x108000}]
06-23 07:15:44.614   511   511 I sf_frame_dur: [SurfaceView - com.vivo.browser/com.vivo.browser.MainActivity,873,21,11,14,22,7,16]
06-23 07:15:45.690  3628  3776 I am_broadcast_discard_app: [0,168462259,android.net.wifi.RSSI_CHANGED,0,ResolveInfo{3468170 com.sdu.didi.psnger/com.didi.sdk.receiver.WifiReceiver m=0x108000}]
06-23 07:15:48.720  3628  3776 I am_broadcast_discard_app: [0,43772943,android.net.wifi.RSSI_CHANGED,0,ResolveInfo{ea449c com.sdu.didi.psnger/com.didi.sdk.receiver.WifiReceiver m=0x108000}]
06-23 07:15:51.738  3628  3776 I am_broadcast_discard_app: [0,27594376,android.net.wifi.RSSI_CHANGED,0,ResolveInfo{2e4d021 com.sdu.didi.psnger/com.didi.sdk.receiver.WifiReceiver m=0x108000}]
06-23 07:15:51.789  3628  3775 I am_pss  : [8576,10025,com.vivo.browser,143931392,113897472,0]
