06-22 23:05:53.424  5780  5780 I am_on_paused_called: [0,com.bbk.launcher2.Launcher,handlePauseActivity]
06-22 23:05:53.433  3004  8330 I am_resume_activity: [0,214386446,6,com.tencent.mm/.ui.LauncherUI]
06-22 23:05:53.438  3004  3562 I sysui_count: [window_time_0,1]
06-22 23:05:53.519  6034  6034 I am_on_resume_called: [0,com.tencent.mm.ui.LauncherUI,RESUME_ACTIVITY]
06-22 23:05:53.627  3004  3883 I sysui_action: [320,2]
06-22 23:05:53.627  3004  3883 I sysui_action: [319,222]
06-22 23:05:53.628  3004  3883 I sysui_action: [322,223]
06-22 23:05:53.717  3004  3562 I am_proc_start: [0,8121,10114,com.vivo.game,broadcast,com.vivo.game/.update.UpdateDownloadReceiver]
06-22 23:05:53.730  3004 19683 I am_proc_bound: [0,8121,com.vivo.game]
06-22 23:05:53.869  3004  3295 I am_broadcast_discard_app: [0,163523251,android.net.wifi.STATE_CHANGE,2,ResolveInfo{5304da0 com.baidu.netdisk/com.baidu.cyberplayer.dlna.NetworkChangeReceiver m=0x108000}]
06-22 23:05:53.870  3004  3562 I am_broadcast_discard_app: [0,163523251,android.net.wifi.STATE_CHANGE,3,ResolveInfo{6f7fd59 com.sdu.didi.psnger/com.didi.sdk.receiver.WifiReceiver m=0x108000}]
06-22 23:05:53.870  3004  3562 I am_broadcast_discard_app: [0,163523251,android.net.wifi.STATE_CHANGE,4,ResolveInfo{29e2d1e com.tencent.mtt/.browser.engine.ServiceProcessReceiver m=0x108000}]
06-22 23:05:53.895  3004  3562 I am_stop_activity: [0,64329445,com.bbk.launcher2/.Launcher]
06-22 23:05:53.899  5780  5780 I am_on_stop_called: [0,com.bbk.launcher2.Launcher,handleStopActivity]
06-22 23:05:53.926   511   511 I sf_frame_dur: [com.bbk.launcher2/com.bbk.launcher2.Launcher,34,0,1,2,1,0,0]
06-22 23:05:54.912  3004  4748 I am_proc_died: [0,8121,com.vivo.game]
06-22 23:05:54.912  3004  4748 I am_schedule_service_restart: [0,com.vivo.game/.update.GameReceiverService,1000]
06-22 23:05:55.134  3004  3562 I am_proc_start: [0,8164,10114,com.vivo.game,broadcast,com.vivo.game/.update.UpdateDownloadReceiver]
06-22 23:05:55.151  3004 23749 I am_proc_bound: [0,8164,com.vivo.game]
06-22 23:05:55.331  3004 23749 I am_broadcast_discard_app: [0,93842068,android.net.wifi.STATE_CHANGE,2,ResolveInfo{1046ee2 com.baidu.netdisk/com.baidu.cyberplayer.dlna.NetworkChangeReceiver m=0x108000}]
06-22 23:05:55.332  3004  3562 I am_broadcast_discard_app: [0,93842068,android.net.wifi.STATE_CHANGE,3,ResolveInfo{d784273 com.sdu.didi.psnger/com.didi.sdk.receiver.WifiReceiver m=0x108000}]
06-22 23:05:55.334  3004  3562 I am_broadcast_discard_app: [0,93842068,android.net.wifi.STATE_CHANGE,4,ResolveInfo{8658530 com.tencent.mtt/.browser.engine.ServiceProcessReceiver m=0x108000}]
06-22 23:05:56.382  3004  4647 I am_proc_died: [0,8164,com.vivo.game]
06-22 23:05:56.382  3004  4647 I am_schedule_service_restart: [0,com.vivo.game/.update.GameReceiverService,1000]
06-22 23:06:00.453  3004  4050 I am_wtf  : [0,3004,system_server,-1,ActivityManager,Sending non-protected broadcast MqttService.pingSender.364803822420926726 from system uid 1000 pkg com.vivo.abe]
06-22 23:06:04.819  3004  3558 I am_pss  : [6034,10133,com.tencent.mm,169196544,159461376,0]
06-22 23:06:04.845  3004  3558 I am_pss  : [4729,10002,android.process.acore,20105216,19030016,0]
06-22 23:06:06.379   511   511 I sf_frame_dur: [InputMethod,55,13,17,12,14,4,0]
06-22 23:06:13.735  3004  3562 I am_proc_start: [0,8271,10114,com.vivo.game,broadcast,com.vivo.game/.update.UpdateDownloadReceiver]
06-22 23:06:13.758  3004  8335 I am_proc_bound: [0,8271,com.vivo.game]
06-22 23:06:13.809  3004  3558 I am_pss  : [5826,1000,com.android.bbklog,25527296,22478848,0]
06-22 23:06:13.834  3004  3558 I am_pss  : [28431,10009,com.android.dialer,35957760,33800192,0]
06-22 23:06:13.856  3004  3558 I am_pss  : [8247,10133,com.tencent.mm:exdevice,16777216,13889536,0]
06-22 23:06:13.876  3004  3558 I am_pss  : [6775,10133,com.tencent.mm:push,21478400,18341888,0]
06-22 23:06:13.952  3004  8333 I am_broadcast_discard_app: [0,4366524,android.net.wifi.STATE_CHANGE,2,ResolveInfo{a046cb5 com.baidu.netdisk/com.baidu.cyberplayer.dlna.NetworkChangeReceiver m=0x108000}]
06-22 23:06:13.954  3004  3562 I am_broadcast_discard_app: [0,4366524,android.net.wifi.STATE_CHANGE,3,ResolveInfo{5ff9f4a com.sdu.didi.psnger/com.didi.sdk.receiver.WifiReceiver m=0x108000}]
06-22 23:06:13.955  3004  3562 I am_broadcast_discard_app: [0,4366524,android.net.wifi.STATE_CHANGE,4,ResolveInfo{d9b8ebb com.tencent.mtt/.browser.engine.ServiceProcessReceiver m=0x108000}]
06-22 23:06:14.003  3004  3558 I am_pss  : [5780,10034,com.bbk.launcher2,75203584,72155136,0]
06-22 23:06:14.022  3004  3558 I am_pss  : [5640,1000,com.vivo.doubleinstance,3752960,3137536,0]
06-22 23:06:15.020  3004  8333 I am_proc_died: [0,8271,com.vivo.game]
06-22 23:06:15.021  3004  8333 I am_schedule_service_restart: [0,com.vivo.game/.update.GameReceiverService,1000]
06-22 23:06:15.060  3004  3558 I am_pss  : [8051,1000,com.iqoo.engineermode,16356352,13189120,0]
06-22 23:06:15.200  3004  3562 I am_proc_start: [0,8316,10114,com.vivo.game,broadcast,com.vivo.game/.update.UpdateDownloadReceiver]
06-22 23:06:15.219  3004 23741 I am_proc_bound: [0,8316,com.vivo.game]
06-22 23:06:15.429  3004 23746 I am_broadcast_discard_app: [0,199908247,android.net.wifi.STATE_CHANGE,2,ResolveInfo{f6a9bdd com.baidu.netdisk/com.baidu.cyberplayer.dlna.NetworkChangeReceiver m=0x108000}]
06-22 23:06:15.430  3004  3562 I am_broadcast_discard_app: [0,199908247,android.net.wifi.STATE_CHANGE,3,ResolveInfo{5cfe352 com.sdu.didi.psnger/com.didi.sdk.receiver.WifiReceiver m=0x108000}]
06-22 23:06:15.436  3004  3562 I am_broadcast_discard_app: [0,199908247,android.net.wifi.STATE_CHANGE,4,ResolveInfo{432f623 com.tencent.mtt/.browser.engine.ServiceProcessReceiver m=0x108000}]
06-22 23:06:15.452  3004  3558 I am_pss  : [15324,10018,com.vivo.numbermark,6660096,4091904,0]
06-22 23:06:15.712   511   511 I sf_frame_dur: [InputMethod,7,4,6,5,2,2,0]
06-22 23:06:16.521  3004 19683 I am_proc_died: [0,8316,com.vivo.game]
06-22 23:06:16.522  3004 19683 I am_schedule_service_restart: [0,com.vivo.game/.update.GameReceiverService,1000]
06-22 23:06:33.743  3004  3562 I am_proc_start: [0,8402,10114,com.vivo.game,broadcast,com.vivo.game/.update.UpdateDownloadReceiver]
06-22 23:06:33.762  3004  4647 I am_proc_bound: [0,8402,com.vivo.game]
06-22 23:06:33.818  3004  3558 I am_pss  : [28413,10045,com.vivo.weather.provider,13638656,12484608,0]
06-22 23:06:33.969  3004 23745 I am_broadcast_discard_app: [0,89065115,android.net.wifi.STATE_CHANGE,2,ResolveInfo{77b9981 com.baidu.netdisk/com.baidu.cyberplayer.dlna.NetworkChangeReceiver m=0x108000}]
06-22 23:06:33.972  3004  3562 I am_broadcast_discard_app: [0,89065115,android.net.wifi.STATE_CHANGE,3,ResolveInfo{32bda26 com.sdu.didi.psnger/com.didi.sdk.receiver.WifiReceiver m=0x108000}]
06-22 23:06:33.973  3004  3562 I am_broadcast_discard_app: [0,89065115,android.net.wifi.STATE_CHANGE,4,ResolveInfo{587a667 com.tencent.mtt/.browser.engine.ServiceProcessReceiver m=0x108000}]
06-22 23:06:35.015  3004  4488 I am_proc_died: [0,8402,com.vivo.game]
06-22 23:06:35.015  3004  4488 I am_schedule_service_restart: [0,com.vivo.game/.update.GameReceiverService,1000]
06-22 23:06:35.179  3004  3562 I am_proc_start: [0,8441,10114,com.vivo.game,broadcast,com.vivo.game/.update.UpdateDownloadReceiver]
06-22 23:06:35.192  3004  3295 I am_proc_bound: [0,8441,com.vivo.game]
06-22 23:06:35.373  3004 13514 I am_broadcast_discard_app: [0,140395011,android.net.wifi.STATE_CHANGE,2,ResolveInfo{4124129 com.baidu.netdisk/com.baidu.cyberplayer.dlna.NetworkChangeReceiver m=0x108000}]
06-22 23:06:35.375  3004  3562 I am_broadcast_discard_app: [0,140395011,android.net.wifi.STATE_CHANGE,3,ResolveInfo{a566cae com.sdu.didi.psnger/com.didi.sdk.receiver.WifiReceiver m=0x108000}]
06-22 23:06:35.376  3004  3562 I am_broadcast_discard_app: [0,140395011,android.net.wifi.STATE_CHANGE,4,ResolveInfo{87d7a4f com.tencent.mtt/.browser.engine.ServiceProcessReceiver m=0x108000}]
06-22 23:06:36.419  3004  8334 I am_proc_died: [0,8441,com.vivo.game]
06-22 23:06:36.419  3004  8334 I am_schedule_service_restart: [0,com.vivo.game/.update.GameReceiverService,1000]
06-22 23:06:41.761  3004  4854 I wm_task_moved: [6,1,9]
06-22 23:06:41.762  3004  4854 I am_create_activity: [0,102802874,6,com.tencent.mm/.ui.chatting.gallery.ImageGalleryUI,NULL,NULL,NULL,0]
06-22 23:06:41.763  3004  4854 I wm_task_moved: [6,1,9]
06-22 23:06:41.765  3004  4854 I am_focused_activity: [0,com.tencent.mm/.ui.chatting.gallery.ImageGalleryUI,startedActivity]
06-22 23:06:41.766  3004  4854 I am_pause_activity: [0,214386446,com.tencent.mm/.ui.LauncherUI]
06-22 23:06:41.817  6034  6034 I am_on_paused_called: [0,com.tencent.mm.ui.LauncherUI,handlePauseActivity]
06-22 23:06:41.822  3004 23745 I am_restart_activity: [0,102802874,6,com.tencent.mm/.ui.chatting.gallery.ImageGalleryUI]
06-22 23:06:41.844  3004  3562 I sysui_count: [window_time_0,49]
06-22 23:06:41.903  6034  6034 I am_on_resume_called: [0,com.tencent.mm.ui.chatting.gallery.ImageGalleryUI,LAUNCH_ACTIVITY]
06-22 23:06:42.022  3004  3883 I am_activity_launch_time: [0,102802874,com.tencent.mm/.ui.chatting.gallery.ImageGalleryUI,203,203]
06-22 23:06:53.757  3004  3562 I am_proc_start: [0,8511,10114,com.vivo.game,broadcast,com.vivo.game/.update.UpdateDownloadReceiver]
06-22 23:06:53.786  3004  4647 I am_proc_bound: [0,8511,com.vivo.game]
06-22 23:06:53.996  3004  4844 I am_broadcast_discard_app: [0,165765740,android.net.wifi.STATE_CHANGE,2,ResolveInfo{bae60a5 com.baidu.netdisk/com.baidu.cyberplayer.dlna.NetworkChangeReceiver m=0x108000}]
06-22 23:06:53.997  3004  3562 I am_broadcast_discard_app: [0,165765740,android.net.wifi.STATE_CHANGE,3,ResolveInfo{f4f9c7a com.sdu.didi.psnger/com.didi.sdk.receiver.WifiReceiver m=0x108000}]
06-22 23:06:53.999  3004  3562 I am_broadcast_discard_app: [0,165765740,android.net.wifi.STATE_CHANGE,4,ResolveInfo{6eefc2b com.tencent.mtt/.browser.engine.ServiceProcessReceiver m=0x108000}]
06-22 23:06:55.096  3004  4488 I am_proc_died: [0,8511,com.vivo.game]
06-22 23:06:55.096  3004  4488 I am_schedule_service_restart: [0,com.vivo.game/.update.GameReceiverService,1000]
06-22 23:06:55.166  3004  3562 I am_proc_start: [0,8550,10114,com.vivo.game,broadcast,com.vivo.game/.update.UpdateDownloadReceiver]
06-22 23:06:55.187  3004 13517 I am_proc_bound: [0,8550,com.vivo.game]
06-22 23:06:55.376  3004  4409 I am_broadcast_discard_app: [0,2819654,android.net.wifi.STATE_CHANGE,2,ResolveInfo{74ce364 com.baidu.netdisk/com.baidu.cyberplayer.dlna.NetworkChangeReceiver m=0x108000}]
06-22 23:06:55.377  3004  3562 I am_broadcast_discard_app: [0,2819654,android.net.wifi.STATE_CHANGE,3,ResolveInfo{c5d79cd com.sdu.didi.psnger/com.didi.sdk.receiver.WifiReceiver m=0x108000}]
06-22 23:06:55.379  3004  3562 I am_broadcast_discard_app: [0,2819654,android.net.wifi.STATE_CHANGE,4,ResolveInfo{778282 com.tencent.mtt/.browser.engine.ServiceProcessReceiver m=0x108000}]
06-22 23:06:56.471  3004  8338 I am_proc_died: [0,8550,com.vivo.game]
06-22 23:06:56.471  3004  8338 I am_schedule_service_restart: [0,com.vivo.game/.update.GameReceiverService,1000]
06-22 23:06:58.286  3004  4888 I am_finish_activity: [0,102802874,6,com.tencent.mm/.ui.chatting.gallery.ImageGalleryUI,app-request]
06-22 23:06:58.288  3004  4888 I wm_task_moved: [6,1,9]
06-22 23:06:58.295  3004  4888 I am_focused_activity: [0,com.tencent.mm/.ui.LauncherUI,finishActivity adjustFocus]
06-22 23:06:58.296  3004  4888 I am_pause_activity: [0,102802874,com.tencent.mm/.ui.chatting.gallery.ImageGalleryUI]
06-22 23:06:58.312  6034  6034 I am_on_paused_called: [0,com.tencent.mm.ui.chatting.gallery.ImageGalleryUI,handlePauseActivity]
06-22 23:06:58.326  3004  4887 I am_resume_activity: [0,214386446,6,com.tencent.mm/.ui.LauncherUI]
06-22 23:06:58.366   511   511 I sf_frame_dur: [com.tencent.mm/com.tencent.mm.ui.chatting.gallery.ImageGalleryUI,228,9,2,2,1,2,3]
06-22 23:06:58.465  6034  6034 I am_on_resume_called: [0,com.tencent.mm.ui.LauncherUI,RESUME_ACTIVITY]
06-22 23:06:58.624  3004  4887 I am_destroy_activity: [0,102802874,6,com.tencent.mm/.ui.chatting.gallery.ImageGalleryUI,finish-idle]
06-22 23:06:58.627  6034  6034 I am_on_stop_called: [0,com.tencent.mm.ui.chatting.gallery.ImageGalleryUI,destroy]
06-22 23:07:07.257  3004  3004 I free_storage_changed: 30702407680
06-22 23:07:13.744  3004  3562 I am_proc_start: [0,8608,10114,com.vivo.game,broadcast,com.vivo.game/.update.UpdateDownloadReceiver]
06-22 23:07:13.763  3004  8335 I am_proc_bound: [0,8608,com.vivo.game]
06-22 23:07:13.806  3004  3558 I am_pss  : [8623,10081,com.vivo.safecenter,6625280,5840896,0]
06-22 23:07:13.830  3004  3558 I am_pss  : [7102,10063,com.iqoo.secure:remote,33637376,32604160,0]
06-22 23:07:13.948  3004  4826 I am_broadcast_discard_app: [0,127028203,android.net.wifi.STATE_CHANGE,2,ResolveInfo{7476878 com.baidu.netdisk/com.baidu.cyberplayer.dlna.NetworkChangeReceiver m=0x108000}]
06-22 23:07:13.949  3004  3562 I am_broadcast_discard_app: [0,127028203,android.net.wifi.STATE_CHANGE,3,ResolveInfo{c3b51 com.sdu.didi.psnger/com.didi.sdk.receiver.WifiReceiver m=0x108000}]
06-22 23:07:13.950  3004  3562 I am_broadcast_discard_app: [0,127028203,android.net.wifi.STATE_CHANGE,4,ResolveInfo{ee1fb6 com.tencent.mtt/.browser.engine.ServiceProcessReceiver m=0x108000}]
06-22 23:07:15.000  3004  4854 I am_proc_died: [0,8608,com.vivo.game]
06-22 23:07:15.000  3004  4854 I am_schedule_service_restart: [0,com.vivo.game/.update.GameReceiverService,1000]
06-22 23:07:15.205  3004  3562 I am_proc_start: [0,8658,10114,com.vivo.game,broadcast,com.vivo.game/.update.UpdateDownloadReceiver]
06-22 23:07:15.223  3004 23749 I am_proc_bound: [0,8658,com.vivo.game]
06-22 23:07:15.408  3004 13517 I am_broadcast_discard_app: [0,176700301,android.net.wifi.STATE_CHANGE,2,ResolveInfo{e223943 com.baidu.netdisk/com.baidu.cyberplayer.dlna.NetworkChangeReceiver m=0x108000}]
06-22 23:07:15.409  3004  3562 I am_broadcast_discard_app: [0,176700301,android.net.wifi.STATE_CHANGE,3,ResolveInfo{ed6fbc0 com.sdu.didi.psnger/com.didi.sdk.receiver.WifiReceiver m=0x108000}]
06-22 23:07:15.410  3004  3562 I am_broadcast_discard_app: [0,176700301,android.net.wifi.STATE_CHANGE,4,ResolveInfo{8bde0f9 com.tencent.mtt/.browser.engine.ServiceProcessReceiver m=0x108000}]
06-22 23:07:16.511  3004  8338 I am_proc_died: [0,8658,com.vivo.game]
06-22 23:07:16.511  3004  8338 I am_schedule_service_restart: [0,com.vivo.game/.update.GameReceiverService,1000]
06-22 23:07:33.759  3004  3562 I am_proc_start: [0,8710,10114,com.vivo.game,broadcast,com.vivo.game/.update.UpdateDownloadReceiver]
06-22 23:07:33.777  3004 13516 I am_proc_bound: [0,8710,com.vivo.game]
06-22 23:07:33.970  3004  8333 I am_broadcast_discard_app: [0,42317361,android.net.wifi.STATE_CHANGE,2,ResolveInfo{63c8bc6 com.baidu.netdisk/com.baidu.cyberplayer.dlna.NetworkChangeReceiver m=0x108000}]
06-22 23:07:33.971  3004  3562 I am_broadcast_discard_app: [0,42317361,android.net.wifi.STATE_CHANGE,3,ResolveInfo{b820787 com.sdu.didi.psnger/com.didi.sdk.receiver.WifiReceiver m=0x108000}]
06-22 23:07:33.972  3004  3562 I am_broadcast_discard_app: [0,42317361,android.net.wifi.STATE_CHANGE,4,ResolveInfo{e1286b4 com.tencent.mtt/.browser.engine.ServiceProcessReceiver m=0x108000}]
06-22 23:07:35.070  3004 23741 I am_proc_died: [0,8710,com.vivo.game]
06-22 23:07:35.071  3004 23741 I am_schedule_service_restart: [0,com.vivo.game/.update.GameReceiverService,1000]
06-22 23:07:35.192  3004  3562 I am_proc_start: [0,8748,10114,com.vivo.game,broadcast,com.vivo.game/.update.UpdateDownloadReceiver]
06-22 23:07:35.211  3004  3295 I am_proc_bound: [0,8748,com.vivo.game]
06-22 23:07:35.394  3004  3562 I am_broadcast_discard_app: [0,183342371,android.net.wifi.STATE_CHANGE,2,ResolveInfo{3845a4e com.baidu.netdisk/com.baidu.cyberplayer.dlna.NetworkChangeReceiver m=0x108000}]
06-22 23:07:35.395  3004  3562 I am_broadcast_discard_app: [0,183342371,android.net.wifi.STATE_CHANGE,3,ResolveInfo{932676f com.sdu.didi.psnger/com.didi.sdk.receiver.WifiReceiver m=0x108000}]
06-22 23:07:35.396  3004  8327 I am_broadcast_discard_app: [0,183342371,android.net.wifi.STATE_CHANGE,4,ResolveInfo{4d40c7c com.tencent.mtt/.browser.engine.ServiceProcessReceiver m=0x108000}]
06-22 23:07:36.461  3004  8331 I am_proc_died: [0,8748,com.vivo.game]
06-22 23:07:36.462  3004  8331 I am_schedule_service_restart: [0,com.vivo.game/.update.GameReceiverService,1000]
06-22 23:07:50.780  3004  3566 I am_wtf  : [0,3004,system_server,-1,ActivityManager,Sending non-protected broadcast vivo.intent.action.CHECK_ALERT_WINDOW from system 3004:system/1000 pkg android]
06-22 23:07:50.781  3004  3566 I am_wtf  : [0,3004,system_server,-1,ActivityManager,Sending non-protected broadcast vivo.intent.action.CHECK_ALERT_WINDOW from system 3004:system/1000 pkg android]
06-22 23:07:53.751  3004  3562 I am_proc_start: [0,8866,10114,com.vivo.game,broadcast,com.vivo.game/.update.UpdateDownloadReceiver]
06-22 23:07:53.776  3004 19683 I am_proc_bound: [0,8866,com.vivo.game]
06-22 23:07:53.998  3004  8338 I am_broadcast_discard_app: [0,158436524,android.net.wifi.STATE_CHANGE,2,ResolveInfo{91900ba com.baidu.netdisk/com.baidu.cyberplayer.dlna.NetworkChangeReceiver m=0x108000}]
06-22 23:07:53.999  3004  3562 I am_broadcast_discard_app: [0,158436524,android.net.wifi.STATE_CHANGE,3,ResolveInfo{34146c8 com.sdu.didi.psnger/com.didi.sdk.receiver.WifiReceiver m=0x108000}]
06-22 23:07:54.004  3004  3562 I am_broadcast_discard_app: [0,158436524,android.net.wifi.STATE_CHANGE,4,ResolveInfo{d0c4361 com.tencent.mtt/.browser.engine.ServiceProcessReceiver m=0x108000}]
06-22 23:07:55.026   511   511 I sf_frame_dur: [SurfaceView - ,0,98,1,1,0,0,0]
06-22 23:07:55.030  3004 13515 I am_proc_died: [0,8866,com.vivo.game]
06-22 23:07:55.030  3004 13515 I am_schedule_service_restart: [0,com.vivo.game/.update.GameReceiverService,1000]
06-22 23:07:55.148  3004  3562 I am_proc_start: [0,8922,10114,com.vivo.game,broadcast,com.vivo.game/.update.UpdateDownloadReceiver]
06-22 23:07:55.169  3004 19682 I am_proc_bound: [0,8922,com.vivo.game]
06-22 23:07:55.355  3004 13514 I am_broadcast_discard_app: [0,126545170,android.net.wifi.STATE_CHANGE,2,ResolveInfo{4330810 com.baidu.netdisk/com.baidu.cyberplayer.dlna.NetworkChangeReceiver m=0x108000}]
06-22 23:07:55.358  3004  3562 I am_broadcast_discard_app: [0,126545170,android.net.wifi.STATE_CHANGE,3,ResolveInfo{9c4050e com.sdu.didi.psnger/com.didi.sdk.receiver.WifiReceiver m=0x108000}]
06-22 23:07:55.359  3004  3562 I am_broadcast_discard_app: [0,126545170,android.net.wifi.STATE_CHANGE,4,ResolveInfo{8d49b2f com.tencent.mtt/.browser.engine.ServiceProcessReceiver m=0x108000}]
06-22 23:07:56.410  3004  4488 I am_proc_died: [0,8922,com.vivo.game]
06-22 23:07:56.411  3004  4488 I am_schedule_service_restart: [0,com.vivo.game/.update.GameReceiverService,1000]
06-22 23:08:09.109  3004  3562 I am_proc_start: [0,8992,10097,com.vivo.widget,broadcast,com.vivo.dream.weather/.VivoDreamWeatherApp]
06-22 23:08:09.130  3004  3293 I am_proc_bound: [0,8992,com.vivo.widget]
06-22 23:08:09.230  3004  3558 I am_pss  : [6034,10133,com.tencent.mm,177694720,168177664,0]
06-22 23:08:10.028  3004  4058 I sysui_histogram: [power_double_tap_interval,196531]
06-22 23:08:10.231  3004  4058 I power_sleep_requested: 0
06-22 23:08:10.232  3004  3004 I power_screen_state: [0,2,0,0]
06-22 23:08:10.232  3004  3004 I screen_toggled: 0
06-22 23:08:10.232  3004  3004 I sysui_histogram: [screen_timeout,60]
06-22 23:08:10.233  3004  3004 I power_screen_broadcast_send: 1
06-22 23:08:10.235  3004  3566 I am_wtf  : [0,3004,system_server,-1,ActivityManager,Sending non-protected broadcast vivo.intent.action.POWER_KEY_SCREEN_OFF from system 3004:system/1000 pkg android]
06-22 23:08:10.287  3004  3004 I am_pause_activity: [0,214386446,com.tencent.mm/.ui.LauncherUI]
06-22 23:08:10.324  3004  3562 I am_wtf  : [0,3004,system_server,-1,KernelWakelockReader,neither /proc/wakelocks nor /d/wakeup_sources exists]
06-22 23:08:10.403  4477  4477 I sysui_view_visibility: [111,100]
06-22 23:08:10.441  3004  8327 I am_wtf  : [0,3004,system_server,-1,ActivityManager,Sending non-protected broadcast com.vivo.updater.action.SCREEN_OFF from system 4651:com.vivo.daemonService/1000 pkg com.vivo.daemonService]
06-22 23:08:10.470  4477  4477 I sysui_status_bar_state: [1,1,0,0,0,1]
06-22 23:08:10.476  6034  6034 I am_on_paused_called: [0,com.tencent.mm.ui.LauncherUI,handlePauseActivity]
06-22 23:08:10.648   511   511 I sf_frame_dur: [InputMethod,0,2,0,0,0,0,0]
06-22 23:08:10.663  3004  3562 I am_stop_activity: [0,214386446,com.tencent.mm/.ui.LauncherUI]
06-22 23:08:10.704  6034  6034 I am_on_stop_called: [0,com.tencent.mm.ui.LauncherUI,sleeping]
06-22 23:08:10.941  3004  3004 I power_screen_broadcast_done: [0,708,1]
06-22 23:09:29.284  3004  4058 I sysui_histogram: [power_double_tap_interval,5403]
06-22 23:09:29.287  3004  3004 I power_screen_state: [1,0,0,0]
06-22 23:09:29.287  3004  3004 I screen_toggled: 1
06-22 23:09:29.288  3004  3004 I power_screen_broadcast_send: 1
06-22 23:09:29.290  4477  4477 I sysui_histogram: [note_load,3]
06-22 23:09:29.290  3004 23746 I notification_panel_revealed: 3
06-22 23:09:29.316  3004  4050 I device_idle_wake_from_idle: [0,*walarm*:com.vivo.updater.alarm.action.LOCKED_TRIGGER]
06-22 23:09:29.337  3004  3562 I am_wtf  : [0,3004,system_server,-1,KernelWakelockReader,neither /proc/wakelocks nor /d/wakeup_sources exists]
06-22 23:09:29.480  3004 23747 I am_wtf  : [0,3004,system_server,-1,ActivityManager,Sending non-protected broadcast com.vivo.updater.action.SCREEN_ON from system 4651:com.vivo.daemonService/1000 pkg com.vivo.daemonService]
06-22 23:09:29.495  3004 23741 I am_wtf  : [0,3004,system_server,-1,ActivityManager,Sending non-protected broadcast com.vivo.behavior.alarm from system 5549:com.vivo.abe/1000 pkg com.vivo.abe]
06-22 23:09:29.496  3004 23741 I am_wtf  : [0,3004,system_server,-1,ActivityManager,Sending non-protected broadcast com.vivo.behavior.alarm from system 5549:com.vivo.abe/1000 pkg com.vivo.abe]
06-22 23:09:29.549  3004  4064 I netstats_mobile_sample: [11930906,14309,1789648,11374,11750862,9996,1698656,11374,11750862,9996,1701956,11441,1498144169549]
06-22 23:09:29.549  3004  4064 I netstats_wifi_sample: [314234687,414547,21640331,203799,313242402,262459,18776292,203402,313221051,262302,18835048,204723,1498144169549]
06-22 23:09:29.550   511   511 I sf_frame_dur: [ColorFade,3,0,0,0,0,0,0]
06-22 23:09:29.579  3004  4064 I am_proc_start: [0,9156,10114,com.vivo.game,broadcast,com.vivo.game/.update.UpdateDownloadReceiver]
06-22 23:09:29.609  3004 23746 I am_proc_bound: [0,9156,com.vivo.game]
06-22 23:09:29.646  3004  3004 I power_screen_broadcast_done: [1,358,1]
06-22 23:09:29.865  3004  4647 I am_broadcast_discard_app: [0,8112786,android.net.wifi.STATE_CHANGE,2,ResolveInfo{264190 com.baidu.netdisk/com.baidu.cyberplayer.dlna.NetworkChangeReceiver m=0x108000}]
06-22 23:09:29.866  3004  3562 I am_broadcast_discard_app: [0,8112786,android.net.wifi.STATE_CHANGE,3,ResolveInfo{da3fa89 com.sdu.didi.psnger/com.didi.sdk.receiver.WifiReceiver m=0x108000}]
06-22 23:09:29.867  3004  3562 I am_broadcast_discard_app: [0,8112786,android.net.wifi.STATE_CHANGE,4,ResolveInfo{41d9a8e com.tencent.mtt/.browser.engine.ServiceProcessReceiver m=0x108000}]
06-22 23:09:30.116  3004  8335 I am_broadcast_discard_app: [0,159275723,android.net.wifi.STATE_CHANGE,2,ResolveInfo{dbd5843 com.baidu.netdisk/com.baidu.cyberplayer.dlna.NetworkChangeReceiver m=0x108000}]
06-22 23:09:30.117  3004  3562 I am_broadcast_discard_app: [0,159275723,android.net.wifi.STATE_CHANGE,3,ResolveInfo{1552ec0 com.sdu.didi.psnger/com.didi.sdk.receiver.WifiReceiver m=0x108000}]
06-22 23:09:30.118  3004  3562 I am_broadcast_discard_app: [0,159275723,android.net.wifi.STATE_CHANGE,4,ResolveInfo{e0397f9 com.tencent.mtt/.browser.engine.ServiceProcessReceiver m=0x108000}]
06-22 23:09:30.145  3004  4826 I am_broadcast_discard_app: [0,129922796,android.net.wifi.STATE_CHANGE,2,ResolveInfo{ddcd54a com.baidu.netdisk/com.baidu.cyberplayer.dlna.NetworkChangeReceiver m=0x108000}]
06-22 23:09:30.147  3004  3562 I am_broadcast_discard_app: [0,129922796,android.net.wifi.STATE_CHANGE,3,ResolveInfo{13f8cbb com.sdu.didi.psnger/com.didi.sdk.receiver.WifiReceiver m=0x108000}]
06-22 23:09:30.148  3004  3562 I am_broadcast_discard_app: [0,129922796,android.net.wifi.STATE_CHANGE,4,ResolveInfo{89215d8 com.tencent.mtt/.browser.engine.ServiceProcessReceiver m=0x108000}]
06-22 23:09:30.982  3004  3562 I am_schedule_service_restart: [0,com.vivo.game/.update.GameReceiverService,1000]
06-22 23:09:30.995  3004  3562 I am_proc_start: [0,9286,10114,com.vivo.game,broadcast,com.vivo.game/.update.UpdateDownloadReceiver]
06-22 23:09:31.011  4477  4477 I screen_toggled: 2
06-22 23:09:31.017  4477  4477 I sysui_status_bar_state: [1,0,0,0,0,1]
06-22 23:09:31.020  3004  8327 I am_proc_bound: [0,9286,com.vivo.game]
06-22 23:09:31.032  4477  4477 I sysui_view_visibility: [111,0]
06-22 23:09:31.061  3004  8338 I am_resume_activity: [0,214386446,6,com.tencent.mm/.ui.LauncherUI]
06-22 23:09:31.114  3004  8334 I notification_expansion: [0|com.android.bbklog|2147483647|group_key_override|1000|ranker_bundle,0,1,57666837,57666837,29579949]
06-22 23:09:31.123  3004  8333 I notification_expansion: [0|com.android.bbklog|1|null|1000,0,1,57666856,57666856,29579958]
06-22 23:09:31.152  3004 13514 I notification_panel_hidden: []
06-22 23:09:31.302  6034  6034 I am_on_resume_called: [0,com.tencent.mm.ui.LauncherUI,RESUME_ACTIVITY]
06-22 23:09:31.341  3004  4888 I am_broadcast_discard_app: [0,67024772,android.net.wifi.STATE_CHANGE,2,ResolveInfo{5b7854e com.baidu.netdisk/com.baidu.cyberplayer.dlna.NetworkChangeReceiver m=0x108000}]
06-22 23:09:31.344  3004  3562 I am_broadcast_discard_app: [0,67024772,android.net.wifi.STATE_CHANGE,3,ResolveInfo{215b66f com.sdu.didi.psnger/com.didi.sdk.receiver.WifiReceiver m=0x108000}]
06-22 23:09:31.345  3004  3562 I am_broadcast_discard_app: [0,67024772,android.net.wifi.STATE_CHANGE,4,ResolveInfo{9aeaf7c com.tencent.mtt/.browser.engine.ServiceProcessReceiver m=0x108000}]
06-22 23:09:31.384  3004  3562 I am_broadcast_discard_app: [0,221966374,android.intent.action.USER_PRESENT,0,ResolveInfo{aa80467 cn.wps.moffice_eng/cn.wps.moffice.service.receivers.MonitorServiceReceiver p=2147483647 m=0x108000}]
06-22 23:09:31.387  3004  3562 I am_broadcast_discard_app: [0,221966374,android.intent.action.USER_PRESENT,1,ResolveInfo{98b7214 com.eg.android.AlipayGphone/com.alipay.pushsdk.BroadcastActionReceiver p=2147483647 m=0x108000}]
06-22 23:09:31.388  3004  3293 I am_broadcast_discard_app: [0,221966374,android.intent.action.USER_PRESENT,2,ResolveInfo{c99dabd com.sdu.didi.psnger/com.igexin.sdk.PushReceiver p=2147483647 m=0x108000}]
06-22 23:09:31.390  3004  3562 I am_broadcast_discard_app: [0,221966374,android.intent.action.USER_PRESENT,4,ResolveInfo{955e8b2 ctrip.android.view/ctrip.android.pushsdk.DaemonReceiver p=10000 m=0x108000}]
06-22 23:09:31.391  3004  3562 I am_broadcast_discard_app: [0,221966374,android.intent.action.USER_PRESENT,5,ResolveInfo{2268003 com.ifeng.news2/com.eguan.drivermonitor.reciever.SystemStartReciever p=1000 m=0x108000}]
06-22 23:09:31.526  3004  4409 I am_broadcast_discard_app: [0,221966374,android.intent.action.USER_PRESENT,13,ResolveInfo{3b5ddfe cn.wps.moffice_eng/com.igexin.sdk.PushReceiver m=0x108000}]
06-22 23:09:31.527  3004  3562 I am_broadcast_discard_app: [0,221966374,android.intent.action.USER_PRESENT,14,ResolveInfo{e87195f com.Qunar/com.igexin.sdk.PushReceiver m=0x108000}]
06-22 23:09:31.529  3004  3562 I am_broadcast_discard_app: [0,221966374,android.intent.action.USER_PRESENT,15,ResolveInfo{7baefac com.anjuke.android.app/com.igexin.sdk.PushReceiver m=0x108000}]
06-22 23:09:31.529  3004  3562 I am_broadcast_discard_app: [0,221966374,android.intent.action.USER_PRESENT,16,ResolveInfo{aa6a475 com.autonavi.minimap/com.taobao.accs.EventReceiver m=0x108000}]
06-22 23:09:31.530  3004  3562 I am_broadcast_discard_app: [0,221966374,android.intent.action.USER_PRESENT,17,ResolveInfo{68ddc0a com.baidu.netdisk/com.baidu.android.pushservice.PushServiceReceiver m=0x108000}]
06-22 23:09:31.530  3004  3562 I am_broadcast_discard_app: [0,221966374,android.intent.action.USER_PRESENT,18,ResolveInfo{d2dec7b com.baidu.netdisk/com.baidu.devicesecurity.receiver.DSDeviceAdminReceiver m=0x108000}]
06-22 23:09:31.531  3004  3562 I am_broadcast_discard_app: [0,221966374,android.intent.action.USER_PRESENT,19,ResolveInfo{cbd5a98 com.dianping.v1/com.dianping.base.push.pushservice.PhoneStatusReceiver m=0x108000}]
06-22 23:09:31.532  3004  3562 I am_broadcast_discard_app: [0,221966374,android.intent.action.USER_PRESENT,20,ResolveInfo{7ca12f1 com.htinns/cn.jpush.android.service.PushReceiver m=0x108000}]
06-22 23:09:31.533  3004  3562 I am_broadcast_discard_app: [0,221966374,android.intent.action.USER_PRESENT,21,ResolveInfo{a35aed6 com.htinns/com.igexin.sdk.PushReceiver m=0x108000}]
06-22 23:09:31.534  3004  3562 I am_broadcast_discard_app: [0,221966374,android.intent.action.USER_PRESENT,23,ResolveInfo{3a4d557 com.ifeng.news2/com.ifeng.ipush.client.receiver.PushReceiver m=0x108000}]
06-22 23:09:31.538  3004  3562 I am_broadcast_discard_app: [0,221966374,android.intent.action.USER_PRESENT,25,ResolveInfo{e798844 com.ifeng.news2/com.igexin.sdk.PushReceiver m=0x108000}]
06-22 23:09:31.538  3004  3562 I am_broadcast_discard_app: [0,221966374,android.intent.action.USER_PRESENT,26,ResolveInfo{9dbed2d com.jm.android.jumei/com.igexin.sdk.PushReceiver m=0x108000}]
06-22 23:09:31.539  3004  3562 I am_broadcast_discard_app: [0,221966374,android.intent.action.USER_PRESENT,28,ResolveInfo{2b5e262 com.jm.android.jumei/.push.JMAliReceiver m=0x108000}]
06-22 23:09:31.540  3004  3562 I am_broadcast_discard_app: [0,221966374,android.intent.action.USER_PRESENT,29,ResolveInfo{c376ff3 com.jm.android.jumei/com.taobao.accs.EventReceiver m=0x108000}]
06-22 23:09:31.541  3004  3562 I am_broadcast_discard_app: [0,221966374,android.intent.action.USER_PRESENT,30,ResolveInfo{a8e4b0 com.lesports.glivesports/com.igexin.sdk.PushReceiver m=0x108000}]
06-22 23:09:31.542  3004  3562 I am_broadcast_discard_app: [0,221966374,android.intent.action.USER_PRESENT,31,ResolveInfo{db72f29 com.letv.android.client/.receiver.LockScreenReceiver m=0x108000}]
06-22 23:09:31.542  3004  3562 I am_broadcast_discard_app: [0,221966374,android.intent.action.USER_PRESENT,32,ResolveInfo{a13c2ae com.letv.android.client/cn.jpush.android.service.PushReceiver m=0x108000}]
06-22 23:09:31.543  3004  3562 I am_broadcast_discard_app: [0,221966374,android.intent.action.USER_PRESENT,33,ResolveInfo{4f184f com.microfundrn/com.igexin.sdk.PushReceiver m=0x108000}]
06-22 23:09:31.544  3004  3562 I am_broadcast_discard_app: [0,221966374,android.intent.action.USER_PRESENT,34,ResolveInfo{72f9bdc com.mobike.mobikeapp/com.igexin.sdk.PushReceiver m=0x108000}]
06-22 23:09:31.545  3004  3562 I am_broadcast_discard_app: [0,221966374,android.intent.action.USER_PRESENT,35,ResolveInfo{8ea94e5 com.mobike.mobikeapp/com.hyphenate.chat.EMMonitorReceiver m=0x108000}]
06-22 23:09:31.546  3004  3562 I am_broadcast_discard_app: [0,221966374,android.intent.action.USER_PRESENT,36,ResolveInfo{35d5bba com.netease.mail/com.igexin.sdk.PushReceiver m=0x108000}]
06-22 23:09:31.546  3004  3562 I am_broadcast_discard_app: [0,221966374,android.intent.action.USER_PRESENT,37,ResolveInfo{c8eea6b com.nfyg.hsbb/com.igexin.sdk.PushReceiver m=0x108000}]
06-22 23:09:31.547  3004  3562 I am_broadcast_discard_app: [0,221966374,android.intent.action.USER_PRESENT,39,ResolveInfo{e0899c8 com.pplive.androidphone/.push.getui.PushReceiver m=0x108000}]
06-22 23:09:31.548  3004  3562 I am_broadcast_discard_app: [0,221966374,android.intent.action.USER_PRESENT,40,ResolveInfo{1349a61 com.pplive.androidphone/com.igexin.sdk.PushReceiver m=0x108000}]
06-22 23:09:31.549  3004  3562 I am_broadcast_discard_app: [0,221966374,android.intent.action.USER_PRESENT,41,ResolveInfo{2757986 com.pplive.androidphone/com.pplive.pushmsgsdk.SdkReceiver m=0x108000}]
06-22 23:09:31.549  3004  3562 I am_broadcast_discard_app: [0,221966374,android.intent.action.USER_PRESENT,42,ResolveInfo{aafc247 com.pplive.androidphone/io.rong.push.PushReceiver m=0x108000}]
06-22 23:09:31.550  3004  3562 I am_broadcast_discard_app: [0,221966374,android.intent.action.USER_PRESENT,43,ResolveInfo{3f18a74 com.qiyi.video/com.baidu.android.pushservice.PushServiceReceiver m=0x108000}]
06-22 23:09:31.551  3004  3562 I am_broadcast_discard_app: [0,221966374,android.intent.action.USER_PRESENT,44,ResolveInfo{fbf7b9d com.qiyi.video/com.iqiyi.pushservice.PushServiceReceiver m=0x108000}]
06-22 23:09:31.552  3004  3562 I am_broadcast_discard_app: [0,221966374,android.intent.action.USER_PRESENT,45,ResolveInfo{49fa812 com.qiyi.video/com.iqiyi.hcim.service.BroadcastCenter m=0x108000}]
06-22 23:09:31.553  3004  3562 I am_broadcast_discard_app: [0,221966374,android.intent.action.USER_PRESENT,46,ResolveInfo{d1c3be3 com.qiyi.video/com.iqiyi.impushservice.receiver.ImPushServiceReceiver m=0x108000}]
06-22 23:09:31.554  3004  3562 I am_broadcast_discard_app: [0,221966374,android.intent.action.USER_PRESENT,47,ResolveInfo{3d6d9e0 com.sankuai.meituan/com.dianping.base.push.pushservice.PhoneStatusReceiver m=0x108000}]
06-22 23:09:31.561  3004 23747 I am_broadcast_discard_app: [0,221966374,android.intent.action.USER_PRESENT,49,ResolveInfo{c1d3499 com.ss.android.article.lite/com.ss.android.message.MessageReceiver m=0x108000}]
06-22 23:09:31.565  3004  3562 I am_broadcast_discard_app: [0,221966374,android.intent.action.USER_PRESENT,50,ResolveInfo{5cc335e com.ss.android.article.lite/com.ss.android.push.sswo.SswoReceiver m=0x108000}]
06-22 23:09:31.565  3004  3562 I am_broadcast_discard_app: [0,221966374,android.intent.action.USER_PRESENT,51,ResolveInfo{84cb33f com.ss.android.article.lite/com.taobao.accs.EventReceiver m=0x108000}]
06-22 23:09:31.566  3004  3562 I am_broadcast_discard_app: [0,221966374,android.intent.action.USER_PRESENT,52,ResolveInfo{8ffb40c com.taobao.taobao/com.taobao.accs.EventReceiver m=0x108000}]
06-22 23:09:31.566  3004  3562 I am_broadcast_discard_app: [0,221966374,android.intent.action.USER_PRESENT,54,ResolveInfo{b038155 com.tencent.news/.push.alive.offactivity.OffScreenReceiver m=0x108000}]
06-22 23:09:31.567  3004  3562 I am_broadcast_discard_app: [0,221966374,android.intent.action.USER_PRESENT,55,ResolveInfo{ea4276a com.tencent.news/com.taobao.accs.EventReceiver m=0x108000}]
06-22 23:09:31.567  3004  3562 I am_broadcast_discard_app: [0,221966374,android.intent.action.USER_PRESENT,56,ResolveInfo{5e3445b com.xiaoming.bike/com.igexin.sdk.PushReceiver m=0x108000}]
06-22 23:09:31.568  3004  3562 I am_broadcast_discard_app: [0,221966374,android.intent.action.USER_PRESENT,57,ResolveInfo{9fa04f8 com.ximalaya.fm.android/com.baidu.android.pushservice.PushServiceReceiver m=0x108000}]
06-22 23:09:31.568  3004  3562 I am_broadcast_discard_app: [0,221966374,android.intent.action.USER_PRESENT,58,ResolveInfo{cc7ddd1 com.ximalaya.fm.android/com.igexin.sdk.PushReceiver m=0x108000}]
06-22 23:09:31.569  3004  3562 I am_broadcast_discard_app: [0,221966374,android.intent.action.USER_PRESENT,59,ResolveInfo{7555036 com.ximalaya.ting.android/com.sina.util.dnscache.net.networktype.NetworkStateReceiver m=0x108000}]
06-22 23:09:32.412  3004  8331 I am_proc_died: [0,9286,com.vivo.game]
06-22 23:09:32.412  3004  8331 I am_schedule_service_restart: [0,com.vivo.game/.update.GameReceiverService,1000]
06-22 23:09:49.511  3004  3562 I am_proc_start: [0,9343,10114,com.vivo.game,broadcast,com.vivo.game/.update.UpdateDownloadReceiver]
06-22 23:09:49.531  3004 19682 I am_proc_bound: [0,9343,com.vivo.game]
06-22 23:09:49.572  3004  3558 I am_pss  : [8623,10081,com.vivo.safecenter,6622208,5844992,0]
06-22 23:09:49.597  3004  3558 I am_pss  : [31678,1000,com.bbk.facewake,6987776,5619712,0]
06-22 23:09:49.620  3004  3558 I am_pss  : [7102,10063,com.iqoo.secure:remote,30364672,29335552,0]
06-22 23:09:49.710  3004 23745 I am_broadcast_discard_app: [0,150517950,android.net.wifi.STATE_CHANGE,2,ResolveInfo{f52849c com.baidu.netdisk/com.baidu.cyberplayer.dlna.NetworkChangeReceiver m=0x108000}]
06-22 23:09:49.710  3004  3562 I am_broadcast_discard_app: [0,150517950,android.net.wifi.STATE_CHANGE,3,ResolveInfo{7322ea5 com.sdu.didi.psnger/com.didi.sdk.receiver.WifiReceiver m=0x108000}]
06-22 23:09:49.713  3004  3562 I am_broadcast_discard_app: [0,150517950,android.net.wifi.STATE_CHANGE,4,ResolveInfo{332527a com.tencent.mtt/.browser.engine.ServiceProcessReceiver m=0x108000}]
06-22 23:09:50.765  3004  8327 I am_proc_died: [0,9343,com.vivo.game]
06-22 23:09:50.766  3004  8327 I am_schedule_service_restart: [0,com.vivo.game/.update.GameReceiverService,1000]
06-22 23:09:50.936  3004  3562 I am_proc_start: [0,9381,10114,com.vivo.game,broadcast,com.vivo.game/.update.UpdateDownloadReceiver]
06-22 23:09:50.955  3004  8331 I am_proc_bound: [0,9381,com.vivo.game]
06-22 23:09:51.139  3004  8331 I am_broadcast_discard_app: [0,243473478,android.net.wifi.STATE_CHANGE,2,ResolveInfo{ef76964 com.baidu.netdisk/com.baidu.cyberplayer.dlna.NetworkChangeReceiver m=0x108000}]
06-22 23:09:51.139  3004  3562 I am_broadcast_discard_app: [0,243473478,android.net.wifi.STATE_CHANGE,3,ResolveInfo{8cc87cd com.sdu.didi.psnger/com.didi.sdk.receiver.WifiReceiver m=0x108000}]
06-22 23:09:51.141  3004  3562 I am_broadcast_discard_app: [0,243473478,android.net.wifi.STATE_CHANGE,4,ResolveInfo{32b1b93 com.tencent.mtt/.browser.engine.ServiceProcessReceiver m=0x108000}]
06-22 23:09:51.167  3004  3558 I am_pss  : [8247,10133,com.tencent.mm:exdevice,16464896,13578240,0]
06-22 23:09:51.191  3004  3558 I am_pss  : [6775,10133,com.tencent.mm:push,21496832,18362368,0]
06-22 23:09:52.193  3004  4854 I am_proc_died: [0,9381,com.vivo.game]
06-22 23:09:52.193  3004  4854 I am_schedule_service_restart: [0,com.vivo.game/.update.GameReceiverService,1000]
06-22 23:10:00.042  3004  3558 I am_pss  : [8992,10097,com.vivo.widget,3219456,2486272,0]
06-22 23:10:08.950  3004  3562 I am_wtf  : [0,4651,system_server,-1,KernelWakelockReader,neither /proc/wakelocks nor /d/wakeup_sources exists]
06-22 23:10:09.478  3004  3562 I am_proc_start: [0,9451,10114,com.vivo.game,broadcast,com.vivo.game/.update.UpdateDownloadReceiver]
06-22 23:10:09.497  3004  8338 I am_proc_bound: [0,9451,com.vivo.game]
06-22 23:10:09.535  3004  3558 I am_pss  : [11181,10092,com.bbk.calendar,4974592,4390912,0]
06-22 23:10:09.556  3004  3558 I am_pss  : [14190,10004,com.android.providers.calendar,5586944,4796416,0]
06-22 23:10:09.681  3004  8339 I am_broadcast_discard_app: [0,6396903,android.net.wifi.STATE_CHANGE,2,ResolveInfo{3adf0ad com.baidu.netdisk/com.baidu.cyberplayer.dlna.NetworkChangeReceiver m=0x108000}]
06-22 23:10:09.684  3004  3562 I am_broadcast_discard_app: [0,6396903,android.net.wifi.STATE_CHANGE,3,ResolveInfo{3325fe2 com.sdu.didi.psnger/com.didi.sdk.receiver.WifiReceiver m=0x108000}]
06-22 23:10:09.687  3004  3562 I am_broadcast_discard_app: [0,6396903,android.net.wifi.STATE_CHANGE,4,ResolveInfo{75df73 com.tencent.mtt/.browser.engine.ServiceProcessReceiver m=0x108000}]
06-22 23:10:10.744  3004 23747 I am_proc_died: [0,9451,com.vivo.game]
06-22 23:10:10.745  3004 23747 I am_schedule_service_restart: [0,com.vivo.game/.update.GameReceiverService,1000]
06-22 23:10:10.919  3004  3562 I am_proc_start: [0,9490,10114,com.vivo.game,broadcast,com.vivo.game/.update.UpdateDownloadReceiver]
06-22 23:10:10.940  3004  8331 I am_proc_bound: [0,9490,com.vivo.game]
06-22 23:10:11.132  3004 23749 I am_broadcast_discard_app: [0,94017582,android.net.wifi.STATE_CHANGE,2,ResolveInfo{9c3a58c com.baidu.netdisk/com.baidu.cyberplayer.dlna.NetworkChangeReceiver m=0x108000}]
06-22 23:10:11.135  3004  3562 I am_broadcast_discard_app: [0,94017582,android.net.wifi.STATE_CHANGE,3,ResolveInfo{b0654d5 com.sdu.didi.psnger/com.didi.sdk.receiver.WifiReceiver m=0x108000}]
06-22 23:10:11.137  3004  3562 I am_broadcast_discard_app: [0,94017582,android.net.wifi.STATE_CHANGE,4,ResolveInfo{14703db com.tencent.mtt/.browser.engine.ServiceProcessReceiver m=0x108000}]
06-22 23:10:12.223  3004 23746 I am_proc_died: [0,9490,com.vivo.game]
06-22 23:10:12.224  3004 23746 I am_schedule_service_restart: [0,com.vivo.game/.update.GameReceiverService,1000]
06-22 23:10:12.449  3004  4058 I sysui_histogram: [power_double_tap_interval,43225]
06-22 23:10:12.643  3004  4058 I power_sleep_requested: 0
06-22 23:10:12.644  3004  3004 I power_screen_state: [0,2,0,0]
06-22 23:10:12.644  3004  3004 I screen_toggled: 0
06-22 23:10:12.644  3004  3004 I sysui_histogram: [screen_timeout,60]
06-22 23:10:12.644  3004  3004 I power_screen_broadcast_send: 1
06-22 23:10:12.650  3004  3566 I am_wtf  : [0,3004,system_server,-1,ActivityManager,Sending non-protected broadcast vivo.intent.action.POWER_KEY_SCREEN_OFF from system 3004:system/1000 pkg android]
06-22 23:10:12.706  3004  3004 I am_pause_activity: [0,214386446,com.tencent.mm/.ui.LauncherUI]
06-22 23:10:12.740  3004  3562 I am_wtf  : [0,3004,system_server,-1,KernelWakelockReader,neither /proc/wakelocks nor /d/wakeup_sources exists]
06-22 23:10:12.845  6034  6034 I am_on_paused_called: [0,com.tencent.mm.ui.LauncherUI,handlePauseActivity]
06-22 23:10:12.853  4477  4477 I sysui_view_visibility: [111,100]
06-22 23:10:12.854  3004 23741 I am_wtf  : [0,3004,system_server,-1,ActivityManager,Sending non-protected broadcast com.vivo.updater.action.SCREEN_OFF from system 4651:com.vivo.daemonService/1000 pkg com.vivo.daemonService]
06-22 23:10:12.854  3004  3562 I am_stop_activity: [0,214386446,com.tencent.mm/.ui.LauncherUI]
06-22 23:10:12.886  6034  6034 I am_on_stop_called: [0,com.tencent.mm.ui.LauncherUI,sleeping]
06-22 23:10:12.889  4477  4477 I sysui_status_bar_state: [1,1,0,0,0,1]
06-22 23:10:13.111   511   511 I sf_frame_dur: [InputMethod,3,2,0,0,0,0,1]
06-22 23:10:13.325  3004  3004 I power_screen_broadcast_done: [0,681,1]
06-22 23:10:19.991  3004  4058 I sysui_histogram: [power_double_tap_interval,3167]
06-22 23:10:19.995  3004  3004 I power_screen_state: [1,0,0,0]
06-22 23:10:19.995  3004  3004 I screen_toggled: 1
06-22 23:10:19.997  3004  3004 I power_screen_broadcast_send: 1
06-22 23:10:19.998  3004  3562 I am_wtf  : [0,3004,system_server,-1,KernelWakelockReader,neither /proc/wakelocks nor /d/wakeup_sources exists]
06-22 23:10:20.001  4477  4477 I sysui_histogram: [note_load,3]
06-22 23:10:20.002  3004 23745 I notification_panel_revealed: 3
06-22 23:10:20.174  3004 13515 I am_wtf  : [0,3004,system_server,-1,ActivityManager,Sending non-protected broadcast com.vivo.updater.action.SCREEN_ON from system 4651:com.vivo.daemonService/1000 pkg com.vivo.daemonService]
06-22 23:10:20.242  3004  8330 I am_proc_start: [0,9653,10114,com.vivo.game,broadcast,com.vivo.game/.update.UpdateDownloadReceiver]
06-22 23:10:20.286  3004  4843 I am_proc_bound: [0,9653,com.vivo.game]
06-22 23:10:20.290   511   511 I sf_frame_dur: [ColorFade,3,0,0,0,0,0,0]
06-22 23:10:20.315  3004  3004 I power_screen_broadcast_done: [1,317,1]
06-22 23:10:20.517  3004 23746 I am_broadcast_discard_app: [0,65155943,android.net.wifi.STATE_CHANGE,2,ResolveInfo{348c457 com.baidu.netdisk/com.baidu.cyberplayer.dlna.NetworkChangeReceiver m=0x108000}]
06-22 23:10:20.517  3004  3562 I am_broadcast_discard_app: [0,65155943,android.net.wifi.STATE_CHANGE,3,ResolveInfo{4184b44 com.sdu.didi.psnger/com.didi.sdk.receiver.WifiReceiver m=0x108000}]
06-22 23:10:20.520  3004  3562 I am_broadcast_discard_app: [0,65155943,android.net.wifi.STATE_CHANGE,4,ResolveInfo{fdef42d com.tencent.mtt/.browser.engine.ServiceProcessReceiver m=0x108000}]
06-22 23:10:20.792  3004 13517 I am_broadcast_discard_app: [0,82892720,android.net.wifi.STATE_CHANGE,2,ResolveInfo{383bedc com.baidu.netdisk/com.baidu.cyberplayer.dlna.NetworkChangeReceiver m=0x108000}]
06-22 23:10:20.795  3004  3562 I am_broadcast_discard_app: [0,82892720,android.net.wifi.STATE_CHANGE,3,ResolveInfo{d677be5 com.sdu.didi.psnger/com.didi.sdk.receiver.WifiReceiver m=0x108000}]
06-22 23:10:20.801  3004  3562 I am_broadcast_discard_app: [0,82892720,android.net.wifi.STATE_CHANGE,4,ResolveInfo{e18f161 com.tencent.mtt/.browser.engine.ServiceProcessReceiver m=0x108000}]
06-22 23:10:20.838  3004  4854 I am_broadcast_discard_app: [0,205983092,android.net.wifi.STATE_CHANGE,2,ResolveInfo{c12429d com.baidu.netdisk/com.baidu.cyberplayer.dlna.NetworkChangeReceiver m=0x108000}]
06-22 23:10:20.839  3004  3562 I am_broadcast_discard_app: [0,205983092,android.net.wifi.STATE_CHANGE,3,ResolveInfo{6806312 com.sdu.didi.psnger/com.didi.sdk.receiver.WifiReceiver m=0x108000}]
06-22 23:10:20.841  3004  3562 I am_broadcast_discard_app: [0,205983092,android.net.wifi.STATE_CHANGE,4,ResolveInfo{4c5dae3 com.tencent.mtt/.browser.engine.ServiceProcessReceiver m=0x108000}]
06-22 23:10:21.596  3004  8333 I am_proc_died: [0,9653,com.vivo.game]
06-22 23:10:21.596  3004  8333 I am_schedule_service_restart: [0,com.vivo.game/.update.GameReceiverService,1000]
06-22 23:10:21.649  3004  3562 I am_proc_start: [0,9781,10114,com.vivo.game,broadcast,com.vivo.game/.update.UpdateDownloadReceiver]
06-22 23:10:21.670  3004 23741 I am_proc_bound: [0,9781,com.vivo.game]
06-22 23:10:21.878  3004  8336 I am_broadcast_discard_app: [0,2266892,android.net.wifi.STATE_CHANGE,2,ResolveInfo{524d0c5 com.baidu.netdisk/com.baidu.cyberplayer.dlna.NetworkChangeReceiver m=0x108000}]
06-22 23:10:21.880  3004  3562 I am_broadcast_discard_app: [0,2266892,android.net.wifi.STATE_CHANGE,3,ResolveInfo{5a71a1a com.sdu.didi.psnger/com.didi.sdk.receiver.WifiReceiver m=0x108000}]
06-22 23:10:21.881  3004  3562 I am_broadcast_discard_app: [0,2266892,android.net.wifi.STATE_CHANGE,4,ResolveInfo{c36394b com.tencent.mtt/.browser.engine.ServiceProcessReceiver m=0x108000}]
06-22 23:10:22.853  4477  4477 I screen_toggled: 2
06-22 23:10:22.866  4477  4477 I sysui_status_bar_state: [1,0,0,0,0,1]
06-22 23:10:22.880  4477  4477 I sysui_view_visibility: [111,0]
06-22 23:10:22.895  3004  3295 I am_resume_activity: [0,214386446,6,com.tencent.mm/.ui.LauncherUI]
06-22 23:10:22.938  3004  3562 I am_broadcast_discard_app: [0,97964658,android.intent.action.USER_PRESENT,0,ResolveInfo{6c286c3 cn.wps.moffice_eng/cn.wps.moffice.service.receivers.MonitorServiceReceiver p=2147483647 m=0x108000}]
06-22 23:10:22.943  3004  3562 I am_broadcast_discard_app: [0,97964658,android.intent.action.USER_PRESENT,1,ResolveInfo{cbccc1f com.eg.android.AlipayGphone/com.alipay.pushsdk.BroadcastActionReceiver p=2147483647 m=0x108000}]
06-22 23:10:22.944  3004  3562 I am_broadcast_discard_app: [0,97964658,android.intent.action.USER_PRESENT,2,ResolveInfo{18e8b6c com.sdu.didi.psnger/com.igexin.sdk.PushReceiver p=2147483647 m=0x108000}]
06-22 23:10:22.945  3004  3562 I am_broadcast_discard_app: [0,97964658,android.intent.action.USER_PRESENT,4,ResolveInfo{9b47535 ctrip.android.view/ctrip.android.pushsdk.DaemonReceiver p=10000 m=0x108000}]
06-22 23:10:22.945  3004  3562 I am_broadcast_discard_app: [0,97964658,android.intent.action.USER_PRESENT,5,ResolveInfo{98a3dca com.ifeng.news2/com.eguan.drivermonitor.reciever.SystemStartReciever p=1000 m=0x108000}]
06-22 23:10:22.954  3004  4826 I notification_expansion: [0|com.android.bbklog|2147483647|group_key_override|1000|ranker_bundle,0,1,57718677,57718677,29631789]
06-22 23:10:22.955  3004  3293 I notification_expansion: [0|com.android.bbklog|1|null|1000,0,1,57718688,57718688,29631790]
06-22 23:10:22.989  3004  4854 I notification_panel_hidden: []
06-22 23:10:23.086  3004  8334 I am_broadcast_discard_app: [0,97964658,android.intent.action.USER_PRESENT,13,ResolveInfo{7f6786e cn.wps.moffice_eng/com.igexin.sdk.PushReceiver m=0x108000}]
06-22 23:10:23.087  3004  3562 I am_broadcast_discard_app: [0,97964658,android.intent.action.USER_PRESENT,14,ResolveInfo{fb6fb0f com.Qunar/com.igexin.sdk.PushReceiver m=0x108000}]
06-22 23:10:23.089  3004  3562 I am_broadcast_discard_app: [0,97964658,android.intent.action.USER_PRESENT,15,ResolveInfo{e01a79c com.anjuke.android.app/com.igexin.sdk.PushReceiver m=0x108000}]
06-22 23:10:23.089  3004  3562 I am_broadcast_discard_app: [0,97964658,android.intent.action.USER_PRESENT,16,ResolveInfo{66e15a5 com.autonavi.minimap/com.taobao.accs.EventReceiver m=0x108000}]
06-22 23:10:23.090  3004  3562 I am_broadcast_discard_app: [0,97964658,android.intent.action.USER_PRESENT,17,ResolveInfo{a15ad7a com.baidu.netdisk/com.baidu.android.pushservice.PushServiceReceiver m=0x108000}]
06-22 23:10:23.091  3004  3562 I am_broadcast_discard_app: [0,97964658,android.intent.action.USER_PRESENT,18,ResolveInfo{c72392b com.baidu.netdisk/com.baidu.devicesecurity.receiver.DSDeviceAdminReceiver m=0x108000}]
06-22 23:10:23.095  3004  3562 I am_broadcast_discard_app: [0,97964658,android.intent.action.USER_PRESENT,19,ResolveInfo{c4fa188 com.dianping.v1/com.dianping.base.push.pushservice.PhoneStatusReceiver m=0x108000}]
06-22 23:10:23.096  3004  3562 I am_broadcast_discard_app: [0,97964658,android.intent.action.USER_PRESENT,20,ResolveInfo{84f6721 com.htinns/cn.jpush.android.service.PushReceiver m=0x108000}]
06-22 23:10:23.098  3004  3562 I am_broadcast_discard_app: [0,97964658,android.intent.action.USER_PRESENT,21,ResolveInfo{5593d07 com.htinns/com.igexin.sdk.PushReceiver m=0x108000}]
06-22 23:10:23.099  3004  3562 I am_broadcast_discard_app: [0,97964658,android.intent.action.USER_PRESENT,23,ResolveInfo{2014e34 com.ifeng.news2/com.ifeng.ipush.client.receiver.PushReceiver m=0x108000}]
06-22 23:10:23.100  3004  3562 I am_broadcast_discard_app: [0,97964658,android.intent.action.USER_PRESENT,25,ResolveInfo{9a545d com.ifeng.news2/com.igexin.sdk.PushReceiver m=0x108000}]
06-22 23:10:23.101  3004  3562 I am_broadcast_discard_app: [0,97964658,android.intent.action.USER_PRESENT,26,ResolveInfo{45871d2 com.jm.android.jumei/com.igexin.sdk.PushReceiver m=0x108000}]
06-22 23:10:23.102  3004  3562 I am_broadcast_discard_app: [0,97964658,android.intent.action.USER_PRESENT,28,ResolveInfo{6c2a2a3 com.jm.android.jumei/.push.JMAliReceiver m=0x108000}]
