06-23 07:01:21.358  3628  3776 I am_broadcast_discard_app: [0,130987643,android.net.conn.CONNECTIVITY_CHANGE,66,ResolveInfo{1846e46 com.jm.android.jumei/.home.receiver.NetworkReceiver m=0x108000}]
06-23 07:01:21.358  3628  3776 I am_broadcast_discard_app: [0,130987643,android.net.conn.CONNECTIVITY_CHANGE,67,ResolveInfo{f207807 com.jm.android.jumei/.ConnectivityReceiver m=0x108000}]
06-23 07:01:21.358  3628  3776 I am_broadcast_discard_app: [0,130987643,android.net.conn.CONNECTIVITY_CHANGE,68,ResolveInfo{1cf6d34 com.jm.android.jumei/com.tencent.msdk.dns.HttpDnsCache$ConnectivityChangeReceiver m=0x108000}]
06-23 07:01:21.359  3628  3776 I am_broadcast_discard_app: [0,130987643,android.net.conn.CONNECTIVITY_CHANGE,69,ResolveInfo{2cf875d com.jm.android.jumei/com.igexin.sdk.PushReceiver m=0x108000}]
06-23 07:01:21.359  3628  3776 I am_broadcast_discard_app: [0,130987643,android.net.conn.CONNECTIVITY_CHANGE,70,ResolveInfo{c8928d2 com.jm.android.jumei/com.igexin.download.DownloadReceiver m=0x108000}]
06-23 07:01:21.360  3628  3776 I am_broadcast_discard_app: [0,130987643,android.net.conn.CONNECTIVITY_CHANGE,71,ResolveInfo{5428da3 com.jm.android.jumei/cn.jpush.android.service.PushReceiver m=0x108000}]
06-23 07:01:21.360  3628  3776 I am_broadcast_discard_app: [0,130987643,android.net.conn.CONNECTIVITY_CHANGE,72,ResolveInfo{39028a0 com.jm.android.jumei/.push.JMAliReceiver m=0x108000}]
06-23 07:01:21.360  3628  3776 I am_broadcast_discard_app: [0,130987643,android.net.conn.CONNECTIVITY_CHANGE,73,ResolveInfo{c823c59 com.jm.android.jumei/com.tencent.qalsdk.core.NetConnInfoCenter m=0x108000}]
06-23 07:01:21.361  3628  3776 I am_broadcast_discard_app: [0,130987643,android.net.conn.CONNECTIVITY_CHANGE,74,ResolveInfo{7ad001e com.jm.android.jumei/com.taobao.accs.EventReceiver m=0x108000}]
06-23 07:01:21.361  3628  3776 I am_broadcast_discard_app: [0,130987643,android.net.conn.CONNECTIVITY_CHANGE,75,ResolveInfo{fe660ff com.jm.android.jumei/com.jm.android.jmconnection.receiver.JMConnectionChangeReceiver m=0x108000}]
06-23 07:01:21.362  3628  3776 I am_broadcast_discard_app: [0,130987643,android.net.conn.CONNECTIVITY_CHANGE,76,ResolveInfo{adf2ecc com.lesports.glivesports/com.igexin.sdk.PushReceiver m=0x108000}]
06-23 07:01:21.362  3628  3776 I am_broadcast_discard_app: [0,130987643,android.net.conn.CONNECTIVITY_CHANGE,77,ResolveInfo{f114515 com.lesports.glivesports/com.igexin.download.DownloadReceiver m=0x108000}]
06-23 07:01:21.363  3628  3776 I am_broadcast_discard_app: [0,130987643,android.net.conn.CONNECTIVITY_CHANGE,83,ResolveInfo{a5002a com.microfundrn/com.igexin.sdk.PushReceiver m=0x108000}]
06-23 07:01:21.363  3628  3776 I am_broadcast_discard_app: [0,130987643,android.net.conn.CONNECTIVITY_CHANGE,84,ResolveInfo{6ca0e1b com.microfundrn/com.igexin.download.DownloadReceiver m=0x108000}]
06-23 07:01:21.363  3628  3776 I am_broadcast_discard_app: [0,130987643,android.net.conn.CONNECTIVITY_CHANGE,85,ResolveInfo{8366bb8 com.microfundrn/com.bugtags.library.BugtagsReceiver m=0x108000}]
06-23 07:01:21.364  3628  3776 I am_broadcast_discard_app: [0,130987643,android.net.conn.CONNECTIVITY_CHANGE,88,ResolveInfo{c4e1d91 com.netease.mail/com.youdao.sdk.common.YouDaoTrackerReceiver m=0x108000}]
06-23 07:01:21.364  3628  3776 I am_broadcast_discard_app: [0,130987643,android.net.conn.CONNECTIVITY_CHANGE,89,ResolveInfo{96af4f6 com.netease.mail/com.igexin.sdk.PushReceiver m=0x108000}]
06-23 07:01:21.365  3628  3776 I am_broadcast_discard_app: [0,130987643,android.net.conn.CONNECTIVITY_CHANGE,90,ResolveInfo{57170f7 com.netease.mail/com.igexin.download.DownloadReceiver m=0x108000}]
06-23 07:01:21.365  3628  3776 I am_broadcast_discard_app: [0,130987643,android.net.conn.CONNECTIVITY_CHANGE,91,ResolveInfo{7c28b64 com.nfyg.hsbb/com.igexin.sdk.PushReceiver m=0x108000}]
06-23 07:01:21.366  3628  3776 I am_broadcast_discard_app: [0,130987643,android.net.conn.CONNECTIVITY_CHANGE,92,ResolveInfo{7a601cd com.nfyg.hsbb/com.igexin.download.DownloadReceiver m=0x108000}]
06-23 07:01:21.366  3628  3776 I am_broadcast_discard_app: [0,130987643,android.net.conn.CONNECTIVITY_CHANGE,93,ResolveInfo{7c96a82 com.nfyg.hsbb/cn.jpush.android.service.PushReceiver m=0x108000}]
06-23 07:01:21.366  3628  3776 I am_broadcast_discard_app: [0,130987643,android.net.conn.CONNECTIVITY_CHANGE,94,ResolveInfo{1c22593 com.nfyg.hsbb/com.wifi8.x.core.download.net.NetStatusReceiver m=0x108000}]
06-23 07:01:21.367  3628  3776 I am_broadcast_discard_app: [0,130987643,android.net.conn.CONNECTIVITY_CHANGE,95,ResolveInfo{9cef9d0 com.pplive.androidphone/.ui.widget.WidgetNew m=0x108000}]
06-23 07:01:21.367  3628  3776 I am_broadcast_discard_app: [0,130987643,android.net.conn.CONNECTIVITY_CHANGE,96,ResolveInfo{41dedc9 com.pplive.androidphone/.ui.unicom.UnicomReceiver m=0x108000}]
06-23 07:01:21.368  3628  3776 I am_broadcast_discard_app: [0,130987643,android.net.conn.CONNECTIVITY_CHANGE,97,ResolveInfo{1a7acce com.pplive.androidphone/.push.getui.PushReceiver m=0x108000}]
06-23 07:01:21.368  3628  3776 I am_broadcast_discard_app: [0,130987643,android.net.conn.CONNECTIVITY_CHANGE,98,ResolveInfo{5f87ef com.pplive.androidphone/com.igexin.sdk.PushReceiver m=0x108000}]
06-23 07:01:21.369  3628  3776 I am_broadcast_discard_app: [0,130987643,android.net.conn.CONNECTIVITY_CHANGE,99,ResolveInfo{5f1e2fc com.pplive.androidphone/com.igexin.download.DownloadReceiver m=0x108000}]
06-23 07:01:21.370  3628  3776 I am_broadcast_discard_app: [0,130987643,android.net.conn.CONNECTIVITY_CHANGE,100,ResolveInfo{60e9d85 com.pplive.androidphone/com.pplive.pushmsgsdk.SdkReceiver m=0x108000}]
06-23 07:01:21.370  3628  3776 I am_broadcast_discard_app: [0,130987643,android.net.conn.CONNECTIVITY_CHANGE,101,ResolveInfo{215c7da com.pplive.androidphone/io.rong.push.PushReceiver m=0x108000}]
06-23 07:01:21.371  3628  3776 I am_broadcast_discard_app: [0,130987643,android.net.conn.CONNECTIVITY_CHANGE,113,ResolveInfo{2c6b40b com.sdu.didi.psnger/com.igexin.download.DownloadReceiver m=0x108000}]
06-23 07:01:21.393  3628  3776 I am_broadcast_discard_app: [0,130987643,android.net.conn.CONNECTIVITY_CHANGE,122,ResolveInfo{af2032c com.ss.android.article.lite/com.ss.android.message.MessageReceiver m=0x108000}]
06-23 07:01:21.393  3628  3776 I am_broadcast_discard_app: [0,130987643,android.net.conn.CONNECTIVITY_CHANGE,123,ResolveInfo{60af1f5 com.ss.android.article.lite/com.taobao.accs.EventReceiver m=0x108000}]
06-23 07:01:21.394  3628  3776 I am_broadcast_discard_app: [0,130987643,android.net.conn.CONNECTIVITY_CHANGE,124,ResolveInfo{dfdb8a com.ss.android.article.lite/com.huawei.android.pushagent.PushBootReceiver m=0x108000}]
06-23 07:01:21.394  3628  3776 I am_broadcast_discard_app: [0,130987643,android.net.conn.CONNECTIVITY_CHANGE,125,ResolveInfo{af0b5fb com.ss.android.article.lite/com.ss.android.download.DownloadReceiver m=0x108000}]
06-23 07:01:21.395  3628  3776 I am_broadcast_discard_app: [0,130987643,android.net.conn.CONNECTIVITY_CHANGE,126,ResolveInfo{b122618 com.taobao.taobao/com.taobao.accs.EventReceiver m=0x108000}]
06-23 07:01:21.419  3628  4835 I am_proc_died: [0,8175,com.bbk.updater]
06-23 07:01:21.421  3628  4922 I am_broadcast_discard_app: [0,130987643,android.net.conn.CONNECTIVITY_CHANGE,128,ResolveInfo{359e973 com.tencent.mtt/.browser.push.service.ConnectivityReceiver m=0x108000}]
06-23 07:01:21.423  3628  3776 I am_broadcast_discard_app: [0,130987643,android.net.conn.CONNECTIVITY_CHANGE,129,ResolveInfo{45ba030 com.tencent.news/com.huawei.android.pushagent.PushBootReceiver m=0x108000}]
06-23 07:01:21.423  3628  3776 I am_broadcast_discard_app: [0,130987643,android.net.conn.CONNECTIVITY_CHANGE,130,ResolveInfo{af204a9 com.tencent.news/com.taobao.accs.EventReceiver m=0x108000}]
06-23 07:01:21.424  3628  3776 I am_broadcast_discard_app: [0,130987643,android.net.conn.CONNECTIVITY_CHANGE,131,ResolveInfo{a2daa2e com.xiaoming.bike/com.igexin.sdk.PushReceiver m=0x108000}]
06-23 07:01:21.425  3628  3776 I am_broadcast_discard_app: [0,130987643,android.net.conn.CONNECTIVITY_CHANGE,132,ResolveInfo{cdfa9cf com.xiaoming.bike/com.igexin.download.DownloadReceiver m=0x108000}]
06-23 07:01:21.425  3628  3776 I am_broadcast_discard_app: [0,130987643,android.net.conn.CONNECTIVITY_CHANGE,133,ResolveInfo{6128f5c com.ximalaya.fm.android/com.ximalaya.ting.android.broadcast.GlobalBroadcastReceiver m=0x108000}]
06-23 07:01:21.425  3628  3776 I am_broadcast_discard_app: [0,130987643,android.net.conn.CONNECTIVITY_CHANGE,134,ResolveInfo{abd4265 com.ximalaya.fm.android/com.baidu.android.pushservice.PushServiceReceiver m=0x108000}]
06-23 07:01:21.426  3628  3776 I am_broadcast_discard_app: [0,130987643,android.net.conn.CONNECTIVITY_CHANGE,135,ResolveInfo{bee3b3a com.ximalaya.fm.android/com.igexin.sdk.PushReceiver m=0x108000}]
06-23 07:01:21.426  3628  3776 I am_broadcast_discard_app: [0,130987643,android.net.conn.CONNECTIVITY_CHANGE,136,ResolveInfo{35713eb com.ximalaya.fm.android/com.igexin.download.DownloadReceiver m=0x108000}]
06-23 07:01:21.427  3628  3776 I am_broadcast_discard_app: [0,130987643,android.net.conn.CONNECTIVITY_CHANGE,137,ResolveInfo{6e74548 com.ximalaya.ting.android/.host.receiver.NetWorkChangeReceiver m=0x108000}]
06-23 07:01:21.427  3628  3776 I am_broadcast_discard_app: [0,130987643,android.net.conn.CONNECTIVITY_CHANGE,138,ResolveInfo{5449fe1 com.ximalaya.ting.android/com.igexin.download.DownloadReceiver m=0x108000}]
06-23 07:01:21.427  3628  3776 I am_broadcast_discard_app: [0,130987643,android.net.conn.CONNECTIVITY_CHANGE,139,ResolveInfo{ff4d106 com.ximalaya.ting.android/com.sina.util.dnscache.net.networktype.NetworkStateReceiver m=0x108000}]
06-23 07:01:21.428  3628  3776 I am_broadcast_discard_app: [0,130987643,android.net.conn.CONNECTIVITY_CHANGE,140,ResolveInfo{39103c7 ctrip.android.view/ctrip.base.component.connect.NetworkConnectReceiver m=0x108000}]
06-23 07:01:21.428  3628  4916 I am_proc_died: [0,8157,com.bbk.calendar]
06-23 07:01:21.430  3628  7864 I am_proc_died: [0,8771,com.vivo.findphone]
06-23 07:01:21.437  3628  4838 I am_broadcast_discard_app: [0,114257396,android.net.conn.CONNECTIVITY_CHANGE,0,ResolveInfo{88a591d com.eg.android.AlipayGphone/com.alipay.pushsdk.BroadcastActionReceiver p=2147483647 m=0x108000}]
06-23 07:01:21.438  3628  3776 I am_broadcast_discard_app: [0,114257396,android.net.conn.CONNECTIVITY_CHANGE,1,ResolveInfo{37cf792 com.homelink.android/.NetChangeReceiver p=2147483647 m=0x108000}]
06-23 07:01:21.441  3628  3776 I am_broadcast_discard_app: [0,114257396,android.net.conn.CONNECTIVITY_CHANGE,2,ResolveInfo{c901563 com.sdu.didi.psnger/com.igexin.sdk.PushReceiver p=2147483647 m=0x108000}]
06-23 07:01:21.442  3628  3776 I am_broadcast_discard_app: [0,114257396,android.net.conn.CONNECTIVITY_CHANGE,3,ResolveInfo{d6f7560 com.tencent.android.qqdownloader/com.qq.AppService.MainReceiver p=2147483647 m=0x108000}]
06-23 07:01:21.443  3628  3776 I am_broadcast_discard_app: [0,114257396,android.net.conn.CONNECTIVITY_CHANGE,4,ResolveInfo{6786a19 com.tencent.news/.system.MonitorServiceReceiver p=2147483647 m=0x108000}]
06-23 07:01:21.444  3628  3776 I am_broadcast_discard_app: [0,114257396,android.net.conn.CONNECTIVITY_CHANGE,5,ResolveInfo{9eefade ctrip.android.view/ctrip.android.pushsdk.DaemonReceiver p=10000 m=0x108000}]
06-23 07:01:21.446  3628  3776 I am_broadcast_discard_app: [0,114257396,android.net.conn.CONNECTIVITY_CHANGE,7,ResolveInfo{e4a4bf com.tencent.android.qqdownloader/com.tencent.assistant.module.timer.ScheduleJobReceiver p=1000 m=0x108000}]
06-23 07:01:21.448  3628  3776 I am_broadcast_discard_app: [0,114257396,android.net.conn.CONNECTIVITY_CHANGE,8,ResolveInfo{646878c com.tencent.android.qqdownloader/com.tencent.assistant.TimerJob.TimerJobService p=1000 m=0x108000}]
06-23 07:01:21.449  3628  3776 I am_broadcast_discard_app: [0,114257396,android.net.conn.CONNECTIVITY_CHANGE,9,ResolveInfo{b9c8ed5 cn.wps.moffice_eng/com.xiaomi.push.service.receivers.NetworkStatusReceiver m=0x108000}]
06-23 07:01:21.450  3628  3776 I am_broadcast_discard_app: [0,114257396,android.net.conn.CONNECTIVITY_CHANGE,10,ResolveInfo{2ebe6ea cn.wps.moffice_eng/cn.wps.moffice.service.receivers.MonitorServiceReceiver m=0x108000}]
06-23 07:01:21.452  3628  3776 I am_broadcast_discard_app: [0,114257396,android.net.conn.CONNECTIVITY_CHANGE,11,ResolveInfo{1c8cddb com.anjuke.android.app/com.xiaomi.push.service.receivers.NetworkStatusReceiver m=0x108000}]
06-23 07:01:21.454  3628  3776 I am_broadcast_discard_app: [0,114257396,android.net.conn.CONNECTIVITY_CHANGE,12,ResolveInfo{39a9078 com.eg.android.AlipayGphone/com.xiaomi.push.service.receivers.NetworkStatusReceiver m=0x108000}]
06-23 07:01:21.455  3628  3776 I am_broadcast_discard_app: [0,114257396,android.net.conn.CONNECTIVITY_CHANGE,13,ResolveInfo{5a44351 com.homelink.android/com.xiaomi.push.service.receivers.NetworkStatusReceiver m=0x108000}]
06-23 07:01:21.456  3628  3776 I am_broadcast_discard_app: [0,114257396,android.net.conn.CONNECTIVITY_CHANGE,14,ResolveInfo{ffc6cb7 com.ifeng.news2/com.xiaomi.push.service.receivers.NetworkStatusReceiver m=0x108000}]
06-23 07:01:21.457  3628  3776 I am_broadcast_discard_app: [0,114257396,android.net.conn.CONNECTIVITY_CHANGE,15,ResolveInfo{4243c24 com.immomo.momo/com.xiaomi.push.service.receivers.NetworkStatusReceiver m=0x108000}]
06-23 07:01:21.458  3628  3776 I am_broadcast_discard_app: [0,114257396,android.net.conn.CONNECTIVITY_CHANGE,16,ResolveInfo{598c38d com.jm.android.jumei/com.xiaomi.push.service.receivers.NetworkStatusReceiver m=0x108000}]
06-23 07:01:21.458  3628  3776 I am_broadcast_discard_app: [0,114257396,android.net.conn.CONNECTIVITY_CHANGE,17,ResolveInfo{9ae6942 com.netease.mail/com.xiaomi.push.service.receivers.NetworkStatusReceiver m=0x108000}]
06-23 07:01:21.461  3628  3776 I am_broadcast_discard_app: [0,114257396,android.net.conn.CONNECTIVITY_CHANGE,19,ResolveInfo{e611d53 com.sdu.didi.psnger/com.xiaomi.push.service.receivers.NetworkStatusReceiver m=0x108000}]
06-23 07:01:21.462  3628  3776 I am_broadcast_discard_app: [0,114257396,android.net.conn.CONNECTIVITY_CHANGE,20,ResolveInfo{77af690 com.sdu.didi.psnger/com.didi.sdk.push.broadcast.PushNetReceiver m=0x108000}]
06-23 07:01:21.462  3628  3776 I am_broadcast_discard_app: [0,114257396,android.net.conn.CONNECTIVITY_CHANGE,21,ResolveInfo{9db0b89 com.sdu.didi.psnger/com.didi.onecar.business.taxi.receiver.TaxiNetReceiver m=0x108000}]
06-23 07:01:21.463  3628  3776 I am_broadcast_discard_app: [0,114257396,android.net.conn.CONNECTIVITY_CHANGE,23,ResolveInfo{4bdd78e com.ss.android.article.lite/com.xiaomi.push.service.receivers.NetworkStatusReceiver m=0x108000}]
06-23 07:01:21.463  3628  3776 I am_broadcast_discard_app: [0,114257396,android.net.conn.CONNECTIVITY_CHANGE,24,ResolveInfo{2563baf com.ximalaya.ting.android/com.xiaomi.push.service.receivers.NetworkStatusReceiver m=0x108000}]
06-23 07:01:21.480  3628  3776 I am_proc_start: [0,8824,10060,com.vivo.findphone,broadcast,com.vivo.findphone/.BootBroadcastReceiver]
06-23 07:01:21.497  3628  4838 I am_proc_bound: [0,8824,com.vivo.findphone]
06-23 07:01:21.550  3628  4079 I am_wtf  : [0,3628,system_server,-1,ActivityManager,Sending non-protected broadcast com.vivo.networkimprove.pingfail.PING_DELAY_OVER_DONE from system uid 1000 pkg com.vivo.networkimprove]
06-23 07:01:21.655  3628  3776 I am_broadcast_discard_app: [0,114257396,android.net.conn.CONNECTIVITY_CHANGE,36,ResolveInfo{9989c84 cn.kidyn.qdmedical160/com.netease.nimlib.service.NimReceiver m=0x108000}]
06-23 07:01:21.661  3628  3776 I am_broadcast_discard_app: [0,114257396,android.net.conn.CONNECTIVITY_CHANGE,37,ResolveInfo{7c30c6d cn.wps.moffice_eng/com.igexin.sdk.PushReceiver m=0x108000}]
06-23 07:01:21.672  3628  7863 I am_wtf  : [0,3628,system_server,-1,ActivityManager,Sending non-protected broadcast vivo.intent.action.PRELOAD_VIVOCAM from system 4691:com.vivo.daemonService/1000 pkg com.vivo.daemonService]
06-23 07:01:21.675  3628  3776 I am_broadcast_discard_app: [0,114257396,android.net.conn.CONNECTIVITY_CHANGE,38,ResolveInfo{cbb3d8f com.Qunar/com.igexin.sdk.PushReceiver m=0x108000}]
06-23 07:01:21.676  3628  3776 I am_broadcast_discard_app: [0,114257396,android.net.conn.CONNECTIVITY_CHANGE,40,ResolveInfo{414f81c com.anjuke.android.app/com.android.anjuke.chat.receiver.NetConnectReceiver m=0x108000}]
06-23 07:01:21.677  3628  3776 I am_broadcast_discard_app: [0,114257396,android.net.conn.CONNECTIVITY_CHANGE,41,ResolveInfo{22e5c25 com.anjuke.android.app/com.igexin.sdk.PushReceiver m=0x108000}]
06-23 07:01:21.677  3628  3776 I am_broadcast_discard_app: [0,114257396,android.net.conn.CONNECTIVITY_CHANGE,42,ResolveInfo{76eb1fa com.anjuke.android.app/com.igexin.download.DownloadReceiver m=0x108000}]
06-23 07:01:21.677  3628  3776 I am_broadcast_discard_app: [0,114257396,android.net.conn.CONNECTIVITY_CHANGE,43,ResolveInfo{5b823ab com.anjuke.android.app/com.common.gmacs.receiver.NetworkStateReceiver m=0x108000}]
06-23 07:01:21.678  3628  3776 I am_broadcast_discard_app: [0,114257396,android.net.conn.CONNECTIVITY_CHANGE,44,ResolveInfo{b877a08 com.anjuke.android.app/com.wuba.wmdalite.manager.NetInfoChangeReceiver m=0x108000}]
06-23 07:01:21.678  3628  3776 I am_broadcast_discard_app: [0,114257396,android.net.conn.CONNECTIVITY_CHANGE,45,ResolveInfo{a0d95a1 com.autonavi.minimap/.app.WakeupReceiver m=0x108000}]
06-23 07:01:21.681  3628  3776 I am_broadcast_discard_app: [0,114257396,android.net.conn.CONNECTIVITY_CHANGE,46,ResolveInfo{e4ceadd com.autonavi.minimap/com.taobao.accs.EventReceiver m=0x108000}]
06-23 07:01:21.686  3628  3776 I am_broadcast_discard_app: [0,114257396,android.net.conn.CONNECTIVITY_CHANGE,47,ResolveInfo{a3d8652 com.baidu.BaiduMap/com.baidu.android.pushservice.PushServiceReceiver m=0x108000}]
06-23 07:01:21.687  3628  3776 I am_broadcast_discard_app: [0,114257396,android.net.conn.CONNECTIVITY_CHANGE,48,ResolveInfo{8b5d23 com.baidu.BaiduMap/com.baidu.mapframework.component3.update.ComUpdateReceiver m=0x108000}]
06-23 07:01:21.693  3628  3776 I am_broadcast_discard_app: [0,114257396,android.net.conn.CONNECTIVITY_CHANGE,49,ResolveInfo{dc98220 com.baidu.netdisk/com.baidu.android.pushservice.PushServiceReceiver m=0x108000}]
06-23 07:01:21.694  3628  3776 I am_broadcast_discard_app: [0,114257396,android.net.conn.CONNECTIVITY_CHANGE,50,ResolveInfo{93257d9 com.baidu.netdisk/.device.devicesecurity.DSBootCompleteReceiver m=0x108000}]
06-23 07:01:21.695  3628  3776 I am_broadcast_discard_app: [0,114257396,android.net.conn.CONNECTIVITY_CHANGE,51,ResolveInfo{9679895 com.baidu.netdisk/com.baidu.cyberplayer.dlna.NetworkChangeReceiver m=0x108000}]
06-23 07:01:21.696  3628  3776 I am_broadcast_discard_app: [0,114257396,android.net.conn.CONNECTIVITY_CHANGE,52,ResolveInfo{9d78daa com.dianping.v1/com.dianping.base.push.pushservice.PhoneStatusReceiver m=0x108000}]
06-23 07:01:21.697  3628  3776 I am_broadcast_discard_app: [0,114257396,android.net.conn.CONNECTIVITY_CHANGE,53,ResolveInfo{96d4d9b com.homelink.android/com.lianjia.common.log.service.NetworkChangeReceiver m=0x108000}]
06-23 07:01:21.697  3628  3776 I am_broadcast_discard_app: [0,114257396,android.net.conn.CONNECTIVITY_CHANGE,54,ResolveInfo{2117538 com.htinns/cn.jpush.android.service.PushReceiver m=0x108000}]
06-23 07:01:21.698  3628  3776 I am_broadcast_discard_app: [0,114257396,android.net.conn.CONNECTIVITY_CHANGE,55,ResolveInfo{4762911 com.htinns/com.huazhu.home.redpackage.NetChangeBroadCastReceiver m=0x108000}]
06-23 07:01:21.698  3628  3776 I am_broadcast_discard_app: [0,114257396,android.net.conn.CONNECTIVITY_CHANGE,56,ResolveInfo{af8da76 com.htinns/com.igexin.sdk.PushReceiver m=0x108000}]
06-23 07:01:21.705  3628  3776 I am_broadcast_discard_app: [0,114257396,android.net.conn.CONNECTIVITY_CHANGE,57,ResolveInfo{8102802 com.htinns/com.igexin.download.DownloadReceiver m=0x108000}]
06-23 07:01:21.706  3628  3776 I am_broadcast_discard_app: [0,114257396,android.net.conn.CONNECTIVITY_CHANGE,58,ResolveInfo{e9dd513 com.ifeng.news2/.receiver.HeartBeatBroadCastReceiver m=0x108000}]
06-23 07:01:21.706  3628  3776 I am_broadcast_discard_app: [0,114257396,android.net.conn.CONNECTIVITY_CHANGE,59,ResolveInfo{fd1b350 com.ifeng.news2/com.ifeng.ipush.client.receiver.PushReceiver m=0x108000}]
06-23 07:01:21.707  3628  3776 I am_broadcast_discard_app: [0,114257396,android.net.conn.CONNECTIVITY_CHANGE,60,ResolveInfo{cbe949 com.ifeng.news2/.push.MiPushStateReceiver m=0x108000}]
06-23 07:01:21.707  3628  3776 I am_broadcast_discard_app: [0,114257396,android.net.conn.CONNECTIVITY_CHANGE,61,ResolveInfo{f5cc24e com.ifeng.news2/com.huawei.android.pushagent.PushBootReceiver m=0x108000}]
06-23 07:01:21.708  3628  3776 I am_broadcast_discard_app: [0,114257396,android.net.conn.CONNECTIVITY_CHANGE,62,ResolveInfo{406af6f com.ifeng.news2/com.igexin.sdk.PushReceiver m=0x108000}]
06-23 07:01:21.708  3628  3776 I am_broadcast_discard_app: [0,114257396,android.net.conn.CONNECTIVITY_CHANGE,63,ResolveInfo{f26b47c com.ifeng.news2/com.igexin.download.DownloadReceiver m=0x108000}]
06-23 07:01:21.709  3628  3776 I am_broadcast_discard_app: [0,114257396,android.net.conn.CONNECTIVITY_CHANGE,64,ResolveInfo{260d105 com.immomo.momo/.android.service.NetworkChangeReceiver m=0x108000}]
06-23 07:01:21.711  3628  3776 I am_broadcast_discard_app: [0,114257396,android.net.conn.CONNECTIVITY_CHANGE,65,ResolveInfo{2a27881 com.immomo.momo/com.immomo.thirdparty.umeng.message.SystemReceiver m=0x108000}]
06-23 07:01:21.711  3628  3776 I am_broadcast_discard_app: [0,114257396,android.net.conn.CONNECTIVITY_CHANGE,66,ResolveInfo{4aacd26 com.jm.android.jumei/.home.receiver.NetworkReceiver m=0x108000}]
06-23 07:01:21.712  3628  3776 I am_broadcast_discard_app: [0,114257396,android.net.conn.CONNECTIVITY_CHANGE,67,ResolveInfo{89f1d67 com.jm.android.jumei/.ConnectivityReceiver m=0x108000}]
06-23 07:01:21.713  3628  3776 I am_broadcast_discard_app: [0,114257396,android.net.conn.CONNECTIVITY_CHANGE,68,ResolveInfo{b5f1714 com.jm.android.jumei/com.tencent.msdk.dns.HttpDnsCache$ConnectivityChangeReceiver m=0x108000}]
06-23 07:01:21.713  3628  3776 I am_broadcast_discard_app: [0,114257396,android.net.conn.CONNECTIVITY_CHANGE,69,ResolveInfo{dfd1bbd com.jm.android.jumei/com.igexin.sdk.PushReceiver m=0x108000}]
06-23 07:01:21.713  3628  3775 I am_pss  : [6685,10041,com.android.BBKClock,4883456,4046848,0]
06-23 07:01:21.714  3628  3776 I am_broadcast_discard_app: [0,114257396,android.net.conn.CONNECTIVITY_CHANGE,70,ResolveInfo{46695b2 com.jm.android.jumei/com.igexin.download.DownloadReceiver m=0x108000}]
06-23 07:01:21.715  3628  3776 I am_broadcast_discard_app: [0,114257396,android.net.conn.CONNECTIVITY_CHANGE,71,ResolveInfo{af62903 com.jm.android.jumei/cn.jpush.android.service.PushReceiver m=0x108000}]
06-23 07:01:21.715  3628  3776 I am_broadcast_discard_app: [0,114257396,android.net.conn.CONNECTIVITY_CHANGE,72,ResolveInfo{f28525f com.jm.android.jumei/.push.JMAliReceiver m=0x108000}]
06-23 07:01:21.716  3628  3776 I am_broadcast_discard_app: [0,114257396,android.net.conn.CONNECTIVITY_CHANGE,73,ResolveInfo{1be34ac com.jm.android.jumei/com.tencent.qalsdk.core.NetConnInfoCenter m=0x108000}]
06-23 07:01:21.717  3628  3776 I am_broadcast_discard_app: [0,114257396,android.net.conn.CONNECTIVITY_CHANGE,74,ResolveInfo{b110575 com.jm.android.jumei/com.taobao.accs.EventReceiver m=0x108000}]
06-23 07:01:21.717  3628  3776 I am_broadcast_discard_app: [0,114257396,android.net.conn.CONNECTIVITY_CHANGE,75,ResolveInfo{367290a com.jm.android.jumei/com.jm.android.jmconnection.receiver.JMConnectionChangeReceiver m=0x108000}]
06-23 07:01:21.718  3628  3776 I am_broadcast_discard_app: [0,114257396,android.net.conn.CONNECTIVITY_CHANGE,76,ResolveInfo{929b57b com.lesports.glivesports/com.igexin.sdk.PushReceiver m=0x108000}]
06-23 07:01:21.718  3628  3776 I am_broadcast_discard_app: [0,114257396,android.net.conn.CONNECTIVITY_CHANGE,77,ResolveInfo{42fef98 com.lesports.glivesports/com.igexin.download.DownloadReceiver m=0x108000}]
06-23 07:01:21.720  3628  3776 I am_broadcast_discard_app: [0,114257396,android.net.conn.CONNECTIVITY_CHANGE,83,ResolveInfo{af983f1 com.microfundrn/com.igexin.sdk.PushReceiver m=0x108000}]
06-23 07:01:21.721  3628  3776 I am_broadcast_discard_app: [0,114257396,android.net.conn.CONNECTIVITY_CHANGE,84,ResolveInfo{fd6cbd6 com.microfundrn/com.igexin.download.DownloadReceiver m=0x108000}]
06-23 07:01:21.722  3628  3776 I am_broadcast_discard_app: [0,114257396,android.net.conn.CONNECTIVITY_CHANGE,85,ResolveInfo{e142e57 com.microfundrn/com.bugtags.library.BugtagsReceiver m=0x108000}]
06-23 07:01:21.722  3628  3776 I am_broadcast_discard_app: [0,114257396,android.net.conn.CONNECTIVITY_CHANGE,88,ResolveInfo{3006d44 com.netease.mail/com.youdao.sdk.common.YouDaoTrackerReceiver m=0x108000}]
06-23 07:01:21.723  3628  3776 I am_broadcast_discard_app: [0,114257396,android.net.conn.CONNECTIVITY_CHANGE,89,ResolveInfo{f116e2d com.netease.mail/com.igexin.sdk.PushReceiver m=0x108000}]
06-23 07:01:21.725  3628  3776 I am_broadcast_discard_app: [0,114257396,android.net.conn.CONNECTIVITY_CHANGE,90,ResolveInfo{dcbcf62 com.netease.mail/com.igexin.download.DownloadReceiver m=0x108000}]
06-23 07:01:21.725  3628  3776 I am_broadcast_discard_app: [0,114257396,android.net.conn.CONNECTIVITY_CHANGE,91,ResolveInfo{c358f3 com.nfyg.hsbb/com.igexin.sdk.PushReceiver m=0x108000}]
06-23 07:01:21.726  3628  3776 I am_broadcast_discard_app: [0,114257396,android.net.conn.CONNECTIVITY_CHANGE,92,ResolveInfo{73919b0 com.nfyg.hsbb/com.igexin.download.DownloadReceiver m=0x108000}]
06-23 07:01:21.727  3628  3776 I am_broadcast_discard_app: [0,114257396,android.net.conn.CONNECTIVITY_CHANGE,93,ResolveInfo{743c029 com.nfyg.hsbb/cn.jpush.android.service.PushReceiver m=0x108000}]
06-23 07:01:21.728  3628  3776 I am_broadcast_discard_app: [0,114257396,android.net.conn.CONNECTIVITY_CHANGE,94,ResolveInfo{51b7fae com.nfyg.hsbb/com.wifi8.x.core.download.net.NetStatusReceiver m=0x108000}]
06-23 07:01:21.728  3628  3776 I am_broadcast_discard_app: [0,114257396,android.net.conn.CONNECTIVITY_CHANGE,95,ResolveInfo{c30914f com.pplive.androidphone/.ui.widget.WidgetNew m=0x108000}]
06-23 07:01:21.729  3628  3776 I am_broadcast_discard_app: [0,114257396,android.net.conn.CONNECTIVITY_CHANGE,96,ResolveInfo{f0e20dc com.pplive.androidphone/.ui.unicom.UnicomReceiver m=0x108000}]
06-23 07:01:21.729  3628  3776 I am_broadcast_discard_app: [0,114257396,android.net.conn.CONNECTIVITY_CHANGE,97,ResolveInfo{d2f35e5 com.pplive.androidphone/.push.getui.PushReceiver m=0x108000}]
06-23 07:01:21.730  3628  3776 I am_broadcast_discard_app: [0,114257396,android.net.conn.CONNECTIVITY_CHANGE,98,ResolveInfo{3a3e8ba com.pplive.androidphone/com.igexin.sdk.PushReceiver m=0x108000}]
06-23 07:01:21.731  3628  3776 I am_broadcast_discard_app: [0,114257396,android.net.conn.CONNECTIVITY_CHANGE,99,ResolveInfo{78ef36b com.pplive.androidphone/com.igexin.download.DownloadReceiver m=0x108000}]
06-23 07:01:21.731  3628  3776 I am_broadcast_discard_app: [0,114257396,android.net.conn.CONNECTIVITY_CHANGE,100,ResolveInfo{5ca6ec8 com.pplive.androidphone/com.pplive.pushmsgsdk.SdkReceiver m=0x108000}]
06-23 07:01:21.731  3628  3776 I am_broadcast_discard_app: [0,114257396,android.net.conn.CONNECTIVITY_CHANGE,101,ResolveInfo{ba24b61 com.pplive.androidphone/io.rong.push.PushReceiver m=0x108000}]
06-23 07:01:21.732  3628  3776 I am_broadcast_discard_app: [0,114257396,android.net.conn.CONNECTIVITY_CHANGE,113,ResolveInfo{517d686 com.sdu.didi.psnger/com.igexin.download.DownloadReceiver m=0x108000}]
06-23 07:01:21.734  3628  4870 I am_proc_died: [0,8824,com.vivo.findphone]
06-23 07:01:21.781  3628  4898 I notification_visibility: [0|com.tencent.mm|4098|null|10133,1,900,900,0,1]
06-23 07:01:21.783  3628  3776 I am_broadcast_discard_app: [0,114257396,android.net.conn.CONNECTIVITY_CHANGE,122,ResolveInfo{e7baf74 com.ss.android.article.lite/com.ss.android.message.MessageReceiver m=0x108000}]
06-23 07:01:21.783  3628  3776 I am_broadcast_discard_app: [0,114257396,android.net.conn.CONNECTIVITY_CHANGE,123,ResolveInfo{1d73c9d com.ss.android.article.lite/com.taobao.accs.EventReceiver m=0x108000}]
06-23 07:01:21.784  3628  3776 I am_broadcast_discard_app: [0,114257396,android.net.conn.CONNECTIVITY_CHANGE,124,ResolveInfo{b8ad512 com.ss.android.article.lite/com.huawei.android.pushagent.PushBootReceiver m=0x108000}]
06-23 07:01:21.784  3628  3776 I am_broadcast_discard_app: [0,114257396,android.net.conn.CONNECTIVITY_CHANGE,125,ResolveInfo{4f464e3 com.ss.android.article.lite/com.ss.android.download.DownloadReceiver m=0x108000}]
06-23 07:01:21.785  3628  3776 I am_broadcast_discard_app: [0,114257396,android.net.conn.CONNECTIVITY_CHANGE,126,ResolveInfo{d5e4ee0 com.taobao.taobao/com.taobao.accs.EventReceiver m=0x108000}]
06-23 07:01:21.826  3628  4863 I am_broadcast_discard_app: [0,114257396,android.net.conn.CONNECTIVITY_CHANGE,128,ResolveInfo{e700599 com.tencent.mtt/.browser.push.service.ConnectivityReceiver m=0x108000}]
06-23 07:01:21.827  3628  3776 I am_broadcast_discard_app: [0,114257396,android.net.conn.CONNECTIVITY_CHANGE,129,ResolveInfo{4bd305e com.tencent.news/com.huawei.android.pushagent.PushBootReceiver m=0x108000}]
06-23 07:01:21.828  3628  3776 I am_broadcast_discard_app: [0,114257396,android.net.conn.CONNECTIVITY_CHANGE,130,ResolveInfo{ffe6c3f com.tencent.news/com.taobao.accs.EventReceiver m=0x108000}]
06-23 07:01:21.829  3628  3776 I am_broadcast_discard_app: [0,114257396,android.net.conn.CONNECTIVITY_CHANGE,131,ResolveInfo{c09790c com.xiaoming.bike/com.igexin.sdk.PushReceiver m=0x108000}]
06-23 07:01:21.829  3628  3776 I am_broadcast_discard_app: [0,114257396,android.net.conn.CONNECTIVITY_CHANGE,132,ResolveInfo{e326255 com.xiaoming.bike/com.igexin.download.DownloadReceiver m=0x108000}]
06-23 07:01:21.830  3628  3776 I am_broadcast_discard_app: [0,114257396,android.net.conn.CONNECTIVITY_CHANGE,133,ResolveInfo{827f46a com.ximalaya.fm.android/com.ximalaya.ting.android.broadcast.GlobalBroadcastReceiver m=0x108000}]
06-23 07:01:21.831  3628  3776 I am_broadcast_discard_app: [0,114257396,android.net.conn.CONNECTIVITY_CHANGE,134,ResolveInfo{9778d5b com.ximalaya.fm.android/com.baidu.android.pushservice.PushServiceReceiver m=0x108000}]
06-23 07:01:21.835  3628  3776 I am_broadcast_discard_app: [0,114257396,android.net.conn.CONNECTIVITY_CHANGE,135,ResolveInfo{45b19f8 com.ximalaya.fm.android/com.igexin.sdk.PushReceiver m=0x108000}]
06-23 07:01:21.835  3628  3776 I am_broadcast_discard_app: [0,114257396,android.net.conn.CONNECTIVITY_CHANGE,136,ResolveInfo{a83ced1 com.ximalaya.fm.android/com.igexin.download.DownloadReceiver m=0x108000}]
06-23 07:01:21.836  3628  3776 I am_broadcast_discard_app: [0,114257396,android.net.conn.CONNECTIVITY_CHANGE,137,ResolveInfo{9c8ed36 com.ximalaya.ting.android/.host.receiver.NetWorkChangeReceiver m=0x108000}]
06-23 07:01:21.837  3628  3776 I am_broadcast_discard_app: [0,114257396,android.net.conn.CONNECTIVITY_CHANGE,138,ResolveInfo{97a437 com.ximalaya.ting.android/com.igexin.download.DownloadReceiver m=0x108000}]
06-23 07:01:21.837  3628  3776 I am_broadcast_discard_app: [0,114257396,android.net.conn.CONNECTIVITY_CHANGE,139,ResolveInfo{e23dda4 com.ximalaya.ting.android/com.sina.util.dnscache.net.networktype.NetworkStateReceiver m=0x108000}]
06-23 07:01:21.838  3628  3776 I am_broadcast_discard_app: [0,114257396,android.net.conn.CONNECTIVITY_CHANGE,140,ResolveInfo{3a5870d ctrip.android.view/ctrip.base.component.connect.NetworkConnectReceiver m=0x108000}]
06-23 07:01:21.983  3628  7867 I am_wtf  : [0,3628,system_server,-1,ActivityManager,Sending non-protected broadcast com.vivo.behavior.alarm from system 5557:com.vivo.abe/1000 pkg com.vivo.abe]
06-23 07:01:21.984  3628  7867 I am_wtf  : [0,3628,system_server,-1,ActivityManager,Sending non-protected broadcast com.vivo.behavior.alarm from system 5557:com.vivo.abe/1000 pkg com.vivo.abe]
06-23 07:01:22.082  3628  4838 I am_proc_start: [0,8893,99000,com.vivo.browser:sandboxed_process0,service,com.vivo.browser/org.chromium.content.app.SandboxedProcessService0]
06-23 07:01:22.104  3628  4870 I am_broadcast_discard_app: [0,265213243,android.net.wifi.RSSI_CHANGED,0,ResolveInfo{6aaf458 com.sdu.didi.psnger/com.didi.sdk.receiver.WifiReceiver m=0x108000}]
06-23 07:01:22.118  3628  4890 I am_proc_bound: [0,8893,com.vivo.browser:sandboxed_process0]
06-23 07:01:22.193  3628  4863 I am_proc_died: [0,8639,com.vivo.game]
06-23 07:01:22.194  3628  4863 I am_schedule_service_restart: [0,com.vivo.game/.update.GameReceiverService,1000]
06-23 07:01:22.198  3628  3775 I am_pss  : [6791,1000,com.qualcomm.display,2980864,2347008,0]
06-23 07:01:22.346  3628  3760 I am_stop_activity: [0,125833790,com.bbk.launcher2/.Launcher]
06-23 07:01:22.348  3628  3760 I am_destroy_activity: [0,91749703,4,com.vivo.browser/.BrowserActivity,finish-imm]
06-23 07:01:22.378  5739  5739 I am_on_stop_called: [0,com.bbk.launcher2.Launcher,handleStopActivity]
06-23 07:01:22.408   511   511 I sf_frame_dur: [com.bbk.launcher2/com.bbk.launcher2.Launcher,34,1,0,1,2,1,6]
06-23 07:01:22.424  3628  4835 I am_broadcast_discard_app: [0,160248977,android.net.wifi.RSSI_CHANGED,0,ResolveInfo{49bff6 com.sdu.didi.psnger/com.didi.sdk.receiver.WifiReceiver m=0x108000}]
06-23 07:01:22.508  4787  4798 I contacts_aggregation: [1498172482508,-30]
06-23 07:01:22.516  4787  4798 I contacts_aggregation: [8,30]
06-23 07:01:22.548  3628  4919 I am_broadcast_discard_app: [0,12587686,android.net.wifi.RSSI_CHANGED,0,ResolveInfo{9dab4e7 com.sdu.didi.psnger/com.didi.sdk.receiver.WifiReceiver m=0x108000}]
06-23 07:01:22.639  3628  4874 I am_broadcast_discard_app: [0,114790969,android.net.wifi.RSSI_CHANGED,0,ResolveInfo{96cd07e com.sdu.didi.psnger/com.didi.sdk.receiver.WifiReceiver m=0x108000}]
06-23 07:01:22.666  3628  4919 I am_proc_start: [0,8936,10093,com.android.camera,broadcast,com.android.camera/.PreloadCameraReceiver]
06-23 07:01:22.712  3628  4870 I am_proc_bound: [0,8936,com.android.camera]
06-23 07:01:22.889  3628  4898 I notification_cancel_all: [10093,8936,com.android.camera,0,0,64,9,NULL]
06-23 07:01:22.997  3628  3775 I am_pss  : [6863,10133,com.tencent.mm:tools,23852032,15110144,0]
06-23 07:01:23.158  3628  3628 I notification_enqueue: [10030,8014,com.bbk.appstore,100000,NULL,0,Notification(pri=0 contentView=com.bbk.appstore/0x7f030091 vibrate=null sound=null defaults=0x0 flags=0x10 color=0x00000000 vis=PRIVATE),0]
06-23 07:01:23.190  3628  3762 I notification_autogrouped: 0|com.bbk.appstore|100000|null|10030
06-23 07:01:23.190  3628  3628 I notification_enqueue: [10030,8014,com.bbk.appstore,2147483647,group_key_override,0,Notification(pri=0 contentView=null vibrate=null sound=null defaults=0x0 flags=0x700 color=0x00000000 groupKey=ranker_bundle vis=PRIVATE),0]
06-23 07:01:23.197  3628  4922 I notification_autogrouped: 0|com.bbk.appstore|100000|null|10030
06-23 07:01:23.444  3628  3775 I am_pss  : [6923,1000,com.vivo.permissionmanager,30913536,23420928,0]
06-23 07:01:23.446  3628  4880 I battery_level: [65,3891,307]
06-23 07:01:23.459  3628  3775 I am_pss  : [6899,1000,com.android.fuelsummary,3577856,2764800,0]
06-23 07:01:23.521  3628  3776 I am_wtf  : [0,3628,system_server,-1,KernelWakelockReader,neither /proc/wakelocks nor /d/wakeup_sources exists]
06-23 07:01:23.766  4787  4958 I contacts_aggregation: [1498172483766,-30]
06-23 07:01:23.773  4787  4958 I contacts_aggregation: [7,30]
06-23 07:01:23.792  3628  3775 I am_pss  : [7000,1000,com.qualcomm.qti.qs,3331072,2613248,0]
06-23 07:01:23.874  3628  3762 I notification_visibility: [0|com.tencent.mm|4098|null|10133,0,2993,2993,0,1]
06-23 07:01:23.875  3628  7864 I notification_panel_hidden: []
06-23 07:01:23.916  3628  7867 I am_create_task: [0,5]
06-23 07:01:23.916  3628  7867 I am_create_activity: [0,70900663,5,com.tencent.mm/.ui.LauncherUI,NULL,NULL,NULL,872415232]
06-23 07:01:23.919  3628  7866 I notification_expansion: [0|com.tencent.mm|4098|null|10133,0,0,3038,3038,2138]
06-23 07:01:23.920  3628  7867 I wm_task_created: [5,1]
06-23 07:01:23.921  3628  7867 I wm_task_moved: [5,1,1]
06-23 07:01:23.921  3628  7867 I wm_task_moved: [5,1,1]
06-23 07:01:23.922  3628  7867 I am_focused_activity: [0,com.tencent.mm/.ui.LauncherUI,startedActivity]
06-23 07:01:23.939  3628  7867 I am_pause_activity: [0,154845053,com.vivo.browser/.MainActivity]
06-23 07:01:23.942  3628  7867 I sysui_action: [323,com.tencent.mm/.ui.LauncherUI]
06-23 07:01:23.942  3628  7867 I sysui_action: [324,true]
06-23 07:01:23.942  3628  7867 I sysui_action: [325,61]
06-23 07:01:23.947  3628  4874 I notification_clicked: [0|com.tencent.mm|4098|null|10133,3066,3066,2166]
06-23 07:01:23.950  3628  3628 I sysui_histogram: [note_click_longevity,0]
06-23 07:01:23.953  8576  8576 I am_on_paused_called: [0,com.vivo.browser.MainActivity,handlePauseActivity]
06-23 07:01:23.983  3628  4916 I am_restart_activity: [0,70900663,5,com.tencent.mm/.ui.LauncherUI]
06-23 07:01:23.990  3628  3776 I sysui_count: [window_time_0,4]
06-23 07:01:24.273  3628  3628 I notification_canceled: [0|com.tencent.mm|4098|null|10133,8,3392,3392,2492]
06-23 07:01:24.280  3628  4880 I notification_canceled: [0|com.tencent.mm|2147483647|group_key_override|10133|ranker_bundle,16,3391,3391,0]
06-23 07:01:24.327  5932  5932 I am_on_resume_called: [0,com.tencent.mm.ui.LauncherUI,LAUNCH_ACTIVITY]
06-23 07:01:24.400  3628  3776 I am_broadcast_discard_app: [0,31413952,android.net.wifi.RSSI_CHANGED,0,ResolveInfo{1069ff9 com.sdu.didi.psnger/com.didi.sdk.receiver.WifiReceiver m=0x108000}]
06-23 07:01:24.631  3628  3775 I am_pss  : [8240,10081,com.vivo.safecenter,6350848,4808704,0]
06-23 07:01:26.008  3628  3807 I sysui_action: [320,2]
06-23 07:01:26.008  3628  3807 I sysui_action: [319,2121]
06-23 07:01:26.008  3628  3807 I sysui_action: [322,2121]
06-23 07:01:26.008  3628  3807 I am_activity_launch_time: [0,70900663,com.tencent.mm/.ui.LauncherUI,2042,2042]
06-23 07:01:26.048   511   511 I sf_frame_dur: [com.vivo.browser/com.vivo.browser.MainActivity,70,1,2,1,1,3,0]
06-23 07:01:26.143  3628  3775 I am_pss  : [5831,10011,android.process.media,33693696,32223232,0]
06-23 07:01:26.284  3628  3776 I am_broadcast_discard_app: [0,258633576,com.tencent.mm.plugin.openapi.Intent.ACTION_REFRESH_WXAPP,1,ResolveInfo{b34f81 cn.wps.moffice_eng/cn.wps.moffice.main.membershipshell.AppRegister m=0x108000}]
06-23 07:01:26.286  3628  3776 I am_broadcast_discard_app: [0,258633576,com.tencent.mm.plugin.openapi.Intent.ACTION_REFRESH_WXAPP,2,ResolveInfo{d585826 com.anjuke.android.app/.wxapi.AppRegister m=0x108000}]
06-23 07:01:26.334  3628  7867 I am_stop_activity: [0,154845053,com.vivo.browser/.MainActivity]
06-23 07:01:26.342  8576  8576 I am_on_stop_called: [0,com.vivo.browser.MainActivity,handleStopActivity]
06-23 07:01:26.565  3628  3775 I am_pss  : [7342,1000,com.qualcomm.qti.appnetaccess,3312640,2617344,0]
06-23 07:01:26.928  3628  3775 I am_pss  : [7370,10028,com.vivo.audiofx,4222976,3334144,0]
06-23 07:01:26.932  3628  3760 I am_proc_died: [0,8348,com.vivo.space]
06-23 07:01:27.146  3628  3775 I am_pss  : [7418,1000,com.vivo.abe:pushservice_v1,12938240,9760768,0]
06-23 07:01:27.415  3628  3776 I am_broadcast_discard_app: [0,140808981,android.net.wifi.RSSI_CHANGED,0,ResolveInfo{ee1362a com.sdu.didi.psnger/com.didi.sdk.receiver.WifiReceiver m=0x108000}]
06-23 07:01:27.933  3628  3775 I am_pss  : [7597,1000,org.simalliance.openmobileapi.service:remote,3742720,2879488,0]
06-23 07:01:28.144  3628  3775 I am_pss  : [7655,10171,com.sie.mp:pushservice,75863040,62627840,0]
06-23 07:01:30.436  3628  3776 I am_broadcast_discard_app: [0,238324470,android.net.wifi.RSSI_CHANGED,0,ResolveInfo{efa4ef7 com.sdu.didi.psnger/com.didi.sdk.receiver.WifiReceiver m=0x108000}]
06-23 07:01:30.453  3628  3775 I am_pss  : [5786,1000,com.android.bbklog,9350144,8126464,0]
06-23 07:01:30.470  3628  3775 I am_pss  : [6657,10063,com.iqoo.secure:remote,20012032,17805312,0]
06-23 07:01:31.942  3628  3775 I am_pss  : [7920,1000,com.volte.config,4379648,3522560,0]
06-23 07:01:33.459  3628  3776 I am_broadcast_discard_app: [0,181108186,android.net.wifi.RSSI_CHANGED,0,ResolveInfo{999320b com.sdu.didi.psnger/com.didi.sdk.receiver.WifiReceiver m=0x108000}]
06-23 07:01:36.481  3628  3776 I am_broadcast_discard_app: [0,262595559,android.net.wifi.RSSI_CHANGED,0,ResolveInfo{f299b94 com.sdu.didi.psnger/com.didi.sdk.receiver.WifiReceiver m=0x108000}]
06-23 07:01:36.539  3628  3775 I am_pss  : [5932,10133,com.tencent.mm,137462784,120365056,0]
06-23 07:01:38.486  3628  3776 I am_kill : [0,6154,com.vivo.msgpush,906,empty #17]
06-23 07:01:38.504  3628  3775 I am_pss  : [7578,1000,org.simalliance.openmobileapi.service,3161088,2326528,0]
06-23 07:01:38.506  3628  7865 I am_proc_died: [0,6154,com.vivo.msgpush]
06-23 07:01:38.518  3628  3775 I am_pss  : [7552,1001,org.codeaurora.ims,3397632,2506752,0]
06-23 07:01:39.514  3628  3776 I am_broadcast_discard_app: [0,164551936,android.net.wifi.RSSI_CHANGED,0,ResolveInfo{26a4939 com.sdu.didi.psnger/com.didi.sdk.receiver.WifiReceiver m=0x108000}]
06-23 07:01:39.518  3628  3776 I am_kill : [0,8049,com.mobiletools.systemhelper:register,906,empty #17]
06-23 07:01:39.587  3628  7867 I am_proc_died: [0,8049,com.mobiletools.systemhelper:register]
06-23 07:01:41.485  3628  4418 I wm_task_moved: [5,1,1]
06-23 07:01:41.485  3628  4418 I am_create_activity: [0,78035838,5,com.tencent.mm/.ui.chatting.gallery.ImageGalleryUI,NULL,NULL,NULL,0]
06-23 07:01:41.486  3628  4418 I wm_task_moved: [5,1,1]
06-23 07:01:41.487  3628  4418 I am_focused_activity: [0,com.tencent.mm/.ui.chatting.gallery.ImageGalleryUI,startedActivity]
06-23 07:01:41.488  3628  4418 I am_pause_activity: [0,70900663,com.tencent.mm/.ui.LauncherUI]
06-23 07:01:41.541  5932  5932 I am_on_paused_called: [0,com.tencent.mm.ui.LauncherUI,handlePauseActivity]
06-23 07:01:41.555  3628  3762 I am_restart_activity: [0,78035838,5,com.tencent.mm/.ui.chatting.gallery.ImageGalleryUI]
06-23 07:01:41.559  3628  3776 I sysui_count: [window_time_0,18]
06-23 07:01:41.652  5932  5932 I am_on_resume_called: [0,com.tencent.mm.ui.chatting.gallery.ImageGalleryUI,LAUNCH_ACTIVITY]
06-23 07:01:41.794  3628  3807 I am_activity_launch_time: [0,78035838,com.tencent.mm/.ui.chatting.gallery.ImageGalleryUI,250,250]
06-23 07:01:42.304  3628  3776 I am_kill : [0,7552,org.codeaurora.ims,906,empty #17]
06-23 07:01:42.346  3628  7867 I am_proc_died: [0,7552,org.codeaurora.ims]
06-23 07:01:42.523  3628  3776 I am_broadcast_discard_app: [0,267246805,android.net.wifi.RSSI_CHANGED,0,ResolveInfo{34e1cea com.sdu.didi.psnger/com.didi.sdk.receiver.WifiReceiver m=0x108000}]
06-23 07:01:42.773  3628  3775 I am_pss  : [8098,1000,com.vivo.networkimprove,3790848,3100672,0]
06-23 07:01:42.803  3628  3775 I am_pss  : [7610,10171,com.sie.mp,28199936,22024192,0]
06-23 07:01:43.665  3628  3628 I free_storage_changed: 30607380480
06-23 07:01:44.173  3628  7865 I am_finish_activity: [0,78035838,5,com.tencent.mm/.ui.chatting.gallery.ImageGalleryUI,app-request]
06-23 07:01:44.174  3628  7865 I wm_task_moved: [5,1,1]
06-23 07:01:44.176  3628  7865 I am_focused_activity: [0,com.tencent.mm/.ui.LauncherUI,finishActivity adjustFocus]
06-23 07:01:44.176  3628  7865 I am_pause_activity: [0,78035838,com.tencent.mm/.ui.chatting.gallery.ImageGalleryUI]
06-23 07:01:44.193  5932  5932 I am_on_paused_called: [0,com.tencent.mm.ui.chatting.gallery.ImageGalleryUI,handlePauseActivity]
06-23 07:01:44.205  3628  4208 I am_resume_activity: [0,70900663,5,com.tencent.mm/.ui.LauncherUI]
06-23 07:01:44.236   511   511 I sf_frame_dur: [com.tencent.mm/com.tencent.mm.ui.chatting.gallery.ImageGalleryUI,28,2,2,0,0,0,1]
06-23 07:01:44.247  3628  3775 I am_pss  : [6346,10133,com.tencent.mm:push,24759296,17723392,0]
06-23 07:01:44.317  5932  5932 I am_on_resume_called: [0,com.tencent.mm.ui.LauncherUI,RESUME_ACTIVITY]
06-23 07:01:44.467  3628  7863 I am_destroy_activity: [0,78035838,5,com.tencent.mm/.ui.chatting.gallery.ImageGalleryUI,finish-idle]
06-23 07:01:44.474  5932  5932 I am_on_stop_called: [0,com.tencent.mm.ui.chatting.gallery.ImageGalleryUI,destroy]
06-23 07:01:45.551  3628  3776 I am_broadcast_discard_app: [0,3416708,android.net.wifi.RSSI_CHANGED,0,ResolveInfo{ecf1a6d com.sdu.didi.psnger/com.didi.sdk.receiver.WifiReceiver m=0x108000}]
06-23 07:01:46.259  3628  3775 I am_pss  : [7787,10133,com.tencent.mm:exdevice,23417856,14495744,0]
06-23 07:01:46.277  3628  3775 I am_pss  : [8192,10024,com.android.systemui:screenshot,14610432,7778304,0]
06-23 07:01:48.578  3628  3776 I am_broadcast_discard_app: [0,33524462,android.net.wifi.RSSI_CHANGED,0,ResolveInfo{836db8f com.sdu.didi.psnger/com.didi.sdk.receiver.WifiReceiver m=0x108000}]
06-23 07:01:48.635  3628  3775 I am_pss  : [8576,10025,com.vivo.browser,86541312,65392640,0]
06-23 07:01:48.656  3628  3775 I am_pss  : [8893,99000,com.vivo.browser:sandboxed_process0,18358272,12111872,0]
06-23 07:01:48.676  3628  3775 I am_pss  : [8014,10030,com.bbk.appstore,14510080,12697600,0]
06-23 07:01:48.698  3628  3775 I am_pss  : [5739,10034,com.bbk.launcher2,69761024,61943808,0]
06-23 07:01:48.712  3628  3775 I am_pss  : [5609,1000,com.vivo.doubleinstance,4674560,3743744,0]
06-23 07:01:48.735  3628  3775 I am_pss  : [8506,10133,com.tencent.mm:appbrand0,40291328,21884928,0]
06-23 07:01:48.748  3628  3775 I am_pss  : [8484,10037,com.android.notes,4373504,3649536,0]
06-23 07:01:48.762  3628  3775 I am_pss  : [8467,1000,com.qualcomm.timeservice,2822144,2150400,0]
06-23 07:01:48.777  3628  3775 I am_pss  : [8453,1000,com.android.BBKCrontab,3379200,2691072,0]
06-23 07:01:48.791  3628  3775 I am_pss  : [8436,1000,com.iqoo.powersaving,3907584,3186688,0]
06-23 07:01:48.805  3628  3775 I am_pss  : [8423,1000,com.android.timerswitch,3390464,2682880,0]
06-23 07:01:49.450  3628  3775 I am_pss  : [4787,10002,android.process.acore,25427968,23007232,0]
06-23 07:01:49.469  3628  3775 I am_pss  : [8553,10045,com.vivo.weather.provider,9255936,8482816,0]
06-23 07:01:50.051  3628  3775 I am_pss  : [7112,10016,com.android.mms,47958016,46305280,0]
06-23 07:01:51.590  3628  3776 I am_broadcast_discard_app: [0,112649877,android.net.wifi.RSSI_CHANGED,0,ResolveInfo{25fc3aa com.sdu.didi.psnger/com.didi.sdk.receiver.WifiReceiver m=0x108000}]
06-23 07:01:52.515  3628  3775 I am_pss  : [7983,10107,com.vivo.widget.calendar,4298752,3407872,0]
06-23 07:01:52.549  3628  3775 I am_pss  : [8001,10004,com.android.providers.calendar,4928512,4112384,0]
06-23 07:01:53.863  3628  3775 I am_pss  : [8936,10093,com.android.camera,13740032,10211328,0]
06-23 07:01:54.605  3628  3776 I am_broadcast_discard_app: [0,18849541,android.net.wifi.RSSI_CHANGED,0,ResolveInfo{fc86b5a com.sdu.didi.psnger/com.didi.sdk.receiver.WifiReceiver m=0x108000}]
06-23 07:01:57.631  3628  3776 I am_broadcast_discard_app: [0,162243299,android.net.wifi.RSSI_CHANGED,0,ResolveInfo{847b4e0 com.sdu.didi.psnger/com.didi.sdk.receiver.WifiReceiver m=0x108000}]
06-23 07:02:00.657  3628  3776 I am_broadcast_discard_app: [0,179249984,android.net.wifi.RSSI_CHANGED,0,ResolveInfo{ccfb279 com.sdu.didi.psnger/com.didi.sdk.receiver.WifiReceiver m=0x108000}]
06-23 07:02:02.459  3628  3775 I am_pss  : [8362,10077,com.android.printspooler,3449856,2695168,0]
06-23 07:02:03.667  3628  3776 I am_broadcast_discard_app: [0,164640689,android.net.wifi.RSSI_CHANGED,0,ResolveInfo{285d496 com.sdu.didi.psnger/com.didi.sdk.receiver.WifiReceiver m=0x108000}]
06-23 07:02:06.697  3628  3776 I am_broadcast_discard_app: [0,83860973,android.net.wifi.RSSI_CHANGED,0,ResolveInfo{542a422 com.sdu.didi.psnger/com.didi.sdk.receiver.WifiReceiver m=0x108000}]
06-23 07:02:07.066  3628  4079 I am_wtf  : [0,3628,system_server,-1,ActivityManager,Sending non-protected broadcast com.vivo.daemonService.AlarmPkgSync.a from system uid 1000 pkg com.vivo.daemonService]
06-23 07:02:07.070  3628  4079 I am_wtf  : [0,3628,system_server,-1,ActivityManager,Sending non-protected broadcast com.vivo.daemonService.AlarmPkgSync.lowMemory from system uid 1000 pkg com.vivo.daemonService]
06-23 07:02:07.072  3628  4079 I am_wtf  : [0,3628,system_server,-1,ActivityManager,Sending non-protected broadcast com.vivo.daemonService.AlarmPkgSync.Speed from system uid 1000 pkg com.vivo.daemonService]
06-23 07:02:07.077  3628  4079 I am_wtf  : [0,3628,system_server,-1,ActivityManager,Sending non-protected broadcast com.vivo.daemonService.uc.read.game from system uid 1000 pkg com.vivo.daemonService]
06-23 07:02:07.080  3628  4079 I am_wtf  : [0,3628,system_server,-1,ActivityManager,Sending non-protected broadcast com.vivo.daemonService.uc.read.alarm from system uid 1000 pkg com.vivo.daemonService]
06-23 07:02:09.713  3628  3776 I am_broadcast_discard_app: [0,61791106,android.net.wifi.RSSI_CHANGED,0,ResolveInfo{e14293 com.sdu.didi.psnger/com.didi.sdk.receiver.WifiReceiver m=0x108000}]
06-23 07:02:12.725  3628  3776 I am_broadcast_discard_app: [0,83045838,android.net.wifi.RSSI_CHANGED,0,ResolveInfo{ed374ef com.sdu.didi.psnger/com.didi.sdk.receiver.WifiReceiver m=0x108000}]
06-23 07:02:15.752  3628  3776 I am_broadcast_discard_app: [0,85481690,android.net.wifi.RSSI_CHANGED,0,ResolveInfo{90c710b com.sdu.didi.psnger/com.didi.sdk.receiver.WifiReceiver m=0x108000}]
06-23 07:02:18.776  3628  3776 I am_broadcast_discard_app: [0,36907174,android.net.wifi.RSSI_CHANGED,0,ResolveInfo{c8f12e7 com.sdu.didi.psnger/com.didi.sdk.receiver.WifiReceiver m=0x108000}]
06-23 07:02:21.802  3628  3776 I am_broadcast_discard_app: [0,81340722,android.net.wifi.RSSI_CHANGED,0,ResolveInfo{9aff683 com.sdu.didi.psnger/com.didi.sdk.receiver.WifiReceiver m=0x108000}]
06-23 07:02:24.827  3628  3776 I am_broadcast_discard_app: [0,124561022,android.net.wifi.RSSI_CHANGED,0,ResolveInfo{77177df com.sdu.didi.psnger/com.didi.sdk.receiver.WifiReceiver m=0x108000}]
06-23 07:02:27.853  3628  3776 I am_broadcast_discard_app: [0,10466043,android.net.wifi.RSSI_CHANGED,0,ResolveInfo{5a9df18 com.sdu.didi.psnger/com.didi.sdk.receiver.WifiReceiver m=0x108000}]
06-23 07:02:29.027   511   511 I sf_frame_dur: [InputMethod,131,14,34,45,33,4,4]
