06-22 23:40:10.618  3004  4647 I am_kill : [0,8019,com.vivo.audiofx,800,stop com.vivo.audiofx]
06-22 23:40:10.618  3004  4647 I am_schedule_service_restart: [0,com.vivo.audiofx/.AudioFxService,60701]
06-22 23:40:10.620  3004  3004 I notification_cancel_all: [1000,3004,com.baidu.BaiduMap,0,0,0,5,NULL]
06-22 23:40:10.627  3004 23747 I am_kill : [0,30592,com.volte.config,904,stop com.volte.config]
06-22 23:40:10.628  3004 23747 I am_schedule_service_restart: [0,com.volte.config/.call.ConfigService,60692]
06-22 23:40:10.633  3004  3004 I notification_cancel_all: [1000,3004,com.bbk.facewake,0,0,0,5,NULL]
06-22 23:40:10.633  3004  8331 I am_kill : [0,4664,com.android.settings,0,stop com.qualcomm.qti.simsettings]
06-22 23:40:10.651  3004  4854 I am_proc_start: [0,24176,10004,com.android.providers.calendar,content provider,com.android.providers.calendar/.CalendarProvider2]
06-22 23:40:10.656  3004  3295 I am_kill : [0,7263,com.qualcomm.display,906,stop com.qualcomm.svi]
06-22 23:40:10.656  3004  3295 I am_schedule_service_restart: [0,com.qualcomm.cabl/.CABLService,60663]
06-22 23:40:10.657  3004  3295 I am_schedule_service_restart: [0,com.qualcomm.svi/.SVIService,70663]
06-22 23:40:10.669  3004 23745 I am_broadcast_discard_app: [0,193573500,android.intent.action.PACKAGE_RESTARTED,5,ResolveInfo{dad89f1 com.tencent.android.qqdownloader/com.qq.AppService.APKReceiver m=0x208000}]
06-22 23:40:10.670   511   511 I sf_frame_dur: [com.vivo.upslide/com.vivo.upslide.recents.RecentsActivity,47,3,1,2,1,0,0]
06-22 23:40:10.670  3004  3004 I notification_cancel_all: [1000,3004,com.android.providers.calendar,0,0,0,5,NULL]
06-22 23:40:10.676  3004  8333 I am_proc_bound: [0,24176,com.android.providers.calendar]
06-22 23:40:10.690  3004 24041 I am_proc_start: [0,24189,10064,com.bbk.iqoo.logsystem,content provider,com.bbk.iqoo.logsystem/.db.CommonProvider]
06-22 23:40:10.696  3004  3562 I am_broadcast_discard_app: [0,246459204,android.intent.action.PACKAGE_RESTARTED,0,ResolveInfo{fffd42d com.tencent.android.qqdownloader/com.tencent.assistant.localres.localapk.PackageChangedReceiver p=2147483647 m=0x208000}]
06-22 23:40:10.697  3004  3004 I notification_cancel_all: [1000,3004,com.vivo.numbermark,0,0,0,5,NULL]
06-22 23:40:10.709  3004  8339 I am_proc_bound: [0,24189,com.bbk.iqoo.logsystem]
06-22 23:40:10.714  3004  3004 I notification_cancel_all: [1000,3004,com.qualcomm.qti.appnetaccess,0,0,0,5,NULL]
06-22 23:40:10.716  3004  3004 I notification_cancel_all: [1000,3004,com.android.fuelsummary,0,0,0,5,NULL]
06-22 23:40:10.717  3004  4748 I am_broadcast_discard_app: [0,246459204,android.intent.action.PACKAGE_RESTARTED,5,ResolveInfo{fb28629 com.tencent.android.qqdownloader/com.qq.AppService.APKReceiver m=0x208000}]
06-22 23:40:10.718  3004  3004 I notification_cancel_all: [1000,3004,com.vivo.wifi.networkdetect,0,0,0,5,NULL]
06-22 23:40:10.719  3004  3004 I notification_cancel_all: [1000,3004,com.vivo.audiofx,0,0,0,5,NULL]
06-22 23:40:10.720  3004  3562 I am_broadcast_discard_app: [0,12306255,android.intent.action.PACKAGE_RESTARTED,0,ResolveInfo{cc81edc com.tencent.android.qqdownloader/com.tencent.assistant.localres.localapk.PackageChangedReceiver p=2147483647 m=0x208000}]
06-22 23:40:10.722  3004  3004 I notification_cancel_all: [1000,3004,com.volte.config,0,0,0,5,NULL]
06-22 23:40:10.727  3004  3004 I notification_cancel_all: [1000,3004,com.qualcomm.qti.simsettings,0,0,0,5,NULL]
06-22 23:40:10.729  3004  3004 I notification_cancel_all: [1000,3004,com.android.settings,0,0,0,5,NULL]
06-22 23:40:10.730  3004 23745 I am_broadcast_discard_app: [0,12306255,android.intent.action.PACKAGE_RESTARTED,5,ResolveInfo{4c45be5 com.tencent.android.qqdownloader/com.qq.AppService.APKReceiver m=0x208000}]
06-22 23:40:10.731  3004  3562 I am_broadcast_discard_app: [0,62461626,android.intent.action.PACKAGE_RESTARTED,0,ResolveInfo{897896b com.tencent.android.qqdownloader/com.tencent.assistant.localres.localapk.PackageChangedReceiver p=2147483647 m=0x208000}]
06-22 23:40:10.732  3004  3004 I notification_cancel_all: [1000,3004,com.qualcomm.svi,0,0,0,5,NULL]
06-22 23:40:10.734  3004  3004 I notification_cancel_all: [1000,3004,com.qualcomm.cabl,0,0,0,5,NULL]
06-22 23:40:10.735  3004  3004 I notification_cancel_all: [1000,3004,com.android.providers.settings,0,0,0,5,NULL]
06-22 23:40:10.738  3004  3004 I notification_cancel_all: [1000,3004,com.dsi.ant.server,0,0,0,5,NULL]
06-22 23:40:10.739  3004  4488 I am_broadcast_discard_app: [0,62461626,android.intent.action.PACKAGE_RESTARTED,5,ResolveInfo{8264cc8 com.tencent.android.qqdownloader/com.qq.AppService.APKReceiver m=0x208000}]
06-22 23:40:10.741  3004  3562 I am_broadcast_discard_app: [0,241422689,android.intent.action.PACKAGE_RESTARTED,0,ResolveInfo{c51e486 com.tencent.android.qqdownloader/com.tencent.assistant.localres.localapk.PackageChangedReceiver p=2147483647 m=0x208000}]
06-22 23:40:10.741  3004  3004 I notification_cancel_all: [1000,3004,com.qualcomm.location,0,0,0,5,NULL]
06-22 23:40:10.792  3004  3293 I am_proc_start: [0,24204,10041,com.android.BBKClock,content provider,com.android.BBKClock/.data.AlarmProvider]
06-22 23:40:10.796  3004 13516 I am_broadcast_discard_app: [0,241422689,android.intent.action.PACKAGE_RESTARTED,5,ResolveInfo{db76d74 com.tencent.android.qqdownloader/com.qq.AppService.APKReceiver m=0x208000}]
06-22 23:40:10.798  3004  3562 I am_broadcast_discard_app: [0,103490205,android.intent.action.PACKAGE_RESTARTED,0,ResolveInfo{757c312 com.tencent.android.qqdownloader/com.tencent.assistant.localres.localapk.PackageChangedReceiver p=2147483647 m=0x208000}]
06-22 23:40:10.808  3004  4647 I am_proc_bound: [0,24204,com.android.BBKClock]
06-22 23:40:10.811  3004 23741 I am_broadcast_discard_app: [0,103490205,android.intent.action.PACKAGE_RESTARTED,5,ResolveInfo{fb9bae3 com.tencent.android.qqdownloader/com.qq.AppService.APKReceiver m=0x208000}]
06-22 23:40:10.813  3004  3562 I am_broadcast_discard_app: [0,12788287,android.intent.action.PACKAGE_RESTARTED,0,ResolveInfo{33ef70c com.tencent.android.qqdownloader/com.tencent.assistant.localres.localapk.PackageChangedReceiver p=2147483647 m=0x208000}]
06-22 23:40:10.820  3004 13514 I am_broadcast_discard_app: [0,12788287,android.intent.action.PACKAGE_RESTARTED,5,ResolveInfo{5d0855 com.tencent.android.qqdownloader/com.qq.AppService.APKReceiver m=0x208000}]
06-22 23:40:10.821  3004  3562 I am_broadcast_discard_app: [0,115647082,android.intent.action.PACKAGE_RESTARTED,0,ResolveInfo{d1a35b com.tencent.android.qqdownloader/com.tencent.assistant.localres.localapk.PackageChangedReceiver p=2147483647 m=0x208000}]
06-22 23:40:10.830  3004  4843 I am_broadcast_discard_app: [0,115647082,android.intent.action.PACKAGE_RESTARTED,5,ResolveInfo{acb1ba4 com.tencent.android.qqdownloader/com.qq.AppService.APKReceiver m=0x208000}]
06-22 23:40:10.831  3004  3562 I am_broadcast_discard_app: [0,264170765,android.intent.action.PACKAGE_RESTARTED,0,ResolveInfo{fff22d3 com.tencent.android.qqdownloader/com.tencent.assistant.localres.localapk.PackageChangedReceiver p=2147483647 m=0x208000}]
06-22 23:40:10.841  3004 23749 I am_broadcast_discard_app: [0,264170765,android.intent.action.PACKAGE_RESTARTED,5,ResolveInfo{501bb0e com.tencent.android.qqdownloader/com.qq.AppService.APKReceiver m=0x208000}]
06-22 23:40:10.841  3004  3562 I am_broadcast_discard_app: [0,59709743,android.intent.action.PACKAGE_RESTARTED,0,ResolveInfo{da27a1a com.tencent.android.qqdownloader/com.tencent.assistant.localres.localapk.PackageChangedReceiver p=2147483647 m=0x208000}]
06-22 23:40:10.853  3004  4844 I am_broadcast_discard_app: [0,59709743,android.intent.action.PACKAGE_RESTARTED,5,ResolveInfo{167cf28 com.tencent.android.qqdownloader/com.qq.AppService.APKReceiver m=0x208000}]
06-22 23:40:10.855  3004  3562 I am_broadcast_discard_app: [0,188847169,android.intent.action.PACKAGE_RESTARTED,0,ResolveInfo{15e1de6 com.tencent.android.qqdownloader/com.tencent.assistant.localres.localapk.PackageChangedReceiver p=2147483647 m=0x208000}]
06-22 23:40:10.865  3004 19683 I am_broadcast_discard_app: [0,188847169,android.intent.action.PACKAGE_RESTARTED,5,ResolveInfo{8feb5d4 com.tencent.android.qqdownloader/com.qq.AppService.APKReceiver m=0x208000}]
06-22 23:40:10.866  3004  3562 I am_broadcast_discard_app: [0,97661821,android.intent.action.PACKAGE_RESTARTED,0,ResolveInfo{5de3272 com.tencent.android.qqdownloader/com.tencent.assistant.localres.localapk.PackageChangedReceiver p=2147483647 m=0x208000}]
06-22 23:40:10.870  3004 23747 I am_proc_died: [0,30286,com.android.incallui]
06-22 23:40:10.870  3004 23747 I am_schedule_service_restart: [0,com.android.incallui/.InCallServiceImpl,60449]
06-22 23:40:10.881  3004 13515 I am_broadcast_discard_app: [0,97661821,android.intent.action.PACKAGE_RESTARTED,5,ResolveInfo{67b5b40 com.tencent.android.qqdownloader/com.qq.AppService.APKReceiver m=0x208000}]
06-22 23:40:10.882  3004  3562 I am_broadcast_discard_app: [0,198412921,android.intent.action.PACKAGE_RESTARTED,0,ResolveInfo{fd903be com.tencent.android.qqdownloader/com.tencent.assistant.localres.localapk.PackageChangedReceiver p=2147483647 m=0x208000}]
06-22 23:40:10.889  3004 13515 I am_broadcast_discard_app: [0,198412921,android.intent.action.PACKAGE_RESTARTED,5,ResolveInfo{17eac1f com.tencent.android.qqdownloader/com.qq.AppService.APKReceiver m=0x208000}]
06-22 23:40:10.890  3004  3562 I am_broadcast_discard_app: [0,173730668,android.intent.action.PACKAGE_RESTARTED,0,ResolveInfo{df95535 com.tencent.android.qqdownloader/com.tencent.assistant.localres.localapk.PackageChangedReceiver p=2147483647 m=0x208000}]
06-22 23:40:10.900  3004  8334 I am_broadcast_discard_app: [0,173730668,android.intent.action.PACKAGE_RESTARTED,5,ResolveInfo{71d9dca com.tencent.android.qqdownloader/com.qq.AppService.APKReceiver m=0x208000}]
06-22 23:40:10.900  3004  3562 I am_broadcast_discard_app: [0,32238395,android.intent.action.PACKAGE_RESTARTED,0,ResolveInfo{dc15258 com.tencent.android.qqdownloader/com.tencent.assistant.localres.localapk.PackageChangedReceiver p=2147483647 m=0x208000}]
06-22 23:40:10.913  3004  8331 I am_proc_start: [0,24223,10097,com.vivo.widget,service,com.vivo.dream.weather/.IsNightUpdateService]
06-22 23:40:10.920  3004  4888 I am_broadcast_discard_app: [0,32238395,android.intent.action.PACKAGE_RESTARTED,5,ResolveInfo{a770fb1 com.tencent.android.qqdownloader/com.qq.AppService.APKReceiver m=0x208000}]
06-22 23:40:10.922  3004  3562 I am_broadcast_discard_app: [0,257936534,android.intent.action.PACKAGE_RESTARTED,0,ResolveInfo{e240017 com.tencent.android.qqdownloader/com.tencent.assistant.localres.localapk.PackageChangedReceiver p=2147483647 m=0x208000}]
06-22 23:40:10.925  3004  8333 I am_proc_bound: [0,24223,com.vivo.widget]
06-22 23:40:10.933  3004  3295 I am_broadcast_discard_app: [0,257936534,android.intent.action.PACKAGE_RESTARTED,5,ResolveInfo{53bf5ed com.tencent.android.qqdownloader/com.qq.AppService.APKReceiver m=0x208000}]
06-22 23:40:10.934  3004  3562 I am_broadcast_discard_app: [0,29629474,android.intent.action.PACKAGE_RESTARTED,0,ResolveInfo{55e86b3 com.tencent.android.qqdownloader/com.tencent.assistant.localres.localapk.PackageChangedReceiver p=2147483647 m=0x208000}]
06-22 23:40:10.941  3004 19683 I am_broadcast_discard_app: [0,29629474,android.intent.action.PACKAGE_RESTARTED,5,ResolveInfo{7bc1470 com.tencent.android.qqdownloader/com.qq.AppService.APKReceiver m=0x208000}]
06-22 23:40:10.942  3004  3562 I am_broadcast_discard_app: [0,133104617,android.intent.action.PACKAGE_RESTARTED,0,ResolveInfo{32bd86e com.tencent.android.qqdownloader/com.tencent.assistant.localres.localapk.PackageChangedReceiver p=2147483647 m=0x208000}]
06-22 23:40:10.950  3004  4409 I am_broadcast_discard_app: [0,133104617,android.intent.action.PACKAGE_RESTARTED,5,ResolveInfo{8b0db0f com.tencent.android.qqdownloader/com.qq.AppService.APKReceiver m=0x208000}]
06-22 23:40:10.950  3004  3562 I am_broadcast_discard_app: [0,44435356,android.intent.action.PACKAGE_RESTARTED,0,ResolveInfo{5aaf5a5 com.tencent.android.qqdownloader/com.tencent.assistant.localres.localapk.PackageChangedReceiver p=2147483647 m=0x208000}]
06-22 23:40:10.957  3004 23749 I am_broadcast_discard_app: [0,44435356,android.intent.action.PACKAGE_RESTARTED,5,ResolveInfo{3410d7a com.tencent.android.qqdownloader/com.qq.AppService.APKReceiver m=0x208000}]
06-22 23:40:10.958  3004  3562 I am_broadcast_discard_app: [0,187308331,android.intent.action.PACKAGE_RESTARTED,0,ResolveInfo{6da0188 com.tencent.android.qqdownloader/com.tencent.assistant.localres.localapk.PackageChangedReceiver p=2147483647 m=0x208000}]
06-22 23:40:10.965  3004 23749 I am_broadcast_discard_app: [0,187308331,android.intent.action.PACKAGE_RESTARTED,5,ResolveInfo{e7a4721 com.tencent.android.qqdownloader/com.qq.AppService.APKReceiver m=0x208000}]
06-22 23:40:10.966  3004  3562 I am_broadcast_discard_app: [0,4360006,android.intent.action.PACKAGE_RESTARTED,0,ResolveInfo{7af1d07 com.tencent.android.qqdownloader/com.tencent.assistant.localres.localapk.PackageChangedReceiver p=2147483647 m=0x208000}]
06-22 23:40:10.984  3004  4826 I am_proc_start: [0,24245,10045,com.vivo.weather.provider,content provider,com.vivo.weather.provider/.WeatherProvider]
06-22 23:40:10.990  3004 23749 I am_broadcast_discard_app: [0,4360006,android.intent.action.PACKAGE_RESTARTED,5,ResolveInfo{89682a3 com.tencent.android.qqdownloader/com.qq.AppService.APKReceiver m=0x208000}]
06-22 23:40:10.991  3004  3562 I am_broadcast_discard_app: [0,16087456,android.intent.action.PACKAGE_RESTARTED,0,ResolveInfo{553b959 com.tencent.android.qqdownloader/com.tencent.assistant.localres.localapk.PackageChangedReceiver p=2147483647 m=0x208000}]
06-22 23:40:10.997  3004  4488 I am_proc_bound: [0,24245,com.vivo.weather.provider]
06-22 23:40:11.004  3004 23749 I am_broadcast_discard_app: [0,16087456,android.intent.action.PACKAGE_RESTARTED,5,ResolveInfo{af5391e com.tencent.android.qqdownloader/com.qq.AppService.APKReceiver m=0x208000}]
06-22 23:40:11.005  3004  3562 I am_broadcast_discard_app: [0,218408447,android.intent.action.PACKAGE_RESTARTED,0,ResolveInfo{7c88fcc com.tencent.android.qqdownloader/com.tencent.assistant.localres.localapk.PackageChangedReceiver p=2147483647 m=0x208000}]
06-22 23:40:11.012  3004 23747 I am_broadcast_discard_app: [0,218408447,android.intent.action.PACKAGE_RESTARTED,5,ResolveInfo{ffd9215 com.tencent.android.qqdownloader/com.qq.AppService.APKReceiver m=0x208000}]
06-22 23:40:11.014  3004  3562 I am_broadcast_discard_app: [0,45599018,android.intent.action.PACKAGE_RESTARTED,0,ResolveInfo{807a31b com.tencent.android.qqdownloader/com.tencent.assistant.localres.localapk.PackageChangedReceiver p=2147483647 m=0x208000}]
06-22 23:40:11.023  3004 19682 I am_broadcast_discard_app: [0,45599018,android.intent.action.PACKAGE_RESTARTED,5,ResolveInfo{d4dcb8 com.tencent.android.qqdownloader/com.qq.AppService.APKReceiver m=0x208000}]
06-22 23:40:11.023  3004  3562 I am_broadcast_discard_app: [0,70400657,android.intent.action.PACKAGE_RESTARTED,0,ResolveInfo{4614df6 com.tencent.android.qqdownloader/com.tencent.assistant.localres.localapk.PackageChangedReceiver p=2147483647 m=0x208000}]
06-22 23:40:11.030  3004  8335 I am_broadcast_discard_app: [0,70400657,android.intent.action.PACKAGE_RESTARTED,5,ResolveInfo{57355f7 com.tencent.android.qqdownloader/com.qq.AppService.APKReceiver m=0x208000}]
06-22 23:40:11.031  3004  3562 I am_broadcast_discard_app: [0,173476964,android.intent.action.PACKAGE_RESTARTED,0,ResolveInfo{62eeecd com.tencent.android.qqdownloader/com.tencent.assistant.localres.localapk.PackageChangedReceiver p=2147483647 m=0x208000}]
06-22 23:40:11.037  3004  8335 I am_broadcast_discard_app: [0,173476964,android.intent.action.PACKAGE_RESTARTED,5,ResolveInfo{e4c5382 com.tencent.android.qqdownloader/com.qq.AppService.APKReceiver m=0x208000}]
06-22 23:40:11.038  3004  3562 I am_broadcast_discard_app: [0,8215187,android.intent.action.PACKAGE_RESTARTED,0,ResolveInfo{7aa8ad0 com.tencent.android.qqdownloader/com.tencent.assistant.localres.localapk.PackageChangedReceiver p=2147483647 m=0x208000}]
06-22 23:40:11.044  3004  4888 I am_broadcast_discard_app: [0,8215187,android.intent.action.PACKAGE_RESTARTED,5,ResolveInfo{6c8aac9 com.tencent.android.qqdownloader/com.qq.AppService.APKReceiver m=0x208000}]
06-22 23:40:11.045  3004  3562 I am_broadcast_discard_app: [0,133178830,android.intent.action.PACKAGE_RESTARTED,0,ResolveInfo{8190cef com.tencent.android.qqdownloader/com.tencent.assistant.localres.localapk.PackageChangedReceiver p=2147483647 m=0x208000}]
06-22 23:40:11.051  3004  4888 I am_broadcast_discard_app: [0,133178830,android.intent.action.PACKAGE_RESTARTED,5,ResolveInfo{47583fc com.tencent.android.qqdownloader/com.qq.AppService.APKReceiver m=0x208000}]
06-22 23:40:11.070  3004  8330 I am_create_task: [0,32]
06-22 23:40:11.070  3004  8330 I am_create_activity: [0,116183258,32,com.vivo.browser/.BrowserActivity,android.intent.action.MAIN,NULL,NULL,807403520]
06-22 23:40:11.071  3004  8330 I wm_task_created: [32,1]
06-22 23:40:11.072  3004  8330 I wm_task_moved: [32,1,1]
06-22 23:40:11.072  3004  8330 I am_focused_stack: [0,1,0,startedActivity setFocusedActivity]
06-22 23:40:11.072  3004  8330 I wm_task_moved: [32,1,1]
06-22 23:40:11.073  3004  8330 I am_focused_activity: [0,com.vivo.browser/.BrowserActivity,startedActivity]
06-22 23:40:11.074  3004  8330 I am_pause_activity: [0,64329445,com.bbk.launcher2/.Launcher]
06-22 23:40:11.076  3004  8330 I sysui_action: [323,com.vivo.browser/.BrowserActivity]
06-22 23:40:11.076  3004  8330 I sysui_action: [324,false]
06-22 23:40:11.076  3004  8330 I sysui_action: [325,24570]
06-22 23:40:11.079  5780  5780 I am_on_paused_called: [0,com.bbk.launcher2.Launcher,handlePauseActivity]
06-22 23:40:11.092  3004  8339 I am_proc_start: [0,24266,10025,com.vivo.browser,activity,com.vivo.browser/.BrowserActivity]
06-22 23:40:11.104  3004  8338 I am_proc_bound: [0,24266,com.vivo.browser]
06-22 23:40:11.110  3004  8338 I am_restart_activity: [0,116183258,32,com.vivo.browser/.BrowserActivity]
06-22 23:40:11.139  3004  3293 I am_proc_start: [0,24279,10107,com.vivo.widget.calendar,broadcast,com.vivo.widget.calendar/.CalendarAppWidgetProvider]
06-22 23:40:11.145  3004  4488 I am_proc_bound: [0,24279,com.vivo.widget.calendar]
06-22 23:40:11.194  3004  8331 I am_broadcast_discard_app: [0,90381271,android.net.wifi.RSSI_CHANGED,0,ResolveInfo{cf88cc4 com.sdu.didi.psnger/com.didi.sdk.receiver.WifiReceiver m=0x108000}]
06-22 23:40:11.330  3004  3562 I am_proc_start: [0,24295,10133,com.tencent.mm:exdevice,service,com.tencent.mm/.plugin.exdevice.service.ExDeviceService]
06-22 23:40:11.335  3004  8334 I am_proc_bound: [0,24295,com.tencent.mm:exdevice]
06-22 23:40:11.449  3004  4826 I wm_task_moved: [32,1,1]
06-22 23:40:11.449  3004  4826 I wm_task_moved: [32,1,1]
06-22 23:40:11.450  3004  4826 I am_create_activity: [0,179336776,32,com.vivo.browser/.MainActivity,android.intent.action.MAIN,NULL,NULL,807403520]
06-22 23:40:11.451  3004  4826 I wm_task_moved: [32,1,1]
06-22 23:40:11.452  3004  4826 I am_focused_activity: [0,com.vivo.browser/.MainActivity,startedActivity]
06-22 23:40:11.452  3004  4826 I am_pause_activity: [0,116183258,com.vivo.browser/.BrowserActivity]
06-22 23:40:11.454  3004  4826 I sysui_action: [323,com.vivo.browser/.BrowserActivity]
06-22 23:40:11.454  3004  4826 I sysui_action: [324,true]
06-22 23:40:11.454  3004  4826 I sysui_action: [325,24570]
06-22 23:40:11.455  3004 23745 I am_finish_activity: [0,116183258,32,com.vivo.browser/.BrowserActivity,app-request]
06-22 23:40:11.485  3004 23747 I am_restart_activity: [0,179336776,32,com.vivo.browser/.MainActivity]
06-22 23:40:11.502  3004  3562 I sysui_count: [window_time_0,1]
06-22 23:40:11.561 24266 24266 I am_on_resume_called: [0,com.vivo.browser.MainActivity,LAUNCH_ACTIVITY]
06-22 23:40:11.633  3004  3883 I sysui_action: [320,2]
06-22 23:40:11.633  3004  3883 I sysui_action: [319,189]
06-22 23:40:11.633  3004  3883 I sysui_action: [322,189]
06-22 23:40:11.633  3004  3883 I am_activity_launch_time: [0,179336776,com.vivo.browser/.MainActivity,152,552]
06-22 23:40:11.691  3004  8327 I am_proc_start: [0,24370,10030,com.bbk.appstore,service,com.bbk.appstore/.openinterface.OpenRemoteService]
06-22 23:40:11.700  3004 23746 I am_proc_bound: [0,24370,com.bbk.appstore]
06-22 23:40:12.142  3004  3293 I am_wtf  : [0,3004,system_server,-1,ActivityManager,Sending non-protected broadcast vivo.intent.action.PRELOAD_VIVOCAM from system 4651:com.vivo.daemonService/1000 pkg com.vivo.daemonService]
06-22 23:40:12.153  3004  3562 I am_proc_start: [0,24437,10093,com.android.camera,broadcast,com.android.camera/.PreloadCameraReceiver]
06-22 23:40:12.159  3004 23747 I am_proc_bound: [0,24437,com.android.camera]
06-22 23:40:12.255  3004  8338 I notification_cancel_all: [10093,24437,com.android.camera,0,0,64,9,NULL]
06-22 23:40:12.531  3004  8327 I am_proc_start: [0,24484,99001,com.vivo.browser:sandboxed_process0,service,com.vivo.browser/org.chromium.content.app.SandboxedProcessService0]
06-22 23:40:12.538  3004  4844 I am_proc_bound: [0,24484,com.vivo.browser:sandboxed_process0]
06-22 23:40:12.634  3004  8336 I am_stop_activity: [0,64329445,com.bbk.launcher2/.Launcher]
06-22 23:40:12.635  3004  8336 I am_destroy_activity: [0,116183258,32,com.vivo.browser/.BrowserActivity,finish-imm]
06-22 23:40:12.638  5780  5780 I am_on_stop_called: [0,com.bbk.launcher2.Launcher,handleStopActivity]
06-22 23:40:12.658   511   511 I sf_frame_dur: [com.bbk.launcher2/com.bbk.launcher2.Launcher,0,0,1,2,0,1,0]
06-22 23:40:14.105  3004  3562 I am_broadcast_discard_app: [0,242441892,android.net.wifi.RSSI_CHANGED,0,ResolveInfo{4cd740d com.sdu.didi.psnger/com.didi.sdk.receiver.WifiReceiver m=0x108000}]
06-22 23:40:17.113  3004  3562 I am_broadcast_discard_app: [0,170697256,android.net.wifi.RSSI_CHANGED,0,ResolveInfo{1596b41 com.sdu.didi.psnger/com.didi.sdk.receiver.WifiReceiver m=0x108000}]
06-22 23:40:17.994  3004  8338 I am_proc_start: [0,24634,10133,com.tencent.mm:push,service,com.tencent.mm/.booter.CoreService]
06-22 23:40:18.011  3004  8333 I am_proc_bound: [0,24634,com.tencent.mm:push]
06-22 23:40:18.076  3004  3562 I am_proc_start: [0,24648,10133,com.tencent.mm:appbrand0,broadcast,com.tencent.mm/.plugin.appbrand.task.AppBrandTaskPreloadReceiver]
06-22 23:40:18.090  3004  4888 I am_proc_bound: [0,24648,com.tencent.mm:appbrand0]
06-22 23:40:19.872  3004  8338 I am_mem_factor: [2,3]
06-22 23:40:20.145  3004  3558 I am_meminfo: [522461184,1046454272,0,282329088,221596672]
06-22 23:40:20.179  3004  3558 I am_pss  : [24266,10025,com.vivo.browser,108720128,83734528,0]
06-22 23:40:20.195  3004  3558 I am_pss  : [24484,99001,com.vivo.browser:sandboxed_process0,20051968,12374016,0]
06-22 23:40:20.210  3004  3558 I am_pss  : [24370,10030,com.bbk.appstore,15420416,12972032,0]
06-22 23:40:20.233  3004  3558 I am_pss  : [5780,10034,com.bbk.launcher2,89016320,84439040,0]
06-22 23:40:20.259  3004  3558 I am_pss  : [4466,10062,com.baidu.input_bbk.service,58205184,51855360,0]
06-22 23:40:20.272  3004  3558 I am_pss  : [5578,1000,com.qti.service.colorservice,3924992,3067904,0]
06-22 23:40:20.288  3004  3558 I am_pss  : [12419,10085,com.vivo.secime.service,18316288,16400384,0]
06-22 23:40:20.302  3004  3558 I am_pss  : [5640,1000,com.vivo.doubleinstance,3994624,3153920,0]
06-22 23:40:20.329  3004  3558 I am_pss  : [24648,10133,com.tencent.mm:appbrand0,52090880,38670336,0]
06-22 23:40:20.349  3004  3558 I am_pss  : [24634,10133,com.tencent.mm:push,26860544,17936384,0]
06-22 23:40:20.363  3004  3558 I am_pss  : [24176,10004,com.android.providers.calendar,5742592,4268032,0]
06-22 23:40:20.378  3004  3558 I am_pss  : [24437,10093,com.android.camera,15841280,11542528,0]
06-22 23:40:20.395  3004  3558 I am_pss  : [24295,10133,com.tencent.mm:exdevice,23666688,12455936,0]
06-22 23:40:20.408  3004  3558 I am_pss  : [24279,10107,com.vivo.widget.calendar,5124096,3686400,0]
06-22 23:40:20.422  3004  3558 I am_pss  : [24245,10045,com.vivo.weather.provider,10014720,8785920,0]
06-22 23:40:20.437  3004  3558 I am_pss  : [4252,1000,com.vivo.appfilter,9875456,8933376,0]
06-22 23:40:20.461  3004  3558 I am_pss  : [24223,10097,com.vivo.widget,3537920,2465792,0]
06-22 23:40:20.480  3004  3558 I am_pss  : [24189,10064,com.bbk.iqoo.logsystem,5070848,3829760,0]
06-22 23:40:20.498  3004  3558 I am_pss  : [24204,10041,com.android.BBKClock,4798464,3665920,0]
06-22 23:40:20.531  3004  3558 I am_pss  : [24152,10133,com.tencent.mm,94604288,77623296,0]
06-22 23:40:20.552  3004  3558 I am_pss  : [5937,10011,android.process.media,32186368,31031296,0]
06-22 23:40:20.571  3004  3558 I am_pss  : [17916,10024,com.android.systemui:screenshot,11894784,9613312,0]
06-22 23:40:20.594  3004  3558 I am_pss  : [5826,1000,com.android.bbklog,34725888,31129600,0]
06-22 23:40:20.611  3004  3558 I am_pss  : [4696,1000,com.vivo.smartmultiwindow,19205120,17715200,0]
06-22 23:40:20.626  3004  3558 I am_pss  : [8623,10081,com.vivo.safecenter,7064576,6017024,0]
06-22 23:40:20.640  3004  3558 I am_pss  : [20243,10013,android.ext.services,5057536,3567616,0]
06-22 23:40:20.655  3004  3558 I am_pss  : [4729,10002,android.process.acore,19619840,18591744,0]
06-22 23:40:20.660  3004  8327 I am_broadcast_discard_app: [0,223803826,android.net.wifi.RSSI_CHANGED,0,ResolveInfo{fc8bd03 com.sdu.didi.psnger/com.didi.sdk.receiver.WifiReceiver m=0x108000}]
06-22 23:40:20.669  3004  3558 I am_pss  : [7412,1000,com.vivo.permissionmanager,12369920,11440128,0]
06-22 23:40:20.688  3004  3558 I am_pss  : [6900,10055,com.vivo.devicereg,22682624,21614592,0]
06-22 23:40:20.702  3004  3558 I am_pss  : [6686,1000,com.vivo.abe:pushservice_v1,16601088,14782464,0]
06-22 23:40:20.717  3004  3558 I am_pss  : [5092,10066,com.vivo.magazine,11942912,10915840,0]
06-22 23:40:20.731  3004  3558 I am_pss  : [5080,10002,com.vivo.sim.contacts,8184832,7282688,0]
06-22 23:40:20.747  3004  3558 I am_pss  : [7102,10063,com.iqoo.secure:remote,30770176,29495296,0]
06-22 23:40:20.762  3004  3558 I am_pss  : [8226,1000,org.simalliance.openmobileapi.service:remote,3369984,2568192,0]
06-22 23:40:20.777  3004  3558 I am_pss  : [5138,1001,com.qualcomm.qcrilmsgtunnel,11678720,10874880,0]
06-22 23:40:20.790  3004  3558 I am_pss  : [5723,10071,com.oma.drm.server,3512320,2699264,0]
06-22 23:40:20.807  3004  3558 I am_pss  : [5709,10017,com.baidu.map.location,20526080,18653184,0]
06-22 23:40:20.821  3004  3558 I am_pss  : [5687,1001,com.qualcomm.qti.loadcarrier,3156992,2359296,0]
06-22 23:40:20.836  3004  3558 I am_pss  : [5680,1000,com.alps.lcn,8199168,7102464,0]
06-22 23:40:20.859  3004  8331 I am_proc_start: [0,24786,10133,com.tencent.mm:tools,content provider,com.tencent.mm/.plugin.risk_scanner.RiskScannerReqBufferProvider]
06-22 23:40:20.860  3004  3558 I am_pss  : [5549,1000,com.vivo.abe,20856832,19447808,0]
06-22 23:40:20.872  3004 23746 I am_proc_bound: [0,24786,com.tencent.mm:tools]
06-22 23:40:20.878  3004  3558 I am_pss  : [4453,1002,com.android.bluetooth,11365376,9203712,0]
06-22 23:40:20.900  3004  3558 I am_pss  : [4829,1001,com.android.phone,34955264,32374784,0]
06-22 23:40:20.923  3004  3558 I am_pss  : [4812,1000,com.vivo.upslide,84063232,75771904,0]
06-22 23:40:20.938  3004  3558 I am_pss  : [4798,1000,com.android.server.telecom,13970432,12873728,0]
06-22 23:40:20.954  3004  3558 I am_pss  : [4785,1000,.dataservices,10243072,9359360,0]
06-22 23:40:20.976  3004  3558 I am_pss  : [4651,1000,com.vivo.daemonService,44283904,37560320,0]
06-22 23:40:21.003  3004  3558 I am_pss  : [4477,10024,com.android.systemui,78115840,72466432,0]
06-22 23:40:21.056  3004  3558 I am_pss  : [3004,1000,system,116493312,109670400,0]
06-22 23:40:21.283  3004  4057 I am_new_intent: [0,204405109,2,com.bbk.launcher2/.Launcher,android.intent.action.MAIN,NULL,NULL,278921216]
06-22 23:40:21.284  3004  4057 I am_focused_stack: [0,0,1,bringingFoundTaskToFront setFocusedActivity]
06-22 23:40:21.285  3004  4057 I wm_task_moved: [2,1,1]
06-22 23:40:21.289  3004  4057 I am_focused_activity: [0,com.bbk.launcher2/.Launcher,bringingFoundTaskToFront]
06-22 23:40:21.314  3004  4057 I am_pause_activity: [0,179336776,com.vivo.browser/.MainActivity]
06-22 23:40:21.321  3004  4057 I am_task_to_front: [0,2]
06-22 23:40:21.323  3004  4057 I sysui_action: [323,com.bbk.launcher2/.Launcher]
06-22 23:40:21.323  3004  4057 I sysui_action: [324,true]
06-22 23:40:21.323  3004  4057 I sysui_action: [325,24580]
06-22 23:40:21.337  3004  3562 I am_proc_start: [0,24807,10133,com.tencent.mm:recovery,service,com.tencent.mm/com.tencent.recovery.service.RecoveryReportService]
06-22 23:40:21.338 24266 24266 I am_on_paused_called: [0,com.vivo.browser.MainActivity,handlePauseActivity]
06-22 23:40:21.353  3004 23746 I am_resume_activity: [0,64329445,2,com.bbk.launcher2/.Launcher]
06-22 23:40:21.356  3004  3562 I sysui_count: [window_time_0,10]
06-22 23:40:21.358  3004  4887 I am_proc_bound: [0,24807,com.tencent.mm:recovery]
06-22 23:40:21.366  5780  5780 I am_on_resume_called: [0,com.bbk.launcher2.Launcher,RESUME_ACTIVITY]
06-22 23:40:21.427  3004  3883 I sysui_action: [320,2]
06-22 23:40:21.427  3004  3883 I sysui_action: [319,153]
06-22 23:40:21.427  3004  3883 I sysui_action: [322,153]
06-22 23:40:21.453  3004  4057 I am_new_intent: [0,43983790,2,com.bbk.launcher2/.Launcher,android.intent.action.MAIN,NULL,NULL,278921216]
06-22 23:40:21.454  3004  4057 I wm_task_moved: [2,1,1]
06-22 23:40:21.456  3004  4057 I sysui_action: [323,com.bbk.launcher2/.Launcher]
06-22 23:40:21.456  3004  4057 I sysui_action: [324,true]
06-22 23:40:21.456  3004  4057 I sysui_action: [325,24580]
06-22 23:40:21.673  3004  3562 I am_stop_activity: [0,179336776,com.vivo.browser/.MainActivity]
06-22 23:40:21.680 24266 24266 I am_on_stop_called: [0,com.vivo.browser.MainActivity,handleStopActivity]
06-22 23:40:21.732  3004  4057 I am_new_intent: [0,196225509,2,com.bbk.launcher2/.Launcher,android.intent.action.MAIN,NULL,NULL,278921216]
06-22 23:40:21.733  3004  4057 I wm_task_moved: [2,1,1]
06-22 23:40:21.736  3004  4057 I sysui_action: [323,com.bbk.launcher2/.Launcher]
06-22 23:40:21.736  3004  4057 I sysui_action: [324,true]
06-22 23:40:21.736  3004  4057 I sysui_action: [325,24580]
06-22 23:40:21.747   511   511 I sf_frame_dur: [com.vivo.browser/com.vivo.browser.MainActivity,88,6,3,0,4,1,0]
06-22 23:40:23.145  3004  3562 I am_broadcast_discard_app: [0,242396999,android.net.wifi.RSSI_CHANGED,0,ResolveInfo{267374 com.sdu.didi.psnger/com.didi.sdk.receiver.WifiReceiver m=0x108000}]
06-22 23:40:23.546  4477  4477 I sysui_count: [panel_open,1]
06-22 23:40:23.609  4477  4477 I sysui_histogram: [note_load,3]
06-22 23:40:23.610  3004 13514 I notification_panel_revealed: 3
06-22 23:40:24.148  3004  8333 I notification_visibility: [0|com.android.bbklog|1|null|1000,1,1159939,1159939,0,2]
06-22 23:40:24.148  3004  8333 I notification_visibility: [0|com.android.bbklog|2147483647|group_key_override|1000|ranker_bundle,1,59519871,59519871,0,1]
06-22 23:40:24.491  3004 13514 I notification_visibility: [0|com.android.bbklog|1|null|1000,0,1160282,1160282,0,2]
06-22 23:40:24.491  3004 13514 I notification_visibility: [0|com.android.bbklog|2147483647|group_key_override|1000|ranker_bundle,0,59520214,59520214,0,1]
06-22 23:40:24.491  3004 19683 I notification_panel_hidden: []
06-22 23:40:24.508  3004  8333 I am_create_task: [0,33]
06-22 23:40:24.508  3004  8333 I am_create_activity: [0,121942173,33,com.android.bbklog/.BbkLogActivity,android.intent.action.MAIN,NULL,NULL,276856832]
06-22 23:40:24.511  3004  8333 I wm_task_created: [33,1]
06-22 23:40:24.511  3004  8333 I wm_task_moved: [33,1,2]
06-22 23:40:24.511  3004  8333 I am_focused_stack: [0,1,0,startedActivity setFocusedActivity]
06-22 23:40:24.511  3004  8333 I wm_task_moved: [33,1,2]
06-22 23:40:24.512  3004  8333 I am_focused_activity: [0,com.android.bbklog/.BbkLogActivity,startedActivity]
06-22 23:40:24.512  3004  8333 I am_pause_activity: [0,64329445,com.bbk.launcher2/.Launcher]
06-22 23:40:24.513  5780  5780 I am_on_paused_called: [0,com.bbk.launcher2.Launcher,handlePauseActivity]
06-22 23:40:24.515  3004  8333 I sysui_action: [323,com.android.bbklog/.BbkLogActivity]
06-22 23:40:24.515  3004  8333 I sysui_action: [324,true]
06-22 23:40:24.515  3004  8333 I sysui_action: [325,24583]
06-22 23:40:24.516  3004  4844 I notification_clicked: [0|com.android.bbklog|1|null|1000,1160307,1160307,368]
06-22 23:40:24.516  3004  3004 I sysui_histogram: [note_click_longevity,19]
06-22 23:40:24.523  3004 13516 I am_restart_activity: [0,121942173,33,com.android.bbklog/.BbkLogActivity]
06-22 23:40:24.531  3004  3562 I sysui_count: [window_time_0,4]
06-22 23:40:24.567  3004  3883 I sysui_action: [321,74]
06-22 23:40:24.567  3004  3883 I sysui_action: [320,1]
06-22 23:40:24.567  3004  3883 I sysui_action: [319,74]
06-22 23:40:24.597  5826  5826 I am_on_resume_called: [0,com.android.bbklog.BbkLogActivity,LAUNCH_ACTIVITY]
06-22 23:40:24.800  3004  3883 I sysui_action: [322,307]
06-22 23:40:24.800  3004  3883 I am_activity_launch_time: [0,121942173,com.android.bbklog/.BbkLogActivity,284,284]
06-22 23:40:24.876  3004  3562 I am_stop_activity: [0,64329445,com.bbk.launcher2/.Launcher]
06-22 23:40:24.881  5780  5780 I am_on_stop_called: [0,com.bbk.launcher2.Launcher,handleStopActivity]
06-22 23:40:24.905   511   511 I sf_frame_dur: [com.bbk.launcher2/com.bbk.launcher2.Launcher,0,0,0,1,0,0,1]
06-22 23:40:26.163  3004  3562 I am_broadcast_discard_app: [0,51636539,android.net.wifi.RSSI_CHANGED,0,ResolveInfo{f2c7858 com.sdu.didi.psnger/com.didi.sdk.receiver.WifiReceiver m=0x108000}]
06-22 23:40:27.080  3004  4887 I wm_task_moved: [33,1,2]
06-22 23:40:27.081  3004  4887 I wm_task_moved: [33,1,2]
06-22 23:40:27.081  3004  4887 I am_create_activity: [0,246037937,33,com.android.bbklog/.UploadInfoActivity,NULL,NULL,NULL,276824064]
06-22 23:40:27.082  3004  4887 I wm_task_moved: [33,1,2]
06-22 23:40:27.084  3004  4887 I am_focused_activity: [0,com.android.bbklog/.UploadInfoActivity,startedActivity]
06-22 23:40:27.084  3004  4887 I am_pause_activity: [0,121942173,com.android.bbklog/.BbkLogActivity]
06-22 23:40:27.086  3004  4887 I sysui_action: [323,com.android.bbklog/.BbkLogActivity]
06-22 23:40:27.086  3004  4887 I sysui_action: [324,true]
06-22 23:40:27.086  3004  4887 I sysui_action: [325,24586]
06-22 23:40:27.088  5826  5826 I am_on_paused_called: [0,com.android.bbklog.BbkLogActivity,handlePauseActivity]
06-22 23:40:27.092  3004  4844 I am_restart_activity: [0,246037937,33,com.android.bbklog/.UploadInfoActivity]
06-22 23:40:27.105  3004  3562 I sysui_count: [window_time_0,2]
06-22 23:40:27.157  5826  5826 I am_on_resume_called: [0,com.android.bbklog.UploadInfoActivity,LAUNCH_ACTIVITY]
06-22 23:40:27.218  3004  3883 I sysui_action: [320,2]
06-22 23:40:27.218  3004  3883 I sysui_action: [319,144]
06-22 23:40:27.218  3004  3883 I sysui_action: [322,144]
06-22 23:40:27.218  3004  3883 I am_activity_launch_time: [0,246037937,com.android.bbklog/.UploadInfoActivity,128,128]
06-22 23:40:27.534  3004  3562 I am_stop_activity: [0,121942173,com.android.bbklog/.BbkLogActivity]
06-22 23:40:27.535  5826  5826 I am_on_stop_called: [0,com.android.bbklog.BbkLogActivity,handleStopActivity]
06-22 23:40:27.562   511   511 I sf_frame_dur: [com.android.bbklog/com.android.bbklog.BbkLogActivity,15,0,0,1,2,1,0]
06-22 23:40:29.173  3004  3562 I am_broadcast_discard_app: [0,126595298,android.net.wifi.RSSI_CHANGED,0,ResolveInfo{72b5c73 com.sdu.didi.psnger/com.didi.sdk.receiver.WifiReceiver m=0x108000}]
06-22 23:40:30.169   511   511 I sf_frame_dur: [com.android.bbklog/com.android.bbklog.UploadInfoActivity,2,0,0,0,0,1,0]
06-22 23:40:31.517  3004  3562 I am_mem_factor: [1,2]
06-22 23:40:31.562  3004  3558 I am_pss  : [8623,10081,com.vivo.safecenter,7068672,6021120,0]
06-22 23:40:31.601  3004  3558 I am_pss  : [7102,10063,com.iqoo.secure:remote,30824448,29552640,0]
06-22 23:40:32.205  3004  3562 I am_broadcast_discard_app: [0,205986888,android.net.wifi.RSSI_CHANGED,0,ResolveInfo{c952ae1 com.sdu.didi.psnger/com.didi.sdk.receiver.WifiReceiver m=0x108000}]
06-22 23:40:35.233  3004  3562 I am_broadcast_discard_app: [0,131446004,android.net.wifi.RSSI_CHANGED,0,ResolveInfo{bd8941d com.sdu.didi.psnger/com.didi.sdk.receiver.WifiReceiver m=0x108000}]
06-22 23:40:35.293  3004  3558 I am_pss  : [5826,1000,com.android.bbklog,37436416,32866304,0]
06-22 23:40:36.301   511   511 I sf_frame_dur: [InputMethod,5,3,0,2,2,2,1]
06-22 23:40:38.262  3004  3562 I am_broadcast_discard_app: [0,136193912,android.net.wifi.RSSI_CHANGED,0,ResolveInfo{3ad8e51 com.sdu.didi.psnger/com.didi.sdk.receiver.WifiReceiver m=0x108000}]
06-22 23:40:41.277  3004  3562 I am_broadcast_discard_app: [0,31985747,android.net.wifi.RSSI_CHANGED,0,ResolveInfo{7fa6d90 com.sdu.didi.psnger/com.didi.sdk.receiver.WifiReceiver m=0x108000}]
06-22 23:40:41.357  3004  3558 I am_pss  : [4466,10062,com.baidu.input_bbk.service,62180352,55799808,0]
06-22 23:40:41.389  3004  3558 I am_pss  : [5578,1000,com.qti.service.colorservice,3922944,3067904,0]
06-22 23:40:41.423  3004  3558 I am_pss  : [12419,10085,com.vivo.secime.service,18310144,16396288,0]
06-22 23:40:41.461  3004  3558 I am_pss  : [24152,10133,com.tencent.mm,101389312,86753280,0]
06-22 23:40:41.482  3004  3558 I am_pss  : [24634,10133,com.tencent.mm:push,24302592,17215488,0]
06-22 23:40:41.503  3004  3558 I am_pss  : [24786,10133,com.tencent.mm:tools,29731840,20324352,0]
06-22 23:40:41.521  3004  3558 I am_pss  : [24295,10133,com.tencent.mm:exdevice,21019648,12476416,0]
06-22 23:40:41.535  3004  3558 I am_pss  : [4252,1000,com.vivo.appfilter,9873408,8933376,0]
06-22 23:40:41.549  3004  3558 I am_pss  : [24223,10097,com.vivo.widget,3600384,2531328,0]
06-22 23:40:41.565  3004  3558 I am_pss  : [5937,10011,android.process.media,32184320,31031296,0]
06-22 23:40:41.580  3004  3558 I am_pss  : [4696,1000,com.vivo.smartmultiwindow,19229696,17743872,0]
06-22 23:40:41.594  3004  3558 I am_pss  : [20243,10013,android.ext.services,5220352,3551232,0]
06-22 23:40:41.610  3004  3558 I am_pss  : [4729,10002,android.process.acore,19615744,18591744,0]
06-22 23:40:41.625  3004  3558 I am_pss  : [7412,1000,com.vivo.permissionmanager,12372992,11444224,0]
06-22 23:40:41.644  3004  3558 I am_pss  : [6900,10055,com.vivo.devicereg,22678528,21614592,0]
06-22 23:40:41.660  3004  3558 I am_pss  : [6686,1000,com.vivo.abe:pushservice_v1,16577536,14782464,0]
06-22 23:40:41.675  3004  3558 I am_pss  : [5092,10066,com.vivo.magazine,11939840,10915840,0]
06-22 23:40:41.689  3004  3558 I am_pss  : [5080,10002,com.vivo.sim.contacts,8182784,7282688,0]
06-22 23:40:41.703  3004  3558 I am_pss  : [8226,1000,org.simalliance.openmobileapi.service:remote,3367936,2568192,0]
06-22 23:40:41.717  3004  3558 I am_pss  : [5138,1001,com.qualcomm.qcrilmsgtunnel,11677696,10874880,0]
06-22 23:40:41.737  3004  3558 I am_pss  : [4453,1002,com.android.bluetooth,11140096,9203712,0]
06-22 23:40:44.307  3004  3562 I am_broadcast_discard_app: [0,128949658,android.net.wifi.RSSI_CHANGED,0,ResolveInfo{6e736cb com.sdu.didi.psnger/com.didi.sdk.receiver.WifiReceiver m=0x108000}]
06-22 23:40:44.367  3004  3558 I am_pss  : [24266,10025,com.vivo.browser,97619968,73662464,0]
06-22 23:40:44.389  3004  3558 I am_pss  : [24484,99001,com.vivo.browser:sandboxed_process0,18945024,12546048,0]
06-22 23:40:44.407  3004  3558 I am_pss  : [24370,10030,com.bbk.appstore,11728896,9621504,0]
06-22 23:40:44.424  3004  3558 I am_pss  : [24807,10133,com.tencent.mm:recovery,13564928,8822784,0]
06-22 23:40:47.336  3004  3562 I am_broadcast_discard_app: [0,98171238,android.net.wifi.RSSI_CHANGED,0,ResolveInfo{2b074a7 com.sdu.didi.psnger/com.didi.sdk.receiver.WifiReceiver m=0x108000}]
06-22 23:40:47.383  3004  3558 I am_pss  : [5780,10034,com.bbk.launcher2,85696512,81108992,0]
06-22 23:40:47.403  3004  3558 I am_pss  : [5640,1000,com.vivo.doubleinstance,3976192,3137536,0]
06-22 23:40:50.366  3004  3562 I am_broadcast_discard_app: [0,150750706,android.net.wifi.RSSI_CHANGED,0,ResolveInfo{be5b443 com.sdu.didi.psnger/com.didi.sdk.receiver.WifiReceiver m=0x108000}]
06-22 23:40:50.412  3004  3558 I am_pss  : [24648,10133,com.tencent.mm:appbrand0,49187840,37761024,0]
06-22 23:40:50.432  3004  3558 I am_pss  : [24176,10004,com.android.providers.calendar,5730304,4268032,0]
06-22 23:40:50.452  3004  3558 I am_pss  : [24437,10093,com.android.camera,14941184,11194368,0]
06-22 23:40:50.469  3004  3558 I am_pss  : [24279,10107,com.vivo.widget.calendar,5093376,3678208,0]
06-22 23:40:50.484  3004  3558 I am_pss  : [24189,10064,com.bbk.iqoo.logsystem,5070848,3837952,0]
06-22 23:40:50.499  3004  3558 I am_pss  : [24204,10041,com.android.BBKClock,4811776,3686400,0]
06-22 23:40:50.514  3004  3558 I am_pss  : [17916,10024,com.android.systemui:screenshot,11864064,9596928,0]
06-22 23:40:51.346  3004  3562 I am_proc_start: [0,24916,10171,com.sie.mp:pushservice,service,com.sie.mp/.vivo.push.V5PushService]
06-22 23:40:51.368  3004  4888 I am_proc_bound: [0,24916,com.sie.mp:pushservice]
06-22 23:40:52.047  3004  8334 I am_proc_start: [0,24948,10171,com.sie.mp,service,com.sie.mp/.vivo.push.V5PushIntentService]
06-22 23:40:52.065  3004  4844 I am_proc_bound: [0,24948,com.sie.mp]
06-22 23:40:52.120  3004  3558 I am_pss  : [24245,10045,com.vivo.weather.provider,10109952,8892416,0]
06-22 23:40:53.373  3004  3562 I am_broadcast_discard_app: [0,132828147,android.net.wifi.RSSI_CHANGED,0,ResolveInfo{a0f10b0 com.sdu.didi.psnger/com.didi.sdk.receiver.WifiReceiver m=0x108000}]
06-22 23:40:56.295  3004 19683 I am_finish_activity: [0,246037937,33,com.android.bbklog/.UploadInfoActivity,clear-task-stack]
06-22 23:40:56.296  3004 19683 I wm_task_moved: [33,1,2]
06-22 23:40:56.297  3004 19683 I am_focused_activity: [0,com.android.bbklog/.BbkLogActivity,finishActivity adjustFocus]
06-22 23:40:56.297  3004 19683 I am_pause_activity: [0,246037937,com.android.bbklog/.UploadInfoActivity]
06-22 23:40:56.298  3004 19683 I am_new_intent: [0,127920937,33,com.android.bbklog/.BbkLogActivity,NULL,NULL,NULL,276824064]
06-22 23:40:56.299  3004 19683 I wm_task_moved: [33,1,2]
06-22 23:40:56.317  3004 19683 I sysui_action: [323,com.android.bbklog/.UploadInfoActivity]
06-22 23:40:56.317  3004 19683 I sysui_action: [324,true]
06-22 23:40:56.317  3004 19683 I sysui_action: [325,24615]
06-22 23:40:56.319  5826  5826 I am_on_paused_called: [0,com.android.bbklog.UploadInfoActivity,handlePauseActivity]
06-22 23:40:56.324  3004  4409 I am_resume_activity: [0,121942173,33,com.android.bbklog/.BbkLogActivity]
06-22 23:40:56.329  3004  3004 I notification_enqueue: [1000,5826,com.android.bbklog,4,NULL,0,Notification(pri=0 contentView=null vibrate=null sound=null defaults=0x0 flags=0x2 color=0x00000000 vis=PRIVATE),0]
06-22 23:40:56.334  3004  3004 I notification_enqueue: [1000,5826,com.android.bbklog,4,NULL,0,Notification(pri=0 contentView=null vibrate=null sound=null defaults=0x0 flags=0x2 color=0x00000000 vis=PRIVATE),1]
06-22 23:40:56.341  3004 13516 I notification_autogrouped: 0|com.android.bbklog|1|null|1000
06-22 23:40:56.344  3004 23745 I notification_autogrouped: 0|com.android.bbklog|1|null|1000
06-22 23:40:56.344  3004 23745 I notification_autogrouped: 0|com.android.bbklog|4|null|1000
06-22 23:40:56.346  3004  4843 I notification_autogrouped: 0|com.android.bbklog|1|null|1000
06-22 23:40:56.348  3004  8327 I notification_autogrouped: 0|com.android.bbklog|1|null|1000
06-22 23:40:56.348  3004  8327 I notification_autogrouped: 0|com.android.bbklog|4|null|1000
06-22 23:40:56.359  5826  5826 I am_on_resume_called: [0,com.android.bbklog.BbkLogActivity,RESUME_ACTIVITY]
06-22 23:40:56.380  3004  3883 I sysui_action: [320,2]
06-22 23:40:56.380  3004  3883 I sysui_action: [319,89]
06-22 23:40:56.380  3004  3883 I sysui_action: [322,89]
06-22 23:40:56.395  3004  3562 I am_broadcast_discard_app: [0,262992025,android.net.wifi.RSSI_CHANGED,0,ResolveInfo{d473f5e com.sdu.didi.psnger/com.didi.sdk.receiver.WifiReceiver m=0x108000}]
06-22 23:40:56.396  3004  8339 I notification_expansion: [0|com.android.bbklog|4|null|1000,0,1,67,63,0]
06-22 23:40:56.428  3004  8327 I notification_expansion: [0|com.android.bbklog|4|null|1000,0,0,99,95,0]
06-22 23:40:56.647   511   511 I sf_frame_dur: [InputMethod,50,11,10,27,10,2,3]
06-22 23:40:56.686  3004  3562 I am_destroy_activity: [0,246037937,33,com.android.bbklog/.UploadInfoActivity,finish-imm]
06-22 23:40:56.687  5826  5826 I am_on_stop_called: [0,com.android.bbklog.UploadInfoActivity,destroy]
06-22 23:40:56.698   511   511 I sf_frame_dur: [com.android.bbklog/com.android.bbklog.UploadInfoActivity,35,5,6,12,26,20,2]
06-22 23:40:59.417  3004  3562 I am_broadcast_discard_app: [0,93659227,android.net.wifi.RSSI_CHANGED,0,ResolveInfo{1bcb0f8 com.sdu.didi.psnger/com.didi.sdk.receiver.WifiReceiver m=0x108000}]
06-22 23:41:00.066  3004  3004 I notification_enqueue: [10064,24189,com.bbk.iqoo.logsystem,3,NULL,0,Notification(pri=-2 contentView=com.bbk.iqoo.logsystem/0x3030028 vibrate=null sound=null defaults=0x0 flags=0x40 color=0xff607d8b vis=PRIVATE),0]
06-22 23:41:00.076  3004  3293 I notification_autogrouped: 0|com.bbk.iqoo.logsystem|3|null|10064
06-22 23:41:00.076  3004  3004 I notification_enqueue: [10064,24189,com.bbk.iqoo.logsystem,2147483647,group_key_override,0,Notification(pri=0 contentView=null vibrate=null sound=null defaults=0x0 flags=0x700 color=0xff607d8b groupKey=ranker_bundle vis=PRIVATE),0]
06-22 23:41:00.078  3004 13515 I notification_autogrouped: 0|com.bbk.iqoo.logsystem|3|null|10064
06-22 23:41:02.447  3004  3562 I am_broadcast_discard_app: [0,219144278,android.net.wifi.RSSI_CHANGED,0,ResolveInfo{ea0e8d7 com.sdu.didi.psnger/com.didi.sdk.receiver.WifiReceiver m=0x108000}]
06-22 23:41:03.774  3004  3004 I free_storage_changed: 31306625024
06-22 23:41:04.740  3004  4057 I am_new_intent: [0,100330669,2,com.bbk.launcher2/.Launcher,android.intent.action.MAIN,NULL,NULL,278921216]
06-22 23:41:04.740  3004  4057 I am_focused_stack: [0,0,1,bringingFoundTaskToFront setFocusedActivity]
06-22 23:41:04.741  3004  4057 I wm_task_moved: [2,1,1]
06-22 23:41:04.743  3004  4057 I am_focused_activity: [0,com.bbk.launcher2/.Launcher,bringingFoundTaskToFront]
06-22 23:41:04.769  3004  4057 I am_pause_activity: [0,121942173,com.android.bbklog/.BbkLogActivity]
06-22 23:41:04.775  3004  4057 I am_task_to_front: [0,2]
06-22 23:41:04.778  3004  4057 I sysui_action: [323,com.bbk.launcher2/.Launcher]
06-22 23:41:04.778  3004  4057 I sysui_action: [324,true]
06-22 23:41:04.778  3004  4057 I sysui_action: [325,24623]
06-22 23:41:04.778  5826  5826 I am_on_paused_called: [0,com.android.bbklog.BbkLogActivity,handlePauseActivity]
06-22 23:41:04.778  3004  3004 I notification_enqueue: [1000,5826,com.android.bbklog,4,NULL,0,Notification(pri=0 contentView=null vibrate=null sound=null defaults=0x0 flags=0x2 color=0x00000000 vis=PRIVATE),1]
06-22 23:41:04.788  3004  4843 I am_resume_activity: [0,64329445,2,com.bbk.launcher2/.Launcher]
06-22 23:41:04.798  3004  3295 I notification_autogrouped: 0|com.android.bbklog|1|null|1000
06-22 23:41:04.799  3004  3562 I sysui_count: [window_time_0,38]
06-22 23:41:04.802  3004  4844 I notification_autogrouped: 0|com.android.bbklog|1|null|1000
06-22 23:41:04.802  3004  4844 I notification_autogrouped: 0|com.android.bbklog|4|null|1000
06-22 23:41:04.811  5780  5780 I am_on_resume_called: [0,com.bbk.launcher2.Launcher,RESUME_ACTIVITY]
06-22 23:41:04.877  3004  3883 I sysui_action: [320,2]
06-22 23:41:04.877  3004  3883 I sysui_action: [319,145]
06-22 23:41:04.877  3004  3883 I sysui_action: [322,145]
06-22 23:41:04.926  3004  3004 I notification_canceled: [0|com.android.bbklog|1|null|1000,8,1200717,1200717,40778]
06-22 23:41:04.939  3004  3004 I notification_enqueue: [1000,5826,com.android.bbklog,4,NULL,0,Notification(pri=0 contentView=null vibrate=null sound=null defaults=0x0 flags=0x2 color=0x00000000 vis=PRIVATE),1]
06-22 23:41:04.943  3004  8336 I notification_autogrouped: 0|com.android.bbklog|4|null|1000
06-22 23:41:04.946  3004 19682 I notification_autogrouped: 0|com.android.bbklog|4|null|1000
06-22 23:41:04.978  3004  3004 I notification_enqueue: [1000,5826,com.android.bbklog,1,NULL,0,Notification(pri=0 contentView=com.android.bbklog/0x3030028 vibrate=null sound=null defaults=0x0 flags=0x40 color=0x00000000 vis=PRIVATE),0]
06-22 23:41:04.983  3004  8333 I notification_autogrouped: 0|com.android.bbklog|1|null|1000
06-22 23:41:04.985  3004 19682 I notification_autogrouped: 0|com.android.bbklog|1|null|1000
06-22 23:41:04.985  3004 19682 I notification_autogrouped: 0|com.android.bbklog|4|null|1000
06-22 23:41:05.042  3004  8331 I notification_expansion: [0|com.android.bbklog|1|null|1000,0,1,64,64,0]
06-22 23:41:05.061  3004 13514 I notification_expansion: [0|com.android.bbklog|1|null|1000,0,0,83,83,0]
06-22 23:41:05.126  3004  3562 I am_stop_activity: [0,121942173,com.android.bbklog/.BbkLogActivity]
06-22 23:41:05.128  5826  5826 I am_on_stop_called: [0,com.android.bbklog.BbkLogActivity,handleStopActivity]
06-22 23:41:05.201   511   511 I sf_frame_dur: [com.android.bbklog/com.android.bbklog.BbkLogActivity,15,0,0,0,1,1,1]
06-22 23:41:05.464  3004  3562 I am_broadcast_discard_app: [0,67867020,android.net.wifi.RSSI_CHANGED,0,ResolveInfo{d8dd0d5 com.sdu.didi.psnger/com.didi.sdk.receiver.WifiReceiver m=0x108000}]
06-22 23:41:05.656  3004  8330 I am_proc_start: [0,25098,10044,com.vivo.weather.location,service,com.vivo.weather/.LocalCityLocateService]
06-22 23:41:05.668  3004 23749 I am_proc_bound: [0,25098,com.vivo.weather.location]
06-22 23:41:06.323  3004  8331 I am_create_task: [0,34]
06-22 23:41:06.323  3004  8331 I am_create_activity: [0,164414274,34,com.tencent.mm/.ui.LauncherUI,android.intent.action.MAIN,NULL,NULL,807403520]
06-22 23:41:06.324  3004  8331 I wm_task_created: [34,1]
06-22 23:41:06.324  3004  8331 I wm_task_moved: [34,1,3]
06-22 23:41:06.324  3004  8331 I am_focused_stack: [0,1,0,startedActivity setFocusedActivity]
06-22 23:41:06.324  3004  8331 I wm_task_moved: [34,1,3]
06-22 23:41:06.326  3004  8331 I am_focused_activity: [0,com.tencent.mm/.ui.LauncherUI,startedActivity]
