05-13 13:28:33.042  4060 17966 I am_proc_died: [0,30088,com.tencent.mobileqq:qzone]
05-13 13:28:33.043  4060 17966 I am_schedule_service_restart: [0,com.tencent.mobileqq/cooperation.qzone.remote.logic.QzoneWebPluginProxyService,1000]
05-13 13:28:34.067  4060  4102 I am_proc_start: [0,30217,10128,com.tencent.mobileqq:qzone,service,com.tencent.mobileqq/cooperation.qzone.remote.logic.QzoneWebPluginProxyService]
05-13 13:28:34.093  4060 19040 I am_proc_bound: [0,30217,com.tencent.mobileqq:qzone]
05-13 13:30:43.739  4060 17969 I battery_level: [99,4330,312]
05-13 13:31:32.345  4060  4100 I am_pss  : [30217,10128,com.tencent.mobileqq:qzone,38513664,33865728,0]
05-13 13:31:32.396  4060  4100 I am_pss  : [11158,10081,com.vivo.safecenter,6343680,5545984,0]
05-13 13:31:32.443  4060  4100 I am_pss  : [8885,10063,com.iqoo.secure:remote,35099648,33595392,0]
05-13 13:31:33.234  4060 17971 I am_proc_died: [0,30217,com.tencent.mobileqq:qzone]
05-13 13:31:33.234  4060 17971 I am_schedule_service_restart: [0,com.tencent.mobileqq/cooperation.qzone.remote.logic.QzoneWebPluginProxyService,1000]
05-13 13:31:34.256  4060  4102 I am_proc_start: [0,30328,10128,com.tencent.mobileqq:qzone,service,com.tencent.mobileqq/cooperation.qzone.remote.logic.QzoneWebPluginProxyService]
05-13 13:31:34.285  4060 23155 I am_proc_bound: [0,30328,com.tencent.mobileqq:qzone]
05-13 13:32:18.565  4060  4060 I free_storage_changed: 22777569280
05-13 13:33:02.592  4060 23154 I am_kill : [0,30196,android.ext.services,100,stop android.ext.services]
05-13 13:33:02.594  4060 23154 I am_schedule_service_restart: [0,android.ext.services/.notification.Ranker,1000]
05-13 13:33:02.608  4060  4060 I notification_cancel_all: [1000,4060,android.ext.services,0,0,0,5,NULL]
05-13 13:33:02.676  4060  4060 I am_proc_start: [0,30424,10013,android.ext.services,service,android.ext.services/.notification.Ranker]
05-13 13:33:02.688  4060  5143 I am_broadcast_discard_app: [0,136247096,android.intent.action.PACKAGE_RESTARTED,4,ResolveInfo{4cb3f4d com.jingdong.app.mall/.broadcastReceiver.AppStateRecevier m=0x208000}]
05-13 13:33:02.699  4060  5536 I am_proc_bound: [0,30424,android.ext.services]
05-13 13:33:02.728  4060  4100 I am_pss  : [30328,10128,com.tencent.mobileqq:qzone,37028864,32382976,0]
05-13 13:33:02.766  4060 23035 I notification_autogrouped: 0|com.android.bbklog|1|null|1000
05-13 13:33:02.768  4060  5309 I notification_autogrouped: 0|com.android.bbklog|1|null|1000
05-13 13:33:02.769  4060  5539 I notification_autogrouped: 0|com.bbk.iqoo.logsystem|3|null|10064
05-13 13:33:02.771  4060  6527 I notification_autogrouped: 0|com.bbk.iqoo.logsystem|3|null|10064
05-13 13:34:32.608  4060  4100 I am_pss  : [10441,10128,com.tencent.mobileqq,206367744,198406144,0]
05-13 13:34:32.655  4060  4100 I am_pss  : [7786,10128,com.tencent.mobileqq:MSF,27889664,25395200,0]
05-13 13:34:32.705  4060  4100 I am_pss  : [6631,1000,com.android.bbklog,27658240,25481216,0]
05-13 13:34:32.772  4060  4100 I am_pss  : [5085,10062,com.baidu.input_bbk.service,60751872,56041472,0]
05-13 13:34:32.796  4060  4100 I am_pss  : [12412,10128,com.tencent.mobileqq:TMAssistantDownloadSDKService,18616320,16711680,0]
05-13 13:34:32.820  4060  4100 I am_pss  : [5403,1000,com.android.settings,20792320,19451904,0]
05-13 13:34:32.840  4060  4100 I am_pss  : [16602,10085,com.vivo.secime.service,17358848,11038720,0]
05-13 13:34:32.857  4060  4100 I am_pss  : [30424,10013,android.ext.services,4564992,2498560,0]
05-13 13:34:32.872  4060  4100 I am_pss  : [4971,1000,com.vivo.appfilter,8219648,7340032,0]
05-13 13:34:33.383  4060  5143 I am_proc_died: [0,30328,com.tencent.mobileqq:qzone]
05-13 13:34:33.384  4060  5143 I am_schedule_service_restart: [0,com.tencent.mobileqq/cooperation.qzone.remote.logic.QzoneWebPluginProxyService,1000]
05-13 13:34:33.423  4060  4100 I am_pss  : [5857,10064,com.bbk.iqoo.logsystem,59432960,57462784,0]
05-13 13:34:33.443  4060  4100 I am_pss  : [15831,1000,com.qti.service.colorservice,3729408,2985984,0]
05-13 13:34:33.466  4060  4100 I am_pss  : [5482,1000,com.vivo.smartmultiwindow,20681728,19120128,0]
05-13 13:34:33.485  4060  4100 I am_pss  : [11158,10081,com.vivo.safecenter,6342656,5545984,0]
05-13 13:34:33.504  4060  4100 I am_pss  : [9272,1000,com.vivo.permissionmanager,12397568,11534336,0]
05-13 13:34:33.526  4060  4100 I am_pss  : [19927,1001,com.android.incallui,17308672,15929344,0]
05-13 13:34:33.546  4060  4100 I am_pss  : [8885,10063,com.iqoo.secure:remote,35169280,33665024,0]
05-13 13:34:33.563  4060  4100 I am_pss  : [5788,10002,com.vivo.sim.contacts,4322304,3530752,0]
05-13 13:34:33.581  4060  4100 I am_pss  : [5066,1002,com.android.bluetooth,9109504,7577600,0]
05-13 13:34:33.597  4060  4100 I am_pss  : [9962,1000,com.vivo.intelliengine,10192896,9003008,0]
05-13 13:34:33.611  4060  4100 I am_pss  : [5803,1001,com.qualcomm.qcrilmsgtunnel,3801088,3080192,0]
05-13 13:34:34.407  4060  4102 I am_proc_start: [0,30454,10128,com.tencent.mobileqq:qzone,service,com.tencent.mobileqq/cooperation.qzone.remote.logic.QzoneWebPluginProxyService]
05-13 13:34:34.430  4060  5565 I am_proc_bound: [0,30454,com.tencent.mobileqq:qzone]
05-13 13:34:41.643  4060  4300 I am_wtf  : [0,4060,system_server,-1,ActivityManager,Sending non-protected broadcast com.vivo.push.AlarmAciton.Retry from system uid 1000 pkg com.vivo.abe]
05-13 13:34:41.650  4060  4300 I am_wtf  : [0,4060,system_server,-1,ActivityManager,Sending non-protected broadcast com.vivo.pem.power from system uid 1000 pkg com.vivo.pem]
05-13 13:34:41.746  4060 17965 I am_broadcast_discard_app: [0,175207207,NULL,0,ResolveInfo{a8e19d4 com.happyelements.AndroidAnimal/com.happyelements.gsp.android.notification.gcn.GcnBroadcastReceiver m=0x0}]
05-13 13:34:41.748  4060  4102 I am_broadcast_discard_app: [0,139970429,NULL,0,ResolveInfo{3d63672 com.happyelements.AndroidAnimal/com.happyelements.gsp.android.notification.gcn.GcnBroadcastReceiver m=0x0}]
05-13 13:34:41.757  4060 17965 I am_broadcast_discard_app: [0,256722878,NULL,0,ResolveInfo{ab7a01f com.happyelements.AndroidAnimal/com.happyelements.gsp.android.notification.gcn.GcnBroadcastReceiver m=0x0}]
05-13 13:34:42.000  4060 17974 I am_kill : [0,30424,android.ext.services,100,stop android.ext.services]
05-13 13:34:42.001  4060 17974 I am_schedule_service_restart: [0,android.ext.services/.notification.Ranker,1000]
05-13 13:34:42.011  4060  4060 I notification_cancel_all: [1000,4060,android.ext.services,0,0,0,5,NULL]
05-13 13:34:42.059  4060  4060 I am_proc_start: [0,30524,10013,android.ext.services,service,android.ext.services/.notification.Ranker]
05-13 13:34:42.069  4060 17973 I am_broadcast_discard_app: [0,240028141,android.intent.action.PACKAGE_RESTARTED,4,ResolveInfo{a391c6e com.jingdong.app.mall/.broadcastReceiver.AppStateRecevier m=0x208000}]
05-13 13:34:42.075  4060  5309 I am_proc_bound: [0,30524,android.ext.services]
05-13 13:34:42.148  4060  9064 I notification_autogrouped: 0|com.android.bbklog|1|null|1000
05-13 13:34:42.150  4060 23155 I notification_autogrouped: 0|com.android.bbklog|1|null|1000
05-13 13:34:42.152  4060 17966 I notification_autogrouped: 0|com.bbk.iqoo.logsystem|3|null|10064
05-13 13:34:42.154  4060  5421 I notification_autogrouped: 0|com.bbk.iqoo.logsystem|3|null|10064
05-13 13:37:32.565  4060  4100 I am_pss  : [30454,10128,com.tencent.mobileqq:qzone,39157760,34512896,0]
05-13 13:37:32.617  4060  4100 I am_pss  : [30524,10013,android.ext.services,4567040,2498560,0]
05-13 13:37:32.651  4060  4100 I am_pss  : [11158,10081,com.vivo.safecenter,6342656,5545984,0]
05-13 13:37:32.692  4060  4100 I am_pss  : [8885,10063,com.iqoo.secure:remote,35234816,33730560,0]
05-13 13:37:32.724  4060  4100 I am_pss  : [6494,10071,com.oma.drm.server,3662848,2945024,0]
05-13 13:37:32.759  4060  4100 I am_pss  : [6478,10017,com.baidu.map.location,14179328,12595200,0]
05-13 13:37:32.780  4060  4100 I am_pss  : [6467,1001,com.qualcomm.qti.loadcarrier,3382272,2674688,0]
05-13 13:37:32.801  4060  4100 I am_pss  : [6452,1000,com.alps.lcn,6788096,5861376,0]
05-13 13:37:32.822  4060  4100 I am_pss  : [6440,1000,com.vivo.abe,23703552,21819392,0]
05-13 13:37:32.849  4060  4100 I am_pss  : [5547,1001,com.android.phone,33721344,32079872,0]
05-13 13:37:32.875  4060  4100 I am_pss  : [7389,1000,com.vivo.upslide,115208192,112873472,0]
05-13 13:37:32.890  4060  4100 I am_pss  : [5513,1000,com.android.server.telecom,7676928,6815744,0]
05-13 13:37:32.905  4060  4100 I am_pss  : [5507,1000,.dataservices,7035904,6201344,0]
05-13 13:37:32.927  4060  4100 I am_pss  : [5389,1000,com.vivo.daemonService,28022784,26099712,0]
05-13 13:37:32.958  4060  4100 I am_pss  : [5202,10024,com.android.systemui,93863936,89489408,0]
05-13 13:37:33.015  4060  4100 I am_pss  : [4060,1000,system,151894016,148008960,0]
05-13 13:37:33.453  4060  4077 I am_proc_died: [0,30454,com.tencent.mobileqq:qzone]
05-13 13:37:33.454  4060  4077 I am_schedule_service_restart: [0,com.tencent.mobileqq/cooperation.qzone.remote.logic.QzoneWebPluginProxyService,1000]
05-13 13:37:34.476  4060  4102 I am_proc_start: [0,30582,10128,com.tencent.mobileqq:qzone,service,com.tencent.mobileqq/cooperation.qzone.remote.logic.QzoneWebPluginProxyService]
05-13 13:37:34.504  4060  6521 I am_proc_bound: [0,30582,com.tencent.mobileqq:qzone]
05-13 13:39:42.199  4060  5137 I am_kill : [0,30524,android.ext.services,100,stop android.ext.services]
05-13 13:39:42.200  4060  5137 I am_schedule_service_restart: [0,android.ext.services/.notification.Ranker,1000]
05-13 13:39:42.210  4060  4060 I notification_cancel_all: [1000,4060,android.ext.services,0,0,0,5,NULL]
05-13 13:39:42.261  4060  4060 I am_proc_start: [0,30688,10013,android.ext.services,service,android.ext.services/.notification.Ranker]
05-13 13:39:42.275  4060 19040 I am_broadcast_discard_app: [0,154752578,android.intent.action.PACKAGE_RESTARTED,4,ResolveInfo{618b4af com.jingdong.app.mall/.broadcastReceiver.AppStateRecevier m=0x208000}]
05-13 13:39:42.282  4060 17973 I am_proc_bound: [0,30688,android.ext.services]
05-13 13:39:42.309  4060  4100 I am_pss  : [7375,10034,com.bbk.launcher2,98034688,94994432,0]
05-13 13:39:42.343  4060  5554 I notification_autogrouped: 0|com.android.bbklog|1|null|1000
05-13 13:39:42.344  4060  5309 I notification_autogrouped: 0|com.android.bbklog|1|null|1000
05-13 13:39:42.346  4060  6527 I notification_autogrouped: 0|com.bbk.iqoo.logsystem|3|null|10064
05-13 13:39:42.348  4060 17969 I notification_autogrouped: 0|com.bbk.iqoo.logsystem|3|null|10064
05-13 13:39:42.355  4060  4100 I am_pss  : [30582,10128,com.tencent.mobileqq:qzone,37872640,33226752,0]
05-13 13:39:42.386  4060  4100 I am_pss  : [6575,1000,com.vivo.doubleinstance,4307968,3571712,0]
05-13 13:39:42.447  4060  4100 I am_pss  : [7930,10132,com.tencent.mm,118989824,113913856,0]
05-13 13:39:42.466  4060  4100 I am_pss  : [16654,10056,com.vivo.doubletimezoneclock,12676096,11243520,0]
05-13 13:39:42.484  4060  4100 I am_pss  : [21539,10011,android.process.media,7220224,5763072,0]
05-13 13:39:42.506  4060  4100 I am_pss  : [8522,10055,com.vivo.devicereg,41360384,40275968,0]
05-13 13:39:42.523  4060  4100 I am_pss  : [15967,10030,com.bbk.appstore,12604416,10719232,0]
05-13 13:39:42.537  4060  4100 I am_pss  : [6950,1000,com.vivo.wifi.networkdetect,4832256,3919872,0]
05-13 13:39:42.552  4060  4100 I am_pss  : [12702,10028,com.vivo.audiofx,5256192,4333568,0]
05-13 13:39:42.566  4060  4100 I am_pss  : [25708,1000,com.volte.config,3299328,2379776,0]
05-13 13:39:42.580  4060  4100 I am_pss  : [25684,1000,com.qualcomm.display,3408896,2494464,0]
05-13 13:39:42.594  4060  4100 I am_pss  : [25551,1000,com.qualcomm.qti.appnetaccess,3667968,2686976,0]
05-13 13:39:42.610  4060  4100 I am_pss  : [20210,10002,android.process.acore,16147456,14118912,0]
05-13 13:39:42.625  4060  4100 I am_pss  : [14795,10097,com.vivo.gallery,6219776,4198400,0]
05-13 13:39:42.639  4060  4100 I am_pss  : [25271,1000,org.simalliance.openmobileapi.service:remote,4591616,3297280,0]
05-13 13:39:42.667  4060  4100 I am_pss  : [24614,10155,com.eg.android.AlipayGphone,68814848,59039744,0]
05-13 13:39:42.686  4060  4100 I am_pss  : [23624,10155,com.eg.android.AlipayGphone:push,33061888,24276992,0]
05-13 13:39:42.701  4060  4100 I am_pss  : [18605,10041,com.android.BBKClock,4975616,3751936,0]
05-13 13:39:42.716  4060  4100 I am_pss  : [17284,10110,com.chaozh.iReader,13502464,11382784,0]
05-13 13:39:42.731  4060  4100 I am_pss  : [16755,1000,com.vivo.abe:pushservice_v1,14373888,12279808,0]
05-13 13:39:42.745  4060  4100 I am_pss  : [11158,10081,com.vivo.safecenter,6342656,5545984,0]
05-13 13:39:42.760  4060  4100 I am_pss  : [14966,10101,com.vivo.sdkplugin,5142528,3264512,0]
05-13 13:39:42.781  4060  4100 I am_pss  : [20188,10132,com.tencent.mm:tools,21050368,17817600,0]
05-13 13:39:42.798  4060  4100 I am_pss  : [7740,10132,com.tencent.mm:push,18195456,15884288,0]
05-13 13:39:42.820  4060  4100 I am_pss  : [9134,10128,com.tencent.mobileqq:openSdk,26292224,21073920,0]
05-13 13:39:42.837  4060  4100 I am_pss  : [8885,10063,com.iqoo.secure:remote,35283968,33779712,0]
05-13 13:39:42.852  4060  4100 I am_pss  : [9904,10132,com.tencent.mm:exdevice,10089472,8650752,0]
05-13 13:39:42.868  4060  4100 I am_pss  : [7978,10132,com.tencent.mm:recovery,7477248,5996544,0]
05-13 13:40:32.667  4060  4100 I am_pss  : [30688,10013,android.ext.services,4568064,2502656,0]
05-13 13:40:33.586  4060  5143 I am_proc_died: [0,30582,com.tencent.mobileqq:qzone]
05-13 13:40:33.587  4060  5143 I am_schedule_service_restart: [0,com.tencent.mobileqq/cooperation.qzone.remote.logic.QzoneWebPluginProxyService,1000]
05-13 13:40:34.610  4060  4102 I am_proc_start: [0,30712,10128,com.tencent.mobileqq:qzone,service,com.tencent.mobileqq/cooperation.qzone.remote.logic.QzoneWebPluginProxyService]
05-13 13:40:34.637  4060  6527 I am_proc_bound: [0,30712,com.tencent.mobileqq:qzone]
05-13 13:42:18.572  4060  4102 I am_broadcast_discard_app: [0,49771013,NULL,0,ResolveInfo{cf7425a com.happyelements.AndroidAnimal/com.happyelements.gsp.android.notification.gcn.GcnBroadcastReceiver m=0x0}]
05-13 13:42:18.581  4060  4300 I am_wtf  : [0,4060,system_server,-1,ActivityManager,Sending non-protected broadcast com.vivo.pem.power from system uid 1000 pkg com.vivo.pem]
05-13 13:42:18.586  4060  4300 I am_wtf  : [0,4060,system_server,-1,ActivityManager,Sending non-protected broadcast com.vivo.push.AlarmAciton.Retry from system uid 1000 pkg com.vivo.abe]
05-13 13:42:18.614  4060  5536 I am_broadcast_discard_app: [0,159105714,NULL,0,ResolveInfo{6b05203 com.happyelements.AndroidAnimal/com.happyelements.gsp.android.notification.gcn.GcnBroadcastReceiver m=0x0}]
05-13 13:42:18.681  4060  4100 I am_pss  : [30712,10128,com.tencent.mobileqq:qzone,37612544,32997376,0]
05-13 13:42:18.711  4060  4100 I am_pss  : [11158,10081,com.vivo.safecenter,6342656,5545984,0]
05-13 13:42:18.713  4060  5564 I am_broadcast_discard_app: [0,218512482,NULL,0,ResolveInfo{7d9c1f3 com.happyelements.AndroidAnimal/com.happyelements.gsp.android.notification.gcn.GcnBroadcastReceiver m=0x0}]
05-13 13:42:18.746  4060  4100 I am_pss  : [8885,10063,com.iqoo.secure:remote,35341312,33837056,0]
05-13 13:42:18.923  4060  4060 I free_storage_changed: 22775418880
05-13 13:42:19.119  4060  6521 I am_kill : [0,30688,android.ext.services,100,stop android.ext.services]
05-13 13:42:19.120  4060  6521 I am_schedule_service_restart: [0,android.ext.services/.notification.Ranker,1000]
05-13 13:42:19.128  4060  4060 I notification_cancel_all: [1000,4060,android.ext.services,0,0,0,5,NULL]
05-13 13:42:19.175  4060  4060 I am_proc_start: [0,30809,10013,android.ext.services,service,android.ext.services/.notification.Ranker]
05-13 13:42:19.190  4060  5137 I am_broadcast_discard_app: [0,127292532,android.intent.action.PACKAGE_RESTARTED,4,ResolveInfo{d315699 com.jingdong.app.mall/.broadcastReceiver.AppStateRecevier m=0x208000}]
05-13 13:42:19.199  4060 19040 I am_proc_bound: [0,30809,android.ext.services]
05-13 13:42:19.266  4060  5536 I notification_autogrouped: 0|com.android.bbklog|1|null|1000
05-13 13:42:19.268  4060  5554 I notification_autogrouped: 0|com.android.bbklog|1|null|1000
05-13 13:42:19.269  4060 17966 I notification_autogrouped: 0|com.bbk.iqoo.logsystem|3|null|10064
05-13 13:42:19.270  4060 17971 I notification_autogrouped: 0|com.bbk.iqoo.logsystem|3|null|10064
05-13 13:42:19.645  4060  4102 I am_broadcast_discard_app: [0,123275830,android.net.wifi.STATE_CHANGE,0,ResolveInfo{dc9fd37 com.UCMobile/com.uc.browser.business.openwifi.NetworkConnectReceiver p=1000 m=0x108000}]
05-13 13:42:19.670  4060  4102 I am_proc_start: [0,30824,10113,com.vivo.game,broadcast,com.vivo.game/.update.UpdateDownloadReceiver]
05-13 13:42:19.692  4060 23035 I am_proc_bound: [0,30824,com.vivo.game]
05-13 13:42:20.045  4060  5536 I am_broadcast_discard_app: [0,123275830,android.net.wifi.STATE_CHANGE,3,ResolveInfo{e5d1cd4 com.baidu.netdisk/com.baidu.cyberplayer.dlna.NetworkChangeReceiver m=0x108000}]
05-13 13:42:20.046  4060  4102 I am_broadcast_discard_app: [0,123275830,android.net.wifi.STATE_CHANGE,4,ResolveInfo{c660e7d com.handsgo.jiakao.android/cn.mucang.android.gamecenter.receiver.GameNetworkReceiver m=0x108000}]
05-13 13:42:20.047  4060  4102 I am_broadcast_discard_app: [0,123275830,android.net.wifi.STATE_CHANGE,5,ResolveInfo{18c7172 com.hunantv.imgo.activity/com.mangogamehall.receiver.GHWifiStateReceiver m=0x108000}]
05-13 13:42:20.048  4060  4102 I am_broadcast_discard_app: [0,123275830,android.net.wifi.STATE_CHANGE,6,ResolveInfo{38939c3 com.tencent.mtt/.browser.engine.ServiceProcessReceiver m=0x108000}]
05-13 13:42:21.401  4060 23035 I am_proc_died: [0,30824,com.vivo.game]
05-13 13:42:21.402  4060 23035 I am_schedule_service_restart: [0,com.vivo.game/.update.GameReceiverService,1000]
05-13 13:43:02.161  4060  4100 I am_pss  : [30809,10013,android.ext.services,4609024,2572288,0]
05-13 13:43:02.176  4060  4100 I sync    : [com.tencent.news.account,0,4,1022781436]
05-13 13:43:02.218  4060  4100 I sync    : [com.huajiao.account.syncprovider,0,4,1064065]
05-13 13:43:33.771  4060  6527 I am_proc_died: [0,30712,com.tencent.mobileqq:qzone]
05-13 13:43:33.772  4060  6527 I am_schedule_service_restart: [0,com.tencent.mobileqq/cooperation.qzone.remote.logic.QzoneWebPluginProxyService,1000]
05-13 13:43:34.796  4060  4102 I am_proc_start: [0,30903,10128,com.tencent.mobileqq:qzone,service,com.tencent.mobileqq/cooperation.qzone.remote.logic.QzoneWebPluginProxyService]
05-13 13:43:34.823  4060 17970 I am_proc_bound: [0,30903,com.tencent.mobileqq:qzone]
05-13 13:44:56.323  4060 17968 I am_broadcast_discard_app: [0,98016912,NULL,0,ResolveInfo{27e9389 com.happyelements.AndroidAnimal/com.happyelements.gsp.android.notification.gcn.GcnBroadcastReceiver m=0x0}]
05-13 13:44:56.377  4060  4100 I am_pss  : [30903,10128,com.tencent.mobileqq:qzone,37352448,32706560,0]
05-13 13:44:56.410  4060  4100 I am_pss  : [11158,10081,com.vivo.safecenter,6342656,5545984,0]
05-13 13:44:56.452  4060  4100 I am_pss  : [8885,10063,com.iqoo.secure:remote,35442688,33939456,0]
05-13 13:44:56.454  4060  4100 I sync    : [com.tencent.mtt.account.sync,0,4,105225487]
05-13 13:45:01.616  4060  4100 I sync    : [com.youku.auth.provider,0,4,-1645982301]
05-13 13:46:33.912  4060 23035 I am_proc_died: [0,30903,com.tencent.mobileqq:qzone]
05-13 13:46:33.913  4060 23035 I am_schedule_service_restart: [0,com.tencent.mobileqq/cooperation.qzone.remote.logic.QzoneWebPluginProxyService,1000]
05-13 13:46:34.936  4060  4102 I am_proc_start: [0,31012,10128,com.tencent.mobileqq:qzone,service,com.tencent.mobileqq/cooperation.qzone.remote.logic.QzoneWebPluginProxyService]
05-13 13:46:34.963  4060  5555 I am_proc_bound: [0,31012,com.tencent.mobileqq:qzone]
05-13 13:46:38.364 10441 10451 I force_gc: Binder
05-13 13:46:41.659  4060 23155 I am_broadcast_discard_app: [0,261158624,NULL,0,ResolveInfo{d318d99 com.happyelements.AndroidAnimal/com.happyelements.gsp.android.notification.gcn.GcnBroadcastReceiver m=0x0}]
05-13 13:47:19.349  4060  4077 I am_kill : [0,30809,android.ext.services,100,stop android.ext.services]
05-13 13:47:19.350  4060  4077 I am_schedule_service_restart: [0,android.ext.services/.notification.Ranker,1000]
05-13 13:47:19.363  4060  4060 I notification_cancel_all: [1000,4060,android.ext.services,0,0,0,5,NULL]
05-13 13:47:19.403  4060  4060 I am_proc_start: [0,31098,10013,android.ext.services,service,android.ext.services/.notification.Ranker]
05-13 13:47:19.419  4060 23153 I am_broadcast_discard_app: [0,62904336,android.intent.action.PACKAGE_RESTARTED,4,ResolveInfo{93592c5 com.jingdong.app.mall/.broadcastReceiver.AppStateRecevier m=0x208000}]
05-13 13:47:19.433  4060  5565 I am_proc_bound: [0,31098,android.ext.services]
05-13 13:47:19.463  4060  4100 I am_pss  : [31012,10128,com.tencent.mobileqq:qzone,36515840,31862784,0]
05-13 13:47:19.497  4060  4100 I am_pss  : [11158,10081,com.vivo.safecenter,6345728,5545984,0]
05-13 13:47:19.501  4060 17969 I notification_autogrouped: 0|com.android.bbklog|1|null|1000
05-13 13:47:19.502  4060 17965 I notification_autogrouped: 0|com.android.bbklog|1|null|1000
05-13 13:47:19.504  4060  6533 I notification_autogrouped: 0|com.bbk.iqoo.logsystem|3|null|10064
05-13 13:47:19.505  4060  5555 I notification_autogrouped: 0|com.bbk.iqoo.logsystem|3|null|10064
05-13 13:47:19.537  4060  4100 I am_pss  : [8885,10063,com.iqoo.secure:remote,35500032,33996800,0]
05-13 13:47:21.373  4060  4060 I notification_cancel_all: [1000,4060,com.vivo.game,0,0,0,5,NULL]
05-13 13:47:21.421  4060 17971 I am_broadcast_discard_app: [0,199137576,android.intent.action.PACKAGE_RESTARTED,4,ResolveInfo{d619641 com.jingdong.app.mall/.broadcastReceiver.AppStateRecevier m=0x208000}]
05-13 13:48:02.103  4060  4300 I am_wtf  : [0,4060,system_server,-1,ActivityManager,Sending non-protected broadcast com.vivo.pem.power from system uid 1000 pkg com.vivo.pem]
05-13 13:48:02.108  4060  4300 I am_wtf  : [0,4060,system_server,-1,ActivityManager,Sending non-protected broadcast com.vivo.push.AlarmAciton.Retry from system uid 1000 pkg com.vivo.abe]
05-13 13:48:02.145  4060  4880 I netstats_mobile_sample: [52502677,225781,17298375,128908,52418629,225279,16265347,128871,52414373,225275,16265175,128867,1494654482032]
05-13 13:48:02.149  4060  4880 I netstats_wifi_sample: [3202497796,2549075,110758720,1380864,3198962013,2406926,91767803,1381886,3195758417,2387303,91496451,1381282,1494654482032]
05-13 13:48:02.172  4060  4100 I am_pss  : [31098,10013,android.ext.services,4574208,2494464,0]
05-13 13:48:02.195  4060 17967 I am_broadcast_discard_app: [0,52860909,NULL,0,ResolveInfo{40ef8b3 com.happyelements.AndroidAnimal/com.happyelements.gsp.android.notification.gcn.GcnBroadcastReceiver m=0x0}]
05-13 13:48:02.420  4060  5143 I am_kill : [0,31098,android.ext.services,100,stop android.ext.services]
05-13 13:48:02.421  4060  5143 I am_schedule_service_restart: [0,android.ext.services/.notification.Ranker,1000]
05-13 13:48:02.430  4060  4060 I notification_cancel_all: [1000,4060,android.ext.services,0,0,0,5,NULL]
05-13 13:48:02.475  4060  4060 I am_proc_start: [0,31132,10013,android.ext.services,service,android.ext.services/.notification.Ranker]
05-13 13:48:02.481  4060  5555 I am_broadcast_discard_app: [0,226839506,android.intent.action.PACKAGE_RESTARTED,4,ResolveInfo{8d2b7ff com.jingdong.app.mall/.broadcastReceiver.AppStateRecevier m=0x208000}]
05-13 13:48:02.495  4060 17967 I am_proc_bound: [0,31132,android.ext.services]
05-13 13:48:02.552  4060  4076 I notification_autogrouped: 0|com.android.bbklog|1|null|1000
05-13 13:48:02.554  4060 17966 I notification_autogrouped: 0|com.android.bbklog|1|null|1000
05-13 13:48:02.555  4060  5421 I notification_autogrouped: 0|com.bbk.iqoo.logsystem|3|null|10064
05-13 13:48:02.557  4060 19040 I notification_autogrouped: 0|com.bbk.iqoo.logsystem|3|null|10064
05-13 13:48:14.551  4060  6527 I am_proc_start: [0,31147,1000,com.alps.lcn:remote,service,com.alps.lcn/com.baidu.location.f]
05-13 13:48:14.581  4060 23154 I am_proc_bound: [0,31147,com.alps.lcn:remote]
05-13 13:48:33.426  4060  4100 I am_pss  : [31132,10013,android.ext.services,4238336,2564096,0]
05-13 13:48:44.779  4060  5536 I am_mem_factor: [2,3]
05-13 13:48:44.853  4060 17966 I am_proc_died: [0,31147,com.alps.lcn:remote]
05-13 13:48:44.856  4060 17966 I am_mem_factor: [3,2]
05-13 13:48:45.239  4060  4100 I am_meminfo: [622518272,398934016,0,342872064,230005760]
05-13 13:48:45.312  4060  4100 I am_pss  : [10441,10128,com.tencent.mobileqq,205873152,197914624,0]
05-13 13:48:45.331  4060  4100 I am_pss  : [7786,10128,com.tencent.mobileqq:MSF,27902976,25411584,0]
05-13 13:48:45.355  4060  4100 I am_pss  : [7375,10034,com.bbk.launcher2,94952448,91987968,0]
05-13 13:48:45.375  4060  4100 I am_pss  : [31012,10128,com.tencent.mobileqq:qzone,37482496,32862208,0]
05-13 13:48:45.389  4060  4100 I am_pss  : [6575,1000,com.vivo.doubleinstance,4307968,3571712,0]
05-13 13:48:45.427  4060  4100 I am_pss  : [7930,10132,com.tencent.mm,118849536,113721344,0]
05-13 13:48:45.448  4060  4100 I am_pss  : [6631,1000,com.android.bbklog,27826176,25649152,0]
05-13 13:48:45.479  4060  4100 I am_pss  : [5085,10062,com.baidu.input_bbk.service,60750848,56041472,0]
05-13 13:48:45.497  4060  4100 I am_pss  : [12412,10128,com.tencent.mobileqq:TMAssistantDownloadSDKService,17937408,16035840,0]
05-13 13:48:45.514  4060  4100 I am_pss  : [5403,1000,com.android.settings,20790272,19451904,0]
05-13 13:48:45.531  4060  4100 I am_pss  : [16602,10085,com.vivo.secime.service,17358848,11038720,0]
05-13 13:48:45.546  4060  4100 I am_pss  : [31132,10013,android.ext.services,4615168,2572288,0]
05-13 13:48:45.560  4060  4100 I am_pss  : [4971,1000,com.vivo.appfilter,8361984,7483392,0]
05-13 13:48:46.069  4060  4100 I am_pss  : [5857,10064,com.bbk.iqoo.logsystem,59376640,57475072,0]
05-13 13:48:46.083  4060  4100 I am_pss  : [15831,1000,com.qti.service.colorservice,3729408,2985984,0]
05-13 13:48:46.098  4060  4100 I am_pss  : [16654,10056,com.vivo.doubletimezoneclock,14610432,13185024,0]
05-13 13:48:46.114  4060  4100 I am_pss  : [15967,10030,com.bbk.appstore,16800768,14753792,0]
05-13 13:48:46.129  4060  4100 I am_pss  : [6950,1000,com.vivo.wifi.networkdetect,4838400,3923968,0]
05-13 13:48:46.148  4060  4100 I am_pss  : [23624,10155,com.eg.android.AlipayGphone:push,33347584,24563712,0]
05-13 13:48:46.177  4060  4100 I am_pss  : [24614,10155,com.eg.android.AlipayGphone,68827136,59052032,0]
05-13 13:48:46.192  4060  4100 I am_pss  : [25602,10087,com.bbk.updater,9458688,7970816,0]
05-13 13:48:46.207  4060  4100 I am_pss  : [21539,10011,android.process.media,7219200,5763072,0]
05-13 13:48:46.225  4060  4100 I am_pss  : [8522,10055,com.vivo.devicereg,41359360,40275968,0]
05-13 13:48:46.240  4060  4100 I am_pss  : [12702,10028,com.vivo.audiofx,5255168,4333568,0]
05-13 13:48:46.254  4060  4100 I am_pss  : [25708,1000,com.volte.config,3298304,2379776,0]
05-13 13:48:46.269  4060  4100 I am_pss  : [25684,1000,com.qualcomm.display,3408896,2494464,0]
05-13 13:48:46.284  4060  4100 I am_pss  : [25633,10092,com.android.camera,14187520,11632640,0]
05-13 13:48:46.299  4060  4100 I am_pss  : [25551,1000,com.qualcomm.qti.appnetaccess,3667968,2686976,0]
05-13 13:48:46.314  4060  4100 I am_pss  : [20210,10002,android.process.acore,16144384,14114816,0]
05-13 13:48:46.329  4060  4100 I am_pss  : [25218,10045,com.vivo.weather.provider,12782592,10940416,0]
05-13 13:48:46.344  4060  4100 I am_pss  : [14795,10097,com.vivo.gallery,6218752,4198400,0]
05-13 13:48:46.359  4060  4100 I am_pss  : [25271,1000,org.simalliance.openmobileapi.service:remote,4584448,3289088,0]
05-13 13:48:46.373  4060  4100 I am_pss  : [18605,10041,com.android.BBKClock,5041152,3887104,0]
05-13 13:48:46.389  4060  4100 I am_pss  : [17284,10110,com.chaozh.iReader,13510656,11390976,0]
05-13 13:48:46.404  4060  4100 I am_pss  : [16755,1000,com.vivo.abe:pushservice_v1,14730240,12636160,0]
05-13 13:48:46.421  4060  4100 I am_pss  : [5482,1000,com.vivo.smartmultiwindow,20680704,19120128,0]
05-13 13:48:46.436  4060  4100 I am_pss  : [11158,10081,com.vivo.safecenter,6342656,5545984,0]
05-13 13:48:46.451  4060  4100 I am_pss  : [14966,10101,com.vivo.sdkplugin,5142528,3264512,0]
05-13 13:48:46.472  4060  4100 I am_pss  : [20188,10132,com.tencent.mm:tools,21204992,17989632,0]
05-13 13:48:46.490  4060  4100 I am_pss  : [7740,10132,com.tencent.mm:push,18866176,16568320,0]
05-13 13:48:46.511  4060  4100 I am_pss  : [9134,10128,com.tencent.mobileqq:openSdk,26635264,21422080,0]
05-13 13:48:46.527  4060  4100 I am_pss  : [9272,1000,com.vivo.permissionmanager,12466176,11603968,0]
05-13 13:48:46.545  4060  4100 I am_pss  : [19927,1001,com.android.incallui,17305600,15929344,0]
05-13 13:48:46.562  4060  4100 I am_pss  : [8885,10063,com.iqoo.secure:remote,35532800,34029568,0]
05-13 13:48:46.576  4060  4100 I am_pss  : [5788,10002,com.vivo.sim.contacts,4321280,3530752,0]
05-13 13:48:46.595  4060  4100 I am_pss  : [5066,1002,com.android.bluetooth,9006080,7577600,0]
05-13 13:48:46.610  4060  4100 I am_pss  : [9962,1000,com.vivo.intelliengine,10278912,9084928,0]
05-13 13:48:46.626  4060  4100 I am_pss  : [9904,10132,com.tencent.mm:exdevice,10240000,8814592,0]
05-13 13:48:46.640  4060  4100 I am_pss  : [5803,1001,com.qualcomm.qcrilmsgtunnel,3801088,3080192,0]
05-13 13:48:46.656  4060  4100 I am_pss  : [7978,10132,com.tencent.mm:recovery,7463936,5996544,0]
05-13 13:48:46.670  4060  4100 I am_pss  : [6494,10071,com.oma.drm.server,3662848,2945024,0]
05-13 13:48:46.686  4060  4100 I am_pss  : [6478,10017,com.baidu.map.location,14270464,12697600,0]
05-13 13:48:46.700  4060  4100 I am_pss  : [6467,1001,com.qualcomm.qti.loadcarrier,3382272,2674688,0]
05-13 13:48:46.714  4060  4100 I am_pss  : [6452,1000,com.alps.lcn,6906880,5980160,0]
05-13 13:48:46.732  4060  4100 I am_pss  : [6440,1000,com.vivo.abe,27916288,25714688,0]
05-13 13:48:46.754  4060  4100 I am_pss  : [5547,1001,com.android.phone,34144256,32501760,0]
05-13 13:48:46.778  4060  4100 I am_pss  : [7389,1000,com.vivo.upslide,115271680,112971776,0]
05-13 13:48:46.793  4060  4100 I am_pss  : [5513,1000,com.android.server.telecom,7676928,6815744,0]
05-13 13:48:46.809  4060  4100 I am_pss  : [5507,1000,.dataservices,7052288,6217728,0]
05-13 13:48:46.831  4060  4100 I am_pss  : [5389,1000,com.vivo.daemonService,29206528,27287552,0]
05-13 13:48:46.861  4060  4100 I am_pss  : [5202,10024,com.android.systemui,93879296,89518080,0]
05-13 13:48:46.918  4060  4100 I am_pss  : [4060,1000,system,145619968,141754368,0]
05-13 13:49:03.704  4060  4100 I am_pss  : [11158,10081,com.vivo.safecenter,6342656,5545984,0]
05-13 13:49:03.739  4060  4100 I am_pss  : [8885,10063,com.iqoo.secure:remote,35545088,34041856,0]
05-13 13:49:19.088  4060  4060 I free_storage_changed: 22772555776
05-13 13:49:33.145  4060  4100 I am_pss  : [10441,10128,com.tencent.mobileqq,205832192,197873664,0]
05-13 13:49:33.170  4060  4100 I am_pss  : [7786,10128,com.tencent.mobileqq:MSF,28070912,25579520,0]
05-13 13:49:33.199  4060  4100 I am_pss  : [7375,10034,com.bbk.launcher2,94952448,91987968,0]
05-13 13:49:33.220  4060  4100 I am_pss  : [31012,10128,com.tencent.mobileqq:qzone,38821888,34193408,0]
05-13 13:49:33.235  4060  4100 I am_pss  : [6575,1000,com.vivo.doubleinstance,4307968,3571712,0]
05-13 13:49:33.273  4060  4100 I am_pss  : [7930,10132,com.tencent.mm,118935552,113807360,0]
05-13 13:49:33.294  4060  4100 I am_pss  : [6631,1000,com.android.bbklog,27842560,25665536,0]
05-13 13:49:33.327  4060  4100 I am_pss  : [5085,10062,com.baidu.input_bbk.service,60750848,56041472,0]
05-13 13:49:33.345  4060  4100 I am_pss  : [12412,10128,com.tencent.mobileqq:TMAssistantDownloadSDKService,18330624,16429056,0]
05-13 13:49:33.363  4060  4100 I am_pss  : [5403,1000,com.android.settings,20790272,19451904,0]
05-13 13:49:33.379  4060  4100 I am_pss  : [16602,10085,com.vivo.secime.service,17358848,11038720,0]
05-13 13:49:33.394  4060  4100 I am_pss  : [31132,10013,android.ext.services,4615168,2572288,0]
05-13 13:49:33.409  4060  4100 I am_pss  : [4971,1000,com.vivo.appfilter,8361984,7483392,0]
05-13 13:49:33.920  4060  4100 I am_pss  : [5857,10064,com.bbk.iqoo.logsystem,59376640,57475072,0]
05-13 13:49:33.934  4060  4100 I am_pss  : [15831,1000,com.qti.service.colorservice,3729408,2985984,0]
05-13 13:49:33.950  4060  4100 I am_pss  : [16654,10056,com.vivo.doubletimezoneclock,14610432,13185024,0]
05-13 13:49:33.966  4060  4100 I am_pss  : [15967,10030,com.bbk.appstore,16800768,14753792,0]
05-13 13:49:33.981  4060  4100 I am_pss  : [6950,1000,com.vivo.wifi.networkdetect,4838400,3923968,0]
05-13 13:49:34.017  4060  4100 I am_pss  : [23624,10155,com.eg.android.AlipayGphone:push,33395712,24563712,0]
05-13 13:49:34.034  4060 17971 I am_proc_died: [0,31012,com.tencent.mobileqq:qzone]
05-13 13:49:34.034  4060 17971 I am_schedule_service_restart: [0,com.tencent.mobileqq/cooperation.qzone.remote.logic.QzoneWebPluginProxyService,1000]
05-13 13:49:34.057  4060  4100 I am_pss  : [24614,10155,com.eg.android.AlipayGphone,69331968,59203584,0]
05-13 13:49:34.076  4060  4100 I am_pss  : [25602,10087,com.bbk.updater,9499648,8007680,0]
05-13 13:49:34.094  4060  4100 I am_pss  : [21539,10011,android.process.media,7219200,5763072,0]
05-13 13:49:34.115  4060  4100 I am_pss  : [8522,10055,com.vivo.devicereg,41359360,40275968,0]
05-13 13:49:34.129  4060  4100 I am_pss  : [12702,10028,com.vivo.audiofx,5256192,4333568,0]
05-13 13:49:34.144  4060  4100 I am_pss  : [25708,1000,com.volte.config,3298304,2379776,0]
05-13 13:49:34.158  4060  4100 I am_pss  : [25684,1000,com.qualcomm.display,3408896,2494464,0]
05-13 13:49:34.174  4060  4100 I am_pss  : [25633,10092,com.android.camera,14392320,11653120,0]
05-13 13:49:34.188  4060  4100 I am_pss  : [25551,1000,com.qualcomm.qti.appnetaccess,3667968,2686976,0]
05-13 13:49:34.204  4060  4100 I am_pss  : [20210,10002,android.process.acore,16145408,14114816,0]
05-13 13:49:34.219  4060  4100 I am_pss  : [25218,10045,com.vivo.weather.provider,12787712,10940416,0]
05-13 13:49:34.234  4060  4100 I am_pss  : [14795,10097,com.vivo.gallery,6403072,4206592,0]
05-13 13:49:34.249  4060  4100 I am_pss  : [25271,1000,org.simalliance.openmobileapi.service:remote,4584448,3289088,0]
05-13 13:49:34.263  4060  4100 I am_pss  : [18605,10041,com.android.BBKClock,5042176,3887104,0]
05-13 13:49:34.279  4060  4100 I am_pss  : [17284,10110,com.chaozh.iReader,13722624,11431936,0]
05-13 13:49:34.294  4060  4100 I am_pss  : [16755,1000,com.vivo.abe:pushservice_v1,14730240,12636160,0]
05-13 13:49:34.311  4060  4100 I am_pss  : [5482,1000,com.vivo.smartmultiwindow,20681728,19120128,0]
05-13 13:49:34.327  4060  4100 I am_pss  : [14966,10101,com.vivo.sdkplugin,5289984,3264512,0]
05-13 13:49:34.348  4060  4100 I am_pss  : [20188,10132,com.tencent.mm:tools,21420032,17993728,0]
05-13 13:49:34.365  4060  4100 I am_pss  : [7740,10132,com.tencent.mm:push,19041280,16637952,0]
05-13 13:49:34.387  4060  4100 I am_pss  : [9134,10128,com.tencent.mobileqq:openSdk,28296192,23777280,0]
05-13 13:49:34.402  4060  4100 I am_pss  : [9272,1000,com.vivo.permissionmanager,12466176,11603968,0]
05-13 13:49:34.421  4060  4100 I am_pss  : [19927,1001,com.android.incallui,17306624,15929344,0]
05-13 13:49:34.435  4060  4100 I am_pss  : [5788,10002,com.vivo.sim.contacts,4321280,3530752,0]
05-13 13:49:34.453  4060  4100 I am_pss  : [5066,1002,com.android.bluetooth,9109504,7577600,0]
05-13 13:49:34.469  4060  4100 I am_pss  : [9962,1000,com.vivo.intelliengine,10278912,9084928,0]
05-13 13:49:34.485  4060  4100 I am_pss  : [9904,10132,com.tencent.mm:exdevice,10327040,8814592,0]
05-13 13:49:34.499  4060  4100 I am_pss  : [5803,1001,com.qualcomm.qcrilmsgtunnel,3801088,3080192,0]
05-13 13:49:34.514  4060  4100 I am_pss  : [7978,10132,com.tencent.mm:recovery,7556096,5996544,0]
05-13 13:49:35.056  4060  4102 I am_proc_start: [0,31222,10128,com.tencent.mobileqq:qzone,service,com.tencent.mobileqq/cooperation.qzone.remote.logic.QzoneWebPluginProxyService]
05-13 13:49:35.083  4060 23054 I am_proc_bound: [0,31222,com.tencent.mobileqq:qzone]
05-13 13:52:33.298  4060  4100 I am_pss  : [31222,10128,com.tencent.mobileqq:qzone,38980608,34340864,0]
05-13 13:52:33.332  4060  4100 I am_pss  : [11158,10081,com.vivo.safecenter,6342656,5545984,0]
05-13 13:52:33.372  4060  4100 I am_pss  : [8885,10063,com.iqoo.secure:remote,35627008,34123776,0]
05-13 13:52:33.402  4060  4100 I am_pss  : [6494,10071,com.oma.drm.server,3662848,2945024,0]
05-13 13:52:33.428  4060  4100 I am_pss  : [6478,10017,com.baidu.map.location,14270464,12697600,0]
05-13 13:52:33.447  4060  4100 I am_pss  : [6467,1001,com.qualcomm.qti.loadcarrier,3382272,2674688,0]
05-13 13:52:33.467  4060  4100 I am_pss  : [6452,1000,com.alps.lcn,6894592,5967872,0]
05-13 13:52:33.487  4060  4100 I am_pss  : [6440,1000,com.vivo.abe,27924480,25722880,0]
05-13 13:52:33.513  4060  4100 I am_pss  : [5547,1001,com.android.phone,34148352,32505856,0]
05-13 13:52:33.538  4060  4100 I am_pss  : [7389,1000,com.vivo.upslide,115271680,112971776,0]
05-13 13:52:33.552  4060  4100 I am_pss  : [5513,1000,com.android.server.telecom,7676928,6815744,0]
05-13 13:52:33.568  4060  4100 I am_pss  : [5507,1000,.dataservices,7052288,6217728,0]
05-13 13:52:33.590  4060  4100 I am_pss  : [5389,1000,com.vivo.daemonService,29689856,27770880,0]
05-13 13:52:33.620  4060  4100 I am_pss  : [5202,10024,com.android.systemui,93883392,89522176,0]
05-13 13:52:33.678  4060  4100 I am_pss  : [4060,1000,system,146410496,142544896,0]
05-13 13:52:34.181  4060  6527 I am_proc_died: [0,31222,com.tencent.mobileqq:qzone]
05-13 13:52:34.182  4060  6527 I am_schedule_service_restart: [0,com.tencent.mobileqq/cooperation.qzone.remote.logic.QzoneWebPluginProxyService,1000]
05-13 13:52:35.205  4060  4102 I am_proc_start: [0,31328,10128,com.tencent.mobileqq:qzone,service,com.tencent.mobileqq/cooperation.qzone.remote.logic.QzoneWebPluginProxyService]
05-13 13:52:35.231  4060  5421 I am_proc_bound: [0,31328,com.tencent.mobileqq:qzone]
05-13 13:53:02.647  4060  4076 I am_kill : [0,31132,android.ext.services,100,stop android.ext.services]
05-13 13:53:02.648  4060  4076 I am_schedule_service_restart: [0,android.ext.services/.notification.Ranker,1000]
05-13 13:53:02.662  4060  4060 I notification_cancel_all: [1000,4060,android.ext.services,0,0,0,5,NULL]
05-13 13:53:02.726  4060  4060 I am_proc_start: [0,31404,10013,android.ext.services,service,android.ext.services/.notification.Ranker]
05-13 13:53:02.738  4060  6527 I am_broadcast_discard_app: [0,97844950,android.intent.action.PACKAGE_RESTARTED,4,ResolveInfo{fad7ff3 com.jingdong.app.mall/.broadcastReceiver.AppStateRecevier m=0x208000}]
05-13 13:53:02.749  4060  6521 I am_proc_bound: [0,31404,android.ext.services]
05-13 13:53:02.780  4060  4100 I am_pss  : [31328,10128,com.tencent.mobileqq:qzone,36141056,31571968,0]
05-13 13:53:02.815  4060 23054 I notification_autogrouped: 0|com.android.bbklog|1|null|1000
05-13 13:53:02.817  4060  4077 I notification_autogrouped: 0|com.android.bbklog|1|null|1000
05-13 13:53:02.819  4060  4076 I notification_autogrouped: 0|com.bbk.iqoo.logsystem|3|null|10064
05-13 13:53:02.820  4060 23154 I notification_autogrouped: 0|com.bbk.iqoo.logsystem|3|null|10064
05-13 13:54:46.142  4060  4102 I am_broadcast_discard_app: [0,122212935,NULL,0,ResolveInfo{3fd5a74 com.happyelements.AndroidAnimal/com.happyelements.gsp.android.notification.gcn.GcnBroadcastReceiver m=0x0}]
05-13 13:54:46.145  4060  4102 I am_broadcast_discard_app: [0,237439901,NULL,0,ResolveInfo{497f812 com.happyelements.AndroidAnimal/com.happyelements.gsp.android.notification.gcn.GcnBroadcastReceiver m=0x0}]
05-13 13:54:46.148  4060  4102 I am_broadcast_discard_app: [0,37112803,NULL,0,ResolveInfo{cfa9e0 com.happyelements.AndroidAnimal/com.happyelements.gsp.android.notification.gcn.GcnBroadcastReceiver m=0x0}]
05-13 13:54:46.154  4060  4300 I am_wtf  : [0,4060,system_server,-1,ActivityManager,Sending non-protected broadcast com.vivo.pem.power from system uid 1000 pkg com.vivo.pem]
05-13 13:54:46.159  4060  4300 I am_wtf  : [0,4060,system_server,-1,ActivityManager,Sending non-protected broadcast com.vivo.push.AlarmAciton.Retry from system uid 1000 pkg com.vivo.abe]
05-13 13:54:46.254  4060  4100 I am_pss  : [31404,10013,android.ext.services,4566016,2478080,0]
05-13 13:54:46.285  4060 23155 I am_broadcast_discard_app: [0,179173935,NULL,0,ResolveInfo{da8083c com.happyelements.AndroidAnimal/com.happyelements.gsp.android.notification.gcn.GcnBroadcastReceiver m=0x0}]
05-13 13:54:46.320  4060  4100 I am_pss  : [11158,10081,com.vivo.safecenter,6342656,5545984,0]
05-13 13:54:46.361  4060  4100 I am_pss  : [8885,10063,com.iqoo.secure:remote,35680256,34177024,0]
05-13 13:54:46.453  4060 23153 I am_kill : [0,31404,android.ext.services,100,stop android.ext.services]
05-13 13:54:46.454  4060 23153 I am_schedule_service_restart: [0,android.ext.services/.notification.Ranker,1000]
05-13 13:54:46.466  4060  4060 I notification_cancel_all: [1000,4060,android.ext.services,0,0,0,5,NULL]
05-13 13:54:46.526  4060  4060 I am_proc_start: [0,31437,10013,android.ext.services,service,android.ext.services/.notification.Ranker]
05-13 13:54:46.538  4060 17965 I am_broadcast_discard_app: [0,206936128,android.intent.action.PACKAGE_RESTARTED,4,ResolveInfo{121de35 com.jingdong.app.mall/.broadcastReceiver.AppStateRecevier m=0x208000}]
05-13 13:54:46.547  4060  5421 I am_proc_bound: [0,31437,android.ext.services]
05-13 13:54:46.609  4060 17969 I notification_autogrouped: 0|com.android.bbklog|1|null|1000
05-13 13:54:46.611  4060  5555 I notification_autogrouped: 0|com.android.bbklog|1|null|1000
05-13 13:54:46.612  4060  4077 I notification_autogrouped: 0|com.bbk.iqoo.logsystem|3|null|10064
05-13 13:54:46.614  4060  5539 I notification_autogrouped: 0|com.bbk.iqoo.logsystem|3|null|10064
05-13 13:55:33.420  4060  4100 I am_pss  : [31437,10013,android.ext.services,4571136,2482176,0]
05-13 13:55:34.308  4060  5421 I am_proc_died: [0,31328,com.tencent.mobileqq:qzone]
05-13 13:55:34.309  4060  5421 I am_schedule_service_restart: [0,com.tencent.mobileqq/cooperation.qzone.remote.logic.QzoneWebPluginProxyService,1000]
05-13 13:55:35.331  4060  4102 I am_proc_start: [0,31464,10128,com.tencent.mobileqq:qzone,service,com.tencent.mobileqq/cooperation.qzone.remote.logic.QzoneWebPluginProxyService]
05-13 13:55:35.357  4060 17975 I am_proc_bound: [0,31464,com.tencent.mobileqq:qzone]
05-13 13:57:59.768  4060  4102 I am_broadcast_discard_app: [0,117190192,NULL,0,ResolveInfo{8927aa9 com.happyelements.AndroidAnimal/com.happyelements.gsp.android.notification.gcn.GcnBroadcastReceiver m=0x0}]
05-13 13:57:59.838  4060  4100 I am_pss  : [31464,10128,com.tencent.mobileqq:qzone,38117376,33472512,0]
05-13 13:57:59.877  4060  4100 I am_pss  : [11158,10081,com.vivo.safecenter,6342656,5545984,0]
05-13 13:57:59.917  4060  4100 I am_pss  : [8885,10063,com.iqoo.secure:remote,35766272,34263040,0]
05-13 13:58:05.096  4060  4100 I sync    : [com.huajiao.account.syncprovider,0,4,1064065]
05-13 13:58:33.548  4060  4100 I am_pss  : [8522,10055,com.vivo.devicereg,41461760,40378368,0]
05-13 13:58:34.407  4060 19040 I am_proc_died: [0,31464,com.tencent.mobileqq:qzone]
05-13 13:58:34.408  4060 19040 I am_schedule_service_restart: [0,com.tencent.mobileqq/cooperation.qzone.remote.logic.QzoneWebPluginProxyService,1000]
05-13 13:58:35.434  4060  4102 I am_proc_start: [0,31590,10128,com.tencent.mobileqq:qzone,service,com.tencent.mobileqq/cooperation.qzone.remote.logic.QzoneWebPluginProxyService]
05-13 13:58:35.457  4060  6527 I am_proc_bound: [0,31590,com.tencent.mobileqq:qzone]
05-13 13:58:40.562  4060  4100 I sync    : [com.UCMobile.syssync,0,4,2702]
05-13 13:58:40.578  4060 23035 I am_broadcast_discard_app: [0,69717623,NULL,0,ResolveInfo{ce55ae4 com.happyelements.AndroidAnimal/com.happyelements.gsp.android.notification.gcn.GcnBroadcastReceiver m=0x0}]
05-13 13:59:19.428  4060  4060 I free_storage_changed: 22770384896
05-13 13:59:46.637  4060  4076 I am_kill : [0,31437,android.ext.services,100,stop android.ext.services]
05-13 13:59:46.638  4060  4076 I am_schedule_service_restart: [0,android.ext.services/.notification.Ranker,1000]
05-13 13:59:46.648  4060  4060 I notification_cancel_all: [1000,4060,android.ext.services,0,0,0,5,NULL]
05-13 13:59:46.697  4060  4060 I am_proc_start: [0,31682,10013,android.ext.services,service,android.ext.services/.notification.Ranker]
05-13 13:59:46.711  4060  5539 I am_broadcast_discard_app: [0,235756405,android.intent.action.PACKAGE_RESTARTED,4,ResolveInfo{42749d6 com.jingdong.app.mall/.broadcastReceiver.AppStateRecevier m=0x208000}]
05-13 13:59:46.718  4060 17973 I am_proc_bound: [0,31682,android.ext.services]
05-13 13:59:46.743  4060  4100 I am_pss  : [31590,10128,com.tencent.mobileqq:qzone,37264384,32620544,0]
05-13 13:59:46.781  4060 17975 I notification_autogrouped: 0|com.android.bbklog|1|null|1000
05-13 13:59:46.783  4060 17969 I notification_autogrouped: 0|com.android.bbklog|1|null|1000
05-13 13:59:46.784  4060 23035 I notification_autogrouped: 0|com.bbk.iqoo.logsystem|3|null|10064
05-13 13:59:46.786  4060  5539 I notification_autogrouped: 0|com.bbk.iqoo.logsystem|3|null|10064
05-13 14:01:33.669  4060  4100 I am_pss  : [31682,10013,android.ext.services,4574208,2490368,0]
05-13 14:01:33.702  4060  4100 I am_pss  : [11158,10081,com.vivo.safecenter,6342656,5545984,0]
05-13 14:01:33.744  4060  4100 I am_pss  : [8885,10063,com.iqoo.secure:remote,35848192,34344960,0]
05-13 14:01:34.575  4060 23153 I am_proc_died: [0,31590,com.tencent.mobileqq:qzone]
05-13 14:01:34.576  4060 23153 I am_schedule_service_restart: [0,com.tencent.mobileqq/cooperation.qzone.remote.logic.QzoneWebPluginProxyService,1000]
05-13 14:01:35.598  4060  4102 I am_proc_start: [0,31714,10128,com.tencent.mobileqq:qzone,service,com.tencent.mobileqq/cooperation.qzone.remote.logic.QzoneWebPluginProxyService]
05-13 14:01:35.624  4060 17970 I am_proc_bound: [0,31714,com.tencent.mobileqq:qzone]
05-13 14:02:41.639  4060  4300 I am_wtf  : [0,4060,system_server,-1,ActivityManager,Sending non-protected broadcast com.vivo.pem.power from system uid 1000 pkg com.vivo.pem]
05-13 14:02:41.645  4060  4300 I am_wtf  : [0,4060,system_server,-1,ActivityManager,Sending non-protected broadcast com.vivo.push.AlarmAciton.Retry from system uid 1000 pkg com.vivo.abe]
05-13 14:02:41.653  4060 17967 I am_broadcast_discard_app: [0,6341074,NULL,0,ResolveInfo{eacb2a3 com.happyelements.AndroidAnimal/com.happyelements.gsp.android.notification.gcn.GcnBroadcastReceiver m=0x0}]
05-13 14:02:41.709  4060  5143 I am_broadcast_discard_app: [0,78893851,NULL,0,ResolveInfo{cc54cb8 com.happyelements.AndroidAnimal/com.happyelements.gsp.android.notification.gcn.GcnBroadcastReceiver m=0x0}]
05-13 14:02:41.756  4060  4100 I am_pss  : [31714,10128,com.tencent.mobileqq:qzone,37217280,32571392,0]
05-13 14:02:41.943  4060 17971 I am_kill : [0,31682,android.ext.services,100,stop android.ext.services]
05-13 14:02:41.944  4060 17971 I am_schedule_service_restart: [0,android.ext.services/.notification.Ranker,1000]
05-13 14:02:41.953  4060  4060 I notification_cancel_all: [1000,4060,android.ext.services,0,0,0,5,NULL]
05-13 14:02:41.999  4060  4060 I am_proc_start: [0,31800,10013,android.ext.services,service,android.ext.services/.notification.Ranker]
05-13 14:02:42.008  4060 17965 I am_broadcast_discard_app: [0,79435214,android.intent.action.PACKAGE_RESTARTED,4,ResolveInfo{52bb90b com.jingdong.app.mall/.broadcastReceiver.AppStateRecevier m=0x208000}]
05-13 14:02:42.019  4060  9064 I am_proc_bound: [0,31800,android.ext.services]
05-13 14:02:42.078  4060  4076 I notification_autogrouped: 0|com.android.bbklog|1|null|1000
05-13 14:02:42.080  4060 17966 I notification_autogrouped: 0|com.android.bbklog|1|null|1000
05-13 14:02:42.081  4060 17968 I notification_autogrouped: 0|com.bbk.iqoo.logsystem|3|null|10064
05-13 14:02:42.083  4060  5421 I notification_autogrouped: 0|com.bbk.iqoo.logsystem|3|null|10064
05-13 14:02:47.371  4060  4060 I sysui_histogram: [fingerprint_token,0]
05-13 14:03:02.169  4060  4100 I am_pss  : [31800,10013,android.ext.services,4594688,2502656,0]
05-13 14:03:02.172  4060  4100 I sync    : [com.tencent.news.account,0,4,1022781436]
05-13 14:03:26.623  4060  4060 I sysui_histogram: [fingerprint_token,0]
05-13 14:03:29.392  4060  4060 I sysui_histogram: [fingerprint_token,0]
05-13 14:03:32.052  4060  4308 I sysui_histogram: [power_double_tap_interval,6791985]
05-13 14:03:32.057  4060  4060 I power_screen_state: [1,0,0,0]
05-13 14:03:32.057  4060  4060 I screen_toggled: 1
05-13 14:03:32.061  5202  5202 I sysui_histogram: [note_load,3]
05-13 14:03:32.062  4060  5564 I notification_panel_revealed: 3
05-13 14:03:32.065  4060  4060 I power_screen_broadcast_send: 1
05-13 14:03:32.182  4060 17974 I am_broadcast_discard_app: [0,117824006,NULL,0,ResolveInfo{c8fd8c7 com.happyelements.AndroidAnimal/com.happyelements.gsp.android.notification.gcn.GcnBroadcastReceiver m=0x0}]
05-13 14:03:32.213  4060  5565 I am_wtf  : [0,4060,system_server,-1,ActivityManager,Sending non-protected broadcast com.vivo.updater.action.SCREEN_ON from system 5389:com.vivo.daemonService/1000 pkg com.vivo.daemonService]
05-13 14:03:32.346   513   513 I sf_frame_dur: [ColorFade,2,1,0,0,0,0,0]
05-13 14:03:32.453  4060  4100 I am_meminfo: [630222848,326340608,0,346144768,230514688]
05-13 14:03:32.533  4060  4100 I am_pss  : [10441,10128,com.tencent.mobileqq,207153152,199208960,0]
05-13 14:03:32.552  4060  4100 I am_pss  : [7786,10128,com.tencent.mobileqq:MSF,27448320,24956928,0]
05-13 14:03:32.576  4060  4100 I am_pss  : [7375,10034,com.bbk.launcher2,98383872,95354880,0]
05-13 14:03:32.591  4060  4100 I am_pss  : [6575,1000,com.vivo.doubleinstance,4307968,3571712,0]
05-13 14:03:32.629  4060  4100 I am_pss  : [7930,10132,com.tencent.mm,119843840,114757632,0]
05-13 14:03:32.650  4060  4100 I am_pss  : [6631,1000,com.android.bbklog,28030976,25853952,0]
05-13 14:03:32.682  4060  4100 I am_pss  : [5085,10062,com.baidu.input_bbk.service,60750848,56041472,0]
