06-26 12:03:09.766  2813  3033 I am_broadcast_discard_app: [0,31561362,android.net.wifi.RSSI_CHANGED,0,ResolveInfo{fd9c863 com.tencent.androidqqmail/com.tencent.qqmail.utilities.qmbroadcastreceiver.WifiChangeReceiver m=0x108000}]
06-26 12:03:12.779  2813  3033 I am_broadcast_discard_app: [0,177637311,android.net.wifi.RSSI_CHANGED,0,ResolveInfo{c2e2e8c com.tencent.androidqqmail/com.tencent.qqmail.utilities.qmbroadcastreceiver.WifiChangeReceiver m=0x108000}]
06-26 12:03:15.805  2813  3033 I am_broadcast_discard_app: [0,137748699,android.net.wifi.RSSI_CHANGED,0,ResolveInfo{dd5a778 com.tencent.androidqqmail/com.tencent.qqmail.utilities.qmbroadcastreceiver.WifiChangeReceiver m=0x108000}]
06-26 12:03:18.817  2813  3033 I am_broadcast_discard_app: [0,195538871,android.net.wifi.RSSI_CHANGED,0,ResolveInfo{c79c324 com.tencent.androidqqmail/com.tencent.qqmail.utilities.qmbroadcastreceiver.WifiChangeReceiver m=0x108000}]
06-26 12:03:21.843  2813  3033 I am_broadcast_discard_app: [0,217944147,android.net.wifi.RSSI_CHANGED,0,ResolveInfo{d21ed90 com.tencent.androidqqmail/com.tencent.qqmail.utilities.qmbroadcastreceiver.WifiChangeReceiver m=0x108000}]
06-26 12:03:24.868  2813  3033 I am_broadcast_discard_app: [0,164028079,android.net.wifi.RSSI_CHANGED,0,ResolveInfo{be052bc com.tencent.androidqqmail/com.tencent.qqmail.utilities.qmbroadcastreceiver.WifiChangeReceiver m=0x108000}]
06-26 12:03:27.881  2813  3033 I am_broadcast_discard_app: [0,150829414,android.net.wifi.RSSI_CHANGED,0,ResolveInfo{9cdf4a7 com.tencent.androidqqmail/com.tencent.qqmail.utilities.qmbroadcastreceiver.WifiChangeReceiver m=0x108000}]
06-26 12:03:27.920  2813  3030 I am_pss  : [16468,10044,com.vivo.weather:remote,9617408,5423104,0]
06-26 12:03:29.924   512   512 I sf_frame_dur: [UpSlideTransparentView,2,0,0,0,0,0,3]
06-26 12:03:30.891  2813  3033 I am_broadcast_discard_app: [0,181913074,android.net.wifi.RSSI_CHANGED,0,ResolveInfo{75b3443 com.tencent.androidqqmail/com.tencent.qqmail.utilities.qmbroadcastreceiver.WifiChangeReceiver m=0x108000}]
06-26 12:03:33.908  2813  3033 I am_broadcast_discard_app: [0,138813770,android.net.wifi.RSSI_CHANGED,0,ResolveInfo{d3ce8bb com.tencent.androidqqmail/com.tencent.qqmail.utilities.qmbroadcastreceiver.WifiChangeReceiver m=0x108000}]
06-26 12:03:33.908  2813  3033 I am_broadcast_discard_app: [0,226116056,android.net.wifi.RSSI_CHANGED,0,ResolveInfo{22e0931 com.tencent.androidqqmail/com.tencent.qqmail.utilities.qmbroadcastreceiver.WifiChangeReceiver m=0x108000}]
06-26 12:03:35.818  2813  4415 I am_create_task: [0,14]
06-26 12:03:35.818  2813  4415 I am_create_activity: [0,21825558,14,com.hunantv.imgo.activity/.MainActivity,android.intent.action.MAIN,NULL,NULL,807403520]
06-26 12:03:35.819  2813  4415 I wm_task_created: [14,1]
06-26 12:03:35.819  2813  4415 I wm_task_moved: [14,1,2]
06-26 12:03:35.819  2813  4415 I am_focused_stack: [0,1,0,startedActivity setFocusedActivity]
06-26 12:03:35.820  2813  4415 I wm_task_moved: [14,1,2]
06-26 12:03:35.821  2813  4415 I am_focused_activity: [0,com.hunantv.imgo.activity/.MainActivity,startedActivity]
06-26 12:03:35.822  2813  4415 I am_pause_activity: [0,164481519,com.bbk.launcher2/.Launcher]
06-26 12:03:35.825  2813  4415 I sysui_action: [323,com.hunantv.imgo.activity/.MainActivity]
06-26 12:03:35.825  2813  4415 I sysui_action: [324,false]
06-26 12:03:35.825  2813  4415 I sysui_action: [325,9950]
06-26 12:03:35.829  5461  5461 I am_on_paused_called: [0,com.bbk.launcher2.Launcher,handlePauseActivity]
06-26 12:03:35.842  2813 14828 I am_proc_start: [0,16610,10183,com.hunantv.imgo.activity,activity,com.hunantv.imgo.activity/.MainActivity]
06-26 12:03:35.849  2813  4614 I am_proc_bound: [0,16610,com.hunantv.imgo.activity]
06-26 12:03:35.856  2813  4614 I am_restart_activity: [0,21825558,14,com.hunantv.imgo.activity/.MainActivity]
06-26 12:03:35.920  2813  3188 I sysui_action: [321,112]
06-26 12:03:35.920  2813  3188 I sysui_action: [320,1]
06-26 12:03:35.920  2813  3188 I sysui_action: [319,112]
06-26 12:03:36.190  2813  3037 I am_wtf  : [0,2813,system_server,-1,ActivityManager,Sending non-protected broadcast vivo.intent.action.CHECK_ALERT_WINDOW from system 2813:system/1000 pkg android]
06-26 12:03:36.191  2813  3037 I am_wtf  : [0,2813,system_server,-1,ActivityManager,Sending non-protected broadcast vivo.intent.action.CHECK_ALERT_WINDOW from system 2813:system/1000 pkg android]
06-26 12:03:36.924  2813  3033 I am_broadcast_discard_app: [0,43512151,android.net.wifi.RSSI_CHANGED,0,ResolveInfo{6847444 com.tencent.androidqqmail/com.tencent.qqmail.utilities.qmbroadcastreceiver.WifiChangeReceiver m=0x108000}]
06-26 12:03:39.950  2813  3033 I am_broadcast_discard_app: [0,222317555,android.net.wifi.RSSI_CHANGED,0,ResolveInfo{c7690b0 com.tencent.androidqqmail/com.tencent.qqmail.utilities.qmbroadcastreceiver.WifiChangeReceiver m=0x108000}]
06-26 12:03:42.976  2813  3033 I am_broadcast_discard_app: [0,2885596,android.net.wifi.RSSI_CHANGED,0,ResolveInfo{d4c90e5 com.tencent.androidqqmail/com.tencent.qqmail.utilities.qmbroadcastreceiver.WifiChangeReceiver m=0x108000}]
06-26 12:03:43.500   512   512 I sf_frame_dur: [,0,0,0,0,3,3,2]
06-26 12:03:43.740  2813  2901 I am_proc_start: [0,16717,10183,com.hunantv.imgo.activity:QS,service,com.hunantv.imgo.activity/com.q.m.QS]
06-26 12:03:43.742 16610 16610 I am_on_resume_called: [0,com.hunantv.imgo.activity.MainActivity,LAUNCH_ACTIVITY]
06-26 12:03:43.759  2813  5412 I am_proc_bound: [0,16717,com.hunantv.imgo.activity:QS]
06-26 12:03:43.894  2813 14828 I am_proc_start: [0,16758,10183,com.hunantv.imgo.activity:pushservice,service,com.hunantv.imgo.activity/com.hunantv.imgo.service.GetuiPushService]
06-26 12:03:43.909  2813  4238 I am_proc_bound: [0,16758,com.hunantv.imgo.activity:pushservice]
06-26 12:03:44.177  2813  3188 I sysui_action: [322,8368]
06-26 12:03:44.177  2813  3188 I am_activity_launch_time: [0,21825558,com.hunantv.imgo.activity/.MainActivity,8346,8346]
06-26 12:03:44.187  2813  4649 I am_stop_activity: [0,164481519,com.bbk.launcher2/.Launcher]
06-26 12:03:44.204  5461  5461 I am_on_stop_called: [0,com.bbk.launcher2.Launcher,handleStopActivity]
06-26 12:03:44.235   512   512 I sf_frame_dur: [com.bbk.launcher2/com.bbk.launcher2.Launcher,115,2,2,7,3,0,2]
06-26 12:03:45.989  2813  3033 I am_broadcast_discard_app: [0,147620074,android.net.wifi.RSSI_CHANGED,0,ResolveInfo{d565fdb com.tencent.androidqqmail/com.tencent.qqmail.utilities.qmbroadcastreceiver.WifiChangeReceiver m=0x108000}]
06-26 12:03:45.994  2813  3033 I am_broadcast_discard_app: [0,8987985,android.net.wifi.RSSI_CHANGED,0,ResolveInfo{169c1b6 com.tencent.androidqqmail/com.tencent.qqmail.utilities.qmbroadcastreceiver.WifiChangeReceiver m=0x108000}]
06-26 12:03:46.148  2813  3030 I am_pss  : [16610,10183,com.hunantv.imgo.activity,61274112,45883392,0]
06-26 12:03:49.000  2813  3033 I am_broadcast_discard_app: [0,262319907,android.net.wifi.RSSI_CHANGED,0,ResolveInfo{1b36c20 com.tencent.androidqqmail/com.tencent.qqmail.utilities.qmbroadcastreceiver.WifiChangeReceiver m=0x108000}]
06-26 12:03:49.001  2813  3033 I am_broadcast_discard_app: [0,85391833,android.net.wifi.RSSI_CHANGED,0,ResolveInfo{1beaf9e com.tencent.androidqqmail/com.tencent.qqmail.utilities.qmbroadcastreceiver.WifiChangeReceiver m=0x108000}]
06-26 12:03:52.025  2813  3033 I am_broadcast_discard_app: [0,200563349,android.net.wifi.RSSI_CHANGED,0,ResolveInfo{ee227aa com.tencent.androidqqmail/com.tencent.qqmail.utilities.qmbroadcastreceiver.WifiChangeReceiver m=0x108000}]
06-26 12:03:52.034  2813  3033 I am_broadcast_discard_app: [0,135175992,android.net.wifi.RSSI_CHANGED,0,ResolveInfo{d0b11 com.tencent.androidqqmail/com.tencent.qqmail.utilities.qmbroadcastreceiver.WifiChangeReceiver m=0x108000}]
06-26 12:03:55.032  2813  3033 I am_broadcast_discard_app: [0,211026434,android.net.wifi.RSSI_CHANGED,0,ResolveInfo{32da713 com.tencent.androidqqmail/com.tencent.qqmail.utilities.qmbroadcastreceiver.WifiChangeReceiver m=0x108000}]
06-26 12:03:55.894  4255  4255 I sysui_count: [panel_open,1]
06-26 12:03:55.990  4255  4255 I sysui_histogram: [note_load,8]
06-26 12:03:55.991  2813  2900 I notification_panel_revealed: 8
06-26 12:03:56.584  2813  4415 I notification_visibility: [0|com.android.systemui|2147483647|group_key_override|10024|ranker_bundle,1,9060709,9060709,0,1]
06-26 12:03:56.584  2813  4415 I notification_visibility: [0|android|2147483647|group_key_override|1000|ranker_bundle,1,9937260,9937260,0,3]
06-26 12:03:56.584  2813  4415 I notification_visibility: [0|android|110110|null|1000,1,9941972,9941972,0,5]
06-26 12:03:56.584  2813  4415 I notification_visibility: [0|com.android.systemui|10000|null|10024,1,9060721,9060721,0,2]
06-26 12:03:56.584  2813  4415 I notification_visibility: [0|android|10011|null|1000,1,9937275,9937275,0,4]
06-26 12:03:56.747  2813  4664 I notification_visibility: [0|com.android.systemui|2147483647|group_key_override|10024|ranker_bundle,0,9060873,9060873,0,1]
06-26 12:03:56.747  2813  4664 I notification_visibility: [0|android|2147483647|group_key_override|1000|ranker_bundle,0,9937423,9937423,0,3]
06-26 12:03:56.747  2813  4664 I notification_visibility: [0|android|110110|null|1000,0,9942135,9942135,0,5]
06-26 12:03:56.747  2813  4664 I notification_visibility: [0|com.android.systemui|10000|null|10024,0,9060884,9060884,0,2]
06-26 12:03:56.747  2813  4664 I notification_visibility: [0|android|10011|null|1000,0,9937438,9937438,0,4]
06-26 12:03:56.748  2813  5434 I notification_panel_hidden: []
06-26 12:03:58.045  2813  3033 I am_broadcast_discard_app: [0,164487721,android.net.wifi.RSSI_CHANGED,0,ResolveInfo{c47f9ae com.tencent.androidqqmail/com.tencent.qqmail.utilities.qmbroadcastreceiver.WifiChangeReceiver m=0x108000}]
06-26 12:04:01.064  2813  3033 I am_broadcast_discard_app: [0,219065697,android.net.wifi.RSSI_CHANGED,0,ResolveInfo{2199086 com.tencent.androidqqmail/com.tencent.qqmail.utilities.qmbroadcastreceiver.WifiChangeReceiver m=0x108000}]
06-26 12:04:04.076  2813  5412 I am_new_intent: [0,34929012,13,com.vivo.upslide/.recents.RecentsActivity,NULL,NULL,NULL,276840448]
06-26 12:04:04.077  2813  5412 I am_focused_stack: [0,0,1,bringingFoundTaskToFront setFocusedActivity]
06-26 12:04:04.077  2813  5412 I wm_task_moved: [13,1,1]
06-26 12:04:04.080  2813  5412 I am_focused_activity: [0,com.vivo.upslide/.recents.RecentsActivity,bringingFoundTaskToFront]
06-26 12:04:04.105  2813  5412 I am_pause_activity: [0,21825558,com.hunantv.imgo.activity/.MainActivity]
06-26 12:04:04.106 16610 16610 I am_on_paused_called: [0,com.hunantv.imgo.activity.MainActivity,handlePauseActivity]
06-26 12:04:04.117  2813  5412 I am_resume_activity: [0,216343480,13,com.vivo.upslide/.recents.RecentsActivity]
06-26 12:04:04.119  2813  5412 I am_task_to_front: [0,13]
06-26 12:04:04.122  2813  5412 I sysui_action: [323,com.vivo.upslide/.recents.RecentsActivity]
06-26 12:04:04.122  2813  5412 I sysui_action: [324,true]
06-26 12:04:04.122  2813  5412 I sysui_action: [325,9978]
06-26 12:04:04.125  2813  3033 I sysui_count: [window_time_0,523]
06-26 12:04:04.126  2813  3033 I am_stop_activity: [0,21825558,com.hunantv.imgo.activity/.MainActivity]
06-26 12:04:04.134  2813  3033 I am_broadcast_discard_app: [0,78493411,android.net.wifi.RSSI_CHANGED,0,ResolveInfo{24238e0 com.tencent.androidqqmail/com.tencent.qqmail.utilities.qmbroadcastreceiver.WifiChangeReceiver m=0x108000}]
06-26 12:04:04.173 16610 16610 I am_on_stop_called: [0,com.hunantv.imgo.activity.MainActivity,handleStopActivity]
06-26 12:04:04.182  2813  3030 I am_pss  : [16758,10183,com.hunantv.imgo.activity:pushservice,15668224,9318400,0]
06-26 12:04:04.206  2813  3030 I am_pss  : [16717,10183,com.hunantv.imgo.activity:QS,19075072,12488704,0]
06-26 12:04:04.207  4629  4629 I am_on_resume_called: [0,com.vivo.upslide.recents.RecentsActivity,RESUME_ACTIVITY]
06-26 12:04:04.295  2813  3188 I sysui_action: [320,2]
06-26 12:04:04.295  2813  3188 I sysui_action: [319,233]
06-26 12:04:04.295  2813  3188 I sysui_action: [322,233]
06-26 12:04:04.687  2813  3030 I am_pss  : [5461,10034,com.bbk.launcher2,118404096,103874560,0]
06-26 12:04:04.707  2813  3030 I am_pss  : [5326,1000,com.vivo.doubleinstance,4668416,3719168,0]
06-26 12:04:05.678  2813  4665 I wm_task_moved: [13,0,0]
06-26 12:04:05.680  2813  4665 I wm_task_moved: [2,1,1]
06-26 12:04:05.681  2813  4665 I am_focused_activity: [0,com.bbk.launcher2/.Launcher,moveTaskToBackAndShowHome resumeHomeStackTask]
06-26 12:04:05.682  2813  4665 I am_pause_activity: [0,216343480,com.vivo.upslide/.recents.RecentsActivity]
06-26 12:04:05.689  2813  4655 I am_focused_stack: [0,1,0,moveTaskToFront setFocusedActivity]
06-26 12:04:05.689  2813  4655 I wm_task_moved: [14,1,2]
06-26 12:04:05.690  2813  4655 I am_focused_activity: [0,com.hunantv.imgo.activity/.MainActivity,moveTaskToFront]
06-26 12:04:05.691  2813  4655 I am_task_to_front: [0,14]
06-26 12:04:05.691  2813  4655 I sysui_action: [323,com.hunantv.imgo.activity/.MainActivity]
06-26 12:04:05.691  2813  4655 I sysui_action: [324,true]
06-26 12:04:05.691  2813  4655 I sysui_action: [325,9980]
06-26 12:04:05.696  4629  4629 I am_on_paused_called: [0,com.vivo.upslide.recents.RecentsActivity,handlePauseActivity]
06-26 12:04:05.705  2813  2901 I am_resume_activity: [0,21825558,14,com.hunantv.imgo.activity/.MainActivity]
06-26 12:04:05.708  2813  3033 I sysui_count: [window_time_0,2]
06-26 12:04:05.722 16610 16610 I am_on_resume_called: [0,com.hunantv.imgo.activity.MainActivity,RESUME_ACTIVITY]
06-26 12:04:05.772  2813  3188 I sysui_action: [320,2]
06-26 12:04:05.772  2813  3188 I sysui_action: [319,84]
06-26 12:04:05.772  2813  3188 I sysui_action: [322,84]
06-26 12:04:06.135  2813  3033 I am_stop_activity: [0,216343480,com.vivo.upslide/.recents.RecentsActivity]
06-26 12:04:06.139  4629  4629 I am_on_stop_called: [0,com.vivo.upslide.recents.RecentsActivity,handleStopActivity]
06-26 12:04:06.165   512   512 I sf_frame_dur: [com.vivo.upslide/com.vivo.upslide.recents.RecentsActivity,21,0,0,0,0,0,0]
06-26 12:04:06.985  2813  5434 I am_new_intent: [0,132783827,13,com.vivo.upslide/.recents.RecentsActivity,NULL,NULL,NULL,276840448]
06-26 12:04:06.986  2813  5434 I am_focused_stack: [0,0,1,bringingFoundTaskToFront setFocusedActivity]
06-26 12:04:06.986  2813  5434 I wm_task_moved: [13,1,1]
06-26 12:04:06.988  2813  5434 I am_focused_activity: [0,com.vivo.upslide/.recents.RecentsActivity,bringingFoundTaskToFront]
06-26 12:04:07.029  2813  5434 I am_pause_activity: [0,21825558,com.hunantv.imgo.activity/.MainActivity]
06-26 12:04:07.036 16610 16610 I am_on_paused_called: [0,com.hunantv.imgo.activity.MainActivity,handlePauseActivity]
06-26 12:04:07.048  2813  5434 I am_resume_activity: [0,216343480,13,com.vivo.upslide/.recents.RecentsActivity]
06-26 12:04:07.050  2813  5434 I am_task_to_front: [0,13]
06-26 12:04:07.054  2813  5434 I sysui_action: [323,com.vivo.upslide/.recents.RecentsActivity]
06-26 12:04:07.054  2813  5434 I sysui_action: [324,true]
06-26 12:04:07.054  2813  5434 I sysui_action: [325,9981]
06-26 12:04:07.055  2813  3033 I am_stop_activity: [0,21825558,com.hunantv.imgo.activity/.MainActivity]
06-26 12:04:07.090  4629  4629 I am_on_resume_called: [0,com.vivo.upslide.recents.RecentsActivity,RESUME_ACTIVITY]
06-26 12:04:07.090 16610 16610 I am_on_stop_called: [0,com.hunantv.imgo.activity.MainActivity,handleStopActivity]
06-26 12:04:07.145  2813  3033 I am_broadcast_discard_app: [0,85629736,android.net.wifi.RSSI_CHANGED,0,ResolveInfo{8a7041 com.tencent.androidqqmail/com.tencent.qqmail.utilities.qmbroadcastreceiver.WifiChangeReceiver m=0x108000}]
06-26 12:04:07.147  2813  3188 I sysui_action: [320,2]
06-26 12:04:07.147  2813  3188 I sysui_action: [319,167]
06-26 12:04:07.147  2813  3188 I sysui_action: [322,167]
06-26 12:04:07.906  2813  4655 I am_kill : [0,16610,com.hunantv.imgo.activity,700,stop com.hunantv.imgo.activity]
06-26 12:04:07.908  2813  4655 I am_schedule_service_restart: [0,com.hunantv.imgo.activity/com.getui.gis.sdk.GInsightService,1000]
06-26 12:04:07.908  2813  4655 I am_schedule_service_restart: [0,com.hunantv.imgo.activity/com.mgtv.data.aphone.core.service.DataReporterService,11000]
06-26 12:04:07.910  2813  4655 I am_finish_activity: [0,21825558,14,com.hunantv.imgo.activity/.MainActivity,proc died without state saved]
06-26 12:04:07.915  2813  4655 I wm_task_removed: [14,removeAppToken: last token]
06-26 12:04:07.916  2813  4655 I wm_task_removed: [14,removeTask]
06-26 12:04:07.916  2813  4655 I am_kill : [0,16758,com.hunantv.imgo.activity:pushservice,500,stop com.hunantv.imgo.activity]
06-26 12:04:07.917  2813  4655 I am_schedule_service_restart: [0,com.hunantv.imgo.activity/com.hunantv.imgo.service.GetuiPushService,10990]
06-26 12:04:07.918  2813  4655 I am_kill : [0,16717,com.hunantv.imgo.activity:QS,800,stop com.hunantv.imgo.activity]
06-26 12:04:07.920  2813  4655 I am_schedule_service_restart: [0,com.hunantv.imgo.activity/com.q.m.QS,20988]
06-26 12:04:07.943  2813  2813 I notification_cancel_all: [1000,2813,com.hunantv.imgo.activity,0,0,0,5,NULL]
06-26 12:04:07.958  2813  4664 I am_broadcast_discard_app: [0,256719655,android.intent.action.PACKAGE_RESTARTED,4,ResolveInfo{31241d4 com.jingdong.app.mall/.broadcastReceiver.AppStateRecevier m=0x208000}]
06-26 12:04:10.158  2813  3033 I am_broadcast_discard_app: [0,205236032,android.net.wifi.RSSI_CHANGED,0,ResolveInfo{ddbe679 com.tencent.androidqqmail/com.tencent.qqmail.utilities.qmbroadcastreceiver.WifiChangeReceiver m=0x108000}]
06-26 12:04:13.171  2813  3033 I am_broadcast_discard_app: [0,237728053,android.net.wifi.RSSI_CHANGED,0,ResolveInfo{8fb89ca com.tencent.androidqqmail/com.tencent.qqmail.utilities.qmbroadcastreceiver.WifiChangeReceiver m=0x108000}]
06-26 12:04:13.219  2813  3030 I am_pss  : [6241,10063,com.iqoo.secure:remote,39035904,34566144,0]
06-26 12:04:13.251  2813  3030 I am_pss  : [9979,10081,com.vivo.safecenter,6359040,4808704,0]
06-26 12:04:13.338  2813  3951 I am_new_intent: [0,163520088,2,com.bbk.launcher2/.Launcher,android.intent.action.MAIN,NULL,NULL,278921216]
06-26 12:04:13.340  2813  3951 I wm_task_moved: [2,1,1]
06-26 12:04:13.342  2813  3951 I am_focused_activity: [0,com.bbk.launcher2/.Launcher,bringingFoundTaskToFront]
06-26 12:04:13.344  2813  3951 I am_pause_activity: [0,216343480,com.vivo.upslide/.recents.RecentsActivity]
06-26 12:04:13.345  4629  4629 I am_on_paused_called: [0,com.vivo.upslide.recents.RecentsActivity,handlePauseActivity]
06-26 12:04:13.346  2813  3951 I am_task_to_front: [0,2]
06-26 12:04:13.348  2813  3951 I sysui_action: [323,com.bbk.launcher2/.Launcher]
06-26 12:04:13.348  2813  3951 I sysui_action: [324,true]
06-26 12:04:13.348  2813  3951 I sysui_action: [325,9988]
06-26 12:04:13.357  2813 14828 I am_resume_activity: [0,164481519,2,com.bbk.launcher2/.Launcher]
06-26 12:04:13.368  2813  3033 I sysui_count: [window_time_0,8]
06-26 12:04:13.371  5461  5461 I am_on_resume_called: [0,com.bbk.launcher2.Launcher,RESUME_ACTIVITY]
06-26 12:04:13.420  2813  3188 I sysui_action: [320,2]
06-26 12:04:13.420  2813  3188 I sysui_action: [319,96]
06-26 12:04:13.420  2813  3188 I sysui_action: [322,96]
06-26 12:04:13.547  2813  3951 I am_new_intent: [0,142218140,2,com.bbk.launcher2/.Launcher,android.intent.action.MAIN,NULL,NULL,278921216]
06-26 12:04:13.548  2813  3951 I wm_task_moved: [2,1,1]
06-26 12:04:13.550  2813  3951 I sysui_action: [323,com.bbk.launcher2/.Launcher]
06-26 12:04:13.550  2813  3951 I sysui_action: [324,true]
06-26 12:04:13.550  2813  3951 I sysui_action: [325,9988]
06-26 12:04:13.701  2813  3033 I am_stop_activity: [0,216343480,com.vivo.upslide/.recents.RecentsActivity]
06-26 12:04:13.705  4629  4629 I am_on_stop_called: [0,com.vivo.upslide.recents.RecentsActivity,handleStopActivity]
06-26 12:04:13.731   512   512 I sf_frame_dur: [com.vivo.upslide/com.vivo.upslide.recents.RecentsActivity,35,0,0,1,0,0,0]
06-26 12:04:14.099  2813  2813 I free_storage_changed: 8763068416
06-26 12:04:16.145  2813  4649 I am_new_intent: [0,228276788,11,com.android.dialer/.TwelveKeyDialer,android.intent.action.MAIN,NULL,NULL,807403520]
06-26 12:04:16.145  2813  4649 I am_focused_stack: [0,1,0,bringingFoundTaskToFront setFocusedActivity]
06-26 12:04:16.146  2813  4649 I wm_task_moved: [11,1,1]
06-26 12:04:16.147  2813  4649 I am_focused_activity: [0,com.android.dialer/.TwelveKeyDialer,bringingFoundTaskToFront]
06-26 12:04:16.147  2813  4649 I am_pause_activity: [0,164481519,com.bbk.launcher2/.Launcher]
06-26 12:04:16.148  2813  4649 I am_task_to_front: [0,11]
06-26 12:04:16.150  2813  4649 I sysui_action: [323,com.android.dialer/.TwelveKeyDialer]
06-26 12:04:16.150  2813  4649 I sysui_action: [324,true]
06-26 12:04:16.150  2813  4649 I sysui_action: [325,9990]
06-26 12:04:16.155  5461  5461 I am_on_paused_called: [0,com.bbk.launcher2.Launcher,handlePauseActivity]
06-26 12:04:16.161  2813 14828 I am_resume_activity: [0,64490907,11,com.android.dialer/.TwelveKeyDialer]
06-26 12:04:16.165  2813  3033 I sysui_count: [window_time_0,3]
06-26 12:04:16.184  2813  3033 I am_proc_start: [0,17073,10018,com.vivo.numbermark,broadcast,com.vivo.numbermark/.ShowDialogReceiver]
06-26 12:04:16.201  2813  3030 I am_pss  : [9511,10192,com.tencent.news:PushService,43041792,35921920,0]
06-26 12:04:16.202  2813  2901 I am_proc_bound: [0,17073,com.vivo.numbermark]
06-26 12:04:16.214 11721 11721 I am_on_resume_called: [0,com.android.dialer.TwelveKeyDialer,RESUME_ACTIVITY]
06-26 12:04:16.261  2813  2901 I am_broadcast_discard_app: [0,257450495,android.net.wifi.RSSI_CHANGED,0,ResolveInfo{b79bcc com.tencent.androidqqmail/com.tencent.qqmail.utilities.qmbroadcastreceiver.WifiChangeReceiver m=0x108000}]
06-26 12:04:16.269  2813  3188 I sysui_action: [320,2]
06-26 12:04:16.269  2813  3188 I sysui_action: [319,130]
06-26 12:04:16.269  2813  3188 I sysui_action: [322,130]
06-26 12:04:16.539  2813  3033 I am_stop_activity: [0,164481519,com.bbk.launcher2/.Launcher]
06-26 12:04:16.543  5461  5461 I am_on_stop_called: [0,com.bbk.launcher2.Launcher,handleStopActivity]
06-26 12:04:16.570   512   512 I sf_frame_dur: [com.bbk.launcher2/com.bbk.launcher2.Launcher,37,0,0,1,0,0,1]
06-26 12:04:16.592  2813  4649 I am_wtf  : [0,2813,system_server,-1,ActivityManager,Sending non-protected broadcast launcher.action.CHANGE_APPLICATION_NOTIFICATION_NUM from system 4659:com.android.phone/1001 pkg com.android.phone]
06-26 12:04:16.599  2813  4614 I am_wtf  : [0,2813,system_server,-1,ActivityManager,Sending non-protected broadcast android.no.read.BBKLockScreen.INCALL from system 4659:com.android.phone/1001 pkg com.android.phone]
06-26 12:04:16.599  2813  4614 I am_wtf  : [0,2813,system_server,-1,ActivityManager,Sending non-protected broadcast android.no.read.BBKLockScreen.INCALL from system 4659:com.android.phone/1001 pkg com.android.phone]
06-26 12:04:18.147  2813  4682 I am_create_task: [0,15]
06-26 12:04:18.147  2813  4682 I am_create_activity: [0,56967752,15,com.iqoo.engineermode/.EngineerMode,android.intent.action.MAIN,NULL,NULL,276824064]
06-26 12:04:18.148  2813  4682 I wm_task_created: [15,1]
06-26 12:04:18.148  2813  4682 I wm_task_moved: [15,1,2]
06-26 12:04:18.148  2813  4682 I wm_task_moved: [15,1,2]
06-26 12:04:18.149  2813  4682 I am_focused_activity: [0,com.iqoo.engineermode/.EngineerMode,startedActivity]
06-26 12:04:18.165  2813  4682 I am_pause_activity: [0,64490907,com.android.dialer/.TwelveKeyDialer]
06-26 12:04:18.167  2813  4682 I sysui_action: [323,com.iqoo.engineermode/.EngineerMode]
06-26 12:04:18.167  2813  4682 I sysui_action: [324,true]
06-26 12:04:18.167  2813  4682 I sysui_action: [325,9993]
06-26 12:04:18.172 11721 11721 I am_on_paused_called: [0,com.android.dialer.TwelveKeyDialer,handlePauseActivity]
06-26 12:04:18.179  2813  5434 I am_restart_activity: [0,56967752,15,com.iqoo.engineermode/.EngineerMode]
06-26 12:04:18.190  2813  3033 I sysui_count: [window_time_0,2]
06-26 12:04:18.209  2813  3188 I sysui_action: [321,82]
06-26 12:04:18.209  2813  3188 I sysui_action: [320,1]
06-26 12:04:18.209  2813  3188 I sysui_action: [319,82]
06-26 12:04:18.220 11350 11350 I am_on_resume_called: [0,com.iqoo.engineermode.EngineerMode,LAUNCH_ACTIVITY]
06-26 12:04:18.267  2813  3188 I sysui_action: [322,140]
06-26 12:04:18.267  2813  3188 I am_activity_launch_time: [0,56967752,com.iqoo.engineermode/.EngineerMode,92,92]
06-26 12:04:18.507  2813  3033 I am_stop_activity: [0,64490907,com.android.dialer/.TwelveKeyDialer]
06-26 12:04:18.507 11721 11721 I am_on_stop_called: [0,com.android.dialer.TwelveKeyDialer,handleStopActivity]
06-26 12:04:18.539   512   512 I sf_frame_dur: [com.android.dialer/com.android.dialer.TwelveKeyDialer,43,1,1,1,2,0,0]
06-26 12:04:19.155  2813  4665 I wm_task_moved: [15,1,2]
06-26 12:04:19.156  2813  4665 I am_create_activity: [0,5276965,15,com.iqoo.engineermode/.verifytest.EngineerVerifyTest,android.intent.action.MAIN,NULL,NULL,0]
06-26 12:04:19.157  2813  4665 I wm_task_moved: [15,1,2]
06-26 12:04:19.158  2813  4665 I am_focused_activity: [0,com.iqoo.engineermode/.verifytest.EngineerVerifyTest,startedActivity]
06-26 12:04:19.158  2813  4665 I am_pause_activity: [0,56967752,com.iqoo.engineermode/.EngineerMode]
06-26 12:04:19.161 11350 11350 I am_on_paused_called: [0,com.iqoo.engineermode.EngineerMode,handlePauseActivity]
06-26 12:04:19.165  2813  4608 I am_restart_activity: [0,5276965,15,com.iqoo.engineermode/.verifytest.EngineerVerifyTest]
06-26 12:04:19.168  2813  3033 I sysui_count: [window_time_0,1]
06-26 12:04:19.197  2813  3033 I am_broadcast_discard_app: [0,142356615,android.net.wifi.RSSI_CHANGED,0,ResolveInfo{313fbb4 com.tencent.androidqqmail/com.tencent.qqmail.utilities.qmbroadcastreceiver.WifiChangeReceiver m=0x108000}]
06-26 12:04:19.202 11350 11350 I am_on_resume_called: [0,com.iqoo.engineermode.verifytest.EngineerVerifyTest,LAUNCH_ACTIVITY]
06-26 12:04:19.264  2813  3188 I am_activity_launch_time: [0,5276965,com.iqoo.engineermode/.verifytest.EngineerVerifyTest,101,101]
06-26 12:04:19.577  2813  3033 I am_stop_activity: [0,56967752,com.iqoo.engineermode/.EngineerMode]
06-26 12:04:19.582 11350 11350 I am_on_stop_called: [0,com.iqoo.engineermode.EngineerMode,handleStopActivity]
06-26 12:04:19.608   512   512 I sf_frame_dur: [com.iqoo.engineermode/com.iqoo.engineermode.EngineerMode,8,1,0,0,1,1,0]
06-26 12:04:22.185  2813  3186 I am_create_task: [0,16]
06-26 12:04:22.185  2813  3186 I am_create_activity: [0,117063678,16,com.android.systemui/.usb.UsbDebuggingActivity,NULL,NULL,NULL,276824064]
06-26 12:04:22.186  2813  3186 I wm_task_created: [16,1]
06-26 12:04:22.186  2813  3186 I wm_task_moved: [16,1,3]
06-26 12:04:22.186  2813  3186 I wm_task_moved: [16,1,3]
06-26 12:04:22.188  2813  3186 I am_focused_activity: [0,com.android.systemui/.usb.UsbDebuggingActivity,startedActivity]
06-26 12:04:22.207  2813  3186 I am_pause_activity: [0,5276965,com.iqoo.engineermode/.verifytest.EngineerVerifyTest]
06-26 12:04:22.208 11350 11350 I am_on_paused_called: [0,com.iqoo.engineermode.verifytest.EngineerVerifyTest,handlePauseActivity]
06-26 12:04:22.209  2813  3186 I sysui_action: [323,com.android.systemui/.usb.UsbDebuggingActivity]
06-26 12:04:22.209  2813  3186 I sysui_action: [324,true]
06-26 12:04:22.209  2813  3186 I sysui_action: [325,9997]
06-26 12:04:22.215  2813  4237 I am_restart_activity: [0,117063678,16,com.android.systemui/.usb.UsbDebuggingActivity]
06-26 12:04:22.219  2813  3033 I sysui_count: [window_time_0,3]
06-26 12:04:22.222  2813  3033 I am_broadcast_discard_app: [0,64737111,android.net.wifi.RSSI_CHANGED,0,ResolveInfo{20dfa44 com.tencent.androidqqmail/com.tencent.qqmail.utilities.qmbroadcastreceiver.WifiChangeReceiver m=0x108000}]
06-26 12:04:22.257  4255  4255 I am_on_resume_called: [0,com.android.systemui.usb.UsbDebuggingActivity,LAUNCH_ACTIVITY]
06-26 12:04:22.301  2813  3188 I sysui_action: [320,2]
06-26 12:04:22.301  2813  3188 I sysui_action: [319,142]
06-26 12:04:22.301  2813  3188 I sysui_action: [322,142]
06-26 12:04:22.301  2813  3188 I am_activity_launch_time: [0,117063678,com.android.systemui/.usb.UsbDebuggingActivity,90,90]
06-26 12:04:23.840  2813  2901 I am_finish_activity: [0,117063678,16,com.android.systemui/.usb.UsbDebuggingActivity,app-request]
06-26 12:04:23.841  2813  2901 I wm_task_moved: [15,1,3]
06-26 12:04:23.842  2813  2901 I am_focused_activity: [0,com.iqoo.engineermode/.verifytest.EngineerVerifyTest,finishActivity adjustFocus]
06-26 12:04:23.862  2813  2901 I am_pause_activity: [0,117063678,com.android.systemui/.usb.UsbDebuggingActivity]
06-26 12:04:23.864  4255  4255 I am_on_paused_called: [0,com.android.systemui.usb.UsbDebuggingActivity,handlePauseActivity]
06-26 12:04:23.874  2813  4655 I am_resume_activity: [0,5276965,15,com.iqoo.engineermode/.verifytest.EngineerVerifyTest]
06-26 12:04:23.879 11350 11350 I am_on_resume_called: [0,com.iqoo.engineermode.verifytest.EngineerVerifyTest,RESUME_ACTIVITY]
06-26 12:04:23.880  2813  2900 I am_destroy_activity: [0,117063678,16,com.android.systemui/.usb.UsbDebuggingActivity,finish-idle]
06-26 12:04:23.889  4255  4255 I am_on_stop_called: [0,com.android.systemui.usb.UsbDebuggingActivity,destroy]
06-26 12:04:24.136  2813  3188 I wm_task_removed: [16,removeAppToken: last token]
06-26 12:04:24.136  2813  3188 I wm_task_removed: [16,removeTask]
06-26 12:04:24.149   512   512 I sf_frame_dur: [com.android.systemui/com.android.systemui.usb.UsbDebuggingActivity,18,0,1,0,1,1,0]
06-26 12:04:25.226  2813  3033 I am_broadcast_discard_app: [0,115770781,android.net.wifi.RSSI_CHANGED,0,ResolveInfo{14aea12 com.tencent.androidqqmail/com.tencent.qqmail.utilities.qmbroadcastreceiver.WifiChangeReceiver m=0x108000}]
06-26 12:04:27.845  2813  3951 I am_new_intent: [0,264825824,2,com.bbk.launcher2/.Launcher,android.intent.action.MAIN,NULL,NULL,278921216]
06-26 12:04:27.845  2813  3951 I am_focused_stack: [0,0,1,bringingFoundTaskToFront setFocusedActivity]
06-26 12:04:27.846  2813  3951 I wm_task_moved: [2,1,1]
06-26 12:04:27.852  2813  3951 I am_focused_activity: [0,com.bbk.launcher2/.Launcher,bringingFoundTaskToFront]
06-26 12:04:27.899  2813  3951 I am_pause_activity: [0,5276965,com.iqoo.engineermode/.verifytest.EngineerVerifyTest]
06-26 12:04:27.904 11350 11350 I am_on_paused_called: [0,com.iqoo.engineermode.verifytest.EngineerVerifyTest,handlePauseActivity]
06-26 12:04:27.906  2813  3951 I am_task_to_front: [0,2]
06-26 12:04:27.910  2813  3951 I sysui_action: [323,com.bbk.launcher2/.Launcher]
06-26 12:04:27.910  2813  3951 I sysui_action: [324,true]
06-26 12:04:27.910  2813  3951 I sysui_action: [325,10002]
06-26 12:04:27.919  2813  2900 I am_resume_activity: [0,164481519,2,com.bbk.launcher2/.Launcher]
06-26 12:04:27.922  2813  3033 I sysui_count: [window_time_0,5]
06-26 12:04:27.934  5461  5461 I am_on_resume_called: [0,com.bbk.launcher2.Launcher,RESUME_ACTIVITY]
06-26 12:04:27.985  2813  3188 I sysui_action: [320,2]
06-26 12:04:27.985  2813  3188 I sysui_action: [319,160]
06-26 12:04:27.985  2813  3188 I sysui_action: [322,160]
06-26 12:04:28.185  4255  4255 I sysui_count: [panel_open,1]
06-26 12:04:28.227  2813  3033 I am_stop_activity: [0,5276965,com.iqoo.engineermode/.verifytest.EngineerVerifyTest]
06-26 12:04:28.230 11350 11350 I am_on_stop_called: [0,com.iqoo.engineermode.verifytest.EngineerVerifyTest,handleStopActivity]
06-26 12:04:28.242  2813  3033 I am_broadcast_discard_app: [0,35519426,android.net.wifi.RSSI_CHANGED,0,ResolveInfo{3857dd3 com.tencent.androidqqmail/com.tencent.qqmail.utilities.qmbroadcastreceiver.WifiChangeReceiver m=0x108000}]
06-26 12:04:28.260  4255  4255 I sysui_histogram: [note_load,8]
06-26 12:04:28.260  2813  4608 I notification_panel_revealed: 8
06-26 12:04:28.307   512   512 I sf_frame_dur: [com.iqoo.engineermode/com.iqoo.engineermode.verifytest.EngineerVerifyTest,63,2,0,0,3,1,2]
06-26 12:04:28.785  2813  4415 I notification_visibility: [0|com.android.systemui|2147483647|group_key_override|10024|ranker_bundle,1,9092911,9092911,0,1]
06-26 12:04:28.785  2813  4415 I notification_visibility: [0|com.android.bbklog|1|null|1000,1,9933242,9933242,0,7]
06-26 12:04:28.785  2813  4415 I notification_visibility: [0|android|2147483647|group_key_override|1000|ranker_bundle,1,9969461,9969461,0,3]
06-26 12:04:28.785  2813  4415 I notification_visibility: [0|com.android.bbklog|2147483647|group_key_override|1000|ranker_bundle,1,9933198,9933198,0,6]
06-26 12:04:28.785  2813  4415 I notification_visibility: [0|android|110110|null|1000,1,9974173,9974173,0,5]
06-26 12:04:28.785  2813  4415 I notification_visibility: [0|com.android.systemui|10000|null|10024,1,9092922,9092922,0,2]
06-26 12:04:28.785  2813  4415 I notification_visibility: [0|android|10011|null|1000,1,9969476,9969476,0,4]
06-26 12:04:29.235  2813  2900 I notification_visibility: [0|com.android.systemui|2147483647|group_key_override|10024|ranker_bundle,0,9093361,9093361,0,1]
06-26 12:04:29.235  2813  2900 I notification_visibility: [0|com.android.bbklog|1|null|1000,0,9933692,9933692,0,7]
06-26 12:04:29.235  2813  2900 I notification_visibility: [0|android|2147483647|group_key_override|1000|ranker_bundle,0,9969911,9969911,0,3]
06-26 12:04:29.235  2813  2900 I notification_visibility: [0|com.android.bbklog|2147483647|group_key_override|1000|ranker_bundle,0,9933648,9933648,0,6]
06-26 12:04:29.235  2813  2900 I notification_visibility: [0|android|110110|null|1000,0,9974623,9974623,0,5]
06-26 12:04:29.235  2813  2900 I notification_visibility: [0|com.android.systemui|10000|null|10024,0,9093372,9093372,0,2]
06-26 12:04:29.235  2813  2900 I notification_visibility: [0|android|10011|null|1000,0,9969926,9969926,0,4]
06-26 12:04:29.236  2813  4655 I notification_panel_hidden: []
06-26 12:04:29.257  2813 14827 I am_create_task: [0,17]
06-26 12:04:29.257  2813 14827 I am_create_activity: [0,148086793,17,com.android.bbklog/.BbkLogActivity,android.intent.action.MAIN,NULL,NULL,276856832]
06-26 12:04:29.258  2813 14827 I wm_task_created: [17,1]
06-26 12:04:29.258  2813 14827 I wm_task_moved: [17,1,3]
06-26 12:04:29.259  2813 14827 I am_focused_stack: [0,1,0,startedActivity setFocusedActivity]
06-26 12:04:29.259  2813 14827 I wm_task_moved: [17,1,3]
06-26 12:04:29.259  2813 14827 I am_focused_activity: [0,com.android.bbklog/.BbkLogActivity,startedActivity]
06-26 12:04:29.260  2813 14827 I am_pause_activity: [0,164481519,com.bbk.launcher2/.Launcher]
06-26 12:04:29.260  5461  5461 I am_on_paused_called: [0,com.bbk.launcher2.Launcher,handlePauseActivity]
06-26 12:04:29.262  2813 14827 I sysui_action: [323,com.android.bbklog/.BbkLogActivity]
06-26 12:04:29.262  2813 14827 I sysui_action: [324,true]
06-26 12:04:29.262  2813 14827 I sysui_action: [325,10004]
06-26 12:04:29.262  2813  5434 I notification_clicked: [0|com.android.bbklog|1|null|1000,9933719,9933719,477]
06-26 12:04:29.263  2813  2813 I sysui_histogram: [note_click_longevity,165]
06-26 12:04:29.267  2813  2901 I am_restart_activity: [0,148086793,17,com.android.bbklog/.BbkLogActivity]
06-26 12:04:29.270  2813  3033 I sysui_count: [window_time_0,2]
06-26 12:04:29.307  2813  3188 I sysui_action: [321,69]
06-26 12:04:29.307  2813  3188 I sysui_action: [320,1]
06-26 12:04:29.307  2813  3188 I sysui_action: [319,69]
06-26 12:04:29.424  5864  5864 I am_on_resume_called: [0,com.android.bbklog.BbkLogActivity,LAUNCH_ACTIVITY]
06-26 12:04:29.654  2813  3188 I sysui_action: [322,416]
06-26 12:04:29.654  2813  3188 I am_activity_launch_time: [0,148086793,com.android.bbklog/.BbkLogActivity,391,391]
06-26 12:04:29.661  2813  4649 I am_stop_activity: [0,164481519,com.bbk.launcher2/.Launcher]
06-26 12:04:29.665  5461  5461 I am_on_stop_called: [0,com.bbk.launcher2.Launcher,handleStopActivity]
06-26 12:04:29.693   512   512 I sf_frame_dur: [com.bbk.launcher2/com.bbk.launcher2.Launcher,0,0,0,1,0,0,0]
06-26 12:04:30.204  2813  4415 I wm_task_moved: [17,1,3]
06-26 12:04:30.205  2813  4415 I wm_task_moved: [17,1,3]
06-26 12:04:30.205  2813  4415 I am_create_activity: [0,70077529,17,com.android.bbklog/.SettingActivity,NULL,NULL,NULL,276824064]
06-26 12:04:30.206  2813  4415 I wm_task_moved: [17,1,3]
06-26 12:04:30.207  2813  4415 I am_focused_activity: [0,com.android.bbklog/.SettingActivity,startedActivity]
06-26 12:04:30.207  2813  4415 I am_pause_activity: [0,148086793,com.android.bbklog/.BbkLogActivity]
06-26 12:04:30.209  2813  4415 I sysui_action: [323,com.android.bbklog/.BbkLogActivity]
06-26 12:04:30.209  2813  4415 I sysui_action: [324,true]
06-26 12:04:30.209  2813  4415 I sysui_action: [325,10005]
06-26 12:04:30.210  5864  5864 I am_on_paused_called: [0,com.android.bbklog.BbkLogActivity,handlePauseActivity]
06-26 12:04:30.213  2813  2901 I am_restart_activity: [0,70077529,17,com.android.bbklog/.SettingActivity]
06-26 12:04:30.217  2813  3033 I sysui_count: [window_time_0,1]
06-26 12:04:30.267  5864  5864 I am_on_resume_called: [0,com.android.bbklog.SettingActivity,LAUNCH_ACTIVITY]
06-26 12:04:30.353  2813  3188 I sysui_action: [320,2]
06-26 12:04:30.353  2813  3188 I sysui_action: [319,151]
06-26 12:04:30.353  2813  3188 I sysui_action: [322,151]
06-26 12:04:30.353  2813  3188 I am_activity_launch_time: [0,70077529,com.android.bbklog/.SettingActivity,142,142]
06-26 12:04:30.663  2813  3033 I am_stop_activity: [0,148086793,com.android.bbklog/.BbkLogActivity]
06-26 12:04:30.664  5864  5864 I am_on_stop_called: [0,com.android.bbklog.BbkLogActivity,handleStopActivity]
06-26 12:04:30.694   512   512 I sf_frame_dur: [com.android.bbklog/com.android.bbklog.BbkLogActivity,0,1,0,1,1,0,0]
06-26 12:04:31.245  2813  3033 I am_broadcast_discard_app: [0,181940988,android.net.wifi.RSSI_CHANGED,0,ResolveInfo{87ead85 com.tencent.androidqqmail/com.tencent.qqmail.utilities.qmbroadcastreceiver.WifiChangeReceiver m=0x108000}]
06-26 12:04:32.208  2813  2813 I notification_canceled: [0|com.android.bbklog|1|null|1000,8,9936665,9936665,3423]
06-26 12:04:32.218  2813  5412 I notification_canceled: [0|com.android.bbklog|2147483647|group_key_override|1000|ranker_bundle,16,9936631,9936631,3433]
06-26 12:04:32.297   512   512 I sf_frame_dur: [com.android.bbklog/com.android.bbklog.SettingActivity,0,0,0,0,1,0,0]
06-26 12:04:32.331  2813  3951 I am_new_intent: [0,148260914,2,com.bbk.launcher2/.Launcher,android.intent.action.MAIN,NULL,NULL,278921216]
06-26 12:04:32.331  2813  3951 I am_focused_stack: [0,0,1,bringingFoundTaskToFront setFocusedActivity]
06-26 12:04:32.332  2813  3951 I wm_task_moved: [2,1,1]
06-26 12:04:32.334  2813  3951 I am_focused_activity: [0,com.bbk.launcher2/.Launcher,bringingFoundTaskToFront]
06-26 12:04:32.363  2813  3951 I am_pause_activity: [0,70077529,com.android.bbklog/.SettingActivity]
06-26 12:04:32.368  2813  3951 I am_task_to_front: [0,2]
06-26 12:04:32.370  2813  3951 I sysui_action: [323,com.bbk.launcher2/.Launcher]
06-26 12:04:32.370  2813  3951 I sysui_action: [324,true]
06-26 12:04:32.370  2813  3951 I sysui_action: [325,10007]
06-26 12:04:32.451  5864  5864 I am_on_paused_called: [0,com.android.bbklog.SettingActivity,handlePauseActivity]
06-26 12:04:32.459  2813  4655 I am_resume_activity: [0,164481519,2,com.bbk.launcher2/.Launcher]
06-26 12:04:32.462  2813  3033 I sysui_count: [window_time_0,2]
06-26 12:04:32.483  5461  5461 I am_on_resume_called: [0,com.bbk.launcher2.Launcher,RESUME_ACTIVITY]
06-26 12:04:32.491  2813  2813 I notification_enqueue: [1000,5864,com.android.bbklog,1,NULL,0,Notification(pri=0 contentView=com.android.bbklog/0x3030028 vibrate=null sound=null defaults=0x0 flags=0x40 color=0x00000000 vis=PRIVATE),0]
06-26 12:04:32.496  2813  4608 I notification_autogrouped: 0|com.android.bbklog|1|null|1000
06-26 12:04:32.496  2813  2813 I notification_enqueue: [1000,5864,com.android.bbklog,2147483647,group_key_override,0,Notification(pri=0 contentView=null vibrate=null sound=null defaults=0x0 flags=0x700 color=0x00000000 groupKey=ranker_bundle vis=PRIVATE),0]
06-26 12:04:32.500  2813  4665 I notification_autogrouped: 0|com.android.bbklog|1|null|1000
06-26 12:04:32.529  2813  3188 I sysui_action: [320,2]
06-26 12:04:32.529  2813  3188 I sysui_action: [319,207]
06-26 12:04:32.529  2813  3188 I sysui_action: [322,207]
06-26 12:04:32.771  2813  3033 I am_stop_activity: [0,70077529,com.android.bbklog/.SettingActivity]
06-26 12:04:32.772  5864  5864 I am_on_stop_called: [0,com.android.bbklog.SettingActivity,handleStopActivity]
06-26 12:04:32.848   512   512 I sf_frame_dur: [com.android.bbklog/com.android.bbklog.SettingActivity,17,0,1,2,1,1,0]
06-26 12:04:34.273  2813  3033 I am_broadcast_discard_app: [0,119503406,android.net.wifi.RSSI_CHANGED,0,ResolveInfo{d3539cf com.tencent.androidqqmail/com.tencent.qqmail.utilities.qmbroadcastreceiver.WifiChangeReceiver m=0x108000}]
06-26 12:04:37.296  2813  3033 I am_broadcast_discard_app: [0,118002631,android.net.wifi.RSSI_CHANGED,0,ResolveInfo{e97bdf4 com.tencent.androidqqmail/com.tencent.qqmail.utilities.qmbroadcastreceiver.WifiChangeReceiver m=0x108000}]
06-26 12:04:40.308  2813  3033 I am_broadcast_discard_app: [0,133211491,android.net.wifi.RSSI_CHANGED,0,ResolveInfo{16cc560 com.tencent.androidqqmail/com.tencent.qqmail.utilities.qmbroadcastreceiver.WifiChangeReceiver m=0x108000}]
06-26 12:04:40.360  2813  3030 I am_pss  : [11216,10002,android.process.acore,18830336,16867328,0]
06-26 12:04:43.331  2813  3033 I am_broadcast_discard_app: [0,80271244,android.net.wifi.RSSI_CHANGED,0,ResolveInfo{d789ed5 com.tencent.androidqqmail/com.tencent.qqmail.utilities.qmbroadcastreceiver.WifiChangeReceiver m=0x108000}]
06-26 12:04:43.411  2813  3030 I am_pss  : [5461,10034,com.bbk.launcher2,106822656,93904896,0]
06-26 12:04:44.405  2813  5423 I am_proc_died: [0,16378,com.vivo.weather.location]
06-26 12:04:44.405  2813  5423 I am_schedule_service_restart: [0,com.vivo.weather/.LocalCityLocateService,1000]
06-26 12:04:46.343  2813  3033 I am_broadcast_discard_app: [0,111184932,android.net.wifi.RSSI_CHANGED,0,ResolveInfo{4e6d38d com.tencent.androidqqmail/com.tencent.qqmail.utilities.qmbroadcastreceiver.WifiChangeReceiver m=0x108000}]
06-26 12:04:49.366  2813  3033 I am_broadcast_discard_app: [0,225199760,android.net.wifi.RSSI_CHANGED,0,ResolveInfo{7fa1b89 com.tencent.androidqqmail/com.tencent.qqmail.utilities.qmbroadcastreceiver.WifiChangeReceiver m=0x108000}]
06-26 12:04:49.417  2813  3030 I am_pss  : [11721,10009,com.android.dialer,33944576,29978624,0]
06-26 12:04:49.450  2813  3030 I am_pss  : [17073,10018,com.vivo.numbermark,6176768,3219456,0]
06-26 12:04:52.392  2813  3033 I am_broadcast_discard_app: [0,150420412,android.net.wifi.RSSI_CHANGED,0,ResolveInfo{4dfe745 com.tencent.androidqqmail/com.tencent.qqmail.utilities.qmbroadcastreceiver.WifiChangeReceiver m=0x108000}]
06-26 12:04:55.402  2813  3033 I am_broadcast_discard_app: [0,64640936,android.net.wifi.RSSI_CHANGED,0,ResolveInfo{e9cb2c1 com.tencent.androidqqmail/com.tencent.qqmail.utilities.qmbroadcastreceiver.WifiChangeReceiver m=0x108000}]
06-26 12:04:55.459  2813  3030 I am_pss  : [5864,1000,com.android.bbklog,25623552,22417408,0]
06-26 12:04:55.490  2813  3030 I am_pss  : [5326,1000,com.vivo.doubleinstance,4660224,3719168,0]
06-26 12:04:55.515  2813  3030 I am_pss  : [16181,10077,com.android.printspooler,3511296,2691072,0]
06-26 12:04:58.427  2813  3033 I am_broadcast_discard_app: [0,122766932,android.net.wifi.RSSI_CHANGED,0,ResolveInfo{a00b9fd com.tencent.androidqqmail/com.tencent.qqmail.utilities.qmbroadcastreceiver.WifiChangeReceiver m=0x108000}]
06-26 12:04:58.465  2813  3030 I am_pss  : [11350,1000,com.iqoo.engineermode,18541568,14856192,0]
06-26 12:05:01.448  2813  3033 I am_broadcast_discard_app: [0,141885087,android.net.wifi.RSSI_CHANGED,0,ResolveInfo{d5f0bec com.tencent.androidqqmail/com.tencent.qqmail.utilities.qmbroadcastreceiver.WifiChangeReceiver m=0x108000}]
06-26 12:05:04.472  2813  3033 I am_broadcast_discard_app: [0,171238843,android.net.wifi.RSSI_CHANGED,0,ResolveInfo{26fad8 com.tencent.androidqqmail/com.tencent.qqmail.utilities.qmbroadcastreceiver.WifiChangeReceiver m=0x108000}]
06-26 12:05:07.496  2813  3033 I am_broadcast_discard_app: [0,239215255,android.net.wifi.RSSI_CHANGED,0,ResolveInfo{7cec84 com.tencent.androidqqmail/com.tencent.qqmail.utilities.qmbroadcastreceiver.WifiChangeReceiver m=0x108000}]
06-26 12:05:08.224  2813  5434 I battery_status: [5,2,1,0,Li-ion]
06-26 12:05:08.226  2813 14828 I battery_status: [3,2,1,0,Li-ion]
06-26 12:05:08.249  2813  3033 I am_broadcast_discard_app: [0,225576174,android.intent.action.ACTION_POWER_DISCONNECTED,0,ResolveInfo{520cd8f air.fyzb3/com.fyzb.receiver.BootBroadcastReceiver p=2147483647 m=0x108000}]
06-26 12:05:08.250  2813  3033 I am_broadcast_discard_app: [0,225576174,android.intent.action.ACTION_POWER_DISCONNECTED,1,ResolveInfo{933481c com.culiukeji.huanletao/com.tencent.android.tpush.XGPushReceiver p=2147483647 m=0x108000}]
06-26 12:05:08.251  2813  3033 I am_broadcast_discard_app: [0,225576174,android.intent.action.ACTION_POWER_DISCONNECTED,2,ResolveInfo{c766c25 com.jingdong.app.mall/com.tencent.android.tpush.XGPushReceiver p=2147483647 m=0x108000}]
06-26 12:05:08.257  2813  2813 I notification_canceled: [0|com.android.systemui|10000|null|10024,8,9132394,9132394,39472]
06-26 12:05:08.262  2813  3033 I am_broadcast_discard_app: [0,225576174,android.intent.action.ACTION_POWER_DISCONNECTED,3,ResolveInfo{6e6b3ab com.koudai.weishop/com.tencent.android.tpush.XGPushReceiver p=2147483647 m=0x108000}]
06-26 12:05:08.263  2813  3033 I am_broadcast_discard_app: [0,225576174,android.intent.action.ACTION_POWER_DISCONNECTED,4,ResolveInfo{c3aca08 com.tencent.map/com.tencent.android.tpush.XGPushReceiver p=2147483647 m=0x108000}]
06-26 12:05:08.264  2813  3033 I am_broadcast_discard_app: [0,225576174,android.intent.action.ACTION_POWER_DISCONNECTED,5,ResolveInfo{8c6a5a1 com.tongcheng.android/com.tencent.android.tpush.XGPushReceiver p=2147483647 m=0x108000}]
06-26 12:05:08.267  2813  3033 I am_broadcast_discard_app: [0,225576174,android.intent.action.ACTION_POWER_DISCONNECTED,6,ResolveInfo{e91c3c6 com.yibasan.lizhifm/.boot.LZReceivers$BootReceiver p=2147483647 m=0x108000}]
06-26 12:05:08.268  2813  3033 I am_broadcast_discard_app: [0,225576174,android.intent.action.ACTION_POWER_DISCONNECTED,7,ResolveInfo{edadf87 com.kingsoft/.receiver.StartSelfReceiver p=90000 m=0x108000}]
06-26 12:05:08.273  2813  3033 I am_wtf  : [0,2813,system_server,-1,KernelWakelockReader,neither /proc/wakelocks nor /d/wakeup_sources exists]
06-26 12:05:08.274  2813  4237 I notification_canceled: [0|com.android.systemui|2147483647|group_key_override|10024|ranker_bundle,16,9132400,9132400,39489]
06-26 12:05:08.313  2813  5434 I notification_expansion: [0|android|2147483647|group_key_override|1000|ranker_bundle,0,0,10008989,10008989,39528]
06-26 12:05:08.323  2813  4665 I am_proc_start: [0,17458,10097,com.vivo.gallery,broadcast,com.vivo.gallery/com.android.gallery3d.vivo.PowerEventBroadcastReceiver]
06-26 12:05:08.340  2813  4238 I am_proc_bound: [0,17458,com.vivo.gallery]
06-26 12:05:08.544  2813  4415 I am_broadcast_discard_app: [0,225576174,android.intent.action.ACTION_POWER_DISCONNECTED,11,ResolveInfo{666f04c air.tv.douyu.android/com.igexin.sdk.PushReceiver m=0x108000}]
06-26 12:05:08.544  2813  3033 I am_broadcast_discard_app: [0,225576174,android.intent.action.ACTION_POWER_DISCONNECTED,12,ResolveInfo{dd3a895 cmccwm.mobilemusic/com.igexin.sdk.PushReceiver m=0x108000}]
06-26 12:05:08.546  2813  3033 I am_broadcast_discard_app: [0,225576174,android.intent.action.ACTION_POWER_DISCONNECTED,13,ResolveInfo{8ba5daa cn.eclicks.drivingtest/.receiver.DrivingReceiver m=0x108000}]
06-26 12:05:08.547  2813  3033 I am_broadcast_discard_app: [0,225576174,android.intent.action.ACTION_POWER_DISCONNECTED,14,ResolveInfo{b5fdd9b cn.wps.moffice_eng/com.igexin.sdk.PushReceiver m=0x108000}]
06-26 12:05:08.548  2813  3033 I am_broadcast_discard_app: [0,225576174,android.intent.action.ACTION_POWER_DISCONNECTED,15,ResolveInfo{e38c538 com.baidu.BaiduMap/com.baidu.android.pushservice.PushServiceReceiver m=0x108000}]
06-26 12:05:08.549  2813  3033 I am_broadcast_discard_app: [0,225576174,android.intent.action.ACTION_POWER_DISCONNECTED,16,ResolveInfo{b933911 com.baidu.netdisk/com.baidu.android.pushservice.PushServiceReceiver m=0x108000}]
06-26 12:05:08.550  2813  3033 I am_broadcast_discard_app: [0,225576174,android.intent.action.ACTION_POWER_DISCONNECTED,17,ResolveInfo{d38aa76 com.baidu.netdisk/.kernel.device.monitor.battery.BatteryMonitor m=0x108000}]
06-26 12:05:08.550  2813  3033 I am_broadcast_discard_app: [0,225576174,android.intent.action.ACTION_POWER_DISCONNECTED,18,ResolveInfo{254b877 com.baidu.news/com.baidu.android.pushservice.PushServiceReceiver m=0x108000}]
06-26 12:05:08.551  2813  3033 I am_broadcast_discard_app: [0,225576174,android.intent.action.ACTION_POWER_DISCONNECTED,19,ResolveInfo{150fce4 com.baidu.tieba/com.baidu.android.pushservice.PushServiceReceiver m=0x108000}]
06-26 12:05:08.552  2813  3033 I am_broadcast_discard_app: [0,225576174,android.intent.action.ACTION_POWER_DISCONNECTED,20,ResolveInfo{8e1554d com.baidu.video/com.baidu.android.pushservice.PushServiceReceiver m=0x108000}]
06-26 12:05:08.553  2813  3033 I am_broadcast_discard_app: [0,225576174,android.intent.action.ACTION_POWER_DISCONNECTED,21,ResolveInfo{67cf802 com.baidu.video/com.igexin.sdk.PushReceiver m=0x108000}]
06-26 12:05:08.554  2813  3033 I am_broadcast_discard_app: [0,225576174,android.intent.action.ACTION_POWER_DISCONNECTED,22,ResolveInfo{a526513 com.chinamworld.bocmbci/com.igexin.sdk.PushReceiver m=0x108000}]
06-26 12:05:08.555  2813  3033 I am_broadcast_discard_app: [0,225576174,android.intent.action.ACTION_POWER_DISCONNECTED,23,ResolveInfo{f930350 com.cubic.autohome/com.igexin.sdk.PushReceiver m=0x108000}]
06-26 12:05:08.555  2813  3033 I am_broadcast_discard_app: [0,225576174,android.intent.action.ACTION_POWER_DISCONNECTED,24,ResolveInfo{c7af949 com.douguo.recipe/io.rong.push.PushReceiver m=0x108000}]
06-26 12:05:08.556  2813  3033 I am_broadcast_discard_app: [0,225576174,android.intent.action.ACTION_POWER_DISCONNECTED,25,ResolveInfo{fc6924e com.gameabc.zhanqiAndroid/com.igexin.sdk.PushReceiver m=0x108000}]
