05-26 14:09:03.103  2923  3245 I am_broadcast_discard_app: [0,234576811,android.net.wifi.RSSI_CHANGED,2,ResolveInfo{38c8bc6 com.sdu.didi.psnger/com.didi.sdk.receiver.WifiReceiver m=0x108000}]
05-26 14:09:06.119  2923  3245 I am_broadcast_discard_app: [0,263611101,android.net.wifi.RSSI_CHANGED,0,ResolveInfo{6b59e52 com.meelive.ingkee/.socketio.connection.internal.KAReceiver m=0x108000}]
05-26 14:09:06.120  2923  3245 I am_broadcast_discard_app: [0,263611101,android.net.wifi.RSSI_CHANGED,1,ResolveInfo{6fd9523 com.qq.ac.android/.receiver.BootReceiver m=0x108000}]
05-26 14:09:06.121  2923  3245 I am_broadcast_discard_app: [0,263611101,android.net.wifi.RSSI_CHANGED,2,ResolveInfo{97b5a20 com.sdu.didi.psnger/com.didi.sdk.receiver.WifiReceiver m=0x108000}]
05-26 14:09:06.228  2923  3243 I am_pss  : [5754,10034,com.bbk.launcher2,119910400,118042624,0]
05-26 14:09:06.289  2923  3243 I am_pss  : [19350,10030,com.bbk.appstore:remote,13508608,11755520,0]
05-26 14:09:06.326  2923  3243 I am_pss  : [8757,10081,com.vivo.safecenter,10520576,9883648,0]
05-26 14:09:06.366  2923  3243 I am_pss  : [6935,10063,com.iqoo.secure:remote,37241856,35676160,0]
05-26 14:09:09.140  2923  3245 I am_broadcast_discard_app: [0,51011711,android.net.wifi.RSSI_CHANGED,0,ResolveInfo{60bf84c com.meelive.ingkee/.socketio.connection.internal.KAReceiver m=0x108000}]
05-26 14:09:09.141  2923  3245 I am_broadcast_discard_app: [0,51011711,android.net.wifi.RSSI_CHANGED,1,ResolveInfo{f881095 com.qq.ac.android/.receiver.BootReceiver m=0x108000}]
05-26 14:09:09.143  2923  3245 I am_broadcast_discard_app: [0,51011711,android.net.wifi.RSSI_CHANGED,2,ResolveInfo{a3aa5aa com.sdu.didi.psnger/com.didi.sdk.receiver.WifiReceiver m=0x108000}]
05-26 14:09:12.163  2923  3245 I am_broadcast_discard_app: [0,136716561,android.net.wifi.RSSI_CHANGED,0,ResolveInfo{a757276 com.meelive.ingkee/.socketio.connection.internal.KAReceiver m=0x108000}]
05-26 14:09:12.164  2923  3245 I am_broadcast_discard_app: [0,136716561,android.net.wifi.RSSI_CHANGED,1,ResolveInfo{a25e077 com.qq.ac.android/.receiver.BootReceiver m=0x108000}]
05-26 14:09:12.165  2923  3245 I am_broadcast_discard_app: [0,136716561,android.net.wifi.RSSI_CHANGED,2,ResolveInfo{f8f04e4 com.sdu.didi.psnger/com.didi.sdk.receiver.WifiReceiver m=0x108000}]
05-26 14:09:15.187  2923  3245 I am_broadcast_discard_app: [0,34475283,android.net.wifi.RSSI_CHANGED,0,ResolveInfo{7a98b50 com.meelive.ingkee/.socketio.connection.internal.KAReceiver m=0x108000}]
05-26 14:09:15.188  2923  3245 I am_broadcast_discard_app: [0,34475283,android.net.wifi.RSSI_CHANGED,1,ResolveInfo{b82e149 com.qq.ac.android/.receiver.BootReceiver m=0x108000}]
05-26 14:09:15.189  2923  3245 I am_broadcast_discard_app: [0,34475283,android.net.wifi.RSSI_CHANGED,2,ResolveInfo{ed45a4e com.sdu.didi.psnger/com.didi.sdk.receiver.WifiReceiver m=0x108000}]
05-26 14:09:15.250  2923  3243 I am_pss  : [5611,1000,com.vivo.doubleinstance,6324224,5677056,0]
05-26 14:09:15.288  2923  3243 I am_pss  : [6141,10011,android.process.media,36766720,35934208,0]
05-26 14:09:15.416  2923  3243 I am_pss  : [6417,10129,com.tencent.mobileqq,111535104,105078784,0]
05-26 14:09:15.453  2923  3243 I am_pss  : [6369,10129,com.tencent.mobileqq:MSF,23758848,20426752,0]
05-26 14:09:15.517  2923  3243 I am_pss  : [20911,10133,com.tencent.mm,149195776,142397440,0]
05-26 14:09:15.555  2923  3243 I am_pss  : [4303,10062,com.baidu.input_bbk.service,53694464,48922624,0]
05-26 14:09:15.578  2923  3243 I am_pss  : [9794,1001,com.android.incallui,33160192,32190464,0]
05-26 14:09:15.609  2923  3243 I am_pss  : [6692,1000,com.vivo.permissionmanager,34028544,32858112,0]
05-26 14:09:15.629  2923  3243 I am_pss  : [4516,1000,com.android.settings,25967616,25038848,0]
05-26 14:09:15.645  2923  3243 I am_pss  : [8770,1000,com.qti.service.colorservice,5172224,4608000,0]
05-26 14:09:15.662  2923  3243 I am_pss  : [30663,10085,com.vivo.secime.service,16801792,15712256,0]
05-26 14:09:15.682  2923  3243 I am_pss  : [4577,1000,com.vivo.smartmultiwindow,55448576,51560448,0]
05-26 14:09:15.713  2923  3243 I am_pss  : [11337,10035,com.android.bbkmusic,63476736,61325312,0]
05-26 14:09:15.738  2923  3243 I am_pss  : [4763,10064,com.bbk.iqoo.logsystem,20780032,18911232,0]
05-26 14:09:15.754  2923  3243 I am_pss  : [22603,10002,android.process.acore,25634816,22810624,0]
05-26 14:09:15.773  2923  3243 I am_pss  : [3143,1000,com.android.bbklog,28189696,25567232,0]
05-26 14:09:15.791  2923  3243 I am_pss  : [25335,10136,com.tencent.reading:PushService,25486336,20709376,0]
05-26 14:09:15.810  2923  3243 I am_pss  : [23603,10203,com.eg.android.AlipayGphone:push,40763392,35831808,0]
05-26 14:09:15.825  2923  3243 I am_pss  : [25268,1000,com.vivo.abe:pushservice_v1,8924160,6397952,0]
05-26 14:09:15.858  2923  3243 I am_pss  : [8142,10133,com.tencent.mm:tools,66753536,63553536,0]
05-26 14:09:15.876  2923  3243 I am_pss  : [16875,10030,com.bbk.appstore,19077120,16097280,0]
05-26 14:09:15.893  2923  3243 I am_pss  : [14981,10098,com.vivo.gallery,97156096,94060544,0]
05-26 14:09:15.908  2923  3243 I am_pss  : [4289,1000,com.vivo.appfilter,12580864,11870208,0]
05-26 14:09:15.922  2923  3243 I am_pss  : [24327,10013,android.ext.services,4770816,2928640,0]
05-26 14:09:15.941  2923  3243 I am_pss  : [8046,10055,com.vivo.devicereg,47263744,46370816,0]
05-26 14:09:15.956  2923  3243 I am_pss  : [22621,10056,com.vivo.doubletimezoneclock,12860416,10756096,0]
05-26 14:09:15.970  2923  3243 I am_pss  : [9152,1000,com.vivo.wifi.networkdetect,4173824,3338240,0]
05-26 14:09:15.988  2923  3243 I am_pss  : [14205,10133,com.tencent.mm:push,24579072,22261760,0]
05-26 14:09:16.003  2923  3243 I am_pss  : [16713,1000,com.qualcomm.qti.appnetaccess,3603456,2551808,0]
05-26 14:09:16.017  2923  3243 I am_pss  : [16629,1000,org.simalliance.openmobileapi.service:remote,3775488,2568192,0]
05-26 14:09:16.032  2923  3243 I am_pss  : [16234,10102,com.vivo.sdkplugin,5524480,2985984,0]
05-26 14:09:16.046  2923  3243 I am_pss  : [15253,1000,com.qualcomm.display,3331072,2379776,0]
05-26 14:09:16.061  2923  3243 I am_pss  : [14631,1000,com.android.fuelsummary,6185984,5033984,0]
05-26 14:09:16.075  2923  3243 I am_pss  : [4952,10002,com.vivo.sim.contacts,6035456,5513216,0]
05-26 14:09:16.089  2923  3243 I am_pss  : [31001,1000,com.volte.config,3228672,2547712,0]
05-26 14:09:16.107  2923  3243 I am_pss  : [14366,10133,com.tencent.mm:appbrand0,19042304,17690624,0]
05-26 14:09:16.124  2923  3243 I am_pss  : [14422,10133,com.tencent.mm:exdevice,17583104,16269312,0]
05-26 14:09:16.138  2923  3243 I am_pss  : [4993,1001,com.qualcomm.qcrilmsgtunnel,5512192,4968448,0]
05-26 14:09:18.203  2923  3245 I am_broadcast_discard_app: [0,227494149,android.net.wifi.RSSI_CHANGED,0,ResolveInfo{d1fcd5a com.meelive.ingkee/.socketio.connection.internal.KAReceiver m=0x108000}]
05-26 14:09:18.204  2923  3245 I am_broadcast_discard_app: [0,227494149,android.net.wifi.RSSI_CHANGED,1,ResolveInfo{4b80b8b com.qq.ac.android/.receiver.BootReceiver m=0x108000}]
05-26 14:09:18.206  2923  3245 I am_broadcast_discard_app: [0,227494149,android.net.wifi.RSSI_CHANGED,2,ResolveInfo{e637468 com.sdu.didi.psnger/com.didi.sdk.receiver.WifiReceiver m=0x108000}]
05-26 14:09:21.215  2923  3245 I am_broadcast_discard_app: [0,60413287,android.net.wifi.RSSI_CHANGED,0,ResolveInfo{c2f6f14 com.meelive.ingkee/.socketio.connection.internal.KAReceiver m=0x108000}]
05-26 14:09:21.216  2923  3245 I am_broadcast_discard_app: [0,60413287,android.net.wifi.RSSI_CHANGED,1,ResolveInfo{18293bd com.qq.ac.android/.receiver.BootReceiver m=0x108000}]
05-26 14:09:21.217  2923  3245 I am_broadcast_discard_app: [0,60413287,android.net.wifi.RSSI_CHANGED,2,ResolveInfo{ecaadb2 com.sdu.didi.psnger/com.didi.sdk.receiver.WifiReceiver m=0x108000}]
05-26 14:09:24.238  2923  3245 I am_broadcast_discard_app: [0,63549113,android.net.wifi.RSSI_CHANGED,0,ResolveInfo{c31f2fe com.meelive.ingkee/.socketio.connection.internal.KAReceiver m=0x108000}]
05-26 14:09:24.240  2923  3245 I am_broadcast_discard_app: [0,63549113,android.net.wifi.RSSI_CHANGED,1,ResolveInfo{7c20a5f com.qq.ac.android/.receiver.BootReceiver m=0x108000}]
05-26 14:09:24.241  2923  3245 I am_broadcast_discard_app: [0,63549113,android.net.wifi.RSSI_CHANGED,2,ResolveInfo{1418cac com.sdu.didi.psnger/com.didi.sdk.receiver.WifiReceiver m=0x108000}]
05-26 14:09:24.299  2923  3243 I am_pss  : [25116,10009,com.android.dialer,28410880,23461888,0]
05-26 14:09:24.334  2923  3243 I am_pss  : [24852,10033,com.android.filemanager,25111552,20422656,0]
05-26 14:09:24.362  2923  3243 I am_pss  : [22635,10045,com.vivo.weather.provider,13168640,11055104,0]
05-26 14:09:24.386  2923  3243 I am_pss  : [25300,1000,com.iqoo.engineermode,14012416,10395648,0]
05-26 14:09:24.414  2923  3243 I am_pss  : [25137,10018,com.vivo.numbermark,6109184,3641344,0]
05-26 14:09:24.436  2923  3243 I am_pss  : [25488,10093,com.android.camera,14919680,11665408,0]
05-26 14:09:27.257  2923  3245 I am_broadcast_discard_app: [0,229043579,android.net.wifi.RSSI_CHANGED,0,ResolveInfo{490c798 com.meelive.ingkee/.socketio.connection.internal.KAReceiver m=0x108000}]
05-26 14:09:27.258  2923  3245 I am_broadcast_discard_app: [0,229043579,android.net.wifi.RSSI_CHANGED,1,ResolveInfo{6057bf1 com.qq.ac.android/.receiver.BootReceiver m=0x108000}]
05-26 14:09:27.260  2923  3245 I am_broadcast_discard_app: [0,229043579,android.net.wifi.RSSI_CHANGED,2,ResolveInfo{97f63d6 com.sdu.didi.psnger/com.didi.sdk.receiver.WifiReceiver m=0x108000}]
05-26 14:09:30.269  2923  3245 I am_broadcast_discard_app: [0,182773293,android.net.wifi.RSSI_CHANGED,0,ResolveInfo{565e762 com.meelive.ingkee/.socketio.connection.internal.KAReceiver m=0x108000}]
05-26 14:09:30.270  2923  3245 I am_broadcast_discard_app: [0,182773293,android.net.wifi.RSSI_CHANGED,1,ResolveInfo{af90f3 com.qq.ac.android/.receiver.BootReceiver m=0x108000}]
05-26 14:09:30.271  2923  3245 I am_broadcast_discard_app: [0,182773293,android.net.wifi.RSSI_CHANGED,2,ResolveInfo{7dcf1b0 com.sdu.didi.psnger/com.didi.sdk.receiver.WifiReceiver m=0x108000}]
05-26 14:09:33.292  2923  3245 I am_broadcast_discard_app: [0,178800975,android.net.wifi.RSSI_CHANGED,0,ResolveInfo{21778dc com.meelive.ingkee/.socketio.connection.internal.KAReceiver m=0x108000}]
05-26 14:09:33.293  2923  3245 I am_broadcast_discard_app: [0,178800975,android.net.wifi.RSSI_CHANGED,1,ResolveInfo{f9ade5 com.qq.ac.android/.receiver.BootReceiver m=0x108000}]
05-26 14:09:33.295  2923  3245 I am_broadcast_discard_app: [0,178800975,android.net.wifi.RSSI_CHANGED,2,ResolveInfo{16900ba com.sdu.didi.psnger/com.didi.sdk.receiver.WifiReceiver m=0x108000}]
05-26 14:09:36.317  2923  3245 I am_broadcast_discard_app: [0,228344673,android.net.wifi.RSSI_CHANGED,0,ResolveInfo{6166e86 com.meelive.ingkee/.socketio.connection.internal.KAReceiver m=0x108000}]
05-26 14:09:36.318  2923  3245 I am_broadcast_discard_app: [0,228344673,android.net.wifi.RSSI_CHANGED,1,ResolveInfo{ede1347 com.qq.ac.android/.receiver.BootReceiver m=0x108000}]
05-26 14:09:36.320  2923  3245 I am_broadcast_discard_app: [0,228344673,android.net.wifi.RSSI_CHANGED,2,ResolveInfo{e580774 com.sdu.didi.psnger/com.didi.sdk.receiver.WifiReceiver m=0x108000}]
05-26 14:09:39.326  2923  3245 I am_broadcast_discard_app: [0,66504798,android.net.wifi.RSSI_CHANGED,0,ResolveInfo{7d4243f com.meelive.ingkee/.socketio.connection.internal.KAReceiver m=0x108000}]
05-26 14:09:39.327  2923  3245 I am_broadcast_discard_app: [0,66504798,android.net.wifi.RSSI_CHANGED,1,ResolveInfo{18d10c com.qq.ac.android/.receiver.BootReceiver m=0x108000}]
05-26 14:09:39.327  2923  3245 I am_broadcast_discard_app: [0,66504798,android.net.wifi.RSSI_CHANGED,2,ResolveInfo{58ada55 com.sdu.didi.psnger/com.didi.sdk.receiver.WifiReceiver m=0x108000}]
05-26 14:09:39.674  2923  3245 I am_broadcast_discard_app: [0,163984804,android.net.wifi.STATE_CHANGE,0,ResolveInfo{e94ff0d com.UCMobile/com.uc.browser.business.openwifi.NetworkConnectReceiver p=1000 m=0x108000}]
05-26 14:09:39.689  2923  3245 I am_proc_start: [0,25875,10114,com.vivo.game,broadcast,com.vivo.game/.update.UpdateDownloadReceiver]
05-26 14:09:39.705  2923 10340 I am_proc_bound: [0,25875,com.vivo.game]
05-26 14:09:40.020  2923 31026 I am_broadcast_discard_app: [0,163984804,android.net.wifi.STATE_CHANGE,3,ResolveInfo{750c57d com.baidu.searchbox/com.baidu.bottom.service.BottomReceiver m=0x108000}]
05-26 14:09:40.021  2923  3245 I am_broadcast_discard_app: [0,163984804,android.net.wifi.STATE_CHANGE,4,ResolveInfo{53e5c72 com.qq.ac.android/.receiver.BootReceiver m=0x108000}]
05-26 14:09:40.021  2923  3245 I am_broadcast_discard_app: [0,163984804,android.net.wifi.STATE_CHANGE,5,ResolveInfo{de448c3 com.sdu.didi.psnger/com.didi.sdk.receiver.WifiReceiver m=0x108000}]
05-26 14:09:40.024  2923  3245 I am_broadcast_discard_app: [0,163984804,android.net.wifi.STATE_CHANGE,6,ResolveInfo{2309540 com.tencent.mtt/.browser.engine.ServiceProcessReceiver m=0x108000}]
05-26 14:09:40.025  2923  3245 I am_broadcast_discard_app: [0,163984804,android.net.wifi.STATE_CHANGE,7,ResolveInfo{ba93c79 wb.gc.xmxx.zxb/com.google.extra.remind.RemindReceiver m=0x108000}]
05-26 14:09:42.352  2923  3245 I am_broadcast_discard_app: [0,66018575,android.net.wifi.RSSI_CHANGED,0,ResolveInfo{3df619c com.meelive.ingkee/.socketio.connection.internal.KAReceiver m=0x108000}]
05-26 14:09:42.353  2923  3245 I am_broadcast_discard_app: [0,66018575,android.net.wifi.RSSI_CHANGED,1,ResolveInfo{8247a5 com.qq.ac.android/.receiver.BootReceiver m=0x108000}]
05-26 14:09:42.356  2923  3245 I am_broadcast_discard_app: [0,66018575,android.net.wifi.RSSI_CHANGED,2,ResolveInfo{7eaf77a com.sdu.didi.psnger/com.didi.sdk.receiver.WifiReceiver m=0x108000}]
05-26 14:09:45.362  2923  3245 I am_broadcast_discard_app: [0,74758433,android.net.wifi.RSSI_CHANGED,0,ResolveInfo{6a11146 com.meelive.ingkee/.socketio.connection.internal.KAReceiver m=0x108000}]
05-26 14:09:45.363  2923  3245 I am_broadcast_discard_app: [0,74758433,android.net.wifi.RSSI_CHANGED,1,ResolveInfo{7fbdf07 com.qq.ac.android/.receiver.BootReceiver m=0x108000}]
05-26 14:09:45.365  2923  3245 I am_broadcast_discard_app: [0,74758433,android.net.wifi.RSSI_CHANGED,2,ResolveInfo{a9c4834 com.sdu.didi.psnger/com.didi.sdk.receiver.WifiReceiver m=0x108000}]
05-26 14:09:48.371  2923  3245 I am_broadcast_discard_app: [0,233661603,android.net.wifi.RSSI_CHANGED,0,ResolveInfo{bcfb3a0 com.meelive.ingkee/.socketio.connection.internal.KAReceiver m=0x108000}]
05-26 14:09:48.373  2923  3245 I am_broadcast_discard_app: [0,233661603,android.net.wifi.RSSI_CHANGED,1,ResolveInfo{dea6b59 com.qq.ac.android/.receiver.BootReceiver m=0x108000}]
05-26 14:09:48.376  2923  3245 I am_broadcast_discard_app: [0,233661603,android.net.wifi.RSSI_CHANGED,2,ResolveInfo{95b031e com.sdu.didi.psnger/com.didi.sdk.receiver.WifiReceiver m=0x108000}]
05-26 14:09:51.394  2923  3245 I am_broadcast_discard_app: [0,38845587,android.net.wifi.RSSI_CHANGED,0,ResolveInfo{28744d0 com.meelive.ingkee/.socketio.connection.internal.KAReceiver m=0x108000}]
05-26 14:09:51.395  2923  3245 I am_broadcast_discard_app: [0,38845587,android.net.wifi.RSSI_CHANGED,1,ResolveInfo{36fdcc9 com.qq.ac.android/.receiver.BootReceiver m=0x108000}]
05-26 14:09:51.396  2923  3245 I am_broadcast_discard_app: [0,38845587,android.net.wifi.RSSI_CHANGED,2,ResolveInfo{85c6fce com.sdu.didi.psnger/com.didi.sdk.receiver.WifiReceiver m=0x108000}]
05-26 14:09:54.418  2923  3245 I am_broadcast_discard_app: [0,47430362,android.net.wifi.RSSI_CHANGED,0,ResolveInfo{5b12b0b com.meelive.ingkee/.socketio.connection.internal.KAReceiver m=0x108000}]
05-26 14:09:54.419  2923  3245 I am_broadcast_discard_app: [0,47430362,android.net.wifi.RSSI_CHANGED,1,ResolveInfo{d0edde8 com.qq.ac.android/.receiver.BootReceiver m=0x108000}]
05-26 14:09:54.421  2923  3245 I am_broadcast_discard_app: [0,47430362,android.net.wifi.RSSI_CHANGED,2,ResolveInfo{615c01 com.sdu.didi.psnger/com.didi.sdk.receiver.WifiReceiver m=0x108000}]
05-26 14:09:57.076  2923  9670 I am_broadcast_discard_app: [0,64557535,NULL,0,ResolveInfo{858be2c com.happyelements.AndroidAnimal/com.happyelements.gsp.android.notification.gcn.GcnBroadcastReceiver m=0x0}]
05-26 14:09:57.440  2923  3245 I am_broadcast_discard_app: [0,82242811,android.net.wifi.RSSI_CHANGED,0,ResolveInfo{7a99118 com.meelive.ingkee/.socketio.connection.internal.KAReceiver m=0x108000}]
05-26 14:09:57.441  2923  3245 I am_broadcast_discard_app: [0,82242811,android.net.wifi.RSSI_CHANGED,1,ResolveInfo{df84771 com.qq.ac.android/.receiver.BootReceiver m=0x108000}]
05-26 14:09:57.443  2923  3245 I am_broadcast_discard_app: [0,82242811,android.net.wifi.RSSI_CHANGED,2,ResolveInfo{ae10956 com.sdu.didi.psnger/com.didi.sdk.receiver.WifiReceiver m=0x108000}]
05-26 14:10:00.073  2923  3243 I am_pss  : [25875,10114,com.vivo.game,15620096,12361728,0]
05-26 14:10:00.453  2923  3245 I am_broadcast_discard_app: [0,152398640,android.net.wifi.RSSI_CHANGED,0,ResolveInfo{be773a9 com.meelive.ingkee/.socketio.connection.internal.KAReceiver m=0x108000}]
05-26 14:10:00.454  2923  3245 I am_broadcast_discard_app: [0,152398640,android.net.wifi.RSSI_CHANGED,1,ResolveInfo{47fed2e com.qq.ac.android/.receiver.BootReceiver m=0x108000}]
05-26 14:10:00.457  2923  3245 I am_broadcast_discard_app: [0,152398640,android.net.wifi.RSSI_CHANGED,2,ResolveInfo{45030cf com.sdu.didi.psnger/com.didi.sdk.receiver.WifiReceiver m=0x108000}]
05-26 14:10:03.477  2923  3245 I am_broadcast_discard_app: [0,211922490,android.net.wifi.RSSI_CHANGED,0,ResolveInfo{ec90aeb com.meelive.ingkee/.socketio.connection.internal.KAReceiver m=0x108000}]
05-26 14:10:03.479  2923  3245 I am_broadcast_discard_app: [0,211922490,android.net.wifi.RSSI_CHANGED,1,ResolveInfo{9af7048 com.qq.ac.android/.receiver.BootReceiver m=0x108000}]
05-26 14:10:03.480  2923  3245 I am_broadcast_discard_app: [0,211922490,android.net.wifi.RSSI_CHANGED,2,ResolveInfo{398eee1 com.sdu.didi.psnger/com.didi.sdk.receiver.WifiReceiver m=0x108000}]
05-26 14:10:06.501  2923  3245 I am_broadcast_discard_app: [0,91179252,android.net.wifi.RSSI_CHANGED,0,ResolveInfo{954981d com.meelive.ingkee/.socketio.connection.internal.KAReceiver m=0x108000}]
05-26 14:10:06.502  2923  3245 I am_broadcast_discard_app: [0,91179252,android.net.wifi.RSSI_CHANGED,1,ResolveInfo{2cbca92 com.qq.ac.android/.receiver.BootReceiver m=0x108000}]
05-26 14:10:06.503  2923  3245 I am_broadcast_discard_app: [0,91179252,android.net.wifi.RSSI_CHANGED,2,ResolveInfo{769ec63 com.sdu.didi.psnger/com.didi.sdk.receiver.WifiReceiver m=0x108000}]
05-26 14:10:09.525  2923  3245 I am_broadcast_discard_app: [0,258841230,android.net.wifi.RSSI_CHANGED,0,ResolveInfo{e9642af com.meelive.ingkee/.socketio.connection.internal.KAReceiver m=0x108000}]
05-26 14:10:09.526  2923  3245 I am_broadcast_discard_app: [0,258841230,android.net.wifi.RSSI_CHANGED,1,ResolveInfo{a5e6bc com.qq.ac.android/.receiver.BootReceiver m=0x108000}]
05-26 14:10:09.527  2923  3245 I am_broadcast_discard_app: [0,258841230,android.net.wifi.RSSI_CHANGED,2,ResolveInfo{458b645 com.sdu.didi.psnger/com.didi.sdk.receiver.WifiReceiver m=0x108000}]
05-26 14:10:10.065  2923  4013 I am_wtf  : [0,2923,system_server,-1,ActivityManager,Sending non-protected broadcast MqttService.pingSender.102750607066235440 from system uid 1000 pkg com.vivo.abe]
05-26 14:10:12.546  2923  3245 I am_broadcast_discard_app: [0,181031252,android.net.wifi.RSSI_CHANGED,0,ResolveInfo{7e468fd com.meelive.ingkee/.socketio.connection.internal.KAReceiver m=0x108000}]
05-26 14:10:12.547  2923  3245 I am_broadcast_discard_app: [0,181031252,android.net.wifi.RSSI_CHANGED,1,ResolveInfo{4ebf9f2 com.qq.ac.android/.receiver.BootReceiver m=0x108000}]
05-26 14:10:12.548  2923  3245 I am_broadcast_discard_app: [0,181031252,android.net.wifi.RSSI_CHANGED,2,ResolveInfo{1cd5843 com.sdu.didi.psnger/com.didi.sdk.receiver.WifiReceiver m=0x108000}]
05-26 14:10:15.570  2923  3245 I am_broadcast_discard_app: [0,45859646,android.net.wifi.RSSI_CHANGED,0,ResolveInfo{f63359f com.meelive.ingkee/.socketio.connection.internal.KAReceiver m=0x108000}]
05-26 14:10:15.571  2923  3245 I am_broadcast_discard_app: [0,45859646,android.net.wifi.RSSI_CHANGED,1,ResolveInfo{f8e76ec com.qq.ac.android/.receiver.BootReceiver m=0x108000}]
05-26 14:10:15.572  2923  3245 I am_broadcast_discard_app: [0,45859646,android.net.wifi.RSSI_CHANGED,2,ResolveInfo{e6cbab5 com.sdu.didi.psnger/com.didi.sdk.receiver.WifiReceiver m=0x108000}]
05-26 14:10:18.586  2923  3245 I am_broadcast_discard_app: [0,224531928,android.net.wifi.RSSI_CHANGED,0,ResolveInfo{27b4d31 com.meelive.ingkee/.socketio.connection.internal.KAReceiver m=0x108000}]
05-26 14:10:18.587  2923  3245 I am_broadcast_discard_app: [0,224531928,android.net.wifi.RSSI_CHANGED,1,ResolveInfo{4eafc16 com.qq.ac.android/.receiver.BootReceiver m=0x108000}]
05-26 14:10:18.588  2923  3245 I am_broadcast_discard_app: [0,224531928,android.net.wifi.RSSI_CHANGED,2,ResolveInfo{fe03997 com.sdu.didi.psnger/com.didi.sdk.receiver.WifiReceiver m=0x108000}]
05-26 14:10:21.606  2923  3245 I am_broadcast_discard_app: [0,160613282,android.net.wifi.RSSI_CHANGED,0,ResolveInfo{c64d833 com.meelive.ingkee/.socketio.connection.internal.KAReceiver m=0x108000}]
05-26 14:10:21.607  2923  3245 I am_broadcast_discard_app: [0,160613282,android.net.wifi.RSSI_CHANGED,1,ResolveInfo{b41c7f0 com.qq.ac.android/.receiver.BootReceiver m=0x108000}]
05-26 14:10:21.608  2923  3245 I am_broadcast_discard_app: [0,160613282,android.net.wifi.RSSI_CHANGED,2,ResolveInfo{98d7169 com.sdu.didi.psnger/com.didi.sdk.receiver.WifiReceiver m=0x108000}]
05-26 14:10:24.626  2923  3245 I am_broadcast_discard_app: [0,127103772,android.net.wifi.RSSI_CHANGED,0,ResolveInfo{a82bb25 com.meelive.ingkee/.socketio.connection.internal.KAReceiver m=0x108000}]
05-26 14:10:24.627  2923  3245 I am_broadcast_discard_app: [0,127103772,android.net.wifi.RSSI_CHANGED,1,ResolveInfo{24d24fa com.qq.ac.android/.receiver.BootReceiver m=0x108000}]
05-26 14:10:24.629  2923  3245 I am_broadcast_discard_app: [0,127103772,android.net.wifi.RSSI_CHANGED,2,ResolveInfo{f791aab com.sdu.didi.psnger/com.didi.sdk.receiver.WifiReceiver m=0x108000}]
05-26 14:10:27.634  2923  3245 I am_broadcast_discard_app: [0,76821539,android.net.wifi.RSSI_CHANGED,0,ResolveInfo{10f0d20 com.meelive.ingkee/.socketio.connection.internal.KAReceiver m=0x108000}]
05-26 14:10:27.635  2923  3245 I am_broadcast_discard_app: [0,76821539,android.net.wifi.RSSI_CHANGED,1,ResolveInfo{2886d9 com.qq.ac.android/.receiver.BootReceiver m=0x108000}]
05-26 14:10:27.636  2923  3245 I am_broadcast_discard_app: [0,76821539,android.net.wifi.RSSI_CHANGED,2,ResolveInfo{f2db89e com.sdu.didi.psnger/com.didi.sdk.receiver.WifiReceiver m=0x108000}]
05-26 14:10:30.214  2923  2923 I notification_enqueue: [10030,16875,com.bbk.appstore,100000,NULL,0,Notification(pri=0 contentView=com.bbk.appstore/0x7f030091 vibrate=null sound=null defaults=0x0 flags=0x10 color=0x00000000 vis=PRIVATE),0]
05-26 14:10:30.232  2923 10340 I notification_autogrouped: 0|com.bbk.appstore|100000|null|10030
05-26 14:10:30.234  2923  2923 I notification_enqueue: [10030,16875,com.bbk.appstore,2147483647,group_key_override,0,Notification(pri=0 contentView=null vibrate=null sound=null defaults=0x0 flags=0x700 color=0x00000000 groupKey=ranker_bundle vis=PRIVATE),0]
05-26 14:10:30.237  2923  4690 I notification_autogrouped: 0|com.bbk.appstore|100000|null|10030
05-26 14:10:30.644  2923  3245 I am_broadcast_discard_app: [0,226406268,android.net.wifi.RSSI_CHANGED,0,ResolveInfo{e50b005 com.meelive.ingkee/.socketio.connection.internal.KAReceiver m=0x108000}]
05-26 14:10:30.644  2923  3245 I am_broadcast_discard_app: [0,226406268,android.net.wifi.RSSI_CHANGED,1,ResolveInfo{6daa85a com.qq.ac.android/.receiver.BootReceiver m=0x108000}]
05-26 14:10:30.645  2923  3245 I am_broadcast_discard_app: [0,226406268,android.net.wifi.RSSI_CHANGED,2,ResolveInfo{a014a8b com.sdu.didi.psnger/com.didi.sdk.receiver.WifiReceiver m=0x108000}]
05-26 14:10:33.659  2923  3245 I am_broadcast_discard_app: [0,42659878,android.net.wifi.RSSI_CHANGED,0,ResolveInfo{db80467 com.meelive.ingkee/.socketio.connection.internal.KAReceiver m=0x108000}]
05-26 14:10:33.660  2923  3245 I am_broadcast_discard_app: [0,42659878,android.net.wifi.RSSI_CHANGED,1,ResolveInfo{75b7214 com.qq.ac.android/.receiver.BootReceiver m=0x108000}]
05-26 14:10:33.662  2923  3245 I am_broadcast_discard_app: [0,42659878,android.net.wifi.RSSI_CHANGED,2,ResolveInfo{e29dabd com.sdu.didi.psnger/com.didi.sdk.receiver.WifiReceiver m=0x108000}]
05-26 14:10:36.679  2923  3245 I am_broadcast_discard_app: [0,92773248,android.net.wifi.RSSI_CHANGED,0,ResolveInfo{11e65b9 com.meelive.ingkee/.socketio.connection.internal.KAReceiver m=0x108000}]
05-26 14:10:36.679  2923  3245 I am_broadcast_discard_app: [0,92773248,android.net.wifi.RSSI_CHANGED,1,ResolveInfo{305ddfe com.qq.ac.android/.receiver.BootReceiver m=0x108000}]
05-26 14:10:36.680  2923  3245 I am_broadcast_discard_app: [0,92773248,android.net.wifi.RSSI_CHANGED,2,ResolveInfo{397195f com.sdu.didi.psnger/com.didi.sdk.receiver.WifiReceiver m=0x108000}]
05-26 14:10:39.703  2923  3245 I am_broadcast_discard_app: [0,54389883,android.net.wifi.RSSI_CHANGED,0,ResolveInfo{18d5a98 com.meelive.ingkee/.socketio.connection.internal.KAReceiver m=0x108000}]
05-26 14:10:39.704  2923  3245 I am_broadcast_discard_app: [0,54389883,android.net.wifi.RSSI_CHANGED,1,ResolveInfo{45a12f1 com.qq.ac.android/.receiver.BootReceiver m=0x108000}]
05-26 14:10:39.706  2923  3245 I am_broadcast_discard_app: [0,54389883,android.net.wifi.RSSI_CHANGED,2,ResolveInfo{385aed6 com.sdu.didi.psnger/com.didi.sdk.receiver.WifiReceiver m=0x108000}]
05-26 14:10:42.712  2923  3245 I am_broadcast_discard_app: [0,71790579,android.net.wifi.RSSI_CHANGED,0,ResolveInfo{f78e4b0 com.meelive.ingkee/.socketio.connection.internal.KAReceiver m=0x108000}]
05-26 14:10:42.713  2923  3245 I am_broadcast_discard_app: [0,71790579,android.net.wifi.RSSI_CHANGED,1,ResolveInfo{c472f29 com.qq.ac.android/.receiver.BootReceiver m=0x108000}]
05-26 14:10:42.714  2923  3245 I am_broadcast_discard_app: [0,71790579,android.net.wifi.RSSI_CHANGED,2,ResolveInfo{d63c2ae com.sdu.didi.psnger/com.didi.sdk.receiver.WifiReceiver m=0x108000}]
05-26 14:10:45.735  2923  3245 I am_broadcast_discard_app: [0,8033509,android.net.wifi.RSSI_CHANGED,0,ResolveInfo{bad5bba com.meelive.ingkee/.socketio.connection.internal.KAReceiver m=0x108000}]
05-26 14:10:45.736  2923  3245 I am_broadcast_discard_app: [0,8033509,android.net.wifi.RSSI_CHANGED,1,ResolveInfo{69eea6b com.qq.ac.android/.receiver.BootReceiver m=0x108000}]
05-26 14:10:45.738  2923  3245 I am_broadcast_discard_app: [0,8033509,android.net.wifi.RSSI_CHANGED,2,ResolveInfo{6d899c8 com.sdu.didi.psnger/com.didi.sdk.receiver.WifiReceiver m=0x108000}]
05-26 14:10:48.741  2923  3245 I am_broadcast_discard_app: [0,96453191,android.net.wifi.RSSI_CHANGED,0,ResolveInfo{9c18a74 com.meelive.ingkee/.socketio.connection.internal.KAReceiver m=0x108000}]
05-26 14:10:48.742  2923  3245 I am_broadcast_discard_app: [0,96453191,android.net.wifi.RSSI_CHANGED,1,ResolveInfo{94f7b9d com.qq.ac.android/.receiver.BootReceiver m=0x108000}]
05-26 14:10:48.743  2923  3245 I am_broadcast_discard_app: [0,96453191,android.net.wifi.RSSI_CHANGED,2,ResolveInfo{6efa812 com.sdu.didi.psnger/com.didi.sdk.receiver.WifiReceiver m=0x108000}]
05-26 14:10:51.752  2923  3245 I am_broadcast_discard_app: [0,246232217,android.net.wifi.RSSI_CHANGED,0,ResolveInfo{d1c335e com.meelive.ingkee/.socketio.connection.internal.KAReceiver m=0x108000}]
05-26 14:10:51.753  2923  3245 I am_broadcast_discard_app: [0,246232217,android.net.wifi.RSSI_CHANGED,1,ResolveInfo{55cb33f com.qq.ac.android/.receiver.BootReceiver m=0x108000}]
05-26 14:10:51.755  2923  3245 I am_broadcast_discard_app: [0,246232217,android.net.wifi.RSSI_CHANGED,2,ResolveInfo{8cfb40c com.sdu.didi.psnger/com.didi.sdk.receiver.WifiReceiver m=0x108000}]
05-26 14:10:54.770  2923  3245 I am_broadcast_discard_app: [0,66274395,android.net.wifi.RSSI_CHANGED,0,ResolveInfo{6ca04f8 com.meelive.ingkee/.socketio.connection.internal.KAReceiver m=0x108000}]
05-26 14:10:54.771  2923  3245 I am_broadcast_discard_app: [0,66274395,android.net.wifi.RSSI_CHANGED,1,ResolveInfo{157ddd1 com.qq.ac.android/.receiver.BootReceiver m=0x108000}]
05-26 14:10:54.772  2923  3245 I am_broadcast_discard_app: [0,66274395,android.net.wifi.RSSI_CHANGED,2,ResolveInfo{8a55036 com.sdu.didi.psnger/com.didi.sdk.receiver.WifiReceiver m=0x108000}]
05-26 14:10:54.834  2923  3243 I am_pss  : [5698,10071,com.oma.drm.server,5259264,4767744,0]
05-26 14:10:54.877  2923  3243 I am_pss  : [5685,10017,com.baidu.map.location,16128000,14606336,0]
05-26 14:10:54.908  2923  3243 I am_pss  : [5672,1001,com.qualcomm.qti.loadcarrier,4848640,4354048,0]
05-26 14:10:54.941  2923  3243 I am_pss  : [5659,1000,com.alps.lcn,7169024,6565888,0]
05-26 14:10:54.980  2923  3243 I am_pss  : [5543,1000,com.vivo.abe,29885440,28155904,0]
05-26 14:10:55.033  2923  3243 I am_pss  : [4667,1001,com.android.phone,40464384,39182336,0]
05-26 14:10:55.064  2923  3243 I am_pss  : [4652,1000,com.vivo.upslide,82141184,79474688,0]
05-26 14:10:55.091  2923  3243 I am_pss  : [4646,1000,com.android.server.telecom,8984576,8355840,0]
05-26 14:10:55.113  2923  3243 I am_pss  : [4634,1000,.dataservices,10682368,10047488,0]
05-26 14:10:55.142  2923  3243 I am_pss  : [4503,1000,com.vivo.daemonService,32324608,30613504,0]
05-26 14:10:55.180  2923  3243 I am_pss  : [4354,10024,com.android.systemui,111620096,105644032,0]
05-26 14:10:55.240  2923  3243 I am_pss  : [2923,1000,system,161818624,158076928,0]
05-26 14:10:57.037  2923  3245 I am_broadcast_discard_app: [0,86738445,NULL,0,ResolveInfo{16e39c2 com.happyelements.AndroidAnimal/com.happyelements.gsp.android.notification.gcn.GcnBroadcastReceiver m=0x0}]
05-26 14:10:57.785  2923  3245 I am_broadcast_discard_app: [0,1537545,android.net.wifi.RSSI_CHANGED,0,ResolveInfo{3ea300e com.meelive.ingkee/.socketio.connection.internal.KAReceiver m=0x108000}]
05-26 14:10:57.787  2923  3245 I am_broadcast_discard_app: [0,1537545,android.net.wifi.RSSI_CHANGED,1,ResolveInfo{e2eea2f com.qq.ac.android/.receiver.BootReceiver m=0x108000}]
05-26 14:10:57.788  2923  3245 I am_broadcast_discard_app: [0,1537545,android.net.wifi.RSSI_CHANGED,2,ResolveInfo{4ae383c com.sdu.didi.psnger/com.didi.sdk.receiver.WifiReceiver m=0x108000}]
05-26 14:11:00.791  2923  3245 I am_broadcast_discard_app: [0,205533926,android.net.wifi.RSSI_CHANGED,0,ResolveInfo{abbf027 com.meelive.ingkee/.socketio.connection.internal.KAReceiver m=0x108000}]
05-26 14:11:00.792  2923  3245 I am_broadcast_discard_app: [0,205533926,android.net.wifi.RSSI_CHANGED,1,ResolveInfo{a5b52d4 com.qq.ac.android/.receiver.BootReceiver m=0x108000}]
05-26 14:11:00.792  2923  3245 I am_broadcast_discard_app: [0,205533926,android.net.wifi.RSSI_CHANGED,2,ResolveInfo{170c7d com.sdu.didi.psnger/com.didi.sdk.receiver.WifiReceiver m=0x108000}]
05-26 14:11:03.817  2923  3245 I am_broadcast_discard_app: [0,226805824,android.net.wifi.RSSI_CHANGED,0,ResolveInfo{80cf379 com.meelive.ingkee/.socketio.connection.internal.KAReceiver m=0x108000}]
05-26 14:11:03.818  2923  3245 I am_broadcast_discard_app: [0,226805824,android.net.wifi.RSSI_CHANGED,1,ResolveInfo{848b8be com.qq.ac.android/.receiver.BootReceiver m=0x108000}]
05-26 14:11:03.820  2923  3245 I am_broadcast_discard_app: [0,226805824,android.net.wifi.RSSI_CHANGED,2,ResolveInfo{34bd1f com.sdu.didi.psnger/com.didi.sdk.receiver.WifiReceiver m=0x108000}]
05-26 14:11:06.829  2923  3245 I am_broadcast_discard_app: [0,257139402,android.net.wifi.RSSI_CHANGED,0,ResolveInfo{4720c3b com.meelive.ingkee/.socketio.connection.internal.KAReceiver m=0x108000}]
05-26 14:11:06.831  2923  3245 I am_broadcast_discard_app: [0,257139402,android.net.wifi.RSSI_CHANGED,1,ResolveInfo{4eb5f58 com.qq.ac.android/.receiver.BootReceiver m=0x108000}]
05-26 14:11:06.832  2923  3245 I am_broadcast_discard_app: [0,257139402,android.net.wifi.RSSI_CHANGED,2,ResolveInfo{55498b1 com.sdu.didi.psnger/com.didi.sdk.receiver.WifiReceiver m=0x108000}]
05-26 14:11:06.946  2923  3243 I am_pss  : [5754,10034,com.bbk.launcher2,120842240,119009280,0]
05-26 14:11:06.988  2923  3243 I am_pss  : [19350,10030,com.bbk.appstore:remote,13471744,11821056,0]
05-26 14:11:07.019  2923  3243 I am_pss  : [8757,10081,com.vivo.safecenter,10480640,9859072,0]
05-26 14:11:07.058  2923  3243 I am_pss  : [6935,10063,com.iqoo.secure:remote,36870144,35442688,0]
05-26 14:11:09.848  2923  3245 I am_broadcast_discard_app: [0,174266628,android.net.wifi.RSSI_CHANGED,0,ResolveInfo{ae90eed com.meelive.ingkee/.socketio.connection.internal.KAReceiver m=0x108000}]
05-26 14:11:09.849  2923  3245 I am_broadcast_discard_app: [0,174266628,android.net.wifi.RSSI_CHANGED,1,ResolveInfo{15c122 com.qq.ac.android/.receiver.BootReceiver m=0x108000}]
05-26 14:11:09.851  2923  3245 I am_broadcast_discard_app: [0,174266628,android.net.wifi.RSSI_CHANGED,2,ResolveInfo{c67c7b3 com.sdu.didi.psnger/com.didi.sdk.receiver.WifiReceiver m=0x108000}]
05-26 14:11:12.870  2923  3245 I am_broadcast_discard_app: [0,91409774,android.net.wifi.RSSI_CHANGED,0,ResolveInfo{d8d2c0f com.meelive.ingkee/.socketio.connection.internal.KAReceiver m=0x108000}]
05-26 14:11:12.871  2923  3245 I am_broadcast_discard_app: [0,91409774,android.net.wifi.RSSI_CHANGED,1,ResolveInfo{b22849c com.qq.ac.android/.receiver.BootReceiver m=0x108000}]
05-26 14:11:12.872  2923  3245 I am_broadcast_discard_app: [0,91409774,android.net.wifi.RSSI_CHANGED,2,ResolveInfo{ec22ea5 com.sdu.didi.psnger/com.didi.sdk.receiver.WifiReceiver m=0x108000}]
05-26 14:11:15.895  2923  3245 I am_broadcast_discard_app: [0,72093729,android.net.wifi.RSSI_CHANGED,0,ResolveInfo{bd31c46 com.meelive.ingkee/.socketio.connection.internal.KAReceiver m=0x108000}]
05-26 14:11:15.936  2923  3245 I am_broadcast_discard_app: [0,72093729,android.net.wifi.RSSI_CHANGED,1,ResolveInfo{fa48e07 com.qq.ac.android/.receiver.BootReceiver m=0x108000}]
05-26 14:11:15.937  2923  3245 I am_broadcast_discard_app: [0,72093729,android.net.wifi.RSSI_CHANGED,2,ResolveInfo{cc0cb34 com.sdu.didi.psnger/com.didi.sdk.receiver.WifiReceiver m=0x108000}]
05-26 14:11:18.915  2923  3245 I am_broadcast_discard_app: [0,150078371,android.net.wifi.RSSI_CHANGED,0,ResolveInfo{f3966a0 com.meelive.ingkee/.socketio.connection.internal.KAReceiver m=0x108000}]
05-26 14:11:18.917  2923  3245 I am_broadcast_discard_app: [0,150078371,android.net.wifi.RSSI_CHANGED,1,ResolveInfo{875a259 com.qq.ac.android/.receiver.BootReceiver m=0x108000}]
05-26 14:11:18.918  2923  3245 I am_broadcast_discard_app: [0,150078371,android.net.wifi.RSSI_CHANGED,2,ResolveInfo{b636e1e com.sdu.didi.psnger/com.didi.sdk.receiver.WifiReceiver m=0x108000}]
05-26 14:11:21.924  2923  3245 I am_broadcast_discard_app: [0,232065813,android.net.wifi.RSSI_CHANGED,0,ResolveInfo{4544e2a com.meelive.ingkee/.socketio.connection.internal.KAReceiver m=0x108000}]
05-26 14:11:21.925  2923  3245 I am_broadcast_discard_app: [0,232065813,android.net.wifi.RSSI_CHANGED,1,ResolveInfo{632441b com.qq.ac.android/.receiver.BootReceiver m=0x108000}]
05-26 14:11:21.925  2923  3245 I am_broadcast_discard_app: [0,232065813,android.net.wifi.RSSI_CHANGED,2,ResolveInfo{c0969b8 com.sdu.didi.psnger/com.didi.sdk.receiver.WifiReceiver m=0x108000}]
05-26 14:11:24.947  2923  3245 I am_broadcast_discard_app: [0,36112119,android.net.wifi.RSSI_CHANGED,0,ResolveInfo{8c76964 com.meelive.ingkee/.socketio.connection.internal.KAReceiver m=0x108000}]
05-26 14:11:24.948  2923  3245 I am_broadcast_discard_app: [0,36112119,android.net.wifi.RSSI_CHANGED,1,ResolveInfo{65c87cd com.qq.ac.android/.receiver.BootReceiver m=0x108000}]
05-26 14:11:24.950  2923  3245 I am_broadcast_discard_app: [0,36112119,android.net.wifi.RSSI_CHANGED,2,ResolveInfo{c547882 com.sdu.didi.psnger/com.didi.sdk.receiver.WifiReceiver m=0x108000}]
05-26 14:11:27.974  2923  3245 I am_broadcast_discard_app: [0,246862793,android.net.wifi.RSSI_CHANGED,0,ResolveInfo{ed59ace com.meelive.ingkee/.socketio.connection.internal.KAReceiver m=0x108000}]
05-26 14:11:27.975  2923  3245 I am_broadcast_discard_app: [0,246862793,android.net.wifi.RSSI_CHANGED,1,ResolveInfo{f71ddef com.qq.ac.android/.receiver.BootReceiver m=0x108000}]
05-26 14:11:27.978  2923  3245 I am_broadcast_discard_app: [0,246862793,android.net.wifi.RSSI_CHANGED,2,ResolveInfo{af480fc com.sdu.didi.psnger/com.didi.sdk.receiver.WifiReceiver m=0x108000}]
05-26 14:11:30.982  2923  3245 I am_broadcast_discard_app: [0,262695435,android.net.wifi.RSSI_CHANGED,0,ResolveInfo{a86b0e8 com.meelive.ingkee/.socketio.connection.internal.KAReceiver m=0x108000}]
05-26 14:11:30.984  2923  3245 I am_broadcast_discard_app: [0,262695435,android.net.wifi.RSSI_CHANGED,1,ResolveInfo{b03301 com.qq.ac.android/.receiver.BootReceiver m=0x108000}]
05-26 14:11:30.985  2923  3245 I am_broadcast_discard_app: [0,262695435,android.net.wifi.RSSI_CHANGED,2,ResolveInfo{e5635a6 com.sdu.didi.psnger/com.didi.sdk.receiver.WifiReceiver m=0x108000}]
05-26 14:11:34.006  2923  3245 I am_broadcast_discard_app: [0,191626813,android.net.wifi.RSSI_CHANGED,0,ResolveInfo{4a00632 com.meelive.ingkee/.socketio.connection.internal.KAReceiver m=0x108000}]
05-26 14:11:34.010  2923  3245 I am_broadcast_discard_app: [0,191626813,android.net.wifi.RSSI_CHANGED,1,ResolveInfo{6b20f83 com.qq.ac.android/.receiver.BootReceiver m=0x108000}]
05-26 14:11:34.011  2923  3245 I am_broadcast_discard_app: [0,191626813,android.net.wifi.RSSI_CHANGED,2,ResolveInfo{cdcb500 com.sdu.didi.psnger/com.didi.sdk.receiver.WifiReceiver m=0x108000}]
05-26 14:11:37.017  2923  3245 I am_broadcast_discard_app: [0,83632351,android.net.wifi.RSSI_CHANGED,0,ResolveInfo{cd8212c com.meelive.ingkee/.socketio.connection.internal.KAReceiver m=0x108000}]
05-26 14:11:37.018  2923  3245 I am_broadcast_discard_app: [0,83632351,android.net.wifi.RSSI_CHANGED,1,ResolveInfo{629b7f5 com.qq.ac.android/.receiver.BootReceiver m=0x108000}]
05-26 14:11:37.019  2923  3245 I am_broadcast_discard_app: [0,83632351,android.net.wifi.RSSI_CHANGED,2,ResolveInfo{24e298a com.sdu.didi.psnger/com.didi.sdk.receiver.WifiReceiver m=0x108000}]
05-26 14:11:40.040  2923  3245 I am_broadcast_discard_app: [0,120249969,android.net.wifi.RSSI_CHANGED,0,ResolveInfo{96d5456 com.meelive.ingkee/.socketio.connection.internal.KAReceiver m=0x108000}]
05-26 14:11:40.041  2923  3245 I am_broadcast_discard_app: [0,120249969,android.net.wifi.RSSI_CHANGED,1,ResolveInfo{3c34cd7 com.qq.ac.android/.receiver.BootReceiver m=0x108000}]
05-26 14:11:40.042  2923  3245 I am_broadcast_discard_app: [0,120249969,android.net.wifi.RSSI_CHANGED,2,ResolveInfo{db69c4 com.sdu.didi.psnger/com.didi.sdk.receiver.WifiReceiver m=0x108000}]
05-26 14:11:43.063  2923  3245 I am_broadcast_discard_app: [0,142991219,android.net.wifi.RSSI_CHANGED,0,ResolveInfo{1075e30 com.meelive.ingkee/.socketio.connection.internal.KAReceiver m=0x108000}]
05-26 14:11:43.064  2923  3245 I am_broadcast_discard_app: [0,142991219,android.net.wifi.RSSI_CHANGED,1,ResolveInfo{7f5eaa9 com.qq.ac.android/.receiver.BootReceiver m=0x108000}]
05-26 14:11:43.066  2923  3245 I am_broadcast_discard_app: [0,142991219,android.net.wifi.RSSI_CHANGED,2,ResolveInfo{8ea982e com.sdu.didi.psnger/com.didi.sdk.receiver.WifiReceiver m=0x108000}]
05-26 14:11:46.087  2923  3245 I am_broadcast_discard_app: [0,186222693,android.net.wifi.RSSI_CHANGED,0,ResolveInfo{48c093a com.meelive.ingkee/.socketio.connection.internal.KAReceiver m=0x108000}]
05-26 14:11:46.088  2923  3245 I am_broadcast_discard_app: [0,186222693,android.net.wifi.RSSI_CHANGED,1,ResolveInfo{74bc9eb com.qq.ac.android/.receiver.BootReceiver m=0x108000}]
05-26 14:11:46.089  2923  3245 I am_broadcast_discard_app: [0,186222693,android.net.wifi.RSSI_CHANGED,2,ResolveInfo{98cc348 com.sdu.didi.psnger/com.didi.sdk.receiver.WifiReceiver m=0x108000}]
05-26 14:11:49.109  2923  3245 I am_broadcast_discard_app: [0,18553287,android.net.wifi.RSSI_CHANGED,0,ResolveInfo{14ecbf4 com.meelive.ingkee/.socketio.connection.internal.KAReceiver m=0x108000}]
05-26 14:11:49.112  2923  3245 I am_broadcast_discard_app: [0,18553287,android.net.wifi.RSSI_CHANGED,1,ResolveInfo{3695f1d com.qq.ac.android/.receiver.BootReceiver m=0x108000}]
05-26 14:11:49.113  2923  3245 I am_broadcast_discard_app: [0,18553287,android.net.wifi.RSSI_CHANGED,2,ResolveInfo{c468592 com.sdu.didi.psnger/com.didi.sdk.receiver.WifiReceiver m=0x108000}]
05-26 14:11:52.131  2923  3245 I am_broadcast_discard_app: [0,121753625,android.net.wifi.RSSI_CHANGED,0,ResolveInfo{c368de com.meelive.ingkee/.socketio.connection.internal.KAReceiver m=0x108000}]
05-26 14:11:52.132  2923  3245 I am_broadcast_discard_app: [0,121753625,android.net.wifi.RSSI_CHANGED,1,ResolveInfo{6db7abf com.qq.ac.android/.receiver.BootReceiver m=0x108000}]
05-26 14:11:52.134  2923  3245 I am_broadcast_discard_app: [0,121753625,android.net.wifi.RSSI_CHANGED,2,ResolveInfo{993a58c com.sdu.didi.psnger/com.didi.sdk.receiver.WifiReceiver m=0x108000}]
05-26 14:11:55.153  2923  3245 I am_broadcast_discard_app: [0,257360859,android.net.wifi.RSSI_CHANGED,0,ResolveInfo{19b8e78 com.meelive.ingkee/.socketio.connection.internal.KAReceiver m=0x108000}]
05-26 14:11:55.154  2923  3245 I am_broadcast_discard_app: [0,257360859,android.net.wifi.RSSI_CHANGED,1,ResolveInfo{d746951 com.qq.ac.android/.receiver.BootReceiver m=0x108000}]
05-26 14:11:55.156  2923  3245 I am_broadcast_discard_app: [0,257360859,android.net.wifi.RSSI_CHANGED,2,ResolveInfo{84db5b6 com.sdu.didi.psnger/com.didi.sdk.receiver.WifiReceiver m=0x108000}]
05-26 14:11:57.037  2923  3245 I am_broadcast_discard_app: [0,21318029,NULL,0,ResolveInfo{6f77742 com.happyelements.AndroidAnimal/com.happyelements.gsp.android.notification.gcn.GcnBroadcastReceiver m=0x0}]
05-26 14:11:58.177  2923  3245 I am_broadcast_discard_app: [0,181006729,android.net.wifi.RSSI_CHANGED,0,ResolveInfo{889c58e com.meelive.ingkee/.socketio.connection.internal.KAReceiver m=0x108000}]
05-26 14:11:58.178  2923  3245 I am_broadcast_discard_app: [0,181006729,android.net.wifi.RSSI_CHANGED,1,ResolveInfo{6ae91af com.qq.ac.android/.receiver.BootReceiver m=0x108000}]
05-26 14:11:58.179  2923  3245 I am_broadcast_discard_app: [0,181006729,android.net.wifi.RSSI_CHANGED,2,ResolveInfo{51189bc com.sdu.didi.psnger/com.didi.sdk.receiver.WifiReceiver m=0x108000}]
05-26 14:12:01.199  2923  3245 I am_broadcast_discard_app: [0,126679142,android.net.wifi.RSSI_CHANGED,0,ResolveInfo{f9907a7 com.meelive.ingkee/.socketio.connection.internal.KAReceiver m=0x108000}]
05-26 14:12:01.200  2923  3245 I am_broadcast_discard_app: [0,126679142,android.net.wifi.RSSI_CHANGED,1,ResolveInfo{6a75454 com.qq.ac.android/.receiver.BootReceiver m=0x108000}]
05-26 14:12:01.201  2923  3245 I am_broadcast_discard_app: [0,126679142,android.net.wifi.RSSI_CHANGED,2,ResolveInfo{de8affd com.sdu.didi.psnger/com.didi.sdk.receiver.WifiReceiver m=0x108000}]
05-26 14:12:04.222  2923  3245 I am_broadcast_discard_app: [0,206528960,android.net.wifi.RSSI_CHANGED,0,ResolveInfo{8154ef9 com.meelive.ingkee/.socketio.connection.internal.KAReceiver m=0x108000}]
05-26 14:12:04.223  2923  3245 I am_broadcast_discard_app: [0,206528960,android.net.wifi.RSSI_CHANGED,1,ResolveInfo{cb8ae3e com.qq.ac.android/.receiver.BootReceiver m=0x108000}]
05-26 14:12:04.224  2923  3245 I am_broadcast_discard_app: [0,206528960,android.net.wifi.RSSI_CHANGED,2,ResolveInfo{1ad449f com.sdu.didi.psnger/com.didi.sdk.receiver.WifiReceiver m=0x108000}]
05-26 14:12:07.244  2923  3245 I am_broadcast_discard_app: [0,109932618,android.net.wifi.RSSI_CHANGED,0,ResolveInfo{5ab8bbb com.meelive.ingkee/.socketio.connection.internal.KAReceiver m=0x108000}]
05-26 14:12:07.245  2923  3245 I am_broadcast_discard_app: [0,109932618,android.net.wifi.RSSI_CHANGED,1,ResolveInfo{c3fa8d8 com.qq.ac.android/.receiver.BootReceiver m=0x108000}]
05-26 14:12:07.246  2923  3245 I am_broadcast_discard_app: [0,109932618,android.net.wifi.RSSI_CHANGED,2,ResolveInfo{b9ce431 com.sdu.didi.psnger/com.didi.sdk.receiver.WifiReceiver m=0x108000}]
05-26 14:12:10.268  2923  3245 I am_broadcast_discard_app: [0,7502468,android.net.wifi.RSSI_CHANGED,0,ResolveInfo{82a926d com.meelive.ingkee/.socketio.connection.internal.KAReceiver m=0x108000}]
05-26 14:12:10.270  2923  3245 I am_broadcast_discard_app: [0,7502468,android.net.wifi.RSSI_CHANGED,1,ResolveInfo{bbea2 com.qq.ac.android/.receiver.BootReceiver m=0x108000}]
05-26 14:12:10.271  2923  3245 I am_broadcast_discard_app: [0,7502468,android.net.wifi.RSSI_CHANGED,2,ResolveInfo{c61b733 com.sdu.didi.psnger/com.didi.sdk.receiver.WifiReceiver m=0x108000}]
05-26 14:12:13.291  2923  3245 I am_broadcast_discard_app: [0,243999470,android.net.wifi.RSSI_CHANGED,0,ResolveInfo{7f6938f com.meelive.ingkee/.socketio.connection.internal.KAReceiver m=0x108000}]
05-26 14:12:13.293  2923  3245 I am_broadcast_discard_app: [0,243999470,android.net.wifi.RSSI_CHANGED,1,ResolveInfo{48c961c com.qq.ac.android/.receiver.BootReceiver m=0x108000}]
05-26 14:12:13.295  2923  3245 I am_broadcast_discard_app: [0,243999470,android.net.wifi.RSSI_CHANGED,2,ResolveInfo{b40a225 com.sdu.didi.psnger/com.didi.sdk.receiver.WifiReceiver m=0x108000}]
05-26 14:12:16.314  2923  3245 I am_broadcast_discard_app: [0,249231368,android.net.wifi.RSSI_CHANGED,0,ResolveInfo{8fe3ba1 com.meelive.ingkee/.socketio.connection.internal.KAReceiver m=0x108000}]
05-26 14:12:16.315  2923  3245 I am_broadcast_discard_app: [0,249231368,android.net.wifi.RSSI_CHANGED,1,ResolveInfo{9f0a1c6 com.qq.ac.android/.receiver.BootReceiver m=0x108000}]
05-26 14:12:16.317  2923  3245 I am_broadcast_discard_app: [0,249231368,android.net.wifi.RSSI_CHANGED,2,ResolveInfo{1e36587 com.sdu.didi.psnger/com.didi.sdk.receiver.WifiReceiver m=0x108000}]
05-26 14:12:19.337  2923  3245 I am_broadcast_discard_app: [0,239408210,android.net.wifi.RSSI_CHANGED,0,ResolveInfo{906d323 com.meelive.ingkee/.socketio.connection.internal.KAReceiver m=0x108000}]
05-26 14:12:19.338  2923  3245 I am_broadcast_discard_app: [0,239408210,android.net.wifi.RSSI_CHANGED,1,ResolveInfo{c4ec020 com.qq.ac.android/.receiver.BootReceiver m=0x108000}]
05-26 14:12:19.340  2923  3245 I am_broadcast_discard_app: [0,239408210,android.net.wifi.RSSI_CHANGED,2,ResolveInfo{4d1bdd9 com.sdu.didi.psnger/com.didi.sdk.receiver.WifiReceiver m=0x108000}]
05-26 14:12:22.349  2923  3245 I am_broadcast_discard_app: [0,162512460,android.net.wifi.RSSI_CHANGED,0,ResolveInfo{6975e95 com.meelive.ingkee/.socketio.connection.internal.KAReceiver m=0x108000}]
05-26 14:12:22.350  2923  3245 I am_broadcast_discard_app: [0,162512460,android.net.wifi.RSSI_CHANGED,1,ResolveInfo{982dbaa com.qq.ac.android/.receiver.BootReceiver m=0x108000}]
05-26 14:12:22.352  2923  3245 I am_broadcast_discard_app: [0,162512460,android.net.wifi.RSSI_CHANGED,2,ResolveInfo{b21839b com.sdu.didi.psnger/com.didi.sdk.receiver.WifiReceiver m=0x108000}]
05-26 14:12:25.372  2923  3245 I am_broadcast_discard_app: [0,84609142,android.net.wifi.RSSI_CHANGED,0,ResolveInfo{38abe77 com.meelive.ingkee/.socketio.connection.internal.KAReceiver m=0x108000}]
05-26 14:12:25.375  2923  3245 I am_broadcast_discard_app: [0,84609142,android.net.wifi.RSSI_CHANGED,1,ResolveInfo{f258ae4 com.qq.ac.android/.receiver.BootReceiver m=0x108000}]
05-26 14:12:25.377  2923  3245 I am_broadcast_discard_app: [0,84609142,android.net.wifi.RSSI_CHANGED,2,ResolveInfo{3a5cb4d com.sdu.didi.psnger/com.didi.sdk.receiver.WifiReceiver m=0x108000}]
05-26 14:12:28.395  2923  3245 I am_broadcast_discard_app: [0,19034448,android.net.wifi.RSSI_CHANGED,0,ResolveInfo{e10cf49 com.meelive.ingkee/.socketio.connection.internal.KAReceiver m=0x108000}]
05-26 14:12:28.397  2923  3245 I am_broadcast_discard_app: [0,19034448,android.net.wifi.RSSI_CHANGED,1,ResolveInfo{7c6b04e com.qq.ac.android/.receiver.BootReceiver m=0x108000}]
05-26 14:12:28.400  2923  3245 I am_broadcast_discard_app: [0,19034448,android.net.wifi.RSSI_CHANGED,2,ResolveInfo{3a5056f com.sdu.didi.psnger/com.didi.sdk.receiver.WifiReceiver m=0x108000}]
05-26 14:12:31.420  2923  3245 I am_broadcast_discard_app: [0,31556442,android.net.wifi.RSSI_CHANGED,0,ResolveInfo{4a6898b com.meelive.ingkee/.socketio.connection.internal.KAReceiver m=0x108000}]
05-26 14:12:31.421  2923  3245 I am_broadcast_discard_app: [0,31556442,android.net.wifi.RSSI_CHANGED,1,ResolveInfo{5531a68 com.qq.ac.android/.receiver.BootReceiver m=0x108000}]
05-26 14:12:31.422  2923  3245 I am_broadcast_discard_app: [0,31556442,android.net.wifi.RSSI_CHANGED,2,ResolveInfo{ade1e81 com.sdu.didi.psnger/com.didi.sdk.receiver.WifiReceiver m=0x108000}]
05-26 14:12:34.441  2923  3245 I am_broadcast_discard_app: [0,158561556,android.net.wifi.RSSI_CHANGED,0,ResolveInfo{54d21bd com.meelive.ingkee/.socketio.connection.internal.KAReceiver m=0x108000}]
05-26 14:12:34.442  2923  3245 I am_broadcast_discard_app: [0,158561556,android.net.wifi.RSSI_CHANGED,1,ResolveInfo{74d23b2 com.qq.ac.android/.receiver.BootReceiver m=0x108000}]
05-26 14:12:34.443  2923  3245 I am_broadcast_discard_app: [0,158561556,android.net.wifi.RSSI_CHANGED,2,ResolveInfo{a649f03 com.sdu.didi.psnger/com.didi.sdk.receiver.WifiReceiver m=0x108000}]
05-26 14:12:37.465  2923  3245 I am_broadcast_discard_app: [0,157665534,android.net.wifi.RSSI_CHANGED,0,ResolveInfo{608285f com.meelive.ingkee/.socketio.connection.internal.KAReceiver m=0x108000}]
05-26 14:12:37.466  2923  3245 I am_broadcast_discard_app: [0,157665534,android.net.wifi.RSSI_CHANGED,1,ResolveInfo{64052ac com.qq.ac.android/.receiver.BootReceiver m=0x108000}]
05-26 14:12:37.467  2923  3245 I am_broadcast_discard_app: [0,157665534,android.net.wifi.RSSI_CHANGED,2,ResolveInfo{f9bcb75 com.sdu.didi.psnger/com.didi.sdk.receiver.WifiReceiver m=0x108000}]
05-26 14:12:40.487  2923  3245 I am_broadcast_discard_app: [0,28700056,android.net.wifi.RSSI_CHANGED,0,ResolveInfo{46aa9f1 com.meelive.ingkee/.socketio.connection.internal.KAReceiver m=0x108000}]
05-26 14:12:40.489  2923  3245 I am_broadcast_discard_app: [0,28700056,android.net.wifi.RSSI_CHANGED,1,ResolveInfo{297f9d6 com.qq.ac.android/.receiver.BootReceiver m=0x108000}]
