05-22 08:50:51.546  3753  5183 I notification_autogrouped: 0|com.bbk.appstore|751|1:75|10030
05-22 08:50:51.651  3753 16657 I notification_cancel_all: [10093,31261,com.android.camera,0,0,64,9,NULL]
05-22 08:50:51.726  3753  3753 I notification_enqueue: [10030,5934,com.bbk.appstore,751,1:75,0,Notification(pri=0 contentView=null vibrate=null sound=null defaults=0x0 flags=0x2 color=0x00000000 vis=PRIVATE),1]
05-22 08:50:51.733  3753 16934 I notification_autogrouped: 0|com.bbk.appstore|633|null|10030
05-22 08:50:51.737  3753 16934 I notification_autogrouped: 0|com.bbk.appstore|633|null|10030
05-22 08:50:51.737  3753 16934 I notification_autogrouped: 0|com.bbk.appstore|751|1:75|10030
05-22 08:50:52.302  3753  3779 I am_proc_start: [0,31311,1000,com.qualcomm.display,service,com.qualcomm.svi/.SVIService]
05-22 08:50:52.401  3753  5190 I am_proc_bound: [0,31311,com.qualcomm.display]
05-22 08:50:52.439  3753  9316 I am_proc_died: [0,31261,com.android.camera]
05-22 08:50:52.513  3753  3778 I am_pss  : [30040,10130,com.tencent.qqlive,159855616,150872064,0]
05-22 08:50:52.537  3753  3778 I am_pss  : [30073,10130,com.tencent.qqlive:services,16615424,13099008,0]
05-22 08:50:52.554  3753  3778 I am_pss  : [30403,10130,com.tencent.qqlive:TMAssistantDownloadSDKService,8750080,6148096,0]
05-22 08:50:52.752  3753  5181 I am_proc_died: [0,28950,com.vivo.gallery]
05-22 08:50:52.753  3753  5181 I am_schedule_service_restart: [0,com.vivo.gallery/com.android.gallery3d.vivo.classify.ClassifyService,1000]
05-22 08:50:53.037  3753  3778 I am_pss  : [30773,10131,com.sina.weibo.image,13211648,9080832,0]
05-22 08:50:53.547  3753  3753 I notification_enqueue: [10030,5934,com.bbk.appstore,751,1:75,0,Notification(pri=0 contentView=null vibrate=null sound=null defaults=0x0 flags=0x2 color=0x00000000 vis=PRIVATE),1]
05-22 08:50:53.698  3753 16930 I am_wtf  : [0,3753,system_server,-1,ActivityManager,Sending non-protected broadcast vivo.intent.action.PRELOAD_VIVOCAM from system 4665:com.vivo.daemonService/1000 pkg com.vivo.daemonService]
05-22 08:50:53.706  3753 16662 I notification_autogrouped: 0|com.bbk.appstore|633|null|10030
05-22 08:50:53.707  3753 10556 I notification_autogrouped: 0|com.bbk.appstore|633|null|10030
05-22 08:50:53.707  3753 10556 I notification_autogrouped: 0|com.bbk.appstore|751|1:75|10030
05-22 08:50:53.712  3753  3779 I am_proc_start: [0,31347,10093,com.android.camera,broadcast,com.android.camera/.PreloadCameraReceiver]
05-22 08:50:53.733  3753  3825 I unknown_sources_enabled: 0
05-22 08:50:53.743  3753 16933 I am_proc_bound: [0,31347,com.android.camera]
05-22 08:50:53.773  3753  3779 I am_proc_start: [0,31360,10098,com.vivo.gallery,service,com.vivo.gallery/com.android.gallery3d.vivo.classify.ClassifyService]
05-22 08:50:53.807  3753  3772 I am_proc_bound: [0,31360,com.vivo.gallery]
05-22 08:50:53.851  3753  3753 I notification_enqueue: [10030,5934,com.bbk.appstore,751,1:75,0,Notification(pri=0 contentView=null vibrate=null sound=null defaults=0x0 flags=0x2 color=0x00000000 vis=PRIVATE),1]
05-22 08:50:53.885  3753  4637 I notification_autogrouped: 0|com.bbk.appstore|633|null|10030
05-22 08:50:53.887  3753  5190 I notification_autogrouped: 0|com.bbk.appstore|633|null|10030
05-22 08:50:53.887  3753  5190 I notification_autogrouped: 0|com.bbk.appstore|751|1:75|10030
05-22 08:50:53.933  3753  9321 I notification_cancel_all: [10093,31347,com.android.camera,0,0,64,9,NULL]
05-22 08:50:54.360  3753 16930 I am_proc_start: [0,31414,10019,com.android.packageinstaller,broadcast,com.android.packageinstaller/.InstalledReceiver]
05-22 08:50:54.368  3753 16930 I am_mem_factor: [2,3]
05-22 08:50:54.389  3753  4664 I am_proc_bound: [0,31414,com.android.packageinstaller]
05-22 08:50:54.404  3753  3753 I notification_cancel_all: [1000,3753,com.dianping.v1,0,0,0,5,NULL]
05-22 08:50:54.429  3753  3753 I am_wtf  : [0,3753,system_server,-1,ActivityManager,Sending non-protected broadcast com.vivo.services.security.client.PACKAGE_PERMISSION_ADDED from system 3753:system/1000 pkg android]
05-22 08:50:54.433   510   510 I sf_frame_dur: [SurfaceView - com.tencent.qqlive/com.tencent.qqlive.ona.activity.VideoDetailActivity,9,20,3,0,0,0,0]
05-22 08:50:54.481  3753  3753 I notification_canceled: [0|com.bbk.appstore|633|null|10030,8,19228,19228,0]
05-22 08:50:54.615  3753  3753 I notification_enqueue: [10030,5934,com.bbk.appstore,751,1:75,0,Notification(pri=0 contentView=null vibrate=null sound=null defaults=0x0 flags=0x2 color=0x00000000 vis=PRIVATE),1]
05-22 08:50:54.621  3753  4664 I notification_autogrouped: 0|com.bbk.appstore|751|1:75|10030
05-22 08:50:54.625  3753 14131 I notification_autogrouped: 0|com.bbk.appstore|751|1:75|10030
05-22 08:50:54.676  3753  4664 I am_proc_start: [0,31444,1000,com.iqoo.powersaving,broadcast,com.iqoo.powersaving/.appwidget.AppWidgetReceiver]
05-22 08:50:54.692  3753  3753 I notification_enqueue: [10030,5934,com.bbk.appstore,751,1:75,0,Notification(pri=0 contentView=null vibrate=null sound=null defaults=0x0 flags=0x2 color=0x00000000 vis=PRIVATE),1]
05-22 08:50:54.706  3753  4664 I notification_autogrouped: 0|com.bbk.appstore|751|1:75|10030
05-22 08:50:54.709  3753 31844 I notification_autogrouped: 0|com.bbk.appstore|751|1:75|10030
05-22 08:50:54.713  3753  5189 I am_proc_bound: [0,31444,com.iqoo.powersaving]
05-22 08:50:54.798  3753  3778 I am_meminfo: [329486336,207708160,0,335339520,241141760]
05-22 08:50:54.851  3753 16930 I am_mem_factor: [1,2]
05-22 08:50:54.863  3753  3753 I notification_enqueue: [10030,5934,com.bbk.appstore,751,1:75,0,Notification(pri=0 contentView=null vibrate=null sound=null defaults=0x0 flags=0x2 color=0x00000000 vis=PRIVATE),1]
05-22 08:50:54.874  3753  4695 I notification_autogrouped: 0|com.bbk.appstore|751|1:75|10030
05-22 08:50:54.881  3753  4313 I notification_autogrouped: 0|com.bbk.appstore|751|1:75|10030
05-22 08:50:54.888  3753  3778 I am_pss  : [30040,10130,com.tencent.qqlive,172311552,162975744,0]
05-22 08:50:54.915  3753  3778 I am_pss  : [30358,10130,com.tencent.qqlive:cache,24659968,21094400,0]
05-22 08:50:54.947  3753  3778 I am_pss  : [7661,10034,com.bbk.launcher2,110624768,104779776,0]
05-22 08:50:54.975  3753  3778 I am_pss  : [4322,10062,com.baidu.input_bbk.service,55720960,51560448,0]
05-22 08:50:54.996  3753  3753 I notification_enqueue: [10030,5934,com.bbk.appstore,751,1:75,0,Notification(pri=0 contentView=null vibrate=null sound=null defaults=0x0 flags=0x2 color=0x00000000 vis=PRIVATE),1]
05-22 08:50:55.005  3753 10556 I notification_autogrouped: 0|com.bbk.appstore|751|1:75|10030
05-22 08:50:55.009  3753  4637 I notification_autogrouped: 0|com.bbk.appstore|751|1:75|10030
05-22 08:50:55.012  3753  3778 I am_pss  : [29722,10131,com.sina.weibo,70159360,60805120,0]
05-22 08:50:55.029  3753  3778 I am_pss  : [30897,10131,com.sina.weibo.imageservant,12698624,8822784,0]
05-22 08:50:55.046  3753  4210 I am_wtf  : [0,3753,system_server,-1,ActivityManager,Sending non-protected broadcast com.vivo.audiofx.maxxaudio.effect from system 3753:system/1000 pkg android]
05-22 08:50:55.055  3753  3778 I am_pss  : [30073,10130,com.tencent.qqlive:services,17700864,13807616,0]
05-22 08:50:55.091  3753  3778 I am_pss  : [9619,1000,com.vivo.doubleinstance,5954560,5550080,0]
05-22 08:50:55.095  3753  3753 I notification_enqueue: [10030,5934,com.bbk.appstore,751,1:75,0,Notification(pri=0 contentView=null vibrate=null sound=null defaults=0x0 flags=0x2 color=0x00000000 vis=PRIVATE),1]
05-22 08:50:55.100  3753 16929 I notification_autogrouped: 0|com.bbk.appstore|751|1:75|10030
05-22 08:50:55.110  3753 14131 I notification_autogrouped: 0|com.bbk.appstore|751|1:75|10030
05-22 08:50:55.133  3753 16929 I am_proc_start: [0,31470,10063,com.iqoo.secure,broadcast,com.iqoo.secure/.receiver.DatausageReceiver]
05-22 08:50:55.140  3753  3778 I am_pss  : [5934,10030,com.bbk.appstore,87645184,83423232,0]
05-22 08:50:55.166  3753  9321 I am_proc_bound: [0,31470,com.iqoo.secure]
05-22 08:50:55.189  3753  3778 I am_pss  : [30803,10133,com.tencent.mm,99664896,95371264,0]
05-22 08:50:55.198  3753 31844 I volume_changed: [3,4,2,15,com.tencent.qqlive]
05-22 08:50:55.210  3753  3778 I am_pss  : [13800,10129,com.tencent.mobileqq:MSF,19307520,18137088,0]
05-22 08:50:55.225  3753  3778 I am_pss  : [5412,1000,com.qti.service.colorservice,5428224,4968448,0]
05-22 08:50:55.246  3753  3778 I am_pss  : [22282,1000,com.iqoo.engineermode,13870080,13271040,0]
05-22 08:50:55.268  3753  3778 I am_pss  : [10337,10009,com.android.dialer,34408448,33644544,0]
05-22 08:50:55.322  3753  3778 I am_pss  : [13706,10129,com.tencent.mobileqq,83278848,81534976,0]
05-22 08:50:55.347  3753  3778 I am_pss  : [6960,1000,com.vivo.permissionmanager,76786688,71811072,0]
05-22 08:50:55.369  3753  3778 I am_pss  : [4678,1000,com.android.settings,40433664,39817216,0]
05-22 08:50:55.387  3753  3778 I am_pss  : [8298,10085,com.vivo.secime.service,16917504,15953920,0]
05-22 08:50:55.405  3753  3778 I am_pss  : [20065,10133,com.tencent.mm:push,13569024,12324864,0]
05-22 08:50:55.425  3753  3778 I am_pss  : [4062,1001,com.android.incallui,27245568,26398720,0]
05-22 08:50:55.448  3753  3778 I am_pss  : [27603,10030,com.bbk.appstore:remote,14078976,13287424,0]
05-22 08:50:55.468  3753  3778 I am_pss  : [4808,10002,android.process.acore,42554368,41508864,0]
05-22 08:50:55.484  3753  3778 I am_pss  : [31360,10098,com.vivo.gallery,8773632,6365184,0]
05-22 08:50:55.502  3753  3778 I am_pss  : [31347,10093,com.android.camera,14728192,12206080,0]
05-22 08:50:55.520  3753  3778 I am_pss  : [4965,10064,com.bbk.iqoo.logsystem,20890624,19922944,0]
05-22 08:50:55.536  3753  3778 I am_pss  : [28917,10008,com.android.defcontainer,5459968,4460544,0]
05-22 08:50:55.552  3753  3778 I am_pss  : [31311,1000,com.qualcomm.display,4205568,2478080,0]
05-22 08:50:55.568  3753  3778 I am_pss  : [25709,10028,com.vivo.audiofx,5092352,4009984,0]
05-22 08:50:55.586  3753  3778 I am_pss  : [5695,10011,android.process.media,43693056,42971136,0]
05-22 08:50:55.605  3753  3778 I am_pss  : [31246,10035,com.android.bbkmusic,22790144,20025344,0]
05-22 08:50:55.620  3753  3778 I am_pss  : [30006,10037,com.android.notes,4282368,3198976,0]
05-22 08:50:55.641  3753  3778 I am_pss  : [18663,10045,com.vivo.weather.provider,13316096,12226560,0]
05-22 08:50:55.661  3753  3778 I am_pss  : [30823,10131,com.sina.weibo:remote,17009664,12152832,0]
05-22 08:50:55.679  3753  3778 I am_pss  : [30773,10131,com.sina.weibo.image,13045760,9109504,0]
05-22 08:50:55.698  3753  3778 I am_pss  : [20242,10136,com.tencent.reading:PushService,15182848,13660160,0]
05-22 08:50:55.718  3753  3778 I am_pss  : [29145,10129,com.tencent.mobileqq:tool,12331008,9744384,0]
05-22 08:50:55.736  3753  3778 I am_pss  : [30403,10130,com.tencent.qqlive:TMAssistantDownloadSDKService,8804352,6246400,0]
05-22 08:50:55.755  3753  3778 I am_pss  : [30420,1000,org.simalliance.openmobileapi.service:remote,3746816,2744320,0]
05-22 08:50:55.778  3753  3778 I am_pss  : [4741,1000,com.vivo.smartmultiwindow,19801088,18714624,0]
05-22 08:50:55.794  3753  3778 I am_pss  : [10042,10081,com.vivo.safecenter,7567360,7151616,0]
05-22 08:50:55.810  3753  3778 I am_pss  : [4279,1000,com.vivo.appfilter,9178112,8589312,0]
05-22 08:50:55.834  3753  3778 I am_pss  : [6139,10063,com.iqoo.secure:remote,77593600,75329536,0]
05-22 08:50:55.849  3753  3778 I am_pss  : [29775,10005,com.vivo.childrenmode,3897344,2945024,0]
05-22 08:50:55.864  3753  3778 I am_pss  : [29687,1000,com.android.fuelsummary,4459520,3371008,0]
05-22 08:50:55.881  3753  3778 I am_pss  : [25693,1000,com.qualcomm.qti.appnetaccess,3615744,2936832,0]
05-22 08:50:55.897  3753  3778 I am_pss  : [25755,10111,com.chaozh.iReader,12784640,11001856,0]
05-22 08:50:55.917  3753  3778 I am_pss  : [6878,1000,com.android.bbklog,22049792,21237760,0]
05-22 08:50:55.936  3753  3778 I am_pss  : [17568,10056,com.vivo.doubletimezoneclock,14734336,13676544,0]
05-22 08:50:55.949  3753  5187 I am_proc_start: [0,31517,10074,com.svox.pico,broadcast,com.svox.pico/.VoiceDataInstallerReceiver]
05-22 08:50:55.969  3753  3778 I am_pss  : [21322,1000,com.vivo.wifi.networkdetect,5396480,4993024,0]
05-22 08:50:55.973  3753  5190 I am_proc_bound: [0,31517,com.svox.pico]
05-22 08:50:55.985  3753  3778 I am_pss  : [6184,10002,com.vivo.sim.contacts,5848064,5459968,0]
05-22 08:50:56.003  3753  3778 I am_pss  : [6013,10055,com.vivo.devicereg,17993728,17604608,0]
05-22 08:50:56.018  3753  3778 I am_pss  : [22470,1000,com.volte.config,5812224,5410816,0]
05-22 08:50:56.034  3753  3778 I am_pss  : [20229,10013,android.ext.services,7849984,7352320,0]
05-22 08:50:56.053  3753  3778 I am_pss  : [5102,10066,com.vivo.magazine,8495104,8089600,0]
05-22 08:50:56.060  3753 16930 I am_wtf  : [0,3753,system_server,-1,ActivityManager,Sending non-protected broadcast com.vivo.behavior.app.add from system 5426:com.vivo.abe/1000 pkg com.vivo.abe]
05-22 08:50:56.061  3753 16930 I am_wtf  : [0,3753,system_server,-1,ActivityManager,Sending non-protected broadcast com.vivo.behavior.app.add from system 5426:com.vivo.abe/1000 pkg com.vivo.abe]
05-22 08:50:56.093  3753  9317 I am_proc_start: [0,31534,10114,com.vivo.game,broadcast,com.vivo.game/.model.GameReceiver]
05-22 08:50:56.096  3753  3773 I am_wtf  : [0,3753,system_server,-1,ActivityManager,Sending non-protected broadcast com.vivo.applicationbehaviorengine.power.refreshList from system 5426:com.vivo.abe/1000 pkg com.vivo.abe]
05-22 08:50:56.097  3753  3778 I am_pss  : [27085,10129,com.tencent.mobileqq:qzonelive,17281024,16433152,0]
05-22 08:50:56.108  3753  4695 I am_proc_bound: [0,31534,com.vivo.game]
05-22 08:50:56.120  3753  3778 I am_pss  : [23085,1000,com.vivo.abe:pushservice_v1,12625920,11935744,0]
05-22 08:50:56.135  3753  3778 I am_pss  : [5629,1001,com.qualcomm.qcrilmsgtunnel,5354496,4960256,0]
05-22 08:50:56.152  3753  3778 I am_pss  : [5541,10071,com.oma.drm.server,5036032,4632576,0]
05-22 08:50:56.168  3753  3778 I am_pss  : [5526,10017,com.baidu.map.location,13008896,12218368,0]
05-22 08:50:56.182  3753  3778 I am_pss  : [5516,1001,com.qualcomm.qti.loadcarrier,4687872,4292608,0]
05-22 08:50:56.197  3753  3778 I am_pss  : [5503,1000,com.alps.lcn,6729728,6340608,0]
05-22 08:50:56.217  3753  3778 I am_pss  : [5426,1000,com.vivo.abe,20636672,19824640,0]
05-22 08:50:56.240  3753  3778 I am_pss  : [5163,1001,com.android.phone,35314688,34500608,0]
05-22 08:50:56.265  3753  3778 I am_pss  : [5146,1000,com.vivo.upslide,110715904,107851776,0]
05-22 08:50:56.283  3753  3778 I am_pss  : [5136,1000,com.android.server.telecom,7742464,7327744,0]
05-22 08:50:56.300  3753  3778 I am_pss  : [5117,1000,.dataservices,11565056,11145216,0]
05-22 08:50:56.320  3753  3778 I am_pss  : [4665,1000,com.vivo.daemonService,29969408,28942336,0]
05-22 08:50:56.352  3753  3778 I am_pss  : [4430,10024,com.android.systemui,109777920,105816064,0]
05-22 08:50:56.355  3753  3753 I notification_enqueue: [10030,5934,com.bbk.appstore,751,1:75,0,Notification(pri=0 contentView=null vibrate=null sound=null defaults=0x0 flags=0x2 color=0x00000000 vis=PRIVATE),1]
05-22 08:50:56.366  3753 16930 I notification_autogrouped: 0|com.bbk.appstore|751|1:75|10030
05-22 08:50:56.368  3753  4637 I notification_autogrouped: 0|com.bbk.appstore|751|1:75|10030
05-22 08:50:56.393  3753  3753 I notification_enqueue: [10030,5934,com.bbk.appstore,751,1:75,0,Notification(pri=0 contentView=null vibrate=null sound=null defaults=0x0 flags=0x2 color=0x00000000 vis=PRIVATE),1]
05-22 08:50:56.403  3753  4695 I notification_autogrouped: 0|com.bbk.appstore|751|1:75|10030
05-22 08:50:56.407  3753 16922 I notification_autogrouped: 0|com.bbk.appstore|751|1:75|10030
05-22 08:50:56.416  3753  3778 I am_pss  : [3753,1000,system,162176000,154324992,0]
05-22 08:50:56.704  3753 16934 I am_broadcast_discard_app: [0,67707456,android.intent.action.PACKAGE_ADDED,17,ResolveInfo{52a0d60 com.sina.weibo/com.huawei.android.pushagent.PushEventReceiver m=0x208000}]
05-22 08:50:56.716  3753  4734 I am_broadcast_discard_app: [0,67707456,android.intent.action.PACKAGE_ADDED,19,ResolveInfo{b3b2219 com.tencent.news/.system.BootBroadcastReceiver m=0x208000}]
05-22 08:50:56.717  3753  3779 I am_broadcast_discard_app: [0,67707456,android.intent.action.PACKAGE_ADDED,20,ResolveInfo{4e752de com.tencent.news/com.huawei.android.pushagent.PushEventReceiver m=0x208000}]
05-22 08:50:56.922  3753  3772 I am_broadcast_discard_app: [0,56316964,com.huawei.intent.action.PUSH,0,ResolveInfo{95dfb8d com.sina.weibo/com.huawei.android.pushagent.PushEventReceiver m=0x108000}]
05-22 08:50:56.931  3753  4185 I netstats_mobile_sample: [41433919,74718,5348155,50352,41432819,74692,4945339,50352,41432819,74692,4945675,50358,1495414256931]
05-22 08:50:56.932  3753  4185 I netstats_wifi_sample: [5480619924,3784475,152384294,2417948,5478923132,3719652,118526839,2417234,5478057421,3714238,118610607,2418753,1495414256931]
05-22 08:50:57.595  3753  3773 I am_proc_died: [0,31534,com.vivo.game]
05-22 08:50:57.596  3753  3773 I am_schedule_service_restart: [0,com.vivo.game/.update.GameReceiverService,1000]
05-22 08:50:57.793  3753  3753 I notification_enqueue: [10030,5934,com.bbk.appstore,751,1:75,0,Notification(pri=0 contentView=null vibrate=null sound=null defaults=0x0 flags=0x2 color=0x00000000 vis=PRIVATE),1]
05-22 08:50:57.803  3753  4734 I notification_autogrouped: 0|com.bbk.appstore|751|1:75|10030
05-22 08:50:57.805  3753 10556 I notification_autogrouped: 0|com.bbk.appstore|751|1:75|10030
05-22 08:50:57.934  3753  3753 I notification_enqueue: [10030,5934,com.bbk.appstore,751,1:75,0,Notification(pri=0 contentView=null vibrate=null sound=null defaults=0x0 flags=0x2 color=0x00000000 vis=PRIVATE),1]
05-22 08:50:57.945  3753 16657 I notification_autogrouped: 0|com.bbk.appstore|751|1:75|10030
05-22 08:50:57.949  3753  5189 I notification_autogrouped: 0|com.bbk.appstore|751|1:75|10030
05-22 08:50:59.080  3753  3753 I notification_enqueue: [10030,5934,com.bbk.appstore,751,1:75,0,Notification(pri=0 contentView=null vibrate=null sound=null defaults=0x0 flags=0x2 color=0x00000000 vis=PRIVATE),1]
05-22 08:50:59.092  3753  5187 I notification_autogrouped: 0|com.bbk.appstore|751|1:75|10030
05-22 08:50:59.094  3753 16933 I notification_autogrouped: 0|com.bbk.appstore|751|1:75|10030
05-22 08:50:59.158  3753  3753 I notification_enqueue: [10030,5934,com.bbk.appstore,751,1:75,0,Notification(pri=0 contentView=null vibrate=null sound=null defaults=0x0 flags=0x2 color=0x00000000 vis=PRIVATE),1]
05-22 08:50:59.168  3753  5183 I notification_autogrouped: 0|com.bbk.appstore|751|1:75|10030
05-22 08:50:59.175  3753  9317 I notification_autogrouped: 0|com.bbk.appstore|751|1:75|10030
05-22 08:50:59.265  3753  3753 I notification_enqueue: [10030,5934,com.bbk.appstore,751,1:75,0,Notification(pri=0 contentView=null vibrate=null sound=null defaults=0x0 flags=0x2 color=0x00000000 vis=PRIVATE),1]
05-22 08:50:59.273  3753 10556 I notification_autogrouped: 0|com.bbk.appstore|751|1:75|10030
05-22 08:50:59.279  3753 22076 I notification_autogrouped: 0|com.bbk.appstore|751|1:75|10030
05-22 08:50:59.321  3753  3753 I notification_enqueue: [10030,5934,com.bbk.appstore,751,1:75,0,Notification(pri=0 contentView=null vibrate=null sound=null defaults=0x0 flags=0x2 color=0x00000000 vis=PRIVATE),1]
05-22 08:50:59.329  3753 16929 I notification_autogrouped: 0|com.bbk.appstore|751|1:75|10030
05-22 08:50:59.330  3753 16934 I notification_autogrouped: 0|com.bbk.appstore|751|1:75|10030
05-22 08:50:59.485  3753  3753 I notification_enqueue: [10030,5934,com.bbk.appstore,751,1:75,0,Notification(pri=0 contentView=null vibrate=null sound=null defaults=0x0 flags=0x2 color=0x00000000 vis=PRIVATE),1]
05-22 08:50:59.499  3753  5148 I notification_autogrouped: 0|com.bbk.appstore|751|1:75|10030
05-22 08:50:59.500  3753  4695 I notification_autogrouped: 0|com.bbk.appstore|751|1:75|10030
05-22 08:51:00.031  3753  3753 I notification_enqueue: [10064,4965,com.bbk.iqoo.logsystem,3,NULL,0,Notification(pri=-2 contentView=com.bbk.iqoo.logsystem/0x3030028 vibrate=null sound=null defaults=0x0 flags=0x40 color=0xff607d8b vis=PRIVATE),1]
05-22 08:51:00.054  3753  3753 I notification_enqueue: [10030,5934,com.bbk.appstore,751,1:75,0,Notification(pri=0 contentView=null vibrate=null sound=null defaults=0x0 flags=0x2 color=0x00000000 vis=PRIVATE),1]
05-22 08:51:00.066  3753  3773 I notification_autogrouped: 0|com.bbk.iqoo.logsystem|3|null|10064
05-22 08:51:00.072  3753  9321 I notification_autogrouped: 0|com.bbk.iqoo.logsystem|3|null|10064
05-22 08:51:00.076  3753 14131 I notification_autogrouped: 0|com.bbk.appstore|751|1:75|10030
05-22 08:51:00.079  3753 16930 I notification_autogrouped: 0|com.bbk.appstore|751|1:75|10030
05-22 08:51:00.129  3753  3753 I notification_enqueue: [10030,5934,com.bbk.appstore,653,NULL,0,Notification(pri=0 contentView=null vibrate=null sound=null defaults=0x0 flags=0x10 color=0x00000000 vis=PRIVATE),0]
05-22 08:51:00.139  3753  5181 I notification_autogrouped: 0|com.bbk.appstore|653|null|10030
05-22 08:51:00.143  3753  4695 I notification_autogrouped: 0|com.bbk.appstore|653|null|10030
05-22 08:51:00.143  3753  4695 I notification_autogrouped: 0|com.bbk.appstore|751|1:75|10030
05-22 08:51:00.460  3753  3753 I notification_enqueue: [10030,5934,com.bbk.appstore,751,1:75,0,Notification(pri=0 contentView=null vibrate=null sound=null defaults=0x0 flags=0x2 color=0x00000000 vis=PRIVATE),1]
05-22 08:51:00.484  3753  4695 I notification_autogrouped: 0|com.bbk.appstore|653|null|10030
05-22 08:51:00.487  3753  5181 I notification_autogrouped: 0|com.bbk.appstore|653|null|10030
05-22 08:51:00.487  3753  5181 I notification_autogrouped: 0|com.bbk.appstore|751|1:75|10030
05-22 08:51:00.617  3753  3753 I notification_enqueue: [10030,5934,com.bbk.appstore,751,1:75,0,Notification(pri=0 contentView=null vibrate=null sound=null defaults=0x0 flags=0x2 color=0x00000000 vis=PRIVATE),1]
05-22 08:51:00.631  3753  9316 I notification_autogrouped: 0|com.bbk.appstore|653|null|10030
05-22 08:51:00.643  3753  5181 I notification_autogrouped: 0|com.bbk.appstore|653|null|10030
05-22 08:51:00.643  3753  5181 I notification_autogrouped: 0|com.bbk.appstore|751|1:75|10030
05-22 08:51:00.857  3753  3753 I notification_enqueue: [10130,30073,com.tencent.qqlive,1047483637,NULL,0,Notification(pri=0 contentView=com.tencent.qqlive/0x7f030159 vibrate=null sound=null tick defaults=0x0 flags=0x10 color=0x00000000 groupKey=3 vis=PRIVATE),1]
05-22 08:51:00.865  3753  3753 I notification_enqueue: [10130,30073,com.tencent.qqlive,1047483638,NULL,0,Notification(pri=2 contentView=com.tencent.qqlive/0x7f030159 vibrate=null sound=null tick defaults=0x0 flags=0x10 color=0x00000000 groupKey=2 vis=PRIVATE),0]
05-22 08:51:00.878  3753  5181 I notification_autogrouped: 0|com.tencent.qqlive|1047483637|null|10130
05-22 08:51:00.885  3753  5190 I notification_autogrouped: 0|com.tencent.qqlive|1047483637|null|10130
05-22 08:51:00.889  3753 31844 I notification_autogrouped: 0|com.tencent.qqlive|1047483638|null|10130
05-22 08:51:00.893  3753 16657 I notification_autogrouped: 0|com.tencent.qqlive|1047483638|null|10130
05-22 08:51:00.893  3753 16657 I notification_autogrouped: 0|com.tencent.qqlive|1047483637|null|10130
05-22 08:51:00.907  4430  4430 I sysui_count: [note_peek,1]
05-22 08:51:00.918  3753 10556 I notification_panel_revealed: 1
05-22 08:51:00.932  3753 16930 I notification_expansion: [0|com.tencent.qqlive|1047483637|null|10130,0,1,29571,76,28293]
05-22 08:51:01.001  3753  3753 I notification_enqueue: [10030,5934,com.bbk.appstore,751,1:75,0,Notification(pri=0 contentView=null vibrate=null sound=null defaults=0x0 flags=0x2 color=0x00000000 vis=PRIVATE),1]
05-22 08:51:01.033  3753 16928 I notification_autogrouped: 0|com.bbk.appstore|653|null|10030
05-22 08:51:01.036  3753 16922 I notification_autogrouped: 0|com.bbk.appstore|653|null|10030
05-22 08:51:01.036  3753 16922 I notification_autogrouped: 0|com.bbk.appstore|751|1:75|10030
05-22 08:51:01.052  3753  5145 I notification_expansion: [0|com.tencent.qqlive|1047483638|null|10130,0,1,190,190,0]
05-22 08:51:01.054  3753 16932 I notification_expansion: [0|com.tencent.qqlive|1047483637|null|10130,0,0,29693,198,28415]
05-22 08:51:01.779  3753 31844 I notification_visibility: [0|com.tencent.qqlive|1047483638|null|10130,1,917,917,0,1]
05-22 08:51:01.955  3753  3753 I notification_enqueue: [10030,5934,com.bbk.appstore,751,1:75,0,Notification(pri=0 contentView=null vibrate=null sound=null defaults=0x0 flags=0x2 color=0x00000000 vis=PRIVATE),1]
05-22 08:51:01.965  3753  3773 I notification_autogrouped: 0|com.bbk.appstore|653|null|10030
05-22 08:51:01.967  3753 10556 I notification_autogrouped: 0|com.bbk.appstore|653|null|10030
05-22 08:51:01.967  3753 10556 I notification_autogrouped: 0|com.bbk.appstore|751|1:75|10030
05-22 08:51:02.462  3753 16930 I am_proc_died: [0,31347,com.android.camera]
05-22 08:51:02.484  3753  5189 I am_proc_died: [0,18663,com.vivo.weather.provider]
05-22 08:51:02.661  3753  3753 I notification_enqueue: [10030,5934,com.bbk.appstore,751,1:75,0,Notification(pri=0 contentView=null vibrate=null sound=null defaults=0x0 flags=0x2 color=0x00000000 vis=PRIVATE),1]
05-22 08:51:02.679  3753 16934 I notification_autogrouped: 0|com.bbk.appstore|653|null|10030
05-22 08:51:02.683  3753 16658 I notification_autogrouped: 0|com.bbk.appstore|653|null|10030
05-22 08:51:02.683  3753 16658 I notification_autogrouped: 0|com.bbk.appstore|751|1:75|10030
05-22 08:51:03.472  3753  4695 I am_wtf  : [0,3753,system_server,-1,ActivityManager,Sending non-protected broadcast vivo.intent.action.PRELOAD_VIVOCAM from system 4665:com.vivo.daemonService/1000 pkg com.vivo.daemonService]
05-22 08:51:03.488  3753  3779 I am_proc_start: [0,31663,10093,com.android.camera,broadcast,com.android.camera/.PreloadCameraReceiver]
05-22 08:51:03.515  3753  9321 I am_proc_bound: [0,31663,com.android.camera]
05-22 08:51:03.546  3753  3753 I notification_enqueue: [10030,5934,com.bbk.appstore,751,1:75,0,Notification(pri=0 contentView=null vibrate=null sound=null defaults=0x0 flags=0x2 color=0x00000000 vis=PRIVATE),1]
05-22 08:51:03.557  3753 16932 I notification_autogrouped: 0|com.bbk.appstore|653|null|10030
05-22 08:51:03.559  3753  4313 I notification_autogrouped: 0|com.bbk.appstore|653|null|10030
05-22 08:51:03.559  3753  4313 I notification_autogrouped: 0|com.bbk.appstore|751|1:75|10030
05-22 08:51:03.631  3753  4313 I notification_cancel_all: [10093,31663,com.android.camera,0,0,64,9,NULL]
05-22 08:51:04.041  3753  3753 I notification_enqueue: [10030,5934,com.bbk.appstore,751,1:75,0,Notification(pri=0 contentView=null vibrate=null sound=null defaults=0x0 flags=0x2 color=0x00000000 vis=PRIVATE),1]
05-22 08:51:04.048  3753 16658 I notification_autogrouped: 0|com.bbk.appstore|653|null|10030
05-22 08:51:04.049  3753  3772 I notification_autogrouped: 0|com.bbk.appstore|653|null|10030
05-22 08:51:04.049  3753  3772 I notification_autogrouped: 0|com.bbk.appstore|751|1:75|10030
05-22 08:51:04.066  3753  4185 I netstats_mobile_sample: [41433919,74718,5348155,50352,41432819,74692,4945339,50352,41432819,74692,4945675,50358,1495414264066]
05-22 08:51:04.066  3753  4185 I netstats_wifi_sample: [5498244916,3796480,152912716,2426181,5496553058,3731500,118940091,2425469,5495671017,3726056,119023723,2426984,1495414264066]
05-22 08:51:04.176  3753  5148 I am_proc_died: [0,31444,com.iqoo.powersaving]
05-22 08:51:04.295  3753  3773 I am_proc_died: [0,28917,com.android.defcontainer]
05-22 08:51:04.641  3753  3778 I am_pss  : [30040,10130,com.tencent.qqlive,179080192,169553920,0]
05-22 08:51:04.665  3753  3778 I am_pss  : [30073,10130,com.tencent.qqlive:services,22452224,18063360,0]
05-22 08:51:04.682  3753  3778 I am_pss  : [30403,10130,com.tencent.qqlive:TMAssistantDownloadSDKService,8792064,6254592,0]
05-22 08:51:04.820  3753  3753 I notification_enqueue: [10030,5934,com.bbk.appstore,751,1:75,0,Notification(pri=0 contentView=null vibrate=null sound=null defaults=0x0 flags=0x2 color=0x00000000 vis=PRIVATE),1]
05-22 08:51:04.838  3753  4637 I notification_autogrouped: 0|com.bbk.appstore|653|null|10030
05-22 08:51:04.841  3753 31844 I notification_autogrouped: 0|com.bbk.appstore|653|null|10030
05-22 08:51:04.841  3753 31844 I notification_autogrouped: 0|com.bbk.appstore|751|1:75|10030
05-22 08:51:04.878  3753  3753 I notification_canceled: [0|com.bbk.appstore|751|1:75|10030,8,32846,59,0]
05-22 08:51:04.916  3753  3753 I notification_enqueue: [10030,5934,com.bbk.appstore,761,1:76,0,Notification(pri=0 contentView=null vibrate=null sound=null defaults=0x0 flags=0x2 color=0x00000000 vis=PRIVATE),0]
05-22 08:51:04.934  3753  4734 I notification_autogrouped: 0|com.bbk.appstore|653|null|10030
05-22 08:51:04.937  3753 16925 I notification_autogrouped: 0|com.bbk.appstore|653|null|10030
05-22 08:51:04.937  3753 16925 I notification_autogrouped: 0|com.bbk.appstore|761|1:76|10030
05-22 08:51:04.982  3753  3753 I notification_enqueue: [10030,5934,com.bbk.appstore,761,1:76,0,Notification(pri=0 contentView=null vibrate=null sound=null defaults=0x0 flags=0x2 color=0x00000000 vis=PRIVATE),1]
05-22 08:51:04.991  3753  9317 I notification_autogrouped: 0|com.bbk.appstore|653|null|10030
05-22 08:51:04.993  3753  3772 I notification_autogrouped: 0|com.bbk.appstore|653|null|10030
05-22 08:51:04.993  3753  3772 I notification_autogrouped: 0|com.bbk.appstore|761|1:76|10030
05-22 08:51:05.051  3753  3753 I notification_enqueue: [10030,5934,com.bbk.appstore,761,1:76,0,Notification(pri=0 contentView=null vibrate=null sound=null defaults=0x0 flags=0x2 color=0x00000000 vis=PRIVATE),1]
05-22 08:51:05.064  3753  9317 I notification_autogrouped: 0|com.bbk.appstore|653|null|10030
05-22 08:51:05.068  3753  4637 I notification_autogrouped: 0|com.bbk.appstore|653|null|10030
05-22 08:51:05.068  3753  4637 I notification_autogrouped: 0|com.bbk.appstore|761|1:76|10030
05-22 08:51:05.103  3753  3753 I notification_enqueue: [10030,5934,com.bbk.appstore,761,1:76,0,Notification(pri=0 contentView=null vibrate=null sound=null defaults=0x0 flags=0x2 color=0x00000000 vis=PRIVATE),1]
05-22 08:51:05.125  3753 16657 I notification_autogrouped: 0|com.bbk.appstore|653|null|10030
05-22 08:51:05.127  3753  9316 I notification_autogrouped: 0|com.bbk.appstore|653|null|10030
05-22 08:51:05.127  3753  9316 I notification_autogrouped: 0|com.bbk.appstore|761|1:76|10030
05-22 08:51:05.486  3753  3825 I am_proc_start: [0,31697,10008,com.android.defcontainer,service,com.android.defcontainer/.DefaultContainerService]
05-22 08:51:05.506  3753  5145 I am_proc_bound: [0,31697,com.android.defcontainer]
05-22 08:51:05.767  3753 16930 I am_proc_died: [0,31470,com.iqoo.secure]
05-22 08:51:05.796  3753  3753 I notification_enqueue: [10030,5934,com.bbk.appstore,761,1:76,0,Notification(pri=0 contentView=null vibrate=null sound=null defaults=0x0 flags=0x2 color=0x00000000 vis=PRIVATE),1]
05-22 08:51:05.811  3753 16932 I notification_autogrouped: 0|com.bbk.appstore|653|null|10030
05-22 08:51:05.813  3753  5145 I notification_autogrouped: 0|com.bbk.appstore|653|null|10030
05-22 08:51:05.814  3753  5145 I notification_autogrouped: 0|com.bbk.appstore|761|1:76|10030
05-22 08:51:06.139  3753  3753 I notification_enqueue: [10030,5934,com.bbk.appstore,761,1:76,0,Notification(pri=0 contentView=null vibrate=null sound=null defaults=0x0 flags=0x2 color=0x00000000 vis=PRIVATE),1]
05-22 08:51:06.148  3753 16922 I notification_autogrouped: 0|com.bbk.appstore|653|null|10030
05-22 08:51:06.152  3753 16933 I notification_autogrouped: 0|com.bbk.appstore|653|null|10030
05-22 08:51:06.152  3753 16933 I notification_autogrouped: 0|com.bbk.appstore|761|1:76|10030
05-22 08:51:06.180  3753  3753 I notification_enqueue: [10030,5934,com.bbk.appstore,761,1:76,0,Notification(pri=0 contentView=null vibrate=null sound=null defaults=0x0 flags=0x2 color=0x00000000 vis=PRIVATE),1]
05-22 08:51:06.195  3753 16922 I notification_autogrouped: 0|com.bbk.appstore|653|null|10030
05-22 08:51:06.201  3753 16932 I notification_autogrouped: 0|com.bbk.appstore|653|null|10030
05-22 08:51:06.201  3753 16932 I notification_autogrouped: 0|com.bbk.appstore|761|1:76|10030
05-22 08:51:06.730  3753  4637 I notification_expansion: [0|com.tencent.qqlive|1047483638|null|10130,0,0,5868,5868,4951]
05-22 08:51:06.738  3753  3778 I am_pss  : [10042,10081,com.vivo.safecenter,7615488,7180288,0]
05-22 08:51:06.882  3753  3753 I notification_enqueue: [10030,5934,com.bbk.appstore,761,1:76,0,Notification(pri=0 contentView=null vibrate=null sound=null defaults=0x0 flags=0x2 color=0x00000000 vis=PRIVATE),1]
05-22 08:51:06.890  3753 16934 I notification_autogrouped: 0|com.bbk.appstore|653|null|10030
05-22 08:51:06.894  3753 16932 I notification_autogrouped: 0|com.bbk.appstore|653|null|10030
05-22 08:51:06.894  3753 16932 I notification_autogrouped: 0|com.bbk.appstore|761|1:76|10030
05-22 08:51:06.932  3753  5145 I notification_visibility: [0|com.tencent.qqlive|1047483638|null|10130,0,6070,6070,0,1]
05-22 08:51:06.967  3753  9317 I notification_panel_hidden: []
05-22 08:51:07.029  3753  3778 I am_pss  : [6139,10063,com.iqoo.secure:remote,54712320,52490240,0]
05-22 08:51:07.697  3753  3753 I notification_enqueue: [10030,5934,com.bbk.appstore,761,1:76,0,Notification(pri=0 contentView=null vibrate=null sound=null defaults=0x0 flags=0x2 color=0x00000000 vis=PRIVATE),1]
05-22 08:51:07.709  3753  5187 I notification_autogrouped: 0|com.bbk.appstore|653|null|10030
05-22 08:51:07.710  3753 16933 I notification_autogrouped: 0|com.bbk.appstore|653|null|10030
05-22 08:51:07.710  3753 16933 I notification_autogrouped: 0|com.bbk.appstore|761|1:76|10030
05-22 08:51:08.011  3753  3753 I notification_enqueue: [10030,5934,com.bbk.appstore,761,1:76,0,Notification(pri=0 contentView=null vibrate=null sound=null defaults=0x0 flags=0x2 color=0x00000000 vis=PRIVATE),1]
05-22 08:51:08.021  3753 16662 I notification_autogrouped: 0|com.bbk.appstore|653|null|10030
05-22 08:51:08.028  3753  9317 I notification_autogrouped: 0|com.bbk.appstore|653|null|10030
05-22 08:51:08.029  3753  9317 I notification_autogrouped: 0|com.bbk.appstore|761|1:76|10030
05-22 08:51:09.165  3753  3753 I notification_enqueue: [10030,5934,com.bbk.appstore,761,1:76,0,Notification(pri=0 contentView=null vibrate=null sound=null defaults=0x0 flags=0x2 color=0x00000000 vis=PRIVATE),1]
05-22 08:51:09.204  3753  4313 I notification_autogrouped: 0|com.bbk.appstore|653|null|10030
05-22 08:51:09.208  3753 16657 I notification_autogrouped: 0|com.bbk.appstore|653|null|10030
05-22 08:51:09.208  3753 16657 I notification_autogrouped: 0|com.bbk.appstore|761|1:76|10030
05-22 08:51:09.457  3753  3753 I notification_enqueue: [10030,5934,com.bbk.appstore,761,1:76,0,Notification(pri=0 contentView=null vibrate=null sound=null defaults=0x0 flags=0x2 color=0x00000000 vis=PRIVATE),1]
05-22 08:51:09.465  3753 16929 I notification_autogrouped: 0|com.bbk.appstore|653|null|10030
05-22 08:51:09.470  3753  4695 I notification_autogrouped: 0|com.bbk.appstore|653|null|10030
05-22 08:51:09.470  3753  4695 I notification_autogrouped: 0|com.bbk.appstore|761|1:76|10030
05-22 08:51:10.788  3753  3753 I notification_enqueue: [10030,5934,com.bbk.appstore,761,1:76,0,Notification(pri=0 contentView=null vibrate=null sound=null defaults=0x0 flags=0x2 color=0x00000000 vis=PRIVATE),1]
05-22 08:51:10.799  3753 22076 I notification_autogrouped: 0|com.bbk.appstore|653|null|10030
05-22 08:51:10.806  3753  4664 I notification_autogrouped: 0|com.bbk.appstore|653|null|10030
05-22 08:51:10.806  3753  4664 I notification_autogrouped: 0|com.bbk.appstore|761|1:76|10030
05-22 08:51:11.168  3753  3825 I unknown_sources_enabled: 0
05-22 08:51:11.247  3753  3753 I notification_enqueue: [10030,5934,com.bbk.appstore,761,1:76,0,Notification(pri=0 contentView=null vibrate=null sound=null defaults=0x0 flags=0x2 color=0x00000000 vis=PRIVATE),1]
05-22 08:51:11.257  3753  4637 I notification_autogrouped: 0|com.bbk.appstore|653|null|10030
05-22 08:51:11.257  3753 16929 I notification_autogrouped: 0|com.bbk.appstore|653|null|10030
05-22 08:51:11.258  3753 16929 I notification_autogrouped: 0|com.bbk.appstore|761|1:76|10030
05-22 08:51:11.490  3753 16933 I am_proc_start: [0,31758,1000,com.iqoo.powersaving,broadcast,com.iqoo.powersaving/.appwidget.AppWidgetReceiver]
05-22 08:51:11.532  3753 16932 I am_proc_bound: [0,31758,com.iqoo.powersaving]
05-22 08:51:11.551  3753  3753 I notification_cancel_all: [1000,3753,com.suning.mobile.ebuy,0,0,0,5,NULL]
05-22 08:51:11.560  3753  3753 I am_wtf  : [0,3753,system_server,-1,ActivityManager,Sending non-protected broadcast com.vivo.services.security.client.PACKAGE_PERMISSION_ADDED from system 3753:system/1000 pkg android]
05-22 08:51:11.609  3753  3778 I am_proc_start: [0,31773,10077,com.android.printspooler,service,com.android.printspooler/.model.PrintSpoolerService]
05-22 08:51:11.609  3753  3753 I notification_canceled: [0|com.bbk.appstore|653|null|10030,8,11481,11481,0]
05-22 08:51:11.662  3753  9317 I am_proc_bound: [0,31773,com.android.printspooler]
05-22 08:51:11.688  3753  9316 I am_proc_start: [0,31790,10063,com.iqoo.secure,broadcast,com.iqoo.secure/.receiver.DatausageReceiver]
05-22 08:51:11.713  3753 16658 I am_proc_bound: [0,31790,com.iqoo.secure]
05-22 08:51:11.763  3753  3753 I notification_enqueue: [10030,5934,com.bbk.appstore,663,NULL,0,Notification(pri=0 contentView=null vibrate=null sound=null defaults=0x0 flags=0x10 color=0x00000000 vis=PRIVATE),0]
05-22 08:51:11.772  3753 16929 I notification_autogrouped: 0|com.bbk.appstore|761|1:76|10030
05-22 08:51:11.778  3753 16658 I notification_autogrouped: 0|com.bbk.appstore|761|1:76|10030
05-22 08:51:11.778  3753 16658 I notification_autogrouped: 0|com.bbk.appstore|663|null|10030
05-22 08:51:11.784  3753  3753 I notification_enqueue: [10030,5934,com.bbk.appstore,761,1:76,0,Notification(pri=0 contentView=null vibrate=null sound=null defaults=0x0 flags=0x2 color=0x00000000 vis=PRIVATE),1]
05-22 08:51:11.815  3753 22076 I notification_autogrouped: 0|com.bbk.appstore|761|1:76|10030
05-22 08:51:11.819  3753 16925 I notification_autogrouped: 0|com.bbk.appstore|761|1:76|10030
05-22 08:51:11.819  3753 16925 I notification_autogrouped: 0|com.bbk.appstore|663|null|10030
05-22 08:51:11.841  3753  3753 I notification_enqueue: [10030,5934,com.bbk.appstore,761,1:76,0,Notification(pri=0 contentView=null vibrate=null sound=null defaults=0x0 flags=0x2 color=0x00000000 vis=PRIVATE),1]
05-22 08:51:11.855  3753  9316 I notification_autogrouped: 0|com.bbk.appstore|761|1:76|10030
05-22 08:51:11.858  3753  3772 I notification_autogrouped: 0|com.bbk.appstore|761|1:76|10030
05-22 08:51:11.858  3753  3772 I notification_autogrouped: 0|com.bbk.appstore|663|null|10030
05-22 08:51:12.182  3753 16662 I am_wtf  : [0,3753,system_server,-1,ActivityManager,Sending non-protected broadcast com.vivo.behavior.app.add from system 5426:com.vivo.abe/1000 pkg com.vivo.abe]
05-22 08:51:12.183  3753 16662 I am_wtf  : [0,3753,system_server,-1,ActivityManager,Sending non-protected broadcast com.vivo.behavior.app.add from system 5426:com.vivo.abe/1000 pkg com.vivo.abe]
05-22 08:51:12.194  3753 16657 I am_wtf  : [0,3753,system_server,-1,ActivityManager,Sending non-protected broadcast com.vivo.applicationbehaviorengine.power.refreshList from system 5426:com.vivo.abe/1000 pkg com.vivo.abe]
05-22 08:51:12.211  3753 31844 I am_proc_start: [0,31836,10114,com.vivo.game,broadcast,com.vivo.game/.model.GameReceiver]
05-22 08:51:12.232  3753  4734 I am_proc_bound: [0,31836,com.vivo.game]
05-22 08:51:12.378  3753  3753 I notification_enqueue: [10030,5934,com.bbk.appstore,761,1:76,0,Notification(pri=0 contentView=null vibrate=null sound=null defaults=0x0 flags=0x2 color=0x00000000 vis=PRIVATE),1]
05-22 08:51:12.401  3753 16662 I notification_autogrouped: 0|com.bbk.appstore|761|1:76|10030
05-22 08:51:12.402  3753 16934 I notification_autogrouped: 0|com.bbk.appstore|761|1:76|10030
05-22 08:51:12.402  3753 16934 I notification_autogrouped: 0|com.bbk.appstore|663|null|10030
05-22 08:51:12.424  3753  4185 I netstats_mobile_sample: [41433919,74718,5348155,50352,41432819,74692,4945339,50352,41432819,74692,4945675,50358,1495414272424]
05-22 08:51:12.424  3753  4185 I netstats_wifi_sample: [5518851686,3810392,153583957,2436571,5517095785,3745287,119464356,2435824,5516226820,3739846,119548212,2437344,1495414272424]
05-22 08:51:12.529  3753  3753 I notification_canceled: [0|com.bbk.appstore|761|1:76|10030,8,7614,152,0]
05-22 08:51:12.547  3753  3753 I notification_enqueue: [10030,5934,com.bbk.appstore,771,1:77,0,Notification(pri=0 contentView=null vibrate=null sound=null defaults=0x0 flags=0x2 color=0x00000000 vis=PRIVATE),0]
05-22 08:51:12.566  3753 16657 I notification_autogrouped: 0|com.bbk.appstore|771|1:77|10030
05-22 08:51:12.566  3753 14131 I notification_autogrouped: 0|com.bbk.appstore|771|1:77|10030
05-22 08:51:12.566  3753 14131 I notification_autogrouped: 0|com.bbk.appstore|663|null|10030
05-22 08:51:12.749  3753  3753 I notification_enqueue: [10030,5934,com.bbk.appstore,771,1:77,0,Notification(pri=0 contentView=null vibrate=null sound=null defaults=0x0 flags=0x2 color=0x00000000 vis=PRIVATE),1]
05-22 08:51:12.773  3753 22076 I notification_autogrouped: 0|com.bbk.appstore|771|1:77|10030
05-22 08:51:12.773  3753 16934 I notification_autogrouped: 0|com.bbk.appstore|771|1:77|10030
05-22 08:51:12.774  3753 16934 I notification_autogrouped: 0|com.bbk.appstore|663|null|10030
05-22 08:51:12.904  3753 16933 I am_broadcast_discard_app: [0,111428918,android.intent.action.PACKAGE_ADDED,17,ResolveInfo{cfa7453 com.sina.weibo/com.huawei.android.pushagent.PushEventReceiver m=0x208000}]
05-22 08:51:12.928  3753 16933 I am_broadcast_discard_app: [0,111428918,android.intent.action.PACKAGE_ADDED,19,ResolveInfo{6ae02af com.tencent.news/.system.BootBroadcastReceiver m=0x208000}]
05-22 08:51:12.929  3753  3779 I am_broadcast_discard_app: [0,111428918,android.intent.action.PACKAGE_ADDED,20,ResolveInfo{f42a6bc com.tencent.news/com.huawei.android.pushagent.PushEventReceiver m=0x208000}]
05-22 08:51:13.164  3753 16925 I am_broadcast_discard_app: [0,267753639,com.huawei.intent.action.PUSH,0,ResolveInfo{83f1154 com.sina.weibo/com.huawei.android.pushagent.PushEventReceiver m=0x108000}]
05-22 08:51:13.439  3753  3753 I notification_enqueue: [10030,5934,com.bbk.appstore,771,1:77,0,Notification(pri=0 contentView=null vibrate=null sound=null defaults=0x0 flags=0x2 color=0x00000000 vis=PRIVATE),1]
05-22 08:51:13.459  3753 16662 I notification_autogrouped: 0|com.bbk.appstore|771|1:77|10030
05-22 08:51:13.464  3753 16928 I notification_autogrouped: 0|com.bbk.appstore|771|1:77|10030
05-22 08:51:13.465  3753 16928 I notification_autogrouped: 0|com.bbk.appstore|663|null|10030
05-22 08:51:13.518  3753  3753 I notification_canceled: [0|com.bbk.appstore|771|1:77|10030,8,971,79,0]
05-22 08:51:13.543  3753  3753 I notification_enqueue: [10030,5934,com.bbk.appstore,781,1:78,0,Notification(pri=0 contentView=null vibrate=null sound=null defaults=0x0 flags=0x2 color=0x00000000 vis=PRIVATE),0]
05-22 08:51:13.553  3753  5189 I notification_autogrouped: 0|com.bbk.appstore|781|1:78|10030
05-22 08:51:13.563  3753  3773 I notification_autogrouped: 0|com.bbk.appstore|781|1:78|10030
05-22 08:51:13.563  3753  3773 I notification_autogrouped: 0|com.bbk.appstore|663|null|10030
05-22 08:51:13.782  3753  3753 I notification_enqueue: [10030,5934,com.bbk.appstore,781,1:78,0,Notification(pri=0 contentView=null vibrate=null sound=null defaults=0x0 flags=0x2 color=0x00000000 vis=PRIVATE),1]
05-22 08:51:13.792  3753  9317 I notification_autogrouped: 0|com.bbk.appstore|781|1:78|10030
05-22 08:51:13.800  3753  5181 I notification_autogrouped: 0|com.bbk.appstore|781|1:78|10030
05-22 08:51:13.800  3753  5181 I notification_autogrouped: 0|com.bbk.appstore|663|null|10030
05-22 08:51:13.879  3753 16932 I am_proc_died: [0,31836,com.vivo.game]
05-22 08:51:13.880  3753 16932 I am_schedule_service_restart: [0,com.vivo.game/.update.GameReceiverService,1000]
05-22 08:51:14.193  3753  3753 I notification_enqueue: [10030,5934,com.bbk.appstore,781,1:78,0,Notification(pri=0 contentView=null vibrate=null sound=null defaults=0x0 flags=0x2 color=0x00000000 vis=PRIVATE),1]
05-22 08:51:14.210  3753 16928 I notification_autogrouped: 0|com.bbk.appstore|781|1:78|10030
05-22 08:51:14.217  3753  5190 I notification_autogrouped: 0|com.bbk.appstore|781|1:78|10030
05-22 08:51:14.217  3753  5190 I notification_autogrouped: 0|com.bbk.appstore|663|null|10030
05-22 08:51:14.489  3753  3778 I am_pss  : [9619,1000,com.vivo.doubleinstance,5953536,5562368,0]
05-22 08:51:14.523  3753  3778 I am_pss  : [30358,10130,com.tencent.qqlive:cache,36921344,33447936,0]
05-22 08:51:14.557  3753  3778 I am_pss  : [7661,10034,com.bbk.launcher2,105707520,99807232,0]
05-22 08:51:14.583  3753  3778 I am_pss  : [4322,10062,com.baidu.input_bbk.service,57253888,52514816,0]
05-22 08:51:14.603  3753  3753 I notification_enqueue: [10030,5934,com.bbk.appstore,781,1:78,0,Notification(pri=0 contentView=null vibrate=null sound=null defaults=0x0 flags=0x2 color=0x00000000 vis=PRIVATE),1]
05-22 08:51:14.615  3753 16929 I notification_autogrouped: 0|com.bbk.appstore|781|1:78|10030
05-22 08:51:14.618  3753  5187 I notification_autogrouped: 0|com.bbk.appstore|781|1:78|10030
05-22 08:51:14.618  3753  5187 I notification_autogrouped: 0|com.bbk.appstore|663|null|10030
05-22 08:51:14.625  3753  3778 I am_pss  : [29722,10131,com.sina.weibo,67168256,57704448,0]
05-22 08:51:14.645  3753  3778 I am_pss  : [30897,10131,com.sina.weibo.imageservant,11820032,8847360,0]
05-22 08:51:14.679  3753  3778 I am_pss  : [5934,10030,com.bbk.appstore,88711168,84508672,0]
05-22 08:51:14.692  3753  3753 I notification_enqueue: [10030,5934,com.bbk.appstore,781,1:78,0,Notification(pri=0 contentView=null vibrate=null sound=null defaults=0x0 flags=0x2 color=0x00000000 vis=PRIVATE),1]
05-22 08:51:14.703  3753 16933 I notification_autogrouped: 0|com.bbk.appstore|781|1:78|10030
05-22 08:51:14.706  3753  9316 I notification_autogrouped: 0|com.bbk.appstore|781|1:78|10030
05-22 08:51:14.706  3753  9316 I notification_autogrouped: 0|com.bbk.appstore|663|null|10030
05-22 08:51:14.722  3753  3778 I am_pss  : [30803,10133,com.tencent.mm,99704832,95457280,0]
05-22 08:51:14.744  3753  3778 I am_pss  : [13800,10129,com.tencent.mobileqq:MSF,19553280,18374656,0]
05-22 08:51:14.760  3753  3778 I am_pss  : [5412,1000,com.qti.service.colorservice,5422080,4980736,0]
05-22 08:51:14.803  3753  3778 I am_pss  : [13706,10129,com.tencent.mobileqq,83564544,81801216,0]
05-22 08:51:14.826  3753  3778 I am_pss  : [6960,1000,com.vivo.permissionmanager,71987200,69652480,0]
05-22 08:51:14.849  3753  3778 I am_pss  : [4678,1000,com.android.settings,40427520,39817216,0]
05-22 08:51:14.867  3753  3778 I am_pss  : [8298,10085,com.vivo.secime.service,16909312,15953920,0]
05-22 08:51:14.884  3753  3778 I am_pss  : [20065,10133,com.tencent.mm:push,13550592,12316672,0]
05-22 08:51:14.903  3753  3778 I am_pss  : [4062,1001,com.android.incallui,27238400,26398720,0]
05-22 08:51:14.921  3753  3778 I am_pss  : [27603,10030,com.bbk.appstore:remote,14370816,13598720,0]
05-22 08:51:14.938  3753  3778 I am_pss  : [20242,10136,com.tencent.reading:PushService,17752064,16076800,0]
05-22 08:51:14.957  3753  3778 I am_pss  : [29145,10129,com.tencent.mobileqq:tool,12662784,9981952,0]
05-22 08:51:14.972  3753  3778 I am_pss  : [4279,1000,com.vivo.appfilter,9715712,9146368,0]
05-22 08:51:14.990  3753  3778 I am_pss  : [4965,10064,com.bbk.iqoo.logsystem,20866048,19918848,0]
05-22 08:51:15.005  3753  3778 I am_pss  : [25709,10028,com.vivo.audiofx,4934656,3858432,0]
05-22 08:51:15.023  3753  3778 I am_pss  : [5695,10011,android.process.media,43688960,42975232,0]
05-22 08:51:15.039  3753  3778 I am_pss  : [31360,10098,com.vivo.gallery,7950336,5578752,0]
05-22 08:51:15.054  3753  3778 I am_pss  : [31311,1000,com.qualcomm.display,3683328,2584576,0]
05-22 08:51:15.072  3753  3778 I am_pss  : [31246,10035,com.android.bbkmusic,15195136,12648448,0]
05-22 08:51:15.092  3753  3778 I am_pss  : [30823,10131,com.sina.weibo:remote,15893504,12148736,0]
05-22 08:51:15.109  3753  3778 I am_pss  : [30773,10131,com.sina.weibo.image,12107776,9109504,0]
05-22 08:51:15.124  3753  3778 I am_pss  : [30420,1000,org.simalliance.openmobileapi.service:remote,3640320,2711552,0]
05-22 08:51:15.141  3753  3778 I am_pss  : [4741,1000,com.vivo.smartmultiwindow,19727360,18681856,0]
05-22 08:51:15.157  3753  3778 I am_pss  : [29775,10005,com.vivo.childrenmode,3922944,3035136,0]
05-22 08:51:15.172  3753  3778 I am_pss  : [29687,1000,com.android.fuelsummary,4414464,3387392,0]
05-22 08:51:15.186  3753  3778 I am_pss  : [25693,1000,com.qualcomm.qti.appnetaccess,3589120,2936832,0]
05-22 08:51:15.203  3753  3778 I am_pss  : [25755,10111,com.chaozh.iReader,12774400,11001856,0]
05-22 08:51:15.222  3753  3778 I am_pss  : [6878,1000,com.android.bbklog,22002688,21209088,0]
05-22 08:51:15.238  3753  3778 I am_pss  : [17568,10056,com.vivo.doubletimezoneclock,16146432,14995456,0]
05-22 08:51:15.252  3753  3778 I am_pss  : [21322,1000,com.vivo.wifi.networkdetect,5394432,4993024,0]
05-22 08:51:15.267  3753  3778 I am_pss  : [6184,10002,com.vivo.sim.contacts,5848064,5459968,0]
05-22 08:51:15.285  3753  3778 I am_pss  : [6013,10055,com.vivo.devicereg,17992704,17604608,0]
05-22 08:51:15.300  3753  3778 I am_pss  : [22470,1000,com.volte.config,5810176,5410816,0]
05-22 08:51:15.319  3753  3778 I am_pss  : [20229,10013,android.ext.services,7490560,6873088,0]
05-22 08:51:15.335  3753  3778 I am_pss  : [5102,10066,com.vivo.magazine,8495104,8089600,0]
05-22 08:51:15.353  3753  3778 I am_pss  : [27085,10129,com.tencent.mobileqq:qzonelive,17470464,16609280,0]
05-22 08:51:15.369  3753  3778 I am_pss  : [23085,1000,com.vivo.abe:pushservice_v1,12684288,11984896,0]
05-22 08:51:15.385  3753  3778 I am_pss  : [5629,1001,com.qualcomm.qcrilmsgtunnel,5359616,4960256,0]
