05-26 14:16:57.038  2923  3245 I am_broadcast_discard_app: [0,179872440,NULL,0,ResolveInfo{4818891 com.happyelements.AndroidAnimal/com.happyelements.gsp.android.notification.gcn.GcnBroadcastReceiver m=0x0}]
05-26 14:16:57.078  2923  3245 I am_broadcast_discard_app: [0,95498852,android.net.wifi.RSSI_CHANGED,0,ResolveInfo{7251ccd com.meelive.ingkee/.socketio.connection.internal.KAReceiver m=0x108000}]
05-26 14:16:57.079  2923  3245 I am_broadcast_discard_app: [0,95498852,android.net.wifi.RSSI_CHANGED,1,ResolveInfo{d21e982 com.qq.ac.android/.receiver.BootReceiver m=0x108000}]
05-26 14:16:57.081  2923  3245 I am_broadcast_discard_app: [0,95498852,android.net.wifi.RSSI_CHANGED,2,ResolveInfo{9223893 com.sdu.didi.psnger/com.didi.sdk.receiver.WifiReceiver m=0x108000}]
05-26 14:17:00.086  2923  3245 I am_broadcast_discard_app: [0,217454725,android.net.wifi.RSSI_CHANGED,0,ResolveInfo{c1f26da com.meelive.ingkee/.socketio.connection.internal.KAReceiver m=0x108000}]
05-26 14:17:00.088  2923  3245 I am_broadcast_discard_app: [0,217454725,android.net.wifi.RSSI_CHANGED,1,ResolveInfo{db6270b com.qq.ac.android/.receiver.BootReceiver m=0x108000}]
05-26 14:17:00.089  2923  3245 I am_broadcast_discard_app: [0,217454725,android.net.wifi.RSSI_CHANGED,2,ResolveInfo{3f629e8 com.sdu.didi.psnger/com.didi.sdk.receiver.WifiReceiver m=0x108000}]
05-26 14:17:03.108  2923  3245 I am_broadcast_discard_app: [0,18753767,android.net.wifi.RSSI_CHANGED,0,ResolveInfo{3f7fc94 com.meelive.ingkee/.socketio.connection.internal.KAReceiver m=0x108000}]
05-26 14:17:03.109  2923  3245 I am_broadcast_discard_app: [0,18753767,android.net.wifi.RSSI_CHANGED,1,ResolveInfo{e03d33d com.qq.ac.android/.receiver.BootReceiver m=0x108000}]
05-26 14:17:03.110  2923  3245 I am_broadcast_discard_app: [0,18753767,android.net.wifi.RSSI_CHANGED,2,ResolveInfo{2bb732 com.sdu.didi.psnger/com.didi.sdk.receiver.WifiReceiver m=0x108000}]
05-26 14:17:06.126  2923  3245 I am_broadcast_discard_app: [0,64972345,android.net.wifi.RSSI_CHANGED,0,ResolveInfo{5a147e com.meelive.ingkee/.socketio.connection.internal.KAReceiver m=0x108000}]
05-26 14:17:06.127  2923  3245 I am_broadcast_discard_app: [0,64972345,android.net.wifi.RSSI_CHANGED,1,ResolveInfo{d4ddf com.qq.ac.android/.receiver.BootReceiver m=0x108000}]
05-26 14:17:06.128  2923  3245 I am_broadcast_discard_app: [0,64972345,android.net.wifi.RSSI_CHANGED,2,ResolveInfo{cde4a2c com.sdu.didi.psnger/com.didi.sdk.receiver.WifiReceiver m=0x108000}]
05-26 14:17:09.153  2923  3245 I am_broadcast_discard_app: [0,102951163,android.net.wifi.RSSI_CHANGED,0,ResolveInfo{cfbdd18 com.meelive.ingkee/.socketio.connection.internal.KAReceiver m=0x108000}]
05-26 14:17:09.154  2923  3245 I am_broadcast_discard_app: [0,102951163,android.net.wifi.RSSI_CHANGED,1,ResolveInfo{d2aa371 com.qq.ac.android/.receiver.BootReceiver m=0x108000}]
05-26 14:17:09.155  2923  3245 I am_broadcast_discard_app: [0,102951163,android.net.wifi.RSSI_CHANGED,2,ResolveInfo{35a3556 com.sdu.didi.psnger/com.didi.sdk.receiver.WifiReceiver m=0x108000}]
05-26 14:17:09.248  2923  3243 I am_pss  : [5754,10034,com.bbk.launcher2,120034304,118169600,0]
05-26 14:17:09.290  2923  3243 I am_pss  : [19350,10030,com.bbk.appstore:remote,13558784,11825152,0]
05-26 14:17:09.325  2923  3243 I am_pss  : [8757,10081,com.vivo.safecenter,10496000,9859072,0]
05-26 14:17:09.362  2923  3243 I am_pss  : [6935,10063,com.iqoo.secure:remote,37197824,35647488,0]
05-26 14:17:09.375  2923  4302 I am_proc_start: [0,26478,10044,com.vivo.weather.location,service,com.vivo.weather/.LocalCityLocateService]
05-26 14:17:09.397  2923  4569 I am_proc_bound: [0,26478,com.vivo.weather.location]
05-26 14:17:09.895  2923  4302 I am_finish_activity: [0,5962051,451,com.android.settings/.Settings$GeneralSettingsActivity,clear-task-stack]
05-26 14:17:09.897  2923  4302 I am_destroy_activity: [0,5962051,451,com.android.settings/.Settings$GeneralSettingsActivity,finish-imm]
05-26 14:17:09.897  2923  4302 I am_finish_activity: [0,38094134,451,com.vivo.permissionmanager/.activity.PurviewTabActivity,clear-task-stack]
05-26 14:17:09.898  2923  4302 I am_destroy_activity: [0,38094134,451,com.vivo.permissionmanager/.activity.PurviewTabActivity,finish-imm]
05-26 14:17:09.899  2923  4302 I am_finish_activity: [0,111919200,451,com.vivo.permissionmanager/.activity.FloatWindowManagerActivity,clear-task-stack]
05-26 14:17:09.900  2923  4302 I am_destroy_activity: [0,111919200,451,com.vivo.permissionmanager/.activity.FloatWindowManagerActivity,finish-imm]
05-26 14:17:09.903  2923  4302 I am_new_intent: [0,193548201,451,com.android.settings/.Settings,android.intent.action.MAIN,NULL,NULL,807403520]
05-26 14:17:09.904  2923  4302 I am_focused_stack: [0,1,0,bringingFoundTaskToFront setFocusedActivity]
05-26 14:17:09.904  2923  4302 I wm_task_moved: [451,1,13]
05-26 14:17:09.908  2923  4302 I am_focused_activity: [0,com.android.settings/.Settings,bringingFoundTaskToFront]
05-26 14:17:09.910  2923  4302 I am_pause_activity: [0,78072557,com.bbk.launcher2/.Launcher]
05-26 14:17:09.912  2923  4302 I am_task_to_front: [0,451]
05-26 14:17:09.917  2923  4302 I sysui_action: [323,com.android.settings/.Settings]
05-26 14:17:09.917  2923  4302 I sysui_action: [324,true]
05-26 14:17:09.917  2923  4302 I sysui_action: [325,83336]
05-26 14:17:09.960  5754  5754 I am_on_paused_called: [0,com.bbk.launcher2.Launcher,handlePauseActivity]
05-26 14:17:09.970  2923  9670 I am_resume_activity: [0,147401677,451,com.android.settings/.Settings]
05-26 14:17:09.987  2923  3245 I sysui_count: [window_time_0,516]
05-26 14:17:10.021  4516  4516 I sysui_view_visibility: [474,100]
05-26 14:17:10.021  4516  4516 I sysui_view_visibility: [35,100]
05-26 14:17:10.066  4516  4516 I am_on_resume_called: [0,com.android.settings.Settings,RESUME_ACTIVITY]
05-26 14:17:10.308  2923  3420 I sysui_action: [320,2]
05-26 14:17:10.308  2923  3420 I sysui_action: [319,453]
05-26 14:17:10.308  2923  3420 I sysui_action: [322,453]
05-26 14:17:10.584  2923  3245 I am_stop_activity: [0,78072557,com.bbk.launcher2/.Launcher]
05-26 14:17:10.594  5754  5754 I am_on_stop_called: [0,com.bbk.launcher2.Launcher,handleStopActivity]
05-26 14:17:10.622   513   513 I sf_frame_dur: [com.bbk.launcher2/com.bbk.launcher2.Launcher,31,3,0,1,3,0,2]
05-26 14:17:12.154  2923 31159 I am_proc_died: [0,26478,com.vivo.weather.location]
05-26 14:17:12.154  2923 31159 I am_schedule_service_restart: [0,com.vivo.weather/.LocalCityLocateService,1000]
05-26 14:17:12.167  2923  3245 I am_broadcast_discard_app: [0,186509378,android.net.wifi.RSSI_CHANGED,0,ResolveInfo{d8c3053 com.meelive.ingkee/.socketio.connection.internal.KAReceiver m=0x108000}]
05-26 14:17:12.170  2923  3245 I am_broadcast_discard_app: [0,186509378,android.net.wifi.RSSI_CHANGED,1,ResolveInfo{e9c0d90 com.qq.ac.android/.receiver.BootReceiver m=0x108000}]
05-26 14:17:12.171  2923  3245 I am_broadcast_discard_app: [0,186509378,android.net.wifi.RSSI_CHANGED,2,ResolveInfo{1f3d689 com.sdu.didi.psnger/com.didi.sdk.receiver.WifiReceiver m=0x108000}]
05-26 14:17:15.189  2923  3245 I am_broadcast_discard_app: [0,197549396,android.net.wifi.RSSI_CHANGED,0,ResolveInfo{6dd84fd com.meelive.ingkee/.socketio.connection.internal.KAReceiver m=0x108000}]
05-26 14:17:15.190  2923  3245 I am_broadcast_discard_app: [0,197549396,android.net.wifi.RSSI_CHANGED,1,ResolveInfo{384e5f2 com.qq.ac.android/.receiver.BootReceiver m=0x108000}]
05-26 14:17:15.191  2923  3245 I am_broadcast_discard_app: [0,197549396,android.net.wifi.RSSI_CHANGED,2,ResolveInfo{8d1d443 com.sdu.didi.psnger/com.didi.sdk.receiver.WifiReceiver m=0x108000}]
05-26 14:17:18.201  2923  3245 I am_broadcast_discard_app: [0,267874110,android.net.wifi.RSSI_CHANGED,0,ResolveInfo{833719f com.meelive.ingkee/.socketio.connection.internal.KAReceiver m=0x108000}]
05-26 14:17:18.204  2923  3245 I am_broadcast_discard_app: [0,267874110,android.net.wifi.RSSI_CHANGED,1,ResolveInfo{a8002ec com.qq.ac.android/.receiver.BootReceiver m=0x108000}]
05-26 14:17:18.205  2923  3245 I am_broadcast_discard_app: [0,267874110,android.net.wifi.RSSI_CHANGED,2,ResolveInfo{7ed56b5 com.sdu.didi.psnger/com.didi.sdk.receiver.WifiReceiver m=0x108000}]
05-26 14:17:21.213  2923  3245 I am_broadcast_discard_app: [0,65036760,android.net.wifi.RSSI_CHANGED,0,ResolveInfo{969a931 com.meelive.ingkee/.socketio.connection.internal.KAReceiver m=0x108000}]
05-26 14:17:21.214  2923  3245 I am_broadcast_discard_app: [0,65036760,android.net.wifi.RSSI_CHANGED,1,ResolveInfo{702816 com.qq.ac.android/.receiver.BootReceiver m=0x108000}]
05-26 14:17:21.215  2923  3245 I am_broadcast_discard_app: [0,65036760,android.net.wifi.RSSI_CHANGED,2,ResolveInfo{2fbf597 com.sdu.didi.psnger/com.didi.sdk.receiver.WifiReceiver m=0x108000}]
05-26 14:17:21.299  2923  3243 I am_pss  : [4516,1000,com.android.settings,29211648,27373568,0]
05-26 14:17:24.237  2923  3245 I am_broadcast_discard_app: [0,104771490,android.net.wifi.RSSI_CHANGED,0,ResolveInfo{b805433 com.meelive.ingkee/.socketio.connection.internal.KAReceiver m=0x108000}]
05-26 14:17:24.238  2923  3245 I am_broadcast_discard_app: [0,104771490,android.net.wifi.RSSI_CHANGED,1,ResolveInfo{1bd93f0 com.qq.ac.android/.receiver.BootReceiver m=0x108000}]
05-26 14:17:24.240  2923  3245 I am_broadcast_discard_app: [0,104771490,android.net.wifi.RSSI_CHANGED,2,ResolveInfo{c6b4d69 com.sdu.didi.psnger/com.didi.sdk.receiver.WifiReceiver m=0x108000}]
05-26 14:17:27.271  2923  3245 I am_broadcast_discard_app: [0,134217500,android.net.wifi.RSSI_CHANGED,0,ResolveInfo{3625725 com.meelive.ingkee/.socketio.connection.internal.KAReceiver m=0x108000}]
05-26 14:17:27.272  2923  3245 I am_broadcast_discard_app: [0,134217500,android.net.wifi.RSSI_CHANGED,1,ResolveInfo{30a90fa com.qq.ac.android/.receiver.BootReceiver m=0x108000}]
05-26 14:17:27.274  2923  3245 I am_broadcast_discard_app: [0,134217500,android.net.wifi.RSSI_CHANGED,2,ResolveInfo{f0816ab com.sdu.didi.psnger/com.didi.sdk.receiver.WifiReceiver m=0x108000}]
05-26 14:17:30.293  2923  3245 I am_broadcast_discard_app: [0,165724870,android.net.wifi.RSSI_CHANGED,0,ResolveInfo{b2f7287 com.meelive.ingkee/.socketio.connection.internal.KAReceiver m=0x108000}]
05-26 14:17:30.294  2923  3245 I am_broadcast_discard_app: [0,165724870,android.net.wifi.RSSI_CHANGED,1,ResolveInfo{38315b4 com.qq.ac.android/.receiver.BootReceiver m=0x108000}]
05-26 14:17:30.295  2923  3245 I am_broadcast_discard_app: [0,165724870,android.net.wifi.RSSI_CHANGED,2,ResolveInfo{ca545dd com.sdu.didi.psnger/com.didi.sdk.receiver.WifiReceiver m=0x108000}]
05-26 14:17:32.097  2923  3243 I sync    : [com.UCMobile.syssync,0,4,2702]
05-26 14:17:33.317  2923  3245 I am_broadcast_discard_app: [0,41159543,android.net.wifi.RSSI_CHANGED,0,ResolveInfo{bf153e4 com.meelive.ingkee/.socketio.connection.internal.KAReceiver m=0x108000}]
05-26 14:17:33.318  2923  3245 I am_broadcast_discard_app: [0,41159543,android.net.wifi.RSSI_CHANGED,1,ResolveInfo{3a8604d com.qq.ac.android/.receiver.BootReceiver m=0x108000}]
05-26 14:17:33.320  2923  3245 I am_broadcast_discard_app: [0,41159543,android.net.wifi.RSSI_CHANGED,2,ResolveInfo{496a702 com.sdu.didi.psnger/com.didi.sdk.receiver.WifiReceiver m=0x108000}]
05-26 14:17:33.427  2923  3243 I am_pss  : [5754,10034,com.bbk.launcher2,112361472,110559232,0]
05-26 14:17:33.486  2923  3243 I am_pss  : [19350,10030,com.bbk.appstore:remote,13554688,11825152,0]
05-26 14:17:36.340  2923  3245 I am_broadcast_discard_app: [0,69710921,android.net.wifi.RSSI_CHANGED,0,ResolveInfo{74c314e com.meelive.ingkee/.socketio.connection.internal.KAReceiver m=0x108000}]
05-26 14:17:36.341  2923  3245 I am_broadcast_discard_app: [0,69710921,android.net.wifi.RSSI_CHANGED,1,ResolveInfo{2caf26f com.qq.ac.android/.receiver.BootReceiver m=0x108000}]
05-26 14:17:36.342  2923  3245 I am_broadcast_discard_app: [0,69710921,android.net.wifi.RSSI_CHANGED,2,ResolveInfo{7213b7c com.sdu.didi.psnger/com.didi.sdk.receiver.WifiReceiver m=0x108000}]
05-26 14:17:39.365  2923  3245 I am_broadcast_discard_app: [0,79578763,android.net.wifi.RSSI_CHANGED,0,ResolveInfo{9049368 com.meelive.ingkee/.socketio.connection.internal.KAReceiver m=0x108000}]
05-26 14:17:39.367  2923  3245 I am_broadcast_discard_app: [0,79578763,android.net.wifi.RSSI_CHANGED,1,ResolveInfo{64ca381 com.qq.ac.android/.receiver.BootReceiver m=0x108000}]
05-26 14:17:39.368  2923  3245 I am_broadcast_discard_app: [0,79578763,android.net.wifi.RSSI_CHANGED,2,ResolveInfo{f391c26 com.sdu.didi.psnger/com.didi.sdk.receiver.WifiReceiver m=0x108000}]
05-26 14:17:42.384  2923  3245 I am_broadcast_discard_app: [0,87156859,android.net.wifi.RSSI_CHANGED,0,ResolveInfo{537a698 com.meelive.ingkee/.socketio.connection.internal.KAReceiver m=0x108000}]
05-26 14:17:42.385  2923  3245 I am_broadcast_discard_app: [0,87156859,android.net.wifi.RSSI_CHANGED,1,ResolveInfo{f046ef1 com.qq.ac.android/.receiver.BootReceiver m=0x108000}]
05-26 14:17:42.387  2923  3245 I am_broadcast_discard_app: [0,87156859,android.net.wifi.RSSI_CHANGED,2,ResolveInfo{e16dad6 com.sdu.didi.psnger/com.didi.sdk.receiver.WifiReceiver m=0x108000}]
05-26 14:17:45.408  2923  3245 I am_broadcast_discard_app: [0,6293805,android.net.wifi.RSSI_CHANGED,0,ResolveInfo{17dce62 com.meelive.ingkee/.socketio.connection.internal.KAReceiver m=0x108000}]
05-26 14:17:45.409  2923  3245 I am_broadcast_discard_app: [0,6293805,android.net.wifi.RSSI_CHANGED,1,ResolveInfo{93eebf3 com.qq.ac.android/.receiver.BootReceiver m=0x108000}]
05-26 14:17:45.410  2923  3245 I am_broadcast_discard_app: [0,6293805,android.net.wifi.RSSI_CHANGED,2,ResolveInfo{ca0b0b0 com.sdu.didi.psnger/com.didi.sdk.receiver.WifiReceiver m=0x108000}]
05-26 14:17:45.476  2923  3243 I am_pss  : [22635,10045,com.vivo.weather.provider,12608512,10506240,0]
05-26 14:17:48.429  2923  3245 I am_broadcast_discard_app: [0,206722127,android.net.wifi.RSSI_CHANGED,0,ResolveInfo{8d827dc com.meelive.ingkee/.socketio.connection.internal.KAReceiver m=0x108000}]
05-26 14:17:48.430  2923  3245 I am_broadcast_discard_app: [0,206722127,android.net.wifi.RSSI_CHANGED,1,ResolveInfo{5630e5 com.qq.ac.android/.receiver.BootReceiver m=0x108000}]
05-26 14:17:48.431  2923  3245 I am_broadcast_discard_app: [0,206722127,android.net.wifi.RSSI_CHANGED,2,ResolveInfo{db6c7ba com.sdu.didi.psnger/com.didi.sdk.receiver.WifiReceiver m=0x108000}]
05-26 14:17:51.439  2923  3245 I am_broadcast_discard_app: [0,163444321,android.net.wifi.RSSI_CHANGED,0,ResolveInfo{6f9a586 com.meelive.ingkee/.socketio.connection.internal.KAReceiver m=0x108000}]
05-26 14:17:51.440  2923  3245 I am_broadcast_discard_app: [0,163444321,android.net.wifi.RSSI_CHANGED,1,ResolveInfo{45e7e47 com.qq.ac.android/.receiver.BootReceiver m=0x108000}]
05-26 14:17:51.442  2923  3245 I am_broadcast_discard_app: [0,163444321,android.net.wifi.RSSI_CHANGED,2,ResolveInfo{89f9674 com.sdu.didi.psnger/com.didi.sdk.receiver.WifiReceiver m=0x108000}]
05-26 14:17:54.451  2923  3245 I am_broadcast_discard_app: [0,150648803,android.net.wifi.RSSI_CHANGED,0,ResolveInfo{359a5e0 com.meelive.ingkee/.socketio.connection.internal.KAReceiver m=0x108000}]
05-26 14:17:54.452  2923  3245 I am_broadcast_discard_app: [0,150648803,android.net.wifi.RSSI_CHANGED,1,ResolveInfo{8f61099 com.qq.ac.android/.receiver.BootReceiver m=0x108000}]
05-26 14:17:54.454  2923  3245 I am_broadcast_discard_app: [0,150648803,android.net.wifi.RSSI_CHANGED,2,ResolveInfo{929df5e com.sdu.didi.psnger/com.didi.sdk.receiver.WifiReceiver m=0x108000}]
05-26 14:17:57.037  2923  3245 I am_broadcast_discard_app: [0,42868053,NULL,0,ResolveInfo{830936a com.happyelements.AndroidAnimal/com.happyelements.gsp.android.notification.gcn.GcnBroadcastReceiver m=0x0}]
05-26 14:17:57.479  2923  3245 I am_broadcast_discard_app: [0,140523985,android.net.wifi.RSSI_CHANGED,0,ResolveInfo{b3c7c36 com.meelive.ingkee/.socketio.connection.internal.KAReceiver m=0x108000}]
05-26 14:17:57.481  2923  3245 I am_broadcast_discard_app: [0,140523985,android.net.wifi.RSSI_CHANGED,1,ResolveInfo{e5d8737 com.qq.ac.android/.receiver.BootReceiver m=0x108000}]
05-26 14:17:57.482  2923  3245 I am_broadcast_discard_app: [0,140523985,android.net.wifi.RSSI_CHANGED,2,ResolveInfo{88f84a4 com.sdu.didi.psnger/com.didi.sdk.receiver.WifiReceiver m=0x108000}]
05-26 14:18:00.491  2923  3245 I am_broadcast_discard_app: [0,79354894,android.net.wifi.RSSI_CHANGED,0,ResolveInfo{370262f com.meelive.ingkee/.socketio.connection.internal.KAReceiver m=0x108000}]
05-26 14:18:00.492  2923  3245 I am_broadcast_discard_app: [0,79354894,android.net.wifi.RSSI_CHANGED,1,ResolveInfo{9bcc43c com.qq.ac.android/.receiver.BootReceiver m=0x108000}]
05-26 14:18:00.493  2923  3245 I am_broadcast_discard_app: [0,79354894,android.net.wifi.RSSI_CHANGED,2,ResolveInfo{b9205c5 com.sdu.didi.psnger/com.didi.sdk.receiver.WifiReceiver m=0x108000}]
05-26 14:18:01.988  2923  2923 I free_storage_changed: 5414645760
05-26 14:18:03.521  2923  3245 I am_broadcast_discard_app: [0,45082664,android.net.wifi.RSSI_CHANGED,0,ResolveInfo{4923941 com.meelive.ingkee/.socketio.connection.internal.KAReceiver m=0x108000}]
05-26 14:18:03.522  2923  3245 I am_broadcast_discard_app: [0,45082664,android.net.wifi.RSSI_CHANGED,1,ResolveInfo{8fa5ee6 com.qq.ac.android/.receiver.BootReceiver m=0x108000}]
05-26 14:18:03.523  2923  3245 I am_broadcast_discard_app: [0,45082664,android.net.wifi.RSSI_CHANGED,2,ResolveInfo{768ac27 com.sdu.didi.psnger/com.didi.sdk.receiver.WifiReceiver m=0x108000}]
05-26 14:18:06.545  2923  3245 I am_broadcast_discard_app: [0,25002866,android.net.wifi.RSSI_CHANGED,0,ResolveInfo{ca9e3c3 com.meelive.ingkee/.socketio.connection.internal.KAReceiver m=0x108000}]
05-26 14:18:06.546  2923  3245 I am_broadcast_discard_app: [0,25002866,android.net.wifi.RSSI_CHANGED,1,ResolveInfo{38d9440 com.qq.ac.android/.receiver.BootReceiver m=0x108000}]
05-26 14:18:06.548  2923  3245 I am_broadcast_discard_app: [0,25002866,android.net.wifi.RSSI_CHANGED,2,ResolveInfo{ff3cf79 com.sdu.didi.psnger/com.didi.sdk.receiver.WifiReceiver m=0x108000}]
05-26 14:18:09.565  2923  3245 I am_broadcast_discard_app: [0,263910577,android.net.wifi.RSSI_CHANGED,0,ResolveInfo{b0e4d96 com.meelive.ingkee/.socketio.connection.internal.KAReceiver m=0x108000}]
05-26 14:18:09.566  2923  3245 I am_broadcast_discard_app: [0,263910577,android.net.wifi.RSSI_CHANGED,1,ResolveInfo{8beed17 com.qq.ac.android/.receiver.BootReceiver m=0x108000}]
05-26 14:18:09.567  2923  3245 I am_broadcast_discard_app: [0,263910577,android.net.wifi.RSSI_CHANGED,2,ResolveInfo{c522504 com.sdu.didi.psnger/com.didi.sdk.receiver.WifiReceiver m=0x108000}]
05-26 14:18:12.587  2923  3245 I am_broadcast_discard_app: [0,54215603,android.net.wifi.RSSI_CHANGED,0,ResolveInfo{e4e8d70 com.meelive.ingkee/.socketio.connection.internal.KAReceiver m=0x108000}]
05-26 14:18:12.589  2923  3245 I am_broadcast_discard_app: [0,54215603,android.net.wifi.RSSI_CHANGED,1,ResolveInfo{b2a88e9 com.qq.ac.android/.receiver.BootReceiver m=0x108000}]
05-26 14:18:12.590  2923  3245 I am_broadcast_discard_app: [0,54215603,android.net.wifi.RSSI_CHANGED,2,ResolveInfo{409796e com.sdu.didi.psnger/com.didi.sdk.receiver.WifiReceiver m=0x108000}]
05-26 14:18:15.604  2923  3245 I am_broadcast_discard_app: [0,26856101,android.net.wifi.RSSI_CHANGED,0,ResolveInfo{ad7be7a com.meelive.ingkee/.socketio.connection.internal.KAReceiver m=0x108000}]
05-26 14:18:15.607  2923  3245 I am_broadcast_discard_app: [0,26856101,android.net.wifi.RSSI_CHANGED,1,ResolveInfo{641762b com.qq.ac.android/.receiver.BootReceiver m=0x108000}]
05-26 14:18:15.608  2923  3245 I am_broadcast_discard_app: [0,26856101,android.net.wifi.RSSI_CHANGED,2,ResolveInfo{c229a88 com.sdu.didi.psnger/com.didi.sdk.receiver.WifiReceiver m=0x108000}]
05-26 14:18:18.629  2923  3245 I am_broadcast_discard_app: [0,157239815,android.net.wifi.RSSI_CHANGED,0,ResolveInfo{e8ad734 com.meelive.ingkee/.socketio.connection.internal.KAReceiver m=0x108000}]
05-26 14:18:18.631  2923  3245 I am_broadcast_discard_app: [0,157239815,android.net.wifi.RSSI_CHANGED,1,ResolveInfo{4e7a95d com.qq.ac.android/.receiver.BootReceiver m=0x108000}]
05-26 14:18:18.632  2923  3245 I am_broadcast_discard_app: [0,157239815,android.net.wifi.RSSI_CHANGED,2,ResolveInfo{72ba2d2 com.sdu.didi.psnger/com.didi.sdk.receiver.WifiReceiver m=0x108000}]
05-26 14:18:21.650  2923  3245 I am_broadcast_discard_app: [0,83525209,android.net.wifi.RSSI_CHANGED,0,ResolveInfo{2fd1a1e com.meelive.ingkee/.socketio.connection.internal.KAReceiver m=0x108000}]
05-26 14:18:21.652  2923  3245 I am_broadcast_discard_app: [0,83525209,android.net.wifi.RSSI_CHANGED,1,ResolveInfo{4ed72ff com.qq.ac.android/.receiver.BootReceiver m=0x108000}]
05-26 14:18:21.653  2923  3245 I am_broadcast_discard_app: [0,83525209,android.net.wifi.RSSI_CHANGED,2,ResolveInfo{25dd8cc com.sdu.didi.psnger/com.didi.sdk.receiver.WifiReceiver m=0x108000}]
05-26 14:18:24.661  2923  3245 I am_broadcast_discard_app: [0,170934299,android.net.wifi.RSSI_CHANGED,0,ResolveInfo{9f5b5b8 com.meelive.ingkee/.socketio.connection.internal.KAReceiver m=0x108000}]
05-26 14:18:24.663  2923  3245 I am_broadcast_discard_app: [0,170934299,android.net.wifi.RSSI_CHANGED,1,ResolveInfo{f4c9f91 com.qq.ac.android/.receiver.BootReceiver m=0x108000}]
05-26 14:18:24.664  2923  3245 I am_broadcast_discard_app: [0,170934299,android.net.wifi.RSSI_CHANGED,2,ResolveInfo{7644ef6 com.sdu.didi.psnger/com.didi.sdk.receiver.WifiReceiver m=0x108000}]
05-26 14:18:27.688  2923  3245 I am_broadcast_discard_app: [0,151692237,android.net.wifi.RSSI_CHANGED,0,ResolveInfo{4fe6482 com.meelive.ingkee/.socketio.connection.internal.KAReceiver m=0x108000}]
05-26 14:18:27.689  2923  3245 I am_broadcast_discard_app: [0,151692237,android.net.wifi.RSSI_CHANGED,1,ResolveInfo{17c9793 com.qq.ac.android/.receiver.BootReceiver m=0x108000}]
05-26 14:18:27.690  2923  3245 I am_broadcast_discard_app: [0,151692237,android.net.wifi.RSSI_CHANGED,2,ResolveInfo{6ed83d0 com.sdu.didi.psnger/com.didi.sdk.receiver.WifiReceiver m=0x108000}]
05-26 14:18:29.776  2923  4569 I am_proc_start: [0,26607,1000,com.alps.lcn:remote,service,com.alps.lcn/com.baidu.location.f]
05-26 14:18:29.811  2923 10347 I am_proc_bound: [0,26607,com.alps.lcn:remote]
05-26 14:18:30.700  2923  3245 I am_broadcast_discard_app: [0,51227948,android.net.wifi.RSSI_CHANGED,0,ResolveInfo{39e53f5 com.meelive.ingkee/.socketio.connection.internal.KAReceiver m=0x108000}]
05-26 14:18:30.701  2923  3245 I am_broadcast_discard_app: [0,51227948,android.net.wifi.RSSI_CHANGED,1,ResolveInfo{c7c958a com.qq.ac.android/.receiver.BootReceiver m=0x108000}]
05-26 14:18:30.702  2923  3245 I am_broadcast_discard_app: [0,51227948,android.net.wifi.RSSI_CHANGED,2,ResolveInfo{957e7fb com.sdu.didi.psnger/com.didi.sdk.receiver.WifiReceiver m=0x108000}]
05-26 14:18:32.362  2923 10340 I am_finish_activity: [0,147401677,451,com.android.settings/.Settings,app-request]
05-26 14:18:32.364  2923 10340 I am_focused_stack: [0,0,1,finishActivity adjustFocus setFocusedActivity]
05-26 14:18:32.364  2923 10340 I wm_task_moved: [2,1,1]
05-26 14:18:32.371  2923 10340 I am_focused_activity: [0,com.bbk.launcher2/.Launcher,finishActivity adjustFocus]
05-26 14:18:32.420  2923 10340 I am_pause_activity: [0,147401677,com.android.settings/.Settings]
05-26 14:18:32.425  4516  4516 I sysui_view_visibility: [35,0]
05-26 14:18:32.427  4516  4516 I sysui_view_visibility: [474,0]
05-26 14:18:32.427  4516  4516 I am_on_paused_called: [0,com.android.settings.Settings,handlePauseActivity]
05-26 14:18:32.447  2923 31160 I am_resume_activity: [0,78072557,2,com.bbk.launcher2/.Launcher]
05-26 14:18:32.473  5754  5754 I am_on_resume_called: [0,com.bbk.launcher2.Launcher,RESUME_ACTIVITY]
05-26 14:18:32.790  2923  3245 I am_destroy_activity: [0,147401677,451,com.android.settings/.Settings,finish-imm]
05-26 14:18:32.798  4516  4516 I am_on_stop_called: [0,com.android.settings.Settings,destroy]
05-26 14:18:32.854  2923  3420 I wm_task_removed: [451,removeAppToken: last token]
05-26 14:18:32.854  2923  3420 I wm_task_removed: [451,removeTask]
05-26 14:18:32.870   513   513 I sf_frame_dur: [com.android.settings/com.android.settings.Settings,149,2,3,1,9,1,1]
05-26 14:18:33.329  2923 10351 I am_proc_start: [0,26644,10044,com.vivo.weather.location,service,com.vivo.weather/.LocalCityLocateService]
05-26 14:18:33.384  2923  4432 I am_proc_bound: [0,26644,com.vivo.weather.location]
05-26 14:18:33.679  2923  4569 I am_proc_died: [0,26644,com.vivo.weather.location]
05-26 14:18:33.679  2923  4569 I am_schedule_service_restart: [0,com.vivo.weather/.LocalCityLocateService,1000]
05-26 14:18:33.712  2923  3245 I am_broadcast_discard_app: [0,33871860,android.net.wifi.RSSI_CHANGED,0,ResolveInfo{947b1d com.meelive.ingkee/.socketio.connection.internal.KAReceiver m=0x108000}]
05-26 14:18:33.717  2923  3245 I am_broadcast_discard_app: [0,33871860,android.net.wifi.RSSI_CHANGED,1,ResolveInfo{2297192 com.qq.ac.android/.receiver.BootReceiver m=0x108000}]
05-26 14:18:33.718  2923  3245 I am_broadcast_discard_app: [0,33871860,android.net.wifi.RSSI_CHANGED,2,ResolveInfo{52c0763 com.sdu.didi.psnger/com.didi.sdk.receiver.WifiReceiver m=0x108000}]
05-26 14:18:34.372  2923 10349 I am_create_task: [0,515]
05-26 14:18:34.372  2923 10349 I am_create_activity: [0,263258075,515,com.bbk.calendar/.MainActivity,android.intent.action.MAIN,NULL,NULL,807403520]
05-26 14:18:34.374  2923 10349 I wm_task_created: [515,1]
05-26 14:18:34.375  2923 10349 I wm_task_moved: [515,1,13]
05-26 14:18:34.375  2923 10349 I am_focused_stack: [0,1,0,startedActivity setFocusedActivity]
05-26 14:18:34.375  2923 10349 I wm_task_moved: [515,1,13]
05-26 14:18:34.377  2923 10349 I am_focused_activity: [0,com.bbk.calendar/.MainActivity,startedActivity]
05-26 14:18:34.378  2923 10349 I am_pause_activity: [0,78072557,com.bbk.launcher2/.Launcher]
05-26 14:18:34.380  2923 10349 I sysui_action: [323,com.bbk.calendar/.MainActivity]
05-26 14:18:34.380  2923 10349 I sysui_action: [324,false]
05-26 14:18:34.380  2923 10349 I sysui_action: [325,83420]
05-26 14:18:34.384  5754  5754 I am_on_paused_called: [0,com.bbk.launcher2.Launcher,handlePauseActivity]
05-26 14:18:34.396  2923  3101 I am_proc_start: [0,26679,10092,com.bbk.calendar,activity,com.bbk.calendar/.MainActivity]
05-26 14:18:34.412  2923 31159 I am_proc_bound: [0,26679,com.bbk.calendar]
05-26 14:18:34.419  2923 31159 I am_restart_activity: [0,263258075,515,com.bbk.calendar/.MainActivity]
05-26 14:18:34.450  2923  3420 I sysui_action: [321,118]
05-26 14:18:34.450  2923  3420 I sysui_action: [320,1]
05-26 14:18:34.450  2923  3420 I sysui_action: [319,118]
05-26 14:18:34.609 26679 26679 I am_on_resume_called: [0,com.bbk.calendar.MainActivity,LAUNCH_ACTIVITY]
05-26 14:18:34.688  2923  9670 I am_proc_start: [0,26704,10004,com.android.providers.calendar,content provider,com.android.providers.calendar/.CalendarProvider2]
05-26 14:18:34.696  2923 10349 I am_proc_bound: [0,26704,com.android.providers.calendar]
05-26 14:18:34.786  2923  3245 I am_proc_start: [0,26721,10107,com.vivo.widget.calendar,broadcast,com.vivo.widget.calendar/.CalendarAppWidgetProvider]
05-26 14:18:34.789  2923  3420 I sysui_action: [322,457]
05-26 14:18:34.789  2923  3420 I am_activity_launch_time: [0,263258075,com.bbk.calendar/.MainActivity,405,405]
05-26 14:18:34.795  2923 10335 I am_proc_bound: [0,26721,com.vivo.widget.calendar]
05-26 14:18:34.801  2923 10349 I am_stop_activity: [0,78072557,com.bbk.launcher2/.Launcher]
05-26 14:18:34.805  5754  5754 I am_on_stop_called: [0,com.bbk.launcher2.Launcher,handleStopActivity]
05-26 14:18:34.827   513   513 I sf_frame_dur: [com.bbk.launcher2/com.bbk.launcher2.Launcher,0,0,1,1,2,1,0]
05-26 14:18:36.738  2923  3245 I am_broadcast_discard_app: [0,61032362,android.net.wifi.RSSI_CHANGED,0,ResolveInfo{3d77f9b com.meelive.ingkee/.socketio.connection.internal.KAReceiver m=0x108000}]
05-26 14:18:36.739  2923  3245 I am_broadcast_discard_app: [0,61032362,android.net.wifi.RSSI_CHANGED,1,ResolveInfo{884bf38 com.qq.ac.android/.receiver.BootReceiver m=0x108000}]
05-26 14:18:36.741  2923  3245 I am_broadcast_discard_app: [0,61032362,android.net.wifi.RSSI_CHANGED,2,ResolveInfo{18ab11 com.sdu.didi.psnger/com.didi.sdk.receiver.WifiReceiver m=0x108000}]
05-26 14:18:39.761  2923  3245 I am_broadcast_discard_app: [0,88860493,android.net.wifi.RSSI_CHANGED,0,ResolveInfo{4592202 com.meelive.ingkee/.socketio.connection.internal.KAReceiver m=0x108000}]
05-26 14:18:39.764  2923  3245 I am_broadcast_discard_app: [0,88860493,android.net.wifi.RSSI_CHANGED,1,ResolveInfo{1dc4713 com.qq.ac.android/.receiver.BootReceiver m=0x108000}]
05-26 14:18:39.765  2923  3245 I am_broadcast_discard_app: [0,88860493,android.net.wifi.RSSI_CHANGED,2,ResolveInfo{4243d50 com.sdu.didi.psnger/com.didi.sdk.receiver.WifiReceiver m=0x108000}]
05-26 14:18:42.784  2923  3245 I am_broadcast_discard_app: [0,119004796,android.net.wifi.RSSI_CHANGED,0,ResolveInfo{adbb305 com.meelive.ingkee/.socketio.connection.internal.KAReceiver m=0x108000}]
05-26 14:18:42.787  2923  3245 I am_broadcast_discard_app: [0,119004796,android.net.wifi.RSSI_CHANGED,1,ResolveInfo{af4ef5a com.qq.ac.android/.receiver.BootReceiver m=0x108000}]
05-26 14:18:42.788  2923  3245 I am_broadcast_discard_app: [0,119004796,android.net.wifi.RSSI_CHANGED,2,ResolveInfo{4d3858b com.sdu.didi.psnger/com.didi.sdk.receiver.WifiReceiver m=0x108000}]
05-26 14:18:45.812  2923  3245 I am_broadcast_discard_app: [0,49475431,android.net.wifi.RSSI_CHANGED,0,ResolveInfo{70b8114 com.meelive.ingkee/.socketio.connection.internal.KAReceiver m=0x108000}]
05-26 14:18:45.814  2923  3245 I am_broadcast_discard_app: [0,49475431,android.net.wifi.RSSI_CHANGED,1,ResolveInfo{ab23dbd com.qq.ac.android/.receiver.BootReceiver m=0x108000}]
05-26 14:18:45.816  2923  3245 I am_broadcast_discard_app: [0,49475431,android.net.wifi.RSSI_CHANGED,2,ResolveInfo{9e20fb2 com.sdu.didi.psnger/com.didi.sdk.receiver.WifiReceiver m=0x108000}]
05-26 14:18:45.875  2923  3243 I am_pss  : [26679,10092,com.bbk.calendar,17897472,14925824,0]
05-26 14:18:48.826  2923  3245 I am_broadcast_discard_app: [0,21625017,android.net.wifi.RSSI_CHANGED,0,ResolveInfo{e5d74fe com.meelive.ingkee/.socketio.connection.internal.KAReceiver m=0x108000}]
05-26 14:18:48.828  2923  3245 I am_broadcast_discard_app: [0,21625017,android.net.wifi.RSSI_CHANGED,1,ResolveInfo{1e4645f com.qq.ac.android/.receiver.BootReceiver m=0x108000}]
05-26 14:18:48.829  2923  3245 I am_broadcast_discard_app: [0,21625017,android.net.wifi.RSSI_CHANGED,2,ResolveInfo{54ddeac com.sdu.didi.psnger/com.didi.sdk.receiver.WifiReceiver m=0x108000}]
05-26 14:18:51.839  2923  3245 I am_broadcast_discard_app: [0,118825807,android.net.wifi.RSSI_CHANGED,0,ResolveInfo{2dc4adc com.meelive.ingkee/.socketio.connection.internal.KAReceiver m=0x108000}]
05-26 14:18:51.840  2923  3245 I am_broadcast_discard_app: [0,118825807,android.net.wifi.RSSI_CHANGED,1,ResolveInfo{8c317e5 com.qq.ac.android/.receiver.BootReceiver m=0x108000}]
05-26 14:18:51.841  2923  3245 I am_broadcast_discard_app: [0,118825807,android.net.wifi.RSSI_CHANGED,2,ResolveInfo{c7722ba com.sdu.didi.psnger/com.didi.sdk.receiver.WifiReceiver m=0x108000}]
05-26 14:18:51.903  2923  3243 I am_pss  : [26607,1000,com.alps.lcn:remote,9012224,6545408,0]
05-26 14:18:54.863  2923  3245 I am_broadcast_discard_app: [0,14987398,android.net.wifi.RSSI_CHANGED,0,ResolveInfo{ccc2d47 com.meelive.ingkee/.socketio.connection.internal.KAReceiver m=0x108000}]
05-26 14:18:54.864  2923  3245 I am_broadcast_discard_app: [0,14987398,android.net.wifi.RSSI_CHANGED,1,ResolveInfo{4a51974 com.qq.ac.android/.receiver.BootReceiver m=0x108000}]
05-26 14:18:54.866  2923  3245 I am_broadcast_discard_app: [0,14987398,android.net.wifi.RSSI_CHANGED,2,ResolveInfo{bc55e9d com.sdu.didi.psnger/com.didi.sdk.receiver.WifiReceiver m=0x108000}]
05-26 14:18:54.870  2923  3245 I am_mem_factor: [1,2]
05-26 14:18:55.321  2923  3243 I am_meminfo: [531750912,48304128,0,335761408,241287168]
05-26 14:18:55.341  2923  3243 I am_pss  : [26679,10092,com.bbk.calendar,17905664,14934016,0]
05-26 14:18:55.369  2923  3243 I am_pss  : [5754,10034,com.bbk.launcher2,114308096,112644096,0]
05-26 14:18:55.385  2923  3243 I am_pss  : [25116,10009,com.android.dialer,25931776,21807104,0]
05-26 14:18:55.399  2923  3243 I am_pss  : [5611,1000,com.vivo.doubleinstance,6269952,5677056,0]
05-26 14:18:55.417  2923  3243 I am_pss  : [24852,10033,com.android.filemanager,21441536,17424384,0]
05-26 14:18:55.434  2923  3243 I am_pss  : [6141,10011,android.process.media,36542464,35774464,0]
05-26 14:18:55.485  2923  3243 I am_pss  : [6417,10129,com.tencent.mobileqq,105070592,98672640,0]
05-26 14:18:55.503  2923  3243 I am_pss  : [6369,10129,com.tencent.mobileqq:MSF,22169600,18853888,0]
05-26 14:18:55.547  2923  3243 I am_pss  : [20911,10133,com.tencent.mm,143906816,137170944,0]
05-26 14:18:55.575  2923  3243 I am_pss  : [4303,10062,com.baidu.input_bbk.service,53441536,48672768,0]
05-26 14:18:55.595  2923  3243 I am_pss  : [9794,1001,com.android.incallui,33065984,32161792,0]
05-26 14:18:55.609  2923  3243 I am_pss  : [8770,1000,com.qti.service.colorservice,5130240,4612096,0]
05-26 14:18:55.627  2923  3243 I am_pss  : [19350,10030,com.bbk.appstore:remote,13383680,11825152,0]
05-26 14:18:55.644  2923  3243 I am_pss  : [30663,10085,com.vivo.secime.service,16699392,15667200,0]
05-26 14:18:55.664  2923  3243 I am_pss  : [4577,1000,com.vivo.smartmultiwindow,55303168,51494912,0]
05-26 14:18:55.695  2923  3243 I am_pss  : [11337,10035,com.android.bbkmusic,63303680,61157376,0]
05-26 14:18:55.710  2923  3243 I am_pss  : [26721,10107,com.vivo.widget.calendar,4431872,3166208,0]
05-26 14:18:55.724  2923  3243 I am_pss  : [26704,10004,com.android.providers.calendar,5237760,4038656,0]
05-26 14:18:55.740  2923  3243 I am_pss  : [22635,10045,com.vivo.weather.provider,12394496,10522624,0]
05-26 14:18:55.758  2923  3243 I am_pss  : [4516,1000,com.android.settings,28158976,26382336,0]
05-26 14:18:55.773  2923  3243 I am_pss  : [26607,1000,com.alps.lcn:remote,9086976,6623232,0]
05-26 14:18:55.791  2923  3243 I am_pss  : [25335,10136,com.tencent.reading:PushService,26200064,21409792,0]
05-26 14:18:55.808  2923  3243 I am_pss  : [4763,10064,com.bbk.iqoo.logsystem,20699136,18919424,0]
05-26 14:18:55.828  2923  3243 I am_pss  : [6692,1000,com.vivo.permissionmanager,34045952,32870400,0]
05-26 14:18:55.851  2923  3243 I am_pss  : [4289,1000,com.vivo.appfilter,12598272,11948032,0]
05-26 14:18:55.884  2923  3243 I am_pss  : [16875,10030,com.bbk.appstore,25534464,22953984,0]
05-26 14:18:55.898  2923  3243 I am_pss  : [9152,1000,com.vivo.wifi.networkdetect,4162560,3411968,0]
05-26 14:18:55.914  2923  3243 I am_pss  : [25300,1000,com.iqoo.engineermode,12247040,9216000,0]
05-26 14:18:55.929  2923  3243 I am_pss  : [25137,10018,com.vivo.numbermark,5608448,3141632,0]
05-26 14:18:55.944  2923  3243 I am_pss  : [22603,10002,android.process.acore,24452096,21979136,0]
05-26 14:18:55.964  2923  3243 I am_pss  : [3143,1000,com.android.bbklog,27587584,25280512,0]
05-26 14:18:55.980  2923  3243 I am_pss  : [25488,10093,com.android.camera,14903296,11677696,0]
05-26 14:18:55.999  2923  3243 I am_pss  : [23603,10203,com.eg.android.AlipayGphone:push,40179712,35299328,0]
05-26 14:18:56.014  2923  3243 I am_pss  : [25268,1000,com.vivo.abe:pushservice_v1,8263680,6078464,0]
05-26 14:18:56.046  2923  3243 I am_pss  : [8142,10133,com.tencent.mm:tools,66736128,63549440,0]
05-26 14:18:56.064  2923  3243 I am_pss  : [14981,10098,com.vivo.gallery,96563200,93499392,0]
05-26 14:18:56.079  2923  3243 I am_pss  : [8757,10081,com.vivo.safecenter,10447872,9863168,0]
05-26 14:18:56.093  2923  3243 I am_pss  : [24327,10013,android.ext.services,4553728,3108864,0]
05-26 14:18:56.112  2923  3243 I am_pss  : [8046,10055,com.vivo.devicereg,47022080,46206976,0]
05-26 14:18:56.136  2923  3243 I am_pss  : [22621,10056,com.vivo.doubletimezoneclock,16487424,14786560,0]
05-26 14:18:56.154  2923  3243 I am_pss  : [14205,10133,com.tencent.mm:push,25475072,23162880,0]
05-26 14:18:56.169  2923  3243 I am_pss  : [16713,1000,com.qualcomm.qti.appnetaccess,3461120,2551808,0]
05-26 14:18:56.183  2923  3243 I am_pss  : [16629,1000,org.simalliance.openmobileapi.service:remote,3598336,2564096,0]
05-26 14:18:56.198  2923  3243 I am_pss  : [16234,10102,com.vivo.sdkplugin,5501952,2981888,0]
05-26 14:18:56.212  2923  3243 I am_pss  : [15253,1000,com.qualcomm.display,3212288,2379776,0]
05-26 14:18:56.227  2923  3243 I am_pss  : [14631,1000,com.android.fuelsummary,4545536,3518464,0]
05-26 14:18:56.241  2923  3243 I am_pss  : [4952,10002,com.vivo.sim.contacts,5993472,5513216,0]
05-26 14:18:56.255  2923  3243 I am_pss  : [31001,1000,com.volte.config,3168256,2547712,0]
05-26 14:18:56.280  2923  3243 I am_pss  : [6935,10063,com.iqoo.secure:remote,37219328,35794944,0]
05-26 14:18:56.300  2923  3243 I am_pss  : [14366,10133,com.tencent.mm:appbrand0,18819072,17469440,0]
05-26 14:18:56.325  2923  3243 I am_pss  : [14422,10133,com.tencent.mm:exdevice,17451008,16138240,0]
05-26 14:18:56.339  2923  3243 I am_pss  : [4993,1001,com.qualcomm.qcrilmsgtunnel,5464064,4968448,0]
05-26 14:18:56.353  2923  3243 I am_pss  : [5698,10071,com.oma.drm.server,5228544,4767744,0]
05-26 14:18:56.369  2923  3243 I am_pss  : [5685,10017,com.baidu.map.location,17354752,15867904,0]
05-26 14:18:56.383  2923  3243 I am_pss  : [5672,1001,com.qualcomm.qti.loadcarrier,4816896,4354048,0]
05-26 14:18:56.402  2923  3243 I am_pss  : [5659,1000,com.alps.lcn,7243776,6586368,0]
05-26 14:18:56.430  2923  3243 I am_pss  : [5543,1000,com.vivo.abe,29913088,28262400,0]
05-26 14:18:56.454  2923  3243 I am_pss  : [4667,1001,com.android.phone,41154560,39944192,0]
05-26 14:18:56.485  2923  3243 I am_pss  : [4652,1000,com.vivo.upslide,82571264,79704064,0]
05-26 14:18:56.508  2923  3243 I am_pss  : [4646,1000,com.android.server.telecom,8947712,8355840,0]
05-26 14:18:56.528  2923  3243 I am_pss  : [4634,1000,.dataservices,12442624,11849728,0]
05-26 14:18:56.552  2923  3243 I am_pss  : [4503,1000,com.vivo.daemonService,34270208,32661504,0]
05-26 14:18:56.590  2923  3243 I am_pss  : [4354,10024,com.android.systemui,112504832,106749952,0]
05-26 14:18:56.647  2923  3243 I am_pss  : [2923,1000,system,155059200,151195648,0]
05-26 14:18:57.872  2923  3245 I am_broadcast_discard_app: [0,229923040,android.net.wifi.RSSI_CHANGED,0,ResolveInfo{61e4799 com.meelive.ingkee/.socketio.connection.internal.KAReceiver m=0x108000}]
05-26 14:18:57.873  2923  3245 I am_broadcast_discard_app: [0,229923040,android.net.wifi.RSSI_CHANGED,1,ResolveInfo{e0b4a5e com.qq.ac.android/.receiver.BootReceiver m=0x108000}]
05-26 14:18:57.875  2923  3245 I am_broadcast_discard_app: [0,229923040,android.net.wifi.RSSI_CHANGED,2,ResolveInfo{e2b7e3f com.sdu.didi.psnger/com.didi.sdk.receiver.WifiReceiver m=0x108000}]
05-26 14:19:00.894  2923  3245 I am_broadcast_discard_app: [0,125847350,android.net.wifi.RSSI_CHANGED,0,ResolveInfo{114f637 com.meelive.ingkee/.socketio.connection.internal.KAReceiver m=0x108000}]
05-26 14:19:00.896  2923  3245 I am_broadcast_discard_app: [0,125847350,android.net.wifi.RSSI_CHANGED,1,ResolveInfo{e7bc7a4 com.qq.ac.android/.receiver.BootReceiver m=0x108000}]
05-26 14:19:00.898  2923  3245 I am_broadcast_discard_app: [0,125847350,android.net.wifi.RSSI_CHANGED,2,ResolveInfo{e60290d com.sdu.didi.psnger/com.didi.sdk.receiver.WifiReceiver m=0x108000}]
05-26 14:19:03.598  2923  9685 I am_proc_died: [0,26607,com.alps.lcn:remote]
05-26 14:19:03.906  2923  3245 I am_broadcast_discard_app: [0,192104713,android.net.wifi.RSSI_CHANGED,0,ResolveInfo{64d070e com.meelive.ingkee/.socketio.connection.internal.KAReceiver m=0x108000}]
05-26 14:19:03.907  2923  3245 I am_broadcast_discard_app: [0,192104713,android.net.wifi.RSSI_CHANGED,1,ResolveInfo{9c6752f com.qq.ac.android/.receiver.BootReceiver m=0x108000}]
05-26 14:19:03.909  2923  3245 I am_broadcast_discard_app: [0,192104713,android.net.wifi.RSSI_CHANGED,2,ResolveInfo{28e673c com.sdu.didi.psnger/com.didi.sdk.receiver.WifiReceiver m=0x108000}]
05-26 14:19:06.930  2923  3245 I am_broadcast_discard_app: [0,30356811,android.net.wifi.RSSI_CHANGED,0,ResolveInfo{a78bb28 com.meelive.ingkee/.socketio.connection.internal.KAReceiver m=0x108000}]
05-26 14:19:06.933  2923  3245 I am_broadcast_discard_app: [0,30356811,android.net.wifi.RSSI_CHANGED,1,ResolveInfo{75e1041 com.qq.ac.android/.receiver.BootReceiver m=0x108000}]
05-26 14:19:06.934  2923  3245 I am_broadcast_discard_app: [0,30356811,android.net.wifi.RSSI_CHANGED,2,ResolveInfo{f46e9e6 com.sdu.didi.psnger/com.didi.sdk.receiver.WifiReceiver m=0x108000}]
05-26 14:19:07.006  2923  3243 I am_pss  : [26679,10092,com.bbk.calendar,17900544,14880768,0]
05-26 14:19:07.039  2923  3243 I am_pss  : [8757,10081,com.vivo.safecenter,10458112,9863168,0]
05-26 14:19:07.079  2923  3243 I am_pss  : [6935,10063,com.iqoo.secure:remote,37282816,35799040,0]
05-26 14:19:09.953  2923  3245 I am_broadcast_discard_app: [0,221933437,android.net.wifi.RSSI_CHANGED,0,ResolveInfo{787be72 com.meelive.ingkee/.socketio.connection.internal.KAReceiver m=0x108000}]
05-26 14:19:09.954  2923  3245 I am_broadcast_discard_app: [0,221933437,android.net.wifi.RSSI_CHANGED,1,ResolveInfo{eff02c3 com.qq.ac.android/.receiver.BootReceiver m=0x108000}]
05-26 14:19:09.956  2923  3245 I am_broadcast_discard_app: [0,221933437,android.net.wifi.RSSI_CHANGED,2,ResolveInfo{b3dc740 com.sdu.didi.psnger/com.didi.sdk.receiver.WifiReceiver m=0x108000}]
05-26 14:19:12.967  2923  3245 I am_broadcast_discard_app: [0,38078495,android.net.wifi.RSSI_CHANGED,0,ResolveInfo{6d8176c com.meelive.ingkee/.socketio.connection.internal.KAReceiver m=0x108000}]
05-26 14:19:12.968  2923  3245 I am_broadcast_discard_app: [0,38078495,android.net.wifi.RSSI_CHANGED,1,ResolveInfo{aad1135 com.qq.ac.android/.receiver.BootReceiver m=0x108000}]
05-26 14:19:12.969  2923  3245 I am_broadcast_discard_app: [0,38078495,android.net.wifi.RSSI_CHANGED,2,ResolveInfo{aeca9ca com.sdu.didi.psnger/com.didi.sdk.receiver.WifiReceiver m=0x108000}]
05-26 14:19:15.989  2923  3245 I am_broadcast_discard_app: [0,78285745,android.net.wifi.RSSI_CHANGED,0,ResolveInfo{f139896 com.meelive.ingkee/.socketio.connection.internal.KAReceiver m=0x108000}]
05-26 14:19:15.991  2923  3245 I am_broadcast_discard_app: [0,78285745,android.net.wifi.RSSI_CHANGED,1,ResolveInfo{dd9dc17 com.qq.ac.android/.receiver.BootReceiver m=0x108000}]
05-26 14:19:15.993  2923  3245 I am_broadcast_discard_app: [0,78285745,android.net.wifi.RSSI_CHANGED,2,ResolveInfo{79be804 com.sdu.didi.psnger/com.didi.sdk.receiver.WifiReceiver m=0x108000}]
05-26 14:19:16.088  2923  3243 I am_pss  : [5754,10034,com.bbk.launcher2,114853888,113168384,0]
05-26 14:19:16.141  2923  3243 I am_pss  : [5611,1000,com.vivo.doubleinstance,6285312,5677056,0]
05-26 14:19:16.182  2923  3243 I am_pss  : [6141,10011,android.process.media,36557824,35774464,0]
05-26 14:19:16.337  2923  3243 I am_pss  : [6417,10129,com.tencent.mobileqq,105271296,98873344,0]
05-26 14:19:16.381  2923  3243 I am_pss  : [6369,10129,com.tencent.mobileqq:MSF,22358016,19042304,0]
05-26 14:19:16.465  2923  3243 I am_pss  : [20911,10133,com.tencent.mm,143925248,137187328,0]
05-26 14:19:16.503  2923  3243 I am_pss  : [4303,10062,com.baidu.input_bbk.service,53441536,48672768,0]
05-26 14:19:16.527  2923  3243 I am_pss  : [9794,1001,com.android.incallui,33078272,32161792,0]
05-26 14:19:16.544  2923  3243 I am_pss  : [8770,1000,com.qti.service.colorservice,5139456,4612096,0]
05-26 14:19:16.563  2923  3243 I am_pss  : [19350,10030,com.bbk.appstore:remote,13455360,11825152,0]
05-26 14:19:16.579  2923  3243 I am_pss  : [30663,10085,com.vivo.secime.service,16715776,15667200,0]
05-26 14:19:16.599  2923  3243 I am_pss  : [4577,1000,com.vivo.smartmultiwindow,55315456,51494912,0]
05-26 14:19:16.630  2923  3243 I am_pss  : [11337,10035,com.android.bbkmusic,63303680,61157376,0]
05-26 14:19:16.647  2923  3243 I am_pss  : [4763,10064,com.bbk.iqoo.logsystem,20721664,18919424,0]
05-26 14:19:16.666  2923  3243 I am_pss  : [4516,1000,com.android.settings,28185600,26382336,0]
05-26 14:19:16.683  2923  3243 I am_pss  : [25335,10136,com.tencent.reading:PushService,26220544,21430272,0]
05-26 14:19:16.704  2923  3243 I am_pss  : [6692,1000,com.vivo.permissionmanager,34063360,32870400,0]
05-26 14:19:16.718  2923  3243 I am_pss  : [4289,1000,com.vivo.appfilter,12612608,11948032,0]
05-26 14:19:16.736  2923  3243 I am_pss  : [16875,10030,com.bbk.appstore,25648128,22962176,0]
05-26 14:19:16.751  2923  3243 I am_pss  : [9152,1000,com.vivo.wifi.networkdetect,4182016,3411968,0]
05-26 14:19:16.766  2923  3243 I am_pss  : [22603,10002,android.process.acore,24534016,22011904,0]
05-26 14:19:16.785  2923  3243 I am_pss  : [3143,1000,com.android.bbklog,27638784,25305088,0]
05-26 14:19:16.806  2923  3243 I am_pss  : [23603,10203,com.eg.android.AlipayGphone:push,40180736,35299328,0]
05-26 14:19:16.821  2923  3243 I am_pss  : [25268,1000,com.vivo.abe:pushservice_v1,8361984,6111232,0]
05-26 14:19:16.853  2923  3243 I am_pss  : [8142,10133,com.tencent.mm:tools,66469888,63283200,0]
05-26 14:19:16.878  2923  3243 I am_pss  : [14981,10098,com.vivo.gallery,96564224,93499392,0]
05-26 14:19:16.892  2923  3243 I am_pss  : [24327,10013,android.ext.services,4839424,3108864,0]
05-26 14:19:16.914  2923  3243 I am_pss  : [8046,10055,com.vivo.devicereg,47042560,46206976,0]
05-26 14:19:16.929  2923  3243 I am_pss  : [22621,10056,com.vivo.doubletimezoneclock,13415424,11669504,0]
05-26 14:19:16.947  2923  3243 I am_pss  : [14205,10133,com.tencent.mm:push,25475072,23162880,0]
05-26 14:19:16.961  2923  3243 I am_pss  : [16713,1000,com.qualcomm.qti.appnetaccess,3492864,2551808,0]
05-26 14:19:16.976  2923  3243 I am_pss  : [16629,1000,org.simalliance.openmobileapi.service:remote,3640320,2564096,0]
05-26 14:19:16.991  2923  3243 I am_pss  : [16234,10102,com.vivo.sdkplugin,5502976,2981888,0]
05-26 14:19:17.005  2923  3243 I am_pss  : [15253,1000,com.qualcomm.display,3235840,2379776,0]
05-26 14:19:17.020  2923  3243 I am_pss  : [14631,1000,com.android.fuelsummary,4592640,3538944,0]
05-26 14:19:17.034  2923  3243 I am_pss  : [4952,10002,com.vivo.sim.contacts,6003712,5513216,0]
05-26 14:19:17.048  2923  3243 I am_pss  : [31001,1000,com.volte.config,3183616,2547712,0]
05-26 14:19:17.065  2923  3243 I am_pss  : [14366,10133,com.tencent.mm:appbrand0,18819072,17469440,0]
05-26 14:19:17.082  2923  3243 I am_pss  : [14422,10133,com.tencent.mm:exdevice,17451008,16138240,0]
05-26 14:19:17.096  2923  3243 I am_pss  : [4993,1001,com.qualcomm.qcrilmsgtunnel,5477376,4968448,0]
05-26 14:19:19.012  2923  3245 I am_broadcast_discard_app: [0,9839283,android.net.wifi.RSSI_CHANGED,0,ResolveInfo{7f18070 com.meelive.ingkee/.socketio.connection.internal.KAReceiver m=0x108000}]
05-26 14:19:19.013  2923  3245 I am_broadcast_discard_app: [0,9839283,android.net.wifi.RSSI_CHANGED,1,ResolveInfo{d95ffe9 com.qq.ac.android/.receiver.BootReceiver m=0x108000}]
05-26 14:19:19.014  2923  3245 I am_broadcast_discard_app: [0,9839283,android.net.wifi.RSSI_CHANGED,2,ResolveInfo{40d246e com.sdu.didi.psnger/com.didi.sdk.receiver.WifiReceiver m=0x108000}]
05-26 14:19:22.036  2923  3245 I am_broadcast_discard_app: [0,80064933,android.net.wifi.RSSI_CHANGED,0,ResolveInfo{eeb197a com.meelive.ingkee/.socketio.connection.internal.KAReceiver m=0x108000}]
05-26 14:19:22.037  2923  3245 I am_broadcast_discard_app: [0,80064933,android.net.wifi.RSSI_CHANGED,1,ResolveInfo{a39352b com.qq.ac.android/.receiver.BootReceiver m=0x108000}]
05-26 14:19:22.039  2923  3245 I am_broadcast_discard_app: [0,80064933,android.net.wifi.RSSI_CHANGED,2,ResolveInfo{2d0ed88 com.sdu.didi.psnger/com.didi.sdk.receiver.WifiReceiver m=0x108000}]
05-26 14:19:22.456  2923 10336 I am_broadcast_discard_app: [0,149904850,NULL,0,ResolveInfo{eed1ea3 com.happyelements.AndroidAnimal/com.happyelements.gsp.android.notification.gcn.GcnBroadcastReceiver m=0x0}]
05-26 14:19:25.047  2923  3245 I am_broadcast_discard_app: [0,214009118,android.net.wifi.RSSI_CHANGED,0,ResolveInfo{82901ff com.meelive.ingkee/.socketio.connection.internal.KAReceiver m=0x108000}]
05-26 14:19:25.048  2923  3245 I am_broadcast_discard_app: [0,214009118,android.net.wifi.RSSI_CHANGED,1,ResolveInfo{24bbbcc com.qq.ac.android/.receiver.BootReceiver m=0x108000}]
05-26 14:19:25.049  2923  3245 I am_broadcast_discard_app: [0,214009118,android.net.wifi.RSSI_CHANGED,2,ResolveInfo{93f4e15 com.sdu.didi.psnger/com.didi.sdk.receiver.WifiReceiver m=0x108000}]
05-26 14:19:25.093  2923  3243 I am_pss  : [25116,10009,com.android.dialer,26011648,21823488,0]
05-26 14:19:25.110  2923  3243 I am_pss  : [24852,10033,com.android.filemanager,21518336,17428480,0]
05-26 14:19:25.124  2923  3243 I am_pss  : [26721,10107,com.vivo.widget.calendar,4467712,3166208,0]
05-26 14:19:25.139  2923  3243 I am_pss  : [26704,10004,com.android.providers.calendar,5302272,4063232,0]
05-26 14:19:25.154  2923  3243 I am_pss  : [22635,10045,com.vivo.weather.provider,12459008,10526720,0]
05-26 14:19:25.169  2923  3243 I am_pss  : [25300,1000,com.iqoo.engineermode,12327936,9252864,0]
05-26 14:19:25.185  2923  3243 I am_pss  : [25137,10018,com.vivo.numbermark,5608448,3141632,0]
05-26 14:19:25.201  2923  3243 I am_pss  : [25488,10093,com.android.camera,14917632,11689984,0]
05-26 14:19:28.059  2923  3245 I am_broadcast_discard_app: [0,241092792,android.net.wifi.RSSI_CHANGED,0,ResolveInfo{5d3b691 com.meelive.ingkee/.socketio.connection.internal.KAReceiver m=0x108000}]
05-26 14:19:28.060  2923  3245 I am_broadcast_discard_app: [0,241092792,android.net.wifi.RSSI_CHANGED,1,ResolveInfo{1eb19f6 com.qq.ac.android/.receiver.BootReceiver m=0x108000}]
05-26 14:19:28.061  2923  3245 I am_broadcast_discard_app: [0,241092792,android.net.wifi.RSSI_CHANGED,2,ResolveInfo{d4731f7 com.sdu.didi.psnger/com.didi.sdk.receiver.WifiReceiver m=0x108000}]
05-26 14:19:31.074  2923  3245 I am_broadcast_discard_app: [0,145153922,android.net.wifi.RSSI_CHANGED,0,ResolveInfo{7b2f693 com.meelive.ingkee/.socketio.connection.internal.KAReceiver m=0x108000}]
