05-26 13:57:41.833  2923  3245 I am_broadcast_discard_app: [0,98606980,NULL,0,ResolveInfo{556536d com.happyelements.AndroidAnimal/com.happyelements.gsp.android.notification.gcn.GcnBroadcastReceiver m=0x0}]
05-26 13:57:41.837  2923  4013 I am_wtf  : [0,2923,system_server,-1,ActivityManager,Sending non-protected broadcast com.vivo.pem.power from system uid 1000 pkg com.vivo.pem]
05-26 13:57:41.838  2923  3245 I am_broadcast_discard_app: [0,20979694,NULL,0,ResolveInfo{afa5b1c com.happyelements.AndroidAnimal/com.happyelements.gsp.android.notification.gcn.GcnBroadcastReceiver m=0x0}]
05-26 13:57:41.848  2923  4013 I am_wtf  : [0,2923,system_server,-1,ActivityManager,Sending non-protected broadcast com.vivo.push.AlarmAciton.Retry from system uid 1000 pkg com.vivo.abe]
05-26 13:57:41.860  2923  3245 I am_wtf  : [0,2923,system_server,-1,KernelWakelockReader,neither /proc/wakelocks nor /d/wakeup_sources exists]
05-26 13:57:41.890  2923  4693 I am_broadcast_discard_app: [0,210382820,NULL,0,ResolveInfo{fc60c4d com.happyelements.AndroidAnimal/com.happyelements.gsp.android.notification.gcn.GcnBroadcastReceiver m=0x0}]
05-26 13:57:41.901  2923  3243 I sync    : [com.huajiao.account.syncprovider,0,4,1064065]
05-26 13:57:41.930  2923  3245 I am_wtf  : [0,4503,system_server,-1,KernelWakelockReader,neither /proc/wakelocks nor /d/wakeup_sources exists]
05-26 13:57:41.994  2923  3245 I am_wtf  : [0,2923,system_server,-1,KernelWakelockReader,neither /proc/wakelocks nor /d/wakeup_sources exists]
05-26 13:57:42.045  2923  3243 I sync    : [com.ss.android.account.AccountProvider32,0,4,706872568]
05-26 13:57:42.184  2923  3101 I am_kill : [0,24204,android.ext.services,100,stop android.ext.services]
05-26 13:57:42.185  2923  3101 I am_schedule_service_restart: [0,android.ext.services/.notification.Ranker,1000]
05-26 13:57:42.193  2923  2923 I notification_cancel_all: [1000,2923,android.ext.services,0,0,0,5,NULL]
05-26 13:57:42.241  2923  2923 I am_proc_start: [0,24297,10013,android.ext.services,service,android.ext.services/.notification.Ranker]
05-26 13:57:42.250  2923 10343 I am_broadcast_discard_app: [0,38099697,android.intent.action.PACKAGE_RESTARTED,4,ResolveInfo{6560a62 com.jingdong.app.mall/.broadcastReceiver.AppStateRecevier m=0x208000}]
05-26 13:57:42.262  2923  3101 I am_proc_bound: [0,24297,android.ext.services]
05-26 13:57:42.333  2923 10336 I notification_autogrouped: 0|com.android.bbklog|1|null|1000
05-26 13:57:42.335  2923 10346 I notification_autogrouped: 0|com.android.bbklog|1|null|1000
05-26 13:57:42.339  2923  4688 I notification_autogrouped: 0|com.vivo.browser|20000000|null|10025
05-26 13:57:42.341  2923 10343 I notification_autogrouped: 0|com.vivo.browser|20000000|null|10025
05-26 13:57:42.344  2923  4432 I notification_autogrouped: 0|com.vivo.abe|1002001|null|1000
05-26 13:57:42.347  2923  4690 I notification_autogrouped: 0|com.vivo.abe|1002001|null|1000
05-26 13:57:42.349  2923  3101 I notification_autogrouped: 0|com.bbk.iqoo.logsystem|3|null|10064
05-26 13:57:42.352  2923 10360 I notification_autogrouped: 0|com.bbk.iqoo.logsystem|3|null|10064
05-26 13:57:42.497  2923  2923 I notification_cancel_all: [1000,2923,com.oma.drm.server,0,0,0,5,NULL]
05-26 13:57:42.566  2923 31159 I am_broadcast_discard_app: [0,55801641,android.intent.action.PACKAGE_RESTARTED,4,ResolveInfo{b8e6aae com.jingdong.app.mall/.broadcastReceiver.AppStateRecevier m=0x208000}]
05-26 13:58:01.321  2923  3245 I am_wtf  : [0,2923,system_server,-1,KernelWakelockReader,neither /proc/wakelocks nor /d/wakeup_sources exists]
05-26 13:58:01.352  2923  3245 I am_wtf  : [0,2923,system_server,-1,KernelWakelockReader,neither /proc/wakelocks nor /d/wakeup_sources exists]
05-26 13:58:12.951  2923  4028 I netstats_mobile_sample: [40197807,59564,14768617,50048,40196407,59529,14368233,50048,40196407,59529,14412535,50791,1495778292787]
05-26 13:58:12.952  2923  4028 I netstats_wifi_sample: [4340544412,4282264,411472146,2040884,4333699053,4072026,385107556,2058242,4329996631,4046217,387755212,2102114,1495778292787]
05-26 13:58:13.006  2923 10347 I am_broadcast_discard_app: [0,95877174,NULL,0,ResolveInfo{e4c5337 com.happyelements.AndroidAnimal/com.happyelements.gsp.android.notification.gcn.GcnBroadcastReceiver m=0x0}]
05-26 13:59:41.802  2923  3245 I am_wtf  : [0,2923,system_server,-1,KernelWakelockReader,neither /proc/wakelocks nor /d/wakeup_sources exists]
05-26 14:00:32.483  2923  3245 I am_wtf  : [0,2923,system_server,-1,KernelWakelockReader,neither /proc/wakelocks nor /d/wakeup_sources exists]
05-26 14:00:32.516  2923  3245 I am_wtf  : [0,2923,system_server,-1,KernelWakelockReader,neither /proc/wakelocks nor /d/wakeup_sources exists]
05-26 14:01:15.784  2923  3245 I am_wtf  : [0,2923,system_server,-1,KernelWakelockReader,neither /proc/wakelocks nor /d/wakeup_sources exists]
05-26 14:01:15.808  2923  3245 I am_wtf  : [0,2923,system_server,-1,KernelWakelockReader,neither /proc/wakelocks nor /d/wakeup_sources exists]
05-26 14:02:42.246  2923  3245 I am_broadcast_discard_app: [0,165765310,NULL,0,ResolveInfo{164451f com.happyelements.AndroidAnimal/com.happyelements.gsp.android.notification.gcn.GcnBroadcastReceiver m=0x0}]
05-26 14:02:42.257  2923  4013 I am_wtf  : [0,2923,system_server,-1,ActivityManager,Sending non-protected broadcast com.vivo.pem.power from system uid 1000 pkg com.vivo.pem]
05-26 14:02:42.262  2923  4013 I am_wtf  : [0,2923,system_server,-1,ActivityManager,Sending non-protected broadcast com.vivo.push.AlarmAciton.Retry from system uid 1000 pkg com.vivo.abe]
05-26 14:02:42.343  2923  3243 I am_pss  : [23750,10203,com.eg.android.AlipayGphone,51278848,41656320,0]
05-26 14:02:42.346  2923  3243 I sync    : [com.tencent.reading.account,0,4,702700858]
05-26 14:02:42.361  2923 10348 I am_create_task: [0,512]
05-26 14:02:42.361  2923 10348 I am_create_activity: [0,24057351,512,com.tencent.reading/com.tencent.news.push.alive.offactivity.HollowActivity,NULL,NULL,NULL,276824064]
05-26 14:02:42.362  2923 10348 I wm_task_created: [512,1]
05-26 14:02:42.363  2923 10348 I wm_task_moved: [512,1,14]
05-26 14:02:42.363  2923 10348 I wm_task_moved: [512,1,14]
05-26 14:02:42.364  2923 10348 I am_focused_activity: [0,com.tencent.reading/com.tencent.news.push.alive.offactivity.HollowActivity,startedActivity]
05-26 14:02:42.378  2923 10348 I am_restart_activity: [0,24057351,512,com.tencent.reading/com.tencent.news.push.alive.offactivity.HollowActivity]
05-26 14:02:42.381  2923 10348 I am_pause_activity: [0,24057351,com.tencent.reading/com.tencent.news.push.alive.offactivity.HollowActivity]
05-26 14:02:42.386  2923 10348 I sysui_action: [323,com.tencent.reading/com.tencent.news.push.alive.offactivity.HollowActivity]
05-26 14:02:42.386  2923 10348 I sysui_action: [324,true]
05-26 14:02:42.386  2923 10348 I sysui_action: [325,82592]
05-26 14:02:42.388  2923  3420 I sysui_action: [320,3]
05-26 14:02:42.388  2923  3420 I sysui_action: [319,34]
05-26 14:02:42.404  2923  3243 I sync    : [com.tencent.mtt.account.sync,0,4,105225487]
05-26 14:02:42.434 24217 24217 I am_on_resume_called: [0,com.tencent.news.push.alive.offactivity.HollowActivity,LAUNCH_ACTIVITY]
05-26 14:02:42.451  2923  3245 I am_wtf  : [0,4503,system_server,-1,KernelWakelockReader,neither /proc/wakelocks nor /d/wakeup_sources exists]
05-26 14:02:42.497 24217 24217 I am_on_paused_called: [0,com.tencent.news.push.alive.offactivity.HollowActivity,handlePauseActivity]
05-26 14:02:42.501  2923  3245 I am_stop_activity: [0,24057351,com.tencent.reading/com.tencent.news.push.alive.offactivity.HollowActivity]
05-26 14:02:42.506  2923  3245 I sysui_count: [window_time_0,898]
05-26 14:02:42.517  2923  3243 I sync    : [com.tencent.reading.account,1,4,702700858]
05-26 14:02:42.540 24217 24217 I am_on_stop_called: [0,com.tencent.news.push.alive.offactivity.HollowActivity,sleeping]
05-26 14:02:42.558  2923  3420 I sysui_action: [322,204]
05-26 14:02:42.558  2923  3420 I am_activity_launch_time: [0,24057351,com.tencent.reading/com.tencent.news.push.alive.offactivity.HollowActivity,176,6551]
05-26 14:02:42.702  2923 10340 I am_kill : [0,24297,android.ext.services,100,stop android.ext.services]
05-26 14:02:42.703  2923 10340 I am_schedule_service_restart: [0,android.ext.services/.notification.Ranker,1000]
05-26 14:02:42.714  2923  2923 I notification_cancel_all: [1000,2923,android.ext.services,0,0,0,5,NULL]
05-26 14:02:42.754  2923  2923 I am_proc_start: [0,24327,10013,android.ext.services,service,android.ext.services/.notification.Ranker]
05-26 14:02:42.767  2923 10336 I am_broadcast_discard_app: [0,176193525,android.intent.action.PACKAGE_RESTARTED,4,ResolveInfo{25afc56 com.jingdong.app.mall/.broadcastReceiver.AppStateRecevier m=0x208000}]
05-26 14:02:42.775  2923  4658 I am_proc_bound: [0,24327,android.ext.services]
05-26 14:02:42.840  2923 10335 I notification_autogrouped: 0|com.android.bbklog|1|null|1000
05-26 14:02:42.843  2923  3101 I notification_autogrouped: 0|com.android.bbklog|1|null|1000
05-26 14:02:42.846  2923  4690 I notification_autogrouped: 0|com.vivo.browser|20000000|null|10025
05-26 14:02:42.848  2923 10348 I notification_autogrouped: 0|com.vivo.browser|20000000|null|10025
05-26 14:02:42.851  2923  4693 I notification_autogrouped: 0|com.vivo.abe|1002001|null|1000
05-26 14:02:42.853  2923  4515 I notification_autogrouped: 0|com.vivo.abe|1002001|null|1000
05-26 14:02:42.856  2923  4432 I notification_autogrouped: 0|com.bbk.iqoo.logsystem|3|null|10064
05-26 14:02:42.858  2923 31159 I notification_autogrouped: 0|com.bbk.iqoo.logsystem|3|null|10064
05-26 14:02:42.986  2923 10349 I am_kill : [0,24217,com.tencent.reading:PushService,0,stop com.tencent.reading]
05-26 14:02:42.987  2923 10349 I am_schedule_service_restart: [0,com.tencent.reading/.push.PushService,1000]
05-26 14:02:42.988  2923 10349 I am_focused_activity: [-1,NULL,resetFocusedActivityIfNeeded]
05-26 14:02:43.007  2923 10349 I am_proc_start: [0,24340,10136,com.tencent.reading:PushService,activity,com.tencent.reading/com.tencent.news.push.alive.offactivity.HollowActivity]
05-26 14:02:43.016  2923 10349 I am_finish_activity: [0,24057351,512,com.tencent.reading/com.tencent.news.push.alive.offactivity.HollowActivity,force-stop]
05-26 14:02:43.049  2923 10349 I am_resume_activity: [0,142576045,258,com.tencent.mm/.ui.LauncherUI]
05-26 14:02:43.087  2923 10349 I am_pause_activity: [0,142576045,com.tencent.mm/.ui.LauncherUI]
05-26 14:02:43.089  2923 10349 I wm_task_moved: [258,1,14]
05-26 14:02:43.092  2923 10349 I am_focused_activity: [0,com.tencent.mm/.ui.LauncherUI,completeResume]
05-26 14:02:43.103  2923 10360 I am_proc_bound: [0,24340,com.tencent.reading:PushService]
05-26 14:02:43.144  2923  3245 I am_destroy_activity: [0,24057351,512,com.tencent.reading/com.tencent.news.push.alive.offactivity.HollowActivity,finish-idle]
05-26 14:02:43.144  2923  3245 I wm_task_removed: [512,removeAppToken: last token]
05-26 14:02:43.144  2923  3245 I wm_task_removed: [512,removeTask]
05-26 14:02:43.149  2923  2923 I notification_cancel_all: [1000,2923,com.tencent.reading,0,0,0,5,NULL]
05-26 14:02:43.240  2923  4515 I am_broadcast_discard_app: [0,145078445,android.intent.action.PACKAGE_RESTARTED,4,ResolveInfo{447c630 com.jingdong.app.mall/.broadcastReceiver.AppStateRecevier m=0x208000}]
05-26 14:02:43.311 20911 20911 I am_on_resume_called: [0,com.tencent.mm.ui.LauncherUI,RESUME_ACTIVITY]
05-26 14:02:43.371 20911 20911 I am_on_paused_called: [0,com.tencent.mm.ui.LauncherUI,handlePauseActivity]
05-26 14:02:43.375  2923  3245 I am_stop_activity: [0,142576045,com.tencent.mm/.ui.LauncherUI]
05-26 14:02:43.408  2923  2923 I notification_cancel_all: [1000,2923,com.huajiao,0,0,0,5,NULL]
05-26 14:02:43.447  2923 10329 I am_broadcast_discard_app: [0,5449501,android.intent.action.PACKAGE_RESTARTED,4,ResolveInfo{6c0ad92 com.jingdong.app.mall/.broadcastReceiver.AppStateRecevier m=0x208000}]
05-26 14:02:43.458 20911 20911 I am_on_stop_called: [0,com.tencent.mm.ui.LauncherUI,sleeping]
05-26 14:02:43.735  2923  2923 I notification_cancel_all: [1000,2923,com.ss.android.article.video,0,0,0,5,NULL]
05-26 14:02:43.802  2923 10350 I am_broadcast_discard_app: [0,196156256,android.intent.action.PACKAGE_RESTARTED,4,ResolveInfo{d001819 com.jingdong.app.mall/.broadcastReceiver.AppStateRecevier m=0x208000}]
05-26 14:04:42.240  2923  3245 I am_wtf  : [0,2923,system_server,-1,KernelWakelockReader,neither /proc/wakelocks nor /d/wakeup_sources exists]
05-26 14:04:42.262  2923  3245 I am_wtf  : [0,2923,system_server,-1,KernelWakelockReader,neither /proc/wakelocks nor /d/wakeup_sources exists]
05-26 14:04:42.263  2923 10336 I am_broadcast_discard_app: [0,139173698,NULL,0,ResolveInfo{1c51b53 com.happyelements.AndroidAnimal/com.happyelements.gsp.android.notification.gcn.GcnBroadcastReceiver m=0x0}]
05-26 14:04:42.282  2923  3245 I am_wtf  : [0,2923,system_server,-1,KernelWakelockReader,neither /proc/wakelocks nor /d/wakeup_sources exists]
05-26 14:04:49.356  2923  4021 I sysui_histogram: [power_double_tap_interval,129901]
05-26 14:04:49.366  2923  2923 I power_screen_state: [1,0,0,0]
05-26 14:04:49.366  2923  2923 I screen_toggled: 1
05-26 14:04:49.369  2923  2923 I power_screen_broadcast_send: 1
05-26 14:04:49.372  4354  4354 I sysui_histogram: [note_load,8]
05-26 14:04:49.372  2923 31026 I notification_panel_revealed: 8
05-26 14:04:49.419  2923  3245 I am_wtf  : [0,2923,system_server,-1,KernelWakelockReader,neither /proc/wakelocks nor /d/wakeup_sources exists]
05-26 14:04:49.454  2923 10343 I am_wtf  : [0,2923,system_server,-1,ActivityManager,Sending non-protected broadcast com.vivo.updater.action.SCREEN_ON from system 4503:com.vivo.daemonService/1000 pkg com.vivo.daemonService]
05-26 14:04:49.705   513   513 I sf_frame_dur: [ColorFade,2,1,0,0,0,0,0]
05-26 14:04:49.735  2923  2923 I power_screen_broadcast_done: [1,367,1]
05-26 14:04:52.494  2923  3245 I am_broadcast_discard_app: [0,267901752,android.net.wifi.RSSI_CHANGED,0,ResolveInfo{6a39711 com.meelive.ingkee/.socketio.connection.internal.KAReceiver m=0x108000}]
05-26 14:04:52.496  2923  3245 I am_broadcast_discard_app: [0,267901752,android.net.wifi.RSSI_CHANGED,1,ResolveInfo{3d4b076 com.qq.ac.android/.receiver.BootReceiver m=0x108000}]
05-26 14:04:52.500  2923  3245 I am_broadcast_discard_app: [0,267901752,android.net.wifi.RSSI_CHANGED,2,ResolveInfo{974677 com.sdu.didi.psnger/com.didi.sdk.receiver.WifiReceiver m=0x108000}]
05-26 14:04:52.505  2923  3245 I am_broadcast_discard_app: [0,127505229,android.net.wifi.RSSI_CHANGED,0,ResolveInfo{1d35e02 com.meelive.ingkee/.socketio.connection.internal.KAReceiver m=0x108000}]
05-26 14:04:52.506  2923  3245 I am_broadcast_discard_app: [0,127505229,android.net.wifi.RSSI_CHANGED,1,ResolveInfo{52fd313 com.qq.ac.android/.receiver.BootReceiver m=0x108000}]
05-26 14:04:52.509  2923  3245 I am_broadcast_discard_app: [0,127505229,android.net.wifi.RSSI_CHANGED,2,ResolveInfo{b5ed950 com.sdu.didi.psnger/com.didi.sdk.receiver.WifiReceiver m=0x108000}]
05-26 14:04:54.293  4354  4354 I sysui_status_bar_state: [1,1,0,1,1,0]
05-26 14:04:55.522  2923  3245 I am_broadcast_discard_app: [0,224410236,android.net.wifi.RSSI_CHANGED,0,ResolveInfo{bb2df05 com.meelive.ingkee/.socketio.connection.internal.KAReceiver m=0x108000}]
05-26 14:04:55.525  2923  3245 I am_broadcast_discard_app: [0,224410236,android.net.wifi.RSSI_CHANGED,1,ResolveInfo{dfaab5a com.qq.ac.android/.receiver.BootReceiver m=0x108000}]
05-26 14:04:55.528  2923  3245 I am_broadcast_discard_app: [0,224410236,android.net.wifi.RSSI_CHANGED,2,ResolveInfo{58c918b com.sdu.didi.psnger/com.didi.sdk.receiver.WifiReceiver m=0x108000}]
05-26 14:04:56.870  4354  4354 I screen_toggled: 2
05-26 14:04:56.969  4354  4354 I sysui_status_bar_state: [1,0,0,0,1,0]
05-26 14:04:56.987  4354  4354 I sysui_view_visibility: [111,0]
05-26 14:04:57.013  2923 10346 I am_resume_activity: [0,142576045,258,com.tencent.mm/.ui.LauncherUI]
05-26 14:04:57.070  2923  4569 I notification_expansion: [0|com.android.bbkmusic|10001|null|10035,0,1,179636386,93266266,7348605]
05-26 14:04:57.081  2923  4302 I am_broadcast_discard_app: [0,126131978,NULL,0,ResolveInfo{7a8f37b com.happyelements.AndroidAnimal/com.happyelements.gsp.android.notification.gcn.GcnBroadcastReceiver m=0x0}]
05-26 14:04:57.084  2923  3245 I am_broadcast_discard_app: [0,155276696,android.intent.action.USER_PRESENT,0,ResolveInfo{475f1f1 com.happyelements.AndroidAnimal/cn.egame.terminal.sdk.EgameCoreReceiver p=2147483647 m=0x108000}]
05-26 14:04:57.085  2923  3245 I am_broadcast_discard_app: [0,155276696,android.intent.action.USER_PRESENT,1,ResolveInfo{755a1d6 com.happyelements.AndroidClover.mob/cn.egame.terminal.sdk.EgameCoreReceiver p=2147483647 m=0x108000}]
05-26 14:04:57.086  2923  3245 I am_broadcast_discard_app: [0,155276696,android.intent.action.USER_PRESENT,2,ResolveInfo{8494c57 com.imangi.templerun2/cn.egame.terminal.sdk.EgameCoreReceiver p=2147483647 m=0x108000}]
05-26 14:04:57.087  2923  3245 I am_broadcast_discard_app: [0,155276696,android.intent.action.USER_PRESENT,3,ResolveInfo{ec23344 com.kiloo.subwaysurf/cn.egame.terminal.sdk.EgameCoreReceiver p=2147483647 m=0x108000}]
05-26 14:04:57.087  2923  3245 I am_broadcast_discard_app: [0,155276696,android.intent.action.USER_PRESENT,4,ResolveInfo{ee6bc2d wb.gc.xmxx.zxb/cn.egame.terminal.sdk.EgameCoreReceiver p=2147483647 m=0x108000}]
05-26 14:04:57.088  2923  3245 I am_broadcast_discard_app: [0,155276696,android.intent.action.USER_PRESENT,5,ResolveInfo{d620562 air.fyzb3/com.fyzb.receiver.BootBroadcastReceiver p=2147483647 m=0x108000}]
05-26 14:04:57.095  2923 10335 I notification_expansion: [0|com.android.bbklog|2147483647|group_key_override|1000|ranker_bundle,0,1,10004560,10004560,7650823]
05-26 14:04:57.097  2923  4692 I notification_expansion: [0|com.android.bbklog|1|null|1000,0,1,10004583,10004583,7650826]
05-26 14:04:57.097  2923 10343 I notification_expansion: [0|com.vivo.browser|2147483647|group_key_override|10025|ranker_bundle,0,1,165270946,165270946,93262480]
05-26 14:04:57.098  2923 10354 I notification_expansion: [0|com.vivo.abe|2147483647|group_key_override|1000|ranker_bundle,0,1,186822707,186822707,172932768]
05-26 14:04:57.099  2923 10348 I am_broadcast_discard_app: [0,155276696,android.intent.action.USER_PRESENT,7,ResolveInfo{82b6f4f com.jingdong.app.mall/com.tencent.android.tpush.XGPushReceiver p=2147483647 m=0x108000}]
05-26 14:04:57.101  2923  3245 I am_broadcast_discard_app: [0,155276696,android.intent.action.USER_PRESENT,8,ResolveInfo{c82a6dc com.qq.ac.android/com.tencent.android.tpush.XGPushReceiver p=2147483647 m=0x108000}]
05-26 14:04:57.102  2923  3245 I am_broadcast_discard_app: [0,155276696,android.intent.action.USER_PRESENT,9,ResolveInfo{ca043e5 com.sdu.didi.psnger/com.igexin.sdk.PushReceiver p=2147483647 m=0x108000}]
05-26 14:04:57.103  2923  3245 I am_broadcast_discard_app: [0,155276696,android.intent.action.USER_PRESENT,11,ResolveInfo{d0adeba com.yiche.price/com.sijla.common.HBL p=2147483647 m=0x108000}]
05-26 14:04:57.129 20911 20911 I am_on_resume_called: [0,com.tencent.mm.ui.LauncherUI,RESUME_ACTIVITY]
05-26 14:04:57.131  2923  4570 I am_broadcast_discard_app: [0,155276696,android.intent.action.USER_PRESENT,13,ResolveInfo{8dff947 com.mfp.jelly.vivo/cn.egame.terminal.sdk.EgameCoreReceiver p=1001 m=0x108000}]
05-26 14:04:57.132  2923  3245 I am_broadcast_discard_app: [0,155276696,android.intent.action.USER_PRESENT,14,ResolveInfo{93af574 wb.gc.xmxx.zxb/com.google.purchase.ModuleInit p=1000 m=0x108000}]
05-26 14:04:57.251   513   513 I sf_frame_dur: [SurfaceView - StatusBar,12,106,30,0,0,0,2]
05-26 14:04:57.257  2923  4658 I notification_panel_hidden: []
05-26 14:04:57.259  2923  9685 I am_broadcast_discard_app: [0,155276696,android.intent.action.USER_PRESENT,23,ResolveInfo{76cca3f air.fyzb3/com.igexin.sdk.PushReceiver m=0x108000}]
05-26 14:04:57.260  2923  3245 I am_broadcast_discard_app: [0,155276696,android.intent.action.USER_PRESENT,24,ResolveInfo{aab7f0c com.Qunar/com.igexin.sdk.PushReceiver m=0x108000}]
05-26 14:04:57.264  2923  3245 I am_broadcast_discard_app: [0,155276696,android.intent.action.USER_PRESENT,25,ResolveInfo{b02f055 com.UCMobile/com.taobao.accs.EventReceiver m=0x108000}]
05-26 14:04:57.265  2923  3245 I am_broadcast_discard_app: [0,155276696,android.intent.action.USER_PRESENT,26,ResolveInfo{c386a6a com.anjuke.android.app/com.igexin.sdk.PushReceiver m=0x108000}]
05-26 14:04:57.266  2923  3245 I am_broadcast_discard_app: [0,155276696,android.intent.action.USER_PRESENT,27,ResolveInfo{c6dcb5b com.baozun.customer.main/cn.jpush.android.service.PushReceiver m=0x108000}]
05-26 14:04:57.267  2923  3245 I am_broadcast_discard_app: [0,155276696,android.intent.action.USER_PRESENT,28,ResolveInfo{2177ff8 com.baozun.customer.main/com.easemob.chat.EMMonitorReceiver m=0x108000}]
05-26 14:04:57.271  2923  3245 I am_broadcast_discard_app: [0,155276696,android.intent.action.USER_PRESENT,29,ResolveInfo{ecf3cd1 com.cubic.autohome/com.igexin.sdk.PushReceiver m=0x108000}]
05-26 14:04:57.272  2923  3245 I am_broadcast_discard_app: [0,155276696,android.intent.action.USER_PRESENT,30,ResolveInfo{d6ac336 com.dianping.v1/com.dianping.base.push.pushservice.PhoneStatusReceiver m=0x108000}]
05-26 14:04:57.272  2923  3245 I am_broadcast_discard_app: [0,155276696,android.intent.action.USER_PRESENT,31,ResolveInfo{fb3c237 com.duowan.mobile/com.taobao.accs.EventReceiver m=0x108000}]
05-26 14:04:57.274  2923  3245 I am_broadcast_discard_app: [0,155276696,android.intent.action.USER_PRESENT,32,ResolveInfo{240a3a4 com.ganji.android/com.ganji.im.receiver.NetworkStateBroadcastReceiver m=0x108000}]
05-26 14:04:57.274  2923  3245 I am_broadcast_discard_app: [0,155276696,android.intent.action.USER_PRESENT,33,ResolveInfo{c39d50d com.ganji.android/com.igexin.sdk.PushReceiver m=0x108000}]
05-26 14:04:57.275  2923  3245 I am_broadcast_discard_app: [0,155276696,android.intent.action.USER_PRESENT,34,ResolveInfo{897dcc2 com.gbits.atm.vivo/com.igexin.sdk.PushReceiver m=0x108000}]
05-26 14:04:57.276  2923  3245 I am_broadcast_discard_app: [0,155276696,android.intent.action.USER_PRESENT,35,ResolveInfo{df84ad3 com.happyelements.AndroidAnimal/com.happyelements.gsp.android.notification.gcn.GcnBroadcastReceiver m=0x108000}]
05-26 14:04:57.277  2923  3245 I am_broadcast_discard_app: [0,155276696,android.intent.action.USER_PRESENT,36,ResolveInfo{bb65610 com.hipu.yidian/com.taobao.accs.EventReceiver m=0x108000}]
05-26 14:04:57.278  2923  3245 I am_broadcast_discard_app: [0,155276696,android.intent.action.USER_PRESENT,37,ResolveInfo{b3bb509 com.husor.beibei/com.igexin.sdk.PushReceiver m=0x108000}]
05-26 14:04:57.279  2923  3245 I am_broadcast_discard_app: [0,155276696,android.intent.action.USER_PRESENT,38,ResolveInfo{78b030e com.husor.beibei/com.husor.dns.dnscache.net.networktype.NetworkStateReceiver m=0x108000}]
05-26 14:04:57.280  2923  3245 I am_broadcast_discard_app: [0,155276696,android.intent.action.USER_PRESENT,39,ResolveInfo{bf2c12f com.ifext.news/com.igexin.sdk.PushReceiver m=0x108000}]
05-26 14:04:57.281  2923  3245 I am_broadcast_discard_app: [0,155276696,android.intent.action.USER_PRESENT,40,ResolveInfo{692c33c com.imangi.templerun2/com.ids.plugin.broadcast.ConnectionChange m=0x108000}]
05-26 14:04:57.282  2923  3245 I am_broadcast_discard_app: [0,155276696,android.intent.action.USER_PRESENT,41,ResolveInfo{6198c5 com.imangi.templerun2/com.idswz.plugin.broadcast.ConnectionChange m=0x108000}]
05-26 14:04:57.283  2923  3245 I am_broadcast_discard_app: [0,155276696,android.intent.action.USER_PRESENT,42,ResolveInfo{378421a com.iqianjin.client/com.igexin.sdk.PushReceiver m=0x108000}]
05-26 14:04:57.284  2923  3245 I am_broadcast_discard_app: [0,155276696,android.intent.action.USER_PRESENT,44,ResolveInfo{874414b com.iqiyi.qixiu/com.iqiyi.pushservice.PushServiceReceiver m=0x108000}]
05-26 14:04:57.284  2923  3245 I am_broadcast_discard_app: [0,155276696,android.intent.action.USER_PRESENT,45,ResolveInfo{66d728 com.iqiyi.qixiu/com.iqiyi.hcim.service.BroadcastCenter m=0x108000}]
05-26 14:04:57.285  2923  3245 I am_broadcast_discard_app: [0,155276696,android.intent.action.USER_PRESENT,46,ResolveInfo{247fc41 com.iqiyi.qixiu/com.iqiyi.impushservice.receiver.ImPushServiceReceiver m=0x108000}]
05-26 14:04:57.286  2923  3245 I am_broadcast_discard_app: [0,155276696,android.intent.action.USER_PRESENT,47,ResolveInfo{2c865e6 com.jm.android.jumei/com.igexin.sdk.PushReceiver m=0x108000}]
05-26 14:04:57.287  2923  3245 I am_broadcast_discard_app: [0,155276696,android.intent.action.USER_PRESENT,48,ResolveInfo{443a727 com.jm.android.jumei/.push.JMAliReceiver m=0x108000}]
05-26 14:04:57.288  2923  3245 I am_broadcast_discard_app: [0,155276696,android.intent.action.USER_PRESENT,49,ResolveInfo{ce63dd4 com.jm.android.jumei/com.taobao.accs.EventReceiver m=0x108000}]
05-26 14:04:57.289  2923  3245 I am_broadcast_discard_app: [0,155276696,android.intent.action.USER_PRESENT,50,ResolveInfo{ad71b7d com.kiloo.subwaysurf/com.idswz.plugin.broadcast.ConnectionChange m=0x108000}]
05-26 14:04:57.289  2923  3245 I am_broadcast_discard_app: [0,155276696,android.intent.action.USER_PRESENT,53,ResolveInfo{7a4fa72 com.meelive.ingkee/com.igexin.sdk.PushReceiver m=0x108000}]
05-26 14:04:57.290  2923  3245 I am_broadcast_discard_app: [0,155276696,android.intent.action.USER_PRESENT,54,ResolveInfo{bb98ec3 com.meelive.ingkee/com.sina.util.dnscache.net.networktype.NetworkStateReceiver m=0x108000}]
05-26 14:04:57.291  2923  3245 I am_broadcast_discard_app: [0,155276696,android.intent.action.USER_PRESENT,55,ResolveInfo{5536340 com.mobimtech.natives.ivp/com.taobao.accs.EventReceiver m=0x108000}]
05-26 14:04:57.291  2923  3245 I am_broadcast_discard_app: [0,155276696,android.intent.action.USER_PRESENT,56,ResolveInfo{3ef279 com.mogujie/com.igexin.sdk.PushReceiver m=0x108000}]
05-26 14:04:57.292  2923  3245 I am_broadcast_discard_app: [0,155276696,android.intent.action.USER_PRESENT,57,ResolveInfo{b444bbe com.pplive.androidphone/.push.getui.PushReceiver m=0x108000}]
05-26 14:04:57.293  2923  3245 I am_broadcast_discard_app: [0,155276696,android.intent.action.USER_PRESENT,58,ResolveInfo{e1c541f com.pplive.androidphone/com.igexin.sdk.PushReceiver m=0x108000}]
05-26 14:04:57.295  2923  3245 I am_broadcast_discard_app: [0,155276696,android.intent.action.USER_PRESENT,59,ResolveInfo{2ab736c com.pplive.androidphone/com.pplive.pushmsgsdk.SdkReceiver m=0x108000}]
05-26 14:04:57.295  2923  3245 I am_broadcast_discard_app: [0,155276696,android.intent.action.USER_PRESENT,60,ResolveInfo{1b33d35 com.pplive.androidphone/io.rong.push.PushReceiver m=0x108000}]
05-26 14:04:57.296  2923  3245 I am_broadcast_discard_app: [0,155276696,android.intent.action.USER_PRESENT,61,ResolveInfo{1f565ca com.qiyi.video/com.baidu.android.pushservice.PushServiceReceiver m=0x108000}]
05-26 14:04:57.297  2923  3245 I am_broadcast_discard_app: [0,155276696,android.intent.action.USER_PRESENT,62,ResolveInfo{ebc133b com.qiyi.video/com.iqiyi.pushservice.PushServiceReceiver m=0x108000}]
05-26 14:04:57.298  2923  3245 I am_broadcast_discard_app: [0,155276696,android.intent.action.USER_PRESENT,63,ResolveInfo{e925a58 com.qiyi.video/com.iqiyi.hcim.service.BroadcastCenter m=0x108000}]
05-26 14:04:57.299  2923  3245 I am_broadcast_discard_app: [0,155276696,android.intent.action.USER_PRESENT,64,ResolveInfo{3e777b1 com.qiyi.video/com.iqiyi.impushservice.receiver.ImPushServiceReceiver m=0x108000}]
05-26 14:04:57.299  2923  3245 I am_broadcast_discard_app: [0,155276696,android.intent.action.USER_PRESENT,65,ResolveInfo{3ec1496 com.qq.ac.android/.receiver.BootReceiver m=0x108000}]
05-26 14:04:57.300  2923  3245 I am_broadcast_discard_app: [0,155276696,android.intent.action.USER_PRESENT,66,ResolveInfo{bcea817 com.sohu.newsclient/.core.broadcast.ConnectionChangeReceiver m=0x108000}]
05-26 14:04:57.301  2923  3245 I am_broadcast_discard_app: [0,155276696,android.intent.action.USER_PRESENT,67,ResolveInfo{6fec404 com.sohu.newsclient/com.sohu.push.service.PushServiceReceiver m=0x108000}]
05-26 14:04:57.302  2923  3245 I am_broadcast_discard_app: [0,155276696,android.intent.action.USER_PRESENT,68,ResolveInfo{94added com.sohu.newsclient/.CoreServiceReceiver m=0x108000}]
05-26 14:04:57.303  2923  3245 I am_broadcast_discard_app: [0,155276696,android.intent.action.USER_PRESENT,69,ResolveInfo{6cce422 com.ss.android.article.news/com.ss.android.message.MessageReceiver m=0x108000}]
05-26 14:04:57.303  2923  3245 I am_broadcast_discard_app: [0,155276696,android.intent.action.USER_PRESENT,70,ResolveInfo{70baeb3 com.ss.android.article.news/com.taobao.accs.EventReceiver m=0x108000}]
05-26 14:04:57.304  2923  3245 I am_broadcast_discard_app: [0,155276696,android.intent.action.USER_PRESENT,71,ResolveInfo{a61c70 com.ss.android.article.news/.AliyunPushMsgReceiver m=0x108000}]
05-26 14:04:57.305  2923  3245 I am_broadcast_discard_app: [0,155276696,android.intent.action.USER_PRESENT,72,ResolveInfo{2046be9 com.ss.android.article.news/com.ss.android.message.sswo.SswoReceiver m=0x108000}]
05-26 14:04:57.306  2923  3245 I am_broadcast_discard_app: [0,155276696,android.intent.action.USER_PRESENT,73,ResolveInfo{3f9206e com.ss.android.essay.joke/com.ss.android.message.MessageReceiver m=0x108000}]
05-26 14:04:57.307  2923  3245 I am_broadcast_discard_app: [0,155276696,android.intent.action.USER_PRESENT,74,ResolveInfo{c08830f com.ss.android.essay.joke/com.ss.android.message.sswo.SswoReceiver m=0x108000}]
05-26 14:04:57.307  2923  3245 I am_broadcast_discard_app: [0,155276696,android.intent.action.USER_PRESENT,75,ResolveInfo{4288f9c com.ss.android.essay.joke/com.taobao.accs.EventReceiver m=0x108000}]
05-26 14:04:57.308  2923  3245 I am_broadcast_discard_app: [0,155276696,android.intent.action.USER_PRESENT,76,ResolveInfo{faedda5 com.taobao.trip/com.taobao.accs.EventReceiver m=0x108000}]
05-26 14:04:57.309  2923  3245 I am_broadcast_discard_app: [0,155276696,android.intent.action.USER_PRESENT,77,ResolveInfo{79ad57a com.tencent.news/.push.alive.offactivity.OffScreenReceiver m=0x108000}]
05-26 14:04:57.310  2923  3245 I am_broadcast_discard_app: [0,155276696,android.intent.action.USER_PRESENT,78,ResolveInfo{54412b com.tencent.news/com.taobao.accs.EventReceiver m=0x108000}]
05-26 14:04:57.317  2923  4515 I am_broadcast_discard_app: [0,155276696,android.intent.action.USER_PRESENT,80,ResolveInfo{1fd0988 com.tudou.android/com.taobao.accs.EventReceiver m=0x108000}]
05-26 14:04:57.320  2923  3245 I am_broadcast_discard_app: [0,155276696,android.intent.action.USER_PRESENT,81,ResolveInfo{8d4af21 com.tuniu.app.ui/cn.jpush.android.service.PushReceiver m=0x108000}]
05-26 14:04:57.320  2923  3245 I am_broadcast_discard_app: [0,155276696,android.intent.action.USER_PRESENT,82,ResolveInfo{470cf46 com.wuba/com.igexin.sdk.PushReceiver m=0x108000}]
05-26 14:04:57.321  2923  3245 I am_broadcast_discard_app: [0,155276696,android.intent.action.USER_PRESENT,83,ResolveInfo{953c507 com.wuba.zhuanzhuan/com.igexin.sdk.PushReceiver m=0x108000}]
05-26 14:04:57.321  2923  3245 I am_broadcast_discard_app: [0,155276696,android.intent.action.USER_PRESENT,84,ResolveInfo{91d3634 com.ximalaya.ting.android/com.sina.util.dnscache.net.networktype.NetworkStateReceiver m=0x108000}]
05-26 14:04:57.322  2923  3245 I am_broadcast_discard_app: [0,155276696,android.intent.action.USER_PRESENT,85,ResolveInfo{82c1c5d com.yiche.price/com.taobao.accs.EventReceiver m=0x108000}]
05-26 14:04:57.323  2923  3245 I am_broadcast_discard_app: [0,155276696,android.intent.action.USER_PRESENT,86,ResolveInfo{85a99d2 com.yiche.price/io.rong.push.PushReceiver m=0x108000}]
05-26 14:04:57.323  2923  3245 I am_broadcast_discard_app: [0,155276696,android.intent.action.USER_PRESENT,87,ResolveInfo{3ddaaa3 me.ele/com.igexin.sdk.PushReceiver m=0x108000}]
05-26 14:04:57.324  2923  3245 I am_broadcast_discard_app: [0,155276696,android.intent.action.USER_PRESENT,88,ResolveInfo{c7181a0 sogou.mobile.explorer/com.sogou.udp.push.SystemReceiver m=0x108000}]
05-26 14:04:57.324  2923  3245 I am_broadcast_discard_app: [0,155276696,android.intent.action.USER_PRESENT,89,ResolveInfo{3932159 sogou.mobile.explorer/.push.PushBroadCastReceiver m=0x108000}]
05-26 14:04:57.325  2923  3245 I am_broadcast_discard_app: [0,155276696,android.intent.action.USER_PRESENT,92,ResolveInfo{da4811e sogou.mobile.explorer/com.taobao.accs.EventReceiver m=0x108000}]
05-26 14:04:57.326  2923  3245 I am_broadcast_discard_app: [0,155276696,android.intent.action.USER_PRESENT,93,ResolveInfo{9964dff wb.gc.xmxx.zxb/com.unicom.xiaowo.SecurityReceiver m=0x108000}]
05-26 14:04:58.529  2923  3245 I am_broadcast_discard_app: [0,266240659,android.net.wifi.RSSI_CHANGED,0,ResolveInfo{e3892d0 com.meelive.ingkee/.socketio.connection.internal.KAReceiver m=0x108000}]
05-26 14:04:58.530  2923  3245 I am_broadcast_discard_app: [0,266240659,android.net.wifi.RSSI_CHANGED,1,ResolveInfo{7b212c9 com.qq.ac.android/.receiver.BootReceiver m=0x108000}]
05-26 14:04:58.531  2923  3245 I am_broadcast_discard_app: [0,266240659,android.net.wifi.RSSI_CHANGED,2,ResolveInfo{9016dce com.sdu.didi.psnger/com.didi.sdk.receiver.WifiReceiver m=0x108000}]
05-26 14:04:58.595  2923  3243 I am_pss  : [23640,10203,com.eg.android.AlipayGphone:tools,19128320,14880768,0]
05-26 14:05:00.071  2923  3243 I am_pss  : [6935,10063,com.iqoo.secure:remote,36911104,35364864,0]
05-26 14:05:01.552  2923  3245 I am_broadcast_discard_app: [0,131853288,android.net.wifi.RSSI_CHANGED,0,ResolveInfo{7f45201 com.meelive.ingkee/.socketio.connection.internal.KAReceiver m=0x108000}]
05-26 14:05:01.552  2923  3245 I am_broadcast_discard_app: [0,131853288,android.net.wifi.RSSI_CHANGED,1,ResolveInfo{1c968a6 com.qq.ac.android/.receiver.BootReceiver m=0x108000}]
05-26 14:05:01.553  2923  3245 I am_broadcast_discard_app: [0,131853288,android.net.wifi.RSSI_CHANGED,2,ResolveInfo{70852e7 com.sdu.didi.psnger/com.didi.sdk.receiver.WifiReceiver m=0x108000}]
05-26 14:05:01.599  2923  3243 I am_pss  : [8046,10055,com.vivo.devicereg,47340544,46403584,0]
05-26 14:05:01.967  2923  2923 I free_storage_changed: 5267988480
05-26 14:05:04.580  2923  3245 I am_broadcast_discard_app: [0,127101234,android.net.wifi.RSSI_CHANGED,0,ResolveInfo{27d3683 com.meelive.ingkee/.socketio.connection.internal.KAReceiver m=0x108000}]
05-26 14:05:04.581  2923  3245 I am_broadcast_discard_app: [0,127101234,android.net.wifi.RSSI_CHANGED,1,ResolveInfo{23e5000 com.qq.ac.android/.receiver.BootReceiver m=0x108000}]
05-26 14:05:04.583  2923  3245 I am_broadcast_discard_app: [0,127101234,android.net.wifi.RSSI_CHANGED,2,ResolveInfo{e84039 com.sdu.didi.psnger/com.didi.sdk.receiver.WifiReceiver m=0x108000}]
05-26 14:05:07.338  2923 10358 I battery_status: [2,2,1,2,Li-ion]
05-26 14:05:07.380  2923  4658 I am_broadcast_discard_app: [0,233499786,android.intent.action.ACTION_POWER_CONNECTED,1,ResolveInfo{ed61f18 com.jingdong.app.mall/com.tencent.android.tpush.XGPushReceiver p=2147483647 m=0x108000}]
05-26 14:05:07.381  2923  3245 I am_broadcast_discard_app: [0,233499786,android.intent.action.ACTION_POWER_CONNECTED,2,ResolveInfo{334bd71 com.qq.ac.android/com.tencent.android.tpush.XGPushReceiver p=2147483647 m=0x108000}]
05-26 14:05:07.398  2923  3245 I am_broadcast_discard_app: [0,233499786,android.intent.action.ACTION_POWER_CONNECTED,3,ResolveInfo{5934756 wb.gc.xmxx.zxb/com.google.purchase.ModuleInit p=1000 m=0x108000}]
05-26 14:05:07.425  2923  3243 I am_pss  : [8757,10081,com.vivo.safecenter,10524672,9883648,0]
05-26 14:05:07.427  2923  3245 I am_wtf  : [0,2923,system_server,-1,KernelWakelockReader,neither /proc/wakelocks nor /d/wakeup_sources exists]
05-26 14:05:07.490  2923  3243 I am_pss  : [24327,10013,android.ext.services,4587520,2707456,0]
05-26 14:05:07.522  2923  4658 I am_broadcast_discard_app: [0,233499786,android.intent.action.ACTION_POWER_CONNECTED,8,ResolveInfo{ce8c673 com.anjuke.android.app/com.igexin.sdk.PushReceiver m=0x108000}]
05-26 14:05:07.522  2923  3245 I am_broadcast_discard_app: [0,233499786,android.intent.action.ACTION_POWER_CONNECTED,9,ResolveInfo{b85b930 com.cubic.autohome/com.igexin.sdk.PushReceiver m=0x108000}]
05-26 14:05:07.526  2923  3245 I am_broadcast_discard_app: [0,233499786,android.intent.action.ACTION_POWER_CONNECTED,10,ResolveInfo{17ca9a9 com.duowan.mobile/com.yy.mobile.backgroundprocess.processprotecter.BackgroundProcessBroadcastReveiver m=0x108000}]
05-26 14:05:07.527  2923  3245 I am_broadcast_discard_app: [0,233499786,android.intent.action.ACTION_POWER_CONNECTED,11,ResolveInfo{f7beb2e com.ganji.android/com.igexin.sdk.PushReceiver m=0x108000}]
05-26 14:05:07.528  2923  3245 I am_broadcast_discard_app: [0,233499786,android.intent.action.ACTION_POWER_CONNECTED,12,ResolveInfo{cff56cf com.gbits.atm.vivo/com.igexin.sdk.PushReceiver m=0x108000}]
05-26 14:05:07.528  2923  3245 I am_broadcast_discard_app: [0,233499786,android.intent.action.ACTION_POWER_CONNECTED,13,ResolveInfo{845385c com.husor.beibei/com.igexin.sdk.PushReceiver m=0x108000}]
05-26 14:05:07.529  2923  3245 I am_broadcast_discard_app: [0,233499786,android.intent.action.ACTION_POWER_CONNECTED,14,ResolveInfo{fcd3765 com.ifext.news/com.igexin.sdk.PushReceiver m=0x108000}]
05-26 14:05:07.530  2923  3245 I am_broadcast_discard_app: [0,233499786,android.intent.action.ACTION_POWER_CONNECTED,15,ResolveInfo{e5f8c3a com.iqianjin.client/com.igexin.sdk.PushReceiver m=0x108000}]
05-26 14:05:07.531  2923  3245 I am_broadcast_discard_app: [0,233499786,android.intent.action.ACTION_POWER_CONNECTED,16,ResolveInfo{a4490eb com.jm.android.jumei/com.igexin.sdk.PushReceiver m=0x108000}]
05-26 14:05:07.532  2923  3245 I am_broadcast_discard_app: [0,233499786,android.intent.action.ACTION_POWER_CONNECTED,17,ResolveInfo{41b7e48 com.meelive.ingkee/com.igexin.sdk.PushReceiver m=0x108000}]
05-26 14:05:07.533  2923  3245 I am_broadcast_discard_app: [0,233499786,android.intent.action.ACTION_POWER_CONNECTED,18,ResolveInfo{3dee4e1 com.mogujie/com.igexin.sdk.PushReceiver m=0x108000}]
05-26 14:05:07.533  2923  3245 I am_broadcast_discard_app: [0,233499786,android.intent.action.ACTION_POWER_CONNECTED,19,ResolveInfo{6aa3206 com.pplive.androidphone/io.rong.push.PushReceiver m=0x108000}]
05-26 14:05:07.534  2923  3245 I am_broadcast_discard_app: [0,233499786,android.intent.action.ACTION_POWER_CONNECTED,20,ResolveInfo{85950c7 com.qiyi.video/com.baidu.android.pushservice.PushServiceReceiver m=0x108000}]
05-26 14:05:07.535  2923  3245 I am_broadcast_discard_app: [0,233499786,android.intent.action.ACTION_POWER_CONNECTED,21,ResolveInfo{58e36f4 com.sohu.newsclient/.core.broadcast.ConnectionChangeReceiver m=0x108000}]
05-26 14:05:07.535  2923  3245 I am_broadcast_discard_app: [0,233499786,android.intent.action.ACTION_POWER_CONNECTED,22,ResolveInfo{703ee1d com.ss.android.article.news/com.ss.android.message.MessageReceiver m=0x108000}]
05-26 14:05:07.536  2923  3245 I am_broadcast_discard_app: [0,233499786,android.intent.action.ACTION_POWER_CONNECTED,23,ResolveInfo{6a76892 com.ss.android.essay.joke/com.ss.android.message.MessageReceiver m=0x108000}]
05-26 14:05:07.537  2923  3245 I am_broadcast_discard_app: [0,233499786,android.intent.action.ACTION_POWER_CONNECTED,24,ResolveInfo{a103263 com.tencent.mtt/.browser.push.service.ConnectivityReceiver m=0x108000}]
05-26 14:05:07.538  2923  3245 I am_broadcast_discard_app: [0,233499786,android.intent.action.ACTION_POWER_CONNECTED,25,ResolveInfo{3d1ce60 com.wuba/com.igexin.sdk.PushReceiver m=0x108000}]
05-26 14:05:07.538  2923  3245 I am_broadcast_discard_app: [0,233499786,android.intent.action.ACTION_POWER_CONNECTED,26,ResolveInfo{b764f19 com.wuba.zhuanzhuan/com.igexin.sdk.PushReceiver m=0x108000}]
05-26 14:05:07.539  2923  3245 I am_broadcast_discard_app: [0,233499786,android.intent.action.ACTION_POWER_CONNECTED,27,ResolveInfo{3cf7bde com.yiche.price/io.rong.push.PushReceiver m=0x108000}]
05-26 14:05:07.540  2923  3245 I am_broadcast_discard_app: [0,233499786,android.intent.action.ACTION_POWER_CONNECTED,28,ResolveInfo{2c991bf me.ele/com.igexin.sdk.PushReceiver m=0x108000}]
05-26 14:05:07.540  2923  3245 I am_broadcast_discard_app: [0,233499786,android.intent.action.ACTION_POWER_CONNECTED,29,ResolveInfo{2f5708c wb.gc.xmxx.zxb/com.google.purchase.RepeatReceiver m=0x108000}]
05-26 14:05:07.589  2923  4688 I am_broadcast_discard_app: [0,32635319,android.net.wifi.RSSI_CHANGED,0,ResolveInfo{8a74524 com.meelive.ingkee/.socketio.connection.internal.KAReceiver m=0x108000}]
05-26 14:05:07.590  2923  3245 I am_broadcast_discard_app: [0,32635319,android.net.wifi.RSSI_CHANGED,1,ResolveInfo{421988d com.qq.ac.android/.receiver.BootReceiver m=0x108000}]
05-26 14:05:07.593  2923  3245 I am_broadcast_discard_app: [0,32635319,android.net.wifi.RSSI_CHANGED,2,ResolveInfo{8d71a42 com.sdu.didi.psnger/com.didi.sdk.receiver.WifiReceiver m=0x108000}]
05-26 14:05:07.710  2923  2923 I notification_enqueue: [1000,2923,android,110110,NULL,0,Notification(pri=0 contentView=null vibrate=null sound=null tick defaults=0x0 flags=0x2 color=0xff607d8b vis=PUBLIC),0]
05-26 14:05:07.728  2923  2923 I notification_enqueue: [1000,2923,android,10011,NULL,0,Notification(pri=2 contentView=android/0x3030020 vibrate=null sound=null tick defaults=0x0 flags=0x2 color=0x00000000 vis=PUBLIC),0]
05-26 14:05:07.732  2923  3101 I notification_autogrouped: 0|android|110110|null|1000
05-26 14:05:07.733  2923  2923 I notification_enqueue: [1000,2923,android,2147483647,group_key_override,0,Notification(pri=0 contentView=null vibrate=null sound=null defaults=0x0 flags=0x700 color=0xff607d8b groupKey=ranker_bundle vis=PRIVATE),0]
05-26 14:05:07.737  2923 31160 I notification_autogrouped: 0|android|110110|null|1000
05-26 14:05:07.741  2923  4690 I notification_autogrouped: 0|android|110110|null|1000
05-26 14:05:07.747  2923 10358 I notification_autogrouped: 0|android|110110|null|1000
05-26 14:05:07.747  2923 10358 I notification_autogrouped: 0|android|10011|null|1000
05-26 14:05:07.901  2923  4692 I notification_expansion: [0|android|10011|null|1000,1,1,174,174,0]
05-26 14:05:09.317  2923  3243 I am_pss  : [24340,10136,com.tencent.reading:PushService,21549056,17866752,0]
05-26 14:05:10.612  2923  3245 I am_broadcast_discard_app: [0,250927777,android.net.wifi.RSSI_CHANGED,0,ResolveInfo{26454c6 com.meelive.ingkee/.socketio.connection.internal.KAReceiver m=0x108000}]
05-26 14:05:10.615  2923  3245 I am_broadcast_discard_app: [0,250927777,android.net.wifi.RSSI_CHANGED,1,ResolveInfo{db09c87 com.qq.ac.android/.receiver.BootReceiver m=0x108000}]
05-26 14:05:10.616  2923  3245 I am_broadcast_discard_app: [0,250927777,android.net.wifi.RSSI_CHANGED,2,ResolveInfo{b4df7b4 com.sdu.didi.psnger/com.didi.sdk.receiver.WifiReceiver m=0x108000}]
05-26 14:05:10.622  2923  3245 I am_broadcast_discard_app: [0,96532306,android.net.wifi.RSSI_CHANGED,0,ResolveInfo{9f07a23 com.meelive.ingkee/.socketio.connection.internal.KAReceiver m=0x108000}]
05-26 14:05:10.623  2923  3245 I am_broadcast_discard_app: [0,96532306,android.net.wifi.RSSI_CHANGED,1,ResolveInfo{aacdb20 com.qq.ac.android/.receiver.BootReceiver m=0x108000}]
05-26 14:05:10.624  2923  3245 I am_broadcast_discard_app: [0,96532306,android.net.wifi.RSSI_CHANGED,2,ResolveInfo{11d3cd9 com.sdu.didi.psnger/com.didi.sdk.receiver.WifiReceiver m=0x108000}]
05-26 14:05:10.969  4354  4354 I sysui_count: [panel_open,1]
05-26 14:05:11.048  4354  4354 I sysui_histogram: [note_load,11]
05-26 14:05:11.048  2923 10348 I notification_panel_revealed: 11
05-26 14:05:11.143  2923 10350 I notification_visibility: [0|com.android.bbkmusic|10001|null|10035,1,179650459,93280339,0,1]
05-26 14:05:11.643  2923 10349 I notification_visibility: [0|com.vivo.browser|2147483647|group_key_override|10025|ranker_bundle,1,165285492,165285492,0,7]
05-26 14:05:11.643  2923 10349 I notification_visibility: [0|com.android.bbklog|1|null|1000,1,10019129,10019129,0,6]
05-26 14:05:11.644  2923 10349 I notification_visibility: [0|android|2147483647|group_key_override|1000|ranker_bundle,1,3912,3912,0,2]
05-26 14:05:11.644  2923 10349 I notification_visibility: [0|com.android.bbklog|2147483647|group_key_override|1000|ranker_bundle,1,10019110,10019110,0,5]
05-26 14:05:11.644  2923 10349 I notification_visibility: [0|com.vivo.browser|20000000|null|10025,1,165285511,61069663,0,8]
05-26 14:05:11.644  2923 10349 I notification_visibility: [0|android|110110|null|1000,1,3934,3934,0,4]
05-26 14:05:11.644  2923 10349 I notification_visibility: [0|android|10011|null|1000,1,3917,3917,0,3]
05-26 14:05:12.164  2923  4569 I notification_visibility: [0|com.vivo.browser|2147483647|group_key_override|10025|ranker_bundle,0,165286013,165286013,0,7]
05-26 14:05:12.164  2923  4569 I notification_visibility: [0|com.android.bbklog|1|null|1000,0,10019650,10019650,0,6]
05-26 14:05:12.164  2923  4569 I notification_visibility: [0|android|2147483647|group_key_override|1000|ranker_bundle,0,4432,4432,0,2]
05-26 14:05:12.164  2923  4569 I notification_visibility: [0|com.android.bbklog|2147483647|group_key_override|1000|ranker_bundle,0,10019630,10019630,0,5]
05-26 14:05:12.164  2923  4569 I notification_visibility: [0|com.vivo.browser|20000000|null|10025,0,165286031,61070183,0,8]
05-26 14:05:12.164  2923  4569 I notification_visibility: [0|android|110110|null|1000,0,4454,4454,0,4]
05-26 14:05:12.164  2923  4569 I notification_visibility: [0|android|10011|null|1000,0,4437,4437,0,3]
05-26 14:05:12.264  2923 10343 I notification_visibility: [0|com.android.bbkmusic|10001|null|10035,0,179651579,93281459,0,1]
05-26 14:05:12.264  2923 10340 I notification_panel_hidden: []
05-26 14:05:13.643  2923  3245 I am_broadcast_discard_app: [0,94096789,android.net.wifi.RSSI_CHANGED,0,ResolveInfo{2381eaa com.meelive.ingkee/.socketio.connection.internal.KAReceiver m=0x108000}]
05-26 14:05:13.644  2923  3245 I am_broadcast_discard_app: [0,94096789,android.net.wifi.RSSI_CHANGED,1,ResolveInfo{cb90a9b com.qq.ac.android/.receiver.BootReceiver m=0x108000}]
05-26 14:05:13.646  2923  3245 I am_broadcast_discard_app: [0,94096789,android.net.wifi.RSSI_CHANGED,2,ResolveInfo{ae6ee38 com.sdu.didi.psnger/com.didi.sdk.receiver.WifiReceiver m=0x108000}]
05-26 14:05:14.718  2923  4690 I wm_task_moved: [258,1,13]
05-26 14:05:14.719  2923  4690 I am_create_activity: [0,76789111,258,com.tencent.mm/.plugin.sns.ui.En_424b8e16,NULL,NULL,NULL,0]
05-26 14:05:14.722  2923  4690 I wm_task_moved: [258,1,13]
05-26 14:05:14.739  2923  4690 I am_focused_activity: [0,com.tencent.mm/.plugin.sns.ui.En_424b8e16,startedActivity]
05-26 14:05:14.742  2923  4690 I am_pause_activity: [0,142576045,com.tencent.mm/.ui.LauncherUI]
05-26 14:05:14.865 20911 20911 I am_on_paused_called: [0,com.tencent.mm.ui.LauncherUI,handlePauseActivity]
05-26 14:05:14.873  2923 10351 I am_restart_activity: [0,76789111,258,com.tencent.mm/.plugin.sns.ui.En_424b8e16]
05-26 14:05:14.882  2923  3245 I sysui_count: [window_time_0,153]
05-26 14:05:15.606 20911 20911 I am_on_resume_called: [0,com.tencent.mm.plugin.sns.ui.En_424b8e16,LAUNCH_ACTIVITY]
05-26 14:05:15.899  2923  3420 I am_activity_launch_time: [0,76789111,com.tencent.mm/.plugin.sns.ui.En_424b8e16,1032,28997]
05-26 14:05:16.652  2923  3245 I am_broadcast_discard_app: [0,193182325,android.net.wifi.RSSI_CHANGED,0,ResolveInfo{5643a0a com.meelive.ingkee/.socketio.connection.internal.KAReceiver m=0x108000}]
05-26 14:05:16.656  2923  3245 I am_broadcast_discard_app: [0,193182325,android.net.wifi.RSSI_CHANGED,1,ResolveInfo{317f27b com.qq.ac.android/.receiver.BootReceiver m=0x108000}]
05-26 14:05:16.658  2923  3245 I am_broadcast_discard_app: [0,193182325,android.net.wifi.RSSI_CHANGED,2,ResolveInfo{335e898 com.sdu.didi.psnger/com.didi.sdk.receiver.WifiReceiver m=0x108000}]
05-26 14:05:18.883  2923 10347 I am_stop_activity: [0,142576045,com.tencent.mm/.ui.LauncherUI]
05-26 14:05:18.891 20911 20911 I am_on_stop_called: [0,com.tencent.mm.ui.LauncherUI,handleStopActivity]
05-26 14:05:18.912   513   513 I sf_frame_dur: [com.tencent.mm/com.tencent.mm.ui.LauncherUI,50,3,4,5,5,4,6]
05-26 14:05:18.951  2923  3243 I am_pss  : [14205,10133,com.tencent.mm:push,28454912,26402816,0]
05-26 14:05:19.306  2923  4432 I am_finish_activity: [0,76789111,258,com.tencent.mm/.plugin.sns.ui.En_424b8e16,app-request]
05-26 14:05:19.308  2923  4432 I wm_task_moved: [258,1,13]
05-26 14:05:19.319  2923  4432 I am_focused_activity: [0,com.tencent.mm/.ui.LauncherUI,finishActivity adjustFocus]
05-26 14:05:19.319  2923  4432 I am_pause_activity: [0,76789111,com.tencent.mm/.plugin.sns.ui.En_424b8e16]
05-26 14:05:19.333 20911 20911 I am_on_paused_called: [0,com.tencent.mm.plugin.sns.ui.En_424b8e16,handlePauseActivity]
05-26 14:05:19.344  2923  4665 I am_resume_activity: [0,142576045,258,com.tencent.mm/.ui.LauncherUI]
05-26 14:05:19.357  2923  3245 I sysui_count: [window_time_0,4]
05-26 14:05:19.492 20911 20911 I am_on_resume_called: [0,com.tencent.mm.ui.LauncherUI,RESUME_ACTIVITY]
05-26 14:05:19.661  2923  3245 I am_broadcast_discard_app: [0,193411514,android.net.wifi.RSSI_CHANGED,0,ResolveInfo{c06706b com.meelive.ingkee/.socketio.connection.internal.KAReceiver m=0x108000}]
05-26 14:05:19.662  2923  3245 I am_broadcast_discard_app: [0,193411514,android.net.wifi.RSSI_CHANGED,1,ResolveInfo{2c0a7c8 com.qq.ac.android/.receiver.BootReceiver m=0x108000}]
05-26 14:05:19.662  2923  3245 I am_broadcast_discard_app: [0,193411514,android.net.wifi.RSSI_CHANGED,2,ResolveInfo{bd69061 com.sdu.didi.psnger/com.didi.sdk.receiver.WifiReceiver m=0x108000}]
05-26 14:05:19.667  2923  3245 I am_broadcast_discard_app: [0,18458695,android.net.wifi.RSSI_CHANGED,0,ResolveInfo{71c7874 com.meelive.ingkee/.socketio.connection.internal.KAReceiver m=0x108000}]
05-26 14:05:19.668  2923  3245 I am_broadcast_discard_app: [0,18458695,android.net.wifi.RSSI_CHANGED,1,ResolveInfo{18ad19d com.qq.ac.android/.receiver.BootReceiver m=0x108000}]
05-26 14:05:19.671  2923  3245 I am_broadcast_discard_app: [0,18458695,android.net.wifi.RSSI_CHANGED,2,ResolveInfo{674612 com.sdu.didi.psnger/com.didi.sdk.receiver.WifiReceiver m=0x108000}]
05-26 14:05:19.894  2923  3245 I am_destroy_activity: [0,76789111,258,com.tencent.mm/.plugin.sns.ui.En_424b8e16,finish-imm]
