05-11 16:40:00.037  3843  3843 I notification_enqueue: [10064,5143,com.bbk.iqoo.logsystem,3,NULL,0,Notification(pri=-2 contentView=com.bbk.iqoo.logsystem/0x3030028 vibrate=null sound=null defaults=0x0 flags=0x40 color=0xff607d8b vis=PRIVATE),1]
05-11 16:40:00.060  3843  8737 I notification_autogrouped: 0|com.bbk.iqoo.logsystem|3|null|10064
05-11 16:40:00.061  3843 21045 I notification_autogrouped: 0|com.bbk.iqoo.logsystem|3|null|10064
05-11 16:40:00.149  3843  3881 I am_pss  : [3843,1000,system,162982912,158347264,0]
05-11 16:40:00.188  3843  3881 I am_pss  : [4538,10024,com.android.systemui,98960384,92176384,0]
05-11 16:40:00.219  3843  3881 I am_pss  : [18945,10156,com.netease.cloudmusic,112205824,102293504,0]
05-11 16:40:00.233  3843  3881 I am_pss  : [5814,1000,com.vivo.doubleinstance,5619712,5128192,0]
05-11 16:40:00.249  3843  3881 I am_pss  : [19617,10089,com.vlife.vivo.wallpaper:main,8610816,7163904,0]
05-11 16:40:00.265  3843  3881 I am_pss  : [30045,10002,android.process.acore,32490496,31567872,0]
05-11 16:40:00.280  3843  3881 I am_pss  : [30217,10045,com.vivo.weather.provider,11784192,9883648,0]
05-11 16:40:00.294  3843  3881 I am_pss  : [18696,10077,com.android.printspooler,3740672,2633728,0]
05-11 16:40:00.308  3843  3881 I am_pss  : [5718,10071,com.oma.drm.server,5099520,4673536,0]
05-11 16:40:00.323  3843  3881 I am_pss  : [5704,10017,com.baidu.map.location,15720448,14348288,0]
05-11 16:40:00.337  3843  3881 I am_pss  : [5692,1001,com.qualcomm.qti.loadcarrier,4708352,4284416,0]
05-11 16:40:00.352  3843  3881 I am_pss  : [5678,1000,com.alps.lcn,7508992,6623232,0]
05-11 16:40:00.368  3843  3881 I am_pss  : [5666,1000,com.vivo.abe,26703872,25526272,0]
05-11 16:40:00.391  3843  3881 I am_pss  : [4805,1001,com.android.phone,42934272,41123840,0]
05-11 16:40:00.414  3843  3881 I am_pss  : [3494,1000,com.vivo.upslide,92644352,89858048,0]
05-11 16:40:00.428  3843  3881 I am_pss  : [4769,1000,com.android.server.telecom,11990016,10215424,0]
05-11 16:40:00.444  3843  3881 I am_pss  : [4758,1000,.dataservices,8758272,8232960,0]
05-11 16:40:00.462  3843  3881 I am_pss  : [4700,1000,com.vivo.daemonService,24483840,22753280,0]
05-11 16:40:01.292  3843  3882 I am_broadcast_discard_app: [0,91784938,android.intent.action.PHONE_STATE,0,ResolveInfo{68eddb com.autonavi.minimap/.app.WakeupReceiver m=0x108000}]
05-11 16:40:01.293  3843  3882 I am_broadcast_discard_app: [0,91784938,android.intent.action.PHONE_STATE,1,ResolveInfo{7883078 com.baidu.netdisk/.p2pshare.PhoneStateReceiver m=0x108000}]
05-11 16:40:01.318  3843  3881 I am_pss  : [32096,10018,com.vivo.numbermark,3875840,2879488,0]
05-11 16:40:01.338  3843  4831 I am_broadcast_discard_app: [0,91784938,android.intent.action.PHONE_STATE,3,ResolveInfo{8916351 com.sohu.sohuvideo/com.sohuvideo.qfsdk.receiver.PhoneStateReceiver m=0x108000}]
05-11 16:40:01.400  3843 21044 I am_wtf  : [0,3843,system_server,-1,ActivityManager,Sending non-protected broadcast com.android.contacts.ACTION_TIMES_CONTACTED_UPDATED from system 4769:com.android.server.telecom/1000 pkg com.android.server.telecom]
05-11 16:40:01.401  3843 21044 I am_wtf  : [0,3843,system_server,-1,ActivityManager,Sending non-protected broadcast com.android.contacts.ACTION_TIMES_CONTACTED_UPDATED from system 4769:com.android.server.telecom/1000 pkg com.android.server.telecom]
05-11 16:40:01.503  3843  3882 I am_proc_start: [0,19957,10002,com.android.calllogbackup,broadcast,com.android.calllogbackup/.CallLogChangeReceiver]
05-11 16:40:01.524  3843  4786 I am_proc_bound: [0,19957,com.android.calllogbackup]
05-11 16:40:01.739  3843  8736 I stream_devices_changed: [2,1,2]
05-11 16:40:01.741  3843  8736 I stream_devices_changed: [4,1,2]
05-11 16:40:01.747  3843  8736 I stream_devices_changed: [3,1,2]
05-11 16:40:01.774  3843  3843 I notification_enqueue: [10156,18982,com.netease.cloudmusic,1,NULL,0,Notification(pri=2 contentView=com.netease.cloudmusic/0x7f0301ee vibrate=null sound=null tick defaults=0x0 flags=0x42 color=0x00000000 vis=PUBLIC),1]
05-11 16:40:01.783  3843 21037 I notification_autogrouped: 0|com.netease.cloudmusic|1|null|10156
05-11 16:40:01.784  3843 21047 I notification_autogrouped: 0|com.netease.cloudmusic|1|null|10156
05-11 16:40:02.194  4805  4805 I gsm_service_state_change: [0,1,0,0]
05-11 16:40:02.194  4805  4805 I gsm_rat_switched_new: [172798721,16,14]
05-11 16:40:02.207  3843  8736 I am_wtf  : [0,3843,system_server,-1,ActivityManager,Sending non-protected broadcast com.vivo.ewarranty.action.PHONE_STATE_CHANGED from system 4700:com.vivo.daemonService/1000 pkg com.vivo.daemonService]
05-11 16:40:02.208  3843  8736 I am_wtf  : [0,3843,system_server,-1,ActivityManager,Sending non-protected broadcast com.vivo.ewarranty.action.PHONE_STATE_CHANGED from system 4700:com.vivo.daemonService/1000 pkg com.vivo.daemonService]
05-11 16:40:02.256  3843  4225 I netstats_mobile_sample: [109426446,96887,5091111,60848,109426142,96880,4605125,60849,109426142,96880,4609665,60922,1494492002258]
05-11 16:40:02.257  3843  4225 I netstats_wifi_sample: [23731889108,16403154,577439864,8391070,23731767314,16398432,459963783,8390877,23731695072,16398027,459968319,8390952,1494492002258]
05-11 16:40:02.275  3843  4812 I am_wtf  : [0,3843,system_server,-1,ActivityManager,Sending non-protected broadcast com.vivo.ewarranty.action.PHONE_STATE_CHANGED from system 4700:com.vivo.daemonService/1000 pkg com.vivo.daemonService]
05-11 16:40:02.276  3843  4812 I am_wtf  : [0,3843,system_server,-1,ActivityManager,Sending non-protected broadcast com.vivo.ewarranty.action.PHONE_STATE_CHANGED from system 4700:com.vivo.daemonService/1000 pkg com.vivo.daemonService]
05-11 16:40:02.328  3843 21036 I am_wtf  : [0,3843,system_server,-1,ActivityManager,Sending non-protected broadcast com.vivo.ewarranty.action.PHONE_STATE_CHANGED from system 4700:com.vivo.daemonService/1000 pkg com.vivo.daemonService]
05-11 16:40:02.329  3843 21036 I am_wtf  : [0,3843,system_server,-1,ActivityManager,Sending non-protected broadcast com.vivo.ewarranty.action.PHONE_STATE_CHANGED from system 4700:com.vivo.daemonService/1000 pkg com.vivo.daemonService]
05-11 16:40:02.401  3843  4699 I am_wtf  : [0,3843,system_server,-1,ActivityManager,Sending non-protected broadcast com.vivo.ewarranty.action.PHONE_STATE_CHANGED from system 4700:com.vivo.daemonService/1000 pkg com.vivo.daemonService]
05-11 16:40:02.402  3843  4699 I am_wtf  : [0,3843,system_server,-1,ActivityManager,Sending non-protected broadcast com.vivo.ewarranty.action.PHONE_STATE_CHANGED from system 4700:com.vivo.daemonService/1000 pkg com.vivo.daemonService]
05-11 16:40:02.474  3843  3865 I am_broadcast_discard_app: [0,107202826,android.net.conn.CONNECTIVITY_CHANGE,0,ResolveInfo{779d57b com.eg.android.AlipayGphone/com.alipay.pushsdk.BroadcastActionReceiver p=2147483647 m=0x108000}]
05-11 16:40:02.475  3843  3882 I am_broadcast_discard_app: [0,107202826,android.net.conn.CONNECTIVITY_CHANGE,1,ResolveInfo{60d8f98 com.jingdong.app.mall/com.tencent.android.tpush.XGPushReceiver p=2147483647 m=0x108000}]
05-11 16:40:02.478  3843  3882 I am_broadcast_discard_app: [0,107202826,android.net.conn.CONNECTIVITY_CHANGE,2,ResolveInfo{d16a3f1 com.qq.ac.android/com.tencent.android.tpush.XGPushReceiver p=2147483647 m=0x108000}]
05-11 16:40:02.480  3843  3882 I am_broadcast_discard_app: [0,107202826,android.net.conn.CONNECTIVITY_CHANGE,3,ResolveInfo{5180d44 com.sina.news/.receiver.ConnectivityReceiver p=2147483647 m=0x108000}]
05-11 16:40:02.483  3843  3882 I am_broadcast_discard_app: [0,107202826,android.net.conn.CONNECTIVITY_CHANGE,4,ResolveInfo{fbc6f62 com.tencent.news/.system.MonitorServiceReceiver p=2147483647 m=0x108000}]
05-11 16:40:02.535  3843 21047 I am_broadcast_discard_app: [0,107202826,android.net.conn.CONNECTIVITY_CHANGE,7,ResolveInfo{f86b14f cn.wps.moffice_eng/com.xiaomi.push.service.receivers.NetworkStatusReceiver m=0x108000}]
05-11 16:40:02.536  3843  3882 I am_broadcast_discard_app: [0,107202826,android.net.conn.CONNECTIVITY_CHANGE,8,ResolveInfo{ac255e5 cn.wps.moffice_eng/cn.wps.moffice.service.receivers.MonitorServiceReceiver m=0x108000}]
05-11 16:40:02.536  3843  3882 I am_broadcast_discard_app: [0,107202826,android.net.conn.CONNECTIVITY_CHANGE,9,ResolveInfo{f0888ba com.changba/com.xiaomi.push.service.receivers.NetworkStatusReceiver m=0x108000}]
05-11 16:40:02.540  3843 21047 I am_broadcast_discard_app: [0,107202826,android.net.conn.CONNECTIVITY_CHANGE,11,ResolveInfo{a27136b com.duowan.kiwi/com.xiaomi.push.service.receivers.NetworkStatusReceiver m=0x108000}]
05-11 16:40:02.541  3843  3882 I am_broadcast_discard_app: [0,107202826,android.net.conn.CONNECTIVITY_CHANGE,12,ResolveInfo{a500ec8 com.eg.android.AlipayGphone/com.xiaomi.push.service.receivers.NetworkStatusReceiver m=0x108000}]
05-11 16:40:02.542  3843  3882 I am_broadcast_discard_app: [0,107202826,android.net.conn.CONNECTIVITY_CHANGE,13,ResolveInfo{f476b61 com.ganji.android/com.xiaomi.push.service.receivers.NetworkStatusReceiver m=0x108000}]
05-11 16:40:02.552  3843 21044 I am_broadcast_discard_app: [0,107202826,android.net.conn.CONNECTIVITY_CHANGE,15,ResolveInfo{5bb4f74 com.jingdong.app.mall/com.xiaomi.push.service.receivers.NetworkStatusReceiver m=0x108000}]
05-11 16:40:02.555  3843  3882 I am_broadcast_discard_app: [0,107202826,android.net.conn.CONNECTIVITY_CHANGE,16,ResolveInfo{aae5c9d com.jm.android.jumei/com.xiaomi.push.service.receivers.NetworkStatusReceiver m=0x108000}]
05-11 16:40:02.555  3843  3882 I am_broadcast_discard_app: [0,107202826,android.net.conn.CONNECTIVITY_CHANGE,17,ResolveInfo{ae37512 com.juanpi.ui/com.xiaomi.push.service.receivers.NetworkStatusReceiver m=0x108000}]
05-11 16:40:02.570  3843 21048 I am_broadcast_discard_app: [0,107202826,android.net.conn.CONNECTIVITY_CHANGE,19,ResolveInfo{e7084e3 com.qq.ac.android/com.xiaomi.push.service.receivers.NetworkStatusReceiver m=0x108000}]
05-11 16:40:02.571  3843  3882 I am_broadcast_discard_app: [0,107202826,android.net.conn.CONNECTIVITY_CHANGE,20,ResolveInfo{8f7eee0 com.sina.news/com.xiaomi.push.service.receivers.NetworkStatusReceiver m=0x108000}]
05-11 16:40:02.573  3843  3882 I am_broadcast_discard_app: [0,107202826,android.net.conn.CONNECTIVITY_CHANGE,22,ResolveInfo{d992599 com.ss.android.article.news/com.xiaomi.push.service.receivers.NetworkStatusReceiver m=0x108000}]
05-11 16:40:02.574  3843  3882 I am_broadcast_discard_app: [0,107202826,android.net.conn.CONNECTIVITY_CHANGE,23,ResolveInfo{ffd05e com.ss.android.article.video/com.xiaomi.push.service.receivers.NetworkStatusReceiver m=0x108000}]
05-11 16:40:02.574  3843  3882 I am_broadcast_discard_app: [0,107202826,android.net.conn.CONNECTIVITY_CHANGE,24,ResolveInfo{51c8c3f com.ss.android.essay.joke/com.xiaomi.push.service.receivers.NetworkStatusReceiver m=0x108000}]
05-11 16:40:02.575  3843  3882 I am_broadcast_discard_app: [0,107202826,android.net.conn.CONNECTIVITY_CHANGE,25,ResolveInfo{79d190c com.wepie.snake.vivo/com.xiaomi.push.service.receivers.NetworkStatusReceiver m=0x108000}]
05-11 16:40:02.595  3843 21048 I am_broadcast_discard_app: [0,107202826,android.net.conn.CONNECTIVITY_CHANGE,27,ResolveInfo{5f4946a com.xunlei.downloadprovider/com.xiaomi.push.service.receivers.NetworkStatusReceiver m=0x108000}]
05-11 16:40:02.630  3843  3882 I am_broadcast_discard_app: [0,107202826,android.net.conn.CONNECTIVITY_CHANGE,40,ResolveInfo{759c437 air.tv.douyu.android/tv.douyu.framework.broadcast.ConnectionActionReceiver m=0x108000}]
05-11 16:40:02.637  3843  3882 I am_broadcast_discard_app: [0,107202826,android.net.conn.CONNECTIVITY_CHANGE,41,ResolveInfo{48b7da4 air.tv.douyu.android/com.taobao.accs.EventReceiver m=0x108000}]
05-11 16:40:02.641  3843  3882 I am_broadcast_discard_app: [0,107202826,android.net.conn.CONNECTIVITY_CHANGE,42,ResolveInfo{d4d010 cn.wps.moffice_eng/com.igexin.sdk.PushReceiver m=0x108000}]
05-11 16:40:02.642  3843  3882 I am_broadcast_discard_app: [0,107202826,android.net.conn.CONNECTIVITY_CHANGE,43,ResolveInfo{e61a709 com.Qunar/com.igexin.sdk.PushReceiver m=0x108000}]
05-11 16:40:02.643  3843  3882 I am_broadcast_discard_app: [0,107202826,android.net.conn.CONNECTIVITY_CHANGE,44,ResolveInfo{a6f0d0e com.audiocn.kalaok/com.audiocn.karaoke.phone.notification.NotificationReceiver m=0x108000}]
05-11 16:40:02.645  3843  3882 I am_broadcast_discard_app: [0,107202826,android.net.conn.CONNECTIVITY_CHANGE,45,ResolveInfo{4f4aac5 com.audiocn.kalaok/com.igexin.sdk.PushReceiver m=0x108000}]
05-11 16:40:02.646  3843  3882 I am_broadcast_discard_app: [0,107202826,android.net.conn.CONNECTIVITY_CHANGE,46,ResolveInfo{192ec1a com.audiocn.kalaok/com.igexin.download.DownloadReceiver m=0x108000}]
05-11 16:40:02.647  3843  3882 I am_broadcast_discard_app: [0,107202826,android.net.conn.CONNECTIVITY_CHANGE,47,ResolveInfo{59aa34b com.audiocn.kalaok/com.taobao.accs.EventReceiver m=0x108000}]
05-11 16:40:02.651  3843  3882 I am_broadcast_discard_app: [0,107202826,android.net.conn.CONNECTIVITY_CHANGE,48,ResolveInfo{8e3afe6 com.autonavi.minimap/.app.WakeupReceiver m=0x108000}]
05-11 16:40:02.657  3843  3882 I am_broadcast_discard_app: [0,107202826,android.net.conn.CONNECTIVITY_CHANGE,49,ResolveInfo{87a6d7d com.autonavi.minimap/com.taobao.accs.EventReceiver m=0x108000}]
05-11 16:40:02.661  3843  3882 I am_broadcast_discard_app: [0,107202826,android.net.conn.CONNECTIVITY_CHANGE,50,ResolveInfo{52ae472 com.baidu.BaiduMap/com.baidu.android.pushservice.PushServiceReceiver m=0x108000}]
05-11 16:40:02.661  3843  3882 I am_broadcast_discard_app: [0,107202826,android.net.conn.CONNECTIVITY_CHANGE,51,ResolveInfo{70a30c3 com.baidu.BaiduMap/com.baidu.mapframework.component3.update.ComUpdateReceiver m=0x108000}]
05-11 16:40:02.662  3843  3882 I am_broadcast_discard_app: [0,107202826,android.net.conn.CONNECTIVITY_CHANGE,52,ResolveInfo{9c56479 com.baidu.netdisk/com.baidu.android.pushservice.PushServiceReceiver m=0x108000}]
05-11 16:40:02.663  3843  3882 I am_broadcast_discard_app: [0,107202826,android.net.conn.CONNECTIVITY_CHANGE,53,ResolveInfo{c3ed5be com.baidu.netdisk/.device.devicesecurity.DSBootCompleteReceiver m=0x108000}]
05-11 16:40:02.665  3843  3882 I am_broadcast_discard_app: [0,107202826,android.net.conn.CONNECTIVITY_CHANGE,54,ResolveInfo{b3ef53b com.baidu.netdisk/com.baidu.cyberplayer.dlna.NetworkChangeReceiver m=0x108000}]
05-11 16:40:02.667  3843  3882 I am_broadcast_discard_app: [0,107202826,android.net.conn.CONNECTIVITY_CHANGE,55,ResolveInfo{46dde96 com.baidu.news/.offline.timer.OfflineTimerReceiver m=0x108000}]
05-11 16:40:02.668  3843  3882 I am_broadcast_discard_app: [0,107202826,android.net.conn.CONNECTIVITY_CHANGE,56,ResolveInfo{a9daa17 com.baidu.news/com.baidu.android.pushservice.PushServiceReceiver m=0x108000}]
05-11 16:40:02.669  3843  3882 I am_broadcast_discard_app: [0,107202826,android.net.conn.CONNECTIVITY_CHANGE,61,ResolveInfo{3be9e04 com.changba/.reciver.NetWorkStateReceiver m=0x108000}]
05-11 16:40:02.669  3843  3882 I am_broadcast_discard_app: [0,107202826,android.net.conn.CONNECTIVITY_CHANGE,62,ResolveInfo{766afed com.changba/com.ixintui.push.Receiver m=0x108000}]
05-11 16:40:02.670  3843  3882 I am_broadcast_discard_app: [0,107202826,android.net.conn.CONNECTIVITY_CHANGE,63,ResolveInfo{c8d0b3 com.changba/com.taobao.accs.EventReceiver m=0x108000}]
05-11 16:40:02.759  3843  4699 I am_broadcast_discard_app: [0,107202826,android.net.conn.CONNECTIVITY_CHANGE,67,ResolveInfo{a879034 com.dianping.v1/com.dianping.base.push.pushservice.PhoneStatusReceiver m=0x108000}]
05-11 16:40:02.764  3843  3882 I am_broadcast_discard_app: [0,107202826,android.net.conn.CONNECTIVITY_CHANGE,68,ResolveInfo{5e06e5d com.duowan.kiwi/com.duowan.ark.module.NetworkReceiver m=0x108000}]
05-11 16:40:02.764  3843  3882 I am_broadcast_discard_app: [0,107202826,android.net.conn.CONNECTIVITY_CHANGE,69,ResolveInfo{b1d83d2 com.duowan.kiwi/com.yy.pushsvc.WakeUpReceiver m=0x108000}]
05-11 16:40:02.765  3843  3882 I am_broadcast_discard_app: [0,107202826,android.net.conn.CONNECTIVITY_CHANGE,70,ResolveInfo{274ca3 com.ganji.android/com.ganji.im.receiver.NetworkStateBroadcastReceiver m=0x108000}]
05-11 16:40:02.768  3843  3882 I am_broadcast_discard_app: [0,107202826,android.net.conn.CONNECTIVITY_CHANGE,71,ResolveInfo{3277ba0 com.ganji.android/com.common.gmacs.receiver.NetworkStateReceiver m=0x108000}]
05-11 16:40:02.769  3843  3882 I am_broadcast_discard_app: [0,107202826,android.net.conn.CONNECTIVITY_CHANGE,72,ResolveInfo{d3a9359 com.ganji.android/com.wuba.wmdalite.manager.NetInfoChangeReceiver m=0x108000}]
05-11 16:40:02.770  3843  3882 I am_broadcast_discard_app: [0,107202826,android.net.conn.CONNECTIVITY_CHANGE,73,ResolveInfo{aac0b1e com.ganji.android/com.igexin.sdk.PushReceiver m=0x108000}]
05-11 16:40:02.771  3843  3882 I am_broadcast_discard_app: [0,107202826,android.net.conn.CONNECTIVITY_CHANGE,74,ResolveInfo{dd80fff com.ganji.android/com.igexin.download.DownloadReceiver m=0x108000}]
05-11 16:40:02.834  3843  5752 I am_broadcast_discard_app: [0,107202826,android.net.conn.CONNECTIVITY_CHANGE,78,ResolveInfo{c09bb2a com.jingdong.app.mall/com.huawei.android.pushagent.PushBootReceiver m=0x108000}]
05-11 16:40:02.836  3843  3882 I am_broadcast_discard_app: [0,107202826,android.net.conn.CONNECTIVITY_CHANGE,79,ResolveInfo{3a7ad1b com.jm.android.jumei/.ConnectivityReceiver m=0x108000}]
05-11 16:40:02.839  3843  3882 I am_broadcast_discard_app: [0,107202826,android.net.conn.CONNECTIVITY_CHANGE,80,ResolveInfo{5e05ff6 com.jm.android.jumei/com.tencent.msdk.dns.HttpDnsCache$ConnectivityChangeReceiver m=0x108000}]
05-11 16:40:02.840  3843  3882 I am_broadcast_discard_app: [0,107202826,android.net.conn.CONNECTIVITY_CHANGE,81,ResolveInfo{c09fff7 com.jm.android.jumei/com.igexin.sdk.PushReceiver m=0x108000}]
05-11 16:40:02.841  3843  3882 I am_broadcast_discard_app: [0,107202826,android.net.conn.CONNECTIVITY_CHANGE,82,ResolveInfo{c496e64 com.jm.android.jumei/com.igexin.download.DownloadReceiver m=0x108000}]
05-11 16:40:02.842  3843  3882 I am_broadcast_discard_app: [0,107202826,android.net.conn.CONNECTIVITY_CHANGE,83,ResolveInfo{daa8582 com.jm.android.jumei/cn.jpush.android.service.PushReceiver m=0x108000}]
05-11 16:40:02.844  3843  3882 I am_broadcast_discard_app: [0,107202826,android.net.conn.CONNECTIVITY_CHANGE,84,ResolveInfo{ad4a493 com.jm.android.jumei/.push.JMAliReceiver m=0x108000}]
05-11 16:40:02.845  3843  3882 I am_broadcast_discard_app: [0,107202826,android.net.conn.CONNECTIVITY_CHANGE,85,ResolveInfo{3610cd0 com.jm.android.jumei/com.tencent.qalsdk.core.NetConnInfoCenter m=0x108000}]
05-11 16:40:02.846  3843  3882 I am_broadcast_discard_app: [0,107202826,android.net.conn.CONNECTIVITY_CHANGE,86,ResolveInfo{b1a04c9 com.jm.android.jumei/com.taobao.accs.EventReceiver m=0x108000}]
05-11 16:40:02.847  3843  3882 I am_broadcast_discard_app: [0,107202826,android.net.conn.CONNECTIVITY_CHANGE,87,ResolveInfo{3ff77ce com.jm.android.jumei/com.jm.android.jmconnection.receiver.JMConnectionChangeReceiver m=0x108000}]
05-11 16:40:02.849  3843  3882 I am_broadcast_discard_app: [0,107202826,android.net.conn.CONNECTIVITY_CHANGE,88,ResolveInfo{19af6ef com.juanpi.ui/.push.receiver.JPPushReceiver m=0x108000}]
05-11 16:40:02.850  3843  3882 I am_broadcast_discard_app: [0,107202826,android.net.conn.CONNECTIVITY_CHANGE,89,ResolveInfo{21225fc com.juanpi.ui/com.tencent.qalsdk.core.NetConnInfoCenter m=0x108000}]
05-11 16:40:02.852  3843  3882 I am_broadcast_discard_app: [0,107202826,android.net.conn.CONNECTIVITY_CHANGE,90,ResolveInfo{6352485 com.juanpi.ui/com.igexin.sdk.PushReceiver m=0x108000}]
05-11 16:40:02.852  3843  3882 I am_broadcast_discard_app: [0,107202826,android.net.conn.CONNECTIVITY_CHANGE,91,ResolveInfo{99f42da com.juanpi.ui/com.igexin.download.DownloadReceiver m=0x108000}]
05-11 16:40:02.853  3843  3882 I am_broadcast_discard_app: [0,107202826,android.net.conn.CONNECTIVITY_CHANGE,92,ResolveInfo{dca130b com.le123.ysdq/cn.jpush.android.service.PushReceiver m=0x108000}]
05-11 16:40:02.854  3843  3882 I am_broadcast_discard_app: [0,107202826,android.net.conn.CONNECTIVITY_CHANGE,93,ResolveInfo{659a5e8 com.le123.ysdq/com.elinkway.infinitemovies.download.DownloadBroadcastReceiver m=0x108000}]
05-11 16:40:02.855  3843  3882 I am_broadcast_discard_app: [0,107202826,android.net.conn.CONNECTIVITY_CHANGE,99,ResolveInfo{e288401 com.meitu.meipaimv/com.igexin.sdk.PushReceiver m=0x108000}]
05-11 16:40:02.856  3843  3882 I am_broadcast_discard_app: [0,107202826,android.net.conn.CONNECTIVITY_CHANGE,100,ResolveInfo{93eb2a6 com.meitu.meipaimv/.ConnectStateReceiver m=0x108000}]
05-11 16:40:02.857  3843  3882 I am_broadcast_discard_app: [0,107202826,android.net.conn.CONNECTIVITY_CHANGE,101,ResolveInfo{c84d4e7 com.meitu.meipaimv/com.igexin.download.DownloadReceiver m=0x108000}]
05-11 16:40:02.857  3843  3882 I am_broadcast_discard_app: [0,107202826,android.net.conn.CONNECTIVITY_CHANGE,102,ResolveInfo{f173894 com.meitu.meiyancamera/com.igexin.sdk.PushReceiver m=0x108000}]
05-11 16:40:02.858  3843  3882 I am_broadcast_discard_app: [0,107202826,android.net.conn.CONNECTIVITY_CHANGE,103,ResolveInfo{6985f3d com.meitu.meiyancamera/com.igexin.download.DownloadReceiver m=0x108000}]
05-11 16:40:02.859  3843  3882 I am_broadcast_discard_app: [0,107202826,android.net.conn.CONNECTIVITY_CHANGE,104,ResolveInfo{2135332 com.meitu.meiyancamera/com.meitu.mtbusinesskitlibcore.network.MtbNetworkStateReceiver m=0x108000}]
05-11 16:40:02.862  3843  3882 I am_broadcast_discard_app: [0,107202826,android.net.conn.CONNECTIVITY_CHANGE,105,ResolveInfo{3fd883 com.mogujie/com.igexin.sdk.PushReceiver m=0x108000}]
05-11 16:40:02.863  3843  3882 I am_broadcast_discard_app: [0,107202826,android.net.conn.CONNECTIVITY_CHANGE,106,ResolveInfo{7794a00 com.mogujie/com.minicooper.dns.UpdateDnsReceiver m=0x108000}]
05-11 16:40:02.866  3843  3882 I am_broadcast_discard_app: [0,107202826,android.net.conn.CONNECTIVITY_CHANGE,107,ResolveInfo{f30b239 com.mogujie/com.squareup.picasso.NetReceiver m=0x108000}]
05-11 16:40:02.867  3843  3882 I am_broadcast_discard_app: [0,107202826,android.net.conn.CONNECTIVITY_CHANGE,108,ResolveInfo{f1f707e com.mogujie/com.tencent.qalsdk.core.NetConnInfoCenter m=0x108000}]
05-11 16:40:02.869  3843  3882 I am_broadcast_discard_app: [0,107202826,android.net.conn.CONNECTIVITY_CHANGE,112,ResolveInfo{41d79df com.sankuai.meituan.takeoutnew/com.dianping.base.push.pushservice.PhoneStatusReceiver m=0x108000}]
05-11 16:40:02.873  3843  3882 I am_broadcast_discard_app: [0,107202826,android.net.conn.CONNECTIVITY_CHANGE,113,ResolveInfo{d29062c com.sankuai.meituan.takeoutnew/com.meituan.android.httpdns.NetworkStateReceiver m=0x108000}]
05-11 16:40:02.874  3843  3882 I am_broadcast_discard_app: [0,107202826,android.net.conn.CONNECTIVITY_CHANGE,114,ResolveInfo{c6138f5 com.sina.news/com.sina.push.receiver.PushSDKReceiver m=0x108000}]
05-11 16:40:02.874  3843  3882 I am_broadcast_discard_app: [0,107202826,android.net.conn.CONNECTIVITY_CHANGE,115,ResolveInfo{73e168a com.sina.news/com.igexin.sdk.PushReceiver m=0x108000}]
05-11 16:40:02.875  3843  3882 I am_broadcast_discard_app: [0,107202826,android.net.conn.CONNECTIVITY_CHANGE,116,ResolveInfo{909d4fb com.sina.news/com.igexin.download.DownloadReceiver m=0x108000}]
05-11 16:40:02.875  3843  3882 I am_broadcast_discard_app: [0,107202826,android.net.conn.CONNECTIVITY_CHANGE,117,ResolveInfo{d365918 com.sina.news/com.sina.simasdk.core.NetworkChangedReceiver m=0x108000}]
05-11 16:40:02.877  3843  3882 I am_broadcast_discard_app: [0,107202826,android.net.conn.CONNECTIVITY_CHANGE,123,ResolveInfo{fd96f71 com.ss.android.article.news/com.bytedance.common.wschannel.server.WsChannelReceiver m=0x108000}]
05-11 16:40:02.878  3843  3882 I am_broadcast_discard_app: [0,107202826,android.net.conn.CONNECTIVITY_CHANGE,124,ResolveInfo{1ef1156 com.ss.android.article.news/com.ss.android.message.MessageReceiver m=0x108000}]
05-11 16:40:02.878  3843  3882 I am_broadcast_discard_app: [0,107202826,android.net.conn.CONNECTIVITY_CHANGE,125,ResolveInfo{896c5d7 com.ss.android.article.news/com.taobao.accs.EventReceiver m=0x108000}]
05-11 16:40:02.879  3843  3882 I am_broadcast_discard_app: [0,107202826,android.net.conn.CONNECTIVITY_CHANGE,126,ResolveInfo{3c3eec4 com.ss.android.article.news/.AliyunPushMsgReceiver m=0x108000}]
05-11 16:40:02.879  3843  3882 I am_broadcast_discard_app: [0,107202826,android.net.conn.CONNECTIVITY_CHANGE,127,ResolveInfo{cc491ad com.ss.android.article.news/com.huawei.android.pushagent.PushBootReceiver m=0x108000}]
05-11 16:40:02.880  3843  3882 I am_broadcast_discard_app: [0,107202826,android.net.conn.CONNECTIVITY_CHANGE,128,ResolveInfo{ce2ece2 com.ss.android.article.news/com.ss.android.download.DownloadReceiver m=0x108000}]
05-11 16:40:02.880  3843  3882 I am_broadcast_discard_app: [0,107202826,android.net.conn.CONNECTIVITY_CHANGE,129,ResolveInfo{997e873 com.ss.android.article.video/com.bytedance.common.wschannel.server.WsChannelReceiver m=0x108000}]
05-11 16:40:02.881  3843  3882 I am_broadcast_discard_app: [0,107202826,android.net.conn.CONNECTIVITY_CHANGE,130,ResolveInfo{a733330 com.ss.android.article.video/com.ss.android.message.MessageReceiver m=0x108000}]
05-11 16:40:02.881  3843  3882 I am_broadcast_discard_app: [0,107202826,android.net.conn.CONNECTIVITY_CHANGE,131,ResolveInfo{3c59ba9 com.ss.android.article.video/com.taobao.accs.EventReceiver m=0x108000}]
05-11 16:40:02.881  3843  3882 I am_broadcast_discard_app: [0,107202826,android.net.conn.CONNECTIVITY_CHANGE,132,ResolveInfo{e46f52e com.ss.android.article.video/com.huawei.android.pushagent.PushBootReceiver m=0x108000}]
05-11 16:40:02.882  3843  3882 I am_broadcast_discard_app: [0,107202826,android.net.conn.CONNECTIVITY_CHANGE,133,ResolveInfo{27e98cf com.ss.android.article.video/com.ss.android.download.DownloadReceiver m=0x108000}]
05-11 16:40:02.882  3843  3882 I am_broadcast_discard_app: [0,107202826,android.net.conn.CONNECTIVITY_CHANGE,134,ResolveInfo{190525c com.ss.android.essay.joke/com.ss.android.message.MessageReceiver m=0x108000}]
05-11 16:40:02.883  3843  3882 I am_broadcast_discard_app: [0,107202826,android.net.conn.CONNECTIVITY_CHANGE,135,ResolveInfo{2b34965 com.ss.android.essay.joke/com.taobao.accs.EventReceiver m=0x108000}]
05-11 16:40:02.883  3843  3882 I am_broadcast_discard_app: [0,107202826,android.net.conn.CONNECTIVITY_CHANGE,136,ResolveInfo{fd1363a com.ss.android.essay.joke/com.huawei.android.pushagent.PushBootReceiver m=0x108000}]
05-11 16:40:02.884  3843  3882 I am_broadcast_discard_app: [0,107202826,android.net.conn.CONNECTIVITY_CHANGE,137,ResolveInfo{575f2eb com.ss.android.essay.joke/com.ss.android.download.DownloadReceiver m=0x108000}]
05-11 16:40:02.884  3843  3882 I am_broadcast_discard_app: [0,107202826,android.net.conn.CONNECTIVITY_CHANGE,138,ResolveInfo{ffe3848 com.supercell.clashofclans.vivo/com.vivo.sdkplugin.accounts.ManageAccountReceiver m=0x108000}]
05-11 16:40:02.885  3843  3882 I am_broadcast_discard_app: [0,107202826,android.net.conn.CONNECTIVITY_CHANGE,139,ResolveInfo{41416e1 com.supercell.clashofclans.vivo/com.bbkmobile.iqoo.payment.util.ManagePamentReceiver m=0x108000}]
05-11 16:40:02.928  3843  4698 I am_broadcast_discard_app: [0,107202826,android.net.conn.CONNECTIVITY_CHANGE,142,ResolveInfo{b645292 com.tencent.mtt/.browser.push.service.ConnectivityReceiver m=0x108000}]
05-11 16:40:02.929  3843  3882 I am_broadcast_discard_app: [0,107202826,android.net.conn.CONNECTIVITY_CHANGE,143,ResolveInfo{9cbd463 com.tencent.news/com.huawei.android.pushagent.PushBootReceiver m=0x108000}]
05-11 16:40:02.932  3843  3882 I am_broadcast_discard_app: [0,107202826,android.net.conn.CONNECTIVITY_CHANGE,144,ResolveInfo{e11c860 com.tencent.news/com.taobao.accs.EventReceiver m=0x108000}]
05-11 16:40:02.950  3843 21043 I am_broadcast_discard_app: [0,107202826,android.net.conn.CONNECTIVITY_CHANGE,147,ResolveInfo{ebf7a51 com.wepie.snake.vivo/com.vivo.sdkplugin.accounts.ManageAccountReceiver m=0x108000}]
05-11 16:40:02.959  3843  3882 I am_broadcast_discard_app: [0,107202826,android.net.conn.CONNECTIVITY_CHANGE,148,ResolveInfo{bc61f24 com.wepie.snake.vivo/com.bbkmobile.iqoo.payment.util.ManagePamentReceiver m=0x108000}]
05-11 16:40:03.007  3843  8739 I am_broadcast_discard_app: [0,107202826,android.net.conn.CONNECTIVITY_CHANGE,154,ResolveInfo{ad80990 com.xunlei.downloadprovider/.service.downloads.kernel.NetworkReceiver m=0x108000}]
05-11 16:40:03.007  3843  3882 I am_broadcast_discard_app: [0,107202826,android.net.conn.CONNECTIVITY_CHANGE,155,ResolveInfo{6462289 com.xunlei.downloadprovider/.personal.user.NetWorkChangedReceiver m=0x108000}]
05-11 16:40:03.011  3843  3882 I am_broadcast_discard_app: [0,107202826,android.net.conn.CONNECTIVITY_CHANGE,156,ResolveInfo{958a28e com.xunlei.downloadprovider/com.android.providers.downloads.DownloadReceiver m=0x108000}]
05-11 16:40:03.012  3843  3882 I am_broadcast_discard_app: [0,107202826,android.net.conn.CONNECTIVITY_CHANGE,157,ResolveInfo{418aaaf com.xunlei.downloadprovider/com.taobao.accs.EventReceiver m=0x108000}]
05-11 16:40:03.012  3843  3882 I am_broadcast_discard_app: [0,107202826,android.net.conn.CONNECTIVITY_CHANGE,158,ResolveInfo{4dc2ebc com.xunlei.downloadprovider/cn.jpush.android.service.PushReceiver m=0x108000}]
05-11 16:40:03.013  3843  3882 I am_broadcast_discard_app: [0,107202826,android.net.conn.CONNECTIVITY_CHANGE,159,ResolveInfo{9655e45 com.xunlei.downloadprovider/com.alibaba.sdk.android.feedback.impl.NetworkChangeReceiver m=0x108000}]
05-11 16:40:03.014  3843  3882 I am_broadcast_discard_app: [0,107202826,android.net.conn.CONNECTIVITY_CHANGE,160,ResolveInfo{140599a com.youku.phone/com.youku.pushsdk.receiver.YoukuMyPushServiceReceiver m=0x108000}]
05-11 16:40:03.015  3843  3882 I am_broadcast_discard_app: [0,107202826,android.net.conn.CONNECTIVITY_CHANGE,161,ResolveInfo{acf42cb com.youku.phone/com.taobao.accs.EventReceiver m=0x108000}]
05-11 16:40:03.015  3843  3882 I am_broadcast_discard_app: [0,107202826,android.net.conn.CONNECTIVITY_CHANGE,162,ResolveInfo{49b7aa8 com.youku.phone/cn.com.iresearch.phonemonitor.library.receiver.NetWorkChangeReceiver m=0x108000}]
05-11 16:40:03.028  3843  3882 I am_proc_start: [0,20080,10114,com.vivo.space,broadcast,com.vivo.space/.service.UpgradeReceiver]
05-11 16:40:03.046  3843  5752 I am_proc_bound: [0,20080,com.vivo.space]
05-11 16:40:03.249  3843  8736 I wm_task_moved: [156,0,0]
05-11 16:40:03.254  3843  8736 I wm_task_moved: [4,1,12]
05-11 16:40:03.256  3843  8736 I am_focused_activity: [0,com.android.dialer/.TwelveKeyDialer,moveTaskToBack adjustFocus]
05-11 16:40:03.283  3843  8736 I am_pause_activity: [0,28758960,com.android.incallui/.InCallActivity]
05-11 16:40:03.299 19402 19402 I am_on_paused_called: [0,com.android.incallui.InCallActivity,handlePauseActivity]
05-11 16:40:03.309  3843 21036 I am_resume_activity: [0,141373739,4,com.android.dialer/.TwelveKeyDialer]
05-11 16:40:03.325  3843  3882 I sysui_count: [window_time_0,28]
05-11 16:40:03.371 11668 11668 I am_on_resume_called: [0,com.android.dialer.TwelveKeyDialer,RESUME_ACTIVITY]
05-11 16:40:03.743  3843  4812 I am_wtf  : [0,3843,system_server,-1,ActivityManager,Sending non-protected broadcast launcher.action.CHANGE_APPLICATION_NOTIFICATION_NUM from system 4805:com.android.phone/1001 pkg com.android.phone]
05-11 16:40:03.747  3843 21045 I am_wtf  : [0,3843,system_server,-1,ActivityManager,Sending non-protected broadcast android.no.read.BBKLockScreen.INCALL from system 4805:com.android.phone/1001 pkg com.android.phone]
05-11 16:40:03.748  3843 21045 I am_wtf  : [0,3843,system_server,-1,ActivityManager,Sending non-protected broadcast android.no.read.BBKLockScreen.INCALL from system 4805:com.android.phone/1001 pkg com.android.phone]
05-11 16:40:03.823  3843  3882 I am_stop_activity: [0,28758960,com.android.incallui/.InCallActivity]
05-11 16:40:03.827 19402 19402 I am_on_stop_called: [0,com.android.incallui.InCallActivity,handleStopActivity]
05-11 16:40:03.852   512   512 I sf_frame_dur: [com.android.incallui/com.android.incallui.InCallActivity,8,4,0,3,6,15,5]
05-11 16:40:05.264  3843  3866 I am_wtf  : [0,3843,system_server,-1,ActivityManager,Sending non-protected broadcast com.vivo.ewarranty.action.PHONE_STATE_CHANGED from system 4700:com.vivo.daemonService/1000 pkg com.vivo.daemonService]
05-11 16:40:05.265  3843  3866 I am_wtf  : [0,3843,system_server,-1,ActivityManager,Sending non-protected broadcast com.vivo.ewarranty.action.PHONE_STATE_CHANGED from system 4700:com.vivo.daemonService/1000 pkg com.vivo.daemonService]
05-11 16:40:05.279  3843 21037 I am_wtf  : [0,3843,system_server,-1,ActivityManager,Sending non-protected broadcast com.vivo.ewarranty.action.PHONE_STATE_CHANGED from system 4700:com.vivo.daemonService/1000 pkg com.vivo.daemonService]
05-11 16:40:05.280  3843 21037 I am_wtf  : [0,3843,system_server,-1,ActivityManager,Sending non-protected broadcast com.vivo.ewarranty.action.PHONE_STATE_CHANGED from system 4700:com.vivo.daemonService/1000 pkg com.vivo.daemonService]
05-11 16:40:05.293  3843 21321 I am_wtf  : [0,3843,system_server,-1,ActivityManager,Sending non-protected broadcast com.vivo.ewarranty.action.PHONE_STATE_CHANGED from system 4700:com.vivo.daemonService/1000 pkg com.vivo.daemonService]
05-11 16:40:05.295  3843 21321 I am_wtf  : [0,3843,system_server,-1,ActivityManager,Sending non-protected broadcast com.vivo.ewarranty.action.PHONE_STATE_CHANGED from system 4700:com.vivo.daemonService/1000 pkg com.vivo.daemonService]
05-11 16:40:05.304  3843  8737 I am_wtf  : [0,3843,system_server,-1,ActivityManager,Sending non-protected broadcast com.vivo.ewarranty.action.PHONE_STATE_CHANGED from system 4700:com.vivo.daemonService/1000 pkg com.vivo.daemonService]
05-11 16:40:05.305  3843  8737 I am_wtf  : [0,3843,system_server,-1,ActivityManager,Sending non-protected broadcast com.vivo.ewarranty.action.PHONE_STATE_CHANGED from system 4700:com.vivo.daemonService/1000 pkg com.vivo.daemonService]
05-11 16:40:05.850  3843  3881 I am_pss  : [19436,1000,com.qualcomm.qti.RIDL,3387392,2461696,0]
05-11 16:40:07.577  3843  3884 I am_wtf  : [0,3843,system_server,-1,ActivityManager,Sending non-protected broadcast vivo.intent.action.CHECK_ALERT_WINDOW from system 3843:system/1000 pkg android]
05-11 16:40:07.577  3843  3884 I am_wtf  : [0,3843,system_server,-1,ActivityManager,Sending non-protected broadcast vivo.intent.action.CHECK_ALERT_WINDOW from system 3843:system/1000 pkg android]
05-11 16:40:07.749  3843 21044 I am_wtf  : [0,3843,system_server,-1,ActivityManager,Sending non-protected broadcast android.intent.action.START_FLASH_ACTION from system 4805:com.android.phone/1001 pkg com.android.phone]
05-11 16:40:07.775  3843 21051 I am_wtf  : [0,3843,system_server,-1,ActivityManager,Sending non-protected broadcast launcher.action.CHANGE_APPLICATION_NOTIFICATION_NUM from system 4805:com.android.phone/1001 pkg com.android.phone]
05-11 16:40:07.822  3843  4672 I am_wtf  : [0,3843,system_server,-1,ActivityManager,Sending non-protected broadcast android.no.read.BBKLockScreen.MSG from system 4805:com.android.phone/1001 pkg com.android.phone]
05-11 16:40:07.823  3843  4672 I am_wtf  : [0,3843,system_server,-1,ActivityManager,Sending non-protected broadcast android.no.read.BBKLockScreen.MSG from system 4805:com.android.phone/1001 pkg com.android.phone]
05-11 16:40:07.926  3843  4431 I am_proc_start: [0,20286,10016,com.android.mms,content provider,com.android.mms/.provider.ConfigProvider]
05-11 16:40:07.945  3843  5710 I am_proc_bound: [0,20286,com.android.mms]
05-11 16:40:08.406  3843  3881 I am_pss  : [19664,10060,com.vivo.findphone,4669440,3510272,0]
05-11 16:40:08.408  3843  3843 I notification_enqueue: [1001,4805,com.android.mms.service,10001,NULL,0,Notification(pri=0 contentView=null vibrate=default sound=content://media/internal/audio/media/26 tick defaults=0x6 flags=0x1 color=0x00000000 category=msg actions=2 vis=PRIVATE),0]
05-11 16:40:08.424  3843  3843 I sysui_histogram: [validate_people_cache_latency,15]
05-11 16:40:08.449  3843  3843 I notification_alert: [0|com.android.mms.service|10001|null|1001,1,1,1]
05-11 16:40:08.470  3843  4698 I notification_autogrouped: 0|com.android.mms.service|10001|null|1001
05-11 16:40:08.471  3843  3843 I notification_enqueue: [1001,4805,com.android.mms.service,2147483647,group_key_override,0,Notification(pri=0 contentView=null vibrate=null sound=null defaults=0x0 flags=0x700 color=0x00000000 groupKey=ranker_bundle vis=PRIVATE),0]
05-11 16:40:08.474  3843  3865 I notification_autogrouped: 0|com.android.mms.service|10001|null|1001
05-11 16:40:08.491  3843  4698 I am_proc_died: [0,20080,com.vivo.space]
05-11 16:40:08.599  4538  4538 I sysui_count: [note_peek,1]
05-11 16:40:08.616  3843  8739 I notification_panel_revealed: 1
05-11 16:40:08.635  3843 21044 I notification_expansion: [0|com.android.mms.service|10001|null|1001,0,1,227,227,0]
05-11 16:40:08.756  3843  4230 I sysui_histogram: [validate_people_lookup_latency,330]
05-11 16:40:08.757  3843  4230 I sysui_histogram: [validate_people_cache_latency,1]
05-11 16:40:08.763  3843  3865 I am_wtf  : [0,3843,system_server,-1,ActivityManager,Sending non-protected broadcast com.android.contacts.ACTION_TIMES_CONTACTED_UPDATED from system 4805:com.android.phone/1001 pkg com.android.phone]
05-11 16:40:08.765  3843  3865 I am_wtf  : [0,3843,system_server,-1,ActivityManager,Sending non-protected broadcast com.android.contacts.ACTION_TIMES_CONTACTED_UPDATED from system 4805:com.android.phone/1001 pkg com.android.phone]
05-11 16:40:09.110  3843  3881 I am_pss  : [10606,10034,com.bbk.launcher2,85198848,83099648,0]
05-11 16:40:09.129  3843  3881 I am_pss  : [19727,10119,com.vivo.easyshare,12991488,11083776,0]
05-11 16:40:09.493  3843  4699 I notification_visibility: [0|com.android.mms.service|10001|null|1001,1,1085,1085,0,1]
05-11 16:40:10.635  3843  3881 I am_pss  : [19834,1000,com.vivo.networkimprove,3832832,2834432,0]
05-11 16:40:10.659  3843  3881 I am_pss  : [19821,10029,com.bbk.account,4396032,3280896,0]
05-11 16:40:11.589  3843  3881 I am_pss  : [7245,10081,com.vivo.safecenter,8812544,8286208,0]
05-11 16:40:11.611  3843  3881 I am_pss  : [7656,10063,com.iqoo.secure:remote,39733248,38723584,0]
05-11 16:40:12.010  3843  3882 I am_broadcast_discard_app: [0,210773848,android.provider.Telephony.SMS_RECEIVED,0,ResolveInfo{e156ab7 com.eg.android.AlipayGphone/com.taobao.infsword.receiver.SmsIntercept p=2147483647 m=0x108000}]
05-11 16:40:12.012  3843  3882 I am_broadcast_discard_app: [0,210773848,android.provider.Telephony.SMS_RECEIVED,1,ResolveInfo{62c6224 com.eg.android.AlipayGphone/com.alipay.mobile.security.thirdparty.SmsSafetyChecker p=1000 m=0x108000}]
05-11 16:40:12.301   512   512 I sf_frame_dur: [,0,0,1,0,1,2,1]
05-11 16:40:12.790  3843 21047 I notification_action_clicked: [0|com.android.mms.service|10001|null|1001,0,4382,4382,3297]
05-11 16:40:12.819  3843  8741 I am_wtf  : [0,3843,system_server,-1,ActivityManager,Sending non-protected broadcast com.android.mms.ACTION_READED_MSG from system uid 1001 pkg com.android.mms.service]
05-11 16:40:12.945  3843 21051 I notification_visibility: [0|com.android.mms.service|10001|null|1001,0,4537,4537,0,1]
05-11 16:40:12.946  3843  4812 I notification_panel_hidden: []
05-11 16:40:12.969  3843  3843 I notification_canceled: [0|com.android.mms.service|10001|null|1001,8,4561,4561,3476]
05-11 16:40:12.984  3843 21038 I notification_canceled: [0|com.android.mms.service|2147483647|group_key_override|1001|ranker_bundle,16,4513,4513,0]
05-11 16:40:13.016  3843  8741 I am_wtf  : [0,3843,system_server,-1,ActivityManager,Sending non-protected broadcast launcher.action.CHANGE_APPLICATION_NOTIFICATION_NUM from system 4805:com.android.phone/1001 pkg com.android.phone]
05-11 16:40:13.024  3843  8740 I am_wtf  : [0,3843,system_server,-1,ActivityManager,Sending non-protected broadcast android.no.read.BBKLockScreen.MSG from system 4805:com.android.phone/1001 pkg com.android.phone]
05-11 16:40:13.025  3843  8740 I am_wtf  : [0,3843,system_server,-1,ActivityManager,Sending non-protected broadcast android.no.read.BBKLockScreen.MSG from system 4805:com.android.phone/1001 pkg com.android.phone]
05-11 16:40:13.379  3843  3881 I am_pss  : [11668,10009,com.android.dialer,37126144,34590720,0]
05-11 16:40:17.907  4538  4538 I sysui_count: [panel_open,1]
05-11 16:40:18.001  4538  4538 I sysui_histogram: [note_load,14]
05-11 16:40:18.001  3843  4698 I notification_panel_revealed: 14
05-11 16:40:18.570  3843  4699 I notification_visibility: [0|com.android.systemui|2147483647|group_key_override|10024|ranker_bundle,1,592266,592266,0,2]
05-11 16:40:18.570  3843  4699 I notification_visibility: [0|com.android.bbklog|1|null|1000,1,200944,200944,0,9]
05-11 16:40:18.570  3843  4699 I notification_visibility: [0|android|2147483647|group_key_override|1000|ranker_bundle,1,2660190,2660190,0,4]
05-11 16:40:18.570  3843  4699 I notification_visibility: [0|com.android.bbklog|2147483647|group_key_override|1000|ranker_bundle,1,200932,200932,0,8]
05-11 16:40:18.570  3843  4699 I notification_visibility: [0|com.netease.cloudmusic|2147483647|group_key_override|10156|ranker_bundle,1,57374,57374,0,7]
05-11 16:40:18.570  3843  4699 I notification_visibility: [0|android|110110|null|1000,1,2660219,2660219,0,6]
05-11 16:40:18.570  3843  4699 I notification_visibility: [0|com.android.systemui|10000|null|10024,1,592279,592279,0,3]
05-11 16:40:18.570  3843  4699 I notification_visibility: [0|android|10011|null|1000,1,2660212,2660212,0,5]
05-11 16:40:18.570  3843  4699 I notification_visibility: [0|com.netease.cloudmusic|1|null|10156,1,57411,16796,0,1]
05-11 16:40:19.082  3843  8624 I notification_visibility: [0|com.bbk.facewake|10001|null|1000,1,7708307,7708307,0,11]
05-11 16:40:19.082  3843  8624 I notification_visibility: [0|com.bbk.facewake|2147483647|group_key_override|1000|ranker_bundle,1,7708298,7708298,0,10]
05-11 16:40:19.082  3843  8624 I notification_visibility: [0|com.android.systemui|2147483647|group_key_override|10024|ranker_bundle,0,592778,592778,0,2]
05-11 16:40:19.082  3843  8624 I notification_visibility: [0|com.android.systemui|10000|null|10024,0,592791,592791,0,3]
05-11 16:40:19.584  3843  4699 I notification_visibility: [0|com.vivo.abe|2147483647|group_key_override|1000|ranker_bundle,1,8319089,8319089,0,12]
05-11 16:40:19.584  3843  4699 I notification_visibility: [0|com.vivo.abe|1002001|null|1000,1,8319117,5401087,0,13]
05-11 16:40:20.565  3843 21050 I notification_visibility: [0|com.vivo.abe|2147483647|group_key_override|1000|ranker_bundle,0,8320069,8320069,0,12]
05-11 16:40:20.565  3843 21050 I notification_visibility: [0|com.android.bbklog|1|null|1000,0,202939,202939,0,9]
05-11 16:40:20.565  3843 21050 I notification_visibility: [0|com.bbk.facewake|10001|null|1000,0,7709790,7709790,0,11]
05-11 16:40:20.565  3843 21050 I notification_visibility: [0|android|2147483647|group_key_override|1000|ranker_bundle,0,2662185,2662185,0,4]
05-11 16:40:20.565  3843 21050 I notification_visibility: [0|com.android.bbklog|2147483647|group_key_override|1000|ranker_bundle,0,202927,202927,0,8]
05-11 16:40:20.565  3843 21050 I notification_visibility: [0|com.netease.cloudmusic|2147483647|group_key_override|10156|ranker_bundle,0,59369,59369,0,7]
05-11 16:40:20.565  3843 21050 I notification_visibility: [0|android|110110|null|1000,0,2662214,2662214,0,6]
05-11 16:40:20.565  3843 21050 I notification_visibility: [0|com.bbk.facewake|2147483647|group_key_override|1000|ranker_bundle,0,7709781,7709781,0,10]
05-11 16:40:20.565  3843 21050 I notification_visibility: [0|com.vivo.abe|1002001|null|1000,0,8320098,5402068,0,13]
05-11 16:40:20.565  3843 21050 I notification_visibility: [0|android|10011|null|1000,0,2662207,2662207,0,5]
05-11 16:40:20.565  3843 21050 I notification_visibility: [0|com.netease.cloudmusic|1|null|10156,0,59406,18791,0,1]
05-11 16:40:20.567  3843 21048 I notification_panel_hidden: []
05-11 16:40:20.924  3843  4125 I am_new_intent: [0,23919503,34,com.bbk.launcher2/.Launcher,android.intent.action.MAIN,NULL,NULL,278921216]
05-11 16:40:20.925  3843  4125 I am_focused_stack: [0,0,1,bringingFoundTaskToFront setFocusedActivity]
05-11 16:40:20.925  3843  4125 I wm_task_moved: [34,1,1]
05-11 16:40:20.927  3843  4125 I am_focused_activity: [0,com.bbk.launcher2/.Launcher,bringingFoundTaskToFront]
05-11 16:40:20.955  3843  4125 I am_pause_activity: [0,141373739,com.android.dialer/.TwelveKeyDialer]
05-11 16:40:20.957  3843  4125 I am_task_to_front: [0,34]
05-11 16:40:20.961 11668 11668 I am_on_paused_called: [0,com.android.dialer.TwelveKeyDialer,handlePauseActivity]
05-11 16:40:20.964  3843  4125 I sysui_action: [323,com.bbk.launcher2/.Launcher]
05-11 16:40:20.964  3843  4125 I sysui_action: [324,true]
05-11 16:40:20.964  3843  4125 I sysui_action: [325,19437]
05-11 16:40:20.983  3843 21321 I am_resume_activity: [0,12450827,34,com.bbk.launcher2/.Launcher]
05-11 16:40:20.998  3843  3882 I sysui_count: [window_time_0,17]
05-11 16:40:21.009 10606 10606 I am_on_resume_called: [0,com.bbk.launcher2.Launcher,RESUME_ACTIVITY]
05-11 16:40:21.104  3843  3915 I sysui_action: [320,2]
05-11 16:40:21.104  3843  3915 I sysui_action: [319,194]
05-11 16:40:21.105  3843  3915 I sysui_action: [322,195]
05-11 16:40:21.342  3843  3882 I am_stop_activity: [0,141373739,com.android.dialer/.TwelveKeyDialer]
05-11 16:40:21.344 11668 11668 I am_on_stop_called: [0,com.android.dialer.TwelveKeyDialer,handleStopActivity]
05-11 16:40:21.419   512   512 I sf_frame_dur: [com.android.dialer/com.android.dialer.TwelveKeyDialer,14,2,0,0,0,2,0]
05-11 16:40:21.853  3843  3866 I am_focused_stack: [0,1,0,bringingFoundTaskToFront setFocusedActivity]
05-11 16:40:21.853  3843  3866 I wm_task_moved: [65,1,12]
05-11 16:40:21.854  3843  3866 I am_focused_activity: [0,com.android.mms/.ui.ConversationList,bringingFoundTaskToFront]
05-11 16:40:21.854  3843  3866 I am_pause_activity: [0,12450827,com.bbk.launcher2/.Launcher]
05-11 16:40:21.855  3843  3866 I am_task_to_front: [0,65]
05-11 16:40:21.855  3843  3866 I am_new_intent: [0,30836768,65,com.android.mms/.ui.ConversationList,android.intent.action.MAIN,NULL,NULL,811597824]
05-11 16:40:21.857  3843  3866 I sysui_action: [323,com.android.mms/.ui.ConversationList]
05-11 16:40:21.857  3843  3866 I sysui_action: [324,true]
05-11 16:40:21.857  3843  3866 I sysui_action: [325,19438]
05-11 16:40:21.868 10606 10606 I am_on_paused_called: [0,com.bbk.launcher2.Launcher,handlePauseActivity]
05-11 16:40:21.874  3843  3865 I am_restart_activity: [0,236746756,65,com.android.mms/.ui.ConversationList]
05-11 16:40:21.879  3843  3882 I sysui_count: [window_time_0,1]
05-11 16:40:21.914  3843  3881 I am_pss  : [18945,10156,com.netease.cloudmusic,104760320,94932992,0]
05-11 16:40:21.939  3843  3915 I sysui_action: [321,106]
05-11 16:40:21.939  3843  3915 I sysui_action: [320,1]
05-11 16:40:21.939  3843  3915 I sysui_action: [319,106]
05-11 16:40:22.083 20286 20286 I am_on_resume_called: [0,com.android.mms.ui.ConversationList,LAUNCH_ACTIVITY]
05-11 16:40:22.253  3843  3915 I sysui_action: [322,420]
05-11 16:40:22.253  3843  3915 I am_activity_launch_time: [0,236746756,com.android.mms/.ui.ConversationList,384,384]
05-11 16:40:22.264  3843 21047 I am_stop_activity: [0,12450827,com.bbk.launcher2/.Launcher]
05-11 16:40:22.267 10606 10606 I am_on_stop_called: [0,com.bbk.launcher2.Launcher,handleStopActivity]
05-11 16:40:22.289   512   512 I sf_frame_dur: [com.bbk.launcher2/com.bbk.launcher2.Launcher,0,0,1,2,1,0,0]
05-11 16:40:23.439  3843 21048 I wm_task_moved: [65,1,12]
05-11 16:40:23.439  3843 21048 I wm_task_moved: [65,1,12]
05-11 16:40:23.440  3843 21048 I am_create_activity: [0,21182195,65,com.android.mms/.ui.ComposeMessageActivity,NULL,NULL,content://mms-sms/conversations/750?querytype=all,276824064]
05-11 16:40:23.441  3843 21048 I wm_task_moved: [65,1,12]
05-11 16:40:23.442  3843 21048 I am_focused_activity: [0,com.android.mms/.ui.ComposeMessageActivity,startedActivity]
05-11 16:40:23.442  3843 21048 I am_pause_activity: [0,236746756,com.android.mms/.ui.ConversationList]
05-11 16:40:23.444  3843 21048 I sysui_action: [323,com.android.mms/.ui.ConversationList]
05-11 16:40:23.444  3843 21048 I sysui_action: [324,true]
05-11 16:40:23.444  3843 21048 I sysui_action: [325,19440]
05-11 16:40:23.447 20286 20286 I am_on_paused_called: [0,com.android.mms.ui.ConversationList,handlePauseActivity]
05-11 16:40:23.453  3843 21044 I am_restart_activity: [0,21182195,65,com.android.mms/.ui.ComposeMessageActivity]
05-11 16:40:23.458  3843  3882 I sysui_count: [window_time_0,2]
05-11 16:40:23.462  3843  4811 I am_wtf  : [0,3843,system_server,-1,ActivityManager,Sending non-protected broadcast launcher.action.CHANGE_APPLICATION_NOTIFICATION_NUM from system 4805:com.android.phone/1001 pkg com.android.phone]
05-11 16:40:23.466  3843  4786 I am_wtf  : [0,3843,system_server,-1,ActivityManager,Sending non-protected broadcast android.no.read.BBKLockScreen.MSG from system 4805:com.android.phone/1001 pkg com.android.phone]
05-11 16:40:23.466  3843  4786 I am_wtf  : [0,3843,system_server,-1,ActivityManager,Sending non-protected broadcast android.no.read.BBKLockScreen.MSG from system 4805:com.android.phone/1001 pkg com.android.phone]
05-11 16:40:23.629 20286 20286 I am_on_resume_called: [0,com.android.mms.ui.ComposeMessageActivity,LAUNCH_ACTIVITY]
05-11 16:40:24.304  3843  3915 I sysui_action: [320,2]
05-11 16:40:24.304  3843  3915 I sysui_action: [319,870]
05-11 16:40:24.305  3843  3915 I sysui_action: [322,871]
05-11 16:40:24.306  3843  3915 I am_activity_launch_time: [0,21182195,com.android.mms/.ui.ComposeMessageActivity,857,857]
05-11 16:40:24.514  3843  3881 I am_pss  : [19402,1001,com.android.incallui,33385472,28508160,0]
05-11 16:40:24.606  3843  3882 I am_stop_activity: [0,236746756,com.android.mms/.ui.ConversationList]
05-11 16:40:24.610 20286 20286 I am_on_stop_called: [0,com.android.mms.ui.ConversationList,handleStopActivity]
05-11 16:40:24.631   512   512 I sf_frame_dur: [com.android.mms/com.android.mms.ui.ConversationList,7,1,0,1,0,1,0]
05-11 16:40:28.797  3843  3881 I am_pss  : [29700,10011,android.process.media,21379072,20164608,0]
05-11 16:40:33.766  3843 21036 I force_gc: Binder
