05-26 12:11:49.246  2923  3245 I am_broadcast_discard_app: [0,106150020,android.net.wifi.RSSI_CHANGED,2,ResolveInfo{595d8f0 com.sdu.didi.psnger/com.didi.sdk.receiver.WifiReceiver m=0x108000}]
05-26 12:11:49.252  2923  3245 I am_broadcast_discard_app: [0,42380905,android.net.wifi.RSSI_CHANGED,0,ResolveInfo{ab270ee com.meelive.ingkee/.socketio.connection.internal.KAReceiver m=0x108000}]
05-26 12:11:49.252  2923  3245 I am_broadcast_discard_app: [0,42380905,android.net.wifi.RSSI_CHANGED,1,ResolveInfo{276c98f com.qq.ac.android/.receiver.BootReceiver m=0x108000}]
05-26 12:11:49.253  2923  3245 I am_broadcast_discard_app: [0,42380905,android.net.wifi.RSSI_CHANGED,2,ResolveInfo{197941c com.sdu.didi.psnger/com.didi.sdk.receiver.WifiReceiver m=0x108000}]
05-26 12:11:49.644  2923  3245 I am_wtf  : [0,4503,system_server,-1,KernelWakelockReader,neither /proc/wakelocks nor /d/wakeup_sources exists]
05-26 12:11:50.535  2923 10354 I am_proc_start: [0,22152,1000,com.iqoo.powersaving,service,com.iqoo.powersaving/.PowerModeChangeService]
05-26 12:11:50.568  2923  4432 I am_proc_bound: [0,22152,com.iqoo.powersaving]
05-26 12:11:50.753  2923  4302 I am_wtf  : [0,2923,system_server,-1,ActivityManager,Sending non-protected broadcast com.iqoo.secure.cpumode_switch from system 22152:com.iqoo.powersaving/1000 pkg com.iqoo.powersaving]
05-26 12:11:50.766  2923 10350 I am_wtf  : [0,2923,system_server,-1,ActivityManager,Sending non-protected broadcast android.intent.action.BRIGHTNESS_CHANGED from system 22152:com.iqoo.powersaving/1000 pkg com.iqoo.powersaving]
05-26 12:11:50.825  2923 10346 I am_wtf  : [0,2923,system_server,-1,ActivityManager,Sending non-protected broadcast com.bbk.psas.psm.change from system 22152:com.iqoo.powersaving/1000 pkg com.iqoo.powersaving]
05-26 12:11:50.827  2923 10346 I am_wtf  : [0,2923,system_server,-1,ActivityManager,Sending non-protected broadcast com.bbk.psas.psm.change from system 22152:com.iqoo.powersaving/1000 pkg com.iqoo.powersaving]
05-26 12:11:50.836  2923 10351 I am_wtf  : [0,2923,system_server,-1,ActivityManager,Sending non-protected broadcast com.iqoo.secure.power_save_mode_changed from system 22152:com.iqoo.powersaving/1000 pkg com.iqoo.powersaving]
05-26 12:11:50.874  2923 10336 I am_proc_died: [0,22152,com.iqoo.powersaving]
05-26 12:11:51.833  2923  4021 I sysui_histogram: [power_double_tap_interval,6975]
05-26 12:11:52.021  2923  4021 I power_sleep_requested: 0
05-26 12:11:52.023  2923  2923 I power_screen_state: [0,2,0,0]
05-26 12:11:52.023  2923  2923 I screen_toggled: 0
05-26 12:11:52.023  2923  2923 I sysui_histogram: [screen_timeout,1800]
05-26 12:11:52.026  2923  3252 I am_wtf  : [0,2923,system_server,-1,ActivityManager,Sending non-protected broadcast vivo.intent.action.POWER_KEY_SCREEN_OFF from system 2923:system/1000 pkg android]
05-26 12:11:52.032  2923  2923 I power_screen_broadcast_send: 1
05-26 12:11:52.064  2923  2923 I am_pause_activity: [0,142576045,com.tencent.mm/.ui.LauncherUI]
05-26 12:11:52.079  2923  2923 I sysui_histogram: [fingerprint_token,0]
05-26 12:11:52.114  2923  3245 I am_wtf  : [0,2923,system_server,-1,KernelWakelockReader,neither /proc/wakelocks nor /d/wakeup_sources exists]
05-26 12:11:52.187  2923 10329 I am_wtf  : [0,2923,system_server,-1,ActivityManager,Sending non-protected broadcast com.vivo.updater.action.SCREEN_OFF from system 4503:com.vivo.daemonService/1000 pkg com.vivo.daemonService]
05-26 12:11:52.193 20911 20911 I am_on_paused_called: [0,com.tencent.mm.ui.LauncherUI,handlePauseActivity]
05-26 12:11:52.201  2923  3245 I am_stop_activity: [0,142576045,com.tencent.mm/.ui.LauncherUI]
05-26 12:11:52.249 20911 20911 I am_on_stop_called: [0,com.tencent.mm.ui.LauncherUI,sleeping]
05-26 12:11:52.550  4354  4354 I sysui_view_visibility: [111,100]
05-26 12:11:52.572  4354  4354 I sysui_status_bar_state: [1,1,0,0,1,0]
05-26 12:11:52.601  2923  9670 I am_wtf  : [0,2923,system_server,-1,ActivityManager,Sending non-protected broadcast action.com.vlife.provider.sync from system 4354:com.android.systemui/u0a24 pkg com.android.systemui]
05-26 12:11:52.605  2923 10354 I am_wtf  : [0,2923,system_server,-1,ActivityManager,Sending non-protected broadcast action.com.vlife.provider.sync from system 4354:com.android.systemui/u0a24 pkg com.android.systemui]
05-26 12:11:52.626  2923 10340 I am_wtf  : [0,2923,system_server,-1,ActivityManager,Sending non-protected broadcast action.com.vlife.provider.sync from system 4354:com.android.systemui/u0a24 pkg com.android.systemui]
05-26 12:11:52.629  2923  4690 I am_wtf  : [0,2923,system_server,-1,ActivityManager,Sending non-protected broadcast action.com.vlife.provider.sync from system 4354:com.android.systemui/u0a24 pkg com.android.systemui]
05-26 12:11:52.657  2923  4688 I notification_expansion: [0|com.android.bbkmusic|10001|null|10035,0,0,172851973,86481853,564192]
05-26 12:11:52.659  2923 10350 I notification_expansion: [0|com.nuomi|2147483647|group_key_override|10207|ranker_bundle,0,1,553708,553708,0]
05-26 12:11:52.661  2923 10340 I notification_expansion: [0|com.android.bbklog|2147483647|group_key_override|1000|ranker_bundle,0,1,3220127,3220127,866390]
05-26 12:11:52.663  2923  4690 I notification_expansion: [0|com.bbk.appstore|2147483647|group_key_override|10030|ranker_bundle,0,1,11689259,11689259,6521096]
05-26 12:11:52.665  2923  4569 I notification_expansion: [0|com.vivo.browser|2147483647|group_key_override|10025|ranker_bundle,0,1,158486514,158486514,86478048]
05-26 12:11:52.667  2923 10335 I notification_expansion: [0|com.vivo.abe|2147483647|group_key_override|1000|ranker_bundle,0,1,180038276,180038276,166148337]
05-26 12:11:53.032  2923  2923 I power_screen_broadcast_done: [0,1000,1]
05-26 12:12:39.638  2923  3245 I am_broadcast_discard_app: [0,254847246,NULL,0,ResolveInfo{a0e6f2f com.happyelements.AndroidAnimal/com.happyelements.gsp.android.notification.gcn.GcnBroadcastReceiver m=0x0}]
05-26 12:12:39.667  2923  3245 I am_wtf  : [0,2923,system_server,-1,KernelWakelockReader,neither /proc/wakelocks nor /d/wakeup_sources exists]
05-26 12:12:39.699  2923  3245 I am_proc_start: [0,22227,10212,com.qq.reader,broadcast,com.qq.reader/.cservice.bookfollow.OrderBookReceiver]
05-26 12:12:39.751  2923 10343 I am_proc_bound: [0,22227,com.qq.reader]
05-26 12:12:39.770  2923  2923 I notification_enqueue: [10064,4763,com.bbk.iqoo.logsystem,3,NULL,0,Notification(pri=-2 contentView=com.bbk.iqoo.logsystem/0x3030028 vibrate=null sound=null defaults=0x0 flags=0x40 color=0xff607d8b vis=PRIVATE),1]
05-26 12:12:39.773  2923  3243 I sync    : [com.ss.android.account.AccountProvider32,0,4,706872568]
05-26 12:12:39.789  2923  4570 I notification_autogrouped: 0|com.bbk.iqoo.logsystem|3|null|10064
05-26 12:12:39.790  2923 10335 I notification_autogrouped: 0|com.bbk.iqoo.logsystem|3|null|10064
05-26 12:12:39.853  2923  3243 I sync    : [com.huajiao.account.syncprovider,0,4,1064065]
05-26 12:13:04.725  2923  2923 I notification_enqueue: [10064,4763,com.bbk.iqoo.logsystem,3,NULL,0,Notification(pri=-2 contentView=com.bbk.iqoo.logsystem/0x3030028 vibrate=null sound=null defaults=0x0 flags=0x40 color=0xff607d8b vis=PRIVATE),1]
05-26 12:13:04.742  2923  4690 I notification_autogrouped: 0|com.bbk.iqoo.logsystem|3|null|10064
05-26 12:13:04.751  2923  4302 I notification_autogrouped: 0|com.bbk.iqoo.logsystem|3|null|10064
05-26 12:13:30.679  2923  3245 I am_wtf  : [0,2923,system_server,-1,KernelWakelockReader,neither /proc/wakelocks nor /d/wakeup_sources exists]
05-26 12:13:30.737  2923  3245 I am_wtf  : [0,2923,system_server,-1,KernelWakelockReader,neither /proc/wakelocks nor /d/wakeup_sources exists]
05-26 12:13:34.361  2923  3245 I am_wtf  : [0,2923,system_server,-1,KernelWakelockReader,neither /proc/wakelocks nor /d/wakeup_sources exists]
05-26 12:13:40.830  2923  3245 I am_proc_start: [0,22299,10207,com.nuomi,service,com.nuomi/com.baidu.blink.services.MessageReceiverService]
05-26 12:13:40.847  2923 10346 I am_proc_bound: [0,22299,com.nuomi]
05-26 12:13:40.875  2923  3243 I am_pss  : [8757,10081,com.vivo.safecenter,10550272,9883648,0]
05-26 12:14:22.109  2923  3245 I am_wtf  : [0,2923,system_server,-1,KernelWakelockReader,neither /proc/wakelocks nor /d/wakeup_sources exists]
05-26 12:14:22.158  2923  2923 I notification_enqueue: [10207,19741,com.nuomi,280217619,NULL,0,Notification(pri=-2 contentView=com.nuomi/0x3030028 vibrate=null sound=null defaults=0x0 flags=0x40 color=0xff607d8b vis=PRIVATE),0]
05-26 12:14:22.165  2923  2923 I notification_enqueue: [10207,19741,com.nuomi,280217619,NULL,0,Notification(pri=-2 contentView=com.nuomi/0x3030028 vibrate=null sound=null defaults=0x0 flags=0x40 color=0xff607d8b vis=PRIVATE),1]
05-26 12:14:22.170  2923  2923 I notification_canceled: [0|com.nuomi|280217619|null|10207,8,13,6,0]
05-26 12:14:22.184  2923 10358 I notification_autogrouped: 0|com.nuomi|186570398|null|10207
05-26 12:14:22.202  2923  9670 I notification_autogrouped: 0|com.nuomi|186570398|null|10207
05-26 12:16:21.460  2923  4013 I am_proc_start: [0,22349,10207,com.nuomi:bdservice_v1,service,com.nuomi/com.baidu.android.pushservice.PushService]
05-26 12:16:21.466  2923  4013 I am_wtf  : [0,2923,system_server,-1,ActivityManager,Sending non-protected broadcast com.vivo.messagecenter.upload_data_alarm from system uid 1000 pkg com.vivo.abe]
05-26 12:16:21.478  2923  3245 I am_wtf  : [0,2923,system_server,-1,KernelWakelockReader,neither /proc/wakelocks nor /d/wakeup_sources exists]
05-26 12:16:21.490  2923 10329 I am_proc_bound: [0,22349,com.nuomi:bdservice_v1]
05-26 12:16:21.514  2923  4569 I am_broadcast_discard_app: [0,217508931,NULL,0,ResolveInfo{ff132c0 com.happyelements.AndroidAnimal/com.happyelements.gsp.android.notification.gcn.GcnBroadcastReceiver m=0x0}]
05-26 12:16:21.531  2923 10335 I am_broadcast_discard_app: [0,150518090,alarm.push.timer.action,0,ResolveInfo{397a0bb com.tencent.reading/.system.PushAlarmReceiver m=0x0}]
05-26 12:16:21.569  2923  2923 I notification_enqueue: [10064,4763,com.bbk.iqoo.logsystem,3,NULL,0,Notification(pri=-2 contentView=com.bbk.iqoo.logsystem/0x3030028 vibrate=null sound=null defaults=0x0 flags=0x40 color=0xff607d8b vis=PRIVATE),1]
05-26 12:16:21.600  2923 10358 I am_broadcast_discard_app: [0,98838792,NULL,0,ResolveInfo{ad618a1 com.happyelements.AndroidAnimal/com.happyelements.gsp.android.notification.gcn.GcnBroadcastReceiver m=0x0}]
05-26 12:16:21.601  2923  3245 I am_broadcast_discard_app: [0,103791302,com.eg.android.AlipayGphone.push.action.CHECK,0,ResolveInfo{85f0a87 com.eg.android.AlipayGphone/com.alipay.mobile.logmonitor.ClientMonitorWakeupReceiver m=0x108000}]
05-26 12:16:21.606  2923 10335 I notification_autogrouped: 0|com.bbk.iqoo.logsystem|3|null|10064
05-26 12:16:21.638  2923 10347 I notification_autogrouped: 0|com.bbk.iqoo.logsystem|3|null|10064
05-26 12:16:21.653  2923  3243 I am_pss  : [21234,10194,so.ofo.labofo:pushservice,105541632,92495872,0]
05-26 12:16:21.744  2923  3243 I am_pss  : [21187,10137,com.xyauto.carcenter:QS,43852800,37457920,0]
05-26 12:16:21.786  2923  3243 I am_pss  : [21087,10194,so.ofo.labofo,11998208,9478144,0]
05-26 12:16:22.207  2923 10336 I am_proc_died: [0,19592,com.achievo.vipshop:remote]
05-26 12:16:25.527  2923  3243 I am_pss  : [21458,10137,com.xyauto.carcenter:mult,39549952,33529856,0]
05-26 12:16:25.585  2923  3243 I am_pss  : [6935,10063,com.iqoo.secure:remote,37194752,35569664,0]
05-26 12:16:43.003  2923  4013 I am_wtf  : [0,2923,system_server,-1,ActivityManager,Sending non-protected broadcast com.vivo.pem.power from system uid 1000 pkg com.vivo.pem]
05-26 12:16:43.021  2923  4013 I am_wtf  : [0,2923,system_server,-1,ActivityManager,Sending non-protected broadcast MqttService.pingSender.102750607066235440 from system uid 1000 pkg com.vivo.abe]
05-26 12:16:43.060  2923  3245 I am_wtf  : [0,4503,system_server,-1,KernelWakelockReader,neither /proc/wakelocks nor /d/wakeup_sources exists]
05-26 12:16:43.179  2923  3245 I am_wtf  : [0,4503,system_server,-1,KernelWakelockReader,neither /proc/wakelocks nor /d/wakeup_sources exists]
05-26 12:16:43.435  2923  4693 I am_kill : [0,9960,android.ext.services,100,stop android.ext.services]
05-26 12:16:43.436  2923  4693 I am_schedule_service_restart: [0,android.ext.services/.notification.Ranker,1000]
05-26 12:16:43.461  2923  2923 I notification_cancel_all: [1000,2923,android.ext.services,0,0,0,5,NULL]
05-26 12:16:43.539  2923  2923 I am_proc_start: [0,22529,10013,android.ext.services,service,android.ext.services/.notification.Ranker]
05-26 12:16:43.562  2923 10340 I am_broadcast_discard_app: [0,16669431,android.intent.action.PACKAGE_RESTARTED,4,ResolveInfo{a33af93 com.jingdong.app.mall/.broadcastReceiver.AppStateRecevier m=0x208000}]
05-26 12:16:43.576  2923  4515 I am_proc_bound: [0,22529,android.ext.services]
05-26 12:16:43.689  2923 10346 I notification_autogrouped: 0|com.nuomi|186570398|null|10207
05-26 12:16:43.693  2923  4569 I notification_autogrouped: 0|com.nuomi|186570398|null|10207
05-26 12:16:43.697  2923 10351 I notification_autogrouped: 0|com.qq.reader|1977936656|null|10212
05-26 12:16:43.712  2923  9685 I notification_autogrouped: 0|com.qq.reader|1977936656|null|10212
05-26 12:16:43.715  2923  4658 I notification_autogrouped: 0|com.qq.reader|24|null|10212
05-26 12:16:43.723  2923 31026 I notification_autogrouped: 0|com.qq.reader|24|null|10212
05-26 12:16:43.723  2923 31026 I notification_autogrouped: 0|com.qq.reader|1977936656|null|10212
05-26 12:16:43.727  2923 10347 I notification_autogrouped: 0|com.vivo.game|1001051|null|10114
05-26 12:16:43.730  2923 10340 I notification_autogrouped: 0|com.vivo.game|1001051|null|10114
05-26 12:16:43.739  2923  4432 I notification_autogrouped: 0|com.android.bbklog|1|null|1000
05-26 12:16:43.745  2923  9670 I notification_autogrouped: 0|com.android.bbklog|1|null|1000
05-26 12:16:43.777  2923 10343 I am_kill : [0,22055,com.vivo.widget.calendar,902,stop com.vivo.widget.calendar]
05-26 12:16:43.777  2923  4515 I notification_autogrouped: 0|com.bbk.appstore|100000|null|10030
05-26 12:16:43.778  2923 10350 I notification_autogrouped: 0|com.bbk.appstore|100000|null|10030
05-26 12:16:43.779  2923 10343 I am_mem_factor: [2,1]
05-26 12:16:43.795  2923  2923 I notification_cancel_all: [1000,2923,com.vivo.widget.calendar,0,0,0,5,NULL]
05-26 12:16:43.808  2923 31159 I notification_autogrouped: 0|com.vivo.browser|20000000|null|10025
05-26 12:16:43.813  2923  4570 I notification_autogrouped: 0|com.vivo.browser|20000000|null|10025
05-26 12:16:43.817  2923  4665 I notification_autogrouped: 0|com.vivo.abe|1002001|null|1000
05-26 12:16:43.822  2923  4693 I notification_autogrouped: 0|com.vivo.abe|1002001|null|1000
05-26 12:16:43.826  2923  3101 I notification_autogrouped: 0|com.bbk.iqoo.logsystem|3|null|10064
05-26 12:16:43.832  2923  4690 I notification_autogrouped: 0|com.bbk.iqoo.logsystem|3|null|10064
05-26 12:16:43.841  2923  4658 I am_broadcast_discard_app: [0,222707406,android.intent.action.PACKAGE_RESTARTED,4,ResolveInfo{f5fb1ef com.jingdong.app.mall/.broadcastReceiver.AppStateRecevier m=0x208000}]
05-26 12:16:44.112  2923 10336 I am_kill : [0,22075,com.vivo.space,500,stop com.vivo.space]
05-26 12:16:44.113  2923 10336 I am_schedule_service_restart: [0,com.vivo.space/.service.UpgradeService,1000]
05-26 12:16:44.134  2923  2923 I notification_cancel_all: [1000,2923,com.vivo.space,0,0,0,5,NULL]
05-26 12:16:44.195  2923 10350 I am_broadcast_discard_app: [0,174315397,android.intent.action.PACKAGE_RESTARTED,4,ResolveInfo{e0b79da com.jingdong.app.mall/.broadcastReceiver.AppStateRecevier m=0x208000}]
05-26 12:16:44.440  2923 10351 I am_kill : [0,21187,com.xyauto.carcenter:QS,500,stop com.xyauto.carcenter]
05-26 12:16:44.441  2923 10351 I am_schedule_service_restart: [0,com.xyauto.carcenter/com.q.m.QS,1000]
05-26 12:16:44.442  2923 10351 I am_kill : [0,20565,com.xyauto.carcenter,500,stop com.xyauto.carcenter]
05-26 12:16:44.443  2923 10351 I am_schedule_service_restart: [0,com.xyauto.carcenter/com.qihoo.ls.SoService,51352]
05-26 12:16:44.444  2923 10351 I am_schedule_service_restart: [0,com.xyauto.carcenter/com.qihoo.util.CommonService,111352]
05-26 12:16:44.445  2923 10351 I am_kill : [0,21458,com.xyauto.carcenter:mult,500,stop com.xyauto.carcenter]
05-26 12:16:44.446  2923 10351 I am_schedule_service_restart: [0,com.xyauto.carcenter/cn.jpush.android.service.PushService,121349]
05-26 12:16:44.463  2923  2923 I notification_cancel_all: [1000,2923,com.xyauto.carcenter,0,0,0,5,NULL]
05-26 12:16:44.506  2923  9685 I am_broadcast_discard_app: [0,231879912,android.intent.action.PACKAGE_RESTARTED,4,ResolveInfo{c5efe7 com.jingdong.app.mall/.broadcastReceiver.AppStateRecevier m=0x208000}]
05-26 12:16:44.763  2923  4569 I am_kill : [0,21087,so.ofo.labofo,500,stop so.ofo.labofo]
05-26 12:16:44.765  2923  4569 I am_schedule_service_restart: [0,so.ofo.labofo/com.igexin.sdk.PushServiceUser,1000]
05-26 12:16:44.766  2923  4569 I am_kill : [0,21234,so.ofo.labofo:pushservice,500,stop so.ofo.labofo]
05-26 12:16:44.767  2923  4569 I am_schedule_service_restart: [0,so.ofo.labofo/com.igexin.sdk.PushService,1000]
05-26 12:16:44.773  2923  4569 I am_finish_activity: [0,135385480,448,so.ofo.labofo/.activities.journey.MainActivity,force-stop]
05-26 12:16:44.792  2923  3245 I am_destroy_activity: [0,135385480,448,so.ofo.labofo/.activities.journey.MainActivity,finish-idle]
05-26 12:16:44.793  2923  3245 I wm_task_removed: [448,removeAppToken: last token]
05-26 12:16:44.793  2923  3245 I wm_task_removed: [448,removeTask]
05-26 12:16:44.806  2923  2923 I notification_cancel_all: [1000,2923,so.ofo.labofo,0,0,0,5,NULL]
05-26 12:16:44.836  2923  3245 I am_mem_factor: [1,2]
05-26 12:16:44.854  2923  4690 I am_broadcast_discard_app: [0,92959293,android.intent.action.PACKAGE_RESTARTED,4,ResolveInfo{2ef6a32 com.jingdong.app.mall/.broadcastReceiver.AppStateRecevier m=0x208000}]
05-26 12:16:45.094  2923 31026 I am_kill : [0,8098,com.nuomi:feedback,906,stop com.nuomi]
05-26 12:16:45.095  2923 31026 I am_kill : [0,22349,com.nuomi:bdservice_v1,500,stop com.nuomi]
05-26 12:16:45.097  2923 31026 I am_schedule_service_restart: [0,com.nuomi/com.baidu.android.pushservice.PushService,50698]
05-26 12:16:45.099  2923 31026 I am_kill : [0,19701,com.nuomi:remote,500,stop com.nuomi]
05-26 12:16:45.100  2923 31026 I am_schedule_service_restart: [0,com.nuomi/com.baidu.blink.services.NetworkService,110696]
05-26 12:16:45.100  2923 31026 I am_schedule_service_restart: [0,com.nuomi/com.baidu.blink.services.RemoteSessionService,120696]
05-26 12:16:45.103  2923 31026 I am_kill : [0,22299,com.nuomi,500,stop com.nuomi]
05-26 12:16:45.105  2923 31026 I am_schedule_service_restart: [0,com.nuomi/com.baidu.blink.services.MessageReceiverService,130690]
05-26 12:16:45.105  2923 31026 I am_schedule_service_restart: [0,com.nuomi/com.baidu.ibeacon.service.WifiDetectorService,140690]
05-26 12:16:45.107  2923 31026 I am_kill : [0,19741,com.nuomi:ultranet,500,stop com.nuomi]
05-26 12:16:45.109  2923 31026 I am_schedule_service_restart: [0,com.nuomi/com.baidu.ultranet.UltraNetSandboxService,150687]
05-26 12:16:45.115  2923 31026 I am_mem_factor: [2,1]
05-26 12:16:45.122  2923 31026 I am_finish_activity: [0,114713180,501,com.nuomi/com.baidu.bainuo.home.HomeTabActivity,force-stop]
05-26 12:16:45.131  2923  3245 I am_destroy_activity: [0,114713180,501,com.nuomi/com.baidu.bainuo.home.HomeTabActivity,finish-idle]
05-26 12:16:45.132  2923  3245 I wm_task_removed: [501,removeAppToken: last token]
05-26 12:16:45.132  2923  3245 I wm_task_removed: [501,removeTask]
05-26 12:16:45.141  2923  2923 I notification_cancel_all: [1000,2923,com.nuomi,0,0,0,5,NULL]
05-26 12:16:45.169  2923  2923 I notification_canceled: [0|com.nuomi|186570398|null|10207,5,846282,846282,0]
05-26 12:16:45.170  2923  2923 I notification_canceled: [0|com.nuomi|2147483647|group_key_override|10207|ranker_bundle,5,846219,846219,0]
05-26 12:16:45.183  2923 10336 I am_broadcast_discard_app: [0,93632768,android.intent.action.PACKAGE_RESTARTED,4,ResolveInfo{725f77e com.jingdong.app.mall/.broadcastReceiver.AppStateRecevier m=0x208000}]
05-26 12:16:45.516  2923 10335 I am_kill : [0,14704,com.UCMobile:SearchBackgroundProcess,800,stop com.UCMobile]
05-26 12:16:45.518  2923 10335 I am_schedule_service_restart: [0,com.UCMobile/com.uc.application.search.service.SearchBackgroundService,50278]
05-26 12:16:45.519  2923 10335 I am_kill : [0,13556,com.UCMobile,800,stop com.UCMobile]
05-26 12:16:45.520  2923 10335 I am_schedule_service_restart: [0,com.UCMobile/com.uc.browser.startup.WarmStartupService,110276]
05-26 12:16:45.522  2923 10335 I am_kill : [0,20917,com.UCMobile:push,500,stop com.UCMobile]
05-26 12:16:45.523  2923 10335 I am_schedule_service_restart: [0,com.UCMobile/com.uc.base.push.dispatcher.PushHandlerService,120272]
05-26 12:16:45.528  2923 10335 I am_mem_factor: [1,2]
05-26 12:16:45.547  2923  2923 I notification_cancel_all: [1000,2923,com.UCMobile,0,0,0,5,NULL]
05-26 12:16:45.598  2923  4432 I am_broadcast_discard_app: [0,146739825,android.intent.action.PACKAGE_RESTARTED,4,ResolveInfo{55f7856 com.jingdong.app.mall/.broadcastReceiver.AppStateRecevier m=0x208000}]
05-26 12:17:34.251  2923  9670 I am_broadcast_discard_app: [0,238517349,NULL,0,ResolveInfo{a4ed3a com.happyelements.AndroidAnimal/com.happyelements.gsp.android.notification.gcn.GcnBroadcastReceiver m=0x0}]
05-26 12:17:34.270  2923  3245 I am_wtf  : [0,2923,system_server,-1,KernelWakelockReader,neither /proc/wakelocks nor /d/wakeup_sources exists]
05-26 12:17:34.301  2923  3243 I sync    : [com.UCMobile.syssync,0,4,2702]
05-26 12:17:39.741  2923  3243 I sync    : [com.tencent.mtt.account.sync,0,4,105225487]
05-26 12:17:39.782  2923  3243 I sync    : [com.tencent.reading.account,0,4,702700858]
05-26 12:17:44.120  2923  3245 I am_wtf  : [0,2923,system_server,-1,KernelWakelockReader,neither /proc/wakelocks nor /d/wakeup_sources exists]
05-26 12:18:02.438  2923  2923 I free_storage_changed: 5275406336
05-26 12:19:51.360  2923  3245 I am_wtf  : [0,2923,system_server,-1,KernelWakelockReader,neither /proc/wakelocks nor /d/wakeup_sources exists]
05-26 12:20:01.451  2923  3245 I am_wtf  : [0,2923,system_server,-1,KernelWakelockReader,neither /proc/wakelocks nor /d/wakeup_sources exists]
05-26 12:20:21.056  2923  4013 I am_wtf  : [0,2923,system_server,-1,ActivityManager,Sending non-protected broadcast android.vivo.bbklog.action.startMemoryLeakLogService from system uid 1000 pkg com.android.bbklog]
05-26 12:20:21.083  2923  3245 I am_wtf  : [0,2923,system_server,-1,KernelWakelockReader,neither /proc/wakelocks nor /d/wakeup_sources exists]
05-26 12:20:21.110  2923 10336 I am_broadcast_discard_app: [0,180592571,NULL,0,ResolveInfo{5982cd8 com.happyelements.AndroidAnimal/com.happyelements.gsp.android.notification.gcn.GcnBroadcastReceiver m=0x0}]
05-26 12:20:21.157  2923  3243 I am_pss  : [14205,10133,com.tencent.mm:push,26486784,24842240,0]
05-26 12:21:35.590  2923  4013 I am_wtf  : [0,2923,system_server,-1,ActivityManager,Sending non-protected broadcast com.vivo.messagecenter.upload_tempalarm from system uid 1000 pkg com.vivo.abe]
05-26 12:21:35.593  2923  4013 I am_wtf  : [0,2923,system_server,-1,ActivityManager,Sending non-protected broadcast com.vivo.pem.power from system uid 1000 pkg com.vivo.pem]
05-26 12:21:35.654  2923  3245 I am_wtf  : [0,2923,system_server,-1,KernelWakelockReader,neither /proc/wakelocks nor /d/wakeup_sources exists]
05-26 12:21:35.716  2923 10351 I am_broadcast_discard_app: [0,172624645,NULL,0,ResolveInfo{bc0675a com.happyelements.AndroidAnimal/com.happyelements.gsp.android.notification.gcn.GcnBroadcastReceiver m=0x0}]
05-26 12:21:35.740  2923  3245 I am_wtf  : [0,4503,system_server,-1,KernelWakelockReader,neither /proc/wakelocks nor /d/wakeup_sources exists]
05-26 12:21:35.948  2923  4688 I am_kill : [0,22529,android.ext.services,100,stop android.ext.services]
05-26 12:21:35.948  2923  4688 I am_schedule_service_restart: [0,android.ext.services/.notification.Ranker,41158]
05-26 12:21:35.961  2923  2923 I notification_cancel_all: [1000,2923,android.ext.services,0,0,0,5,NULL]
05-26 12:21:36.008  2923  2923 I am_proc_start: [0,22575,10013,android.ext.services,service,android.ext.services/.notification.Ranker]
05-26 12:21:36.019  2923 10346 I am_broadcast_discard_app: [0,3234570,android.intent.action.PACKAGE_RESTARTED,4,ResolveInfo{3f5e2f3 com.jingdong.app.mall/.broadcastReceiver.AppStateRecevier m=0x208000}]
05-26 12:21:36.024  2923  4692 I am_proc_bound: [0,22575,android.ext.services]
05-26 12:21:36.104  2923  9670 I notification_autogrouped: 0|com.qq.reader|1977936656|null|10212
05-26 12:21:36.107  2923 10348 I notification_autogrouped: 0|com.qq.reader|1977936656|null|10212
05-26 12:21:36.111  2923  4688 I notification_autogrouped: 0|com.qq.reader|24|null|10212
05-26 12:21:36.114  2923  3103 I notification_autogrouped: 0|com.qq.reader|24|null|10212
05-26 12:21:36.114  2923  3103 I notification_autogrouped: 0|com.qq.reader|1977936656|null|10212
05-26 12:21:36.118  2923 10351 I notification_autogrouped: 0|com.vivo.game|1001051|null|10114
05-26 12:21:36.121  2923 10346 I notification_autogrouped: 0|com.vivo.game|1001051|null|10114
05-26 12:21:36.125  2923 10347 I notification_autogrouped: 0|com.android.bbklog|1|null|1000
05-26 12:21:36.129  2923 31026 I notification_autogrouped: 0|com.android.bbklog|1|null|1000
05-26 12:21:36.132  2923  4570 I notification_autogrouped: 0|com.bbk.appstore|100000|null|10030
05-26 12:21:36.136  2923  4692 I notification_autogrouped: 0|com.bbk.appstore|100000|null|10030
05-26 12:21:36.140  2923 10335 I notification_autogrouped: 0|com.vivo.browser|20000000|null|10025
05-26 12:21:36.143  2923 10329 I notification_autogrouped: 0|com.vivo.browser|20000000|null|10025
05-26 12:21:36.147  2923 10336 I notification_autogrouped: 0|com.vivo.abe|1002001|null|1000
05-26 12:21:36.151  2923  3101 I notification_autogrouped: 0|com.vivo.abe|1002001|null|1000
05-26 12:21:36.154  2923 10350 I notification_autogrouped: 0|com.bbk.iqoo.logsystem|3|null|10064
05-26 12:21:36.158  2923  4665 I notification_autogrouped: 0|com.bbk.iqoo.logsystem|3|null|10064
05-26 12:21:36.613  2923  3243 I am_proc_start: [0,22589,10077,com.android.printspooler,service,com.android.printspooler/.model.PrintSpoolerService]
05-26 12:21:36.628  2923 10360 I am_proc_bound: [0,22589,com.android.printspooler]
05-26 12:21:36.734  2923  3243 I am_pss  : [21985,10088,com.bbk.updater,9208832,7340032,0]
05-26 12:21:36.778  2923  3243 I am_pss  : [22016,10092,com.bbk.calendar,5018624,3608576,0]
05-26 12:21:36.839  2923  3243 I am_pss  : [20758,10154,com.achievo.vipshop,21552128,17981440,0]
05-26 12:21:37.127  2923  3245 I am_proc_start: [0,22603,10002,android.process.acore,service,com.android.providers.contacts/.smartdialer.BBKDialerInitService]
05-26 12:21:37.156  2923  4569 I am_proc_bound: [0,22603,android.process.acore]
05-26 12:21:56.497  2923  3245 I am_wtf  : [0,2923,system_server,-1,KernelWakelockReader,neither /proc/wakelocks nor /d/wakeup_sources exists]
05-26 12:22:01.713  2923  3245 I am_wtf  : [0,2923,system_server,-1,KernelWakelockReader,neither /proc/wakelocks nor /d/wakeup_sources exists]
05-26 12:22:20.707  2923  3245 I am_proc_start: [0,22621,10056,com.vivo.doubletimezoneclock,broadcast,com.vivo.doubletimezoneclock/.DoubleTimezoneClockWidgetProvider]
05-26 12:22:20.707  2923  3245 I am_wtf  : [0,2923,system_server,-1,KernelWakelockReader,neither /proc/wakelocks nor /d/wakeup_sources exists]
05-26 12:22:20.710  2923  4013 I am_wtf  : [0,2923,system_server,-1,ActivityManager,Sending non-protected broadcast MqttService.pingSender.102750607066235440 from system uid 1000 pkg com.vivo.abe]
05-26 12:22:20.723  2923 10349 I am_proc_bound: [0,22621,com.vivo.doubletimezoneclock]
05-26 12:22:20.779  2923  3243 I am_pss  : [22036,10004,com.android.providers.calendar,5522432,3952640,0]
05-26 12:22:20.815  2923 10343 I am_proc_start: [0,22635,10045,com.vivo.weather.provider,content provider,com.vivo.weather.provider/.WeatherProvider]
05-26 12:22:20.832  2923 31160 I am_proc_bound: [0,22635,com.vivo.weather.provider]
05-26 12:22:20.960  2923  3245 I am_wtf  : [0,2923,system_server,-1,KernelWakelockReader,neither /proc/wakelocks nor /d/wakeup_sources exists]
05-26 12:22:40.052  2923  3245 I am_wtf  : [0,2923,system_server,-1,KernelWakelockReader,neither /proc/wakelocks nor /d/wakeup_sources exists]
05-26 12:22:40.091  2923  4693 I am_wtf  : [0,2923,system_server,-1,ActivityManager,Sending non-protected broadcast com.vivo.behavior.alarm from system 5543:com.vivo.abe/1000 pkg com.vivo.abe]
05-26 12:22:40.093  2923  4693 I am_wtf  : [0,2923,system_server,-1,ActivityManager,Sending non-protected broadcast com.vivo.behavior.alarm from system 5543:com.vivo.abe/1000 pkg com.vivo.abe]
05-26 12:22:40.097  2923 10349 I am_broadcast_discard_app: [0,90422041,NULL,0,ResolveInfo{cce77de com.happyelements.AndroidAnimal/com.happyelements.gsp.android.notification.gcn.GcnBroadcastReceiver m=0x0}]
05-26 12:22:40.154  2923  4028 I netstats_mobile_sample: [40197807,59564,14768617,50048,40196407,59529,14368233,50048,40196407,59529,14412535,50791,1495772559991]
05-26 12:22:40.155  2923  4028 I netstats_wifi_sample: [4340400242,4281842,411405100,2040456,4333555718,4071627,385046502,2057814,4329853296,4045818,387680538,2101449,1495772559991]
05-26 12:24:01.997  2923  3245 I am_wtf  : [0,2923,system_server,-1,KernelWakelockReader,neither /proc/wakelocks nor /d/wakeup_sources exists]
05-26 12:24:02.017  2923  3245 I am_wtf  : [0,2923,system_server,-1,KernelWakelockReader,neither /proc/wakelocks nor /d/wakeup_sources exists]
05-26 12:24:08.448  2923  3245 I am_wtf  : [0,2923,system_server,-1,KernelWakelockReader,neither /proc/wakelocks nor /d/wakeup_sources exists]
05-26 12:25:08.389  2923  3245 I am_wtf  : [0,2923,system_server,-1,KernelWakelockReader,neither /proc/wakelocks nor /d/wakeup_sources exists]
05-26 12:25:20.836  2923  3245 I am_broadcast_discard_app: [0,17716161,NULL,0,ResolveInfo{8e4a766 com.happyelements.AndroidAnimal/com.happyelements.gsp.android.notification.gcn.GcnBroadcastReceiver m=0x0}]
05-26 12:26:12.985  2923  4013 I am_wtf  : [0,2923,system_server,-1,ActivityManager,Sending non-protected broadcast com.vivo.messagecenter.upload_tempalarm from system uid 1000 pkg com.vivo.abe]
05-26 12:26:13.025  2923  3245 I am_wtf  : [0,2923,system_server,-1,KernelWakelockReader,neither /proc/wakelocks nor /d/wakeup_sources exists]
05-26 12:26:13.055  2923  4570 I am_broadcast_discard_app: [0,207005913,NULL,0,ResolveInfo{92e329e com.happyelements.AndroidAnimal/com.happyelements.gsp.android.notification.gcn.GcnBroadcastReceiver m=0x0}]
05-26 12:26:31.353  2923  3245 I am_proc_start: [0,22683,10154,com.achievo.vipshop:h5,service,com.achievo.vipshop/.commons.h5process.h5.H5ProcessService]
05-26 12:26:31.390  2923 10354 I am_proc_bound: [0,22683,com.achievo.vipshop:h5]
05-26 12:26:35.711  2923  3245 I am_wtf  : [0,2923,system_server,-1,KernelWakelockReader,neither /proc/wakelocks nor /d/wakeup_sources exists]
05-26 12:26:35.736  2923  3243 I am_pss  : [22227,10212,com.qq.reader,15385600,11808768,0]
05-26 12:26:35.768  2923  3243 I am_pss  : [5698,10071,com.oma.drm.server,5253120,4767744,0]
05-26 12:27:41.054  2923  4013 I am_wtf  : [0,2923,system_server,-1,ActivityManager,Sending non-protected broadcast com.vivo.pem.power from system uid 1000 pkg com.vivo.pem]
05-26 12:27:41.058  2923  3243 I am_pss  : [5685,10017,com.baidu.map.location,14885888,13361152,0]
05-26 12:27:41.071  2923  4013 I am_wtf  : [0,2923,system_server,-1,ActivityManager,Sending non-protected broadcast MqttService.pingSender.102750607066235440 from system uid 1000 pkg com.vivo.abe]
05-26 12:27:41.086  2923  3245 I am_wtf  : [0,4503,system_server,-1,KernelWakelockReader,neither /proc/wakelocks nor /d/wakeup_sources exists]
05-26 12:27:41.129  2923  9670 I am_broadcast_discard_app: [0,197358833,NULL,0,ResolveInfo{34068d6 com.happyelements.AndroidAnimal/com.happyelements.gsp.android.notification.gcn.GcnBroadcastReceiver m=0x0}]
05-26 12:27:41.141  2923  3243 I am_pss  : [5672,1001,com.qualcomm.qti.loadcarrier,4843520,4354048,0]
05-26 12:27:41.215  2923  3245 I am_wtf  : [0,2923,system_server,-1,KernelWakelockReader,neither /proc/wakelocks nor /d/wakeup_sources exists]
05-26 12:27:41.222  2923  3243 I am_pss  : [5659,1000,com.alps.lcn,7178240,6574080,0]
05-26 12:27:41.271  2923  3243 I am_pss  : [5543,1000,com.vivo.abe,28083200,26230784,0]
05-26 12:27:41.318  2923  3243 I am_pss  : [4667,1001,com.android.phone,43711488,42344448,0]
05-26 12:27:41.353  2923  3243 I am_pss  : [4652,1000,com.vivo.upslide,86777856,83992576,0]
05-26 12:27:41.362  2923 10349 I am_kill : [0,22575,android.ext.services,100,stop android.ext.services]
05-26 12:27:41.362  2923 10349 I am_schedule_service_restart: [0,android.ext.services/.notification.Ranker,1000]
05-26 12:27:41.370  2923  2923 I notification_cancel_all: [1000,2923,android.ext.services,0,0,0,5,NULL]
05-26 12:27:41.399  2923  3243 I am_pss  : [4646,1000,com.android.server.telecom,8955904,8314880,0]
05-26 12:27:41.412  2923  2923 I am_proc_start: [0,22733,10013,android.ext.services,service,android.ext.services/.notification.Ranker]
05-26 12:27:41.422  2923  3243 I am_pss  : [4634,1000,.dataservices,9307136,8654848,0]
05-26 12:27:41.430  2923 31160 I am_broadcast_discard_app: [0,153529694,android.intent.action.PACKAGE_RESTARTED,4,ResolveInfo{ec2565b com.jingdong.app.mall/.broadcastReceiver.AppStateRecevier m=0x208000}]
05-26 12:27:41.434  2923 31160 I am_proc_bound: [0,22733,android.ext.services]
05-26 12:27:41.465  2923  3243 I am_pss  : [4503,1000,com.vivo.daemonService,38817792,37273600,0]
05-26 12:27:41.508  2923  3243 I am_pss  : [4354,10024,com.android.systemui,104454144,98357248,0]
05-26 12:27:41.521  2923 31159 I notification_autogrouped: 0|com.qq.reader|1977936656|null|10212
05-26 12:27:41.525  2923 10335 I notification_autogrouped: 0|com.qq.reader|1977936656|null|10212
05-26 12:27:41.526  2923 10360 I notification_autogrouped: 0|com.qq.reader|24|null|10212
05-26 12:27:41.530  2923 10336 I notification_autogrouped: 0|com.qq.reader|24|null|10212
05-26 12:27:41.530  2923 10336 I notification_autogrouped: 0|com.qq.reader|1977936656|null|10212
05-26 12:27:41.534  2923 10329 I notification_autogrouped: 0|com.vivo.game|1001051|null|10114
05-26 12:27:41.535  2923  3103 I notification_autogrouped: 0|com.vivo.game|1001051|null|10114
05-26 12:27:41.541  2923 31160 I notification_autogrouped: 0|com.android.bbklog|1|null|1000
05-26 12:27:41.545  2923  4692 I notification_autogrouped: 0|com.android.bbklog|1|null|1000
05-26 12:27:41.550  2923 10354 I notification_autogrouped: 0|com.bbk.appstore|100000|null|10030
05-26 12:27:41.551  2923 31159 I notification_autogrouped: 0|com.bbk.appstore|100000|null|10030
05-26 12:27:41.556  2923 10335 I notification_autogrouped: 0|com.vivo.browser|20000000|null|10025
05-26 12:27:41.561  2923  3103 I notification_autogrouped: 0|com.vivo.browser|20000000|null|10025
05-26 12:27:41.566  2923 10349 I notification_autogrouped: 0|com.vivo.abe|1002001|null|1000
05-26 12:27:41.570  2923 10348 I notification_autogrouped: 0|com.vivo.abe|1002001|null|1000
05-26 12:27:41.571  2923  3243 I am_pss  : [2923,1000,system,163053568,159350784,0]
05-26 12:27:41.572  2923  3243 I sync    : [com.huajiao.account.syncprovider,0,4,1064065]
05-26 12:27:41.574  2923  4693 I notification_autogrouped: 0|com.bbk.iqoo.logsystem|3|null|10064
05-26 12:27:41.575  2923  4688 I notification_autogrouped: 0|com.bbk.iqoo.logsystem|3|null|10064
05-26 12:27:41.620  2923  3243 I sync    : [com.ss.android.account.AccountProvider32,0,4,706872568]
05-26 12:27:41.661  2923  2923 I notification_cancel_all: [1000,2923,com.oma.drm.server,0,0,0,5,NULL]
05-26 12:27:41.710  2923  4658 I am_broadcast_discard_app: [0,37883517,android.intent.action.PACKAGE_RESTARTED,4,ResolveInfo{8387172 com.jingdong.app.mall/.broadcastReceiver.AppStateRecevier m=0x208000}]
05-26 12:27:41.932  2923  3103 I am_proc_start: [0,22781,10154,com.achievo.vipshop:remote,service,com.achievo.vipshop/com.baidu.location.f]
05-26 12:27:41.933  2923  4690 I am_kill : [0,22589,com.android.printspooler,900,stop com.android.printspooler]
05-26 12:27:41.936  2923  4690 I am_mem_factor: [2,1]
05-26 12:27:41.946  2923  2923 I notification_cancel_all: [1000,2923,com.android.printspooler,0,0,0,5,NULL]
05-26 12:27:41.956  2923 31159 I am_proc_bound: [0,22781,com.achievo.vipshop:remote]
05-26 12:27:42.002  2923 31159 I am_broadcast_discard_app: [0,55176314,android.intent.action.PACKAGE_RESTARTED,4,ResolveInfo{ea37888 com.jingdong.app.mall/.broadcastReceiver.AppStateRecevier m=0x208000}]
05-26 12:29:36.173  2923  3245 I am_broadcast_discard_app: [0,111860982,NULL,0,ResolveInfo{25738f7 com.happyelements.AndroidAnimal/com.happyelements.gsp.android.notification.gcn.GcnBroadcastReceiver m=0x0}]
05-26 12:29:36.210  2923  3245 I am_wtf  : [0,2923,system_server,-1,KernelWakelockReader,neither /proc/wakelocks nor /d/wakeup_sources exists]
05-26 12:32:42.852  2923  4013 I am_wtf  : [0,2923,system_server,-1,ActivityManager,Sending non-protected broadcast com.vivo.messagecenter.upload_tempalarm from system uid 1000 pkg com.vivo.abe]
05-26 12:32:42.864  2923  4013 I am_wtf  : [0,2923,system_server,-1,ActivityManager,Sending non-protected broadcast MqttService.pingSender.102750607066235440 from system uid 1000 pkg com.vivo.abe]
05-26 12:32:42.875  2923  4013 I am_wtf  : [0,2923,system_server,-1,ActivityManager,Sending non-protected broadcast com.vivo.pem.power from system uid 1000 pkg com.vivo.pem]
05-26 12:32:42.946  2923  3245 I am_wtf  : [0,2923,system_server,-1,KernelWakelockReader,neither /proc/wakelocks nor /d/wakeup_sources exists]
05-26 12:32:43.032  2923  4665 I am_broadcast_discard_app: [0,197597063,NULL,0,ResolveInfo{65a56b4 com.happyelements.AndroidAnimal/com.happyelements.gsp.android.notification.gcn.GcnBroadcastReceiver m=0x0}]
05-26 12:32:43.091  2923  3245 I am_wtf  : [0,4503,system_server,-1,KernelWakelockReader,neither /proc/wakelocks nor /d/wakeup_sources exists]
05-26 12:32:43.341  2923  4302 I am_kill : [0,22733,android.ext.services,100,stop android.ext.services]
05-26 12:32:43.342  2923  4302 I am_schedule_service_restart: [0,android.ext.services/.notification.Ranker,1000]
05-26 12:32:43.361  2923  2923 I notification_cancel_all: [1000,2923,android.ext.services,0,0,0,5,NULL]
05-26 12:32:43.438  2923  2923 I am_proc_start: [0,22871,10013,android.ext.services,service,android.ext.services/.notification.Ranker]
05-26 12:32:43.448  2923  4658 I am_broadcast_discard_app: [0,118920603,android.intent.action.PACKAGE_RESTARTED,4,ResolveInfo{ebef077 com.jingdong.app.mall/.broadcastReceiver.AppStateRecevier m=0x208000}]
05-26 12:32:43.454  2923 10340 I am_proc_bound: [0,22871,android.ext.services]
05-26 12:32:43.546  2923  4432 I notification_autogrouped: 0|com.qq.reader|1977936656|null|10212
05-26 12:32:43.551  2923  9670 I notification_autogrouped: 0|com.qq.reader|1977936656|null|10212
05-26 12:32:43.556  2923 10343 I notification_autogrouped: 0|com.qq.reader|24|null|10212
05-26 12:32:43.561  2923  4693 I notification_autogrouped: 0|com.qq.reader|24|null|10212
05-26 12:32:43.561  2923  4693 I notification_autogrouped: 0|com.qq.reader|1977936656|null|10212
05-26 12:32:43.566  2923 10350 I notification_autogrouped: 0|com.vivo.game|1001051|null|10114
05-26 12:32:43.571  2923 10358 I notification_autogrouped: 0|com.vivo.game|1001051|null|10114
05-26 12:32:43.577  2923  4690 I notification_autogrouped: 0|com.android.bbklog|1|null|1000
05-26 12:32:43.583  2923  4658 I notification_autogrouped: 0|com.android.bbklog|1|null|1000
05-26 12:32:43.588  2923  9685 I notification_autogrouped: 0|com.bbk.appstore|100000|null|10030
05-26 12:32:43.594  2923 10340 I notification_autogrouped: 0|com.bbk.appstore|100000|null|10030
05-26 12:32:43.599  2923 10329 I notification_autogrouped: 0|com.vivo.browser|20000000|null|10025
05-26 12:32:43.604  2923 31026 I notification_autogrouped: 0|com.vivo.browser|20000000|null|10025
05-26 12:32:43.610  2923 10336 I notification_autogrouped: 0|com.vivo.abe|1002001|null|1000
05-26 12:32:43.615  2923 10351 I notification_autogrouped: 0|com.vivo.abe|1002001|null|1000
05-26 12:32:43.622  2923  4692 I notification_autogrouped: 0|com.bbk.iqoo.logsystem|3|null|10064
05-26 12:32:43.626  2923  4569 I notification_autogrouped: 0|com.bbk.iqoo.logsystem|3|null|10064
05-26 12:32:43.665  2923  3101 I am_kill : [0,22781,com.achievo.vipshop:remote,500,stop com.achievo.vipshop]
05-26 12:32:43.666  2923  3101 I am_schedule_service_restart: [0,com.achievo.vipshop/com.baidu.location.f,1000]
05-26 12:32:43.667  2923  3101 I am_kill : [0,22683,com.achievo.vipshop:h5,500,stop com.achievo.vipshop]
05-26 12:32:43.668  2923  3101 I am_schedule_service_restart: [0,com.achievo.vipshop/.commons.h5process.h5.H5ProcessService,1000]
05-26 12:32:43.669  2923  3101 I am_kill : [0,19560,com.achievo.vipshop:mon,904,stop com.achievo.vipshop]
05-26 12:32:43.670  2923  3101 I am_kill : [0,20758,com.achievo.vipshop,700,stop com.achievo.vipshop]
05-26 12:32:43.683  2923  2923 I notification_cancel_all: [1000,2923,com.achievo.vipshop,0,0,0,5,NULL]
05-26 12:32:43.722  2923  4688 I am_broadcast_discard_app: [0,112627714,android.intent.action.PACKAGE_RESTARTED,4,ResolveInfo{601aa4e com.jingdong.app.mall/.broadcastReceiver.AppStateRecevier m=0x208000}]
05-26 12:35:48.836  2923  3245 I am_wtf  : [0,2923,system_server,-1,KernelWakelockReader,neither /proc/wakelocks nor /d/wakeup_sources exists]
05-26 12:35:48.865  2923  3245 I am_wtf  : [0,2923,system_server,-1,KernelWakelockReader,neither /proc/wakelocks nor /d/wakeup_sources exists]
05-26 12:37:04.472  2923  3245 I am_wtf  : [0,2923,system_server,-1,KernelWakelockReader,neither /proc/wakelocks nor /d/wakeup_sources exists]
05-26 12:37:40.365  2923  3245 I am_broadcast_discard_app: [0,68264179,NULL,0,ResolveInfo{97dc1b0 com.happyelements.AndroidAnimal/com.happyelements.gsp.android.notification.gcn.GcnBroadcastReceiver m=0x0}]
05-26 12:37:40.382  2923  4013 I am_wtf  : [0,2923,system_server,-1,ActivityManager,Sending non-protected broadcast com.vivo.pem.power from system uid 1000 pkg com.vivo.pem]
05-26 12:37:40.443  2923  3245 I am_wtf  : [0,4503,system_server,-1,KernelWakelockReader,neither /proc/wakelocks nor /d/wakeup_sources exists]
05-26 12:37:40.444  2923  3243 I am_pss  : [22603,10002,android.process.acore,30700544,27947008,0]
05-26 12:37:40.501  2923  3245 I am_wtf  : [0,2923,system_server,-1,KernelWakelockReader,neither /proc/wakelocks nor /d/wakeup_sources exists]
05-26 12:37:40.631  2923 10350 I am_kill : [0,22871,android.ext.services,100,stop android.ext.services]
05-26 12:37:40.632  2923 10350 I am_schedule_service_restart: [0,android.ext.services/.notification.Ranker,18925]
05-26 12:37:40.645  2923  2923 I notification_cancel_all: [1000,2923,android.ext.services,0,0,0,5,NULL]
05-26 12:37:40.711  2923  2923 I am_proc_start: [0,22915,10013,android.ext.services,service,android.ext.services/.notification.Ranker]
05-26 12:37:40.755  2923 10336 I am_broadcast_discard_app: [0,94950747,android.intent.action.PACKAGE_RESTARTED,4,ResolveInfo{a2205a4 com.jingdong.app.mall/.broadcastReceiver.AppStateRecevier m=0x208000}]
05-26 12:37:40.755  2923 10340 I am_proc_bound: [0,22915,android.ext.services]
05-26 12:37:40.824  2923 31026 I notification_autogrouped: 0|com.qq.reader|1977936656|null|10212
05-26 12:37:40.828  2923  4688 I notification_autogrouped: 0|com.qq.reader|1977936656|null|10212
05-26 12:37:40.831  2923  4570 I notification_autogrouped: 0|com.qq.reader|24|null|10212
05-26 12:37:40.831  2923  3243 I am_pss  : [22621,10056,com.vivo.doubletimezoneclock,14328832,12541952,0]
05-26 12:37:40.839  2923 10354 I notification_autogrouped: 0|com.qq.reader|24|null|10212
05-26 12:37:40.839  2923 10354 I notification_autogrouped: 0|com.qq.reader|1977936656|null|10212
05-26 12:37:40.840  2923  4515 I notification_autogrouped: 0|com.vivo.game|1001051|null|10114
05-26 12:37:40.841  2923  9670 I notification_autogrouped: 0|com.vivo.game|1001051|null|10114
05-26 12:37:40.848  2923 10335 I notification_autogrouped: 0|com.android.bbklog|1|null|1000
05-26 12:37:40.849  2923 10351 I notification_autogrouped: 0|com.android.bbklog|1|null|1000
05-26 12:37:40.851  2923 10340 I notification_autogrouped: 0|com.bbk.appstore|100000|null|10030
05-26 12:37:40.853  2923  4690 I notification_autogrouped: 0|com.bbk.appstore|100000|null|10030
05-26 12:37:40.864  2923 10358 I notification_autogrouped: 0|com.vivo.browser|20000000|null|10025
05-26 12:37:40.940  2923 10336 I notification_autogrouped: 0|com.vivo.browser|20000000|null|10025
05-26 12:37:40.961  2923 10349 I notification_autogrouped: 0|com.vivo.abe|1002001|null|1000
05-26 12:37:40.963  2923 10343 I notification_autogrouped: 0|com.vivo.abe|1002001|null|1000
05-26 12:37:40.967  2923  4432 I notification_autogrouped: 0|com.bbk.iqoo.logsystem|3|null|10064
05-26 12:37:41.001  2923  3103 I notification_autogrouped: 0|com.bbk.iqoo.logsystem|3|null|10064
05-26 12:38:01.613  2923  3245 I am_wtf  : [0,2923,system_server,-1,KernelWakelockReader,neither /proc/wakelocks nor /d/wakeup_sources exists]
05-26 12:38:11.726  2923  4013 I am_wtf  : [0,2923,system_server,-1,ActivityManager,Sending non-protected broadcast MqttService.pingSender.102750607066235440 from system uid 1000 pkg com.vivo.abe]
05-26 12:38:11.821  2923  3245 I am_wtf  : [0,2923,system_server,-1,KernelWakelockReader,neither /proc/wakelocks nor /d/wakeup_sources exists]
05-26 12:38:11.849  2923  3103 I am_broadcast_discard_app: [0,213356977,NULL,0,ResolveInfo{8732696 com.happyelements.AndroidAnimal/com.happyelements.gsp.android.notification.gcn.GcnBroadcastReceiver m=0x0}]
05-26 12:38:49.530  2923  3245 I am_wtf  : [0,2923,system_server,-1,KernelWakelockReader,neither /proc/wakelocks nor /d/wakeup_sources exists]
05-26 12:38:50.515  2923  3243 I am_proc_start: [0,22949,10077,com.android.printspooler,service,com.android.printspooler/.model.PrintSpoolerService]
05-26 12:38:50.528  2923 10329 I am_proc_bound: [0,22949,com.android.printspooler]
05-26 12:42:15.357  2923  3245 I am_wtf  : [0,2923,system_server,-1,KernelWakelockReader,neither /proc/wakelocks nor /d/wakeup_sources exists]
05-26 12:42:39.712  2923  3245 I am_broadcast_discard_app: [0,125835922,NULL,0,ResolveInfo{88ffc63 com.happyelements.AndroidAnimal/com.happyelements.gsp.android.notification.gcn.GcnBroadcastReceiver m=0x0}]
05-26 12:42:39.727  2923  4013 I am_wtf  : [0,2923,system_server,-1,ActivityManager,Sending non-protected broadcast com.vivo.pem.power from system uid 1000 pkg com.vivo.pem]
05-26 12:42:39.740  2923  3245 I am_wtf  : [0,2923,system_server,-1,KernelWakelockReader,neither /proc/wakelocks nor /d/wakeup_sources exists]
05-26 12:42:39.797  2923  3245 I am_wtf  : [0,4503,system_server,-1,KernelWakelockReader,neither /proc/wakelocks nor /d/wakeup_sources exists]
05-26 12:42:40.107  2923  4658 I am_kill : [0,22915,android.ext.services,100,stop android.ext.services]
05-26 12:42:40.108  2923  4658 I am_schedule_service_restart: [0,android.ext.services/.notification.Ranker,12148]
05-26 12:42:40.126  2923  2923 I notification_cancel_all: [1000,2923,android.ext.services,0,0,0,5,NULL]
05-26 12:42:40.196  2923  2923 I am_proc_start: [0,22987,10013,android.ext.services,service,android.ext.services/.notification.Ranker]
05-26 12:42:40.210  2923  4569 I am_broadcast_discard_app: [0,126511819,android.intent.action.PACKAGE_RESTARTED,4,ResolveInfo{a5a2154 com.jingdong.app.mall/.broadcastReceiver.AppStateRecevier m=0x208000}]
05-26 12:42:40.216  2923 31159 I am_proc_bound: [0,22987,android.ext.services]
05-26 12:42:40.304  2923 10340 I notification_autogrouped: 0|com.qq.reader|1977936656|null|10212
05-26 12:42:40.309  2923 31160 I notification_autogrouped: 0|com.qq.reader|1977936656|null|10212
05-26 12:42:40.314  2923  4432 I notification_autogrouped: 0|com.qq.reader|24|null|10212
05-26 12:42:40.319  2923 10343 I notification_autogrouped: 0|com.qq.reader|24|null|10212
05-26 12:42:40.319  2923 10343 I notification_autogrouped: 0|com.qq.reader|1977936656|null|10212
05-26 12:42:40.324  2923 10348 I notification_autogrouped: 0|com.vivo.game|1001051|null|10114
05-26 12:42:40.329  2923 10360 I notification_autogrouped: 0|com.vivo.game|1001051|null|10114
05-26 12:42:40.334  2923  3101 I notification_autogrouped: 0|com.android.bbklog|1|null|1000
05-26 12:42:40.338  2923  4569 I notification_autogrouped: 0|com.android.bbklog|1|null|1000
05-26 12:42:40.342  2923  4692 I notification_autogrouped: 0|com.bbk.appstore|100000|null|10030
05-26 12:42:40.346  2923 31159 I notification_autogrouped: 0|com.bbk.appstore|100000|null|10030
05-26 12:42:40.350  2923  4515 I notification_autogrouped: 0|com.vivo.browser|20000000|null|10025
05-26 12:42:40.354  2923  4658 I notification_autogrouped: 0|com.vivo.browser|20000000|null|10025
05-26 12:42:40.358  2923 10351 I notification_autogrouped: 0|com.vivo.abe|1002001|null|1000
05-26 12:42:40.362  2923 10350 I notification_autogrouped: 0|com.vivo.abe|1002001|null|1000
05-26 12:42:40.367  2923  4690 I notification_autogrouped: 0|com.bbk.iqoo.logsystem|3|null|10064
05-26 12:42:40.371  2923  4302 I notification_autogrouped: 0|com.bbk.iqoo.logsystem|3|null|10064
05-26 12:42:40.418  2923  4665 I am_kill : [0,22949,com.android.printspooler,100,stop com.android.printspooler]
05-26 12:42:40.419  2923  4665 I am_schedule_service_restart: [0,com.android.printspooler/.model.PrintSpoolerService,11837]
05-26 12:42:40.502  2923  4515 I am_broadcast_discard_app: [0,255551555,android.intent.action.PACKAGE_RESTARTED,4,ResolveInfo{ce1fec0 com.jingdong.app.mall/.broadcastReceiver.AppStateRecevier m=0x208000}]
05-26 12:42:40.508  2923  2923 I notification_cancel_all: [1000,2923,com.android.printspooler,0,0,0,5,NULL]
05-26 12:45:30.421  2923  3245 I am_wtf  : [0,2923,system_server,-1,KernelWakelockReader,neither /proc/wakelocks nor /d/wakeup_sources exists]
05-26 12:45:30.451  2923  3245 I am_wtf  : [0,2923,system_server,-1,KernelWakelockReader,neither /proc/wakelocks nor /d/wakeup_sources exists]
