05-11 14:21:53.545  3843  4831 I am_proc_died: [0,10890,com.vivo.space]
05-11 14:21:53.689  3843  3915 I configuration_changed: 1152
05-11 14:21:53.735  3843  3884 I am_wtf  : [0,3843,system_server,-1,ActivityManager,Sending non-protected broadcast vivo.intent.action.CHECK_ALERT_WINDOW from system 3843:system/1000 pkg android]
05-11 14:21:53.736  3843  3884 I am_wtf  : [0,3843,system_server,-1,ActivityManager,Sending non-protected broadcast vivo.intent.action.CHECK_ALERT_WINDOW from system 3843:system/1000 pkg android]
05-11 14:21:53.787   512   512 I sf_frame_dur: [UpSlideTransparentView,1,0,0,0,0,0,0]
05-11 14:21:54.633  3843  3843 I notification_enqueue: [10030,5956,com.bbk.appstore,821,1:82,0,Notification(pri=0 contentView=null vibrate=null sound=null defaults=0x0 flags=0x2 color=0x00000000 vis=PRIVATE),1]
05-11 14:21:54.635  3843  4831 I notification_autogrouped: 0|com.bbk.appstore|821|1:82|10030
05-11 14:21:54.637  3843 21049 I notification_autogrouped: 0|com.bbk.appstore|821|1:82|10030
05-11 14:21:54.874  3843  3843 I notification_enqueue: [10030,5956,com.bbk.appstore,821,1:82,0,Notification(pri=0 contentView=null vibrate=null sound=null defaults=0x0 flags=0x2 color=0x00000000 vis=PRIVATE),1]
05-11 14:21:54.884  3843  8740 I notification_autogrouped: 0|com.bbk.appstore|821|1:82|10030
05-11 14:21:54.887  3843 21050 I notification_autogrouped: 0|com.bbk.appstore|821|1:82|10030
05-11 14:21:56.160  3843  3843 I notification_enqueue: [10030,5956,com.bbk.appstore,821,1:82,0,Notification(pri=0 contentView=null vibrate=null sound=null defaults=0x0 flags=0x2 color=0x00000000 vis=PRIVATE),1]
05-11 14:21:56.167  3843  5752 I notification_autogrouped: 0|com.bbk.appstore|821|1:82|10030
05-11 14:21:56.170  3843  8624 I notification_autogrouped: 0|com.bbk.appstore|821|1:82|10030
05-11 14:21:56.363  3843  3843 I notification_enqueue: [10030,5956,com.bbk.appstore,821,1:82,0,Notification(pri=0 contentView=null vibrate=null sound=null defaults=0x0 flags=0x2 color=0x00000000 vis=PRIVATE),1]
05-11 14:21:56.369  3843 21047 I notification_autogrouped: 0|com.bbk.appstore|821|1:82|10030
05-11 14:21:56.372  3843  8736 I notification_autogrouped: 0|com.bbk.appstore|821|1:82|10030
05-11 14:21:56.483  3843  3881 I am_pss  : [5956,10030,com.bbk.appstore,107456512,102428672,0]
05-11 14:21:57.691  3843  3843 I notification_enqueue: [10030,5956,com.bbk.appstore,821,1:82,0,Notification(pri=0 contentView=null vibrate=null sound=null defaults=0x0 flags=0x2 color=0x00000000 vis=PRIVATE),1]
05-11 14:21:57.702  3843  4811 I notification_autogrouped: 0|com.bbk.appstore|821|1:82|10030
05-11 14:21:57.707  3843  4431 I notification_autogrouped: 0|com.bbk.appstore|821|1:82|10030
05-11 14:21:58.183   512   512 I sf_frame_dur: [com.bbk.launcher2/com.bbk.launcher2.Launcher,0,0,0,0,0,1,0]
05-11 14:21:58.226  3843  3843 I notification_enqueue: [10030,5956,com.bbk.appstore,821,1:82,0,Notification(pri=0 contentView=null vibrate=null sound=null defaults=0x0 flags=0x2 color=0x00000000 vis=PRIVATE),1]
05-11 14:21:58.236  3843  4786 I notification_autogrouped: 0|com.bbk.appstore|821|1:82|10030
05-11 14:21:58.240  3843 21036 I notification_autogrouped: 0|com.bbk.appstore|821|1:82|10030
05-11 14:21:58.421  3843  3929 I am_proc_start: [0,11107,10008,com.android.defcontainer,service,com.android.defcontainer/.DefaultContainerService]
05-11 14:21:58.426  7422  7422 I force_gc: bg
05-11 14:21:58.476  3843  3882 I am_proc_start: [0,11122,1000,com.android.keychain,broadcast,com.android.keychain/.KeyChainBroadcastReceiver]
05-11 14:21:58.478  3843  8736 I am_proc_bound: [0,11107,com.android.defcontainer]
05-11 14:21:58.519  3843 21051 I am_proc_bound: [0,11122,com.android.keychain]
05-11 14:21:58.593  3843  4216 I netstats_mobile_sample: [44214,133,25076,179,44214,133,23644,179,44214,133,23644,179,1494483718595]
05-11 14:21:58.593  3843  4216 I netstats_wifi_sample: [23120825790,15949466,549900147,8056957,23120771076,15946111,437103148,8056821,23120726887,15945874,437102924,8056816,1494483718595]
05-11 14:21:58.650  3843  3843 I notification_cancel_all: [1000,3843,com.t2ksports.nba2k16android,0,0,0,5,NULL]
05-11 14:21:58.664  3843  4812 I am_proc_start: [0,11139,1001,com.android.vendors.bridge.softsim,broadcast,com.android.vendors.bridge.softsim/.SoftSimReceiver]
05-11 14:21:58.669  3843  3843 I am_wtf  : [0,3843,system_server,-1,ActivityManager,Sending non-protected broadcast com.vivo.services.security.client.PACKAGE_PERMISSION_REMOVED from system 3843:system/1000 pkg android]
05-11 14:21:58.681  3843  8740 I am_proc_bound: [0,11139,com.android.vendors.bridge.softsim]
05-11 14:21:58.695  3843  3865 I am_kill : [0,9466,com.android.settings.search_service,906,empty #17]
05-11 14:21:58.765  3843  4672 I am_proc_died: [0,9466,com.android.settings.search_service]
05-11 14:21:58.788  3843  8739 I am_proc_start: [0,11154,1000,com.iqoo.engineermode,broadcast,com.iqoo.engineermode/.AppInstallReceiver]
05-11 14:21:58.806  3843  4831 I am_proc_bound: [0,11154,com.iqoo.engineermode]
05-11 14:21:58.994  3843  8740 I am_kill : [0,9539,com.android.camera,906,empty #17]
05-11 14:21:59.027  3843  3865 I am_proc_died: [0,9539,com.android.camera]
05-11 14:21:59.043  3843  3843 I notification_enqueue: [10030,5956,com.bbk.appstore,821,1:82,0,Notification(pri=0 contentView=null vibrate=null sound=null defaults=0x0 flags=0x2 color=0x00000000 vis=PRIVATE),1]
05-11 14:21:59.061  3843 21038 I notification_autogrouped: 0|com.bbk.appstore|821|1:82|10030
05-11 14:21:59.064  3843 21321 I notification_autogrouped: 0|com.bbk.appstore|821|1:82|10030
05-11 14:21:59.071  3843  4811 I am_wtf  : [0,3843,system_server,-1,ActivityManager,Sending non-protected broadcast com.vivo.behavior.app.removed from system 5666:com.vivo.abe/1000 pkg com.vivo.abe]
05-11 14:21:59.072  3843  4811 I am_wtf  : [0,3843,system_server,-1,ActivityManager,Sending non-protected broadcast com.vivo.behavior.app.removed from system 5666:com.vivo.abe/1000 pkg com.vivo.abe]
05-11 14:21:59.112  3843  3866 I am_proc_start: [0,11175,10113,com.vivo.game,broadcast,com.vivo.game/.model.GameReceiver]
05-11 14:21:59.113  3843  4786 I am_wtf  : [0,3843,system_server,-1,ActivityManager,Sending non-protected broadcast com.vivo.applicationbehaviorengine.power.refreshList from system 5666:com.vivo.abe/1000 pkg com.vivo.abe]
05-11 14:21:59.118  3843  3843 I notification_canceled: [0|com.bbk.appstore|821|1:82|10030,8,10255,75,0]
05-11 14:21:59.124  3843  4672 I notification_canceled: [0|com.bbk.appstore|2147483647|group_key_override|10030|ranker_bundle,16,10253,10253,0]
05-11 14:21:59.133  3843  3843 I notification_enqueue: [10030,5956,com.bbk.appstore,811,1:81,0,Notification(pri=0 contentView=null vibrate=null sound=null defaults=0x0 flags=0x2 color=0x00000000 vis=PRIVATE),0]
05-11 14:21:59.150  3843  8736 I notification_autogrouped: 0|com.bbk.appstore|811|1:81|10030
05-11 14:21:59.152  3843  3843 I notification_enqueue: [10030,5956,com.bbk.appstore,2147483647,group_key_override,0,Notification(pri=0 contentView=null vibrate=null sound=null defaults=0x0 flags=0x700 color=0x00000000 groupKey=ranker_bundle vis=PRIVATE),0]
05-11 14:21:59.154  3843  4811 I am_proc_bound: [0,11175,com.vivo.game]
05-11 14:21:59.167  3843  3866 I notification_autogrouped: 0|com.bbk.appstore|811|1:81|10030
05-11 14:21:59.473  3843  3881 I am_pss  : [11324,10091,com.bbk.calendar,13132800,11497472,0]
05-11 14:21:59.511  3843  3843 I notification_enqueue: [10030,5956,com.bbk.appstore,811,1:81,0,Notification(pri=0 contentView=null vibrate=null sound=null defaults=0x0 flags=0x2 color=0x00000000 vis=PRIVATE),1]
05-11 14:21:59.515  3843  3866 I notification_autogrouped: 0|com.bbk.appstore|811|1:81|10030
05-11 14:21:59.519  3843  3865 I notification_autogrouped: 0|com.bbk.appstore|811|1:81|10030
05-11 14:21:59.632  3843 21043 I am_proc_start: [0,11214,1000,com.vivo.vivokaraoke,broadcast,com.vivo.vivokaraoke/.floatview.KaraokeBroadcastReceiver]
05-11 14:21:59.660  3843  4788 I am_proc_bound: [0,11214,com.vivo.vivokaraoke]
05-11 14:21:59.794  3843 21050 I am_proc_died: [0,11214,com.vivo.vivokaraoke]
05-11 14:21:59.795  3843 21050 I am_broadcast_discard_app: [0,221328008,android.intent.action.PACKAGE_REMOVED,13,ResolveInfo{80b7625 com.vivo.vivokaraoke/.floatview.KaraokeBroadcastReceiver m=0x208000}]
05-11 14:21:59.798  3843  3882 I am_broadcast_discard_app: [0,221328008,android.intent.action.PACKAGE_REMOVED,14,ResolveInfo{7ec3fa com.baidu.BaiduMap/com.baidu.android.pushservice.RegistrationReceiver m=0x208000}]
05-11 14:21:59.798  3843  3882 I am_broadcast_discard_app: [0,221328008,android.intent.action.PACKAGE_REMOVED,15,ResolveInfo{30bcdab com.campmobile.snowcamera/com.baidu.android.pushservice.RegistrationReceiver m=0x208000}]
05-11 14:21:59.799  3843  3882 I am_broadcast_discard_app: [0,221328008,android.intent.action.PACKAGE_REMOVED,16,ResolveInfo{1f2dc08 com.jingdong.app.mall/.broadcastReceiver.AppStateRecevier m=0x208000}]
05-11 14:21:59.800  3843  3882 I am_broadcast_discard_app: [0,221328008,android.intent.action.PACKAGE_REMOVED,17,ResolveInfo{9a24fa1 com.jingdong.app.mall/com.huawei.android.pushagent.PushEventReceiver m=0x208000}]
05-11 14:21:59.801  3843  3882 I am_broadcast_discard_app: [0,221328008,android.intent.action.PACKAGE_REMOVED,18,ResolveInfo{5e525c6 com.jm.android.jumei/cn.jpush.android.service.PushReceiver m=0x208000}]
05-11 14:21:59.802  3843  3882 I am_broadcast_discard_app: [0,221328008,android.intent.action.PACKAGE_REMOVED,19,ResolveInfo{1379987 com.jm.android.jumei/.push.JMAliReceiver m=0x208000}]
05-11 14:21:59.803  3843  3882 I am_broadcast_discard_app: [0,221328008,android.intent.action.PACKAGE_REMOVED,20,ResolveInfo{addb0b4 com.jm.android.jumei/com.taobao.accs.EventReceiver m=0x208000}]
05-11 14:21:59.804  3843  3882 I am_broadcast_discard_app: [0,221328008,android.intent.action.PACKAGE_REMOVED,21,ResolveInfo{b7344dd com.jm.android.jumei/com.taobao.agoo.AgooCommondReceiver m=0x208000}]
05-11 14:21:59.805  3843  3882 I am_broadcast_discard_app: [0,221328008,android.intent.action.PACKAGE_REMOVED,22,ResolveInfo{efdd852 com.sina.weibo/.bundlemanager.WBBroadcastDeliver m=0x208000}]
05-11 14:21:59.806  3843  3882 I am_broadcast_discard_app: [0,221328008,android.intent.action.PACKAGE_REMOVED,23,ResolveInfo{b6a4723 com.sina.weibo/com.huawei.android.pushagent.PushEventReceiver m=0x208000}]
05-11 14:21:59.808  3843  3882 I am_broadcast_discard_app: [0,221328008,android.intent.action.PACKAGE_REMOVED,24,ResolveInfo{5ff2420 com.ss.android.article.news/com.ss.android.message.MessageReceiver m=0x208000}]
05-11 14:21:59.811  3843  3882 I am_broadcast_discard_app: [0,221328008,android.intent.action.PACKAGE_REMOVED,25,ResolveInfo{b6451d9 com.ss.android.article.news/com.baidu.android.pushservice.RegistrationReceiver m=0x208000}]
05-11 14:21:59.813  3843  3882 I am_broadcast_discard_app: [0,221328008,android.intent.action.PACKAGE_REMOVED,26,ResolveInfo{17d279e com.ss.android.article.news/com.taobao.accs.EventReceiver m=0x208000}]
05-11 14:21:59.814  3843  3882 I am_broadcast_discard_app: [0,221328008,android.intent.action.PACKAGE_REMOVED,27,ResolveInfo{690327f com.ss.android.article.news/com.taobao.agoo.AgooCommondReceiver m=0x208000}]
05-11 14:21:59.816  3843  3882 I am_broadcast_discard_app: [0,221328008,android.intent.action.PACKAGE_REMOVED,28,ResolveInfo{802624c com.ss.android.article.news/.AliyunPushMsgReceiver m=0x208000}]
05-11 14:21:59.817  3843  3882 I am_broadcast_discard_app: [0,221328008,android.intent.action.PACKAGE_REMOVED,29,ResolveInfo{5bf3295 com.ss.android.article.news/com.huawei.android.pushagent.PushEventReceiver m=0x208000}]
05-11 14:21:59.818  3843  3882 I am_broadcast_discard_app: [0,221328008,android.intent.action.PACKAGE_REMOVED,30,ResolveInfo{8101faa com.ss.android.article.video/com.ss.android.message.MessageReceiver m=0x208000}]
05-11 14:21:59.819  3843  3882 I am_broadcast_discard_app: [0,221328008,android.intent.action.PACKAGE_REMOVED,31,ResolveInfo{fff779b com.ss.android.article.video/com.baidu.android.pushservice.RegistrationReceiver m=0x208000}]
05-11 14:21:59.820  3843  3882 I am_broadcast_discard_app: [0,221328008,android.intent.action.PACKAGE_REMOVED,32,ResolveInfo{3195738 com.ss.android.article.video/com.taobao.accs.EventReceiver m=0x208000}]
05-11 14:21:59.822  3843  3882 I am_broadcast_discard_app: [0,221328008,android.intent.action.PACKAGE_REMOVED,33,ResolveInfo{7ad6311 com.ss.android.article.video/com.taobao.agoo.AgooCommondReceiver m=0x208000}]
05-11 14:21:59.823  3843  3882 I am_broadcast_discard_app: [0,221328008,android.intent.action.PACKAGE_REMOVED,34,ResolveInfo{9288c76 com.ss.android.article.video/com.huawei.android.pushagent.PushEventReceiver m=0x208000}]
05-11 14:21:59.824  3843  3882 I am_broadcast_discard_app: [0,221328008,android.intent.action.PACKAGE_REMOVED,35,ResolveInfo{a53f277 com.ss.android.essay.joke/com.ss.android.message.MessageReceiver m=0x208000}]
05-11 14:21:59.824  3843  3882 I am_broadcast_discard_app: [0,221328008,android.intent.action.PACKAGE_REMOVED,36,ResolveInfo{8a8aee4 com.ss.android.essay.joke/com.baidu.android.pushservice.RegistrationReceiver m=0x208000}]
05-11 14:21:59.825  3843  3882 I am_broadcast_discard_app: [0,221328008,android.intent.action.PACKAGE_REMOVED,37,ResolveInfo{d741f4d com.ss.android.essay.joke/com.taobao.accs.EventReceiver m=0x208000}]
05-11 14:21:59.826  3843  3882 I am_broadcast_discard_app: [0,221328008,android.intent.action.PACKAGE_REMOVED,38,ResolveInfo{e88fa02 com.ss.android.essay.joke/com.taobao.agoo.AgooCommondReceiver m=0x208000}]
05-11 14:21:59.826  3843  3882 I am_broadcast_discard_app: [0,221328008,android.intent.action.PACKAGE_REMOVED,39,ResolveInfo{c0b3f13 com.ss.android.essay.joke/com.huawei.android.pushagent.PushEventReceiver m=0x208000}]
05-11 14:21:59.837  3843  4672 I am_broadcast_discard_app: [0,221328008,android.intent.action.PACKAGE_REMOVED,41,ResolveInfo{9b3d550 com.tencent.news/.system.BootBroadcastReceiver m=0x208000}]
05-11 14:21:59.844  3843  3882 I am_broadcast_discard_app: [0,221328008,android.intent.action.PACKAGE_REMOVED,42,ResolveInfo{8706349 com.tencent.news/com.huawei.android.pushagent.PushEventReceiver m=0x208000}]
05-11 14:21:59.990  3843  8739 I am_proc_start: [0,11228,10010,com.android.documentsui,broadcast,com.android.documentsui/.PackageReceiver]
05-11 14:22:00.016  3843  4431 I am_proc_bound: [0,11228,com.android.documentsui]
05-11 14:22:00.036  3843  4831 I am_wtf  : [0,3843,system_server,-1,ActivityManager,Sending non-protected broadcast vivo.intent.action.PRELOAD_VIVOCAM from system 4700:com.vivo.daemonService/1000 pkg com.vivo.daemonService]
05-11 14:22:00.355  3843  4788 I am_proc_start: [0,11264,10014,com.android.externalstorage,content provider,com.android.externalstorage/.ExternalStorageProvider]
05-11 14:22:00.369  3843 21036 I am_proc_bound: [0,11264,com.android.externalstorage]
05-11 14:22:00.391  3843 21047 I am_kill : [0,9251,com.vivo.networkstate,906,empty #17]
05-11 14:22:00.392  3843 21047 I am_kill : [0,9153,com.mobiletools.systemhelper:register,906,empty #18]
05-11 14:22:00.433  3843 21044 I am_proc_died: [0,9251,com.vivo.networkstate]
05-11 14:22:00.434  3843  4698 I am_proc_died: [0,9153,com.mobiletools.systemhelper:register]
05-11 14:22:00.654  3843  3865 I am_proc_died: [0,11175,com.vivo.game]
05-11 14:22:00.654  3843  3865 I am_schedule_service_restart: [0,com.vivo.game/.update.GameReceiverService,1000]
05-11 14:22:01.055  3843  3843 I notification_enqueue: [10030,5956,com.bbk.appstore,811,1:81,0,Notification(pri=0 contentView=null vibrate=null sound=null defaults=0x0 flags=0x2 color=0x00000000 vis=PRIVATE),1]
05-11 14:22:01.060  3843 21051 I notification_autogrouped: 0|com.bbk.appstore|811|1:81|10030
05-11 14:22:01.063  3843  8739 I notification_autogrouped: 0|com.bbk.appstore|811|1:81|10030
05-11 14:22:01.065  3843  4788 I am_kill : [0,9325,org.codeaurora.ims,906,empty #17]
05-11 14:22:01.104  3843 21048 I am_proc_died: [0,9325,org.codeaurora.ims]
05-11 14:22:02.576  3843  3843 I notification_enqueue: [10030,5956,com.bbk.appstore,811,1:81,0,Notification(pri=0 contentView=null vibrate=null sound=null defaults=0x0 flags=0x2 color=0x00000000 vis=PRIVATE),1]
05-11 14:22:02.587  3843  5752 I notification_autogrouped: 0|com.bbk.appstore|811|1:81|10030
05-11 14:22:02.594  3843  8740 I notification_autogrouped: 0|com.bbk.appstore|811|1:81|10030
05-11 14:22:03.534  3843  3881 I am_pss  : [10606,10034,com.bbk.launcher2,129667072,121561088,0]
05-11 14:22:03.731  3843  3865 I am_kill : [0,9359,org.simalliance.openmobileapi.service,906,empty #17]
05-11 14:22:03.764  3843  8740 I am_proc_died: [0,9359,org.simalliance.openmobileapi.service]
05-11 14:22:04.042  3843  3881 I am_pss  : [5207,10119,com.vivo.easyshare,98698240,87310336,0]
05-11 14:22:04.060  3843  3843 I notification_enqueue: [10030,5956,com.bbk.appstore,811,1:81,0,Notification(pri=0 contentView=null vibrate=null sound=null defaults=0x0 flags=0x2 color=0x00000000 vis=PRIVATE),1]
05-11 14:22:04.067  3843  4811 I notification_autogrouped: 0|com.bbk.appstore|811|1:81|10030
05-11 14:22:04.073  3843 21049 I notification_autogrouped: 0|com.bbk.appstore|811|1:81|10030
05-11 14:22:04.840   512   512 I sf_frame_dur: [com.bbk.launcher2/com.bbk.launcher2.Launcher,16,0,0,0,0,0,2]
05-11 14:22:05.569  3843  3843 I notification_enqueue: [10030,5956,com.bbk.appstore,811,1:81,0,Notification(pri=0 contentView=null vibrate=null sound=null defaults=0x0 flags=0x2 color=0x00000000 vis=PRIVATE),1]
05-11 14:22:05.576  3843 21038 I notification_autogrouped: 0|com.bbk.appstore|811|1:81|10030
05-11 14:22:05.580  3843 21321 I notification_autogrouped: 0|com.bbk.appstore|811|1:81|10030
05-11 14:22:06.021  3843 21036 I am_create_task: [999,99900001]
05-11 14:22:06.021  3843 21036 I am_create_activity: [999,2883481,99900001,com.vivo.intelliengine/.AIMainActivity,android.intent.action.MAIN,NULL,NULL,807403520]
05-11 14:22:06.023  3843 21036 I wm_task_created: [99900001,1]
05-11 14:22:06.023  3843 21036 I wm_task_moved: [99900001,1,8]
05-11 14:22:06.023  3843 21036 I am_focused_stack: [0,1,0,startedActivity setFocusedActivity]
05-11 14:22:06.023  3843 21036 I wm_task_moved: [99900001,1,8]
05-11 14:22:06.024  3843 21036 I am_focused_activity: [999,com.vivo.intelliengine/.AIMainActivity,startedActivity]
05-11 14:22:06.025  3843 21036 I am_pause_activity: [0,12450827,com.bbk.launcher2/.Launcher]
05-11 14:22:06.027  3843 21036 I sysui_action: [323,com.vivo.intelliengine/.AIMainActivity]
05-11 14:22:06.027  3843 21036 I sysui_action: [324,false]
05-11 14:22:06.027  3843 21036 I sysui_action: [325,11207]
05-11 14:22:06.030 10606 10606 I am_on_paused_called: [0,com.bbk.launcher2.Launcher,handlePauseActivity]
05-11 14:22:06.057  3843  4431 I am_proc_start: [999,11326,99901000,com.vivo.intelliengine,activity,com.vivo.intelliengine/.AIMainActivity]
05-11 14:22:06.063  3843  3882 I sysui_count: [window_time_0,24]
05-11 14:22:06.069  3843  4786 I am_proc_bound: [999,11326,com.vivo.intelliengine]
05-11 14:22:06.074  3843  4786 I am_restart_activity: [999,2883481,99900001,com.vivo.intelliengine/.AIMainActivity]
05-11 14:22:06.083  3843  3915 I sysui_action: [321,75]
05-11 14:22:06.086  3843  3915 I sysui_action: [320,1]
05-11 14:22:06.086  3843  3915 I sysui_action: [319,78]
05-11 14:22:06.207 11326 11326 I am_on_resume_called: [999,com.vivo.intelliengine.AIMainActivity,LAUNCH_ACTIVITY]
05-11 14:22:06.254  3843  4812 I am_wtf  : [0,3843,system_server,-1,ActivityManager,Sending non-protected broadcast com.vivo.weather.startlocation from system 11326:com.vivo.intelliengine/u999s1000 pkg com.vivo.intelliengine]
05-11 14:22:06.485  3843  3915 I sysui_action: [322,477]
05-11 14:22:06.485  3843  3915 I am_activity_launch_time: [999,2883481,com.vivo.intelliengine/.AIMainActivity,438,438]
05-11 14:22:06.514  3843  8740 I am_stop_activity: [0,12450827,com.bbk.launcher2/.Launcher]
05-11 14:22:06.520 10606 10606 I am_on_stop_called: [0,com.bbk.launcher2.Launcher,handleStopActivity]
05-11 14:22:06.546   512   512 I sf_frame_dur: [com.bbk.launcher2/com.bbk.launcher2.Launcher,470,51,1,5,1,1,1]
05-11 14:22:07.053  3843  3843 I notification_enqueue: [10030,5956,com.bbk.appstore,811,1:81,0,Notification(pri=0 contentView=null vibrate=null sound=null defaults=0x0 flags=0x2 color=0x00000000 vis=PRIVATE),1]
05-11 14:22:07.055  3843 21048 I notification_autogrouped: 0|com.bbk.appstore|811|1:81|10030
05-11 14:22:07.057  3843 21045 I notification_autogrouped: 0|com.bbk.appstore|811|1:81|10030
05-11 14:22:07.110  3843 21051 I am_wtf  : [0,3843,system_server,-1,ActivityManager,Sending non-protected broadcast vivo.intent.action.PRELOAD_VIVOCAM from system 4700:com.vivo.daemonService/1000 pkg com.vivo.daemonService]
05-11 14:22:07.368  3843  3881 I am_pss  : [4711,1000,com.android.settings,33368064,28164096,0]
05-11 14:22:08.274  3843 21043 I am_kill : [0,8068,com.bbk.updater,906,empty #17]
05-11 14:22:08.324  3843 21048 I am_proc_died: [0,8068,com.bbk.updater]
05-11 14:22:08.580  3843  3843 I notification_enqueue: [10030,5956,com.bbk.appstore,811,1:81,0,Notification(pri=0 contentView=null vibrate=null sound=null defaults=0x0 flags=0x2 color=0x00000000 vis=PRIVATE),1]
05-11 14:22:08.590  3843 21045 I notification_autogrouped: 0|com.bbk.appstore|811|1:81|10030
05-11 14:22:08.593  3843 21037 I notification_autogrouped: 0|com.bbk.appstore|811|1:81|10030
05-11 14:22:09.098  3843  3881 I am_pss  : [7656,10063,com.iqoo.secure:remote,42472448,39170048,0]
05-11 14:22:09.736  3843 21050 I am_wtf  : [0,3843,system_server,-1,ActivityManager,Sending non-protected broadcast com.vivo.weather.startlocation from system 11326:com.vivo.intelliengine/u999s1000 pkg com.vivo.intelliengine]
05-11 14:22:10.119  3843  3843 I notification_enqueue: [10030,5956,com.bbk.appstore,811,1:81,0,Notification(pri=0 contentView=null vibrate=null sound=null defaults=0x0 flags=0x2 color=0x00000000 vis=PRIVATE),1]
05-11 14:22:10.125  3843  5752 I notification_autogrouped: 0|com.bbk.appstore|811|1:81|10030
05-11 14:22:10.128  3843  4786 I notification_autogrouped: 0|com.bbk.appstore|811|1:81|10030
05-11 14:22:10.158  3843  4216 I netstats_mobile_sample: [44214,133,25076,179,44214,133,23644,179,44214,133,23644,179,1494483730160]
05-11 14:22:10.159  3843  4216 I netstats_wifi_sample: [23132463462,15957248,550440805,8064419,23132410248,15953894,437539374,8064283,23132376559,15953664,437539410,8064283,1494483730160]
05-11 14:22:10.550  3843  8739 I am_finish_activity: [999,2883481,99900001,com.vivo.intelliengine/.AIMainActivity,app-request]
05-11 14:22:10.551  3843  8739 I am_focused_stack: [0,0,1,finishActivity adjustFocus setFocusedActivity]
05-11 14:22:10.551  3843  8739 I wm_task_moved: [34,1,1]
05-11 14:22:10.556  3843  8739 I am_focused_activity: [0,com.bbk.launcher2/.Launcher,finishActivity adjustFocus]
05-11 14:22:10.578  3843  8739 I am_pause_activity: [999,2883481,com.vivo.intelliengine/.AIMainActivity]
05-11 14:22:10.580 11326 11326 I am_on_paused_called: [999,com.vivo.intelliengine.AIMainActivity,handlePauseActivity]
05-11 14:22:10.594  3843 21050 I am_resume_activity: [0,12450827,34,com.bbk.launcher2/.Launcher]
05-11 14:22:10.603  3843  3882 I sysui_count: [window_time_0,5]
05-11 14:22:10.609 10606 10606 I am_on_resume_called: [0,com.bbk.launcher2.Launcher,RESUME_ACTIVITY]
05-11 14:22:10.617  3843  3881 I am_pss  : [10590,1000,com.android.timerswitch,3786752,3039232,0]
05-11 14:22:10.882  3843  3882 I am_destroy_activity: [999,2883481,99900001,com.vivo.intelliengine/.AIMainActivity,finish-imm]
05-11 14:22:10.886 11326 11326 I am_on_stop_called: [999,com.vivo.intelliengine.AIMainActivity,destroy]
05-11 14:22:10.905  3843  3881 I am_pss  : [10041,10004,com.android.providers.calendar,5209088,4308992,0]
05-11 14:22:10.947  3843  3915 I wm_task_removed: [99900001,removeAppToken: last token]
05-11 14:22:10.947  3843  3915 I wm_task_removed: [99900001,removeTask]
05-11 14:22:10.962   512   512 I sf_frame_dur: [com.vivo.intelliengine/com.vivo.intelliengine.AIMainActivity,33,0,1,2,0,1,1]
05-11 14:22:11.079  3843  3881 I am_pss  : [10057,10106,com.vivo.widget.calendar,4784128,3694592,0]
05-11 14:22:11.621  3843 21050 I am_wtf  : [0,3843,system_server,-1,ActivityManager,Sending non-protected broadcast vivo.intent.action.PRELOAD_VIVOCAM from system 4700:com.vivo.daemonService/1000 pkg com.vivo.daemonService]
05-11 14:22:11.668  3843  3843 I notification_enqueue: [10030,5956,com.bbk.appstore,811,1:81,0,Notification(pri=0 contentView=null vibrate=null sound=null defaults=0x0 flags=0x2 color=0x00000000 vis=PRIVATE),1]
05-11 14:22:11.680  3843  8741 I notification_autogrouped: 0|com.bbk.appstore|811|1:81|10030
05-11 14:22:11.683  3843  4699 I notification_autogrouped: 0|com.bbk.appstore|811|1:81|10030
05-11 14:22:13.151  3843  3843 I notification_enqueue: [10030,5956,com.bbk.appstore,811,1:81,0,Notification(pri=0 contentView=null vibrate=null sound=null defaults=0x0 flags=0x2 color=0x00000000 vis=PRIVATE),1]
05-11 14:22:13.156  3843  5710 I notification_autogrouped: 0|com.bbk.appstore|811|1:81|10030
05-11 14:22:13.157  3843  4672 I notification_autogrouped: 0|com.bbk.appstore|811|1:81|10030
05-11 14:22:13.539  3843  3865 I am_create_task: [0,53]
05-11 14:22:13.539  3843  3865 I am_create_activity: [0,85628079,53,com.vivo.intelliengine/.AIMainActivity,android.intent.action.MAIN,NULL,NULL,807403520]
05-11 14:22:13.540  3843  3865 I wm_task_created: [53,1]
05-11 14:22:13.540  3843  3865 I wm_task_moved: [53,1,8]
05-11 14:22:13.540  3843  3865 I am_focused_stack: [0,1,0,startedActivity setFocusedActivity]
05-11 14:22:13.541  3843  3865 I wm_task_moved: [53,1,8]
05-11 14:22:13.542  3843  3865 I am_focused_activity: [0,com.vivo.intelliengine/.AIMainActivity,startedActivity]
05-11 14:22:13.543  3843  3865 I am_pause_activity: [0,12450827,com.bbk.launcher2/.Launcher]
05-11 14:22:13.545  3843  3865 I sysui_action: [323,com.vivo.intelliengine/.AIMainActivity]
05-11 14:22:13.545  3843  3865 I sysui_action: [324,true]
05-11 14:22:13.545  3843  3865 I sysui_action: [325,11215]
05-11 14:22:13.547 10606 10606 I am_on_paused_called: [0,com.bbk.launcher2.Launcher,handlePauseActivity]
05-11 14:22:13.551  3843  4699 I am_restart_activity: [0,85628079,53,com.vivo.intelliengine/.AIMainActivity]
05-11 14:22:13.556  3843  3882 I sysui_count: [window_time_0,3]
05-11 14:22:13.596  3843  3915 I sysui_action: [321,64]
05-11 14:22:13.596  3843  3915 I sysui_action: [320,1]
05-11 14:22:13.596  3843  3915 I sysui_action: [319,64]
05-11 14:22:13.620  8642  8642 I am_on_resume_called: [0,com.vivo.intelliengine.AIMainActivity,LAUNCH_ACTIVITY]
05-11 14:22:13.657  3843 21045 I am_wtf  : [0,3843,system_server,-1,ActivityManager,Sending non-protected broadcast com.vivo.weather.startlocation from system 8642:com.vivo.intelliengine/1000 pkg com.vivo.intelliengine]
05-11 14:22:13.784  3843  3915 I sysui_action: [322,252]
05-11 14:22:13.784  3843  3915 I am_activity_launch_time: [0,85628079,com.vivo.intelliengine/.AIMainActivity,236,236]
05-11 14:22:13.876  3843  3882 I am_stop_activity: [0,12450827,com.bbk.launcher2/.Launcher]
05-11 14:22:13.879 10606 10606 I am_on_stop_called: [0,com.bbk.launcher2.Launcher,handleStopActivity]
05-11 14:22:13.906   512   512 I sf_frame_dur: [com.bbk.launcher2/com.bbk.launcher2.Launcher,61,2,3,2,1,2,0]
05-11 14:22:14.566  3843  8739 I am_wtf  : [0,3843,system_server,-1,ActivityManager,Sending non-protected broadcast vivo.intent.action.PRELOAD_VIVOCAM from system 4700:com.vivo.daemonService/1000 pkg com.vivo.daemonService]
05-11 14:22:14.640  3843  3843 I notification_enqueue: [10030,5956,com.bbk.appstore,811,1:81,0,Notification(pri=0 contentView=null vibrate=null sound=null defaults=0x0 flags=0x2 color=0x00000000 vis=PRIVATE),1]
05-11 14:22:14.643  3843 21050 I notification_autogrouped: 0|com.bbk.appstore|811|1:81|10030
05-11 14:22:14.645  3843  4698 I notification_autogrouped: 0|com.bbk.appstore|811|1:81|10030
05-11 14:22:15.144  3843 21047 I am_kill : [0,10590,com.android.timerswitch,906,empty #17]
05-11 14:22:15.203  3843 21037 I am_proc_died: [0,10590,com.android.timerswitch]
05-11 14:22:15.933  3843  3881 I am_pss  : [5143,10064,com.bbk.iqoo.logsystem,23429120,21471232,0]
05-11 14:22:16.186  3843  3843 I notification_enqueue: [10030,5956,com.bbk.appstore,811,1:81,0,Notification(pri=0 contentView=null vibrate=null sound=null defaults=0x0 flags=0x2 color=0x00000000 vis=PRIVATE),1]
05-11 14:22:16.192  3843 21036 I notification_autogrouped: 0|com.bbk.appstore|811|1:81|10030
05-11 14:22:16.193  3843  5752 I notification_autogrouped: 0|com.bbk.appstore|811|1:81|10030
05-11 14:22:16.300  3843 21045 I am_finish_activity: [0,85628079,53,com.vivo.intelliengine/.AIMainActivity,app-request]
05-11 14:22:16.301  3843 21045 I am_focused_stack: [0,0,1,finishActivity adjustFocus setFocusedActivity]
05-11 14:22:16.301  3843 21045 I wm_task_moved: [34,1,1]
05-11 14:22:16.306  3843 21045 I am_focused_activity: [0,com.bbk.launcher2/.Launcher,finishActivity adjustFocus]
05-11 14:22:16.330  3843 21045 I am_pause_activity: [0,85628079,com.vivo.intelliengine/.AIMainActivity]
05-11 14:22:16.334  8642  8642 I am_on_paused_called: [0,com.vivo.intelliengine.AIMainActivity,handlePauseActivity]
05-11 14:22:16.343  3843  8737 I am_resume_activity: [0,12450827,34,com.bbk.launcher2/.Launcher]
05-11 14:22:16.357 10606 10606 I am_on_resume_called: [0,com.bbk.launcher2.Launcher,RESUME_ACTIVITY]
05-11 14:22:16.637  3843  3882 I am_destroy_activity: [0,85628079,53,com.vivo.intelliengine/.AIMainActivity,finish-imm]
05-11 14:22:16.639  8642  8642 I am_on_stop_called: [0,com.vivo.intelliengine.AIMainActivity,destroy]
05-11 14:22:16.701  3843  3915 I wm_task_removed: [53,removeAppToken: last token]
05-11 14:22:16.701  3843  3915 I wm_task_removed: [53,removeTask]
05-11 14:22:16.717   512   512 I sf_frame_dur: [com.vivo.intelliengine/com.vivo.intelliengine.AIMainActivity,34,0,0,0,0,1,0]
05-11 14:22:17.356  3843  4788 I am_wtf  : [0,3843,system_server,-1,ActivityManager,Sending non-protected broadcast vivo.intent.action.PRELOAD_VIVOCAM from system 4700:com.vivo.daemonService/1000 pkg com.vivo.daemonService]
05-11 14:22:17.842  3843  3843 I notification_enqueue: [10030,5956,com.bbk.appstore,811,1:81,0,Notification(pri=0 contentView=null vibrate=null sound=null defaults=0x0 flags=0x2 color=0x00000000 vis=PRIVATE),1]
05-11 14:22:17.851  3843  8739 I notification_autogrouped: 0|com.bbk.appstore|811|1:81|10030
05-11 14:22:17.855  3843  4698 I notification_autogrouped: 0|com.bbk.appstore|811|1:81|10030
05-11 14:22:18.218  3843  3881 I am_pss  : [10117,10098,com.vivo.msgpush,4272128,3493888,0]
05-11 14:22:19.215  3843  3843 I notification_enqueue: [10030,5956,com.bbk.appstore,811,1:81,0,Notification(pri=0 contentView=null vibrate=null sound=null defaults=0x0 flags=0x2 color=0x00000000 vis=PRIVATE),1]
05-11 14:22:19.221  3843  8624 I notification_autogrouped: 0|com.bbk.appstore|811|1:81|10030
05-11 14:22:19.224  3843  5710 I notification_autogrouped: 0|com.bbk.appstore|811|1:81|10030
05-11 14:22:19.691  3843  3843 I notification_enqueue: [10030,5956,com.bbk.appstore,811,1:81,0,Notification(pri=0 contentView=null vibrate=null sound=null defaults=0x0 flags=0x2 color=0x00000000 vis=PRIVATE),1]
05-11 14:22:19.696  3843 21044 I notification_autogrouped: 0|com.bbk.appstore|811|1:81|10030
05-11 14:22:19.698  3843  4811 I notification_autogrouped: 0|com.bbk.appstore|811|1:81|10030
05-11 14:22:19.746  3843  3843 I notification_canceled: [0|com.bbk.appstore|811|1:81|10030,8,20613,55,0]
05-11 14:22:19.750  3843  4831 I notification_canceled: [0|com.bbk.appstore|2147483647|group_key_override|10030|ranker_bundle,16,20599,20599,0]
05-11 14:22:26.437  3843  3881 I am_pss  : [10606,10034,com.bbk.launcher2,130689024,122064896,0]
05-11 14:22:27.398  3843  4812 I am_focused_stack: [0,1,0,bringingFoundTaskToFront setFocusedActivity]
05-11 14:22:27.399  3843  4812 I wm_task_moved: [6,1,7]
05-11 14:22:27.400  3843  4812 I am_focused_activity: [0,com.tencent.mm/.ui.LauncherUI,bringingFoundTaskToFront]
05-11 14:22:27.401  3843  4812 I am_pause_activity: [0,12450827,com.bbk.launcher2/.Launcher]
05-11 14:22:27.402  3843  4812 I am_task_to_front: [0,6]
05-11 14:22:27.402  3843  4812 I am_new_intent: [0,160782198,6,com.tencent.mm/.ui.LauncherUI,android.intent.action.MAIN,NULL,NULL,811597824]
05-11 14:22:27.404  3843  4812 I sysui_action: [323,com.tencent.mm/.ui.LauncherUI]
05-11 14:22:27.404  3843  4812 I sysui_action: [324,true]
05-11 14:22:27.404  3843  4812 I sysui_action: [325,11229]
05-11 14:22:27.412 10606 10606 I am_on_paused_called: [0,com.bbk.launcher2.Launcher,handlePauseActivity]
05-11 14:22:27.418  3843 21050 I am_relaunch_resume_activity: [0,253962453,6,com.tencent.mm/.ui.LauncherUI]
05-11 14:22:27.429  3843  3882 I sysui_count: [window_time_0,14]
05-11 14:22:27.712  6030  6030 I am_on_resume_called: [0,com.tencent.mm.ui.LauncherUI,handleRelaunchActivity]
05-11 14:22:27.791  3843  3915 I sysui_action: [320,2]
05-11 14:22:27.791  3843  3915 I sysui_action: [319,407]
05-11 14:22:27.791  3843  3915 I sysui_action: [322,407]
05-11 14:22:28.181  3843  5752 I am_stop_activity: [0,12450827,com.bbk.launcher2/.Launcher]
05-11 14:22:28.185 10606 10606 I am_on_stop_called: [0,com.bbk.launcher2.Launcher,handleStopActivity]
05-11 14:22:28.210   512   512 I sf_frame_dur: [com.bbk.launcher2/com.bbk.launcher2.Launcher,182,2,2,8,0,0,2]
05-11 14:22:28.440  3843  4786 I am_wtf  : [0,3843,system_server,-1,ActivityManager,Sending non-protected broadcast vivo.intent.action.PRELOAD_VIVOCAM from system 4700:com.vivo.daemonService/1000 pkg com.vivo.daemonService]
05-11 14:22:28.756  3843  3881 I am_pss  : [11139,1001,com.android.vendors.bridge.softsim,3100672,2408448,0]
05-11 14:22:28.775  3843  3881 I am_pss  : [11122,1000,com.android.keychain,3577856,2772992,0]
05-11 14:22:28.794  3843  3881 I am_pss  : [11107,10008,com.android.defcontainer,3194880,2449408,0]
05-11 14:22:28.954  3843  3881 I am_pss  : [11154,1000,com.iqoo.engineermode,4757504,3895296,0]
05-11 14:22:29.310  3843 21036 I wm_task_moved: [6,1,7]
05-11 14:22:29.310  3843 21036 I am_create_activity: [0,106236289,6,com.tencent.mm/.ui.account.mobile.MobileInputUI,NULL,NULL,NULL,0]
05-11 14:22:29.312  3843 21036 I wm_task_moved: [6,1,7]
05-11 14:22:29.313  3843 21036 I am_focused_activity: [0,com.tencent.mm/.ui.account.mobile.MobileInputUI,startedActivity]
05-11 14:22:29.314  3843 21036 I am_pause_activity: [0,253962453,com.tencent.mm/.ui.LauncherUI]
05-11 14:22:29.321  6030  6030 I am_on_paused_called: [0,com.tencent.mm.ui.LauncherUI,handlePauseActivity]
05-11 14:22:29.326  3843  4786 I am_restart_activity: [0,106236289,6,com.tencent.mm/.ui.account.mobile.MobileInputUI]
05-11 14:22:29.330  3843  3882 I sysui_count: [window_time_0,2]
05-11 14:22:29.624  6030  6030 I am_on_resume_called: [0,com.tencent.mm.ui.account.mobile.MobileInputUI,LAUNCH_ACTIVITY]
05-11 14:22:29.654  3843  3884 I am_wtf  : [0,3843,system_server,-1,ActivityManager,Sending non-protected broadcast vivo.intent.action.CHECK_ALERT_WINDOW from system 3843:system/1000 pkg android]
05-11 14:22:29.655  3843  3884 I am_wtf  : [0,3843,system_server,-1,ActivityManager,Sending non-protected broadcast vivo.intent.action.CHECK_ALERT_WINDOW from system 3843:system/1000 pkg android]
05-11 14:22:29.720  3843  3915 I am_activity_launch_time: [0,106236289,com.tencent.mm/.ui.account.mobile.MobileInputUI,398,398]
05-11 14:22:29.991  3843  3882 I am_stop_activity: [0,253962453,com.tencent.mm/.ui.LauncherUI]
05-11 14:22:29.994  6030  6030 I am_on_stop_called: [0,com.tencent.mm.ui.LauncherUI,handleStopActivity]
05-11 14:22:30.017   512   512 I sf_frame_dur: [com.tencent.mm/com.tencent.mm.ui.LauncherUI,20,0,1,0,1,1,0]
05-11 14:22:30.059  3843  3881 I am_pss  : [11228,10010,com.android.documentsui,5813248,4931584,0]
05-11 14:22:30.558  3843  3881 I am_pss  : [11264,10014,com.android.externalstorage,3589120,2760704,0]
05-11 14:22:31.070   512   512 I sf_frame_dur: [,0,0,0,0,2,0,0]
05-11 14:22:33.297  3843  5710 I wm_task_moved: [6,1,7]
05-11 14:22:33.298  3843  5710 I am_create_activity: [0,182686316,6,com.tencent.mm/.ui.account.LoginUI,NULL,NULL,NULL,0]
05-11 14:22:33.299  3843  5710 I wm_task_moved: [6,1,7]
05-11 14:22:33.300  3843  5710 I am_focused_activity: [0,com.tencent.mm/.ui.account.LoginUI,startedActivity]
05-11 14:22:33.301  3843  5710 I am_pause_activity: [0,106236289,com.tencent.mm/.ui.account.mobile.MobileInputUI]
05-11 14:22:33.311  6030  6030 I am_on_paused_called: [0,com.tencent.mm.ui.account.mobile.MobileInputUI,handlePauseActivity]
05-11 14:22:33.315  3843  4672 I am_restart_activity: [0,182686316,6,com.tencent.mm/.ui.account.LoginUI]
05-11 14:22:33.323  3843  3882 I sysui_count: [window_time_0,4]
05-11 14:22:33.397  6030  6030 I am_on_resume_called: [0,com.tencent.mm.ui.account.LoginUI,LAUNCH_ACTIVITY]
05-11 14:22:33.469  3843  3915 I am_activity_launch_time: [0,182686316,com.tencent.mm/.ui.account.LoginUI,156,156]
05-11 14:22:33.752  3843  3882 I am_stop_activity: [0,106236289,com.tencent.mm/.ui.account.mobile.MobileInputUI]
05-11 14:22:33.754  6030  6030 I am_on_stop_called: [0,com.tencent.mm.ui.account.mobile.MobileInputUI,handleStopActivity]
05-11 14:22:33.780   512   512 I sf_frame_dur: [com.tencent.mm/com.tencent.mm.ui.account.mobile.MobileInputUI,0,2,1,2,2,3,0]
05-11 14:22:36.632  3843  5752 I am_kill : [0,9629,com.android.mms,906,empty #17]
05-11 14:22:36.734  3843 21321 I am_proc_died: [0,9629,com.android.mms]
05-11 14:22:36.777  3843  3881 I am_pss  : [8642,1000,com.vivo.intelliengine,22850560,18956288,0]
05-11 14:22:37.476  3843  3881 I am_pss  : [6030,10132,com.tencent.mm,122580992,113123328,0]
05-11 14:22:38.003  3843 21043 I am_proc_start: [0,11585,10085,com.vivo.secime.service,service,com.vivo.secime.service/.SecIME]
05-11 14:22:38.019  3843  8736 I am_proc_bound: [0,11585,com.vivo.secime.service]
05-11 14:22:38.347   512   512 I sf_frame_dur: [InputMethod,1,1,7,9,1,2,0]
05-11 14:22:40.964  3843  3881 I am_pss  : [11326,99901000,com.vivo.intelliengine,18192384,14102528,0]
05-11 14:22:41.423  3843  3843 I free_storage_changed: 4081344512
05-11 14:22:43.097   512   512 I sf_frame_dur: [InputMethod,0,0,14,12,4,0,0]
05-11 14:22:43.717   512   512 I sf_frame_dur: [com.tencent.mm/com.tencent.mm.ui.account.LoginUI,20,0,0,0,0,0,0]
05-11 14:22:45.180  3843  3881 I am_pss  : [9783,10077,com.android.printspooler,3863552,3092480,0]
05-11 14:22:46.559   512   512 I sf_frame_dur: [com.tencent.mm/com.tencent.mm.ui.account.LoginUI,0,0,0,0,0,0,1]
05-11 14:22:46.794  3843  3881 I am_pss  : [10366,10045,com.vivo.weather.provider,12231680,10784768,0]
05-11 14:22:47.594  3843  3881 I am_pss  : [7483,10132,com.tencent.mm:push,19635200,17514496,0]
05-11 14:22:48.323  3843  3881 I am_pss  : [10606,10034,com.bbk.launcher2,128476160,120074240,0]
05-11 14:22:48.341  3843  3881 I am_pss  : [5814,1000,com.vivo.doubleinstance,4037632,3465216,0]
05-11 14:22:50.880  3843  3881 I am_pss  : [30045,10002,android.process.acore,37455872,35995648,0]
05-11 14:22:53.987   512   512 I sf_frame_dur: [InputMethod,2,2,10,2,11,2,0]
05-11 14:22:54.472   512   512 I sf_frame_dur: [com.tencent.mm/com.tencent.mm.ui.account.LoginUI,18,0,0,0,0,0,0]
05-11 14:22:57.633   512   512 I sf_frame_dur: [com.tencent.mm/com.tencent.mm.ui.account.LoginUI,0,0,0,0,0,0,1]
05-11 14:22:58.232  3843  3881 I am_pss  : [11585,10085,com.vivo.secime.service,24899584,22175744,0]
05-11 14:23:00.390  3843  3882 I am_broadcast_discard_app: [0,205087452,android.intent.action.UID_REMOVED,0,ResolveInfo{1e103b5 com.android.providers.downloads/.DownloadReceiver m=0x108000}]
05-11 14:23:00.424  3843  8736 I am_proc_start: [0,11668,10009,com.android.dialer,broadcast,com.android.dialer/.callForwarding.CallForwardingReceiver]
05-11 14:23:00.464  3843  4699 I am_proc_bound: [0,11668,com.android.dialer]
05-11 14:23:00.470  3843  3882 I am_anr  : [0,5738,android.process.media,952647237,Broadcast of Intent { act=android.intent.action.UID_REMOVED flg=0x4000010 cmp=com.android.providers.downloads/.DownloadReceiver (has extras) }]
05-11 14:23:00.638  3843  3866 I am_kill : [0,10057,com.vivo.widget.calendar,906,empty #17]
05-11 14:23:00.669  3843 21050 I am_proc_start: [0,11685,10092,com.android.camera,broadcast,com.android.camera/.PreloadCameraReceiver]
05-11 14:23:00.687  3843 21037 I am_proc_bound: [0,11685,com.android.camera]
05-11 14:23:00.703  3843  4672 I am_proc_died: [0,10057,com.vivo.widget.calendar]
05-11 14:23:00.856  3843 21036 I notification_cancel_all: [10092,11685,com.android.camera,0,0,64,9,NULL]
05-11 14:23:00.887  3843  3843 I notification_enqueue: [10030,5956,com.bbk.appstore,831,1:83,0,Notification(pri=0 contentView=null vibrate=null sound=null defaults=0x0 flags=0x2 color=0x00000000 vis=PRIVATE),0]
05-11 14:23:00.893  3843  4788 I notification_autogrouped: 0|com.bbk.appstore|831|1:83|10030
05-11 14:23:00.894  3843  3843 I notification_enqueue: [10030,5956,com.bbk.appstore,2147483647,group_key_override,0,Notification(pri=0 contentView=null vibrate=null sound=null defaults=0x0 flags=0x700 color=0x00000000 groupKey=ranker_bundle vis=PRIVATE),0]
05-11 14:23:00.897  3843  8624 I notification_autogrouped: 0|com.bbk.appstore|831|1:83|10030
05-11 14:23:01.600  3843  3882 I am_kill : [0,5738,android.process.media,0,bg anr]
05-11 14:23:01.603  3843  3882 I am_wtf  : [0,3843,system_server,-1,ActivityManager,Sending non-protected broadcast vivo.bigdata.action.COLLECT from system 3843:system/1000 pkg android]
05-11 14:23:01.604  3843  3882 I am_wtf  : [0,3843,system_server,-1,ActivityManager,Sending non-protected broadcast vivo.bigdata.action.COLLECT from system 3843:system/1000 pkg android]
05-11 14:23:01.606  3843  4253 I am_wtf  : [0,3843,system_server,-1,ActivityManager,Sending non-protected broadcast com.vivo.perfdiagnosis.MSG_CENTER from system 3843:system/1000 pkg android]
05-11 14:23:01.608  3843  4253 I am_wtf  : [0,3843,system_server,-1,ActivityManager,Sending non-protected broadcast com.vivo.perfdiagnosis.MSG_CENTER from system 3843:system/1000 pkg android]
05-11 14:23:01.709  3843  4431 I am_proc_died: [0,5738,android.process.media]
05-11 14:23:01.766  3843  4431 I am_schedule_service_restart: [0,com.android.providers.media/.MediaScannerService,22124128]
05-11 14:23:01.766  3843  4431 I am_schedule_service_restart: [0,com.android.providers.media/.FileObserverService,1000]
05-11 14:23:01.766  3843  4431 I am_schedule_service_restart: [0,com.android.providers.media/.MediaScannerNullService,11000]
05-11 14:23:01.766  3843  4431 I am_kill : [0,7564,com.vivo.gallery,906,depends on provider com.android.providers.media/.MediaProvider in dying proc android.process.media (adj 0)]
05-11 14:23:01.776  3843  3866 I am_kill : [0,10041,com.android.providers.calendar,906,empty #17]
05-11 14:23:01.792  3843  4831 I am_proc_died: [0,10041,com.android.providers.calendar]
05-11 14:23:01.863  3843  5752 I am_proc_start: [0,11724,10044,com.vivo.weather.location,service,com.vivo.weather/.LocalCityLocateService]
05-11 14:23:01.891  3843  4672 I am_proc_bound: [0,11724,com.vivo.weather.location]
05-11 14:23:01.966  3843 21046 I am_proc_died: [0,7564,com.vivo.gallery]
05-11 14:23:01.966  3843 21046 I am_schedule_service_restart: [0,com.vivo.gallery/com.android.gallery3d.vivo.classify.ClassifyService,10799]
05-11 14:23:02.039  3843  3843 I notification_enqueue: [10030,5956,com.bbk.appstore,831,1:83,0,Notification(pri=0 contentView=null vibrate=null sound=null defaults=0x0 flags=0x2 color=0x00000000 vis=PRIVATE),1]
05-11 14:23:02.050  3843  5752 I notification_autogrouped: 0|com.bbk.appstore|831|1:83|10030
05-11 14:23:02.075  3843  8736 I notification_autogrouped: 0|com.bbk.appstore|831|1:83|10030
05-11 14:23:02.404  3843  8624 I am_proc_died: [0,11724,com.vivo.weather.location]
05-11 14:23:02.404  3843  8624 I am_schedule_service_restart: [0,com.vivo.weather/.LocalCityLocateService,20361]
05-11 14:23:02.507  3843  3843 I notification_enqueue: [10030,5956,com.bbk.appstore,831,1:83,0,Notification(pri=0 contentView=null vibrate=null sound=null defaults=0x0 flags=0x2 color=0x00000000 vis=PRIVATE),1]
05-11 14:23:02.513  3843  5752 I notification_autogrouped: 0|com.bbk.appstore|831|1:83|10030
05-11 14:23:02.513  3843  8624 I notification_autogrouped: 0|com.bbk.appstore|831|1:83|10030
05-11 14:23:02.794  3843  3882 I am_proc_start: [0,11776,10011,android.process.media,service,com.android.providers.media/.FileObserverService]
05-11 14:23:02.820  3843 21044 I am_proc_bound: [0,11776,android.process.media]
05-11 14:23:04.986  3843  3843 I notification_enqueue: [10030,5956,com.bbk.appstore,831,1:83,0,Notification(pri=0 contentView=null vibrate=null sound=null defaults=0x0 flags=0x2 color=0x00000000 vis=PRIVATE),1]
05-11 14:23:04.994  3843  4431 I notification_autogrouped: 0|com.bbk.appstore|831|1:83|10030
05-11 14:23:04.996  3843 21044 I notification_autogrouped: 0|com.bbk.appstore|831|1:83|10030
05-11 14:23:05.036  3843  3843 I notification_enqueue: [10030,5956,com.bbk.appstore,831,1:83,0,Notification(pri=0 contentView=null vibrate=null sound=null defaults=0x0 flags=0x2 color=0x00000000 vis=PRIVATE),1]
05-11 14:23:05.042  3843  8736 I notification_autogrouped: 0|com.bbk.appstore|831|1:83|10030
05-11 14:23:05.043  3843 21049 I notification_autogrouped: 0|com.bbk.appstore|831|1:83|10030
05-11 14:23:06.497  3843  3843 I notification_enqueue: [10030,5956,com.bbk.appstore,831,1:83,0,Notification(pri=0 contentView=null vibrate=null sound=null defaults=0x0 flags=0x2 color=0x00000000 vis=PRIVATE),1]
05-11 14:23:06.506  3843 21049 I notification_autogrouped: 0|com.bbk.appstore|831|1:83|10030
05-11 14:23:06.507  3843 21043 I notification_autogrouped: 0|com.bbk.appstore|831|1:83|10030
05-11 14:23:07.352   512   512 I sf_frame_dur: [InputMethod,1,1,3,1,1,1,2]
05-11 14:23:08.288  3843  3843 I notification_enqueue: [10030,5956,com.bbk.appstore,831,1:83,0,Notification(pri=0 contentView=null vibrate=null sound=null defaults=0x0 flags=0x2 color=0x00000000 vis=PRIVATE),1]
05-11 14:23:08.301  3843  4811 I notification_autogrouped: 0|com.bbk.appstore|831|1:83|10030
05-11 14:23:08.302  3843 21043 I notification_autogrouped: 0|com.bbk.appstore|831|1:83|10030
05-11 14:23:09.606  3843  3843 I notification_enqueue: [10030,5956,com.bbk.appstore,831,1:83,0,Notification(pri=0 contentView=null vibrate=null sound=null defaults=0x0 flags=0x2 color=0x00000000 vis=PRIVATE),1]
05-11 14:23:09.614  3843 21037 I notification_autogrouped: 0|com.bbk.appstore|831|1:83|10030
05-11 14:23:09.616  3843 21051 I notification_autogrouped: 0|com.bbk.appstore|831|1:83|10030
05-11 14:23:09.739  3843  3843 I notification_enqueue: [10030,5956,com.bbk.appstore,703,NULL,0,Notification(pri=0 contentView=null vibrate=null sound=null defaults=0x0 flags=0x10 color=0x00000000 vis=PRIVATE),0]
05-11 14:23:09.759  3843  8736 I notification_autogrouped: 0|com.bbk.appstore|703|null|10030
05-11 14:23:09.768  3843  3866 I notification_autogrouped: 0|com.bbk.appstore|703|null|10030
05-11 14:23:09.769  3843  3866 I notification_autogrouped: 0|com.bbk.appstore|831|1:83|10030
05-11 14:23:09.953  3843  3843 I notification_canceled: [0|com.bbk.appstore|831|1:83|10030,8,9066,347,0]
05-11 14:23:09.972  3843  3843 I notification_enqueue: [10030,5956,com.bbk.appstore,841,1:84,0,Notification(pri=0 contentView=null vibrate=null sound=null defaults=0x0 flags=0x2 color=0x00000000 vis=PRIVATE),0]
05-11 14:23:10.000  3843 21036 I notification_autogrouped: 0|com.bbk.appstore|703|null|10030
05-11 14:23:10.023  3843 21047 I notification_autogrouped: 0|com.bbk.appstore|703|null|10030
05-11 14:23:10.023  3843 21047 I notification_autogrouped: 0|com.bbk.appstore|841|1:84|10030
05-11 14:23:10.085  3843  3843 I notification_enqueue: [10030,5956,com.bbk.appstore,841,1:84,0,Notification(pri=0 contentView=null vibrate=null sound=null defaults=0x0 flags=0x2 color=0x00000000 vis=PRIVATE),1]
05-11 14:23:10.090  3843  4786 I notification_autogrouped: 0|com.bbk.appstore|703|null|10030
05-11 14:23:10.091  3843 21036 I notification_autogrouped: 0|com.bbk.appstore|703|null|10030
05-11 14:23:10.091  3843 21036 I notification_autogrouped: 0|com.bbk.appstore|841|1:84|10030
05-11 14:23:11.088  3843  3843 I notification_enqueue: [10030,5956,com.bbk.appstore,841,1:84,0,Notification(pri=0 contentView=null vibrate=null sound=null defaults=0x0 flags=0x2 color=0x00000000 vis=PRIVATE),1]
05-11 14:23:11.095  3843  8737 I notification_autogrouped: 0|com.bbk.appstore|703|null|10030
05-11 14:23:11.106  3843 21045 I notification_autogrouped: 0|com.bbk.appstore|703|null|10030
05-11 14:23:11.106  3843 21045 I notification_autogrouped: 0|com.bbk.appstore|841|1:84|10030
05-11 14:23:12.579  3843  3843 I notification_enqueue: [10030,5956,com.bbk.appstore,841,1:84,0,Notification(pri=0 contentView=null vibrate=null sound=null defaults=0x0 flags=0x2 color=0x00000000 vis=PRIVATE),1]
05-11 14:23:12.592  3843 21048 I notification_autogrouped: 0|com.bbk.appstore|703|null|10030
05-11 14:23:12.597  3843  8739 I notification_autogrouped: 0|com.bbk.appstore|703|null|10030
05-11 14:23:12.597  3843  8739 I notification_autogrouped: 0|com.bbk.appstore|841|1:84|10030
05-11 14:23:12.780  3843  3882 I am_proc_start: [0,11881,10097,com.vivo.gallery,service,com.vivo.gallery/com.android.gallery3d.vivo.classify.ClassifyService]
05-11 14:23:12.805  3843 21046 I am_proc_bound: [0,11881,com.vivo.gallery]
05-11 14:23:15.041  3843  3843 I notification_enqueue: [10030,5956,com.bbk.appstore,841,1:84,0,Notification(pri=0 contentView=null vibrate=null sound=null defaults=0x0 flags=0x2 color=0x00000000 vis=PRIVATE),1]
05-11 14:23:15.051  3843 21043 I notification_autogrouped: 0|com.bbk.appstore|703|null|10030
05-11 14:23:15.053  3843  4698 I notification_autogrouped: 0|com.bbk.appstore|703|null|10030
05-11 14:23:15.053  3843  4698 I notification_autogrouped: 0|com.bbk.appstore|841|1:84|10030
05-11 14:23:16.467  3843  3843 I notification_enqueue: [10030,5956,com.bbk.appstore,841,1:84,0,Notification(pri=0 contentView=null vibrate=null sound=null defaults=0x0 flags=0x2 color=0x00000000 vis=PRIVATE),1]
