06-26 12:05:08.557  2813  3033 I am_broadcast_discard_app: [0,225576174,android.intent.action.ACTION_POWER_DISCONNECTED,26,ResolveInfo{e743f6f com.ganji.android/com.igexin.sdk.PushReceiver m=0x108000}]
06-26 12:05:08.558  2813  3033 I am_broadcast_discard_app: [0,225576174,android.intent.action.ACTION_POWER_DISCONNECTED,27,ResolveInfo{1ad047c com.husor.beibei/com.igexin.sdk.PushReceiver m=0x108000}]
06-26 12:05:08.559  2813  3033 I am_broadcast_discard_app: [0,225576174,android.intent.action.ACTION_POWER_DISCONNECTED,28,ResolveInfo{1f0e105 com.jm.android.jumei/com.igexin.sdk.PushReceiver m=0x108000}]
06-26 12:05:08.560  2813  3033 I am_broadcast_discard_app: [0,225576174,android.intent.action.ACTION_POWER_DISCONNECTED,29,ResolveInfo{6fd855a com.jxedt/com.igexin.sdk.PushReceiver m=0x108000}]
06-26 12:05:08.560  2813  3033 I am_broadcast_discard_app: [0,225576174,android.intent.action.ACTION_POWER_DISCONNECTED,30,ResolveInfo{62f638b com.jxedt/io.rong.push.PushReceiver m=0x108000}]
06-26 12:05:08.561  2813  3033 I am_broadcast_discard_app: [0,225576174,android.intent.action.ACTION_POWER_DISCONNECTED,31,ResolveInfo{b03ec68 com.kingsoft/com.igexin.sdk.PushReceiver m=0x108000}]
06-26 12:05:08.562  2813  3033 I am_broadcast_discard_app: [0,225576174,android.intent.action.ACTION_POWER_DISCONNECTED,32,ResolveInfo{3238881 com.koudai.weishop/com.igexin.sdk.PushReceiver m=0x108000}]
06-26 12:05:08.562  2813  3033 I am_broadcast_discard_app: [0,225576174,android.intent.action.ACTION_POWER_DISCONNECTED,33,ResolveInfo{e7e9d26 com.meilishuo/com.igexin.sdk.PushReceiver m=0x108000}]
06-26 12:05:08.563  2813  3033 I am_broadcast_discard_app: [0,225576174,android.intent.action.ACTION_POWER_DISCONNECTED,34,ResolveInfo{12ead67 com.meitu.meipaimv/com.igexin.sdk.PushReceiver m=0x108000}]
06-26 12:05:08.565  2813  3033 I am_broadcast_discard_app: [0,225576174,android.intent.action.ACTION_POWER_DISCONNECTED,35,ResolveInfo{e5f6714 com.meitu.meiyancamera/com.igexin.sdk.PushReceiver m=0x108000}]
06-26 12:05:08.565  2813  3033 I am_broadcast_discard_app: [0,225576174,android.intent.action.ACTION_POWER_DISCONNECTED,36,ResolveInfo{d7f2bbd com.mogujie/com.igexin.sdk.PushReceiver m=0x108000}]
06-26 12:05:08.566  2813  3033 I am_broadcast_discard_app: [0,225576174,android.intent.action.ACTION_POWER_DISCONNECTED,37,ResolveInfo{fa765b2 com.moji.mjweather/com.igexin.sdk.PushReceiver m=0x108000}]
06-26 12:05:08.567  2813  3033 I am_broadcast_discard_app: [0,225576174,android.intent.action.ACTION_POWER_DISCONNECTED,38,ResolveInfo{4eeb903 com.mt.mtxx.mtxx/com.igexin.sdk.PushReceiver m=0x108000}]
06-26 12:05:08.567  2813  3033 I am_broadcast_discard_app: [0,225576174,android.intent.action.ACTION_POWER_DISCONNECTED,39,ResolveInfo{155e080 com.netease.newsreader.activity/com.igexin.sdk.PushReceiver m=0x108000}]
06-26 12:05:08.568  2813  3033 I am_broadcast_discard_app: [0,225576174,android.intent.action.ACTION_POWER_DISCONNECTED,40,ResolveInfo{ef7c6b9 com.nuomi/com.baidu.android.pushservice.PushServiceReceiver m=0x108000}]
06-26 12:05:08.569  2813  3033 I am_broadcast_discard_app: [0,225576174,android.intent.action.ACTION_POWER_DISCONNECTED,41,ResolveInfo{a222afe com.ophone.reader.ui/com.igexin.sdk.PushReceiver m=0x108000}]
06-26 12:05:08.569  2813  3033 I am_broadcast_discard_app: [0,225576174,android.intent.action.ACTION_POWER_DISCONNECTED,42,ResolveInfo{819e25f com.smile.gifmaker/com.igexin.sdk.PushReceiver m=0x108000}]
06-26 12:05:08.570  2813  3033 I am_broadcast_discard_app: [0,225576174,android.intent.action.ACTION_POWER_DISCONNECTED,43,ResolveInfo{a7884ac com.ss.android.article.news/com.ss.android.message.MessageReceiver m=0x108000}]
06-26 12:05:08.570  2813  3033 I am_broadcast_discard_app: [0,225576174,android.intent.action.ACTION_POWER_DISCONNECTED,44,ResolveInfo{6c51575 com.tencent.androidqqmail/com.tencent.qqmail.utilities.qmbroadcastreceiver.QMPushReceiver m=0x108000}]
06-26 12:05:08.571  2813  3033 I am_broadcast_discard_app: [0,225576174,android.intent.action.ACTION_POWER_DISCONNECTED,45,ResolveInfo{bf1f90a com.tencent.mtt/.browser.push.service.ConnectivityReceiver m=0x108000}]
06-26 12:05:08.572  2813  3033 I am_broadcast_discard_app: [0,225576174,android.intent.action.ACTION_POWER_DISCONNECTED,46,ResolveInfo{7a4457b com.tencent.qqpim/.apps.startreceiver.QQPimAllStartUpReceiver m=0x108000}]
06-26 12:05:08.573  2813  3033 I am_broadcast_discard_app: [0,225576174,android.intent.action.ACTION_POWER_DISCONNECTED,47,ResolveInfo{63f3f98 com.wuba/com.igexin.sdk.PushReceiver m=0x108000}]
06-26 12:05:08.573  2813  3033 I am_broadcast_discard_app: [0,225576174,android.intent.action.ACTION_POWER_DISCONNECTED,48,ResolveInfo{5de93f1 com.ximalaya.ting.android/com.igexin.sdk.PushReceiver m=0x108000}]
06-26 12:05:08.574  2813  3033 I am_broadcast_discard_app: [0,225576174,android.intent.action.ACTION_POWER_DISCONNECTED,49,ResolveInfo{e3e9bd6 com.yibasan.lizhifm/com.igexin.sdk.PushReceiver m=0x108000}]
06-26 12:05:08.575  2813  3033 I am_broadcast_discard_app: [0,225576174,android.intent.action.ACTION_POWER_DISCONNECTED,50,ResolveInfo{1a7be57 com.yibasan.lizhifm/io.rong.push.PushReceiver m=0x108000}]
06-26 12:05:09.219  2813  2813 I notification_canceled: [0|android|110110|null|1000,8,10014607,10014607,40434]
06-26 12:05:09.220  2813  2813 I notification_canceled: [0|android|10011|null|1000,8,10009911,10009911,40435]
06-26 12:05:09.234  2813  5423 I notification_canceled: [0|android|2147483647|group_key_override|1000|ranker_bundle,16,10009910,10009910,40449]
06-26 12:05:10.502  2813  3033 I am_broadcast_discard_app: [0,132455450,android.net.wifi.RSSI_CHANGED,0,ResolveInfo{139134b com.tencent.androidqqmail/com.tencent.qqmail.utilities.qmbroadcastreceiver.WifiChangeReceiver m=0x108000}]
06-26 12:05:10.739  2813  4237 I battery_status: [2,2,1,2,Li-ion]
06-26 12:05:10.765  2813  3033 I am_broadcast_discard_app: [0,170450918,android.intent.action.ACTION_POWER_CONNECTED,0,ResolveInfo{9839927 com.culiukeji.huanletao/com.tencent.android.tpush.XGPushReceiver p=2147483647 m=0x108000}]
06-26 12:05:10.771  2813  3033 I am_broadcast_discard_app: [0,170450918,android.intent.action.ACTION_POWER_CONNECTED,1,ResolveInfo{da55d7d com.eg.android.AlipayGphone/com.alipay.pushsdk.BroadcastActionReceiver p=2147483647 m=0x108000}]
06-26 12:05:10.772  2813  3033 I am_broadcast_discard_app: [0,170450918,android.intent.action.ACTION_POWER_CONNECTED,2,ResolveInfo{d931472 com.jingdong.app.mall/com.tencent.android.tpush.XGPushReceiver p=2147483647 m=0x108000}]
06-26 12:05:10.773  2813  3033 I am_broadcast_discard_app: [0,170450918,android.intent.action.ACTION_POWER_CONNECTED,3,ResolveInfo{a06a0c3 com.koudai.weishop/com.tencent.android.tpush.XGPushReceiver p=2147483647 m=0x108000}]
06-26 12:05:10.774  2813  3033 I am_broadcast_discard_app: [0,170450918,android.intent.action.ACTION_POWER_CONNECTED,4,ResolveInfo{3a00d40 com.tencent.map/com.tencent.android.tpush.XGPushReceiver p=2147483647 m=0x108000}]
06-26 12:05:10.774  2813  3033 I am_broadcast_discard_app: [0,170450918,android.intent.action.ACTION_POWER_CONNECTED,5,ResolveInfo{eaf5479 com.tongcheng.android/com.tencent.android.tpush.XGPushReceiver p=2147483647 m=0x108000}]
06-26 12:05:10.775  2813  3033 I am_broadcast_discard_app: [0,170450918,android.intent.action.ACTION_POWER_CONNECTED,6,ResolveInfo{afa05be com.yibasan.lizhifm/.boot.LZReceivers$BootReceiver p=2147483647 m=0x108000}]
06-26 12:05:10.776  2813  3033 I am_broadcast_discard_app: [0,170450918,android.intent.action.ACTION_POWER_CONNECTED,7,ResolveInfo{928861f com.kingsoft/.receiver.StartSelfReceiver p=90000 m=0x108000}]
06-26 12:05:10.783  2813  3033 I am_wtf  : [0,2813,system_server,-1,KernelWakelockReader,neither /proc/wakelocks nor /d/wakeup_sources exists]
06-26 12:05:10.803  2813 14828 I am_proc_start: [0,17504,10087,com.bbk.updater,broadcast,com.bbk.updater/.receiver.AllReceivers]
06-26 12:05:10.822  2813  5412 I am_proc_bound: [0,17504,com.bbk.updater]
06-26 12:05:10.890  2813  4655 I am_new_intent: [0,264378801,11,com.android.dialer/.TwelveKeyDialer,android.intent.action.MAIN,NULL,NULL,807403520]
06-26 12:05:10.891  2813  4655 I am_focused_stack: [0,1,0,bringingFoundTaskToFront setFocusedActivity]
06-26 12:05:10.891  2813  4655 I wm_task_moved: [11,1,3]
06-26 12:05:10.892  2813  4655 I am_focused_activity: [0,com.android.dialer/.TwelveKeyDialer,bringingFoundTaskToFront]
06-26 12:05:10.892  2813  4655 I am_pause_activity: [0,164481519,com.bbk.launcher2/.Launcher]
06-26 12:05:10.893  2813  4655 I am_task_to_front: [0,11]
06-26 12:05:10.895  2813  4655 I sysui_action: [323,com.android.dialer/.TwelveKeyDialer]
06-26 12:05:10.895  2813  4655 I sysui_action: [324,true]
06-26 12:05:10.895  2813  4655 I sysui_action: [325,10045]
06-26 12:05:10.898  5461  5461 I am_on_paused_called: [0,com.bbk.launcher2.Launcher,handlePauseActivity]
06-26 12:05:10.904  2813  4415 I am_resume_activity: [0,64490907,11,com.android.dialer/.TwelveKeyDialer]
06-26 12:05:10.913  2813  3033 I sysui_count: [window_time_0,38]
06-26 12:05:10.939 11721 11721 I am_on_resume_called: [0,com.android.dialer.TwelveKeyDialer,RESUME_ACTIVITY]
06-26 12:05:10.991  2813  3188 I sysui_action: [320,2]
06-26 12:05:10.991  2813  3188 I sysui_action: [319,106]
06-26 12:05:10.992  2813  3188 I sysui_action: [322,107]
06-26 12:05:11.052  2813  2813 I notification_enqueue: [1000,2813,android,110110,NULL,0,Notification(pri=0 contentView=null vibrate=null sound=null tick defaults=0x0 flags=0x2 color=0xff607d8b vis=PUBLIC),0]
06-26 12:05:11.054  2813  2813 I notification_enqueue: [1000,2813,android,10011,NULL,0,Notification(pri=2 contentView=android/0x3030020 vibrate=null sound=null tick defaults=0x0 flags=0x2 color=0x00000000 vis=PUBLIC),0]
06-26 12:05:11.063  2813  5412 I notification_autogrouped: 0|android|110110|null|1000
06-26 12:05:11.065  2813  2813 I notification_enqueue: [1000,2813,android,2147483647,group_key_override,0,Notification(pri=0 contentView=null vibrate=null sound=null defaults=0x0 flags=0x700 color=0xff607d8b groupKey=ranker_bundle vis=PRIVATE),0]
06-26 12:05:11.067  2813  2900 I notification_autogrouped: 0|android|110110|null|1000
06-26 12:05:11.068  2813  4682 I notification_autogrouped: 0|android|110110|null|1000
06-26 12:05:11.070  2813  4655 I notification_autogrouped: 0|android|110110|null|1000
06-26 12:05:11.070  2813  4655 I notification_autogrouped: 0|android|10011|null|1000
06-26 12:05:11.095  2813  4664 I notification_expansion: [0|android|110110|null|1000,0,1,44,44,0]
06-26 12:05:11.138  2813  5423 I notification_expansion: [0|android|10011|null|1000,1,1,85,85,0]
06-26 12:05:11.144  2813  4614 I notification_expansion: [0|android|110110|null|1000,0,0,93,93,0]
06-26 12:05:11.266  2813  3033 I am_stop_activity: [0,164481519,com.bbk.launcher2/.Launcher]
06-26 12:05:11.270  5461  5461 I am_on_stop_called: [0,com.bbk.launcher2.Launcher,handleStopActivity]
06-26 12:05:11.291   512   512 I sf_frame_dur: [com.bbk.launcher2/com.bbk.launcher2.Launcher,65,2,0,2,0,1,5]
06-26 12:05:11.297  2813  4649 I am_broadcast_discard_app: [0,170450918,android.intent.action.ACTION_POWER_CONNECTED,12,ResolveInfo{e2e1e64 air.tv.douyu.android/com.igexin.sdk.PushReceiver m=0x108000}]
06-26 12:05:11.297  2813  3033 I am_broadcast_discard_app: [0,170450918,android.intent.action.ACTION_POWER_CONNECTED,13,ResolveInfo{c3d98cd cmccwm.mobilemusic/com.igexin.sdk.PushReceiver m=0x108000}]
06-26 12:05:11.299  2813  3033 I am_broadcast_discard_app: [0,170450918,android.intent.action.ACTION_POWER_CONNECTED,14,ResolveInfo{656b582 cn.eclicks.drivingtest/.receiver.DrivingReceiver m=0x108000}]
06-26 12:05:11.300  2813  3033 I am_broadcast_discard_app: [0,170450918,android.intent.action.ACTION_POWER_CONNECTED,15,ResolveInfo{2c51493 cn.wps.moffice_eng/com.igexin.sdk.PushReceiver m=0x108000}]
06-26 12:05:11.300  2813  3033 I am_broadcast_discard_app: [0,170450918,android.intent.action.ACTION_POWER_CONNECTED,16,ResolveInfo{6e0bcd0 com.baidu.BaiduMap/com.baidu.android.pushservice.PushServiceReceiver m=0x108000}]
06-26 12:05:11.300  2813  3033 I am_broadcast_discard_app: [0,170450918,android.intent.action.ACTION_POWER_CONNECTED,17,ResolveInfo{17f4c9 com.baidu.netdisk/com.baidu.android.pushservice.PushServiceReceiver m=0x108000}]
06-26 12:05:11.301  2813  3033 I am_broadcast_discard_app: [0,170450918,android.intent.action.ACTION_POWER_CONNECTED,18,ResolveInfo{33ea7ce com.baidu.netdisk/.kernel.device.monitor.battery.BatteryMonitor m=0x108000}]
06-26 12:05:11.301  2813  3033 I am_broadcast_discard_app: [0,170450918,android.intent.action.ACTION_POWER_CONNECTED,19,ResolveInfo{2266ef com.baidu.news/com.baidu.android.pushservice.PushServiceReceiver m=0x108000}]
06-26 12:05:11.302  2813  3033 I am_broadcast_discard_app: [0,170450918,android.intent.action.ACTION_POWER_CONNECTED,20,ResolveInfo{5221485 com.baidu.tieba/com.baidu.android.pushservice.PushServiceReceiver m=0x108000}]
06-26 12:05:11.304  2813  3033 I am_broadcast_discard_app: [0,170450918,android.intent.action.ACTION_POWER_CONNECTED,21,ResolveInfo{5a172da com.baidu.video/com.baidu.android.pushservice.PushServiceReceiver m=0x108000}]
06-26 12:05:11.304  2813  3033 I am_broadcast_discard_app: [0,170450918,android.intent.action.ACTION_POWER_CONNECTED,22,ResolveInfo{558830b com.baidu.video/com.igexin.sdk.PushReceiver m=0x108000}]
06-26 12:05:11.305  2813  3033 I am_broadcast_discard_app: [0,170450918,android.intent.action.ACTION_POWER_CONNECTED,23,ResolveInfo{41f55e8 com.chinamworld.bocmbci/com.igexin.sdk.PushReceiver m=0x108000}]
06-26 12:05:11.305  2813  3033 I am_broadcast_discard_app: [0,170450918,android.intent.action.ACTION_POWER_CONNECTED,24,ResolveInfo{6f47401 com.cubic.autohome/com.igexin.sdk.PushReceiver m=0x108000}]
06-26 12:05:11.306  2813  3033 I am_broadcast_discard_app: [0,170450918,android.intent.action.ACTION_POWER_CONNECTED,25,ResolveInfo{b33e2a6 com.douguo.recipe/io.rong.push.PushReceiver m=0x108000}]
06-26 12:05:11.306  2813  3033 I am_broadcast_discard_app: [0,170450918,android.intent.action.ACTION_POWER_CONNECTED,26,ResolveInfo{68a44e7 com.gameabc.zhanqiAndroid/com.igexin.sdk.PushReceiver m=0x108000}]
06-26 12:05:11.307  2813  3033 I am_broadcast_discard_app: [0,170450918,android.intent.action.ACTION_POWER_CONNECTED,27,ResolveInfo{b87e894 com.ganji.android/com.igexin.sdk.PushReceiver m=0x108000}]
06-26 12:05:11.307  2813  3033 I am_broadcast_discard_app: [0,170450918,android.intent.action.ACTION_POWER_CONNECTED,28,ResolveInfo{8334f3d com.husor.beibei/com.igexin.sdk.PushReceiver m=0x108000}]
06-26 12:05:11.308  2813  3033 I am_broadcast_discard_app: [0,170450918,android.intent.action.ACTION_POWER_CONNECTED,29,ResolveInfo{62b8332 com.jm.android.jumei/com.igexin.sdk.PushReceiver m=0x108000}]
06-26 12:05:11.308  2813  3033 I am_broadcast_discard_app: [0,170450918,android.intent.action.ACTION_POWER_CONNECTED,30,ResolveInfo{d2c4883 com.jxedt/com.igexin.sdk.PushReceiver m=0x108000}]
06-26 12:05:11.308  2813  3033 I am_broadcast_discard_app: [0,170450918,android.intent.action.ACTION_POWER_CONNECTED,31,ResolveInfo{244fa00 com.jxedt/io.rong.push.PushReceiver m=0x108000}]
06-26 12:05:11.308  2813  3033 I am_broadcast_discard_app: [0,170450918,android.intent.action.ACTION_POWER_CONNECTED,32,ResolveInfo{78aa239 com.kingsoft/com.igexin.sdk.PushReceiver m=0x108000}]
06-26 12:05:11.309  2813  3033 I am_broadcast_discard_app: [0,170450918,android.intent.action.ACTION_POWER_CONNECTED,33,ResolveInfo{48aa07e com.koudai.weishop/com.igexin.sdk.PushReceiver m=0x108000}]
06-26 12:05:11.309  2813  3033 I am_broadcast_discard_app: [0,170450918,android.intent.action.ACTION_POWER_CONNECTED,34,ResolveInfo{b60e9df com.meilishuo/com.igexin.sdk.PushReceiver m=0x108000}]
06-26 12:05:11.309  2813  3033 I am_broadcast_discard_app: [0,170450918,android.intent.action.ACTION_POWER_CONNECTED,35,ResolveInfo{ffb62c com.meitu.meipaimv/com.igexin.sdk.PushReceiver m=0x108000}]
06-26 12:05:11.310  2813  3033 I am_broadcast_discard_app: [0,170450918,android.intent.action.ACTION_POWER_CONNECTED,36,ResolveInfo{86a28f5 com.meitu.meiyancamera/com.igexin.sdk.PushReceiver m=0x108000}]
06-26 12:05:11.310  2813  3033 I am_broadcast_discard_app: [0,170450918,android.intent.action.ACTION_POWER_CONNECTED,37,ResolveInfo{2c468a com.mogujie/com.igexin.sdk.PushReceiver m=0x108000}]
06-26 12:05:11.311  2813  3033 I am_broadcast_discard_app: [0,170450918,android.intent.action.ACTION_POWER_CONNECTED,38,ResolveInfo{91444fb com.moji.mjweather/com.igexin.sdk.PushReceiver m=0x108000}]
06-26 12:05:11.311  2813  3033 I am_broadcast_discard_app: [0,170450918,android.intent.action.ACTION_POWER_CONNECTED,39,ResolveInfo{fc80918 com.mt.mtxx.mtxx/com.igexin.sdk.PushReceiver m=0x108000}]
06-26 12:05:11.311  2813  3033 I am_broadcast_discard_app: [0,170450918,android.intent.action.ACTION_POWER_CONNECTED,40,ResolveInfo{b815f71 com.netease.newsreader.activity/com.igexin.sdk.PushReceiver m=0x108000}]
06-26 12:05:11.311  2813  3033 I am_broadcast_discard_app: [0,170450918,android.intent.action.ACTION_POWER_CONNECTED,41,ResolveInfo{3904156 com.nuomi/com.baidu.android.pushservice.PushServiceReceiver m=0x108000}]
06-26 12:05:11.312  2813  3033 I am_broadcast_discard_app: [0,170450918,android.intent.action.ACTION_POWER_CONNECTED,42,ResolveInfo{6d835d7 com.ophone.reader.ui/com.igexin.sdk.PushReceiver m=0x108000}]
06-26 12:05:11.312  2813  3033 I am_broadcast_discard_app: [0,170450918,android.intent.action.ACTION_POWER_CONNECTED,43,ResolveInfo{5c09ec4 com.smile.gifmaker/com.igexin.sdk.PushReceiver m=0x108000}]
06-26 12:05:11.312  2813  3033 I am_broadcast_discard_app: [0,170450918,android.intent.action.ACTION_POWER_CONNECTED,44,ResolveInfo{2fb81ad com.sohu.newsclient/.core.broadcast.ConnectionChangeReceiver m=0x108000}]
06-26 12:05:11.312  2813  3033 I am_broadcast_discard_app: [0,170450918,android.intent.action.ACTION_POWER_CONNECTED,45,ResolveInfo{f671ce2 com.ss.android.article.news/com.ss.android.message.MessageReceiver m=0x108000}]
06-26 12:05:11.313  2813  3033 I am_broadcast_discard_app: [0,170450918,android.intent.action.ACTION_POWER_CONNECTED,46,ResolveInfo{2805873 com.tencent.androidqqmail/com.tencent.qqmail.utilities.qmbroadcastreceiver.QMPushReceiver m=0x108000}]
06-26 12:05:11.313  2813  3033 I am_broadcast_discard_app: [0,170450918,android.intent.action.ACTION_POWER_CONNECTED,47,ResolveInfo{78ae330 com.tencent.mtt/.browser.push.service.ConnectivityReceiver m=0x108000}]
06-26 12:05:11.314  2813  3033 I am_broadcast_discard_app: [0,170450918,android.intent.action.ACTION_POWER_CONNECTED,48,ResolveInfo{e7b8ba9 com.tencent.qqlive/.services.push.PushAlarmReceiver m=0x108000}]
06-26 12:05:11.314  2813  3033 I am_broadcast_discard_app: [0,170450918,android.intent.action.ACTION_POWER_CONNECTED,49,ResolveInfo{cde252e com.tencent.qqpim/.apps.startreceiver.QQPimAllStartUpReceiver m=0x108000}]
06-26 12:05:11.314  2813  3033 I am_broadcast_discard_app: [0,170450918,android.intent.action.ACTION_POWER_CONNECTED,50,ResolveInfo{97e08cf com.wuba/com.igexin.sdk.PushReceiver m=0x108000}]
06-26 12:05:11.315  2813  3033 I am_broadcast_discard_app: [0,170450918,android.intent.action.ACTION_POWER_CONNECTED,51,ResolveInfo{73025c com.ximalaya.ting.android/com.igexin.sdk.PushReceiver m=0x108000}]
06-26 12:05:11.315  2813  3033 I am_broadcast_discard_app: [0,170450918,android.intent.action.ACTION_POWER_CONNECTED,52,ResolveInfo{ad83965 com.yibasan.lizhifm/com.igexin.sdk.PushReceiver m=0x108000}]
06-26 12:05:11.316  2813  3033 I am_broadcast_discard_app: [0,170450918,android.intent.action.ACTION_POWER_CONNECTED,53,ResolveInfo{8ab663a com.yibasan.lizhifm/io.rong.push.PushReceiver m=0x108000}]
06-26 12:05:11.320  2813 14828 I am_wtf  : [0,2813,system_server,-1,ActivityManager,Sending non-protected broadcast launcher.action.CHANGE_APPLICATION_NOTIFICATION_NUM from system 4659:com.android.phone/1001 pkg com.android.phone]
06-26 12:05:11.321  2813  4664 I am_wtf  : [0,2813,system_server,-1,ActivityManager,Sending non-protected broadcast android.no.read.BBKLockScreen.INCALL from system 4659:com.android.phone/1001 pkg com.android.phone]
06-26 12:05:11.322  2813  4664 I am_wtf  : [0,2813,system_server,-1,ActivityManager,Sending non-protected broadcast android.no.read.BBKLockScreen.INCALL from system 4659:com.android.phone/1001 pkg com.android.phone]
06-26 12:05:12.378  2813  5434 I wm_task_moved: [15,1,3]
06-26 12:05:12.382  2813  5434 I am_focused_activity: [0,com.iqoo.engineermode/.verifytest.EngineerVerifyTest,bringingFoundTaskToFront]
06-26 12:05:12.412  2813  5434 I am_pause_activity: [0,64490907,com.android.dialer/.TwelveKeyDialer]
06-26 12:05:12.414  2813  5434 I am_task_to_front: [0,15]
06-26 12:05:12.416 11721 11721 I am_on_paused_called: [0,com.android.dialer.TwelveKeyDialer,handlePauseActivity]
06-26 12:05:12.416  2813  5434 I sysui_action: [323,com.iqoo.engineermode/.verifytest.EngineerVerifyTest]
06-26 12:05:12.416  2813  5434 I sysui_action: [324,true]
06-26 12:05:12.416  2813  5434 I sysui_action: [325,10047]
06-26 12:05:12.426  2813  4608 I am_resume_activity: [0,5276965,15,com.iqoo.engineermode/.verifytest.EngineerVerifyTest]
06-26 12:05:12.436  2813  3033 I sysui_count: [window_time_0,2]
06-26 12:05:12.445 11350 11350 I am_on_resume_called: [0,com.iqoo.engineermode.verifytest.EngineerVerifyTest,RESUME_ACTIVITY]
06-26 12:05:12.489  2813  3188 I sysui_action: [320,2]
06-26 12:05:12.489  2813  3188 I sysui_action: [319,124]
06-26 12:05:12.489  2813  3188 I sysui_action: [322,124]
06-26 12:05:12.798  2813  3033 I am_stop_activity: [0,64490907,com.android.dialer/.TwelveKeyDialer]
06-26 12:05:12.802 11721 11721 I am_on_stop_called: [0,com.android.dialer.TwelveKeyDialer,handleStopActivity]
06-26 12:05:12.827   512   512 I sf_frame_dur: [com.android.dialer/com.android.dialer.TwelveKeyDialer,44,1,0,2,1,0,0]
06-26 12:05:13.512  2813  3033 I am_broadcast_discard_app: [0,194130966,android.net.wifi.RSSI_CHANGED,0,ResolveInfo{8231197 com.tencent.androidqqmail/com.tencent.qqmail.utilities.qmbroadcastreceiver.WifiChangeReceiver m=0x108000}]
06-26 12:05:14.101  2813  2813 I free_storage_changed: 8849268736
06-26 12:05:14.931  2813  3030 I am_pss  : [9964,10045,com.vivo.weather.provider,12827648,11501568,0]
06-26 12:05:16.532  2813  3033 I am_broadcast_discard_app: [0,48067958,android.net.wifi.RSSI_CHANGED,0,ResolveInfo{1592777 com.tencent.androidqqmail/com.tencent.qqmail.utilities.qmbroadcastreceiver.WifiChangeReceiver m=0x108000}]
06-26 12:05:19.554  2813  3033 I am_broadcast_discard_app: [0,31028816,android.net.wifi.RSSI_CHANGED,0,ResolveInfo{d83f049 com.tencent.androidqqmail/com.tencent.qqmail.utilities.qmbroadcastreceiver.WifiChangeReceiver m=0x108000}]
06-26 12:05:22.575  2813  3033 I am_broadcast_discard_app: [0,43540570,android.net.wifi.RSSI_CHANGED,0,ResolveInfo{7d8a28b com.tencent.androidqqmail/com.tencent.qqmail.utilities.qmbroadcastreceiver.WifiChangeReceiver m=0x108000}]
06-26 12:05:22.631  2813  3030 I am_pss  : [11350,1000,com.iqoo.engineermode,19169280,14983168,0]
06-26 12:05:25.586  2813  3033 I am_broadcast_discard_app: [0,141305894,android.net.wifi.RSSI_CHANGED,0,ResolveInfo{dacdc67 com.tencent.androidqqmail/com.tencent.qqmail.utilities.qmbroadcastreceiver.WifiChangeReceiver m=0x108000}]
06-26 12:05:28.608  2813  3033 I am_broadcast_discard_app: [0,40018098,android.net.wifi.RSSI_CHANGED,0,ResolveInfo{ca0d803 com.tencent.androidqqmail/com.tencent.qqmail.utilities.qmbroadcastreceiver.WifiChangeReceiver m=0x108000}]
06-26 12:05:28.665  2813  3030 I am_pss  : [17458,10097,com.vivo.gallery,73904128,70377472,0]
06-26 12:05:30.452   511   511 I auditd  : SELinux: Loaded service_contexts from /service_contexts.
06-26 12:05:30.453   511   511 I auditd  : avc:  received policyload notice (seqno=2)
06-26 12:05:31.559  2813  3030 I am_pss  : [5461,10034,com.bbk.launcher2,103808000,90812416,0]
06-26 12:05:31.587  2813  3030 I am_pss  : [5326,1000,com.vivo.doubleinstance,4640768,3719168,0]
06-26 12:05:31.628  2813  3033 I am_broadcast_discard_app: [0,40394770,android.net.wifi.RSSI_CHANGED,0,ResolveInfo{3a293e3 com.tencent.androidqqmail/com.tencent.qqmail.utilities.qmbroadcastreceiver.WifiChangeReceiver m=0x108000}]
06-26 12:05:31.630  2813  3033 I am_broadcast_discard_app: [0,165302752,android.net.wifi.RSSI_CHANGED,0,ResolveInfo{a274c99 com.tencent.androidqqmail/com.tencent.qqmail.utilities.qmbroadcastreceiver.WifiChangeReceiver m=0x108000}]
06-26 12:05:34.556  2813  3030 I am_pss  : [11216,10002,android.process.acore,18640896,16699392,0]
06-26 12:05:34.648  2813  3033 I am_broadcast_discard_app: [0,194451797,android.net.wifi.RSSI_CHANGED,0,ResolveInfo{5cbdf6a com.tencent.androidqqmail/com.tencent.qqmail.utilities.qmbroadcastreceiver.WifiChangeReceiver m=0x108000}]
06-26 12:05:37.662  2813  3033 I am_broadcast_discard_app: [0,88115254,android.net.wifi.RSSI_CHANGED,0,ResolveInfo{5bea337 com.tencent.androidqqmail/com.tencent.qqmail.utilities.qmbroadcastreceiver.WifiChangeReceiver m=0x108000}]
06-26 12:05:37.665  2813  3033 I am_broadcast_discard_app: [0,191918244,android.net.wifi.RSSI_CHANGED,0,ResolveInfo{40a1e0d com.tencent.androidqqmail/com.tencent.qqmail.utilities.qmbroadcastreceiver.WifiChangeReceiver m=0x108000}]
06-26 12:05:40.674  2813  3033 I am_broadcast_discard_app: [0,173589039,android.net.wifi.RSSI_CHANGED,0,ResolveInfo{24f303c com.tencent.androidqqmail/com.tencent.qqmail.utilities.qmbroadcastreceiver.WifiChangeReceiver m=0x108000}]
06-26 12:05:40.676  2813  3033 I am_broadcast_discard_app: [0,114426309,android.net.wifi.RSSI_CHANGED,0,ResolveInfo{752f71a com.tencent.androidqqmail/com.tencent.qqmail.utilities.qmbroadcastreceiver.WifiChangeReceiver m=0x108000}]
06-26 12:05:43.686  2813  3033 I am_broadcast_discard_app: [0,165016897,android.net.wifi.RSSI_CHANGED,0,ResolveInfo{2196ae6 com.tencent.androidqqmail/com.tencent.qqmail.utilities.qmbroadcastreceiver.WifiChangeReceiver m=0x108000}]
06-26 12:05:43.737  2813  3030 I am_pss  : [11721,10009,com.android.dialer,33754112,29626368,0]
06-26 12:05:43.780  2813  3030 I am_pss  : [17073,10018,com.vivo.numbermark,6059008,3321856,0]
06-26 12:05:43.815  2813  3030 I am_pss  : [17504,10087,com.bbk.updater,8591360,7630848,0]
06-26 12:05:46.708  2813  3033 I am_broadcast_discard_app: [0,265004157,android.net.wifi.RSSI_CHANGED,0,ResolveInfo{b814f72 com.tencent.androidqqmail/com.tencent.qqmail.utilities.qmbroadcastreceiver.WifiChangeReceiver m=0x108000}]
06-26 12:05:49.731  2813  3033 I am_broadcast_discard_app: [0,175311737,android.net.wifi.RSSI_CHANGED,0,ResolveInfo{910f0be com.tencent.androidqqmail/com.tencent.qqmail.utilities.qmbroadcastreceiver.WifiChangeReceiver m=0x108000}]
06-26 12:05:52.747  2813  3033 I am_broadcast_discard_app: [0,227534389,android.net.wifi.RSSI_CHANGED,0,ResolveInfo{675aca com.tencent.androidqqmail/com.tencent.qqmail.utilities.qmbroadcastreceiver.WifiChangeReceiver m=0x108000}]
06-26 12:05:52.754  2813  3033 I am_broadcast_discard_app: [0,45209432,android.net.wifi.RSSI_CHANGED,0,ResolveInfo{b65b0b1 com.tencent.androidqqmail/com.tencent.qqmail.utilities.qmbroadcastreceiver.WifiChangeReceiver m=0x108000}]
06-26 12:05:55.761  2813  3033 I am_broadcast_discard_app: [0,169414916,android.net.wifi.RSSI_CHANGED,0,ResolveInfo{cf3a6ed com.tencent.androidqqmail/com.tencent.qqmail.utilities.qmbroadcastreceiver.WifiChangeReceiver m=0x108000}]
06-26 12:05:58.782  2813  3033 I am_broadcast_discard_app: [0,261634416,android.net.wifi.RSSI_CHANGED,0,ResolveInfo{1f0c4e9 com.tencent.androidqqmail/com.tencent.qqmail.utilities.qmbroadcastreceiver.WifiChangeReceiver m=0x108000}]
06-26 12:06:01.806  2813  3033 I am_broadcast_discard_app: [0,192270891,android.net.wifi.RSSI_CHANGED,0,ResolveInfo{f75c688 com.tencent.androidqqmail/com.tencent.qqmail.utilities.qmbroadcastreceiver.WifiChangeReceiver m=0x108000}]
06-26 12:06:02.590  2813  3951 I am_new_intent: [0,111694918,2,com.bbk.launcher2/.Launcher,android.intent.action.MAIN,NULL,NULL,278921216]
06-26 12:06:02.590  2813  3951 I am_focused_stack: [0,0,1,bringingFoundTaskToFront setFocusedActivity]
06-26 12:06:02.591  2813  3951 I wm_task_moved: [2,1,1]
06-26 12:06:02.600  2813  3951 I am_focused_activity: [0,com.bbk.launcher2/.Launcher,bringingFoundTaskToFront]
06-26 12:06:02.625  2813  3951 I am_pause_activity: [0,5276965,com.iqoo.engineermode/.verifytest.EngineerVerifyTest]
06-26 12:06:02.625 11350 11350 I am_on_paused_called: [0,com.iqoo.engineermode.verifytest.EngineerVerifyTest,handlePauseActivity]
06-26 12:06:02.627  2813  3951 I am_task_to_front: [0,2]
06-26 12:06:02.630  2813  3951 I sysui_action: [323,com.bbk.launcher2/.Launcher]
06-26 12:06:02.630  2813  3951 I sysui_action: [324,true]
06-26 12:06:02.630  2813  3951 I sysui_action: [325,10097]
06-26 12:06:02.640  2813 14827 I am_resume_activity: [0,164481519,2,com.bbk.launcher2/.Launcher]
06-26 12:06:02.644  2813  3033 I sysui_count: [window_time_0,50]
06-26 12:06:02.658  5461  5461 I am_on_resume_called: [0,com.bbk.launcher2.Launcher,RESUME_ACTIVITY]
06-26 12:06:02.726  2813  3188 I sysui_action: [320,2]
06-26 12:06:02.726  2813  3188 I sysui_action: [319,150]
06-26 12:06:02.727  2813  3188 I sysui_action: [322,151]
06-26 12:06:02.951  2813  3033 I am_stop_activity: [0,5276965,com.iqoo.engineermode/.verifytest.EngineerVerifyTest]
06-26 12:06:02.953 11350 11350 I am_on_stop_called: [0,com.iqoo.engineermode.verifytest.EngineerVerifyTest,handleStopActivity]
06-26 12:06:03.031   512   512 I sf_frame_dur: [com.iqoo.engineermode/com.iqoo.engineermode.verifytest.EngineerVerifyTest,96,0,0,0,4,0,1]
06-26 12:06:04.827  2813  3033 I am_broadcast_discard_app: [0,173300470,android.net.wifi.RSSI_CHANGED,0,ResolveInfo{9e5def7 com.tencent.androidqqmail/com.tencent.qqmail.utilities.qmbroadcastreceiver.WifiChangeReceiver m=0x108000}]
06-26 12:06:04.827  2813  3033 I am_broadcast_discard_app: [0,182018404,android.net.wifi.RSSI_CHANGED,0,ResolveInfo{1931fcd com.tencent.androidqqmail/com.tencent.qqmail.utilities.qmbroadcastreceiver.WifiChangeReceiver m=0x108000}]
06-26 12:06:05.895  2813  4664 I am_create_task: [0,18]
06-26 12:06:05.895  2813  4664 I am_create_activity: [0,81997954,18,com.hunantv.imgo.activity/.MainActivity,android.intent.action.MAIN,NULL,NULL,807403520]
06-26 12:06:05.896  2813  4664 I wm_task_created: [18,1]
06-26 12:06:05.896  2813  4664 I wm_task_moved: [18,1,4]
06-26 12:06:05.896  2813  4664 I am_focused_stack: [0,1,0,startedActivity setFocusedActivity]
06-26 12:06:05.897  2813  4664 I wm_task_moved: [18,1,4]
06-26 12:06:05.898  2813  4664 I am_focused_activity: [0,com.hunantv.imgo.activity/.MainActivity,startedActivity]
06-26 12:06:05.898  2813  4664 I am_pause_activity: [0,164481519,com.bbk.launcher2/.Launcher]
06-26 12:06:05.900  2813  4664 I sysui_action: [323,com.hunantv.imgo.activity/.MainActivity]
06-26 12:06:05.900  2813  4664 I sysui_action: [324,false]
06-26 12:06:05.900  2813  4664 I sysui_action: [325,10100]
06-26 12:06:05.902  5461  5461 I am_on_paused_called: [0,com.bbk.launcher2.Launcher,handlePauseActivity]
06-26 12:06:05.914  2813  4665 I am_proc_start: [0,17906,10183,com.hunantv.imgo.activity,activity,com.hunantv.imgo.activity/.MainActivity]
06-26 12:06:05.925  2813  4614 I am_proc_bound: [0,17906,com.hunantv.imgo.activity]
06-26 12:06:05.930  2813  4614 I am_restart_activity: [0,81997954,18,com.hunantv.imgo.activity/.MainActivity]
06-26 12:06:05.995  2813  3188 I sysui_action: [321,110]
06-26 12:06:05.995  2813  3188 I sysui_action: [320,1]
06-26 12:06:05.995  2813  3188 I sysui_action: [319,110]
06-26 12:06:06.610  2813  2900 I am_proc_start: [0,18012,10183,com.hunantv.imgo.activity:QS,service,com.hunantv.imgo.activity/com.q.m.QS]
06-26 12:06:06.610 17906 17906 I am_on_resume_called: [0,com.hunantv.imgo.activity.MainActivity,LAUNCH_ACTIVITY]
06-26 12:06:06.627  2813  2900 I am_proc_bound: [0,18012,com.hunantv.imgo.activity:QS]
06-26 12:06:06.684  2813  4614 I am_proc_start: [0,18051,10183,com.hunantv.imgo.activity:pushservice,service,com.hunantv.imgo.activity/com.hunantv.imgo.service.GetuiPushService]
06-26 12:06:06.702  2813 14827 I am_proc_bound: [0,18051,com.hunantv.imgo.activity:pushservice]
06-26 12:06:06.874  2813  3188 I sysui_action: [322,989]
06-26 12:06:06.874  2813  3188 I am_activity_launch_time: [0,81997954,com.hunantv.imgo.activity/.MainActivity,970,970]
06-26 12:06:06.878  2813  4664 I am_stop_activity: [0,164481519,com.bbk.launcher2/.Launcher]
06-26 12:06:06.882  5461  5461 I am_on_stop_called: [0,com.bbk.launcher2.Launcher,handleStopActivity]
06-26 12:06:06.904   512   512 I sf_frame_dur: [com.bbk.launcher2/com.bbk.launcher2.Launcher,88,4,1,4,2,0,0]
06-26 12:06:07.843  2813  3033 I am_broadcast_discard_app: [0,65657778,android.net.wifi.RSSI_CHANGED,0,ResolveInfo{92ef703 com.tencent.androidqqmail/com.tencent.qqmail.utilities.qmbroadcastreceiver.WifiChangeReceiver m=0x108000}]
06-26 12:06:07.845  2813  3033 I am_broadcast_discard_app: [0,245183673,android.net.wifi.RSSI_CHANGED,0,ResolveInfo{f1600fe com.tencent.androidqqmail/com.tencent.qqmail.utilities.qmbroadcastreceiver.WifiChangeReceiver m=0x108000}]
06-26 12:06:10.747  2813  4655 I battery_status: [5,2,1,2,Li-ion]
06-26 12:06:10.754  2813  2813 I notification_enqueue: [10024,4255,com.android.systemui,10000,NULL,0,Notification(pri=0 contentView=null vibrate=null sound=null tick defaults=0x0 flags=0x10 color=0x00000000 vis=PRIVATE),0]
06-26 12:06:10.758  2813  4665 I notification_autogrouped: 0|com.android.systemui|10000|null|10024
06-26 12:06:10.759  2813  2813 I notification_enqueue: [10024,4255,com.android.systemui,2147483647,group_key_override,0,Notification(pri=0 contentView=null vibrate=null sound=null defaults=0x0 flags=0x700 color=0x00000000 groupKey=ranker_bundle vis=PRIVATE),0]
06-26 12:06:10.765  2813  4682 I notification_autogrouped: 0|com.android.systemui|10000|null|10024
06-26 12:06:10.818  4255  4255 I sysui_count: [note_peek,1]
06-26 12:06:10.825  2813  4664 I notification_panel_revealed: 1
06-26 12:06:10.831  2813  2900 I notification_expansion: [0|com.android.systemui|10000|null|10024,0,1,78,78,0]
06-26 12:06:10.853  2813  3033 I am_broadcast_discard_app: [0,142707757,android.net.wifi.RSSI_CHANGED,0,ResolveInfo{fac9562 com.tencent.androidqqmail/com.tencent.qqmail.utilities.qmbroadcastreceiver.WifiChangeReceiver m=0x108000}]
06-26 12:06:10.855  2813  3033 I am_broadcast_discard_app: [0,231450355,android.net.wifi.RSSI_CHANGED,0,ResolveInfo{a97be29 com.tencent.androidqqmail/com.tencent.qqmail.utilities.qmbroadcastreceiver.WifiChangeReceiver m=0x108000}]
06-26 12:06:11.265  2813  3943 I device_idle_wake_from_idle: [0,*walarm*:com.vivo.updater.alarm.action.CHARGED_TRIGGER]
06-26 12:06:11.546  2813  2901 I notification_visibility: [0|com.android.systemui|10000|null|10024,1,793,793,0,1]
06-26 12:06:12.782  2813  5423 I notification_visibility: [0|com.android.systemui|10000|null|10024,0,2029,2029,0,1]
06-26 12:06:12.783  2813  4649 I notification_panel_hidden: []
06-26 12:06:13.869  2813  3033 I am_broadcast_discard_app: [0,26942299,android.net.wifi.RSSI_CHANGED,0,ResolveInfo{4c28ff8 com.tencent.androidqqmail/com.tencent.qqmail.utilities.qmbroadcastreceiver.WifiChangeReceiver m=0x108000}]
06-26 12:06:13.871  2813  3033 I am_broadcast_discard_app: [0,8719569,android.net.wifi.RSSI_CHANGED,0,ResolveInfo{d345336 com.tencent.androidqqmail/com.tencent.qqmail.utilities.qmbroadcastreceiver.WifiChangeReceiver m=0x108000}]
06-26 12:06:13.916  2813  3030 I am_pss  : [6241,10063,com.iqoo.secure:remote,38916096,34619392,0]
06-26 12:06:13.949  2813  3030 I am_pss  : [9979,10081,com.vivo.safecenter,6362112,4829184,0]
06-26 12:06:16.351  2813  3030 I am_pss  : [17906,10183,com.hunantv.imgo.activity,68176896,54026240,0]
06-26 12:06:16.875  2813  3033 I am_broadcast_discard_app: [0,80061136,android.net.wifi.RSSI_CHANGED,0,ResolveInfo{ca1e2c9 com.tencent.androidqqmail/com.tencent.qqmail.utilities.qmbroadcastreceiver.WifiChangeReceiver m=0x108000}]
06-26 12:06:17.336  2813  4614 I am_new_intent: [0,75300302,13,com.vivo.upslide/.recents.RecentsActivity,NULL,NULL,NULL,276840448]
06-26 12:06:17.337  2813  4614 I am_focused_stack: [0,0,1,bringingFoundTaskToFront setFocusedActivity]
06-26 12:06:17.337  2813  4614 I wm_task_moved: [13,1,1]
06-26 12:06:17.343  2813  4614 I am_focused_activity: [0,com.vivo.upslide/.recents.RecentsActivity,bringingFoundTaskToFront]
06-26 12:06:17.376  2813  4614 I am_pause_activity: [0,81997954,com.hunantv.imgo.activity/.MainActivity]
06-26 12:06:17.378 17906 17906 I am_on_paused_called: [0,com.hunantv.imgo.activity.MainActivity,handlePauseActivity]
06-26 12:06:17.391  2813  4614 I am_resume_activity: [0,216343480,13,com.vivo.upslide/.recents.RecentsActivity]
06-26 12:06:17.393  2813  4614 I am_task_to_front: [0,13]
06-26 12:06:17.396  2813  4614 I sysui_action: [323,com.vivo.upslide/.recents.RecentsActivity]
06-26 12:06:17.396  2813  4614 I sysui_action: [324,true]
06-26 12:06:17.396  2813  4614 I sysui_action: [325,10112]
06-26 12:06:17.397  2813  3033 I sysui_count: [window_time_0,15]
06-26 12:06:17.398  2813  3033 I am_stop_activity: [0,81997954,com.hunantv.imgo.activity/.MainActivity]
06-26 12:06:17.414  4629  4629 I am_on_resume_called: [0,com.vivo.upslide.recents.RecentsActivity,RESUME_ACTIVITY]
06-26 12:06:17.481  2813  3188 I sysui_action: [320,2]
06-26 12:06:17.481  2813  3188 I sysui_action: [319,160]
06-26 12:06:17.481  2813  3188 I sysui_action: [322,160]
06-26 12:06:17.509 17906 17906 I am_on_stop_called: [0,com.hunantv.imgo.activity.MainActivity,handleStopActivity]
06-26 12:06:17.541   512   512 I sf_frame_dur: [com.hunantv.imgo.activity/com.hunantv.imgo.activity.MainActivity,14,1,0,0,1,0,1]
06-26 12:06:18.212  2813  4655 I am_kill : [0,17906,com.hunantv.imgo.activity,700,stop com.hunantv.imgo.activity]
06-26 12:06:18.215  2813  4655 I am_schedule_service_restart: [0,com.hunantv.imgo.activity/com.getui.gis.sdk.GInsightService,1000]
06-26 12:06:18.215  2813  4655 I am_schedule_service_restart: [0,com.hunantv.imgo.activity/com.mgtv.data.aphone.core.service.DataReporterService,11000]
06-26 12:06:18.220  2813  4655 I am_finish_activity: [0,81997954,18,com.hunantv.imgo.activity/.MainActivity,proc died without state saved]
06-26 12:06:18.225  2813  4655 I wm_task_removed: [18,removeAppToken: last token]
06-26 12:06:18.226  2813  4655 I wm_task_removed: [18,removeTask]
06-26 12:06:18.227  2813  4655 I am_kill : [0,18051,com.hunantv.imgo.activity:pushservice,500,stop com.hunantv.imgo.activity]
06-26 12:06:18.228  2813  4655 I am_schedule_service_restart: [0,com.hunantv.imgo.activity/com.hunantv.imgo.service.GetuiPushService,10987]
06-26 12:06:18.230  2813  4655 I am_kill : [0,18012,com.hunantv.imgo.activity:QS,500,stop com.hunantv.imgo.activity]
06-26 12:06:18.231  2813  4655 I am_schedule_service_restart: [0,com.hunantv.imgo.activity/com.q.m.QS,20985]
06-26 12:06:18.250  2813  2813 I notification_cancel_all: [1000,2813,com.hunantv.imgo.activity,0,0,0,5,NULL]
06-26 12:06:18.267  2813 14828 I am_broadcast_discard_app: [0,254212262,android.intent.action.PACKAGE_RESTARTED,4,ResolveInfo{9bea2e7 com.jingdong.app.mall/.broadcastReceiver.AppStateRecevier m=0x208000}]
06-26 12:06:18.907  2813  3951 I am_new_intent: [0,87685426,2,com.bbk.launcher2/.Launcher,android.intent.action.MAIN,NULL,NULL,278921216]
06-26 12:06:18.908  2813  3951 I wm_task_moved: [2,1,1]
06-26 12:06:18.910  2813  3951 I am_focused_activity: [0,com.bbk.launcher2/.Launcher,bringingFoundTaskToFront]
06-26 12:06:18.911  2813  3951 I am_pause_activity: [0,216343480,com.vivo.upslide/.recents.RecentsActivity]
06-26 12:06:18.912  4629  4629 I am_on_paused_called: [0,com.vivo.upslide.recents.RecentsActivity,handlePauseActivity]
06-26 12:06:18.913  2813  3951 I am_task_to_front: [0,2]
06-26 12:06:18.916  2813  3951 I sysui_action: [323,com.bbk.launcher2/.Launcher]
06-26 12:06:18.916  2813  3951 I sysui_action: [324,true]
06-26 12:06:18.916  2813  3951 I sysui_action: [325,10113]
06-26 12:06:18.925  2813  4415 I am_resume_activity: [0,164481519,2,com.bbk.launcher2/.Launcher]
06-26 12:06:18.931  2813  3033 I sysui_count: [window_time_0,1]
06-26 12:06:18.935  5461  5461 I am_on_resume_called: [0,com.bbk.launcher2.Launcher,RESUME_ACTIVITY]
06-26 12:06:18.977  2813  3188 I sysui_action: [320,2]
06-26 12:06:18.977  2813  3188 I sysui_action: [319,83]
06-26 12:06:18.977  2813  3188 I sysui_action: [322,83]
06-26 12:06:19.265  2813  3033 I am_stop_activity: [0,216343480,com.vivo.upslide/.recents.RecentsActivity]
06-26 12:06:19.268  4629  4629 I am_on_stop_called: [0,com.vivo.upslide.recents.RecentsActivity,handleStopActivity]
06-26 12:06:19.295   512   512 I sf_frame_dur: [com.vivo.upslide/com.vivo.upslide.recents.RecentsActivity,36,0,2,0,0,0,0]
06-26 12:06:19.894  2813  3033 I am_broadcast_discard_app: [0,46015684,android.net.wifi.RSSI_CHANGED,0,ResolveInfo{dc18fad com.tencent.androidqqmail/com.tencent.qqmail.utilities.qmbroadcastreceiver.WifiChangeReceiver m=0x108000}]
06-26 12:06:20.096  2813  4665 I am_create_task: [0,19]
06-26 12:06:20.096  2813  4665 I am_create_activity: [0,33493730,19,com.hunantv.imgo.activity/.MainActivity,android.intent.action.MAIN,NULL,NULL,807403520]
06-26 12:06:20.096  2813  4665 I wm_task_created: [19,1]
06-26 12:06:20.097  2813  4665 I wm_task_moved: [19,1,4]
06-26 12:06:20.097  2813  4665 I am_focused_stack: [0,1,0,startedActivity setFocusedActivity]
06-26 12:06:20.097  2813  4665 I wm_task_moved: [19,1,4]
06-26 12:06:20.098  2813  4665 I am_focused_activity: [0,com.hunantv.imgo.activity/.MainActivity,startedActivity]
06-26 12:06:20.099  2813  4665 I am_pause_activity: [0,164481519,com.bbk.launcher2/.Launcher]
06-26 12:06:20.102  2813  4665 I sysui_action: [323,com.hunantv.imgo.activity/.MainActivity]
06-26 12:06:20.102  2813  4665 I sysui_action: [324,false]
06-26 12:06:20.102  2813  4665 I sysui_action: [325,10114]
06-26 12:06:20.104  5461  5461 I am_on_paused_called: [0,com.bbk.launcher2.Launcher,handlePauseActivity]
06-26 12:06:20.117  2813  4649 I am_proc_start: [0,18283,10183,com.hunantv.imgo.activity,activity,com.hunantv.imgo.activity/.MainActivity]
06-26 12:06:20.127  2813  2901 I am_proc_bound: [0,18283,com.hunantv.imgo.activity]
06-26 12:06:20.131  2813  2901 I am_restart_activity: [0,33493730,19,com.hunantv.imgo.activity/.MainActivity]
06-26 12:06:20.182  2813  3188 I sysui_action: [321,92]
06-26 12:06:20.182  2813  3188 I sysui_action: [320,1]
06-26 12:06:20.182  2813  3188 I sysui_action: [319,92]
06-26 12:06:20.647  2813  4415 I am_proc_start: [0,18388,10183,com.hunantv.imgo.activity:QS,service,com.hunantv.imgo.activity/com.q.m.QS]
06-26 12:06:20.648 18283 18283 I am_on_resume_called: [0,com.hunantv.imgo.activity.MainActivity,LAUNCH_ACTIVITY]
06-26 12:06:20.658  2813  4237 I am_proc_bound: [0,18388,com.hunantv.imgo.activity:QS]
06-26 12:06:20.700  2813  4655 I am_proc_start: [0,18413,10183,com.hunantv.imgo.activity:pushservice,service,com.hunantv.imgo.activity/com.hunantv.imgo.service.GetuiPushService]
06-26 12:06:20.712  2813  4238 I am_proc_bound: [0,18413,com.hunantv.imgo.activity:pushservice]
06-26 12:06:20.841  2813  3188 I sysui_action: [322,751]
06-26 12:06:20.841  2813  3188 I am_activity_launch_time: [0,33493730,com.hunantv.imgo.activity/.MainActivity,734,734]
06-26 12:06:20.845  2813  3033 I am_stop_activity: [0,164481519,com.bbk.launcher2/.Launcher]
06-26 12:06:20.849  5461  5461 I am_on_stop_called: [0,com.bbk.launcher2.Launcher,handleStopActivity]
06-26 12:06:20.881   512   512 I sf_frame_dur: [com.bbk.launcher2/com.bbk.launcher2.Launcher,0,0,0,2,0,1,0]
06-26 12:06:22.907  2813  3033 I am_broadcast_discard_app: [0,236405086,android.net.wifi.RSSI_CHANGED,0,ResolveInfo{285a93f com.tencent.androidqqmail/com.tencent.qqmail.utilities.qmbroadcastreceiver.WifiChangeReceiver m=0x108000}]
06-26 12:06:25.917  2813  3033 I am_broadcast_discard_app: [0,181260363,android.net.wifi.RSSI_CHANGED,0,ResolveInfo{41aba28 com.tencent.androidqqmail/com.tencent.qqmail.utilities.qmbroadcastreceiver.WifiChangeReceiver m=0x108000}]
06-26 12:06:28.928  2813  3033 I am_broadcast_discard_app: [0,2139523,android.net.wifi.RSSI_CHANGED,0,ResolveInfo{6a69300 com.tencent.androidqqmail/com.tencent.qqmail.utilities.qmbroadcastreceiver.WifiChangeReceiver m=0x108000}]
06-26 12:06:29.812  2813  4614 I am_new_intent: [0,129419065,13,com.vivo.upslide/.recents.RecentsActivity,NULL,NULL,NULL,276840448]
06-26 12:06:29.813  2813  4614 I am_focused_stack: [0,0,1,bringingFoundTaskToFront setFocusedActivity]
06-26 12:06:29.814  2813  4614 I wm_task_moved: [13,1,1]
06-26 12:06:29.818  2813  4614 I am_focused_activity: [0,com.vivo.upslide/.recents.RecentsActivity,bringingFoundTaskToFront]
06-26 12:06:29.851  2813  4614 I am_pause_activity: [0,33493730,com.hunantv.imgo.activity/.MainActivity]
06-26 12:06:29.870 18283 18283 I am_on_paused_called: [0,com.hunantv.imgo.activity.MainActivity,handlePauseActivity]
06-26 12:06:29.877  2813  4614 I am_resume_activity: [0,216343480,13,com.vivo.upslide/.recents.RecentsActivity]
06-26 12:06:29.879  2813  4614 I am_task_to_front: [0,13]
06-26 12:06:29.882  2813  4614 I sysui_action: [323,com.vivo.upslide/.recents.RecentsActivity]
06-26 12:06:29.882  2813  4614 I sysui_action: [324,true]
06-26 12:06:29.882  2813  4614 I sysui_action: [325,10124]
06-26 12:06:29.882  2813  3033 I sysui_count: [window_time_0,11]
06-26 12:06:29.884  2813  3033 I am_stop_activity: [0,33493730,com.hunantv.imgo.activity/.MainActivity]
06-26 12:06:29.903  4629  4629 I am_on_resume_called: [0,com.vivo.upslide.recents.RecentsActivity,RESUME_ACTIVITY]
06-26 12:06:29.970 18283 18283 I am_on_stop_called: [0,com.hunantv.imgo.activity.MainActivity,handleStopActivity]
06-26 12:06:29.976  2813  3188 I sysui_action: [320,2]
06-26 12:06:29.976  2813  3188 I sysui_action: [319,173]
06-26 12:06:29.976  2813  3188 I sysui_action: [322,173]
06-26 12:06:29.999   512   512 I sf_frame_dur: [com.hunantv.imgo.activity/com.hunantv.imgo.activity.MainActivity,17,0,0,0,0,0,2]
06-26 12:06:30.756  2813  5434 I am_kill : [0,18283,com.hunantv.imgo.activity,700,stop com.hunantv.imgo.activity]
06-26 12:06:30.758  2813  5434 I am_schedule_service_restart: [0,com.hunantv.imgo.activity/com.mgtv.data.aphone.core.service.DataReporterService,1000]
06-26 12:06:30.758  2813  5434 I am_schedule_service_restart: [0,com.hunantv.imgo.activity/com.getui.gis.sdk.GInsightService,1000]
06-26 12:06:30.760  2813  5434 I am_finish_activity: [0,33493730,19,com.hunantv.imgo.activity/.MainActivity,proc died without state saved]
06-26 12:06:30.764  2813  5434 I wm_task_removed: [19,removeAppToken: last token]
06-26 12:06:30.765  2813  5434 I wm_task_removed: [19,removeTask]
06-26 12:06:30.766  2813  5434 I am_kill : [0,18413,com.hunantv.imgo.activity:pushservice,500,stop com.hunantv.imgo.activity]
06-26 12:06:30.767  2813  5434 I am_schedule_service_restart: [0,com.hunantv.imgo.activity/com.hunantv.imgo.service.GetuiPushService,10991]
06-26 12:06:30.768  2813  5434 I am_kill : [0,18388,com.hunantv.imgo.activity:QS,500,stop com.hunantv.imgo.activity]
06-26 12:06:30.772  2813  5434 I am_schedule_service_restart: [0,com.hunantv.imgo.activity/com.q.m.QS,20986]
06-26 12:06:30.788  2813  2813 I notification_cancel_all: [1000,2813,com.hunantv.imgo.activity,0,0,0,5,NULL]
06-26 12:06:30.815  2813  4655 I am_broadcast_discard_app: [0,9912827,android.intent.action.PACKAGE_RESTARTED,4,ResolveInfo{66d2471 com.jingdong.app.mall/.broadcastReceiver.AppStateRecevier m=0x208000}]
06-26 12:06:31.035   512   512 I sf_frame_dur: [UpSlideTransparentView,66,1,1,0,0,0,1]
06-26 12:06:31.296  2813  3951 I am_new_intent: [0,918231,2,com.bbk.launcher2/.Launcher,android.intent.action.MAIN,NULL,NULL,278921216]
06-26 12:06:31.298  2813  3951 I wm_task_moved: [2,1,1]
06-26 12:06:31.301  2813  3951 I am_focused_activity: [0,com.bbk.launcher2/.Launcher,bringingFoundTaskToFront]
06-26 12:06:31.304  2813  3951 I am_pause_activity: [0,216343480,com.vivo.upslide/.recents.RecentsActivity]
06-26 12:06:31.304  4629  4629 I am_on_paused_called: [0,com.vivo.upslide.recents.RecentsActivity,handlePauseActivity]
06-26 12:06:31.305  2813  3951 I am_task_to_front: [0,2]
06-26 12:06:31.309  2813  3951 I sysui_action: [323,com.bbk.launcher2/.Launcher]
06-26 12:06:31.309  2813  3951 I sysui_action: [324,true]
06-26 12:06:31.309  2813  3951 I sysui_action: [325,10126]
06-26 12:06:31.320  2813  4655 I am_resume_activity: [0,164481519,2,com.bbk.launcher2/.Launcher]
06-26 12:06:31.326  2813  3033 I sysui_count: [window_time_0,2]
06-26 12:06:31.338  5461  5461 I am_on_resume_called: [0,com.bbk.launcher2.Launcher,RESUME_ACTIVITY]
06-26 12:06:31.375  2813  3188 I sysui_action: [320,2]
06-26 12:06:31.375  2813  3188 I sysui_action: [319,93]
06-26 12:06:31.376  2813  3188 I sysui_action: [322,94]
06-26 12:06:31.675  2813  3033 I am_stop_activity: [0,216343480,com.vivo.upslide/.recents.RecentsActivity]
06-26 12:06:31.678  4629  4629 I am_on_stop_called: [0,com.vivo.upslide.recents.RecentsActivity,handleStopActivity]
06-26 12:06:31.703   512   512 I sf_frame_dur: [com.vivo.upslide/com.vivo.upslide.recents.RecentsActivity,36,0,0,1,0,0,0]
06-26 12:06:31.953  2813  3033 I am_broadcast_discard_app: [0,95985643,android.net.wifi.RSSI_CHANGED,0,ResolveInfo{b17e148 com.tencent.androidqqmail/com.tencent.qqmail.utilities.qmbroadcastreceiver.WifiChangeReceiver m=0x108000}]
06-26 12:06:32.028  2813  4682 I am_create_task: [0,20]
06-26 12:06:32.028  2813  4682 I am_create_activity: [0,92212193,20,com.hunantv.imgo.activity/.MainActivity,android.intent.action.MAIN,NULL,NULL,807403520]
06-26 12:06:32.029  2813  4682 I wm_task_created: [20,1]
06-26 12:06:32.029  2813  4682 I wm_task_moved: [20,1,4]
06-26 12:06:32.029  2813  4682 I am_focused_stack: [0,1,0,startedActivity setFocusedActivity]
06-26 12:06:32.030  2813  4682 I wm_task_moved: [20,1,4]
06-26 12:06:32.031  2813  4682 I am_focused_activity: [0,com.hunantv.imgo.activity/.MainActivity,startedActivity]
06-26 12:06:32.031  2813  4682 I am_pause_activity: [0,164481519,com.bbk.launcher2/.Launcher]
06-26 12:06:32.034  2813  4682 I sysui_action: [323,com.hunantv.imgo.activity/.MainActivity]
