05-27 09:56:16.393  2584  4796 I am_pause_activity: [0,168729206,com.tencent.mm/.plugin.readerapp.ui.ReaderAppUI]
05-27 09:56:16.416  2584  2873 I am_proc_start: [0,16463,1000,com.vivo.wifi.networkdetect,service,com.vivo.wifi.networkdetect/.WifiNetworkDetectService]
05-27 09:56:16.458 16161 16161 I am_on_paused_called: [0,com.tencent.mm.plugin.readerapp.ui.ReaderAppUI,handlePauseActivity]
05-27 09:56:16.469  2584 28969 I am_resume_activity: [0,203073403,157,com.tencent.mm/.ui.LauncherUI]
05-27 09:56:16.488  2584  5626 I am_proc_died: [0,16068,com.android.bbkmusic]
05-27 09:56:16.489  2584  5626 I am_schedule_service_restart: [0,com.android.bbkmusic/.service.MusicService,39901]
05-27 09:56:16.491  2584  5626 I am_low_memory: 61
05-27 09:56:16.492  2584  5624 I am_proc_bound: [0,16463,com.vivo.wifi.networkdetect]
05-27 09:56:16.521  2584  2872 I am_pss  : [16313,2000,com.mushroom.systrace:log,4424704,2936832,0]
05-27 09:56:16.615 16161 16161 I am_on_resume_called: [0,com.tencent.mm.ui.LauncherUI,RESUME_ACTIVITY]
05-27 09:56:17.046  2584  2873 I am_destroy_activity: [0,168729206,157,com.tencent.mm/.plugin.readerapp.ui.ReaderAppUI,finish-imm]
05-27 09:56:17.048 16161 16161 I am_on_stop_called: [0,com.tencent.mm.plugin.readerapp.ui.ReaderAppUI,destroy]
05-27 09:56:17.070   511   511 I sf_frame_dur: [com.tencent.mm/com.tencent.mm.plugin.readerapp.ui.ReaderAppUI,19,2,3,2,2,1,2]
05-27 09:56:17.646  2584  4278 I am_proc_died: [0,16128,com.vivo.audiofx]
05-27 09:56:17.646  2584  4278 I am_schedule_service_restart: [0,com.vivo.audiofx/.AudioFxService,48743]
05-27 09:56:17.649  2584  4278 I am_low_memory: 61
05-27 09:56:18.096  2584  4622 I wm_task_moved: [157,1,19]
05-27 09:56:18.098  2584  4622 I am_create_activity: [0,5477435,157,com.tencent.mm/.plugin.readerapp.ui.ReaderAppUI,NULL,NULL,NULL,67108864]
05-27 09:56:18.099  2584  4622 I wm_task_moved: [157,1,19]
05-27 09:56:18.104  2584  4622 I am_focused_activity: [0,com.tencent.mm/.plugin.readerapp.ui.ReaderAppUI,startedActivity]
05-27 09:56:18.104  2584  4622 I am_pause_activity: [0,203073403,com.tencent.mm/.ui.LauncherUI]
05-27 09:56:18.140 16161 16161 I am_on_paused_called: [0,com.tencent.mm.ui.LauncherUI,handlePauseActivity]
05-27 09:56:18.149  2584  4621 I am_restart_activity: [0,5477435,157,com.tencent.mm/.plugin.readerapp.ui.ReaderAppUI]
05-27 09:56:18.157  2584  2873 I sysui_count: [window_time_0,47]
05-27 09:56:18.243 16161 16161 I am_on_resume_called: [0,com.tencent.mm.plugin.readerapp.ui.ReaderAppUI,LAUNCH_ACTIVITY]
05-27 09:56:18.356  2584  3140 I am_activity_launch_time: [0,5477435,com.tencent.mm/.plugin.readerapp.ui.ReaderAppUI,214,214]
05-27 09:56:18.635  2584  2873 I am_stop_activity: [0,203073403,com.tencent.mm/.ui.LauncherUI]
05-27 09:56:18.637 16161 16161 I am_on_stop_called: [0,com.tencent.mm.ui.LauncherUI,handleStopActivity]
05-27 09:56:18.659   511   511 I sf_frame_dur: [com.tencent.mm/com.tencent.mm.ui.LauncherUI,0,1,1,0,1,1,0]
05-27 09:56:18.828  2584  9744 I am_proc_died: [0,15949,com.android.fuelsummary]
05-27 09:56:18.829  2584  9744 I am_schedule_service_restart: [0,com.android.fuelsummary/.FuelSummaryService,47560]
05-27 09:56:18.831  2584  9744 I am_low_memory: 60
05-27 09:56:23.963  2584  4177 I am_proc_start: [0,16512,1000,com.bbk.facewake,service,com.bbk.facewake/.FaceWakeService]
05-27 09:56:24.015  2584  7700 I am_proc_bound: [0,16512,com.bbk.facewake]
05-27 09:56:24.123  2584  2874 I am_wtf  : [0,2584,system_server,-1,ActivityManager,Sending non-protected broadcast vivo.intent.action.CHECK_ALERT_WINDOW from system 2584:system/1000 pkg android]
05-27 09:56:24.123  2584  2874 I am_wtf  : [0,2584,system_server,-1,ActivityManager,Sending non-protected broadcast vivo.intent.action.CHECK_ALERT_WINDOW from system 2584:system/1000 pkg android]
05-27 09:56:24.130  2584  4796 I am_kill : [0,16512,com.bbk.facewake,0,stop com.bbk.facewake]
05-27 09:56:24.138  2584  2584 I notification_cancel_all: [1000,2584,com.bbk.facewake,0,0,0,5,NULL]
05-27 09:56:24.170  2584 12269 I wm_task_moved: [157,1,19]
05-27 09:56:24.171  2584 12269 I am_create_activity: [0,64687128,157,com.tencent.mm/.plugin.webview.ui.tools.WebViewUI,NULL,NULL,NULL,0]
05-27 09:56:24.172  2584 12269 I wm_task_moved: [157,1,19]
05-27 09:56:24.182  2584 12269 I am_focused_activity: [0,com.tencent.mm/.plugin.webview.ui.tools.WebViewUI,startedActivity]
05-27 09:56:24.183  2584 12269 I am_pause_activity: [0,5477435,com.tencent.mm/.plugin.readerapp.ui.ReaderAppUI]
05-27 09:56:24.191  2584 12269 I sysui_action: [323,com.tencent.mm/.plugin.webview.ui.tools.WebViewUI]
05-27 09:56:24.191  2584 12269 I sysui_action: [324,true]
05-27 09:56:24.191  2584 12269 I sysui_action: [325,173015]
05-27 09:56:24.206  2584  7700 I am_broadcast_discard_app: [0,55931899,android.intent.action.PACKAGE_RESTARTED,4,ResolveInfo{fea07e2 com.suning.mobile.ebuy/com.suning.cloud.push.pushservice.RegistrationReceiver m=0x208000}]
05-27 09:56:24.217 16161 16161 I am_on_paused_called: [0,com.tencent.mm.plugin.readerapp.ui.ReaderAppUI,handlePauseActivity]
05-27 09:56:24.233  2584 28967 I am_restart_activity: [0,64687128,157,com.tencent.mm/.plugin.webview.ui.tools.WebViewUI]
05-27 09:56:24.254  2584  2873 I sysui_count: [window_time_0,6]
05-27 09:56:24.415 13051 13051 I am_on_resume_called: [0,com.tencent.mm.plugin.webview.ui.tools.WebViewUI,LAUNCH_ACTIVITY]
05-27 09:56:24.555  2584  3140 I sysui_action: [320,2]
05-27 09:56:24.555  2584  3140 I sysui_action: [319,389]
05-27 09:56:24.556  2584  3140 I sysui_action: [322,390]
05-27 09:56:24.556  2584  3140 I am_activity_launch_time: [0,64687128,com.tencent.mm/.plugin.webview.ui.tools.WebViewUI,337,337]
05-27 09:56:24.985  2584  5627 I am_proc_died: [0,16157,org.simalliance.openmobileapi.service:remote]
05-27 09:56:24.986  2584  5627 I am_schedule_service_restart: [0,org.simalliance.openmobileapi.service/.SmartcardService,51404]
05-27 09:56:24.987  2584  5627 I am_low_memory: 59
05-27 09:56:26.399  2584  2873 I am_proc_start: [0,16555,10098,com.vivo.gallery,service,com.vivo.gallery/com.android.gallery3d.vivo.classify.ClassifyService]
05-27 09:56:26.428  2584 28969 I am_proc_bound: [0,16555,com.vivo.gallery]
05-27 09:56:27.087  2584  2872 I am_pss  : [16380,10002,android.process.acore,15261696,12292096,0]
05-27 09:56:29.064  2584  9744 I am_proc_start: [0,16603,10025,com.vivo.browser,broadcast,com.vivo.browser/.pendant.PendantWidgetProvider]
05-27 09:56:29.074  2584  4389 I am_proc_bound: [0,16603,com.vivo.browser]
05-27 09:56:31.579  2584  2584 I free_storage_changed: 9517424640
05-27 09:56:34.755  2584  2872 I am_pss  : [13051,10133,com.tencent.mm:tools,136013824,116981760,0]
05-27 09:56:36.159  2584  2872 I am_pss  : [16443,1000,com.vivo.abe:pushservice_v1,5776384,3964928,0]
05-27 09:56:36.407  2584  2873 I am_proc_start: [0,16690,10056,com.vivo.doubletimezoneclock,service,com.vivo.doubletimezoneclock/.clock.ClockWidgetService]
05-27 09:56:36.430  2584  7701 I am_proc_bound: [0,16690,com.vivo.doubletimezoneclock]
05-27 09:56:36.595  2584  4780 I am_proc_start: [0,16714,10045,com.vivo.weather.provider,content provider,com.vivo.weather.provider/.WeatherProvider]
05-27 09:56:36.613  2584 28972 I am_proc_bound: [0,16714,com.vivo.weather.provider]
05-27 09:56:36.652  2584  2872 I am_pss  : [16463,1000,com.vivo.wifi.networkdetect,4114432,2703360,0]
05-27 09:56:39.048  2584  4177 I am_proc_start: [0,16741,1000,com.bbk.facewake,service,com.bbk.facewake/.FaceWakeService]
05-27 09:56:39.075  2584 12269 I am_proc_bound: [0,16741,com.bbk.facewake]
05-27 09:56:39.157  2584  2872 I am_pss  : [6591,10063,com.iqoo.secure:remote,39041024,37310464,0]
05-27 09:56:39.171  2584  2874 I am_wtf  : [0,2584,system_server,-1,ActivityManager,Sending non-protected broadcast vivo.intent.action.CHECK_ALERT_WINDOW from system 2584:system/1000 pkg android]
05-27 09:56:39.172  2584  2874 I am_wtf  : [0,2584,system_server,-1,ActivityManager,Sending non-protected broadcast vivo.intent.action.CHECK_ALERT_WINDOW from system 2584:system/1000 pkg android]
05-27 09:56:40.440   511   511 I sf_frame_dur: [SurfaceView - ,4,9,0,0,1,0,0]
05-27 09:56:46.409  2584  2873 I am_proc_start: [0,16889,10111,com.chaozh.iReader,service,com.chaozh.iReader/com.zhangyue.iReader.fileDownload.ServiceDownloadNC]
05-27 09:56:46.424  2584  7701 I am_proc_bound: [0,16889,com.chaozh.iReader]
05-27 09:56:46.806  2584  8348 I am_proc_died: [0,16741,com.bbk.facewake]
05-27 09:56:46.808  2584  8348 I am_low_memory: 64
05-27 09:56:46.838  2584  2872 I am_pss  : [16555,10098,com.vivo.gallery,9022464,5750784,0]
05-27 09:56:51.529  2584  4278 I am_proc_died: [0,16380,android.process.acore]
05-27 09:56:51.529  2584  4278 I am_schedule_service_restart: [0,com.android.providers.contacts/.smartdialer.BBKDialerInitService,34860]
05-27 09:56:51.533  2584  4278 I am_low_memory: 63
05-27 09:56:51.582  2584  2872 I am_pss  : [16603,10025,com.vivo.browser,22121472,18518016,0]
05-27 09:56:56.413  2584  2873 I am_proc_start: [0,16956,10035,com.android.bbkmusic,service,com.android.bbkmusic/.service.MusicService]
05-27 09:56:56.442  2584 28973 I am_proc_bound: [0,16956,com.android.bbkmusic]
05-27 09:56:56.513  2584  2872 I am_pss  : [16690,10056,com.vivo.doubletimezoneclock,8699904,6287360,0]
05-27 09:56:57.008  2584  2873 I am_proc_start: [0,16983,10028,com.vivo.audiofx,broadcast,com.vivo.audiofx/.AudioFxIntentReceiver]
05-27 09:56:57.009  2584  4780 I am_proc_died: [0,16443,com.vivo.abe:pushservice_v1]
05-27 09:56:57.009  2584  4780 I am_schedule_service_restart: [0,com.vivo.abe/com.vivo.push.core.android.service.MqttService,0]
05-27 09:56:57.029  2584  2873 I am_proc_start: [0,16996,1000,com.vivo.abe:pushservice_v1,service,com.vivo.abe/com.vivo.push.core.android.service.MqttService]
05-27 09:56:57.034  2584  4796 I am_proc_bound: [0,16983,com.vivo.audiofx]
05-27 09:56:57.066  2584 28972 I am_proc_bound: [0,16996,com.vivo.abe:pushservice_v1]
05-27 09:56:59.461  2584  5624 I am_proc_died: [0,16714,com.vivo.weather.provider]
05-27 09:56:59.467  2584  5624 I am_low_memory: 64
05-27 09:57:06.410  2584  2873 I am_proc_start: [0,17050,1000,com.android.fuelsummary,service,com.android.fuelsummary/.FuelSummaryService]
05-27 09:57:06.440  2584 28968 I am_proc_bound: [0,17050,com.android.fuelsummary]
05-27 09:57:06.518  2584  2872 I am_pss  : [16889,10111,com.chaozh.iReader,14249984,11632640,0]
05-27 09:57:13.797  2584  4177 I am_proc_start: [0,17092,1000,com.bbk.facewake,service,com.bbk.facewake/.FaceWakeService]
05-27 09:57:13.826  2584  5624 I am_proc_bound: [0,17092,com.bbk.facewake]
05-27 09:57:13.880  2584  2872 I am_pss  : [8354,10081,com.vivo.safecenter,7880704,7217152,0]
05-27 09:57:13.922  2584  2874 I am_wtf  : [0,2584,system_server,-1,ActivityManager,Sending non-protected broadcast vivo.intent.action.CHECK_ALERT_WINDOW from system 2584:system/1000 pkg android]
05-27 09:57:13.923  2584  2874 I am_wtf  : [0,2584,system_server,-1,ActivityManager,Sending non-protected broadcast vivo.intent.action.CHECK_ALERT_WINDOW from system 2584:system/1000 pkg android]
05-27 09:57:16.413  2584  2873 I am_proc_start: [0,17180,1000,org.simalliance.openmobileapi.service:remote,service,org.simalliance.openmobileapi.service/.SmartcardService]
05-27 09:57:16.438  2584 28974 I am_proc_bound: [0,17180,org.simalliance.openmobileapi.service:remote]
05-27 09:57:17.365  2584 28972 I am_proc_died: [0,16603,com.vivo.browser]
05-27 09:57:17.366  2584 28972 I am_schedule_service_restart: [0,com.vivo.browser/.ui.module.safe.BrowserSecureService,19024]
05-27 09:57:17.437  2584  2872 I am_pss  : [19915,10129,com.tencent.mobileqq,258077696,253149184,0]
05-27 09:57:17.456  2584  2872 I am_pss  : [32543,10129,com.tencent.mobileqq:MSF,27191296,25378816,0]
05-27 09:57:17.470  2584  2872 I am_pss  : [16983,10028,com.vivo.audiofx,6294528,4538368,0]
05-27 09:57:17.483  2584  2872 I am_pss  : [16996,1000,com.vivo.abe:pushservice_v1,5463040,4022272,0]
05-27 09:57:17.499  2584  2872 I am_pss  : [16956,10035,com.android.bbkmusic,14817280,11821056,0]
05-27 09:57:17.518   511   511 I sf_frame_dur: [SurfaceView - ,2,82,0,0,1,0,0]
05-27 09:57:26.410  2584  2873 I am_proc_start: [0,17244,10002,android.process.acore,service,com.android.providers.contacts/.smartdialer.BBKDialerInitService]
05-27 09:57:26.438  2584  4389 I am_proc_bound: [0,17244,android.process.acore]
05-27 09:57:26.489  2584  2872 I am_pss  : [12275,10129,com.tencent.mobileqq:TMAssistantDownloadSDKService,19733504,17350656,0]
05-27 09:57:28.960  2584  2872 I am_pss  : [17050,1000,com.android.fuelsummary,5396480,3432448,0]
05-27 09:57:31.579  2584  2584 I free_storage_changed: 9515175936
05-27 09:57:35.786  2584  2714 I am_proc_died: [0,17092,com.bbk.facewake]
05-27 09:57:35.788  2584  2714 I am_low_memory: 66
05-27 09:57:35.933  2584  2872 I am_pss  : [16161,10133,com.tencent.mm,204692480,198066176,0]
05-27 09:57:39.253  2584  4177 I am_proc_start: [0,17310,1000,com.bbk.facewake,service,com.bbk.facewake/.FaceWakeService]
05-27 09:57:39.286  2584  7700 I am_proc_bound: [0,17310,com.bbk.facewake]
05-27 09:57:39.335  2584  2872 I am_pss  : [17180,1000,org.simalliance.openmobileapi.service:remote,5092352,3543040,0]
05-27 09:57:39.366  2584  2874 I am_wtf  : [0,2584,system_server,-1,ActivityManager,Sending non-protected broadcast vivo.intent.action.CHECK_ALERT_WINDOW from system 2584:system/1000 pkg android]
05-27 09:57:39.367  2584  2874 I am_wtf  : [0,2584,system_server,-1,ActivityManager,Sending non-protected broadcast vivo.intent.action.CHECK_ALERT_WINDOW from system 2584:system/1000 pkg android]
05-27 09:57:47.596  2584  2872 I am_pss  : [17244,10002,android.process.acore,14270464,11554816,0]
05-27 09:57:48.241  2584  3180 I power_sleep_requested: 0
05-27 09:57:48.243  2584  2584 I power_screen_state: [0,3,0,0]
05-27 09:57:48.243  2584  2584 I screen_toggled: 0
05-27 09:57:48.243  2584  2584 I sysui_histogram: [screen_timeout,15]
05-27 09:57:48.244  2584  2584 I power_screen_broadcast_send: 1
05-27 09:57:48.304  2584  2584 I am_pause_activity: [0,64687128,com.tencent.mm/.plugin.webview.ui.tools.WebViewUI]
05-27 09:57:48.379  2584  2584 I sysui_histogram: [fingerprint_token,0]
05-27 09:57:48.394 13051 13051 I am_on_paused_called: [0,com.tencent.mm.plugin.webview.ui.tools.WebViewUI,handlePauseActivity]
05-27 09:57:48.405  2584  2873 I am_stop_activity: [0,64687128,com.tencent.mm/.plugin.webview.ui.tools.WebViewUI]
05-27 09:57:48.442  2584 12269 I am_proc_died: [0,16690,com.vivo.doubletimezoneclock]
05-27 09:57:48.443  2584 12269 I am_schedule_service_restart: [0,com.vivo.doubletimezoneclock/.clock.ClockWidgetService,1000]
05-27 09:57:48.452 13051 13051 I am_on_stop_called: [0,com.tencent.mm.plugin.webview.ui.tools.WebViewUI,sleeping]
05-27 09:57:48.473 16161 16161 I am_on_stop_called: [0,com.tencent.mm.plugin.readerapp.ui.ReaderAppUI,sleeping]
05-27 09:57:48.599  2584  7700 I am_wtf  : [0,2584,system_server,-1,ActivityManager,Sending non-protected broadcast com.vivo.updater.action.SCREEN_OFF from system 4607:com.vivo.daemonService/1000 pkg com.vivo.daemonService]
05-27 09:57:48.646  2584  2873 I am_proc_start: [0,17420,10088,com.bbk.updater,broadcast,com.bbk.updater/.receiver.AutoDownloadReceiver]
05-27 09:57:48.687  2584 28966 I am_proc_bound: [0,17420,com.bbk.updater]
05-27 09:57:48.852   511   511 I sf_frame_dur: [SurfaceView - ,8,244,0,0,1,0,0]
05-27 09:57:49.155  2584  2584 I power_screen_broadcast_done: [0,911,1]
05-27 09:57:49.472  2584  2873 I am_proc_start: [0,17478,10056,com.vivo.doubletimezoneclock,service,com.vivo.doubletimezoneclock/.clock.ClockWidgetService]
05-27 09:57:49.500  2584 28972 I am_proc_bound: [0,17478,com.vivo.doubletimezoneclock]
05-27 09:57:49.593  2584 28968 I am_proc_start: [0,17491,10045,com.vivo.weather.provider,content provider,com.vivo.weather.provider/.WeatherProvider]
05-27 09:57:49.608  2584 28966 I am_proc_bound: [0,17491,com.vivo.weather.provider]
05-27 09:57:49.921  2584  4621 I am_proc_died: [0,17310,com.bbk.facewake]
05-27 09:57:49.956  2584 28971 I am_proc_died: [0,17420,com.bbk.updater]
05-27 09:57:49.959  2584 28971 I am_low_memory: 67
05-27 09:57:53.765  4277  4277 I sysui_view_visibility: [111,100]
05-27 09:57:53.793  4277  4277 I sysui_status_bar_state: [1,1,0,0,1,0]
05-27 09:57:53.849  2584 28972 I notification_expansion: [0|android|10011|null|1000,0,0,653910,653910,329781]
05-27 09:57:53.854  2584  4622 I notification_expansion: [0|android|110110|null|1000,0,0,653930,653930,329786]
05-27 09:57:53.856  2584  7701 I notification_expansion: [0|com.android.bbklog|2147483647|group_key_override|1000|ranker_bundle,0,1,331596,331596,329788]
05-27 09:57:53.858  2584  7697 I notification_expansion: [0|com.mushroom.systrace|2147483647|group_key_override|2000|ranker_bundle,0,1,530025,530025,329791]
05-27 09:57:57.136  2584  4122 I sysui_histogram: [power_double_tap_interval,181261]
05-27 09:57:57.149  2584  2584 I power_screen_state: [1,0,0,0]
05-27 09:57:57.149  2584  2584 I screen_toggled: 1
05-27 09:57:57.153  2584  2584 I power_screen_broadcast_send: 1
05-27 09:57:57.228  4277  4277 I sysui_histogram: [note_load,8]
05-27 09:57:57.229  2584 28968 I notification_panel_revealed: 8
05-27 09:57:57.298  2584  7697 I am_wtf  : [0,2584,system_server,-1,ActivityManager,Sending non-protected broadcast com.vivo.updater.action.SCREEN_ON from system 4607:com.vivo.daemonService/1000 pkg com.vivo.daemonService]
05-27 09:57:57.317  2584  2873 I am_proc_start: [0,17539,10088,com.bbk.updater,broadcast,com.bbk.updater/.receiver.ScreenActionRecorder]
05-27 09:57:57.338  2584 28969 I am_proc_bound: [0,17539,com.bbk.updater]
05-27 09:57:57.393   511   511 I sf_frame_dur: [ColorFade,1,1,0,0,0,0,0]
05-27 09:57:57.882  2584  2584 I power_screen_broadcast_done: [1,730,1]
05-27 09:57:59.262  2584  4780 I battery_status: [3,2,1,2,Li-ion]
05-27 09:57:59.320  2584 12269 I battery_status: [3,2,1,0,Li-ion]
05-27 09:57:59.351  2584  2873 I am_broadcast_discard_app: [0,199495091,android.intent.action.ACTION_POWER_DISCONNECTED,0,ResolveInfo{7b88f70 com.tencent.clover/com.tencent.android.tpush.XGPushReceiver p=2147483647 m=0x108000}]
05-27 09:57:59.352  2584  2873 I am_broadcast_discard_app: [0,199495091,android.intent.action.ACTION_POWER_DISCONNECTED,1,ResolveInfo{5e962e9 com.tencent.feiji/com.tencent.android.tpush.XGPushReceiver p=2147483647 m=0x108000}]
05-27 09:57:59.353  2584  2873 I am_broadcast_discard_app: [0,199495091,android.intent.action.ACTION_POWER_DISCONNECTED,2,ResolveInfo{9b84b6e com.tencent.game.SSGame/com.tencent.android.tpush.XGPushReceiver p=2147483647 m=0x108000}]
05-27 09:57:59.357  2584  2873 I am_broadcast_discard_app: [0,199495091,android.intent.action.ACTION_POWER_DISCONNECTED,3,ResolveInfo{f87d20f com.tencent.game.VXDGame/com.tencent.android.tpush.XGPushReceiver p=2147483647 m=0x108000}]
05-27 09:57:59.384  2584  2873 I am_proc_start: [0,17670,10030,com.bbk.appstore,broadcast,com.bbk.appstore/com.vivo.push.sdk.service.PushServiceReceiver]
05-27 09:57:59.470  2584  2712 I am_proc_bound: [0,17670,com.bbk.appstore]
05-27 09:57:59.512  2584  2873 I am_wtf  : [0,2584,system_server,-1,KernelWakelockReader,neither /proc/wakelocks nor /d/wakeup_sources exists]
05-27 09:58:00.353  2584  2584 I notification_canceled: [0|android|110110|null|1000,8,660428,660428,336284]
05-27 09:58:00.353  2584  2584 I notification_canceled: [0|android|10011|null|1000,8,660414,660414,336285]
05-27 09:58:00.406  2584  4778 I notification_canceled: [0|android|2147483647|group_key_override|1000|ranker_bundle,16,660466,660466,336338]
05-27 09:58:00.473  2584  4778 I am_broadcast_discard_app: [0,199495091,android.intent.action.ACTION_POWER_DISCONNECTED,7,ResolveInfo{35e89c9 com.baidu.BaiduMap/com.baidu.android.pushservice.PushServiceReceiver m=0x108000}]
05-27 09:58:00.475  2584  2873 I am_broadcast_discard_app: [0,199495091,android.intent.action.ACTION_POWER_DISCONNECTED,8,ResolveInfo{7b218ce com.gameabc.zhanqiAndroid/com.igexin.sdk.PushReceiver m=0x108000}]
05-27 09:58:00.476  2584  2873 I am_broadcast_discard_app: [0,199495091,android.intent.action.ACTION_POWER_DISCONNECTED,9,ResolveInfo{7b783ef com.jm.android.jumei/com.igexin.sdk.PushReceiver m=0x108000}]
05-27 09:58:00.477  2584  2873 I am_broadcast_discard_app: [0,199495091,android.intent.action.ACTION_POWER_DISCONNECTED,10,ResolveInfo{d302efc com.meitu.meiyancamera/com.igexin.sdk.PushReceiver m=0x108000}]
05-27 09:58:00.477  2584  2873 I am_broadcast_discard_app: [0,199495091,android.intent.action.ACTION_POWER_DISCONNECTED,11,ResolveInfo{ebcf985 com.mogujie/com.igexin.sdk.PushReceiver m=0x108000}]
05-27 09:58:00.478  2584  2873 I am_broadcast_discard_app: [0,199495091,android.intent.action.ACTION_POWER_DISCONNECTED,12,ResolveInfo{c5af3da com.smile.gifmaker/com.igexin.sdk.PushReceiver m=0x108000}]
05-27 09:58:00.479  2584  2873 I am_broadcast_discard_app: [0,199495091,android.intent.action.ACTION_POWER_DISCONNECTED,13,ResolveInfo{da2700b com.ztgame.bob/com.igexin.sdk.PushReceiver m=0x108000}]
05-27 09:58:06.339  2584  3180 I power_sleep_requested: 0
05-27 09:58:06.353  2584  2584 I power_screen_state: [0,3,0,0]
05-27 09:58:06.353  2584  2584 I screen_toggled: 0
05-27 09:58:06.353  2584  2584 I sysui_histogram: [screen_timeout,15]
05-27 09:58:06.356  2584  2584 I power_screen_broadcast_send: 1
05-27 09:58:06.404  2584  4779 I notification_panel_hidden: []
05-27 09:58:06.452  2584  5622 I am_wtf  : [0,2584,system_server,-1,ActivityManager,Sending non-protected broadcast com.vivo.updater.action.SCREEN_OFF from system 4607:com.vivo.daemonService/1000 pkg com.vivo.daemonService]
05-27 09:58:06.499  2584  2873 I am_wtf  : [0,2584,system_server,-1,KernelWakelockReader,neither /proc/wakelocks nor /d/wakeup_sources exists]
05-27 09:58:06.929  2584  2584 I power_screen_broadcast_done: [0,573,1]
05-27 09:58:29.165  2584  2873 I am_wtf  : [0,2584,system_server,-1,KernelWakelockReader,neither /proc/wakelocks nor /d/wakeup_sources exists]
05-27 09:58:30.989  2584  4122 I sysui_histogram: [power_double_tap_interval,12327]
05-27 09:58:30.993  2584  2584 I power_screen_state: [1,0,0,0]
05-27 09:58:30.993  2584  2584 I screen_toggled: 1
05-27 09:58:30.996  2584  2584 I power_screen_broadcast_send: 1
05-27 09:58:30.997  4277  4277 I sysui_histogram: [note_load,5]
05-27 09:58:30.997  2584  8348 I notification_panel_revealed: 5
05-27 09:58:31.004  2584  2873 I am_wtf  : [0,2584,system_server,-1,KernelWakelockReader,neither /proc/wakelocks nor /d/wakeup_sources exists]
05-27 09:58:31.108  2584  4778 I am_wtf  : [0,2584,system_server,-1,ActivityManager,Sending non-protected broadcast com.vivo.updater.action.SCREEN_ON from system 4607:com.vivo.daemonService/1000 pkg com.vivo.daemonService]
05-27 09:58:31.149  2584  2872 I am_pss  : [16801,10133,com.tencent.mm:exdevice,16665600,15482880,0]
05-27 09:58:31.197  2584  2872 I am_pss  : [9305,10133,com.tencent.mm:push,19947520,18632704,0]
05-27 09:58:31.231  2584  2872 I am_pss  : [17478,10056,com.vivo.doubletimezoneclock,9766912,7852032,0]
05-27 09:58:31.294   511   511 I sf_frame_dur: [ColorFade,2,1,0,0,0,0,0]
05-27 09:58:31.558  2584  2873 I am_wtf  : [0,4607,system_server,-1,KernelWakelockReader,neither /proc/wakelocks nor /d/wakeup_sources exists]
05-27 09:58:31.669  2584  2584 I sysui_action: [252,true]
05-27 09:58:31.670  2584  4780 I am_proc_died: [0,17491,com.vivo.weather.provider]
05-27 09:58:31.680  2584  2584 I power_screen_broadcast_done: [1,684,1]
05-27 09:58:31.684  4277 13411 I screen_toggled: 2
05-27 09:58:31.719  2584 28972 I am_wtf  : [0,2584,system_server,-1,ActivityManager,Sending non-protected broadcast com.vivo.ewarranty.action.PHONE_STATE_CHANGED from system 4607:com.vivo.daemonService/1000 pkg com.vivo.daemonService]
05-27 09:58:31.747  2584  4796 I am_wtf  : [0,2584,system_server,-1,ActivityManager,Sending non-protected broadcast com.vivo.ewarranty.action.PHONE_STATE_CHANGED from system 4607:com.vivo.daemonService/1000 pkg com.vivo.daemonService]
05-27 09:58:31.810  2584  4779 I am_proc_died: [0,17539,com.bbk.updater]
05-27 09:58:31.813  2584  4779 I am_low_memory: 67
05-27 09:58:31.823  4277  4277 I sysui_status_bar_state: [1,0,0,0,1,0]
05-27 09:58:31.823  2584  4796 I am_proc_died: [0,17050,com.android.fuelsummary]
05-27 09:58:31.823  2584  4796 I am_schedule_service_restart: [0,com.android.fuelsummary/.FuelSummaryService,1000]
05-27 09:58:31.825  2584  4796 I am_low_memory: 66
05-27 09:58:31.858  2584 28966 I am_wtf  : [0,2584,system_server,-1,ActivityManager,Sending non-protected broadcast com.vivo.ewarranty.action.PHONE_STATE_CHANGED from system 4607:com.vivo.daemonService/1000 pkg com.vivo.daemonService]
05-27 09:58:31.869  4277  4277 I sysui_view_visibility: [111,0]
05-27 09:58:31.869  2584  7697 I am_wtf  : [0,2584,system_server,-1,ActivityManager,Sending non-protected broadcast com.vivo.ewarranty.action.PHONE_STATE_CHANGED from system 4607:com.vivo.daemonService/1000 pkg com.vivo.daemonService]
05-27 09:58:31.940  2584  4276 I am_resume_activity: [0,64687128,157,com.tencent.mm/.plugin.webview.ui.tools.WebViewUI]
05-27 09:58:31.973  2584  2873 I am_broadcast_discard_app: [0,163398066,android.intent.action.USER_PRESENT,0,ResolveInfo{1456503 com.tencent.Alice/com.tencent.android.tpush.XGPushReceiver p=2147483647 m=0x108000}]
05-27 09:58:31.977  2584  2873 I am_broadcast_discard_app: [0,163398066,android.intent.action.USER_PRESENT,1,ResolveInfo{9fc52b9 com.tencent.WeFire/com.tencent.android.tpush.XGPushReceiver p=2147483647 m=0x108000}]
05-27 09:58:31.999  2584  2873 I am_broadcast_discard_app: [0,163398066,android.intent.action.USER_PRESENT,2,ResolveInfo{5b9c6fe com.tencent.clover/com.tencent.android.tpush.XGPushReceiver p=2147483647 m=0x108000}]
05-27 09:58:31.999  2584  2873 I am_broadcast_discard_app: [0,163398066,android.intent.action.USER_PRESENT,3,ResolveInfo{12f4e5f com.tencent.feiji/com.tencent.android.tpush.XGPushReceiver p=2147483647 m=0x108000}]
05-27 09:58:32.000  2584 28975 I notification_expansion: [0|com.android.bbklog|2147483647|group_key_override|1000|ranker_bundle,0,1,369740,369740,367932]
05-27 09:58:32.014  2584 28968 I notification_expansion: [0|com.android.bbklog|2147483647|group_key_override|1000|ranker_bundle,0,1,369754,369754,367946]
05-27 09:58:32.014  2584  2873 I am_broadcast_discard_app: [0,163398066,android.intent.action.USER_PRESENT,4,ResolveInfo{77f80ac com.tencent.game.SSGame/com.tencent.android.tpush.XGPushReceiver p=2147483647 m=0x108000}]
05-27 09:58:32.014  2584 28974 I notification_expansion: [0|com.android.bbklog|1|null|1000,0,1,369769,369769,367947]
05-27 09:58:32.015  2584  4780 I notification_expansion: [0|com.mushroom.systrace|2147483647|group_key_override|2000|ranker_bundle,0,1,568182,568182,367948]
05-27 09:58:32.017  2584  2873 I am_broadcast_discard_app: [0,163398066,android.intent.action.USER_PRESENT,5,ResolveInfo{b866175 com.tencent.game.VXDGame/com.tencent.android.tpush.XGPushReceiver p=2147483647 m=0x108000}]
05-27 09:58:32.018  2584  2873 I am_broadcast_discard_app: [0,163398066,android.intent.action.USER_PRESENT,7,ResolveInfo{f67550a com.tencent.pao/com.tencent.android.tpush.XGPushReceiver p=2147483647 m=0x108000}]
05-27 09:58:32.018  2584  2873 I am_broadcast_discard_app: [0,163398066,android.intent.action.USER_PRESENT,8,ResolveInfo{aa4717b com.tencent.tmgp.cf/com.tencent.android.tpush.XGPushReceiver p=2147483647 m=0x108000}]
05-27 09:58:32.020  2584  2873 I am_broadcast_discard_app: [0,163398066,android.intent.action.USER_PRESENT,9,ResolveInfo{2b9fb98 com.tencent.tmgp.sgame/com.tencent.android.tpush.XGPushReceiver p=2147483647 m=0x108000}]
05-27 09:58:32.048  2584  2873 I am_proc_start: [0,17909,10088,com.bbk.updater,broadcast,com.bbk.updater/.receiver.ShowSetupTipsReceiver]
05-27 09:58:32.066  2584 12269 I notification_panel_hidden: []
05-27 09:58:32.142  2584 28970 I am_proc_bound: [0,17909,com.bbk.updater]
05-27 09:58:32.159  2584  4622 I am_proc_died: [0,17670,com.bbk.appstore]
05-27 09:58:32.161  2584  4622 I am_low_memory: 66
05-27 09:58:32.308 13051 13051 I am_on_resume_called: [0,com.tencent.mm.plugin.webview.ui.tools.WebViewUI,RESUME_ACTIVITY]
05-27 09:58:32.396  2584  2873 I am_wtf  : [0,2584,system_server,-1,KernelWakelockReader,neither /proc/wakelocks nor /d/wakeup_sources exists]
05-27 09:58:32.435  4277  4277 I sysui_count: [panel_open,1]
05-27 09:58:32.505  4277  4277 I sysui_histogram: [note_load,5]
05-27 09:58:32.506  2584 28968 I notification_panel_revealed: 5
05-27 09:58:32.681  2584 12269 I am_broadcast_discard_app: [0,163398066,android.intent.action.USER_PRESENT,11,ResolveInfo{898a9a4 cn.kuwo.player/com.eguan.monitor.receiver.SystemStartReceiver p=9999 m=0x108000}]
05-27 09:58:32.795  2584  2873 I am_proc_start: [0,17987,10092,com.bbk.calendar,broadcast,com.bbk.calendar/.alerts.BirthdayReceiver]
05-27 09:58:32.813  2584 28966 I am_proc_bound: [0,17987,com.bbk.calendar]
05-27 09:58:32.838  2584  2873 I am_proc_start: [0,18005,1000,com.android.fuelsummary,service,com.android.fuelsummary/.FuelSummaryService]
05-27 09:58:32.871  2584  5622 I am_proc_bound: [0,18005,com.android.fuelsummary]
05-27 09:58:33.044  2584  4779 I am_proc_start: [0,18024,10004,com.android.providers.calendar,content provider,com.android.providers.calendar/.CalendarProvider2]
05-27 09:58:33.098  2584  4796 I am_proc_bound: [0,18024,com.android.providers.calendar]
05-27 09:58:33.118  2584  4622 I am_broadcast_discard_app: [0,163398066,android.intent.action.USER_PRESENT,19,ResolveInfo{6d4fbe6 com.Qunar/com.igexin.sdk.PushReceiver m=0x108000}]
05-27 09:58:33.120  2584  2873 I am_broadcast_discard_app: [0,163398066,android.intent.action.USER_PRESENT,20,ResolveInfo{7538527 com.baidu.BaiduMap/com.baidu.android.pushservice.PushServiceReceiver m=0x108000}]
05-27 09:58:33.120  2584  2873 I am_broadcast_discard_app: [0,163398066,android.intent.action.USER_PRESENT,21,ResolveInfo{44bc3d4 com.gameabc.zhanqiAndroid/com.igexin.sdk.PushReceiver m=0x108000}]
05-27 09:58:33.121  2584  2873 I am_broadcast_discard_app: [0,163398066,android.intent.action.USER_PRESENT,22,ResolveInfo{3e5297d com.greenpoint.android.mc10086.activity/com.leadeon.cmcc.cservice.PushBootBroadcastReceiver m=0x108000}]
05-27 09:58:33.122  2584  2873 I am_broadcast_discard_app: [0,163398066,android.intent.action.USER_PRESENT,23,ResolveInfo{ee4f072 com.jm.android.jumei/com.igexin.sdk.PushReceiver m=0x108000}]
05-27 09:58:33.123  2584  2873 I am_broadcast_discard_app: [0,163398066,android.intent.action.USER_PRESENT,25,ResolveInfo{48b4940 com.jm.android.jumei/.push.JMAliReceiver m=0x108000}]
05-27 09:58:33.127  2584  2873 I am_broadcast_discard_app: [0,163398066,android.intent.action.USER_PRESENT,26,ResolveInfo{71fe079 com.jm.android.jumei/com.taobao.accs.EventReceiver m=0x108000}]
05-27 09:58:33.129  2584  2873 I am_broadcast_discard_app: [0,163398066,android.intent.action.USER_PRESENT,27,ResolveInfo{58da1be com.lufax.android/com.igexin.sdk.PushReceiver m=0x108000}]
05-27 09:58:33.131  2584  2873 I am_broadcast_discard_app: [0,163398066,android.intent.action.USER_PRESENT,28,ResolveInfo{b89f21f com.meitu.meiyancamera/com.igexin.sdk.PushReceiver m=0x108000}]
05-27 09:58:33.146  2584  2873 I am_broadcast_discard_app: [0,163398066,android.intent.action.USER_PRESENT,29,ResolveInfo{47bb96c com.mogujie/com.igexin.sdk.PushReceiver m=0x108000}]
05-27 09:58:33.148  2584  2873 I am_broadcast_discard_app: [0,163398066,android.intent.action.USER_PRESENT,30,ResolveInfo{b50b35 com.pailedi.bzmst.android.vivo/com.youzu.sdk.log.InstallReceiver m=0x108000}]
05-27 09:58:33.149  2584  2873 I am_broadcast_discard_app: [0,163398066,android.intent.action.USER_PRESENT,31,ResolveInfo{67e1bca com.qiyi.video/com.iqiyi.pushservice.PushServiceReceiver m=0x108000}]
05-27 09:58:33.150  2584  2873 I am_broadcast_discard_app: [0,163398066,android.intent.action.USER_PRESENT,32,ResolveInfo{865913b com.qiyi.video/com.iqiyi.impushservice.receiver.ImPushServiceReceiver m=0x108000}]
05-27 09:58:33.151  2584  2873 I am_broadcast_discard_app: [0,163398066,android.intent.action.USER_PRESENT,33,ResolveInfo{4210058 com.qzone/com.tencent.wns.export.AutoStartReceiver m=0x108000}]
05-27 09:58:33.151  2584  2873 I am_broadcast_discard_app: [0,163398066,android.intent.action.USER_PRESENT,34,ResolveInfo{c3825b1 com.shuqi.controller/com.taobao.accs.EventReceiver m=0x108000}]
05-27 09:58:33.152  2584  2873 I am_broadcast_discard_app: [0,163398066,android.intent.action.USER_PRESENT,35,ResolveInfo{74a2a96 com.smile.gifmaker/com.igexin.sdk.PushReceiver m=0x108000}]
05-27 09:58:33.153  2584  2873 I am_broadcast_discard_app: [0,163398066,android.intent.action.USER_PRESENT,36,ResolveInfo{9920617 com.suning.mobile.ebuy/com.taobao.accs.EventReceiver m=0x108000}]
05-27 09:58:33.154  2584  2873 I am_broadcast_discard_app: [0,163398066,android.intent.action.USER_PRESENT,37,ResolveInfo{dd1ca04 com.tencent.news/.push.alive.offactivity.OffScreenReceiver m=0x108000}]
05-27 09:58:33.155  2584  2873 I am_broadcast_discard_app: [0,163398066,android.intent.action.USER_PRESENT,38,ResolveInfo{f86bed com.tencent.news/com.taobao.accs.EventReceiver m=0x108000}]
05-27 09:58:33.156  2584  2873 I am_broadcast_discard_app: [0,163398066,android.intent.action.USER_PRESENT,40,ResolveInfo{f65a22 com.ztgame.bob/com.igexin.sdk.PushReceiver m=0x108000}]
05-27 09:58:33.243  2584 12269 I notification_visibility: [0|com.android.bbklog|1|null|1000,1,370998,370998,0,2]
05-27 09:58:33.243  2584 12269 I notification_visibility: [0|com.mushroom.systrace|2147483647|group_key_override|2000|ranker_bundle,1,569410,569410,0,3]
05-27 09:58:33.243  2584 12269 I notification_visibility: [0|com.android.bbklog|2147483647|group_key_override|1000|ranker_bundle,1,370983,370983,0,1]
05-27 09:58:33.243  2584 12269 I notification_visibility: [0|com.mushroom.systrace|666|null|2000,1,569430,416120,0,4]
05-27 09:58:33.374  2584  2873 I am_proc_start: [0,18039,10107,com.vivo.widget.calendar,broadcast,com.vivo.widget.calendar/.CalendarAppWidgetProvider]
05-27 09:58:33.397  2584  2712 I am_proc_bound: [0,18039,com.vivo.widget.calendar]
05-27 09:58:34.000  2584  4621 I notification_visibility: [0|com.android.bbklog|1|null|1000,0,371755,371755,0,2]
05-27 09:58:34.000  2584  4621 I notification_visibility: [0|com.mushroom.systrace|2147483647|group_key_override|2000|ranker_bundle,0,570167,570167,0,3]
05-27 09:58:34.000  2584  4621 I notification_visibility: [0|com.android.bbklog|2147483647|group_key_override|1000|ranker_bundle,0,371740,371740,0,1]
05-27 09:58:34.000  2584  4621 I notification_visibility: [0|com.mushroom.systrace|666|null|2000,0,570187,416877,0,4]
05-27 09:58:34.001  2584 28975 I notification_panel_hidden: []
05-27 09:58:39.568  2584  4177 I am_proc_start: [0,18058,1000,com.bbk.facewake,service,com.bbk.facewake/.FaceWakeService]
05-27 09:58:39.614  2584  9744 I am_proc_bound: [0,18058,com.bbk.facewake]
05-27 09:58:39.802  2584  2874 I am_wtf  : [0,2584,system_server,-1,ActivityManager,Sending non-protected broadcast vivo.intent.action.CHECK_ALERT_WINDOW from system 2584:system/1000 pkg android]
05-27 09:58:39.804  2584  2874 I am_wtf  : [0,2584,system_server,-1,ActivityManager,Sending non-protected broadcast vivo.intent.action.CHECK_ALERT_WINDOW from system 2584:system/1000 pkg android]
05-27 09:58:42.177  2584  2872 I am_pss  : [6591,10063,com.iqoo.secure:remote,38205440,36950016,0]
05-27 09:58:43.307  2584  2872 I am_pss  : [8354,10081,com.vivo.safecenter,7810048,7241728,0]
05-27 09:58:45.384  2584  7700 I am_mem_factor: [2,3]
05-27 09:58:45.649   511   511 I sf_frame_dur: [SurfaceView - ,3,132,2,0,1,0,0]
05-27 09:58:45.729  2584  2872 I am_meminfo: [-161165312,78331904,0,408915968,291166208]
05-27 09:58:45.779  2584  2872 I am_pss  : [13051,10133,com.tencent.mm:tools,114447360,107810816,0]
05-27 09:58:45.833  2584  2872 I am_pss  : [16161,10133,com.tencent.mm,204864512,200511488,0]
05-27 09:58:45.847  2584  2872 I am_pss  : [5553,1000,com.vivo.doubleinstance,6167552,5636096,0]
05-27 09:58:45.867  2584  2872 I am_pss  : [5672,10034,com.bbk.launcher2,71169024,69132288,0]
05-27 09:58:45.956  2584  2872 I am_pss  : [19915,10129,com.tencent.mobileqq,255663104,252080128,0]
05-27 09:58:45.973  2584  2872 I am_pss  : [12275,10129,com.tencent.mobileqq:TMAssistantDownloadSDKService,19077120,17592320,0]
05-27 09:58:46.015  2584  2872 I am_pss  : [24299,10129,com.tencent.mobileqq:tool,90354688,84189184,0]
05-27 09:58:46.035  2584  2872 I am_pss  : [32543,10129,com.tencent.mobileqq:MSF,25857024,24125440,0]
05-27 09:58:46.095  2584  2872 I am_pss  : [27980,10129,com.tencent.mobileqq:qzone,200025088,195244032,0]
05-27 09:58:46.115  2584  2872 I am_pss  : [6746,1000,com.android.bbklog,29518848,27287552,0]
05-27 09:58:46.146  2584  2872 I am_pss  : [4237,10062,com.baidu.input_bbk.service,62398464,60649472,0]
05-27 09:58:46.160  2584  2872 I am_pss  : [5471,1000,com.qti.service.colorservice,5076992,4603904,0]
05-27 09:58:46.199  2584  2872 I am_pss  : [32362,99910129,com.tencent.mobileqq,65665024,64356352,0]
05-27 09:58:46.219  2584  2872 I am_pss  : [32383,99910129,com.tencent.mobileqq:MSF,18285568,16793600,0]
05-27 09:58:46.236  2584  2872 I am_pss  : [20384,10085,com.vivo.secime.service,18816000,18006016,0]
05-27 09:58:46.255  2584  2872 I am_pss  : [24742,1001,com.android.incallui,31005696,30248960,0]
05-27 09:58:46.275  2584  2872 I am_pss  : [6799,1000,com.vivo.permissionmanager,35990528,34951168,0]
05-27 09:58:46.293  2584  2872 I am_pss  : [16801,10133,com.tencent.mm:exdevice,16827392,15720448,0]
05-27 09:58:46.310  2584  2872 I am_pss  : [9305,10133,com.tencent.mm:push,20824064,19562496,0]
05-27 09:58:46.326  2584  2872 I am_pss  : [6613,10137,tv.danmaku.bili:pushservice,9510912,8323072,0]
05-27 09:58:46.341  2584  2872 I am_pss  : [18058,1000,com.bbk.facewake,8269824,6430720,0]
05-27 09:58:46.355  2584  2872 I am_pss  : [18039,10107,com.vivo.widget.calendar,5029888,3510272,0]
05-27 09:58:46.370  2584  2872 I am_pss  : [18024,10004,com.android.providers.calendar,5556224,4075520,0]
05-27 09:58:46.385  2584  2872 I am_pss  : [17909,10088,com.bbk.updater,8993792,7258112,0]
05-27 09:58:46.406  2584  2872 I am_pss  : [15528,10133,com.tencent.mm:appbrand0,22985728,22106112,0]
05-27 09:58:46.422  2584  2872 I am_pss  : [5975,10011,android.process.media,32765952,31940608,0]
05-27 09:58:46.437  2584  2872 I am_pss  : [8354,10081,com.vivo.safecenter,7809024,7241728,0]
05-27 09:58:46.452  2584  2872 I am_pss  : [4205,1000,com.vivo.appfilter,8287232,7618560,0]
05-27 09:58:46.466  2584  2872 I am_pss  : [17987,10092,com.bbk.calendar,4915200,3682304,0]
05-27 09:58:46.481  2584  2872 I am_pss  : [18005,1000,com.android.fuelsummary,5296128,3493888,0]
05-27 09:58:46.498  2584  2872 I am_pss  : [4809,10064,com.bbk.iqoo.logsystem,22582272,21835776,0]
05-27 09:58:46.514  2584  2872 I am_pss  : [16996,1000,com.vivo.abe:pushservice_v1,15578112,13037568,0]
05-27 09:58:46.529  2584  2872 I am_pss  : [16555,10098,com.vivo.gallery,6082560,3801088,0]
05-27 09:58:46.544  2584  2872 I am_pss  : [17478,10056,com.vivo.doubletimezoneclock,9226240,7467008,0]
05-27 09:58:46.559  2584  2872 I am_pss  : [17244,10002,android.process.acore,10330112,8376320,0]
05-27 09:58:46.573  2584  2872 I am_pss  : [17180,1000,org.simalliance.openmobileapi.service:remote,4246528,3121152,0]
05-27 09:58:46.588  2584  2872 I am_pss  : [16983,10028,com.vivo.audiofx,5158912,3891200,0]
05-27 09:58:46.603  2584  2872 I am_pss  : [16956,10035,com.android.bbkmusic,10522624,8183808,0]
05-27 09:58:46.620  2584  2872 I am_pss  : [16889,10111,com.chaozh.iReader,13113344,11010048,0]
05-27 09:58:46.634  2584  2872 I am_pss  : [16463,1000,com.vivo.wifi.networkdetect,3453952,2523136,0]
05-27 09:58:46.648  2584  2872 I am_pss  : [16313,2000,com.mushroom.systrace:log,3727360,2727936,0]
05-27 09:58:46.668  2584  2872 I am_pss  : [12389,2000,com.mushroom.systrace:trace,97715200,94855168,0]
05-27 09:58:46.682  2584  2872 I am_pss  : [16236,1000,com.qualcomm.qti.appnetaccess,3579904,2596864,0]
05-27 09:58:46.704  2584  2872 I am_pss  : [23603,10129,com.tencent.mobileqq:peak,34107392,33099776,0]
05-27 09:58:46.721  2584  2872 I am_pss  : [4640,1000,com.vivo.smartmultiwindow,22590464,21487616,0]
05-27 09:58:46.738  2584  2872 I am_pss  : [6591,10063,com.iqoo.secure:remote,38202368,36950016,0]
05-27 09:58:46.754  2584  2872 I am_pss  : [8972,10137,tv.danmaku.bili:download,8986624,8040448,0]
05-27 09:58:46.768  2584  2872 I am_pss  : [2359,10102,com.vivo.sdkplugin,3884032,3014656,0]
05-27 09:58:46.782  2584  2872 I am_pss  : [1466,1000,com.volte.config,3109888,2416640,0]
05-27 09:58:46.796  2584  2872 I am_pss  : [1386,1000,com.qualcomm.display,3156992,2465792,0]
05-27 09:58:46.812  2584  2872 I am_pss  : [29680,10129,com.tencent.mobileqq:qqfav,9552896,8691712,0]
05-27 09:58:46.826  2584  2872 I am_pss  : [23214,10013,android.ext.services,4014080,3321856,0]
05-27 09:58:46.842  2584  2872 I am_pss  : [4999,10066,com.vivo.magazine,9656320,9027584,0]
05-27 09:58:46.860  2584  2872 I am_pss  : [6434,10055,com.vivo.devicereg,52829184,52256768,0]
05-27 09:58:46.874  2584  2872 I am_pss  : [4974,10002,com.vivo.sim.contacts,6046720,5529600,0]
05-27 09:58:46.895  2584  2872 I am_pss  : [27925,10133,com.tencent.mm:appbrand1,22440960,21581824,0]
05-27 09:58:46.911  2584  2872 I am_pss  : [9323,10133,com.tencent.mm:recovery,10112000,9486336,0]
05-27 09:58:46.925  2584  2872 I am_pss  : [5004,1001,com.qualcomm.qcrilmsgtunnel,5475328,4960256,0]
05-27 09:58:46.940  2584  2872 I am_pss  : [5609,10071,com.oma.drm.server,5404672,4902912,0]
05-27 09:58:46.955  2584  2872 I am_pss  : [5588,10017,com.baidu.map.location,11935744,10960896,0]
05-27 09:58:46.969  2584  2872 I am_pss  : [5582,1001,com.qualcomm.qti.loadcarrier,4938752,4431872,0]
05-27 09:58:46.984  2584  2872 I am_pss  : [5568,1000,com.alps.lcn,7871488,7229440,0]
05-27 09:58:47.001  2584  2872 I am_pss  : [5479,1000,com.vivo.abe,20927488,19759104,0]
05-27 09:58:47.025  2584  2872 I am_pss  : [4782,1001,com.android.phone,32840704,31354880,0]
05-27 09:58:47.049  2584  2872 I am_pss  : [4764,1000,com.vivo.upslide,107593728,104534016,0]
05-27 09:58:47.064  2584  2872 I am_pss  : [4748,1000,com.android.server.telecom,8522752,7938048,0]
05-27 09:58:47.079  2584  2872 I am_pss  : [4736,1000,.dataservices,8977408,8380416,0]
05-27 09:58:47.103  2584  2872 I am_pss  : [4607,1000,com.vivo.daemonService,49332224,47951872,0]
05-27 09:58:47.133  2584  2872 I am_pss  : [4277,10024,com.android.systemui,110605312,107577344,0]
05-27 09:58:47.191  2584  2872 I am_pss  : [2584,1000,system,140174336,136232960,0]
05-27 09:58:51.394  2584  2874 I am_wtf  : [0,2584,system_server,-1,ActivityManager,Sending non-protected broadcast vivo.intent.action.CHECK_ALERT_WINDOW from system 2584:system/1000 pkg android]
05-27 09:58:51.404  2584  2874 I am_wtf  : [0,2584,system_server,-1,ActivityManager,Sending non-protected broadcast vivo.intent.action.CHECK_ALERT_WINDOW from system 2584:system/1000 pkg android]
05-27 09:58:53.075  2584  2584 I free_storage_changed: 9509003264
05-27 09:58:59.160  2584  2872 I am_pss  : [13051,10133,com.tencent.mm:tools,114458624,108167168,0]
05-27 09:58:59.212  2584  2872 I am_pss  : [16161,10133,com.tencent.mm,204776448,200482816,0]
05-27 09:58:59.305   511   511 I sf_frame_dur: [SurfaceView - ,8,205,0,0,1,0,0]
05-27 09:58:59.312  2584  2872 I am_pss  : [19915,10129,com.tencent.mobileqq,258385920,254742528,0]
05-27 09:58:59.330  2584  2872 I am_pss  : [12275,10129,com.tencent.mobileqq:TMAssistantDownloadSDKService,19190784,17711104,0]
05-27 09:58:59.350  2584  2872 I am_pss  : [32543,10129,com.tencent.mobileqq:MSF,25925632,24182784,0]
05-27 09:58:59.368  2584  2872 I am_pss  : [8354,10081,com.vivo.safecenter,7809024,7241728,0]
05-27 09:58:59.387  2584  2872 I am_pss  : [6591,10063,com.iqoo.secure:remote,38184960,36933632,0]
05-27 09:59:06.104  2584  2874 I am_wtf  : [0,2584,system_server,-1,ActivityManager,Sending non-protected broadcast vivo.intent.action.CHECK_ALERT_WINDOW from system 2584:system/1000 pkg android]
05-27 09:59:06.109  2584  2874 I am_wtf  : [0,2584,system_server,-1,ActivityManager,Sending non-protected broadcast vivo.intent.action.CHECK_ALERT_WINDOW from system 2584:system/1000 pkg android]
05-27 09:59:06.109  2584  2872 I am_pss  : [5553,1000,com.vivo.doubleinstance,6167552,5636096,0]
05-27 09:59:06.164  2584  2872 I am_pss  : [24299,10129,com.tencent.mobileqq:tool,90031104,84156416,0]
05-27 09:59:06.219  2584  2872 I am_pss  : [27980,10129,com.tencent.mobileqq:qzone,195115008,190402560,0]
05-27 09:59:06.238  2584  2872 I am_pss  : [6746,1000,com.android.bbklog,29511680,27287552,0]
05-27 09:59:06.270  2584  2872 I am_pss  : [4237,10062,com.baidu.input_bbk.service,62398464,60649472,0]
05-27 09:59:06.284  2584  2872 I am_pss  : [5471,1000,com.qti.service.colorservice,5076992,4603904,0]
05-27 09:59:06.320  2584  2872 I am_pss  : [32362,99910129,com.tencent.mobileqq,65827840,64516096,0]
05-27 09:59:06.339  2584  2872 I am_pss  : [32383,99910129,com.tencent.mobileqq:MSF,18407424,16936960,0]
05-27 09:59:06.355  2584  2872 I am_pss  : [20384,10085,com.vivo.secime.service,18850816,18038784,0]
05-27 09:59:06.373  2584  2872 I am_pss  : [24742,1001,com.android.incallui,31005696,30248960,0]
05-27 09:59:06.393  2584  2872 I am_pss  : [6799,1000,com.vivo.permissionmanager,36030464,34996224,0]
05-27 09:59:06.410  2584  2872 I am_pss  : [16801,10133,com.tencent.mm:exdevice,17001472,15892480,0]
05-27 09:59:06.428  2584  2872 I am_pss  : [9305,10133,com.tencent.mm:push,20779008,19488768,0]
05-27 09:59:06.445  2584  2872 I am_pss  : [4809,10064,com.bbk.iqoo.logsystem,22580224,21839872,0]
05-27 09:59:06.460  2584  2872 I am_pss  : [6613,10137,tv.danmaku.bili:pushservice,9527296,8343552,0]
05-27 09:59:06.480  2584  2872 I am_pss  : [15528,10133,com.tencent.mm:appbrand0,22994944,22110208,0]
05-27 09:59:06.495  2584  2872 I am_pss  : [5975,10011,android.process.media,32765952,31940608,0]
05-27 09:59:06.509  2584  2872 I am_pss  : [4205,1000,com.vivo.appfilter,8287232,7618560,0]
05-27 09:59:06.523  2584  2872 I am_pss  : [18005,1000,com.android.fuelsummary,5343232,3534848,0]
05-27 09:59:06.537  2584  2872 I am_pss  : [16996,1000,com.vivo.abe:pushservice_v1,15176704,12685312,0]
05-27 09:59:06.552  2584  2872 I am_pss  : [16555,10098,com.vivo.gallery,5916672,3792896,0]
05-27 09:59:06.566  2584  2872 I am_pss  : [17478,10056,com.vivo.doubletimezoneclock,10563584,8798208,0]
05-27 09:59:06.582  2584  2872 I am_pss  : [17244,10002,android.process.acore,12669952,10682368,0]
05-27 09:59:06.597  2584  2872 I am_pss  : [17180,1000,org.simalliance.openmobileapi.service:remote,4245504,3121152,0]
05-27 09:59:06.610  2584  2872 I am_pss  : [16983,10028,com.vivo.audiofx,5181440,3915776,0]
05-27 09:59:06.625  2584  2872 I am_pss  : [16956,10035,com.android.bbkmusic,10358784,8183808,0]
05-27 09:59:06.640  2584  2872 I am_pss  : [16889,10111,com.chaozh.iReader,12951552,11010048,0]
05-27 09:59:06.654  2584  2872 I am_pss  : [16463,1000,com.vivo.wifi.networkdetect,3399680,2465792,0]
05-27 09:59:06.667  2584  2872 I am_pss  : [16313,2000,com.mushroom.systrace:log,3731456,2732032,0]
05-27 09:59:06.686  2584  2872 I am_pss  : [12389,2000,com.mushroom.systrace:trace,97711104,94855168,0]
05-27 09:59:06.700  2584  2872 I am_pss  : [16236,1000,com.qualcomm.qti.appnetaccess,3579904,2596864,0]
05-27 09:59:06.721  2584  2872 I am_pss  : [23603,10129,com.tencent.mobileqq:peak,34285568,33271808,0]
05-27 09:59:06.738  2584  2872 I am_pss  : [4640,1000,com.vivo.smartmultiwindow,22651904,21549056,0]
05-27 09:59:06.755  2584  2872 I am_pss  : [8972,10137,tv.danmaku.bili:download,8986624,8040448,0]
05-27 09:59:06.769  2584  2872 I am_pss  : [2359,10102,com.vivo.sdkplugin,3884032,3014656,0]
05-27 09:59:06.783  2584  2872 I am_pss  : [1466,1000,com.volte.config,3109888,2416640,0]
05-27 09:59:06.796  2584  2872 I am_pss  : [1386,1000,com.qualcomm.display,3156992,2465792,0]
05-27 09:59:06.811  2584  2872 I am_pss  : [29680,10129,com.tencent.mobileqq:qqfav,9746432,8880128,0]
05-27 09:59:06.825  2584  2872 I am_pss  : [23214,10013,android.ext.services,4014080,3321856,0]
05-27 09:59:06.840  2584  2872 I am_pss  : [4999,10066,com.vivo.magazine,9656320,9027584,0]
05-27 09:59:06.869  2584  2873 I am_broadcast_discard_app: [0,107255984,android.net.wifi.STATE_CHANGE,0,ResolveInfo{77ad329 cn.kuwo.player/cn.kuwo.mod.push.PushRepeatingReceiver p=2147483647 m=0x108000}]
05-27 09:59:06.870  2584  2872 I am_pss  : [6434,10055,com.vivo.devicereg,52829184,52256768,0]
05-27 09:59:06.967  2584  2873 I am_proc_start: [0,18311,10114,com.vivo.game,broadcast,com.vivo.game/.update.UpdateDownloadReceiver]
05-27 09:59:06.969  2584  2872 I am_pss  : [4974,10002,com.vivo.sim.contacts,6046720,5529600,0]
05-27 09:59:06.995  2584  2872 I am_pss  : [27925,10133,com.tencent.mm:appbrand1,22446080,21581824,0]
05-27 09:59:07.011  2584  2872 I am_pss  : [9323,10133,com.tencent.mm:recovery,10112000,9486336,0]
05-27 09:59:07.025  2584  2872 I am_pss  : [5004,1001,com.qualcomm.qcrilmsgtunnel,5468160,4960256,0]
05-27 09:59:07.036  2584  5624 I am_proc_bound: [0,18311,com.vivo.game]
05-27 09:59:07.119  2584  4136 I netstats_mobile_sample: [37193395,36491,3781538,33830,37191183,36436,3585731,33850,37191183,36436,3692307,35370,1495850346356]
05-27 09:59:07.119  2584  4136 I netstats_wifi_sample: [12895541438,9646071,336027282,4584755,12880421502,9149549,272534099,4579801,12869905170,9082286,280040256,4615114,1495850346356]
05-27 09:59:07.306  2584  8348 I am_wtf  : [0,2584,system_server,-1,ActivityManager,Sending non-protected broadcast com.vivo.networkimprove.pingfail.datastatus from system 4782:com.android.phone/1001 pkg com.android.phone]
05-27 09:59:07.399  2584  2873 I am_wtf  : [0,2584,system_server,-1,KernelWakelockReader,neither /proc/wakelocks nor /d/wakeup_sources exists]
05-27 09:59:07.627  2584  7700 I am_proc_start: [0,18348,10099,com.vivo.msgpush,content provider,com.vivo.msgpush/.data.SettingsProvider]
05-27 09:59:07.749  2584  4278 I am_proc_bound: [0,18348,com.vivo.msgpush]
