05-27 09:43:01.218  2584  2873 I am_broadcast_discard_app: [0,85854112,android.intent.action.PACKAGE_ADDED,21,ResolveInfo{cae9e74 com.netease.my.vivo/com.vivo.sdkplugin.accounts.VivoApkInstallRecevier m=0x208000}]
05-27 09:43:01.219  2584  2873 I am_broadcast_discard_app: [0,85854112,android.intent.action.PACKAGE_ADDED,22,ResolveInfo{c58ff9d com.pailedi.bzmst.android.vivo/com.vivo.sdkplugin.accounts.VivoApkInstallRecevier m=0x208000}]
05-27 09:43:01.222  2584  2873 I am_broadcast_discard_app: [0,85854112,android.intent.action.PACKAGE_ADDED,23,ResolveInfo{34dc12 com.qiyi.video/org.qiyi.android.commonphonepad.receiver.AddPackageBroadcast m=0x208000}]
05-27 09:43:01.223  2584  2873 I am_broadcast_discard_app: [0,85854112,android.intent.action.PACKAGE_ADDED,24,ResolveInfo{97b5fe3 com.qiyi.video/com.huawei.android.pushagent.PushEventReceiver m=0x208000}]
05-27 09:43:01.223  2584  2873 I am_broadcast_discard_app: [0,85854112,android.intent.action.PACKAGE_ADDED,25,ResolveInfo{d512de0 com.qzone/com.huawei.android.pushagent.PushEventReceiver m=0x208000}]
05-27 09:43:01.223  2584  2873 I am_broadcast_discard_app: [0,85854112,android.intent.action.PACKAGE_ADDED,26,ResolveInfo{2caf899 com.qzone/com.tencent.wns.export.AutoStartReceiver m=0x208000}]
05-27 09:43:01.223  2584  2873 I am_broadcast_discard_app: [0,85854112,android.intent.action.PACKAGE_ADDED,27,ResolveInfo{780a75e com.shuqi.controller/com.uc.browser.competeincsdk.UCInstallReceiver m=0x208000}]
05-27 09:43:01.224  2584  4779 I am_proc_died: [0,5881,com.chaozh.iReader]
05-27 09:43:01.224  2584  4779 I am_schedule_service_restart: [0,com.chaozh.iReader/com.zhangyue.iReader.fileDownload.ServiceDownloadNC,20211]
05-27 09:43:01.226  2584  4779 I am_low_memory: 68
05-27 09:43:01.231  2584  2873 I am_broadcast_discard_app: [0,85854112,android.intent.action.PACKAGE_ADDED,28,ResolveInfo{57a173f com.smile.gifmaker/com.yxcorp.gifshow.detail.AppInstalledReceiver m=0x208000}]
05-27 09:43:01.259  5672  5672 I am_on_resume_called: [0,com.bbk.launcher2.Launcher,RESUME_ACTIVITY]
05-27 09:43:01.307  2584  4276 I am_proc_died: [0,3153,tv.danmaku.bili:download]
05-27 09:43:01.307  2584  4276 I am_schedule_service_restart: [0,tv.danmaku.bili/com.bilibili.videodownloader.service.VideoDownloadService,30128]
05-27 09:43:01.308  2584  4276 I am_low_memory: 67
05-27 09:43:01.348  2584  5627 I am_broadcast_discard_app: [0,85854112,android.intent.action.PACKAGE_ADDED,30,ResolveInfo{92bdb6a com.tencent.news/.system.BootBroadcastReceiver m=0x208000}]
05-27 09:43:01.350  2584  2873 I am_broadcast_discard_app: [0,85854112,android.intent.action.PACKAGE_ADDED,31,ResolveInfo{5ead8f8 com.tencent.news/com.huawei.android.pushagent.PushEventReceiver m=0x208000}]
05-27 09:43:01.351  2584  2873 I am_broadcast_discard_app: [0,85854112,android.intent.action.PACKAGE_ADDED,32,ResolveInfo{aea21d1 com.tencent.qqlive/.services.push.PushAlarmReceiver m=0x208000}]
05-27 09:43:01.351  2584  2873 I am_broadcast_discard_app: [0,85854112,android.intent.action.PACKAGE_ADDED,33,ResolveInfo{4a44436 com.tencent.qqlive/com.huawei.android.pushagent.PushEventReceiver m=0x208000}]
05-27 09:43:01.351  2584  2873 I am_broadcast_discard_app: [0,85854112,android.intent.action.PACKAGE_ADDED,34,ResolveInfo{e7daf37 com.zplay.popstar.zw.vivo/com.zplay.android.sdk.notify.alarmandservice.StuffTrigger m=0x208000}]
05-27 09:43:01.373  2584  3140 I sysui_action: [320,2]
05-27 09:43:01.373  2584  3140 I sysui_action: [319,339]
05-27 09:43:01.378  2584  3140 I sysui_action: [322,344]
05-27 09:43:01.462  2584  2873 I am_proc_start: [0,7449,10056,com.vivo.doubletimezoneclock,service,com.vivo.doubletimezoneclock/.clock.ClockWidgetService]
05-27 09:43:01.485  2584  4796 I am_proc_start: [0,7462,10045,com.vivo.weather.provider,content provider,com.vivo.weather.provider/.WeatherProvider]
05-27 09:43:01.490  2584  2714 I am_proc_bound: [0,7449,com.vivo.doubletimezoneclock]
05-27 09:43:01.560  2584  7701 I am_proc_bound: [0,7462,com.vivo.weather.provider]
05-27 09:43:01.614  2584  2873 I am_stop_activity: [0,210672731,com.android.filemanager/.FileManagerListActivity]
05-27 09:43:01.617  6459  6459 I am_on_stop_called: [0,com.android.filemanager.FileManagerListActivity,handleStopActivity]
05-27 09:43:01.683   511   511 I sf_frame_dur: [com.android.filemanager/com.android.filemanager.FileManagerListActivity,5,6,1,2,1,0,0]
05-27 09:43:02.101  2584 28967 I am_proc_died: [0,2097,tv.danmaku.bili]
05-27 09:43:02.106  2584 28967 I am_finish_activity: [0,108969056,210,tv.danmaku.bili/.ui.video.VideoDetailsActivity,proc died without state saved]
05-27 09:43:02.110  2584 28967 I am_finish_activity: [0,95109479,210,tv.danmaku.bili/.MainActivity,proc died without state saved]
05-27 09:43:02.110  2584 28967 I wm_task_removed: [210,removeAppToken: last token]
05-27 09:43:02.110  2584 28967 I wm_task_removed: [210,removeTask]
05-27 09:43:02.111  2584 28967 I am_low_memory: 68
05-27 09:43:02.532  2584  4145 I am_wtf  : [0,2584,system_server,-1,ActivityManager,Sending non-protected broadcast com.vivo.audiofx.maxxaudio.effect from system 2584:system/1000 pkg android]
05-27 09:43:07.350  2584  4797 I am_create_task: [0,211]
05-27 09:43:07.350  2584  4797 I am_create_activity: [0,145822972,211,com.mushroom.systrace/.MainActivity,android.intent.action.MAIN,NULL,NULL,807403520]
05-27 09:43:07.351  2584  4797 I wm_task_created: [211,1]
05-27 09:43:07.351  2584  4797 I wm_task_moved: [211,1,19]
05-27 09:43:07.351  2584  4797 I am_focused_stack: [0,1,0,startedActivity setFocusedActivity]
05-27 09:43:07.352  2584  4797 I wm_task_moved: [211,1,19]
05-27 09:43:07.354  2584  4797 I am_focused_activity: [0,com.mushroom.systrace/.MainActivity,startedActivity]
05-27 09:43:07.355  2584  4797 I am_pause_activity: [0,20409518,com.bbk.launcher2/.Launcher]
05-27 09:43:07.359  2584  4797 I sysui_action: [323,com.mushroom.systrace/.MainActivity]
05-27 09:43:07.359  2584  4797 I sysui_action: [324,false]
05-27 09:43:07.359  2584  4797 I sysui_action: [325,172218]
05-27 09:43:07.426  5672  5672 I am_on_paused_called: [0,com.bbk.launcher2.Launcher,handlePauseActivity]
05-27 09:43:07.439  2584  8348 I am_proc_start: [0,7578,2000,com.mushroom.systrace,activity,com.mushroom.systrace/.MainActivity]
05-27 09:43:07.449  2584  7700 I am_proc_bound: [0,7578,com.mushroom.systrace]
05-27 09:43:07.457  2584  7700 I am_restart_activity: [0,145822972,211,com.mushroom.systrace/.MainActivity]
05-27 09:43:07.514  2584  3140 I sysui_action: [321,265]
05-27 09:43:07.514  2584  3140 I sysui_action: [320,1]
05-27 09:43:07.514  2584  3140 I sysui_action: [319,265]
05-27 09:43:07.526  7578  7578 I am_on_resume_called: [0,com.mushroom.systrace.MainActivity,LAUNCH_ACTIVITY]
05-27 09:43:07.564  2584  2584 I notification_enqueue: [2000,7578,com.mushroom.systrace,1,NULL,0,Notification(pri=0 contentView=com.mushroom.systrace/0x7f030001 vibrate=null sound=null tick defaults=0x0 flags=0x20 color=0x00000000 vis=PRIVATE),0]
05-27 09:43:07.571  2584 28971 I notification_autogrouped: 0|com.mushroom.systrace|1|null|2000
05-27 09:43:07.572  2584  2584 I notification_enqueue: [2000,7578,com.mushroom.systrace,2147483647,group_key_override,0,Notification(pri=0 contentView=null vibrate=null sound=null defaults=0x0 flags=0x700 color=0x00000000 groupKey=ranker_bundle vis=PRIVATE),0]
05-27 09:43:07.574  2584 12269 I notification_autogrouped: 0|com.mushroom.systrace|1|null|2000
05-27 09:43:07.782  2584  3140 I sysui_action: [322,533]
05-27 09:43:07.782  2584  3140 I am_activity_launch_time: [0,145822972,com.mushroom.systrace/.MainActivity,354,354]
05-27 09:43:07.799  2584  2873 I am_stop_activity: [0,20409518,com.bbk.launcher2/.Launcher]
05-27 09:43:07.801  5672  5672 I am_on_stop_called: [0,com.bbk.launcher2.Launcher,handleStopActivity]
05-27 09:43:07.835   511   511 I sf_frame_dur: [com.bbk.launcher2/com.bbk.launcher2.Launcher,200,4,3,4,2,0,2]
05-27 09:43:11.145  2584  7701 I am_proc_died: [0,7181,com.android.defcontainer]
05-27 09:43:11.459  2584  2873 I am_proc_start: [0,7618,10035,com.android.bbkmusic,service,com.android.bbkmusic/.service.MusicService]
05-27 09:43:11.521  2584 28969 I am_proc_bound: [0,7618,com.android.bbkmusic]
05-27 09:43:11.612  2584  2872 I am_pss  : [6591,10063,com.iqoo.secure:remote,54511616,52027392,0]
05-27 09:43:11.652  2584  2872 I am_pss  : [8354,10081,com.vivo.safecenter,7777280,7254016,0]
05-27 09:43:11.656  2584  5624 I am_proc_died: [0,2781,tv.danmaku.bili:ijkservice]
05-27 09:43:11.658  2584  5624 I am_low_memory: 68
05-27 09:43:12.427  2584 28974 I am_proc_died: [0,5814,android.process.acore]
05-27 09:43:12.428  2584 28974 I am_schedule_service_restart: [0,com.android.providers.contacts/.smartdialer.BBKDialerInitService,29008]
05-27 09:43:12.430  2584 28974 I am_low_memory: 67
05-27 09:43:12.449   511   511 I sf_frame_dur: [InputMethod,0,1,0,0,0,0,1]
05-27 09:43:13.026  2584  5622 I am_proc_died: [0,7449,com.vivo.doubletimezoneclock]
05-27 09:43:13.026  2584  5622 I am_schedule_service_restart: [0,com.vivo.doubletimezoneclock/.clock.ClockWidgetService,38409]
05-27 09:43:13.027  2584  5622 I am_low_memory: 66
05-27 09:43:17.755  2584  4121 I am_new_intent: [0,258905055,2,com.bbk.launcher2/.Launcher,android.intent.action.MAIN,NULL,NULL,278921216]
05-27 09:43:17.756  2584  4121 I am_focused_stack: [0,0,1,bringingFoundTaskToFront setFocusedActivity]
05-27 09:43:17.756  2584  4121 I wm_task_moved: [2,1,0]
05-27 09:43:17.765  2584  4121 I am_focused_activity: [0,com.bbk.launcher2/.Launcher,bringingFoundTaskToFront]
05-27 09:43:17.812  2584  4121 I am_pause_activity: [0,145822972,com.mushroom.systrace/.MainActivity]
05-27 09:43:17.813  7578  7578 I am_on_paused_called: [0,com.mushroom.systrace.MainActivity,handlePauseActivity]
05-27 09:43:17.816  2584  4121 I am_task_to_front: [0,2]
05-27 09:43:17.824  2584  4121 I sysui_action: [323,com.bbk.launcher2/.Launcher]
05-27 09:43:17.824  2584  4121 I sysui_action: [324,true]
05-27 09:43:17.824  2584  4121 I sysui_action: [325,172229]
05-27 09:43:17.839  2584  5622 I am_resume_activity: [0,20409518,2,com.bbk.launcher2/.Launcher]
05-27 09:43:17.857  2584  2873 I sysui_count: [window_time_0,16]
05-27 09:43:17.861  5672  5672 I am_on_resume_called: [0,com.bbk.launcher2.Launcher,RESUME_ACTIVITY]
05-27 09:43:17.886  2584  2872 I am_pss  : [7578,2000,com.mushroom.systrace,22016000,17174528,0]
05-27 09:43:17.963  2584  3140 I sysui_action: [320,2]
05-27 09:43:17.963  2584  3140 I sysui_action: [319,224]
05-27 09:43:17.973  2584  3140 I sysui_action: [322,234]
05-27 09:43:18.097  2584  2872 I am_pss  : [4809,10064,com.bbk.iqoo.logsystem,22109184,21094400,0]
05-27 09:43:18.189  2584  2873 I am_stop_activity: [0,145822972,com.mushroom.systrace/.MainActivity]
05-27 09:43:18.193  7578  7578 I am_on_stop_called: [0,com.mushroom.systrace.MainActivity,handleStopActivity]
05-27 09:43:18.232   511   511 I sf_frame_dur: [InputMethod,0,2,2,3,4,1,0]
05-27 09:43:18.265   511   511 I sf_frame_dur: [com.mushroom.systrace/com.mushroom.systrace.MainActivity,139,5,3,11,5,5,0]
05-27 09:43:21.456  2584  2873 I am_proc_start: [0,7703,10111,com.chaozh.iReader,service,com.chaozh.iReader/com.zhangyue.iReader.fileDownload.ServiceDownloadNC]
05-27 09:43:21.483  2584 28967 I am_proc_bound: [0,7703,com.chaozh.iReader]
05-27 09:43:21.526  2584  2872 I am_pss  : [7212,10030,com.bbk.appstore,13728768,10776576,0]
05-27 09:43:21.558  2584  2872 I am_pss  : [7389,10114,com.vivo.game,14554112,10846208,0]
05-27 09:43:21.855  2584  5627 I am_proc_died: [0,7133,com.android.providers.calendar]
05-27 09:43:21.858  2584  5627 I am_low_memory: 66
05-27 09:43:21.908  2584  2872 I am_pss  : [5975,10011,android.process.media,30482432,29499392,0]
05-27 09:43:22.123  2584  5626 I am_focused_stack: [0,1,0,bringingFoundTaskToFront setFocusedActivity]
05-27 09:43:22.124  2584  5626 I wm_task_moved: [211,1,19]
05-27 09:43:22.127  2584  5626 I am_focused_activity: [0,com.mushroom.systrace/.MainActivity,bringingFoundTaskToFront]
05-27 09:43:22.127  2584  5626 I am_pause_activity: [0,20409518,com.bbk.launcher2/.Launcher]
05-27 09:43:22.129  2584  5626 I am_task_to_front: [0,211]
05-27 09:43:22.129  2584  5626 I am_new_intent: [0,132586151,211,com.mushroom.systrace/.MainActivity,android.intent.action.MAIN,NULL,NULL,811597824]
05-27 09:43:22.132  2584  5626 I sysui_action: [323,com.mushroom.systrace/.MainActivity]
05-27 09:43:22.132  2584  5626 I sysui_action: [324,true]
05-27 09:43:22.132  2584  5626 I sysui_action: [325,172233]
05-27 09:43:22.136  5672  5672 I am_on_paused_called: [0,com.bbk.launcher2.Launcher,handlePauseActivity]
05-27 09:43:22.148  2584  4780 I am_resume_activity: [0,145822972,211,com.mushroom.systrace/.MainActivity]
05-27 09:43:22.169  2584  2873 I sysui_count: [window_time_0,5]
05-27 09:43:22.169  7578  7578 I am_on_resume_called: [0,com.mushroom.systrace.MainActivity,RESUME_ACTIVITY]
05-27 09:43:22.208  2584  3140 I sysui_action: [320,2]
05-27 09:43:22.208  2584  3140 I sysui_action: [319,87]
05-27 09:43:22.208  2584  3140 I sysui_action: [322,87]
05-27 09:43:22.486  2584  2873 I am_stop_activity: [0,20409518,com.bbk.launcher2/.Launcher]
05-27 09:43:22.489  5672  5672 I am_on_stop_called: [0,com.bbk.launcher2.Launcher,handleStopActivity]
05-27 09:43:22.512   511   511 I sf_frame_dur: [com.bbk.launcher2/com.bbk.launcher2.Launcher,0,0,0,1,0,0,2]
05-27 09:43:22.617  2584  4278 I am_proc_died: [0,7618,com.android.bbkmusic]
05-27 09:43:22.618  2584  4278 I am_schedule_service_restart: [0,com.android.bbkmusic/.service.MusicService,38818]
05-27 09:43:22.619  2584  4278 I am_low_memory: 65
05-27 09:43:27.510   511   511 I sf_frame_dur: [InputMethod,0,1,0,0,1,1,1]
05-27 09:43:28.513  2584  4121 I am_new_intent: [0,61141783,2,com.bbk.launcher2/.Launcher,android.intent.action.MAIN,NULL,NULL,278921216]
05-27 09:43:28.515  2584  4121 I am_focused_stack: [0,0,1,bringingFoundTaskToFront setFocusedActivity]
05-27 09:43:28.515  2584  4121 I wm_task_moved: [2,1,0]
05-27 09:43:28.522  2584  4121 I am_focused_activity: [0,com.bbk.launcher2/.Launcher,bringingFoundTaskToFront]
05-27 09:43:28.557  2584  4121 I am_pause_activity: [0,145822972,com.mushroom.systrace/.MainActivity]
05-27 09:43:28.562  7578  7578 I am_on_paused_called: [0,com.mushroom.systrace.MainActivity,handlePauseActivity]
05-27 09:43:28.566  2584  4121 I am_task_to_front: [0,2]
05-27 09:43:28.575  2584  4121 I sysui_action: [323,com.bbk.launcher2/.Launcher]
05-27 09:43:28.575  2584  4121 I sysui_action: [324,true]
05-27 09:43:28.575  2584  4121 I sysui_action: [325,172239]
05-27 09:43:28.591  2584  5622 I am_resume_activity: [0,20409518,2,com.bbk.launcher2/.Launcher]
05-27 09:43:28.599  2584  2873 I sysui_count: [window_time_0,6]
05-27 09:43:28.621  5672  5672 I am_on_resume_called: [0,com.bbk.launcher2.Launcher,RESUME_ACTIVITY]
05-27 09:43:28.676  2584  3140 I sysui_action: [320,2]
05-27 09:43:28.676  2584  3140 I sysui_action: [319,174]
05-27 09:43:28.689  2584  3140 I sysui_action: [322,187]
05-27 09:43:28.904  2584  2873 I am_stop_activity: [0,145822972,com.mushroom.systrace/.MainActivity]
05-27 09:43:28.907  7578  7578 I am_on_stop_called: [0,com.mushroom.systrace.MainActivity,handleStopActivity]
05-27 09:43:28.981   511   511 I sf_frame_dur: [com.mushroom.systrace/com.mushroom.systrace.MainActivity,81,0,3,7,6,2,0]
05-27 09:43:29.411  2584  4278 I am_create_task: [0,212]
05-27 09:43:29.411  2584  4278 I am_create_activity: [0,126645049,212,com.vivo.upslide/.recents.RecentsActivity,NULL,NULL,NULL,276840448]
05-27 09:43:29.412  2584  4278 I wm_task_created: [212,0]
05-27 09:43:29.412  2584  4278 I wm_task_moved: [212,1,1]
05-27 09:43:29.413  2584  4278 I wm_task_moved: [212,1,1]
05-27 09:43:29.415  2584  4278 I am_focused_activity: [0,com.vivo.upslide/.recents.RecentsActivity,startedActivity]
05-27 09:43:29.416  2584  4278 I am_pause_activity: [0,20409518,com.bbk.launcher2/.Launcher]
05-27 09:43:29.425  2584  4278 I am_restart_activity: [0,126645049,212,com.vivo.upslide/.recents.RecentsActivity]
05-27 09:43:29.431  2584  4278 I sysui_action: [323,com.vivo.upslide/.recents.RecentsActivity]
05-27 09:43:29.431  2584  4278 I sysui_action: [324,true]
05-27 09:43:29.431  2584  4278 I sysui_action: [325,172240]
05-27 09:43:29.432  2584  2873 I am_stop_activity: [0,20409518,com.bbk.launcher2/.Launcher]
05-27 09:43:29.444  5672  5672 I am_on_paused_called: [0,com.bbk.launcher2.Launcher,handlePauseActivity]
05-27 09:43:29.451  5672  5672 I am_on_stop_called: [0,com.bbk.launcher2.Launcher,handleStopActivity]
05-27 09:43:29.546  4764  4764 I am_on_resume_called: [0,com.vivo.upslide.recents.RecentsActivity,LAUNCH_ACTIVITY]
05-27 09:43:29.660  2584  3140 I sysui_action: [320,2]
05-27 09:43:29.660  2584  3140 I sysui_action: [319,260]
05-27 09:43:29.660  2584  3140 I sysui_action: [322,260]
05-27 09:43:29.660  2584  3140 I am_activity_launch_time: [0,126645049,com.vivo.upslide/.recents.RecentsActivity,239,239]
05-27 09:43:30.084   511   511 I sf_frame_dur: [com.bbk.launcher2/com.bbk.launcher2.Launcher,0,1,0,1,0,1,0]
05-27 09:43:30.495  2584  4779 I am_kill : [0,7578,com.mushroom.systrace,700,stop com.mushroom.systrace]
05-27 09:43:30.521  2584  4779 I am_schedule_service_restart: [0,com.mushroom.systrace/.TraceService,40916]
05-27 09:43:30.522  2584  4779 I am_finish_activity: [0,145822972,211,com.mushroom.systrace/.MainActivity,proc died without state saved]
05-27 09:43:30.537  2584  4779 I wm_task_removed: [211,removeAppToken: last token]
05-27 09:43:30.538  2584  4779 I wm_task_removed: [211,removeTask]
05-27 09:43:30.550  2584  2584 I notification_cancel_all: [1000,2584,com.mushroom.systrace,0,0,0,5,NULL]
05-27 09:43:30.555  2584  2584 I notification_canceled: [0|com.mushroom.systrace|1|null|2000,5,22991,22991,0]
05-27 09:43:30.560  2584  2584 I notification_canceled: [0|com.mushroom.systrace|2147483647|group_key_override|2000|ranker_bundle,5,22988,22988,0]
05-27 09:43:30.618  2584  5622 I am_broadcast_discard_app: [0,252495031,android.intent.action.PACKAGE_RESTARTED,4,ResolveInfo{8e9b424 com.suning.mobile.ebuy/com.suning.cloud.push.pushservice.RegistrationReceiver m=0x208000}]
05-27 09:43:31.014  2584  4121 I am_new_intent: [0,148676930,2,com.bbk.launcher2/.Launcher,android.intent.action.MAIN,NULL,NULL,278921216]
05-27 09:43:31.015  2584  4121 I wm_task_moved: [2,1,1]
05-27 09:43:31.023  2584  4121 I am_focused_activity: [0,com.bbk.launcher2/.Launcher,bringingFoundTaskToFront]
05-27 09:43:31.026  2584  4121 I am_pause_activity: [0,126645049,com.vivo.upslide/.recents.RecentsActivity]
05-27 09:43:31.027  4764  4764 I am_on_paused_called: [0,com.vivo.upslide.recents.RecentsActivity,handlePauseActivity]
05-27 09:43:31.031  2584  4121 I am_task_to_front: [0,2]
05-27 09:43:31.040  2584  4121 I sysui_action: [323,com.bbk.launcher2/.Launcher]
05-27 09:43:31.040  2584  4121 I sysui_action: [324,true]
05-27 09:43:31.040  2584  4121 I sysui_action: [325,172242]
05-27 09:43:31.055  2584  5627 I am_resume_activity: [0,20409518,2,com.bbk.launcher2/.Launcher]
05-27 09:43:31.067  2584  2873 I sysui_count: [window_time_0,2]
05-27 09:43:31.073  5672  5672 I am_on_resume_called: [0,com.bbk.launcher2.Launcher,RESUME_ACTIVITY]
05-27 09:43:31.117  2584  3140 I sysui_action: [320,2]
05-27 09:43:31.117  2584  3140 I sysui_action: [319,115]
05-27 09:43:31.117  2584  3140 I sysui_action: [322,115]
05-27 09:43:31.411  2584  2873 I am_stop_activity: [0,126645049,com.vivo.upslide/.recents.RecentsActivity]
05-27 09:43:31.425  4764  4764 I am_on_stop_called: [0,com.vivo.upslide.recents.RecentsActivity,handleStopActivity]
05-27 09:43:31.438   511   511 I sf_frame_dur: [com.vivo.upslide/com.vivo.upslide.recents.RecentsActivity,40,1,0,3,0,0,0]
05-27 09:43:31.446  2584  2873 I am_proc_start: [0,7792,10137,tv.danmaku.bili:download,service,tv.danmaku.bili/com.bilibili.videodownloader.service.VideoDownloadService]
05-27 09:43:31.456  2584 28974 I am_proc_bound: [0,7792,tv.danmaku.bili:download]
05-27 09:43:31.545  2584  2584 I free_storage_changed: 8560738304
05-27 09:43:31.931  2584  9744 I am_proc_start: [0,7822,10137,tv.danmaku.bili,content provider,tv.danmaku.bili/.preferences.multiprocess.DefaultPreferencesProvider]
05-27 09:43:31.943  2584  4778 I am_proc_bound: [0,7822,tv.danmaku.bili]
05-27 09:43:31.955  2584 12269 I am_proc_died: [0,6459,com.android.filemanager]
05-27 09:43:31.960  2584 12269 I am_low_memory: 65
05-27 09:43:37.025  2584  4177 I am_proc_start: [0,7884,1000,com.bbk.facewake,service,com.bbk.facewake/.FaceWakeService]
05-27 09:43:37.053  2584  4278 I am_proc_bound: [0,7884,com.bbk.facewake]
05-27 09:43:37.152  2584  2874 I am_wtf  : [0,2584,system_server,-1,ActivityManager,Sending non-protected broadcast vivo.intent.action.CHECK_ALERT_WINDOW from system 2584:system/1000 pkg android]
05-27 09:43:37.155  2584  2874 I am_wtf  : [0,2584,system_server,-1,ActivityManager,Sending non-protected broadcast vivo.intent.action.CHECK_ALERT_WINDOW from system 2584:system/1000 pkg android]
05-27 09:43:41.455  2584  2873 I am_proc_start: [0,7984,10002,android.process.acore,service,com.android.providers.contacts/.smartdialer.BBKDialerInitService]
05-27 09:43:41.477  2584  4779 I am_proc_bound: [0,7984,android.process.acore]
05-27 09:43:41.557  2584  2872 I am_pss  : [5672,10034,com.bbk.launcher2,91581440,88121344,0]
05-27 09:43:42.154  2584  2872 I am_pss  : [7703,10111,com.chaozh.iReader,14900224,12120064,0]
05-27 09:43:42.908   511   511 I sf_frame_dur: [SurfaceView - ,8,142,0,0,1,0,0]
05-27 09:43:48.710  2584  2874 I am_wtf  : [0,2584,system_server,-1,ActivityManager,Sending non-protected broadcast vivo.intent.action.CHECK_ALERT_WINDOW from system 2584:system/1000 pkg android]
05-27 09:43:48.712  2584  2874 I am_wtf  : [0,2584,system_server,-1,ActivityManager,Sending non-protected broadcast vivo.intent.action.CHECK_ALERT_WINDOW from system 2584:system/1000 pkg android]
05-27 09:43:49.145  2584  4622 I am_proc_died: [0,5848,tv.danmaku.bili:stats]
05-27 09:43:49.147  2584  4622 I am_low_memory: 66
05-27 09:43:51.456  2584  2873 I am_proc_start: [0,8132,10056,com.vivo.doubletimezoneclock,service,com.vivo.doubletimezoneclock/.clock.ClockWidgetService]
05-27 09:43:51.494  2584 28967 I am_proc_bound: [0,8132,com.vivo.doubletimezoneclock]
05-27 09:43:51.565  2584  2872 I am_pss  : [5553,1000,com.vivo.doubleinstance,6210560,5574656,0]
05-27 09:43:51.602  2584  2872 I am_pss  : [7792,10137,tv.danmaku.bili:download,14220288,8278016,0]
05-27 09:43:52.116  2584 28969 I am_proc_died: [0,7389,com.vivo.game]
05-27 09:43:52.118  2584 28969 I am_schedule_service_restart: [0,com.vivo.game/.update.GameReceiverService,19319]
05-27 09:43:52.120  2584 28969 I am_low_memory: 66
05-27 09:43:55.482   511   511 I sf_frame_dur: [SurfaceView - ,7,173,0,0,1,0,0]
05-27 09:43:56.687  2584  4796 I am_proc_died: [0,7822,tv.danmaku.bili]
05-27 09:44:01.316  2584  2874 I am_wtf  : [0,2584,system_server,-1,ActivityManager,Sending non-protected broadcast vivo.intent.action.CHECK_ALERT_WINDOW from system 2584:system/1000 pkg android]
05-27 09:44:01.318  2584  2874 I am_wtf  : [0,2584,system_server,-1,ActivityManager,Sending non-protected broadcast vivo.intent.action.CHECK_ALERT_WINDOW from system 2584:system/1000 pkg android]
05-27 09:44:01.449  2584  2873 I am_proc_start: [0,8225,10035,com.android.bbkmusic,service,com.android.bbkmusic/.service.MusicService]
05-27 09:44:01.466  2584  5626 I am_proc_bound: [0,8225,com.android.bbkmusic]
05-27 09:44:01.746  2584  2872 I am_pss  : [7984,10002,android.process.acore,13635584,10649600,0]
05-27 09:44:02.243  2584  4780 I am_proc_died: [0,7212,com.bbk.appstore]
05-27 09:44:02.245  2584  4780 I am_low_memory: 65
05-27 09:44:03.407   511   511 I sf_frame_dur: [SurfaceView - ,1,40,0,0,1,0,0]
05-27 09:44:09.254  2584  2874 I am_wtf  : [0,2584,system_server,-1,ActivityManager,Sending non-protected broadcast vivo.intent.action.CHECK_ALERT_WINDOW from system 2584:system/1000 pkg android]
05-27 09:44:09.256  2584  2874 I am_wtf  : [0,2584,system_server,-1,ActivityManager,Sending non-protected broadcast vivo.intent.action.CHECK_ALERT_WINDOW from system 2584:system/1000 pkg android]
05-27 09:44:09.310  2584  2872 I am_pss  : [5609,10071,com.oma.drm.server,5442560,4902912,0]
05-27 09:44:09.367  2584  2872 I am_pss  : [5588,10017,com.baidu.map.location,13507584,12083200,0]
05-27 09:44:09.404  2584  2872 I am_pss  : [5582,1001,com.qualcomm.qti.loadcarrier,4980736,4435968,0]
05-27 09:44:09.437  2584  2872 I am_pss  : [5568,1000,com.alps.lcn,8143872,7340032,0]
05-27 09:44:09.462  2584  2872 I am_pss  : [5479,1000,com.vivo.abe,21210112,20275200,0]
05-27 09:44:09.485  2584  2872 I am_pss  : [4782,1001,com.android.phone,33847296,32276480,0]
05-27 09:44:09.508  2584  2872 I am_pss  : [4764,1000,com.vivo.upslide,111533056,104108032,0]
05-27 09:44:09.522  2584  2872 I am_pss  : [4748,1000,com.android.server.telecom,8600576,7954432,0]
05-27 09:44:09.538  2584  2872 I am_pss  : [4736,1000,.dataservices,10169344,9551872,0]
05-27 09:44:09.560  2584  2872 I am_pss  : [4607,1000,com.vivo.daemonService,50104320,48717824,0]
05-27 09:44:09.590  2584  2872 I am_pss  : [4277,10024,com.android.systemui,107126784,102830080,0]
05-27 09:44:09.645  2584  2872 I am_pss  : [2584,1000,system,143694848,135098368,0]
05-27 09:44:14.151  2584  2872 I am_pss  : [8132,10056,com.vivo.doubletimezoneclock,10039296,7667712,0]
05-27 09:44:14.293   511   511 I sf_frame_dur: [SurfaceView - ,5,124,0,0,1,0,0]
05-27 09:44:16.165  2584  4127 I netstats_mobile_sample: [37193395,36491,3781538,33830,37191183,36436,3585731,33850,37191183,36436,3692307,35370,1495849455403]
05-27 09:44:16.166  2584  4127 I netstats_wifi_sample: [12894139724,9642253,335662721,4582692,12879077439,9147223,272198868,4577754,12868598440,9080201,279676285,4612588,1495849455403]
05-27 09:44:19.584  2584  4622 I am_create_task: [0,213]
05-27 09:44:19.584  2584  4622 I am_create_activity: [0,264231070,213,com.mushroom.systrace/.MainActivity,android.intent.action.MAIN,NULL,NULL,807403520]
05-27 09:44:19.585  2584  4622 I wm_task_created: [213,1]
05-27 09:44:19.586  2584  4622 I wm_task_moved: [213,1,19]
05-27 09:44:19.586  2584  4622 I am_focused_stack: [0,1,0,startedActivity setFocusedActivity]
05-27 09:44:19.587  2584  4622 I wm_task_moved: [213,1,19]
05-27 09:44:19.593  2584  4622 I am_focused_activity: [0,com.mushroom.systrace/.MainActivity,startedActivity]
05-27 09:44:19.594  2584  4622 I am_pause_activity: [0,20409518,com.bbk.launcher2/.Launcher]
05-27 09:44:19.598  2584  4622 I sysui_action: [323,com.mushroom.systrace/.MainActivity]
05-27 09:44:19.598  2584  4622 I sysui_action: [324,false]
05-27 09:44:19.598  2584  4622 I sysui_action: [325,172290]
05-27 09:44:19.598  2584  7700 I am_proc_died: [0,7884,com.bbk.facewake]
05-27 09:44:19.601  5672  5672 I am_on_paused_called: [0,com.bbk.launcher2.Launcher,handlePauseActivity]
05-27 09:44:19.614  2584  4796 I am_proc_start: [0,8451,2000,com.mushroom.systrace,activity,com.mushroom.systrace/.MainActivity]
05-27 09:44:19.637  2584  4797 I am_proc_bound: [0,8451,com.mushroom.systrace]
05-27 09:44:19.644  2584  4797 I am_restart_activity: [0,264231070,213,com.mushroom.systrace/.MainActivity]
05-27 09:44:19.673  2584  3140 I sysui_action: [321,96]
05-27 09:44:19.673  2584  3140 I sysui_action: [320,1]
05-27 09:44:19.673  2584  3140 I sysui_action: [319,96]
05-27 09:44:19.706  2584  2872 I am_pss  : [19915,10129,com.tencent.mobileqq,255106048,251658240,0]
05-27 09:44:19.711  8451  8451 I am_on_resume_called: [0,com.mushroom.systrace.MainActivity,LAUNCH_ACTIVITY]
05-27 09:44:19.727  2584  2872 I am_pss  : [32543,10129,com.tencent.mobileqq:MSF,26316800,24801280,0]
05-27 09:44:19.733  2584  2584 I notification_enqueue: [2000,8451,com.mushroom.systrace,1,NULL,0,Notification(pri=0 contentView=com.mushroom.systrace/0x7f030001 vibrate=null sound=null tick defaults=0x0 flags=0x20 color=0x00000000 vis=PRIVATE),0]
05-27 09:44:19.737  2584  4622 I notification_autogrouped: 0|com.mushroom.systrace|1|null|2000
05-27 09:44:19.738  2584  2584 I notification_enqueue: [2000,8451,com.mushroom.systrace,2147483647,group_key_override,0,Notification(pri=0 contentView=null vibrate=null sound=null defaults=0x0 flags=0x700 color=0x00000000 groupKey=ranker_bundle vis=PRIVATE),0]
05-27 09:44:19.739  2584  4780 I notification_autogrouped: 0|com.mushroom.systrace|1|null|2000
05-27 09:44:19.746  2584  2872 I am_pss  : [12275,10129,com.tencent.mobileqq:TMAssistantDownloadSDKService,18066432,17174528,0]
05-27 09:44:19.792  2584  3140 I sysui_action: [322,215]
05-27 09:44:19.792  2584  3140 I am_activity_launch_time: [0,264231070,com.mushroom.systrace/.MainActivity,189,189]
05-27 09:44:19.935  2584  2873 I am_stop_activity: [0,20409518,com.bbk.launcher2/.Launcher]
05-27 09:44:19.938  5672  5672 I am_on_stop_called: [0,com.bbk.launcher2.Launcher,handleStopActivity]
05-27 09:44:19.961   511   511 I sf_frame_dur: [com.bbk.launcher2/com.bbk.launcher2.Launcher,38,1,1,1,0,0,3]
05-27 09:44:21.691  2584  2872 I am_pss  : [8225,10035,com.android.bbkmusic,15000576,11575296,0]
05-27 09:44:25.150  2584  4177 I am_proc_start: [0,8492,1000,com.bbk.facewake,service,com.bbk.facewake/.FaceWakeService]
05-27 09:44:25.178  2584 28971 I am_proc_bound: [0,8492,com.bbk.facewake]
05-27 09:44:25.218  2584  2872 I am_pss  : [7462,10045,com.vivo.weather.provider,10895360,9191424,0]
05-27 09:44:25.244  2584  2874 I am_wtf  : [0,2584,system_server,-1,ActivityManager,Sending non-protected broadcast vivo.intent.action.CHECK_ALERT_WINDOW from system 2584:system/1000 pkg android]
05-27 09:44:25.246  2584  2874 I am_wtf  : [0,2584,system_server,-1,ActivityManager,Sending non-protected broadcast vivo.intent.action.CHECK_ALERT_WINDOW from system 2584:system/1000 pkg android]
05-27 09:44:27.059  2584  4276 I am_finish_activity: [0,264231070,213,com.mushroom.systrace/.MainActivity,app-request]
05-27 09:44:27.062  2584  4276 I am_focused_stack: [0,0,1,finishActivity adjustFocus setFocusedActivity]
05-27 09:44:27.063  2584  4276 I wm_task_moved: [2,1,1]
05-27 09:44:27.075  2584  4276 I am_focused_activity: [0,com.bbk.launcher2/.Launcher,finishActivity adjustFocus]
05-27 09:44:27.120  2584  4276 I am_pause_activity: [0,264231070,com.mushroom.systrace/.MainActivity]
05-27 09:44:27.154  8451  8451 I am_on_paused_called: [0,com.mushroom.systrace.MainActivity,handlePauseActivity]
05-27 09:44:27.175  2584  4796 I am_resume_activity: [0,20409518,2,com.bbk.launcher2/.Launcher]
05-27 09:44:27.183  2584  2873 I sysui_count: [window_time_0,57]
05-27 09:44:27.193  5672  5672 I am_on_resume_called: [0,com.bbk.launcher2.Launcher,RESUME_ACTIVITY]
05-27 09:44:27.494  2584  2873 I am_destroy_activity: [0,264231070,213,com.mushroom.systrace/.MainActivity,finish-imm]
05-27 09:44:27.497  8451  8451 I am_on_stop_called: [0,com.mushroom.systrace.MainActivity,destroy]
05-27 09:44:27.554  2584  3140 I wm_task_removed: [213,removeAppToken: last token]
05-27 09:44:27.554  2584  3140 I wm_task_removed: [213,removeTask]
05-27 09:44:27.569   511   511 I sf_frame_dur: [com.mushroom.systrace/com.mushroom.systrace.MainActivity,32,1,4,3,6,5,0]
05-27 09:44:28.340  2584  5627 I am_create_task: [0,214]
05-27 09:44:28.340  2584  5627 I am_create_activity: [0,238734910,214,com.mushroom.systrace/.MainActivity,android.intent.action.MAIN,NULL,NULL,807403520]
05-27 09:44:28.341  2584  5627 I wm_task_created: [214,1]
05-27 09:44:28.341  2584  5627 I wm_task_moved: [214,1,19]
05-27 09:44:28.342  2584  5627 I am_focused_stack: [0,1,0,startedActivity setFocusedActivity]
05-27 09:44:28.345  2584  5627 I wm_task_moved: [214,1,19]
05-27 09:44:28.350  2584  5627 I am_focused_activity: [0,com.mushroom.systrace/.MainActivity,startedActivity]
05-27 09:44:28.350  2584  5627 I am_pause_activity: [0,20409518,com.bbk.launcher2/.Launcher]
05-27 09:44:28.354  2584  5627 I sysui_action: [323,com.mushroom.systrace/.MainActivity]
05-27 09:44:28.354  2584  5627 I sysui_action: [324,true]
05-27 09:44:28.354  2584  5627 I sysui_action: [325,172299]
05-27 09:44:28.357  5672  5672 I am_on_paused_called: [0,com.bbk.launcher2.Launcher,handlePauseActivity]
05-27 09:44:28.365  2584  4389 I am_restart_activity: [0,238734910,214,com.mushroom.systrace/.MainActivity]
05-27 09:44:28.372  2584  2873 I sysui_count: [window_time_0,1]
05-27 09:44:28.383  8451  8451 I am_on_resume_called: [0,com.mushroom.systrace.MainActivity,LAUNCH_ACTIVITY]
05-27 09:44:28.419  2584  3140 I sysui_action: [321,88]
05-27 09:44:28.419  2584  3140 I sysui_action: [320,1]
05-27 09:44:28.419  2584  3140 I sysui_action: [319,88]
05-27 09:44:28.449  2584  3140 I sysui_action: [322,118]
05-27 09:44:28.449  2584  3140 I am_activity_launch_time: [0,238734910,com.mushroom.systrace/.MainActivity,91,91]
05-27 09:44:28.694  2584  2873 I am_stop_activity: [0,20409518,com.bbk.launcher2/.Launcher]
05-27 09:44:28.697  5672  5672 I am_on_stop_called: [0,com.bbk.launcher2.Launcher,handleStopActivity]
05-27 09:44:28.721   511   511 I sf_frame_dur: [com.bbk.launcher2/com.bbk.launcher2.Launcher,1,0,0,1,1,1,0]
05-27 09:44:31.546  2584  2584 I free_storage_changed: 8554119168
05-27 09:44:34.298  2584  2874 I am_wtf  : [0,2584,system_server,-1,ActivityManager,Sending non-protected broadcast vivo.intent.action.CHECK_ALERT_WINDOW from system 2584:system/1000 pkg android]
05-27 09:44:34.300  2584  2874 I am_wtf  : [0,2584,system_server,-1,ActivityManager,Sending non-protected broadcast vivo.intent.action.CHECK_ALERT_WINDOW from system 2584:system/1000 pkg android]
05-27 09:44:39.322  2584  2872 I am_pss  : [8451,2000,com.mushroom.systrace,16621568,11866112,0]
05-27 09:44:39.452   511   511 I sf_frame_dur: [SurfaceView - ,14,117,1,0,1,0,0]
05-27 09:44:39.604  4277  4277 I sysui_count: [panel_open,1]
05-27 09:44:39.664  4277  4277 I sysui_histogram: [note_load,8]
05-27 09:44:39.665  2584  9744 I notification_panel_revealed: 8
05-27 09:44:40.329  2584  2712 I notification_visibility: [0|com.android.bbklog|1|null|1000,1,59054733,59054733,0,7]
05-27 09:44:40.329  2584  2712 I notification_visibility: [0|com.mushroom.systrace|2147483647|group_key_override|2000|ranker_bundle,1,20592,20592,0,4]
05-27 09:44:40.329  2584  2712 I notification_visibility: [0|android|2147483647|group_key_override|1000|ranker_bundle,1,810362,810362,0,1]
05-27 09:44:40.329  2584  2712 I notification_visibility: [0|com.android.bbklog|2147483647|group_key_override|1000|ranker_bundle,1,59054706,59054706,0,6]
05-27 09:44:40.329  2584  2712 I notification_visibility: [0|android|110110|null|1000,1,810376,810376,0,3]
05-27 09:44:40.329  2584  2712 I notification_visibility: [0|android|10011|null|1000,1,810373,810373,0,2]
05-27 09:44:40.329  2584  2712 I notification_visibility: [0|com.mushroom.systrace|1|null|2000,1,20596,20596,0,5]
05-27 09:44:41.741  2584  5627 I notification_visibility: [0|com.android.bbklog|1|null|1000,0,59056145,59056145,0,7]
05-27 09:44:41.742  2584  5627 I notification_visibility: [0|com.mushroom.systrace|2147483647|group_key_override|2000|ranker_bundle,0,22004,22004,0,4]
05-27 09:44:41.742  2584  5627 I notification_visibility: [0|android|2147483647|group_key_override|1000|ranker_bundle,0,811775,811775,0,1]
05-27 09:44:41.742  2584  5627 I notification_visibility: [0|com.android.bbklog|2147483647|group_key_override|1000|ranker_bundle,0,59056119,59056119,0,6]
05-27 09:44:41.742  2584  5627 I notification_visibility: [0|android|110110|null|1000,0,811789,811789,0,3]
05-27 09:44:41.742  2584  5627 I notification_visibility: [0|android|10011|null|1000,0,811786,811786,0,2]
05-27 09:44:41.742  2584  5627 I notification_visibility: [0|com.mushroom.systrace|1|null|2000,0,22009,22009,0,5]
05-27 09:44:41.743  2584  4621 I notification_panel_hidden: []
05-27 09:44:42.259  2584  7700 I am_finish_activity: [0,238734910,214,com.mushroom.systrace/.MainActivity,app-request]
05-27 09:44:42.262  2584  7700 I am_focused_stack: [0,0,1,finishActivity adjustFocus setFocusedActivity]
05-27 09:44:42.263  2584  7700 I wm_task_moved: [2,1,1]
05-27 09:44:42.275  2584  7700 I am_focused_activity: [0,com.bbk.launcher2/.Launcher,finishActivity adjustFocus]
05-27 09:44:42.336  2584  7700 I am_pause_activity: [0,238734910,com.mushroom.systrace/.MainActivity]
05-27 09:44:42.339  8451  8451 I am_on_paused_called: [0,com.mushroom.systrace.MainActivity,handlePauseActivity]
05-27 09:44:42.356  2584  7701 I am_resume_activity: [0,20409518,2,com.bbk.launcher2/.Launcher]
05-27 09:44:42.374  5672  5672 I am_on_resume_called: [0,com.bbk.launcher2.Launcher,RESUME_ACTIVITY]
05-27 09:44:42.702  2584  2873 I am_destroy_activity: [0,238734910,214,com.mushroom.systrace/.MainActivity,finish-imm]
05-27 09:44:42.705  8451  8451 I am_on_stop_called: [0,com.mushroom.systrace.MainActivity,destroy]
05-27 09:44:42.764  2584  3140 I wm_task_removed: [214,removeAppToken: last token]
05-27 09:44:42.764  2584  3140 I wm_task_removed: [214,removeTask]
05-27 09:44:42.780   511   511 I sf_frame_dur: [com.mushroom.systrace/com.mushroom.systrace.MainActivity,0,0,0,2,18,5,1]
05-27 09:44:43.355  4277  4277 I sysui_count: [panel_open,1]
05-27 09:44:43.415  4277  4277 I sysui_histogram: [note_load,8]
05-27 09:44:43.415  2584 28968 I notification_panel_revealed: 8
05-27 09:44:44.009  2584 28971 I notification_visibility: [0|com.android.bbklog|1|null|1000,1,59058413,59058413,0,7]
05-27 09:44:44.009  2584 28971 I notification_visibility: [0|com.mushroom.systrace|2147483647|group_key_override|2000|ranker_bundle,1,24272,24272,0,4]
05-27 09:44:44.009  2584 28971 I notification_visibility: [0|android|2147483647|group_key_override|1000|ranker_bundle,1,814042,814042,0,1]
05-27 09:44:44.009  2584 28971 I notification_visibility: [0|com.android.bbklog|2147483647|group_key_override|1000|ranker_bundle,1,59058386,59058386,0,6]
05-27 09:44:44.010  2584 28971 I notification_visibility: [0|android|110110|null|1000,1,814056,814056,0,3]
05-27 09:44:44.010  2584 28971 I notification_visibility: [0|android|10011|null|1000,1,814054,814054,0,2]
05-27 09:44:44.010  2584 28971 I notification_visibility: [0|com.mushroom.systrace|1|null|2000,1,24277,24277,0,5]
05-27 09:44:44.657  2584  4778 I notification_action_clicked: [0|com.mushroom.systrace|1|null|2000,-1,24924,24924,647]
05-27 09:44:45.376   510   510 I auditd  : avc:  denied  { find } for service=netd pid=8756 uid=2000 scontext=u:r:shell:s0 tcontext=u:object_r:netd_service:s0 tclass=service_manager permissive=1
05-27 09:44:45.467   510   510 I auditd  : avc:  denied  { find } for service=android.service.gatekeeper.IGateKeeperService pid=8756 uid=2000 scontext=u:r:shell:s0 tcontext=u:object_r:gatekeeper_service:s0 tclass=service_manager permissive=1
05-27 09:44:46.884  2584 28968 I notification_visibility: [0|com.android.bbklog|1|null|1000,0,59061288,59061288,0,7]
05-27 09:44:46.884  2584 28968 I notification_visibility: [0|com.mushroom.systrace|2147483647|group_key_override|2000|ranker_bundle,0,27147,27147,0,4]
05-27 09:44:46.884  2584 28968 I notification_visibility: [0|android|2147483647|group_key_override|1000|ranker_bundle,0,816917,816917,0,1]
05-27 09:44:46.884  2584 28968 I notification_visibility: [0|com.android.bbklog|2147483647|group_key_override|1000|ranker_bundle,0,59061261,59061261,0,6]
05-27 09:44:46.884  2584 28968 I notification_visibility: [0|android|110110|null|1000,0,816931,816931,0,3]
05-27 09:44:46.884  2584 28968 I notification_visibility: [0|android|10011|null|1000,0,816928,816928,0,2]
05-27 09:44:46.884  2584 28968 I notification_visibility: [0|com.mushroom.systrace|1|null|2000,0,27151,27151,0,5]
05-27 09:44:46.885  2584  4780 I notification_panel_hidden: []
05-27 09:44:47.319  2584 28975 I am_create_task: [0,215]
05-27 09:44:47.319  2584 28975 I am_create_activity: [0,10332673,215,com.mushroom.systrace/.MainActivity,android.intent.action.MAIN,NULL,NULL,807403520]
05-27 09:44:47.320  2584 28975 I wm_task_created: [215,1]
05-27 09:44:47.321  2584 28975 I wm_task_moved: [215,1,19]
05-27 09:44:47.324  2584 28975 I am_focused_stack: [0,1,0,startedActivity setFocusedActivity]
05-27 09:44:47.324  2584 28975 I wm_task_moved: [215,1,19]
05-27 09:44:47.327  2584 28975 I am_focused_activity: [0,com.mushroom.systrace/.MainActivity,startedActivity]
05-27 09:44:47.327  2584 28975 I am_pause_activity: [0,20409518,com.bbk.launcher2/.Launcher]
05-27 09:44:47.364  2584 28975 I sysui_action: [323,com.mushroom.systrace/.MainActivity]
05-27 09:44:47.364  2584 28975 I sysui_action: [324,true]
05-27 09:44:47.364  2584 28975 I sysui_action: [325,172318]
05-27 09:44:47.366  5672  5672 I am_on_paused_called: [0,com.bbk.launcher2.Launcher,handlePauseActivity]
05-27 09:44:47.374  2584 28969 I am_restart_activity: [0,10332673,215,com.mushroom.systrace/.MainActivity]
05-27 09:44:47.383  2584  2873 I sysui_count: [window_time_0,19]
05-27 09:44:47.402  2584  3140 I sysui_action: [321,91]
05-27 09:44:47.402  2584  3140 I sysui_action: [320,1]
05-27 09:44:47.402  2584  3140 I sysui_action: [319,91]
05-27 09:44:47.405  8451  8451 I am_on_resume_called: [0,com.mushroom.systrace.MainActivity,LAUNCH_ACTIVITY]
05-27 09:44:47.456  2584  3140 I sysui_action: [322,145]
05-27 09:44:47.456  2584  3140 I am_activity_launch_time: [0,10332673,com.mushroom.systrace/.MainActivity,89,89]
05-27 09:44:47.662  2584  2873 I am_stop_activity: [0,20409518,com.bbk.launcher2/.Launcher]
05-27 09:44:47.665  5672  5672 I am_on_stop_called: [0,com.bbk.launcher2.Launcher,handleStopActivity]
05-27 09:44:47.694   511   511 I sf_frame_dur: [com.bbk.launcher2/com.bbk.launcher2.Launcher,0,0,1,1,1,1,1]
05-27 09:44:49.733  2584  4121 I am_new_intent: [0,252552038,2,com.bbk.launcher2/.Launcher,android.intent.action.MAIN,NULL,NULL,278921216]
05-27 09:44:49.734  2584  4121 I am_focused_stack: [0,0,1,bringingFoundTaskToFront setFocusedActivity]
05-27 09:44:49.734  2584  4121 I wm_task_moved: [2,1,1]
05-27 09:44:49.743  2584  4121 I am_focused_activity: [0,com.bbk.launcher2/.Launcher,bringingFoundTaskToFront]
05-27 09:44:49.778  2584  4121 I am_pause_activity: [0,10332673,com.mushroom.systrace/.MainActivity]
05-27 09:44:49.787  8451  8451 I am_on_paused_called: [0,com.mushroom.systrace.MainActivity,handlePauseActivity]
05-27 09:44:49.792  2584  4121 I am_task_to_front: [0,2]
05-27 09:44:49.802  2584  4121 I sysui_action: [323,com.bbk.launcher2/.Launcher]
05-27 09:44:49.803  2584  4121 I sysui_action: [324,true]
05-27 09:44:49.803  2584  4121 I sysui_action: [325,172321]
05-27 09:44:49.821  2584  7701 I am_resume_activity: [0,20409518,2,com.bbk.launcher2/.Launcher]
05-27 09:44:49.849  2584  2873 I sysui_count: [window_time_0,2]
05-27 09:44:49.858  5672  5672 I am_on_resume_called: [0,com.bbk.launcher2.Launcher,RESUME_ACTIVITY]
05-27 09:44:49.936  2584  3140 I sysui_action: [320,2]
05-27 09:44:49.936  2584  3140 I sysui_action: [319,217]
05-27 09:44:49.941  2584  3140 I sysui_action: [322,222]
05-27 09:44:50.180  2584  2873 I am_stop_activity: [0,10332673,com.mushroom.systrace/.MainActivity]
05-27 09:44:50.183  8451  8451 I am_on_stop_called: [0,com.mushroom.systrace.MainActivity,handleStopActivity]
05-27 09:44:50.252   511   511 I sf_frame_dur: [com.mushroom.systrace/com.mushroom.systrace.MainActivity,0,0,0,0,3,2,0]
05-27 09:44:51.150  2584  4621 I am_focused_stack: [0,1,0,bringingFoundTaskToFront setFocusedActivity]
05-27 09:44:51.150  2584  4621 I wm_task_moved: [215,1,19]
05-27 09:44:51.153  2584  4621 I am_focused_activity: [0,com.mushroom.systrace/.MainActivity,bringingFoundTaskToFront]
05-27 09:44:51.154  2584  4621 I am_pause_activity: [0,20409518,com.bbk.launcher2/.Launcher]
05-27 09:44:51.156  2584  4621 I am_task_to_front: [0,215]
05-27 09:44:51.156  2584  4621 I am_new_intent: [0,196973785,215,com.mushroom.systrace/.MainActivity,android.intent.action.MAIN,NULL,NULL,811597824]
05-27 09:44:51.160  2584  4621 I sysui_action: [323,com.mushroom.systrace/.MainActivity]
05-27 09:44:51.160  2584  4621 I sysui_action: [324,true]
05-27 09:44:51.160  2584  4621 I sysui_action: [325,172322]
05-27 09:44:51.165  5672  5672 I am_on_paused_called: [0,com.bbk.launcher2.Launcher,handlePauseActivity]
05-27 09:44:51.183  2584 28967 I am_resume_activity: [0,10332673,215,com.mushroom.systrace/.MainActivity]
05-27 09:44:51.193  2584  2873 I sysui_count: [window_time_0,2]
05-27 09:44:51.195  8451  8451 I am_on_resume_called: [0,com.mushroom.systrace.MainActivity,RESUME_ACTIVITY]
05-27 09:44:51.241  2584  3140 I sysui_action: [320,2]
05-27 09:44:51.241  2584  3140 I sysui_action: [319,97]
05-27 09:44:51.241  2584  3140 I sysui_action: [322,97]
05-27 09:44:51.514  2584  2873 I am_stop_activity: [0,20409518,com.bbk.launcher2/.Launcher]
05-27 09:44:51.518  5672  5672 I am_on_stop_called: [0,com.bbk.launcher2.Launcher,handleStopActivity]
05-27 09:44:51.540   511   511 I sf_frame_dur: [com.bbk.launcher2/com.bbk.launcher2.Launcher,0,1,0,2,0,1,0]
05-27 09:44:53.362   511   511 I sf_frame_dur: [InputMethod,0,0,0,0,0,1,0]
05-27 09:44:54.236  2584 28975 I am_proc_died: [0,8492,com.bbk.facewake]
05-27 09:44:54.238  2584 28975 I am_low_memory: 65
05-27 09:44:54.848  2584  4121 I am_new_intent: [0,204496606,2,com.bbk.launcher2/.Launcher,android.intent.action.MAIN,NULL,NULL,278921216]
05-27 09:44:54.849  2584  4121 I am_focused_stack: [0,0,1,bringingFoundTaskToFront setFocusedActivity]
05-27 09:44:54.849  2584  4121 I wm_task_moved: [2,1,1]
05-27 09:44:54.859  2584  4121 I am_focused_activity: [0,com.bbk.launcher2/.Launcher,bringingFoundTaskToFront]
05-27 09:44:54.901  2584  4121 I am_pause_activity: [0,10332673,com.mushroom.systrace/.MainActivity]
05-27 09:44:54.903  8451  8451 I am_on_paused_called: [0,com.mushroom.systrace.MainActivity,handlePauseActivity]
05-27 09:44:54.907  2584  4121 I am_task_to_front: [0,2]
05-27 09:44:54.913  2584  4121 I sysui_action: [323,com.bbk.launcher2/.Launcher]
05-27 09:44:54.913  2584  4121 I sysui_action: [324,true]
05-27 09:44:54.913  2584  4121 I sysui_action: [325,172326]
05-27 09:44:54.927  2584  4278 I am_resume_activity: [0,20409518,2,com.bbk.launcher2/.Launcher]
05-27 09:44:54.934  2584  2873 I sysui_count: [window_time_0,3]
05-27 09:44:54.951  5672  5672 I am_on_resume_called: [0,com.bbk.launcher2.Launcher,RESUME_ACTIVITY]
05-27 09:44:55.042  2584  3140 I sysui_action: [320,2]
05-27 09:44:55.042  2584  3140 I sysui_action: [319,206]
05-27 09:44:55.042  2584  3140 I sysui_action: [322,206]
05-27 09:44:55.275  2584  2873 I am_stop_activity: [0,10332673,com.mushroom.systrace/.MainActivity]
05-27 09:44:55.277  8451  8451 I am_on_stop_called: [0,com.mushroom.systrace.MainActivity,handleStopActivity]
05-27 09:44:55.330  4277  4277 I sysui_count: [panel_open,1]
05-27 09:44:55.351   511   511 I sf_frame_dur: [com.mushroom.systrace/com.mushroom.systrace.MainActivity,46,4,7,4,2,1,0]
05-27 09:44:55.355  4277  4277 I sysui_histogram: [note_load,8]
05-27 09:44:55.356  2584 28969 I notification_panel_revealed: 8
05-27 09:44:55.879  2584  4621 I notification_visibility: [0|com.android.bbklog|1|null|1000,1,59070283,59070283,0,7]
05-27 09:44:55.879  2584  4621 I notification_visibility: [0|com.mushroom.systrace|2147483647|group_key_override|2000|ranker_bundle,1,36142,36142,0,4]
05-27 09:44:55.879  2584  4621 I notification_visibility: [0|android|2147483647|group_key_override|1000|ranker_bundle,1,825912,825912,0,1]
05-27 09:44:55.879  2584  4621 I notification_visibility: [0|com.android.bbklog|2147483647|group_key_override|1000|ranker_bundle,1,59070256,59070256,0,6]
05-27 09:44:55.879  2584  4621 I notification_visibility: [0|android|110110|null|1000,1,825926,825926,0,3]
05-27 09:44:55.879  2584  4621 I notification_visibility: [0|android|10011|null|1000,1,825923,825923,0,2]
05-27 09:44:55.879  2584  4621 I notification_visibility: [0|com.mushroom.systrace|1|null|2000,1,36146,36146,0,5]
05-27 09:44:57.444  2584  4780 I notification_visibility: [0|com.android.bbklog|1|null|1000,0,59071848,59071848,0,7]
05-27 09:44:57.445  2584  4780 I notification_visibility: [0|com.mushroom.systrace|2147483647|group_key_override|2000|ranker_bundle,0,37708,37708,0,4]
05-27 09:44:57.445  2584  4780 I notification_visibility: [0|android|2147483647|group_key_override|1000|ranker_bundle,0,827478,827478,0,1]
05-27 09:44:57.445  2584  4780 I notification_visibility: [0|com.android.bbklog|2147483647|group_key_override|1000|ranker_bundle,0,59071822,59071822,0,6]
05-27 09:44:57.445  2584  4780 I notification_visibility: [0|android|110110|null|1000,0,827492,827492,0,3]
05-27 09:44:57.445  2584  4780 I notification_visibility: [0|android|10011|null|1000,0,827489,827489,0,2]
05-27 09:44:57.445  2584  4780 I notification_visibility: [0|com.mushroom.systrace|1|null|2000,0,37712,37712,0,5]
05-27 09:44:57.446  2584  4796 I notification_panel_hidden: []
05-27 09:45:01.378  2584  4121 I am_new_intent: [0,88439117,2,com.bbk.launcher2/.Launcher,android.intent.action.MAIN,NULL,NULL,278921216]
05-27 09:45:01.380  2584  4121 I wm_task_moved: [2,1,1]
05-27 09:45:01.395  2584  4121 I sysui_action: [323,com.bbk.launcher2/.Launcher]
05-27 09:45:01.395  2584  4121 I sysui_action: [324,true]
05-27 09:45:01.395  2584  4121 I sysui_action: [325,172332]
05-27 09:45:01.690  2584  4121 I am_new_intent: [0,189642876,2,com.bbk.launcher2/.Launcher,android.intent.action.MAIN,NULL,NULL,278921216]
05-27 09:45:01.691  2584  4121 I wm_task_moved: [2,1,1]
05-27 09:45:01.700  2584  4121 I sysui_action: [323,com.bbk.launcher2/.Launcher]
05-27 09:45:01.700  2584  4121 I sysui_action: [324,true]
05-27 09:45:01.700  2584  4121 I sysui_action: [325,172333]
05-27 09:45:02.836  2584  2714 I am_focused_stack: [0,1,0,bringingFoundTaskToFront setFocusedActivity]
05-27 09:45:02.836  2584  2714 I wm_task_moved: [123,1,19]
05-27 09:45:02.839  2584  2714 I am_focused_activity: [0,com.android.filemanager/.FileManagerListActivity,bringingFoundTaskToFront]
05-27 09:45:02.840  2584  2714 I am_pause_activity: [0,20409518,com.bbk.launcher2/.Launcher]
05-27 09:45:02.842  2584  2714 I am_task_to_front: [0,123]
05-27 09:45:02.845  2584  2714 I sysui_action: [323,com.android.filemanager/.FileManagerListActivity]
05-27 09:45:02.845  2584  2714 I sysui_action: [324,false]
