05-26 14:05:19.898 20911 20911 I am_on_stop_called: [0,com.tencent.mm.plugin.sns.ui.En_424b8e16,destroy]
05-26 14:05:20.016   513   513 I sf_frame_dur: [com.tencent.mm/com.tencent.mm.plugin.sns.ui.En_424b8e16,175,5,2,1,0,0,0]
05-26 14:05:20.284  2923  4688 I wm_task_moved: [258,0,0]
05-26 14:05:20.289  2923  4688 I am_focused_stack: [0,0,1,moveTaskToBackAndShowHome resumeHomeStackTask setFocusedActivity]
05-26 14:05:20.290  2923  4688 I wm_task_moved: [2,1,1]
05-26 14:05:20.295  2923  4688 I am_focused_activity: [0,com.bbk.launcher2/.Launcher,moveTaskToBackAndShowHome resumeHomeStackTask]
05-26 14:05:20.367  2923  4688 I am_pause_activity: [0,142576045,com.tencent.mm/.ui.LauncherUI]
05-26 14:05:20.414 20911 20911 I am_on_paused_called: [0,com.tencent.mm.ui.LauncherUI,handlePauseActivity]
05-26 14:05:20.428  2923  9670 I am_resume_activity: [0,78072557,2,com.bbk.launcher2/.Launcher]
05-26 14:05:20.440  2923  3245 I sysui_count: [window_time_0,1]
05-26 14:05:20.499  5754  5754 I am_on_resume_called: [0,com.bbk.launcher2.Launcher,RESUME_ACTIVITY]
05-26 14:05:20.865  2923  3245 I am_stop_activity: [0,142576045,com.tencent.mm/.ui.LauncherUI]
05-26 14:05:20.877 20911 20911 I am_on_stop_called: [0,com.tencent.mm.ui.LauncherUI,handleStopActivity]
05-26 14:05:21.392  2923 10358 I am_proc_start: [0,24658,10044,com.vivo.weather.location,service,com.vivo.weather/.LocalCityLocateService]
05-26 14:05:21.433  2923 10329 I am_proc_bound: [0,24658,com.vivo.weather.location]
05-26 14:05:22.096  2923  4302 I am_focused_stack: [0,1,0,bringingFoundTaskToFront setFocusedActivity]
05-26 14:05:22.096  2923  4302 I wm_task_moved: [63,1,13]
05-26 14:05:22.100  2923  4302 I am_focused_activity: [0,com.tencent.mobileqq/.activity.SplashActivity,bringingFoundTaskToFront]
05-26 14:05:22.103  2923  4302 I am_pause_activity: [0,78072557,com.bbk.launcher2/.Launcher]
05-26 14:05:22.106  2923  4302 I am_task_to_front: [0,63]
05-26 14:05:22.106  2923  4302 I am_new_intent: [0,245339712,63,com.tencent.mobileqq/.activity.SplashActivity,android.intent.action.MAIN,NULL,NULL,811597824]
05-26 14:05:22.112  2923  4302 I sysui_action: [323,com.tencent.mobileqq/.activity.SplashActivity]
05-26 14:05:22.112  2923  4302 I sysui_action: [324,true]
05-26 14:05:22.112  2923  4302 I sysui_action: [325,82628]
05-26 14:05:22.170  5754  5754 I am_on_paused_called: [0,com.bbk.launcher2.Launcher,handlePauseActivity]
05-26 14:05:22.200  2923 10349 I am_resume_activity: [0,240674818,63,com.tencent.mobileqq/.activity.SplashActivity]
05-26 14:05:22.232  2923  3245 I sysui_count: [window_time_0,2]
05-26 14:05:22.290  6417  6417 I am_on_resume_called: [0,com.tencent.mobileqq.activity.SplashActivity,RESUME_ACTIVITY]
05-26 14:05:22.306  2923  4688 I am_proc_start: [0,24682,10129,com.tencent.mobileqq:qzone,service,com.tencent.mobileqq/cooperation.qzone.QzonePluginProxyService]
05-26 14:05:22.323  2923 10358 I am_proc_bound: [0,24682,com.tencent.mobileqq:qzone]
05-26 14:05:22.456  2923  3420 I sysui_action: [320,2]
05-26 14:05:22.456  2923  3420 I sysui_action: [319,394]
05-26 14:05:22.461  2923  3420 I sysui_action: [322,399]
05-26 14:05:22.682  2923  3245 I am_broadcast_discard_app: [0,164836512,android.net.wifi.RSSI_CHANGED,0,ResolveInfo{cb65859 com.meelive.ingkee/.socketio.connection.internal.KAReceiver m=0x108000}]
05-26 14:05:22.682  2923  3245 I am_broadcast_discard_app: [0,164836512,android.net.wifi.RSSI_CHANGED,1,ResolveInfo{664ec1e com.qq.ac.android/.receiver.BootReceiver m=0x108000}]
05-26 14:05:22.683  2923  3245 I am_broadcast_discard_app: [0,164836512,android.net.wifi.RSSI_CHANGED,2,ResolveInfo{61ddcff com.sdu.didi.psnger/com.didi.sdk.receiver.WifiReceiver m=0x108000}]
05-26 14:05:22.690  2923  3245 I am_broadcast_discard_app: [0,74129685,android.net.wifi.RSSI_CHANGED,0,ResolveInfo{efac2a com.meelive.ingkee/.socketio.connection.internal.KAReceiver m=0x108000}]
05-26 14:05:22.691  2923  3245 I am_broadcast_discard_app: [0,74129685,android.net.wifi.RSSI_CHANGED,1,ResolveInfo{efd4a1b com.qq.ac.android/.receiver.BootReceiver m=0x108000}]
05-26 14:05:22.698  2923  3245 I am_broadcast_discard_app: [0,74129685,android.net.wifi.RSSI_CHANGED,2,ResolveInfo{a4ef7b8 com.sdu.didi.psnger/com.didi.sdk.receiver.WifiReceiver m=0x108000}]
05-26 14:05:22.725  2923  3245 I am_stop_activity: [0,78072557,com.bbk.launcher2/.Launcher]
05-26 14:05:22.739  5754  5754 I am_on_stop_called: [0,com.bbk.launcher2.Launcher,handleStopActivity]
05-26 14:05:22.759   513   513 I sf_frame_dur: [com.bbk.launcher2/com.bbk.launcher2.Launcher,0,1,1,0,0,2,0]
05-26 14:05:22.898  2923 10340 I am_proc_died: [0,23103,com.android.camera]
05-26 14:05:22.902  2923 10340 I am_mem_factor: [2,1]
05-26 14:05:23.110  2923  3103 I am_proc_died: [0,24658,com.vivo.weather.location]
05-26 14:05:23.110  2923  3103 I am_schedule_service_restart: [0,com.vivo.weather/.LocalCityLocateService,1000]
05-26 14:05:23.479  2923  4692 I am_proc_died: [0,23640,com.eg.android.AlipayGphone:tools]
05-26 14:05:23.480  2923  4692 I am_mem_factor: [3,2]
05-26 14:05:23.666  2923  4020 I am_new_intent: [0,263970641,2,com.bbk.launcher2/.Launcher,android.intent.action.MAIN,NULL,NULL,278921216]
05-26 14:05:23.667  2923  4020 I am_focused_stack: [0,0,1,bringingFoundTaskToFront setFocusedActivity]
05-26 14:05:23.669  2923  4020 I wm_task_moved: [2,1,1]
05-26 14:05:23.674  2923  4020 I am_focused_activity: [0,com.bbk.launcher2/.Launcher,bringingFoundTaskToFront]
05-26 14:05:23.707  2923  4020 I am_pause_activity: [0,240674818,com.tencent.mobileqq/.activity.SplashActivity]
05-26 14:05:23.709  2923  4020 I am_task_to_front: [0,2]
05-26 14:05:23.712  2923  4020 I sysui_action: [323,com.bbk.launcher2/.Launcher]
05-26 14:05:23.712  2923  4020 I sysui_action: [324,true]
05-26 14:05:23.712  2923  4020 I sysui_action: [325,82629]
05-26 14:05:23.724  6417  6417 I am_on_paused_called: [0,com.tencent.mobileqq.activity.SplashActivity,handlePauseActivity]
05-26 14:05:23.741  2923  4569 I am_resume_activity: [0,78072557,2,com.bbk.launcher2/.Launcher]
05-26 14:05:23.750  2923  3245 I sysui_count: [window_time_0,2]
05-26 14:05:23.778  5754  5754 I am_on_resume_called: [0,com.bbk.launcher2.Launcher,RESUME_ACTIVITY]
05-26 14:05:23.844  2923  3420 I sysui_action: [320,2]
05-26 14:05:23.844  2923  3420 I sysui_action: [319,187]
05-26 14:05:23.844  2923  3420 I sysui_action: [322,187]
05-26 14:05:24.086  2923  3245 I am_stop_activity: [0,240674818,com.tencent.mobileqq/.activity.SplashActivity]
05-26 14:05:24.099  6417  6417 I am_on_stop_called: [0,com.tencent.mobileqq.activity.SplashActivity,handleStopActivity]
05-26 14:05:24.164   513   513 I sf_frame_dur: [com.tencent.mobileqq/com.tencent.mobileqq.activity.SplashActivity,2,0,2,1,2,0,0]
05-26 14:05:24.788  2923  4569 I am_wtf  : [0,2923,system_server,-1,ActivityManager,Sending non-protected broadcast vivo.intent.action.PRELOAD_VIVOCAM from system 4503:com.vivo.daemonService/1000 pkg com.vivo.daemonService]
05-26 14:05:24.821  2923  3245 I am_proc_start: [0,24819,10093,com.android.camera,broadcast,com.android.camera/.PreloadCameraReceiver]
05-26 14:05:24.830  2923 10351 I am_proc_bound: [0,24819,com.android.camera]
05-26 14:05:25.127  2923  4302 I notification_cancel_all: [10093,24819,com.android.camera,0,0,64,9,NULL]
05-26 14:05:25.387  2923 10358 I am_focused_stack: [0,1,0,bringingFoundTaskToFront setFocusedActivity]
05-26 14:05:25.387  2923 10358 I wm_task_moved: [468,1,13]
05-26 14:05:25.388  2923 10358 I am_focused_activity: [0,com.android.filemanager/.FileManagerListActivity,bringingFoundTaskToFront]
05-26 14:05:25.389  2923 10358 I am_pause_activity: [0,78072557,com.bbk.launcher2/.Launcher]
05-26 14:05:25.390  2923 10358 I am_task_to_front: [0,468]
05-26 14:05:25.391  2923 10358 I sysui_action: [323,com.android.filemanager/.FileManagerListActivity]
05-26 14:05:25.391  2923 10358 I sysui_action: [324,false]
05-26 14:05:25.391  2923 10358 I sysui_action: [325,82631]
05-26 14:05:25.396  5754  5754 I am_on_paused_called: [0,com.bbk.launcher2.Launcher,handlePauseActivity]
05-26 14:05:25.408  2923  4658 I am_proc_start: [0,24852,10033,com.android.filemanager,activity,com.android.filemanager/.FileManagerListActivity]
05-26 14:05:25.473  2923  4690 I am_proc_bound: [0,24852,com.android.filemanager]
05-26 14:05:25.480  2923  4690 I am_restart_activity: [0,181058150,468,com.android.filemanager/.FileManagerListActivity]
05-26 14:05:25.510  2923  3420 I sysui_action: [321,171]
05-26 14:05:25.510  2923  3420 I sysui_action: [320,1]
05-26 14:05:25.510  2923  3420 I sysui_action: [319,171]
05-26 14:05:25.553  2923 10358 I am_mem_factor: [2,3]
05-26 14:05:25.679  2923  3245 I am_broadcast_discard_app: [0,261084426,android.net.wifi.RSSI_CHANGED,0,ResolveInfo{2e2f17b com.meelive.ingkee/.socketio.connection.internal.KAReceiver m=0x108000}]
05-26 14:05:25.679  2923  3245 I am_broadcast_discard_app: [0,261084426,android.net.wifi.RSSI_CHANGED,1,ResolveInfo{567b98 com.qq.ac.android/.receiver.BootReceiver m=0x108000}]
05-26 14:05:25.686  2923  3245 I am_broadcast_discard_app: [0,261084426,android.net.wifi.RSSI_CHANGED,2,ResolveInfo{e0b1ff1 com.sdu.didi.psnger/com.didi.sdk.receiver.WifiReceiver m=0x108000}]
05-26 14:05:25.852 24852 24852 I am_on_resume_called: [0,com.android.filemanager.FileManagerListActivity,LAUNCH_ACTIVITY]
05-26 14:05:26.060  2923  3420 I sysui_action: [322,721]
05-26 14:05:26.060  2923  3420 I am_activity_launch_time: [0,181058150,com.android.filemanager/.FileManagerListActivity,662,662]
05-26 14:05:26.087  2923 31026 I am_stop_activity: [0,78072557,com.bbk.launcher2/.Launcher]
05-26 14:05:26.089  5754  5754 I am_on_stop_called: [0,com.bbk.launcher2.Launcher,handleStopActivity]
05-26 14:05:26.121   513   513 I sf_frame_dur: [com.bbk.launcher2/com.bbk.launcher2.Launcher,37,0,1,3,1,0,0]
05-26 14:05:28.304  2923  3243 I am_pss  : [22016,10092,com.bbk.calendar,4341760,3166208,0]
05-26 14:05:28.342  2923  3243 I am_pss  : [22036,10004,com.android.providers.calendar,4820992,3469312,0]
05-26 14:05:28.709  2923  3245 I am_broadcast_discard_app: [0,37584984,android.net.wifi.RSSI_CHANGED,0,ResolveInfo{d5aa5b1 com.meelive.ingkee/.socketio.connection.internal.KAReceiver m=0x108000}]
05-26 14:05:28.713  2923  3245 I am_broadcast_discard_app: [0,37584984,android.net.wifi.RSSI_CHANGED,1,ResolveInfo{5faaa96 com.qq.ac.android/.receiver.BootReceiver m=0x108000}]
05-26 14:05:28.715  2923  3245 I am_broadcast_discard_app: [0,37584984,android.net.wifi.RSSI_CHANGED,2,ResolveInfo{1b88617 com.sdu.didi.psnger/com.didi.sdk.receiver.WifiReceiver m=0x108000}]
05-26 14:05:31.732  2923  3245 I am_broadcast_discard_app: [0,231735920,android.net.wifi.RSSI_CHANGED,0,ResolveInfo{4ef59e9 com.meelive.ingkee/.socketio.connection.internal.KAReceiver m=0x108000}]
05-26 14:05:31.734  2923  3245 I am_broadcast_discard_app: [0,231735920,android.net.wifi.RSSI_CHANGED,1,ResolveInfo{a84766e com.qq.ac.android/.receiver.BootReceiver m=0x108000}]
05-26 14:05:31.737  2923  3245 I am_broadcast_discard_app: [0,231735920,android.net.wifi.RSSI_CHANGED,2,ResolveInfo{d90210f com.sdu.didi.psnger/com.didi.sdk.receiver.WifiReceiver m=0x108000}]
05-26 14:05:34.757  2923  3245 I am_broadcast_discard_app: [0,108193955,android.net.wifi.RSSI_CHANGED,0,ResolveInfo{2e0e7a0 com.meelive.ingkee/.socketio.connection.internal.KAReceiver m=0x108000}]
05-26 14:05:34.759  2923  3245 I am_broadcast_discard_app: [0,108193955,android.net.wifi.RSSI_CHANGED,1,ResolveInfo{6158f59 com.qq.ac.android/.receiver.BootReceiver m=0x108000}]
05-26 14:05:34.760  2923  3245 I am_broadcast_discard_app: [0,108193955,android.net.wifi.RSSI_CHANGED,2,ResolveInfo{b1571e com.sdu.didi.psnger/com.didi.sdk.receiver.WifiReceiver m=0x108000}]
05-26 14:05:35.241 24852 24852 I menu_item_selected: [1,]
05-26 14:05:35.642   513   513 I sf_frame_dur: [com.android.filemanager/com.android.filemanager.FileManagerListActivity,0,0,0,0,0,1,0]
05-26 14:05:36.175  2923 10340 I am_wtf  : [0,2923,system_server,-1,ActivityManager,Sending non-protected broadcast android.vivo.bbklog.action.Delet_bbklog from system 3143:com.android.bbklog/1000 pkg com.android.bbklog]
05-26 14:05:36.195  2923  2923 I notification_canceled: [0|com.android.bbklog|1|null|1000,8,10043681,10043681,24552]
05-26 14:05:36.202  2923  4570 I notification_canceled: [0|com.android.bbklog|2147483647|group_key_override|1000|ranker_bundle,16,10043668,10043668,24558]
05-26 14:05:36.207  2923  3243 I am_pss  : [24852,10033,com.android.filemanager,30778368,26537984,0]
05-26 14:05:36.252  2923  3243 I am_pss  : [6141,10011,android.process.media,36176896,35356672,0]
05-26 14:05:36.444   513   513 I sf_frame_dur: [com.android.filemanager/com.android.filemanager.FileManagerListActivity,2,0,0,0,1,0,0]
05-26 14:05:36.598  2923  2923 I notification_enqueue: [1000,3143,com.android.bbklog,1,NULL,0,Notification(pri=0 contentView=com.android.bbklog/0x3030028 vibrate=null sound=null defaults=0x0 flags=0x40 color=0x00000000 vis=PRIVATE),0]
05-26 14:05:36.618  2923 10350 I notification_autogrouped: 0|com.android.bbklog|1|null|1000
05-26 14:05:36.619  2923  2923 I notification_enqueue: [1000,3143,com.android.bbklog,2147483647,group_key_override,0,Notification(pri=0 contentView=null vibrate=null sound=null defaults=0x0 flags=0x700 color=0x00000000 groupKey=ranker_bundle vis=PRIVATE),0]
05-26 14:05:36.621  2923 10354 I notification_autogrouped: 0|com.android.bbklog|1|null|1000
05-26 14:05:37.767  2923  3245 I am_broadcast_discard_app: [0,210334851,android.net.wifi.RSSI_CHANGED,0,ResolveInfo{858b600 com.meelive.ingkee/.socketio.connection.internal.KAReceiver m=0x108000}]
05-26 14:05:37.768  2923  3245 I am_broadcast_discard_app: [0,210334851,android.net.wifi.RSSI_CHANGED,1,ResolveInfo{939ae39 com.qq.ac.android/.receiver.BootReceiver m=0x108000}]
05-26 14:05:37.769  2923  3245 I am_broadcast_discard_app: [0,210334851,android.net.wifi.RSSI_CHANGED,2,ResolveInfo{9babc7e com.sdu.didi.psnger/com.didi.sdk.receiver.WifiReceiver m=0x108000}]
05-26 14:05:40.778  2923  3245 I am_broadcast_discard_app: [0,52944214,android.net.wifi.RSSI_CHANGED,0,ResolveInfo{3eda1d7 com.meelive.ingkee/.socketio.connection.internal.KAReceiver m=0x108000}]
05-26 14:05:40.779  2923  3245 I am_broadcast_discard_app: [0,52944214,android.net.wifi.RSSI_CHANGED,1,ResolveInfo{6c79ac4 com.qq.ac.android/.receiver.BootReceiver m=0x108000}]
05-26 14:05:40.780  2923  3245 I am_broadcast_discard_app: [0,52944214,android.net.wifi.RSSI_CHANGED,2,ResolveInfo{bbccdad com.sdu.didi.psnger/com.didi.sdk.receiver.WifiReceiver m=0x108000}]
05-26 14:05:43.619  2923 10360 I am_finish_activity: [0,181058150,468,com.android.filemanager/.FileManagerListActivity,app-request]
05-26 14:05:43.621  2923 10360 I wm_task_moved: [468,1,13]
05-26 14:05:43.625  2923 10360 I am_focused_activity: [0,com.android.filemanager/.FileManagerActivity,finishActivity adjustFocus]
05-26 14:05:43.625  2923 10360 I am_pause_activity: [0,181058150,com.android.filemanager/.FileManagerListActivity]
05-26 14:05:43.628 24852 24852 I am_on_paused_called: [0,com.android.filemanager.FileManagerListActivity,handlePauseActivity]
05-26 14:05:43.642  2923  4432 I am_restart_activity: [0,115528444,468,com.android.filemanager/.FileManagerActivity]
05-26 14:05:43.670  2923  3245 I sysui_count: [window_time_0,20]
05-26 14:05:43.798  2923  3245 I am_broadcast_discard_app: [0,219594009,android.net.wifi.RSSI_CHANGED,0,ResolveInfo{aa251de com.meelive.ingkee/.socketio.connection.internal.KAReceiver m=0x108000}]
05-26 14:05:43.799  2923  3245 I am_broadcast_discard_app: [0,219594009,android.net.wifi.RSSI_CHANGED,1,ResolveInfo{bc2afbf com.qq.ac.android/.receiver.BootReceiver m=0x108000}]
05-26 14:05:43.800  2923  3245 I am_broadcast_discard_app: [0,219594009,android.net.wifi.RSSI_CHANGED,2,ResolveInfo{2b368c com.sdu.didi.psnger/com.didi.sdk.receiver.WifiReceiver m=0x108000}]
05-26 14:05:43.822  2923  3243 I am_pss  : [20911,10133,com.tencent.mm,148708352,142823424,0]
05-26 14:05:43.887  2923  3243 I am_pss  : [24682,10129,com.tencent.mobileqq:qzone,61364224,52826112,0]
05-26 14:05:43.931  2923  3243 I am_pss  : [14205,10133,com.tencent.mm:push,24333312,22269952,0]
05-26 14:05:43.962  2923  3243 I am_pss  : [5698,10071,com.oma.drm.server,5257216,4767744,0]
05-26 14:05:44.010  2923  3243 I am_pss  : [5685,10017,com.baidu.map.location,16096256,14528512,0]
05-26 14:05:44.042  2923  3243 I am_pss  : [5672,1001,com.qualcomm.qti.loadcarrier,4845568,4354048,0]
05-26 14:05:44.074  2923  3243 I am_pss  : [5659,1000,com.alps.lcn,7179264,6574080,0]
05-26 14:05:44.114  2923  3243 I am_pss  : [5543,1000,com.vivo.abe,29670400,27865088,0]
05-26 14:05:44.167  2923  3243 I am_pss  : [4667,1001,com.android.phone,40680448,39354368,0]
05-26 14:05:44.199  2923  3243 I am_pss  : [4652,1000,com.vivo.upslide,83691520,80633856,0]
05-26 14:05:44.218  2923  3243 I am_pss  : [4646,1000,com.android.server.telecom,8971264,8339456,0]
05-26 14:05:44.239  2923  3243 I am_pss  : [4634,1000,.dataservices,9597952,8953856,0]
05-26 14:05:44.268  2923  3243 I am_pss  : [4503,1000,com.vivo.daemonService,36004864,34254848,0]
05-26 14:05:44.307  2923  3243 I am_pss  : [4354,10024,com.android.systemui,112138240,105816064,0]
05-26 14:05:44.369  2923  3243 I am_pss  : [2923,1000,system,157045760,152768512,0]
05-26 14:05:44.439 24852 24852 I am_on_resume_called: [0,com.android.filemanager.FileManagerActivity,LAUNCH_ACTIVITY]
05-26 14:05:44.556  2923  3243 I am_pss  : [6417,10129,com.tencent.mobileqq,107211776,101875712,0]
05-26 14:05:44.585  2923  3243 I am_pss  : [6369,10129,com.tencent.mobileqq:MSF,20508672,17784832,0]
05-26 14:05:44.656  2923  3420 I am_activity_launch_time: [0,115528444,com.android.filemanager/.FileManagerActivity,1024,1024]
05-26 14:05:44.659   513   513 I sf_frame_dur: [com.android.filemanager/com.android.filemanager.FileManagerListActivity,454,23,9,8,10,6,0]
05-26 14:05:44.681  2923  4690 I am_destroy_activity: [0,181058150,468,com.android.filemanager/.FileManagerListActivity,finish-imm]
05-26 14:05:44.682 24852 24852 I am_on_stop_called: [0,com.android.filemanager.FileManagerListActivity,destroy]
05-26 14:05:46.162  2923  3243 I am_pss  : [5754,10034,com.bbk.launcher2,114957312,112746496,0]
05-26 14:05:46.268  2923  3243 I am_pss  : [19350,10030,com.bbk.appstore:remote,13512704,11796480,0]
05-26 14:05:46.819  2923  3245 I am_broadcast_discard_app: [0,11226365,android.net.wifi.RSSI_CHANGED,0,ResolveInfo{3130df2 com.meelive.ingkee/.socketio.connection.internal.KAReceiver m=0x108000}]
05-26 14:05:46.821  2923  3245 I am_broadcast_discard_app: [0,11226365,android.net.wifi.RSSI_CHANGED,1,ResolveInfo{888dc43 com.qq.ac.android/.receiver.BootReceiver m=0x108000}]
05-26 14:05:46.822  2923  3245 I am_broadcast_discard_app: [0,11226365,android.net.wifi.RSSI_CHANGED,2,ResolveInfo{43462c0 com.sdu.didi.psnger/com.didi.sdk.receiver.WifiReceiver m=0x108000}]
05-26 14:05:49.844  2923  3245 I am_broadcast_discard_app: [0,5437855,android.net.wifi.RSSI_CHANGED,0,ResolveInfo{b5ceaec com.meelive.ingkee/.socketio.connection.internal.KAReceiver m=0x108000}]
05-26 14:05:49.845  2923  3245 I am_broadcast_discard_app: [0,5437855,android.net.wifi.RSSI_CHANGED,1,ResolveInfo{4ac1eb5 com.qq.ac.android/.receiver.BootReceiver m=0x108000}]
05-26 14:05:49.847  2923  3245 I am_broadcast_discard_app: [0,5437855,android.net.wifi.RSSI_CHANGED,2,ResolveInfo{3a2694a com.sdu.didi.psnger/com.didi.sdk.receiver.WifiReceiver m=0x108000}]
05-26 14:05:52.857  2923  3245 I am_broadcast_discard_app: [0,170250262,android.net.wifi.RSSI_CHANGED,0,ResolveInfo{e847d97 com.meelive.ingkee/.socketio.connection.internal.KAReceiver m=0x108000}]
05-26 14:05:52.859  2923  3245 I am_broadcast_discard_app: [0,170250262,android.net.wifi.RSSI_CHANGED,1,ResolveInfo{677ab84 com.qq.ac.android/.receiver.BootReceiver m=0x108000}]
05-26 14:05:52.860  2923  3245 I am_broadcast_discard_app: [0,170250262,android.net.wifi.RSSI_CHANGED,2,ResolveInfo{34e6f6d com.sdu.didi.psnger/com.didi.sdk.receiver.WifiReceiver m=0x108000}]
05-26 14:05:55.875  2923  3245 I am_broadcast_discard_app: [0,260439024,android.net.wifi.RSSI_CHANGED,0,ResolveInfo{a6f9569 com.meelive.ingkee/.socketio.connection.internal.KAReceiver m=0x108000}]
05-26 14:05:55.877  2923  3245 I am_broadcast_discard_app: [0,260439024,android.net.wifi.RSSI_CHANGED,1,ResolveInfo{93ecbee com.qq.ac.android/.receiver.BootReceiver m=0x108000}]
05-26 14:05:55.877  2923  3245 I am_broadcast_discard_app: [0,260439024,android.net.wifi.RSSI_CHANGED,2,ResolveInfo{9f3888f com.sdu.didi.psnger/com.didi.sdk.receiver.WifiReceiver m=0x108000}]
05-26 14:05:55.913  2923  3243 I am_pss  : [24819,10093,com.android.camera,14284800,11530240,0]
05-26 14:05:57.037  2923  3245 I am_broadcast_discard_app: [0,105887994,NULL,0,ResolveInfo{5aa1eab com.happyelements.AndroidAnimal/com.happyelements.gsp.android.notification.gcn.GcnBroadcastReceiver m=0x0}]
05-26 14:05:57.106  2923  3243 I am_pss  : [4763,10064,com.bbk.iqoo.logsystem,20401152,18821120,0]
05-26 14:05:57.149  2923  3243 I am_pss  : [3143,1000,com.android.bbklog,21803008,20672512,0]
05-26 14:05:57.184  2923  3243 I am_pss  : [22635,10045,com.vivo.weather.provider,13182976,11137024,0]
05-26 14:05:58.889  2923  3245 I am_broadcast_discard_app: [0,5270214,android.net.wifi.RSSI_CHANGED,0,ResolveInfo{de9fa87 com.meelive.ingkee/.socketio.connection.internal.KAReceiver m=0x108000}]
05-26 14:05:58.890  2923  3245 I am_broadcast_discard_app: [0,5270214,android.net.wifi.RSSI_CHANGED,1,ResolveInfo{25efdb4 com.qq.ac.android/.receiver.BootReceiver m=0x108000}]
05-26 14:05:58.891  2923  3245 I am_broadcast_discard_app: [0,5270214,android.net.wifi.RSSI_CHANGED,2,ResolveInfo{f70ddd com.sdu.didi.psnger/com.didi.sdk.receiver.WifiReceiver m=0x108000}]
05-26 14:05:59.974  2923  4020 I am_new_intent: [0,123844643,2,com.bbk.launcher2/.Launcher,android.intent.action.MAIN,NULL,NULL,278921216]
05-26 14:05:59.974  2923  4020 I am_focused_stack: [0,0,1,bringingFoundTaskToFront setFocusedActivity]
05-26 14:05:59.975  2923  4020 I wm_task_moved: [2,1,1]
05-26 14:05:59.977  2923  4020 I am_focused_activity: [0,com.bbk.launcher2/.Launcher,bringingFoundTaskToFront]
05-26 14:06:00.005  2923  4020 I am_pause_activity: [0,115528444,com.android.filemanager/.FileManagerActivity]
05-26 14:06:00.014  2923  4020 I am_task_to_front: [0,2]
05-26 14:06:00.018  2923  4020 I sysui_action: [323,com.bbk.launcher2/.Launcher]
05-26 14:06:00.018  2923  4020 I sysui_action: [324,true]
05-26 14:06:00.018  2923  4020 I sysui_action: [325,82666]
05-26 14:06:00.019 24852 24852 I am_on_paused_called: [0,com.android.filemanager.FileManagerActivity,handlePauseActivity]
05-26 14:06:00.032  2923  3103 I am_resume_activity: [0,78072557,2,com.bbk.launcher2/.Launcher]
05-26 14:06:00.045  2923  3245 I sysui_count: [window_time_0,16]
05-26 14:06:00.060  5754  5754 I am_on_resume_called: [0,com.bbk.launcher2.Launcher,RESUME_ACTIVITY]
05-26 14:06:00.126  2923  3420 I sysui_action: [320,2]
05-26 14:06:00.126  2923  3420 I sysui_action: [319,161]
05-26 14:06:00.126  2923  3420 I sysui_action: [322,161]
05-26 14:06:00.220  2923 31159 I battery_level: [80,4053,307]
05-26 14:06:00.268  2923  3245 I am_wtf  : [0,2923,system_server,-1,KernelWakelockReader,neither /proc/wakelocks nor /d/wakeup_sources exists]
05-26 14:06:00.361  2923  3245 I am_stop_activity: [0,115528444,com.android.filemanager/.FileManagerActivity]
05-26 14:06:00.362 24852 24852 I am_on_stop_called: [0,com.android.filemanager.FileManagerActivity,handleStopActivity]
05-26 14:06:00.438   513   513 I sf_frame_dur: [com.android.filemanager/com.android.filemanager.FileManagerActivity,31,0,1,3,0,2,0]
05-26 14:06:01.002  2923 10358 I am_new_intent: [0,166722633,20,com.android.dialer/.TwelveKeyDialer,android.intent.action.MAIN,NULL,NULL,807403520]
05-26 14:06:01.003  2923 10358 I am_focused_stack: [0,1,0,bringingFoundTaskToFront setFocusedActivity]
05-26 14:06:01.003  2923 10358 I wm_task_moved: [20,1,13]
05-26 14:06:01.005  2923 10358 I am_focused_activity: [0,com.android.dialer/.TwelveKeyDialer,bringingFoundTaskToFront]
05-26 14:06:01.006  2923 10358 I am_pause_activity: [0,78072557,com.bbk.launcher2/.Launcher]
05-26 14:06:01.007  2923 10358 I am_task_to_front: [0,20]
05-26 14:06:01.009  2923 10358 I sysui_action: [323,com.android.dialer/.TwelveKeyDialer]
05-26 14:06:01.009  2923 10358 I sysui_action: [324,false]
05-26 14:06:01.009  2923 10358 I sysui_action: [325,82667]
05-26 14:06:01.014  5754  5754 I am_on_paused_called: [0,com.bbk.launcher2.Launcher,handlePauseActivity]
05-26 14:06:01.034  2923 10346 I am_proc_start: [0,25116,10009,com.android.dialer,activity,com.android.dialer/.TwelveKeyDialer]
05-26 14:06:01.043  2923  9670 I am_proc_bound: [0,25116,com.android.dialer]
05-26 14:06:01.049  2923  9670 I am_restart_activity: [0,188625422,20,com.android.dialer/.TwelveKeyDialer]
05-26 14:06:01.072  2923  3420 I sysui_action: [321,97]
05-26 14:06:01.072  2923  3420 I sysui_action: [320,1]
05-26 14:06:01.072  2923  3420 I sysui_action: [319,97]
05-26 14:06:01.300  2923  3245 I am_proc_start: [0,25137,10018,com.vivo.numbermark,broadcast,com.vivo.numbermark/.ShowDialogReceiver]
05-26 14:06:01.316  2923  4570 I am_proc_bound: [0,25137,com.vivo.numbermark]
05-26 14:06:01.357 25116 25116 I am_on_resume_called: [0,com.android.dialer.TwelveKeyDialer,LAUNCH_ACTIVITY]
05-26 14:06:01.430  2923  4692 I am_proc_died: [0,21985,com.bbk.updater]
05-26 14:06:01.432  2923  4692 I am_mem_factor: [3,2]
05-26 14:06:01.448  2923  9685 I am_mem_factor: [2,3]
05-26 14:06:01.555  2923  3420 I sysui_action: [322,580]
05-26 14:06:01.555  2923  3420 I am_activity_launch_time: [0,188625422,com.android.dialer/.TwelveKeyDialer,540,540]
05-26 14:06:01.561  2923 10343 I am_proc_died: [0,22036,com.android.providers.calendar]
05-26 14:06:01.565  2923 10343 I am_mem_factor: [3,2]
05-26 14:06:01.573  2923 10336 I am_stop_activity: [0,78072557,com.bbk.launcher2/.Launcher]
05-26 14:06:01.578  5754  5754 I am_on_stop_called: [0,com.bbk.launcher2.Launcher,handleStopActivity]
05-26 14:06:01.608   513   513 I sf_frame_dur: [com.bbk.launcher2/com.bbk.launcher2.Launcher,0,0,1,3,0,1,0]
05-26 14:06:01.618  2923  3103 I am_proc_died: [0,22016,com.bbk.calendar]
05-26 14:06:01.713  2923  3243 I am_meminfo: [305233920,115523584,0,352120832,244104192]
05-26 14:06:01.717  2923  4515 I am_wtf  : [0,2923,system_server,-1,ActivityManager,Sending non-protected broadcast launcher.action.CHANGE_APPLICATION_NOTIFICATION_NUM from system 4667:com.android.phone/1001 pkg com.android.phone]
05-26 14:06:01.721  2923 10343 I am_wtf  : [0,2923,system_server,-1,ActivityManager,Sending non-protected broadcast android.no.read.BBKLockScreen.INCALL from system 4667:com.android.phone/1001 pkg com.android.phone]
05-26 14:06:01.722  2923 10343 I am_wtf  : [0,2923,system_server,-1,ActivityManager,Sending non-protected broadcast android.no.read.BBKLockScreen.INCALL from system 4667:com.android.phone/1001 pkg com.android.phone]
05-26 14:06:01.733  2923  3243 I am_pss  : [24852,10033,com.android.filemanager,32688128,27508736,0]
05-26 14:06:01.748  2923  9670 I am_proc_died: [0,24819,com.android.camera]
05-26 14:06:01.750  2923  9670 I am_low_memory: 62
05-26 14:06:01.751  2923  3243 I am_pss  : [6141,10011,android.process.media,36786176,35934208,0]
05-26 14:06:01.815  2923  3243 I am_pss  : [6417,10129,com.tencent.mobileqq,107554816,102162432,0]
05-26 14:06:01.835  2923  3243 I am_pss  : [6369,10129,com.tencent.mobileqq:MSF,20798464,18071552,0]
05-26 14:06:01.893  2923  3243 I am_pss  : [20911,10133,com.tencent.mm,148763648,142823424,0]
05-26 14:06:01.903  2923  3245 I am_broadcast_discard_app: [0,210898743,android.net.wifi.RSSI_CHANGED,0,ResolveInfo{65d6ca4 com.meelive.ingkee/.socketio.connection.internal.KAReceiver m=0x108000}]
05-26 14:06:01.904  2923  3245 I am_broadcast_discard_app: [0,210898743,android.net.wifi.RSSI_CHANGED,1,ResolveInfo{7b96a0d com.qq.ac.android/.receiver.BootReceiver m=0x108000}]
05-26 14:06:01.904  2923  3245 I am_broadcast_discard_app: [0,210898743,android.net.wifi.RSSI_CHANGED,2,ResolveInfo{b504dc2 com.sdu.didi.psnger/com.didi.sdk.receiver.WifiReceiver m=0x108000}]
05-26 14:06:01.907  2923  3243 I am_pss  : [5611,1000,com.vivo.doubleinstance,6334464,5672960,0]
05-26 14:06:01.936  2923  3243 I am_pss  : [4303,10062,com.baidu.input_bbk.service,53264384,48795648,0]
05-26 14:06:01.955  2923  3243 I am_pss  : [9794,1001,com.android.incallui,33188864,32190464,0]
05-26 14:06:01.967  2923  2923 I free_storage_changed: 5419094016
05-26 14:06:01.976  2923  3243 I am_pss  : [6692,1000,com.vivo.permissionmanager,33855488,32657408,0]
05-26 14:06:01.994  2923  3243 I am_pss  : [4516,1000,com.android.settings,26001408,25038848,0]
05-26 14:06:02.008  2923  3243 I am_pss  : [8770,1000,com.qti.service.colorservice,5191680,4608000,0]
05-26 14:06:02.024  2923  3243 I am_pss  : [30663,10085,com.vivo.secime.service,16824320,15712256,0]
05-26 14:06:02.044  2923  3243 I am_pss  : [4577,1000,com.vivo.smartmultiwindow,55323648,51630080,0]
05-26 14:06:02.092  2923  3243 I am_pss  : [11337,10035,com.android.bbkmusic,63288320,61444096,0]
05-26 14:06:02.110  2923  3243 I am_pss  : [22603,10002,android.process.acore,31812608,28860416,0]
05-26 14:06:02.126  2923  3243 I am_pss  : [22635,10045,com.vivo.weather.provider,13351936,11198464,0]
05-26 14:06:02.147  2923  3243 I am_pss  : [4763,10064,com.bbk.iqoo.logsystem,20570112,18927616,0]
05-26 14:06:02.166  2923  3243 I am_pss  : [3143,1000,com.android.bbklog,21817344,20672512,0]
05-26 14:06:02.198  2923  3243 I am_pss  : [18123,10129,com.tencent.mobileqq:tool,52151296,43810816,0]
05-26 14:06:02.220  2923  3243 I am_pss  : [24682,10129,com.tencent.mobileqq:qzone,61666304,53051392,0]
05-26 14:06:02.252  2923  3243 I am_pss  : [8142,10133,com.tencent.mm:tools,66093056,63254528,0]
05-26 14:06:02.269  2923  3243 I am_pss  : [16875,10030,com.bbk.appstore,18636800,14700544,0]
05-26 14:06:02.286  2923  3243 I am_pss  : [14981,10098,com.vivo.gallery,96330752,93691904,0]
05-26 14:06:02.306  2923  3243 I am_pss  : [23603,10203,com.eg.android.AlipayGphone:push,33021952,23691264,0]
05-26 14:06:02.323  2923  3243 I am_pss  : [24340,10136,com.tencent.reading:PushService,24939520,21090304,0]
05-26 14:06:02.338  2923  3243 I am_pss  : [8757,10081,com.vivo.safecenter,10529792,9883648,0]
05-26 14:06:02.352  2923  3243 I am_pss  : [4289,1000,com.vivo.appfilter,12589056,11866112,0]
05-26 14:06:02.366  2923  3243 I am_pss  : [24327,10013,android.ext.services,4755456,2863104,0]
05-26 14:06:02.385  2923  3243 I am_pss  : [8046,10055,com.vivo.devicereg,47291392,46379008,0]
05-26 14:06:02.400  2923  3243 I am_pss  : [22621,10056,com.vivo.doubletimezoneclock,14150656,11911168,0]
05-26 14:06:02.424  2923  3243 I am_pss  : [23750,10203,com.eg.android.AlipayGphone,49248256,38965248,0]
05-26 14:06:02.438  2923  3243 I am_pss  : [9152,1000,com.vivo.wifi.networkdetect,4200448,3338240,0]
05-26 14:06:02.454  2923  3243 I am_pss  : [12044,1000,com.vivo.abe:pushservice_v1,17529856,13275136,0]
05-26 14:06:02.472  2923  3243 I am_pss  : [14205,10133,com.tencent.mm:push,24430592,22355968,0]
05-26 14:06:02.486  2923  3243 I am_pss  : [16713,1000,com.qualcomm.qti.appnetaccess,3655680,2555904,0]
05-26 14:06:02.500  2923  3243 I am_pss  : [16629,1000,org.simalliance.openmobileapi.service:remote,3823616,2568192,0]
05-26 14:06:02.515  2923  3243 I am_pss  : [16234,10102,com.vivo.sdkplugin,5131264,2977792,0]
05-26 14:06:02.529  2923  3243 I am_pss  : [15253,1000,com.qualcomm.display,3375104,2379776,0]
05-26 14:06:02.543  2923  3243 I am_pss  : [14631,1000,com.android.fuelsummary,5709824,4497408,0]
05-26 14:06:02.557  2923  3243 I am_pss  : [4952,10002,com.vivo.sim.contacts,6050816,5513216,0]
05-26 14:06:02.571  2923  3243 I am_pss  : [31001,1000,com.volte.config,3251200,2547712,0]
05-26 14:06:02.588  2923  3243 I am_pss  : [6935,10063,com.iqoo.secure:remote,37051392,35540992,0]
05-26 14:06:02.605  2923  3243 I am_pss  : [14366,10133,com.tencent.mm:appbrand0,18872320,17694720,0]
05-26 14:06:02.622  2923  3243 I am_pss  : [14422,10133,com.tencent.mm:exdevice,17422336,16269312,0]
05-26 14:06:02.636  2923  3243 I am_pss  : [4993,1001,com.qualcomm.qcrilmsgtunnel,5525504,4968448,0]
05-26 14:06:02.650  2923  3243 I am_pss  : [5698,10071,com.oma.drm.server,5280768,4767744,0]
05-26 14:06:02.665  2923  3243 I am_pss  : [5685,10017,com.baidu.map.location,16128000,14532608,0]
05-26 14:06:02.679  2923  3243 I am_pss  : [5672,1001,com.qualcomm.qti.loadcarrier,4869120,4354048,0]
05-26 14:06:02.694  2923  3243 I am_pss  : [5659,1000,com.alps.lcn,7200768,6574080,0]
05-26 14:06:02.711  2923  3243 I am_pss  : [5543,1000,com.vivo.abe,29897728,28057600,0]
05-26 14:06:02.735  2923  3243 I am_pss  : [4667,1001,com.android.phone,40682496,39325696,0]
05-26 14:06:02.751  2923  3101 I am_wtf  : [0,2923,system_server,-1,ActivityManager,Sending non-protected broadcast vivo.intent.action.PRELOAD_VIVOCAM from system 4503:com.vivo.daemonService/1000 pkg com.vivo.daemonService]
05-26 14:06:02.784  2923  3245 I am_proc_start: [0,25255,10093,com.android.camera,broadcast,com.android.camera/.PreloadCameraReceiver]
05-26 14:06:02.784  2923  3243 I am_pss  : [4652,1000,com.vivo.upslide,83845120,80838656,0]
05-26 14:06:02.793  2923  4570 I am_proc_bound: [0,25255,com.android.camera]
05-26 14:06:02.799  2923  4658 I am_proc_died: [0,12044,com.vivo.abe:pushservice_v1]
05-26 14:06:02.799  2923  4658 I am_schedule_service_restart: [0,com.vivo.abe/com.vivo.push.sdk.service.PushService,0]
05-26 14:06:02.800  2923  4658 I am_schedule_service_restart: [0,com.vivo.abe/com.vivo.push.core.android.service.MqttService,0]
05-26 14:06:02.801  2923  4658 I am_low_memory: 62
05-26 14:06:02.812  2923  3245 I am_proc_start: [0,25268,1000,com.vivo.abe:pushservice_v1,service,com.vivo.abe/com.vivo.push.sdk.service.PushService]
05-26 14:06:02.813  2923  3243 I am_pss  : [4646,1000,com.android.server.telecom,9043968,8368128,0]
05-26 14:06:02.822  2923 10343 I am_proc_bound: [0,25268,com.vivo.abe:pushservice_v1]
05-26 14:06:02.829  2923  3243 I am_pss  : [4634,1000,.dataservices,9689088,9015296,0]
05-26 14:06:02.853  2923  3243 I am_pss  : [4503,1000,com.vivo.daemonService,37039104,35217408,0]
05-26 14:06:02.877  2923 31160 I notification_cancel_all: [10093,25255,com.android.camera,0,0,64,9,NULL]
05-26 14:06:02.886  2923  3243 I am_pss  : [4354,10024,com.android.systemui,112265216,106016768,0]
05-26 14:06:02.943  2923  3243 I am_pss  : [2923,1000,system,158143488,154103808,0]
05-26 14:06:04.602  2923  3245 I am_proc_start: [0,25300,1000,com.iqoo.engineermode,broadcast,com.iqoo.engineermode/.StartupReceiver]
05-26 14:06:04.656  2923  4693 I am_proc_bound: [0,25300,com.iqoo.engineermode]
05-26 14:06:04.663  2923 10351 I am_proc_died: [0,25255,com.android.camera]
05-26 14:06:04.665  2923 10351 I am_low_memory: 63
05-26 14:06:04.860  2923 10360 I am_create_task: [0,513]
05-26 14:06:04.860  2923 10360 I am_create_activity: [0,12447759,513,com.iqoo.engineermode/.EngineerMode,android.intent.action.MAIN,NULL,NULL,276824064]
05-26 14:06:04.862  2923 10360 I wm_task_created: [513,1]
05-26 14:06:04.862  2923 10360 I wm_task_moved: [513,1,14]
05-26 14:06:04.863  2923 10360 I wm_task_moved: [513,1,14]
05-26 14:06:04.865  2923 10360 I am_focused_activity: [0,com.iqoo.engineermode/.EngineerMode,startedActivity]
05-26 14:06:04.891  2923 10360 I am_pause_activity: [0,188625422,com.android.dialer/.TwelveKeyDialer]
05-26 14:06:04.895  2923 10360 I sysui_action: [323,com.iqoo.engineermode/.EngineerMode]
05-26 14:06:04.895  2923 10360 I sysui_action: [324,true]
05-26 14:06:04.895  2923 10360 I sysui_action: [325,82671]
05-26 14:06:04.896 25116 25116 I am_on_paused_called: [0,com.android.dialer.TwelveKeyDialer,handlePauseActivity]
05-26 14:06:04.897  2923 10350 I am_proc_died: [0,24340,com.tencent.reading:PushService]
05-26 14:06:04.898  2923 10350 I am_schedule_service_restart: [0,com.tencent.reading/.push.PushService,1000]
05-26 14:06:04.899  2923 10350 I am_low_memory: 62
05-26 14:06:04.906  2923 10335 I am_restart_activity: [0,12447759,513,com.iqoo.engineermode/.EngineerMode]
05-26 14:06:04.917  2923  3245 I sysui_count: [window_time_0,5]
05-26 14:06:04.918  2923  3245 I am_broadcast_discard_app: [0,133449755,android.net.wifi.RSSI_CHANGED,0,ResolveInfo{dd1db8 com.meelive.ingkee/.socketio.connection.internal.KAReceiver m=0x108000}]
05-26 14:06:04.918  2923  3245 I am_broadcast_discard_app: [0,133449755,android.net.wifi.RSSI_CHANGED,1,ResolveInfo{183e791 com.qq.ac.android/.receiver.BootReceiver m=0x108000}]
05-26 14:06:04.921  2923  3245 I am_broadcast_discard_app: [0,133449755,android.net.wifi.RSSI_CHANGED,2,ResolveInfo{ddf6f6 com.sdu.didi.psnger/com.didi.sdk.receiver.WifiReceiver m=0x108000}]
05-26 14:06:04.970 25300 25300 I am_on_resume_called: [0,com.iqoo.engineermode.EngineerMode,LAUNCH_ACTIVITY]
05-26 14:06:04.973  2923  3420 I sysui_action: [321,160]
05-26 14:06:04.973  2923  3420 I sysui_action: [320,1]
05-26 14:06:04.973  2923  3420 I sysui_action: [319,160]
05-26 14:06:05.059  2923  3420 I sysui_action: [322,246]
05-26 14:06:05.059  2923  3420 I am_activity_launch_time: [0,12447759,com.iqoo.engineermode/.EngineerMode,158,158]
05-26 14:06:05.274  2923  3245 I am_stop_activity: [0,188625422,com.android.dialer/.TwelveKeyDialer]
05-26 14:06:05.275 25116 25116 I am_on_stop_called: [0,com.android.dialer.TwelveKeyDialer,handleStopActivity]
05-26 14:06:05.306   513   513 I sf_frame_dur: [com.android.dialer/com.android.dialer.TwelveKeyDialer,39,1,3,3,3,1,0]
05-26 14:06:05.712  2923  4688 I am_proc_died: [0,23750,com.eg.android.AlipayGphone]
05-26 14:06:05.712  2923  4688 I am_schedule_service_restart: [0,com.eg.android.AlipayGphone/com.alipay.android.launcher.service.LauncherService,10185]
05-26 14:06:05.713  2923  4688 I am_low_memory: 61
05-26 14:06:05.804  2923  4570 I wm_task_moved: [513,1,14]
05-26 14:06:05.804  2923  4570 I am_create_activity: [0,45901113,513,com.iqoo.engineermode/.verifytest.EngineerVerifyTest,android.intent.action.MAIN,NULL,NULL,0]
05-26 14:06:05.805  2923  4570 I wm_task_moved: [513,1,14]
05-26 14:06:05.807  2923  4570 I am_focused_activity: [0,com.iqoo.engineermode/.verifytest.EngineerVerifyTest,startedActivity]
05-26 14:06:05.807  2923  4570 I am_pause_activity: [0,12447759,com.iqoo.engineermode/.EngineerMode]
05-26 14:06:05.811 25300 25300 I am_on_paused_called: [0,com.iqoo.engineermode.EngineerMode,handlePauseActivity]
05-26 14:06:05.817  2923 10329 I am_restart_activity: [0,45901113,513,com.iqoo.engineermode/.verifytest.EngineerVerifyTest]
05-26 14:06:05.822  2923  3245 I sysui_count: [window_time_0,1]
05-26 14:06:05.854 25300 25300 I am_on_resume_called: [0,com.iqoo.engineermode.verifytest.EngineerVerifyTest,LAUNCH_ACTIVITY]
05-26 14:06:05.909  2923  3245 I am_proc_start: [0,25335,10136,com.tencent.reading:PushService,service,com.tencent.reading/.push.PushService]
05-26 14:06:05.917  2923  4432 I am_proc_bound: [0,25335,com.tencent.reading:PushService]
05-26 14:06:05.925  2923  3420 I am_activity_launch_time: [0,45901113,com.iqoo.engineermode/.verifytest.EngineerVerifyTest,112,112]
05-26 14:06:05.928  2923 10360 I am_wtf  : [0,2923,system_server,-1,ActivityManager,Sending non-protected broadcast vivo.intent.action.PRELOAD_VIVOCAM from system 4503:com.vivo.daemonService/1000 pkg com.vivo.daemonService]
05-26 14:06:05.942  2923  3245 I am_proc_start: [0,25348,10093,com.android.camera,broadcast,com.android.camera/.PreloadCameraReceiver]
05-26 14:06:05.954  2923  3103 I am_proc_bound: [0,25348,com.android.camera]
05-26 14:06:06.019  2923 10335 I notification_cancel_all: [10093,25348,com.android.camera,0,0,64,9,NULL]
05-26 14:06:06.230  2923  3245 I am_stop_activity: [0,12447759,com.iqoo.engineermode/.EngineerMode]
05-26 14:06:06.231 25300 25300 I am_on_stop_called: [0,com.iqoo.engineermode.EngineerMode,handleStopActivity]
05-26 14:06:06.260   513   513 I sf_frame_dur: [com.iqoo.engineermode/com.iqoo.engineermode.EngineerMode,11,0,0,1,1,0,0]
05-26 14:06:07.225  2923  4570 I am_create_task: [0,514]
05-26 14:06:07.225  2923  4570 I am_create_activity: [0,234767133,514,com.android.bbklog/.BbkLogActivity,NULL,NULL,NULL,276824064]
05-26 14:06:07.227  2923  4570 I wm_task_created: [514,1]
05-26 14:06:07.227  2923  4570 I wm_task_moved: [514,1,15]
05-26 14:06:07.227  2923  4570 I wm_task_moved: [514,1,15]
05-26 14:06:07.228  2923  4570 I am_focused_activity: [0,com.android.bbklog/.BbkLogActivity,startedActivity]
05-26 14:06:07.261  2923  4570 I am_pause_activity: [0,45901113,com.iqoo.engineermode/.verifytest.EngineerVerifyTest]
05-26 14:06:07.282  2923  4570 I sysui_action: [323,com.android.bbklog/.BbkLogActivity]
05-26 14:06:07.282  2923  4570 I sysui_action: [324,true]
05-26 14:06:07.282  2923  4570 I sysui_action: [325,82673]
05-26 14:06:07.285 25300 25300 I am_on_paused_called: [0,com.iqoo.engineermode.verifytest.EngineerVerifyTest,handlePauseActivity]
05-26 14:06:07.292  2923  9685 I am_restart_activity: [0,234767133,514,com.android.bbklog/.BbkLogActivity]
05-26 14:06:07.301  2923  3420 I sysui_action: [321,93]
05-26 14:06:07.301  2923  3245 I sysui_count: [window_time_0,1]
05-26 14:06:07.303  2923  3420 I sysui_action: [320,1]
05-26 14:06:07.303  2923  3420 I sysui_action: [319,95]
05-26 14:06:07.384  3143  3143 I am_on_resume_called: [0,com.android.bbklog.BbkLogActivity,LAUNCH_ACTIVITY]
05-26 14:06:07.517  2923  3420 I sysui_action: [322,309]
05-26 14:06:07.517  2923  3420 I am_activity_launch_time: [0,234767133,com.android.bbklog/.BbkLogActivity,230,230]
05-26 14:06:07.604  2923  3245 I am_stop_activity: [0,45901113,com.iqoo.engineermode/.verifytest.EngineerVerifyTest]
05-26 14:06:07.605 25300 25300 I am_on_stop_called: [0,com.iqoo.engineermode.verifytest.EngineerVerifyTest,handleStopActivity]
05-26 14:06:07.631   513   513 I sf_frame_dur: [com.iqoo.engineermode/com.iqoo.engineermode.verifytest.EngineerVerifyTest,5,0,1,0,0,2,0]
05-26 14:06:07.732   513   513 I sf_frame_dur: [Starting com.android.bbklog,1,0,0,0,0,0,0]
05-26 14:06:07.932  2923  3245 I am_broadcast_discard_app: [0,39200850,android.net.wifi.RSSI_CHANGED,0,ResolveInfo{645723 com.meelive.ingkee/.socketio.connection.internal.KAReceiver m=0x108000}]
05-26 14:06:07.932  2923  3245 I am_broadcast_discard_app: [0,39200850,android.net.wifi.RSSI_CHANGED,1,ResolveInfo{557f420 com.qq.ac.android/.receiver.BootReceiver m=0x108000}]
05-26 14:06:07.933  2923  3245 I am_broadcast_discard_app: [0,39200850,android.net.wifi.RSSI_CHANGED,2,ResolveInfo{394e1d9 com.sdu.didi.psnger/com.didi.sdk.receiver.WifiReceiver m=0x108000}]
05-26 14:06:08.150  2923  3103 I wm_task_moved: [514,1,15]
05-26 14:06:08.151  2923  3103 I wm_task_moved: [514,1,15]
05-26 14:06:08.151  2923  3103 I am_create_activity: [0,168458142,514,com.android.bbklog/.SettingActivity,NULL,NULL,NULL,276824064]
05-26 14:06:08.152  2923  3103 I wm_task_moved: [514,1,15]
05-26 14:06:08.154  2923  3103 I am_focused_activity: [0,com.android.bbklog/.SettingActivity,startedActivity]
05-26 14:06:08.154  2923  3103 I am_pause_activity: [0,234767133,com.android.bbklog/.BbkLogActivity]
05-26 14:06:08.156  2923  3103 I sysui_action: [323,com.android.bbklog/.BbkLogActivity]
05-26 14:06:08.156  2923  3103 I sysui_action: [324,true]
05-26 14:06:08.156  2923  3103 I sysui_action: [325,82674]
05-26 14:06:08.158  3143  3143 I am_on_paused_called: [0,com.android.bbklog.BbkLogActivity,handlePauseActivity]
05-26 14:06:08.162  2923  9670 I am_restart_activity: [0,168458142,514,com.android.bbklog/.SettingActivity]
05-26 14:06:08.167  2923  3245 I sysui_count: [window_time_0,1]
05-26 14:06:08.192  3143  3143 I am_on_resume_called: [0,com.android.bbklog.SettingActivity,LAUNCH_ACTIVITY]
05-26 14:06:08.257  2923  3420 I sysui_action: [320,2]
05-26 14:06:08.257  2923  3420 I sysui_action: [319,110]
05-26 14:06:08.257  2923  3420 I sysui_action: [322,110]
05-26 14:06:08.257  2923  3420 I am_activity_launch_time: [0,168458142,com.android.bbklog/.SettingActivity,97,97]
05-26 14:06:08.573  2923  3245 I am_stop_activity: [0,234767133,com.android.bbklog/.BbkLogActivity]
05-26 14:06:08.573  3143  3143 I am_on_stop_called: [0,com.android.bbklog.BbkLogActivity,handleStopActivity]
05-26 14:06:08.602   513   513 I sf_frame_dur: [com.android.bbklog/com.android.bbklog.BbkLogActivity,1,0,0,1,1,0,0]
05-26 14:06:10.114  2923  2923 I notification_canceled: [0|com.android.bbklog|1|null|1000,8,33517,33517,0]
05-26 14:06:10.128  2923 31160 I notification_canceled: [0|com.android.bbklog|2147483647|group_key_override|1000|ranker_bundle,16,33505,33505,0]
05-26 14:06:10.197  2923  2923 I notification_enqueue: [1000,3143,com.android.bbklog,1,NULL,0,Notification(pri=0 contentView=com.android.bbklog/0x3030028 vibrate=null sound=null defaults=0x0 flags=0x40 color=0x00000000 vis=PRIVATE),0]
05-26 14:06:10.205  2923 10329 I notification_autogrouped: 0|com.android.bbklog|1|null|1000
05-26 14:06:10.206  2923  2923 I notification_enqueue: [1000,3143,com.android.bbklog,2147483647,group_key_override,0,Notification(pri=0 contentView=null vibrate=null sound=null defaults=0x0 flags=0x700 color=0x00000000 groupKey=ranker_bundle vis=PRIVATE),0]
05-26 14:06:10.208   513   513 I sf_frame_dur: [com.android.bbklog/com.android.bbklog.SettingActivity,0,0,0,0,1,0,0]
05-26 14:06:10.213  2923  4688 I notification_autogrouped: 0|com.android.bbklog|1|null|1000
05-26 14:06:10.598  2923  4569 I am_proc_died: [0,25348,com.android.camera]
05-26 14:06:10.953  2923  3245 I am_broadcast_discard_app: [0,260894587,android.net.wifi.RSSI_CHANGED,0,ResolveInfo{41ba198 com.meelive.ingkee/.socketio.connection.internal.KAReceiver m=0x108000}]
05-26 14:06:10.954  2923  3245 I am_broadcast_discard_app: [0,260894587,android.net.wifi.RSSI_CHANGED,1,ResolveInfo{e904df1 com.qq.ac.android/.receiver.BootReceiver m=0x108000}]
05-26 14:06:10.955  2923  3245 I am_broadcast_discard_app: [0,260894587,android.net.wifi.RSSI_CHANGED,2,ResolveInfo{496cdd6 com.sdu.didi.psnger/com.didi.sdk.receiver.WifiReceiver m=0x108000}]
05-26 14:06:11.603  2923  3101 I am_wtf  : [0,2923,system_server,-1,ActivityManager,Sending non-protected broadcast vivo.intent.action.PRELOAD_VIVOCAM from system 4503:com.vivo.daemonService/1000 pkg com.vivo.daemonService]
05-26 14:06:11.621  2923  3245 I am_proc_start: [0,25488,10093,com.android.camera,broadcast,com.android.camera/.PreloadCameraReceiver]
05-26 14:06:11.646  2923 10343 I am_proc_bound: [0,25488,com.android.camera]
05-26 14:06:11.707  2923  3243 I am_pss  : [8757,10081,com.vivo.safecenter,10520576,9883648,0]
05-26 14:06:11.735  2923 10351 I notification_cancel_all: [10093,25488,com.android.camera,0,0,64,9,NULL]
05-26 14:06:11.748  2923  3243 I am_pss  : [6935,10063,com.iqoo.secure:remote,37152768,35590144,0]
05-26 14:06:13.977  2923  3245 I am_broadcast_discard_app: [0,235842383,android.net.wifi.RSSI_CHANGED,0,ResolveInfo{28b32dc com.meelive.ingkee/.socketio.connection.internal.KAReceiver m=0x108000}]
05-26 14:06:13.978  2923  3245 I am_broadcast_discard_app: [0,235842383,android.net.wifi.RSSI_CHANGED,1,ResolveInfo{ebdfe5 com.qq.ac.android/.receiver.BootReceiver m=0x108000}]
05-26 14:06:13.980  2923  3245 I am_broadcast_discard_app: [0,235842383,android.net.wifi.RSSI_CHANGED,2,ResolveInfo{2c44aba com.sdu.didi.psnger/com.didi.sdk.receiver.WifiReceiver m=0x108000}]
05-26 14:06:16.999  2923  3245 I am_broadcast_discard_app: [0,121579165,android.net.wifi.RSSI_CHANGED,0,ResolveInfo{e157712 com.meelive.ingkee/.socketio.connection.internal.KAReceiver m=0x108000}]
05-26 14:06:17.000  2923  3245 I am_broadcast_discard_app: [0,121579165,android.net.wifi.RSSI_CHANGED,1,ResolveInfo{3575ee3 com.qq.ac.android/.receiver.BootReceiver m=0x108000}]
05-26 14:06:17.002  2923  3245 I am_broadcast_discard_app: [0,121579165,android.net.wifi.RSSI_CHANGED,2,ResolveInfo{1aec0e0 com.sdu.didi.psnger/com.didi.sdk.receiver.WifiReceiver m=0x108000}]
05-26 14:06:20.025  2923  3245 I am_broadcast_discard_app: [0,177669695,android.net.wifi.RSSI_CHANGED,0,ResolveInfo{9ef0b0c com.meelive.ingkee/.socketio.connection.internal.KAReceiver m=0x108000}]
05-26 14:06:20.026  2923  3245 I am_broadcast_discard_app: [0,177669695,android.net.wifi.RSSI_CHANGED,1,ResolveInfo{76d8c55 com.qq.ac.android/.receiver.BootReceiver m=0x108000}]
05-26 14:06:20.027  2923  3245 I am_broadcast_discard_app: [0,177669695,android.net.wifi.RSSI_CHANGED,2,ResolveInfo{924d66a com.sdu.didi.psnger/com.didi.sdk.receiver.WifiReceiver m=0x108000}]
05-26 14:06:20.106  2923  3243 I am_pss  : [3143,1000,com.android.bbklog,28020736,25432064,0]
05-26 14:06:23.048  2923  3245 I am_broadcast_discard_app: [0,222795985,android.net.wifi.RSSI_CHANGED,0,ResolveInfo{ab1ef36 com.meelive.ingkee/.socketio.connection.internal.KAReceiver m=0x108000}]
05-26 14:06:23.050  2923  3245 I am_broadcast_discard_app: [0,222795985,android.net.wifi.RSSI_CHANGED,1,ResolveInfo{e697e37 com.qq.ac.android/.receiver.BootReceiver m=0x108000}]
05-26 14:06:23.051  2923  3245 I am_broadcast_discard_app: [0,222795985,android.net.wifi.RSSI_CHANGED,2,ResolveInfo{ce9afa4 com.sdu.didi.psnger/com.didi.sdk.receiver.WifiReceiver m=0x108000}]
05-26 14:06:23.057  2923  3245 I am_mem_factor: [2,3]
05-26 14:06:23.109  2923  3243 I am_pss  : [5611,1000,com.vivo.doubleinstance,6324224,5677056,0]
05-26 14:06:23.203  2923  3243 I am_pss  : [5754,10034,com.bbk.launcher2,116745216,114876416,0]
05-26 14:06:23.241  2923  3243 I am_pss  : [6141,10011,android.process.media,36764672,35934208,0]
05-26 14:06:23.370  2923  3243 I am_pss  : [6417,10129,com.tencent.mobileqq,107925504,102424576,0]
05-26 14:06:23.399  2923  3243 I am_pss  : [6369,10129,com.tencent.mobileqq:MSF,21219328,18415616,0]
05-26 14:06:23.465  2923  3243 I am_pss  : [20911,10133,com.tencent.mm,148649984,142594048,0]
05-26 14:06:23.515  2923  3243 I am_pss  : [4303,10062,com.baidu.input_bbk.service,53266432,48791552,0]
05-26 14:06:23.548  2923  3243 I am_pss  : [9794,1001,com.android.incallui,33159168,32190464,0]
05-26 14:06:23.576  2923  3243 I am_pss  : [6692,1000,com.vivo.permissionmanager,33949696,32780288,0]
