05-13 12:40:29.789  4060  5143 I am_resume_activity: [0,46280169,6,com.tencent.mobileqq/.activity.SplashActivity]
05-13 12:40:29.789  4060  5143 I am_pause_activity: [0,46280169,com.tencent.mobileqq/.activity.SplashActivity]
05-13 12:40:29.792  4060  5143 I am_task_to_front: [0,6]
05-13 12:40:29.792  4060  5143 I wm_task_moved: [6,1,19]
05-13 12:40:29.793  4060  5143 I am_create_activity: [0,246401512,6,com.tencent.mobileqq/.activity.NotificationActivity,mqq.intent.action.ACCOUNT_KICKED,NULL,NULL,272629760]
05-13 12:40:29.795  4060  5143 I wm_task_moved: [6,1,19]
05-13 12:40:29.796  4060  5143 I am_focused_activity: [0,com.tencent.mobileqq/.activity.NotificationActivity,startedActivity]
05-13 12:40:29.799  4060  5143 I sysui_action: [323,com.tencent.mobileqq/.activity.SplashActivity]
05-13 12:40:29.799  4060  5143 I sysui_action: [324,true]
05-13 12:40:29.799  4060  5143 I sysui_action: [325,165273]
05-13 12:40:29.812  4060 17968 I am_new_intent: [0,194677891,6,com.tencent.mobileqq/.activity.NotificationActivity,mqq.intent.action.ACCOUNT_KICKED,NULL,NULL,268435456]
05-13 12:40:29.814  4060 17968 I wm_task_moved: [6,1,19]
05-13 12:40:29.870   513   513 I sf_frame_dur: [com.bbk.launcher2/com.bbk.launcher2.Launcher,90,1,1,1,1,0,2]
05-13 12:40:29.906 10441 10441 I am_on_resume_called: [0,com.tencent.mobileqq.activity.SplashActivity,RESUME_ACTIVITY]
05-13 12:40:29.919 10441 10441 I am_on_paused_called: [0,com.tencent.mobileqq.activity.SplashActivity,handlePauseActivity]
05-13 12:40:29.928  4060 17967 I am_restart_activity: [0,246401512,6,com.tencent.mobileqq/.activity.NotificationActivity]
05-13 12:40:29.936  4060 17967 I am_pause_activity: [0,246401512,com.tencent.mobileqq/.activity.NotificationActivity]
05-13 12:40:29.938  4060  4102 I am_stop_activity: [0,46280169,com.tencent.mobileqq/.activity.SplashActivity]
05-13 12:40:29.943  4060  4102 I sysui_count: [window_time_0,1819]
05-13 12:40:29.956  4060  6527 I am_proc_died: [0,15573,com.tencent.mobileqq:tool]
05-13 12:40:30.173 10441 10441 I am_on_resume_called: [0,com.tencent.mobileqq.activity.NotificationActivity,LAUNCH_ACTIVITY]
05-13 12:40:30.181 10441 10441 I am_on_paused_called: [0,com.tencent.mobileqq.activity.NotificationActivity,handlePauseActivity]
05-13 12:40:30.184  4060  4102 I am_stop_activity: [0,246401512,com.tencent.mobileqq/.activity.NotificationActivity]
05-13 12:40:30.352  4060  4111 I am_activity_launch_time: [0,246401512,com.tencent.mobileqq/.activity.NotificationActivity,416,431]
05-13 12:40:30.924  4060  5539 I am_proc_died: [0,27682,com.tencent.mobileqq:qzone]
05-13 12:40:30.925  4060  5539 I am_schedule_service_restart: [0,com.tencent.mobileqq/cooperation.qzone.remote.logic.QzoneWebPluginProxyService,1000]
05-13 12:40:31.948  4060  4102 I am_proc_start: [0,27806,10128,com.tencent.mobileqq:qzone,service,com.tencent.mobileqq/cooperation.qzone.remote.logic.QzoneWebPluginProxyService]
05-13 12:40:31.973  4060  9064 I am_proc_bound: [0,27806,com.tencent.mobileqq:qzone]
05-13 12:42:17.470  4060  4300 I am_wtf  : [0,4060,system_server,-1,ActivityManager,Sending non-protected broadcast com.vivo.push.AlarmAciton.Retry from system uid 1000 pkg com.vivo.abe]
05-13 12:42:17.530  4060 23035 I am_broadcast_discard_app: [0,171406514,NULL,0,ResolveInfo{2d71c03 com.happyelements.AndroidAnimal/com.happyelements.gsp.android.notification.gcn.GcnBroadcastReceiver m=0x0}]
05-13 12:42:17.566  4060  5539 I am_broadcast_discard_app: [0,162536364,NULL,0,ResolveInfo{b726075 com.happyelements.AndroidAnimal/com.happyelements.gsp.android.notification.gcn.GcnBroadcastReceiver m=0x0}]
05-13 12:42:17.599  4060  4100 I am_pss  : [7375,10034,com.bbk.launcher2,94560256,91615232,0]
05-13 12:42:17.638  4060  4100 I am_pss  : [27806,10128,com.tencent.mobileqq:qzone,36050944,31875072,0]
05-13 12:42:17.665  4060  4100 I am_pss  : [6575,1000,com.vivo.doubleinstance,4291584,3555328,0]
05-13 12:42:17.684  4060  4100 I am_pss  : [11158,10081,com.vivo.safecenter,6344704,5545984,0]
05-13 12:42:17.695  4060  4060 I notification_enqueue: [10156,20648,com.tencent.mtt,83,NULL,0,Notification(pri=2 contentView=com.tencent.mtt/0x7f03003d vibrate=null sound=null defaults=0x0 flags=0x222 color=0x00000000 groupKey=83 vis=PRIVATE),0]
05-13 12:42:17.707  4060  4100 I am_pss  : [8885,10063,com.iqoo.secure:remote,34184192,32681984,0]
05-13 12:42:18.076  4060 23054 I am_create_task: [0,108]
05-13 12:42:18.076  4060 23054 I am_create_activity: [0,62682191,108,com.tencent.mtt/.base.notification.LockScreenTipsActivity,NULL,NULL,NULL,276824064]
05-13 12:42:18.078  4060 23054 I wm_task_created: [108,1]
05-13 12:42:18.079  4060 23054 I wm_task_moved: [108,1,20]
05-13 12:42:18.079  4060 23054 I wm_task_moved: [108,1,20]
05-13 12:42:18.081  4060 23054 I am_focused_activity: [0,com.tencent.mtt/.base.notification.LockScreenTipsActivity,startedActivity]
05-13 12:42:18.093  4060 23054 I am_restart_activity: [0,62682191,108,com.tencent.mtt/.base.notification.LockScreenTipsActivity]
05-13 12:42:18.097  4060 23054 I am_pause_activity: [0,62682191,com.tencent.mtt/.base.notification.LockScreenTipsActivity]
05-13 12:42:18.102  4060 23054 I sysui_action: [323,com.tencent.mtt/.base.notification.LockScreenTipsActivity]
05-13 12:42:18.102  4060 23054 I sysui_action: [324,true]
05-13 12:42:18.102  4060 23054 I sysui_action: [325,165381]
05-13 12:42:18.108  4060  4111 I sysui_action: [320,3]
05-13 12:42:18.108  4060  4111 I sysui_action: [319,65]
05-13 12:42:18.133 10441 10441 I am_on_stop_called: [0,com.tencent.mobileqq.activity.NotificationActivity,handleWindowVisibility]
05-13 12:42:18.138 10441 10441 I am_on_stop_called: [0,com.tencent.mobileqq.activity.SplashActivity,handleWindowVisibility]
05-13 12:42:18.260 20648 20648 I am_on_resume_called: [0,com.tencent.mtt.base.notification.LockScreenTipsActivity,LAUNCH_ACTIVITY]
05-13 12:42:18.266 20648 20648 I am_on_paused_called: [0,com.tencent.mtt.base.notification.LockScreenTipsActivity,handlePauseActivity]
05-13 12:42:18.268  4060  4102 I am_stop_activity: [0,62682191,com.tencent.mtt/.base.notification.LockScreenTipsActivity]
05-13 12:42:18.273  4060  4102 I sysui_count: [window_time_0,109]
05-13 12:42:18.317 20648 20648 I am_on_stop_called: [0,com.tencent.mtt.base.notification.LockScreenTipsActivity,sleeping]
05-13 12:42:18.339  4060  4102 I am_broadcast_discard_app: [0,73219413,android.net.wifi.STATE_CHANGE,0,ResolveInfo{921336a com.UCMobile/com.uc.browser.business.openwifi.NetworkConnectReceiver p=1000 m=0x108000}]
05-13 12:42:18.353  4060  4102 I am_proc_start: [0,27924,10113,com.vivo.game,broadcast,com.vivo.game/.update.UpdateDownloadReceiver]
05-13 12:42:18.369  4060  6527 I am_proc_bound: [0,27924,com.vivo.game]
05-13 12:42:18.391  4060  4111 I sysui_action: [322,348]
05-13 12:42:18.391  4060  4111 I am_activity_launch_time: [0,62682191,com.tencent.mtt/.base.notification.LockScreenTipsActivity,293,307]
05-13 12:42:18.398  5202  5202 I sysui_view_visibility: [111,0]
05-13 12:42:18.407  5202  5202 I sysui_status_bar_state: [0,1,1,0,1,0]
05-13 12:42:18.414  4060 17973 I notification_expansion: [0|com.android.bbklog|2147483647|group_key_override|1000|ranker_bundle,0,1,4226957,4226957,1922234]
05-13 12:42:18.415  4060 23035 I notification_expansion: [0|com.android.bbklog|1|null|1000,0,1,4226982,4226982,1922235]
05-13 12:42:18.467   513   513 I sf_frame_dur: [SurfaceView - StatusBar,0,4,4,0,0,0,0]
05-13 12:42:18.574  4060 17968 I am_broadcast_discard_app: [0,73219413,android.net.wifi.STATE_CHANGE,3,ResolveInfo{88a03c3 com.baidu.netdisk/com.baidu.cyberplayer.dlna.NetworkChangeReceiver m=0x108000}]
05-13 12:42:18.575  4060  4102 I am_broadcast_discard_app: [0,73219413,android.net.wifi.STATE_CHANGE,4,ResolveInfo{bbb3440 com.handsgo.jiakao.android/cn.mucang.android.gamecenter.receiver.GameNetworkReceiver m=0x108000}]
05-13 12:42:18.576  4060  4102 I am_broadcast_discard_app: [0,73219413,android.net.wifi.STATE_CHANGE,5,ResolveInfo{220ef79 com.hunantv.imgo.activity/com.mangogamehall.receiver.GHWifiStateReceiver m=0x108000}]
05-13 12:42:19.990  4060 23154 I am_proc_died: [0,27924,com.vivo.game]
05-13 12:42:19.991  4060 23154 I am_schedule_service_restart: [0,com.vivo.game/.update.GameReceiverService,1000]
05-13 12:43:02.097  4060  4300 I am_wtf  : [0,4060,system_server,-1,ActivityManager,Sending non-protected broadcast com.vivo.pem.power from system uid 1000 pkg com.vivo.pem]
05-13 12:43:02.192  4060  4100 I am_pss  : [20648,10156,com.tencent.mtt:service,40853504,30838784,0]
05-13 12:43:02.244  4060  4100 I am_pss  : [19554,10156,com.tencent.mtt,22087680,13574144,0]
05-13 12:43:02.246  4060  4100 I sync    : [com.huajiao.account.syncprovider,0,4,1064065]
05-13 12:43:02.275  4060  4100 I sync    : [com.tencent.news.account,0,4,1022781436]
05-13 12:43:02.361  4060 23153 I am_kill : [0,27621,android.ext.services,100,stop android.ext.services]
05-13 12:43:02.361  4060 23153 I am_schedule_service_restart: [0,android.ext.services/.notification.Ranker,1000]
05-13 12:43:02.373  4060  4060 I notification_cancel_all: [1000,4060,android.ext.services,0,0,0,5,NULL]
05-13 12:43:02.414  4060  4060 I am_proc_start: [0,28005,10013,android.ext.services,service,android.ext.services/.notification.Ranker]
05-13 12:43:02.419  4060 23155 I am_broadcast_discard_app: [0,209221607,android.intent.action.PACKAGE_RESTARTED,4,ResolveInfo{d5f2100 com.jingdong.app.mall/.broadcastReceiver.AppStateRecevier m=0x208000}]
05-13 12:43:02.431  4060  5565 I am_proc_bound: [0,28005,android.ext.services]
05-13 12:43:02.494  4060  5554 I notification_autogrouped: 0|com.android.bbklog|1|null|1000
05-13 12:43:02.497  4060 17965 I notification_autogrouped: 0|com.android.bbklog|1|null|1000
05-13 12:43:02.499  4060  9064 I notification_autogrouped: 0|com.bbk.iqoo.logsystem|3|null|10064
05-13 12:43:02.501  4060 17973 I notification_autogrouped: 0|com.bbk.iqoo.logsystem|3|null|10064
05-13 12:43:03.658  4060  4060 I notification_enqueue: [10156,20648,com.tencent.mtt,83,NULL,0,Notification(pri=2 contentView=com.tencent.mtt/0x7f03003d vibrate=null sound=null defaults=0x0 flags=0x222 color=0x00000000 groupKey=83 vis=PRIVATE),0]
05-13 12:43:04.668  4060  4060 I notification_cancel_all: [1000,4060,com.vivo.game,0,0,0,5,NULL]
05-13 12:43:04.717  4060  4077 I am_broadcast_discard_app: [0,64828810,android.intent.action.PACKAGE_RESTARTED,4,ResolveInfo{e3c07fb com.jingdong.app.mall/.broadcastReceiver.AppStateRecevier m=0x208000}]
05-13 12:43:05.498  4060  5565 I am_kill : [0,20648,com.tencent.mtt:service,0,stop com.tencent.mtt]
05-13 12:43:05.501  4060  5565 I am_schedule_service_restart: [0,com.tencent.mtt/.browser.push.service.PushRemoteService,1000]
05-13 12:43:05.502  4060  5565 I am_focused_activity: [-1,NULL,resetFocusedActivityIfNeeded]
05-13 12:43:05.518  4060  5565 I am_proc_start: [0,28019,10156,com.tencent.mtt:service,activity,com.tencent.mtt/.base.notification.LockScreenTipsActivity]
05-13 12:43:05.558   513   513 I sf_frame_dur: [,0,0,0,0,1,0,1]
05-13 12:43:05.576  4060  5565 I am_kill : [0,19554,com.tencent.mtt,700,stop com.tencent.mtt]
05-13 12:43:05.577  4060  5565 I am_schedule_service_restart: [0,com.tencent.mtt/.BrowserService,1000]
05-13 12:43:05.580  4060  5565 I am_finish_activity: [0,62682191,108,com.tencent.mtt/.base.notification.LockScreenTipsActivity,force-stop]
05-13 12:43:05.589  4060  5565 I am_finish_activity: [0,188500443,107,com.tencent.mtt/.MainActivity,force-stop]
05-13 12:43:05.602  4060  5565 I am_resume_activity: [0,246401512,6,com.tencent.mobileqq/.activity.NotificationActivity]
05-13 12:43:05.603  4060  5565 I am_pause_activity: [0,246401512,com.tencent.mobileqq/.activity.NotificationActivity]
05-13 12:43:05.614  4060 17968 I am_proc_bound: [0,28019,com.tencent.mtt:service]
05-13 12:43:05.646  4060 17968 I am_mem_factor: [2,3]
05-13 12:43:05.648  4060  4102 I am_destroy_activity: [0,62682191,108,com.tencent.mtt/.base.notification.LockScreenTipsActivity,finish-imm]
05-13 12:43:05.655  4060  4102 I wm_task_removed: [108,removeAppToken: last token]
05-13 12:43:05.657  4060  4102 I wm_task_removed: [108,removeTask]
05-13 12:43:05.658  4060  4102 I am_destroy_activity: [0,188500443,107,com.tencent.mtt/.MainActivity,finish-idle]
05-13 12:43:05.659  4060  4102 I wm_task_removed: [107,removeAppToken: last token]
05-13 12:43:05.659  4060  4102 I wm_task_removed: [107,removeTask]
05-13 12:43:05.674  4060  4060 I notification_cancel_all: [1000,4060,com.tencent.mtt,0,0,0,5,NULL]
05-13 12:43:05.699 10441 10441 I am_on_resume_called: [0,com.tencent.mobileqq.activity.NotificationActivity,RESUME_ACTIVITY]
05-13 12:43:05.701 10441 10441 I am_on_paused_called: [0,com.tencent.mobileqq.activity.NotificationActivity,handlePauseActivity]
05-13 12:43:05.732  4060  5536 I am_wtf  : [0,4060,system_server,-1,ActivityManager,Sending non-protected broadcast action.com.vlife.provider.sync from system 5202:com.android.systemui/u0a24 pkg com.android.systemui]
05-13 12:43:05.733  4060  5536 I am_wtf  : [0,4060,system_server,-1,ActivityManager,Sending non-protected broadcast action.com.vlife.provider.sync from system 5202:com.android.systemui/u0a24 pkg com.android.systemui]
05-13 12:43:05.739  4060  4102 I am_stop_activity: [0,246401512,com.tencent.mobileqq/.activity.NotificationActivity]
05-13 12:43:05.742  4060  4102 I sysui_count: [window_time_0,47]
05-13 12:43:05.744  4060  5554 I am_wtf  : [0,4060,system_server,-1,ActivityManager,Sending non-protected broadcast action.com.vlife.provider.sync from system 5202:com.android.systemui/u0a24 pkg com.android.systemui]
05-13 12:43:05.745  4060  5554 I am_wtf  : [0,4060,system_server,-1,ActivityManager,Sending non-protected broadcast action.com.vlife.provider.sync from system 5202:com.android.systemui/u0a24 pkg com.android.systemui]
05-13 12:43:05.751  4060  5565 I am_broadcast_discard_app: [0,208071650,android.intent.action.PACKAGE_RESTARTED,4,ResolveInfo{ebff5c7 com.jingdong.app.mall/.broadcastReceiver.AppStateRecevier m=0x208000}]
05-13 12:43:05.766  4060 17967 I am_proc_start: [0,28037,10089,com.vlife.vivo.wallpaper:main,service,com.vlife.vivo.wallpaper/com.vlife.TService]
05-13 12:43:05.794  4060  6527 I am_proc_bound: [0,28037,com.vlife.vivo.wallpaper:main]
05-13 12:43:05.811  4060  5536 I am_wtf  : [0,4060,system_server,-1,ActivityManager,Sending non-protected broadcast action.com.vlife.provider.sync from system 5202:com.android.systemui/u0a24 pkg com.android.systemui]
05-13 12:43:05.813  4060  5536 I am_wtf  : [0,4060,system_server,-1,ActivityManager,Sending non-protected broadcast action.com.vlife.provider.sync from system 5202:com.android.systemui/u0a24 pkg com.android.systemui]
05-13 12:43:05.816  4060 17971 I am_wtf  : [0,4060,system_server,-1,ActivityManager,Sending non-protected broadcast action.com.vlife.provider.sync from system 5202:com.android.systemui/u0a24 pkg com.android.systemui]
05-13 12:43:05.818  4060 17971 I am_wtf  : [0,4060,system_server,-1,ActivityManager,Sending non-protected broadcast action.com.vlife.provider.sync from system 5202:com.android.systemui/u0a24 pkg com.android.systemui]
05-13 12:43:05.877  5202  5202 I sysui_view_visibility: [111,100]
05-13 12:43:05.911  5202  5202 I sysui_status_bar_state: [1,1,0,0,1,0]
05-13 12:43:06.029  4060  5309 I am_proc_start: [0,28064,10156,com.tencent.mtt,content provider,com.tencent.mtt/.base.stat.StatServer]
05-13 12:43:06.039  4060  9064 I am_proc_bound: [0,28064,com.tencent.mtt]
05-13 12:43:06.045  4060  4100 I am_meminfo: [520880128,480727040,0,345604096,228464640]
05-13 12:43:06.121  4060  4100 I am_pss  : [10441,10128,com.tencent.mobileqq,209909760,202182656,0]
05-13 12:43:06.159  4060  4100 I am_pss  : [7786,10128,com.tencent.mobileqq:MSF,29730816,27410432,0]
05-13 12:43:06.190  4060  4100 I am_pss  : [7375,10034,com.bbk.launcher2,96333824,93310976,0]
05-13 12:43:06.214  4060  4100 I am_pss  : [27806,10128,com.tencent.mobileqq:qzone,36801536,32530432,0]
05-13 12:43:06.231  4060  4100 I am_pss  : [6575,1000,com.vivo.doubleinstance,4291584,3555328,0]
05-13 12:43:06.270  4060  4100 I am_pss  : [7930,10132,com.tencent.mm,110096384,105578496,0]
05-13 12:43:06.290  4060  4100 I am_pss  : [6631,1000,com.android.bbklog,27138048,24961024,0]
05-13 12:43:06.321  4060  4100 I am_pss  : [5085,10062,com.baidu.input_bbk.service,59386880,54960128,0]
05-13 12:43:06.337  4060  4100 I am_pss  : [12412,10128,com.tencent.mobileqq:TMAssistantDownloadSDKService,17569792,15839232,0]
05-13 12:43:06.354  4060  4100 I am_pss  : [5403,1000,com.android.settings,20793344,19451904,0]
05-13 12:43:06.370  4060  4100 I am_pss  : [16602,10085,com.vivo.secime.service,17360896,11038720,0]
05-13 12:43:06.384  4060  4100 I am_pss  : [4971,1000,com.vivo.appfilter,7928832,7049216,0]
05-13 12:43:06.398  4060  4100 I am_pss  : [28005,10013,android.ext.services,4514816,2510848,0]
05-13 12:43:06.913  4060  4100 I am_pss  : [5857,10064,com.bbk.iqoo.logsystem,59134976,57434112,0]
05-13 12:43:06.927  4060  4100 I am_pss  : [15831,1000,com.qti.service.colorservice,3730432,2985984,0]
05-13 12:43:06.943  4060  4100 I am_pss  : [15967,10030,com.bbk.appstore,12602368,10723328,0]
05-13 12:43:06.957  4060  4100 I am_pss  : [6950,1000,com.vivo.wifi.networkdetect,4832256,3919872,0]
05-13 12:43:06.972  4060  4100 I am_pss  : [16654,10056,com.vivo.doubletimezoneclock,13158400,11739136,0]
05-13 12:43:06.986  4060  4100 I am_pss  : [12702,10028,com.vivo.audiofx,5246976,4325376,0]
05-13 12:43:07.001  4060  4100 I am_pss  : [25708,1000,com.volte.config,3296256,2379776,0]
05-13 12:43:07.015  4060  4100 I am_pss  : [25684,1000,com.qualcomm.display,3404800,2494464,0]
05-13 12:43:07.031  4060  4100 I am_pss  : [25602,10087,com.bbk.updater,10079232,8601600,0]
05-13 12:43:07.046  4060  4100 I am_pss  : [25633,10092,com.android.camera,13860864,11620352,0]
05-13 12:43:07.061  4060  4100 I am_pss  : [21539,10011,android.process.media,7217152,5758976,0]
05-13 12:43:07.075  4060  4100 I am_pss  : [25551,1000,com.qualcomm.qti.appnetaccess,3665920,2686976,0]
05-13 12:43:07.091  4060  4100 I am_pss  : [20210,10002,android.process.acore,16150528,14123008,0]
05-13 12:43:07.106  4060  4100 I am_pss  : [25218,10045,com.vivo.weather.provider,12853248,11055104,0]
05-13 12:43:07.121  4060  4100 I am_pss  : [14795,10097,com.vivo.gallery,5902336,4182016,0]
05-13 12:43:07.135  4060  4100 I am_pss  : [25271,1000,org.simalliance.openmobileapi.service:remote,4591616,3297280,0]
05-13 12:43:07.164  4060  4100 I am_pss  : [24614,10155,com.eg.android.AlipayGphone,68020224,58675200,0]
05-13 12:43:07.183  4060  4100 I am_pss  : [23624,10155,com.eg.android.AlipayGphone:push,32451584,24117248,0]
05-13 12:43:07.202  4060  4100 I am_pss  : [8522,10055,com.vivo.devicereg,41171968,40108032,0]
05-13 12:43:07.216  4060  4100 I am_pss  : [18605,10041,com.android.BBKClock,4972544,3751936,0]
05-13 12:43:07.232  4060  4100 I am_pss  : [17284,10110,com.chaozh.iReader,13122560,11333632,0]
05-13 12:43:07.247  4060  4100 I am_pss  : [16755,1000,com.vivo.abe:pushservice_v1,13179904,11091968,0]
05-13 12:43:07.264  4060  4100 I am_pss  : [5482,1000,com.vivo.smartmultiwindow,20682752,19120128,0]
05-13 12:43:07.279  4060  4100 I am_pss  : [11158,10081,com.vivo.safecenter,6344704,5545984,0]
05-13 12:43:07.294  4060  4100 I am_pss  : [14966,10101,com.vivo.sdkplugin,4870144,3264512,0]
05-13 12:43:07.315  4060  4100 I am_pss  : [20188,10132,com.tencent.mm:tools,21020672,18145280,0]
05-13 12:43:07.332  4060  4100 I am_pss  : [7740,10132,com.tencent.mm:push,16805888,14958592,0]
05-13 12:43:07.353  4060  4100 I am_pss  : [9134,10128,com.tencent.mobileqq:openSdk,29132800,24367104,0]
05-13 12:43:07.370  4060  4100 I am_pss  : [9272,1000,com.vivo.permissionmanager,12134400,11272192,0]
05-13 12:43:07.387  4060  4100 I am_pss  : [19927,1001,com.android.incallui,17306624,15929344,0]
05-13 12:43:07.404  4060  4100 I am_pss  : [8885,10063,com.iqoo.secure:remote,34221056,32718848,0]
05-13 12:43:07.417  4060  4100 I am_pss  : [5788,10002,com.vivo.sim.contacts,4323328,3530752,0]
05-13 12:43:07.435  4060  4100 I am_pss  : [5066,1002,com.android.bluetooth,8808448,7557120,0]
05-13 12:43:07.450  4060  4100 I am_pss  : [9962,1000,com.vivo.intelliengine,10254336,9064448,0]
05-13 12:43:07.465  4060  4100 I am_pss  : [9904,10132,com.tencent.mm:exdevice,10017792,8728576,0]
05-13 12:43:07.480  4060  4100 I am_pss  : [5803,1001,com.qualcomm.qcrilmsgtunnel,3802112,3080192,0]
05-13 12:43:07.495  4060  4100 I am_pss  : [7978,10132,com.tencent.mm:recovery,7314432,5996544,0]
05-13 12:43:07.509  4060  4100 I am_pss  : [6494,10071,com.oma.drm.server,3663872,2945024,0]
05-13 12:43:07.524  4060  4100 I am_pss  : [6478,10017,com.baidu.map.location,12958720,11374592,0]
05-13 12:43:07.537  4060  4100 I am_pss  : [6467,1001,com.qualcomm.qti.loadcarrier,3383296,2674688,0]
05-13 12:43:07.552  4060  4100 I am_pss  : [6452,1000,com.alps.lcn,6603776,5677056,0]
05-13 12:43:07.568  4060  4100 I am_pss  : [6440,1000,com.vivo.abe,26318848,24526848,0]
05-13 12:43:07.590  4060  4100 I am_pss  : [5547,1001,com.android.phone,32453632,30830592,0]
05-13 12:43:07.613  4060  4100 I am_pss  : [7389,1000,com.vivo.upslide,114398208,112091136,0]
05-13 12:43:07.627  4060  4100 I am_pss  : [5513,1000,com.android.server.telecom,7677952,6815744,0]
05-13 12:43:07.642  4060  4100 I am_pss  : [5507,1000,.dataservices,7034880,6201344,0]
05-13 12:43:07.663  4060  4100 I am_pss  : [5389,1000,com.vivo.daemonService,28218368,26329088,0]
05-13 12:43:07.693  4060  4100 I am_pss  : [5202,10024,com.android.systemui,93812736,89427968,0]
05-13 12:43:07.747  4060  4100 I am_pss  : [4060,1000,system,149706752,145895424,0]
05-13 12:43:07.970  4060  4103 I am_wtf  : [0,4060,system_server,-1,ActivityManager,Sending non-protected broadcast vivo.intent.action.CHECK_ALERT_WINDOW from system 4060:system/1000 pkg android]
05-13 12:43:07.972  4060  4103 I am_wtf  : [0,4060,system_server,-1,ActivityManager,Sending non-protected broadcast vivo.intent.action.CHECK_ALERT_WINDOW from system 4060:system/1000 pkg android]
05-13 12:43:08.778  4060  4060 I notification_enqueue: [10156,28019,com.tencent.mtt,83,NULL,0,Notification(pri=2 contentView=com.tencent.mtt/0x7f03003d vibrate=null sound=null defaults=0x0 flags=0x222 color=0x00000000 groupKey=83 vis=PRIVATE),0]
05-13 12:43:08.779  4060  4060 I notification_enqueue: [10156,28019,com.tencent.mtt,83,NULL,0,Notification(pri=2 contentView=com.tencent.mtt/0x7f03003d vibrate=null sound=null defaults=0x0 flags=0x222 color=0x00000000 groupKey=83 vis=PRIVATE),0]
05-13 12:43:09.001  4060  4060 I notification_enqueue: [10156,28019,com.tencent.mtt,83,NULL,0,Notification(pri=2 contentView=com.tencent.mtt/0x7f03003d vibrate=null sound=null defaults=0x0 flags=0x222 color=0x00000000 groupKey=83 vis=PRIVATE),0]
05-13 12:43:12.725  4060  4077 I am_broadcast_discard_app: [0,28437086,NULL,0,ResolveInfo{dd9e3f com.happyelements.AndroidAnimal/com.happyelements.gsp.android.notification.gcn.GcnBroadcastReceiver m=0x0}]
05-13 12:43:16.155  4060  4100 I am_proc_start: [0,28163,10077,com.android.printspooler,service,com.android.printspooler/.model.PrintSpoolerService]
05-13 12:43:16.175  4060  9064 I am_proc_bound: [0,28163,com.android.printspooler]
05-13 12:43:16.325  4060  4100 I am_pss  : [11158,10081,com.vivo.safecenter,6331392,5545984,0]
05-13 12:43:16.367  4060  4100 I am_pss  : [8885,10063,com.iqoo.secure:remote,34204672,32718848,0]
05-13 12:43:17.056  4060  4060 I free_storage_changed: 22790074368
05-13 12:43:30.263  4060  4100 I am_pss  : [10441,10128,com.tencent.mobileqq,209653760,202080256,0]
05-13 12:43:30.290  4060  4100 I am_pss  : [7786,10128,com.tencent.mobileqq:MSF,29895680,27623424,0]
05-13 12:43:30.322  4060  4100 I am_pss  : [7375,10034,com.bbk.launcher2,97174528,94121984,0]
05-13 12:43:30.345  4060  4100 I am_pss  : [27806,10128,com.tencent.mobileqq:qzone,37612544,33492992,0]
05-13 12:43:30.361  4060  4100 I am_pss  : [6575,1000,com.vivo.doubleinstance,4271104,3555328,0]
05-13 12:43:30.399  4060  4100 I am_pss  : [7930,10132,com.tencent.mm,109864960,105463808,0]
05-13 12:43:30.420  4060  4100 I am_pss  : [6631,1000,com.android.bbklog,27124736,24961024,0]
05-13 12:43:30.451  4060  4100 I am_pss  : [5085,10062,com.baidu.input_bbk.service,60418048,56041472,0]
05-13 12:43:30.469  4060  4100 I am_pss  : [12412,10128,com.tencent.mobileqq:TMAssistantDownloadSDKService,17752064,16044032,0]
05-13 12:43:30.486  4060  4100 I am_pss  : [5403,1000,com.android.settings,20776960,19451904,0]
05-13 12:43:30.503  4060  4100 I am_pss  : [16602,10085,com.vivo.secime.service,17340416,11034624,0]
05-13 12:43:30.520  4060  4100 I am_pss  : [28037,10089,com.vlife.vivo.wallpaper:main,8930304,6897664,0]
05-13 12:43:30.534  4060  4100 I am_pss  : [4971,1000,com.vivo.appfilter,7914496,7049216,0]
05-13 12:43:30.549  4060  4100 I am_pss  : [28005,10013,android.ext.services,4519936,2588672,0]
05-13 12:43:31.062  4060  4100 I am_pss  : [5857,10064,com.bbk.iqoo.logsystem,59132928,57430016,0]
05-13 12:43:31.073  4060 17975 I am_proc_died: [0,27806,com.tencent.mobileqq:qzone]
05-13 12:43:31.074  4060 17975 I am_schedule_service_restart: [0,com.tencent.mobileqq/cooperation.qzone.remote.logic.QzoneWebPluginProxyService,1000]
05-13 12:43:31.079  4060  4100 I am_pss  : [15831,1000,com.qti.service.colorservice,3712000,2985984,0]
05-13 12:43:31.095  4060  4100 I am_pss  : [15967,10030,com.bbk.appstore,12570624,10723328,0]
05-13 12:43:31.109  4060  4100 I am_pss  : [6950,1000,com.vivo.wifi.networkdetect,4810752,3919872,0]
05-13 12:43:31.124  4060  4100 I am_pss  : [16654,10056,com.vivo.doubletimezoneclock,13130752,11739136,0]
05-13 12:43:31.139  4060  4100 I am_pss  : [12702,10028,com.vivo.audiofx,5221376,4321280,0]
05-13 12:43:31.153  4060  4100 I am_pss  : [25708,1000,com.volte.config,3263488,2379776,0]
05-13 12:43:31.168  4060  4100 I am_pss  : [25684,1000,com.qualcomm.display,3375104,2494464,0]
05-13 12:43:31.182  4060  4100 I am_pss  : [21539,10011,android.process.media,7179264,5750784,0]
05-13 12:43:31.197  4060  4100 I am_pss  : [25551,1000,com.qualcomm.qti.appnetaccess,3632128,2686976,0]
05-13 12:43:31.212  4060  4100 I am_pss  : [20210,10002,android.process.acore,16114688,14118912,0]
05-13 12:43:31.228  4060  4100 I am_pss  : [14795,10097,com.vivo.gallery,5991424,4182016,0]
05-13 12:43:31.242  4060  4100 I am_pss  : [25271,1000,org.simalliance.openmobileapi.service:remote,4554752,3297280,0]
05-13 12:43:31.270  4060  4100 I am_pss  : [24614,10155,com.eg.android.AlipayGphone,68047872,58552320,0]
05-13 12:43:31.290  4060  4100 I am_pss  : [23624,10155,com.eg.android.AlipayGphone:push,32581632,24129536,0]
05-13 12:43:31.308  4060  4100 I am_pss  : [8522,10055,com.vivo.devicereg,41155584,40108032,0]
05-13 12:43:31.323  4060  4100 I am_pss  : [18605,10041,com.android.BBKClock,4941824,3751936,0]
05-13 12:43:31.339  4060  4100 I am_pss  : [17284,10110,com.chaozh.iReader,13230080,11354112,0]
05-13 12:43:31.354  4060  4100 I am_pss  : [16755,1000,com.vivo.abe:pushservice_v1,13146112,11087872,0]
05-13 12:43:31.371  4060  4100 I am_pss  : [5482,1000,com.vivo.smartmultiwindow,20661248,19120128,0]
05-13 12:43:31.386  4060  4100 I am_pss  : [14966,10101,com.vivo.sdkplugin,4950016,3264512,0]
05-13 12:43:31.408  4060  4100 I am_pss  : [20188,10132,com.tencent.mm:tools,21045248,18128896,0]
05-13 12:43:31.425  4060  4100 I am_pss  : [7740,10132,com.tencent.mm:push,17030144,15142912,0]
05-13 12:43:31.447  4060  4100 I am_pss  : [9134,10128,com.tencent.mobileqq:openSdk,26702848,22777856,0]
05-13 12:43:31.462  4060  4100 I am_pss  : [9272,1000,com.vivo.permissionmanager,12152832,11304960,0]
05-13 12:43:31.480  4060  4100 I am_pss  : [19927,1001,com.android.incallui,17287168,15929344,0]
05-13 12:43:31.495  4060  4100 I am_pss  : [5788,10002,com.vivo.sim.contacts,4306944,3530752,0]
05-13 12:43:31.514  4060  4100 I am_pss  : [5066,1002,com.android.bluetooth,8863744,7557120,0]
05-13 12:43:31.529  4060  4100 I am_pss  : [9962,1000,com.vivo.intelliengine,10237952,9064448,0]
05-13 12:43:31.545  4060  4100 I am_pss  : [9904,10132,com.tencent.mm:exdevice,10049536,8728576,0]
05-13 12:43:31.560  4060  4100 I am_pss  : [5803,1001,com.qualcomm.qcrilmsgtunnel,3785728,3080192,0]
05-13 12:43:31.575  4060  4100 I am_pss  : [7978,10132,com.tencent.mm:recovery,7347200,5996544,0]
05-13 12:43:32.098  4060  4102 I am_proc_start: [0,28192,10128,com.tencent.mobileqq:qzone,service,com.tencent.mobileqq/cooperation.qzone.remote.logic.QzoneWebPluginProxyService]
05-13 12:43:32.123  4060  6527 I am_proc_bound: [0,28192,com.tencent.mobileqq:qzone]
05-13 12:43:35.365  4060  4100 I am_pss  : [28019,10156,com.tencent.mtt:service,35750912,27729920,0]
05-13 12:43:35.715  4060  4100 I am_pss  : [25602,10087,com.bbk.updater,10070016,8630272,0]
05-13 12:43:35.750  4060  4100 I am_pss  : [25633,10092,com.android.camera,13748224,11501568,0]
05-13 12:43:35.790  4060  4100 I am_pss  : [25218,10045,com.vivo.weather.provider,12816384,11051008,0]
05-13 12:43:46.177  4060  5564 I am_mem_factor: [1,2]
05-13 12:44:56.295  4060  4060 I am_broadcast_discard_app: [0,34256853,NULL,0,ResolveInfo{6515bea com.happyelements.AndroidAnimal/com.happyelements.gsp.android.notification.gcn.GcnBroadcastReceiver m=0x0}]
05-13 12:44:56.380  4060  4100 I am_pss  : [28192,10128,com.tencent.mobileqq:qzone,35764224,31715328,0]
05-13 12:44:56.414  4060  4100 I am_pss  : [28163,10077,com.android.printspooler,3939328,2932736,0]
05-13 12:44:56.456  4060  4100 I am_pss  : [28064,10156,com.tencent.mtt,22259712,14548992,0]
05-13 12:44:56.490  4060  4100 I am_pss  : [28037,10089,com.vlife.vivo.wallpaper:main,8882176,6856704,0]
05-13 12:44:56.493  4060  4100 I sync    : [com.tencent.mtt.account.sync,0,4,105225487]
05-13 12:44:56.543  4060  4100 I sync    : [com.tencent.mtt.account.sync,1,4,105225487]
05-13 12:45:01.631  4060  4100 I sync    : [com.youku.auth.provider,0,4,-1645982301]
05-13 12:46:30.304  4060  4100 I am_pss  : [28019,10156,com.tencent.mtt:service,35146752,26411008,0]
05-13 12:46:30.361  4060  4100 I am_pss  : [11158,10081,com.vivo.safecenter,6331392,5545984,0]
05-13 12:46:30.403  4060  4100 I am_pss  : [8885,10063,com.iqoo.secure:remote,34235392,32751616,0]
05-13 12:46:30.458  4060  4100 I am_pss  : [6494,10071,com.oma.drm.server,3646464,2945024,0]
05-13 12:46:30.494  4060  4100 I am_pss  : [6478,10017,com.baidu.map.location,12943360,11374592,0]
05-13 12:46:30.525  4060  4100 I am_pss  : [6467,1001,com.qualcomm.qti.loadcarrier,3367936,2674688,0]
05-13 12:46:30.560  4060  4100 I am_pss  : [6452,1000,com.alps.lcn,6590464,5677056,0]
05-13 12:46:30.598  4060  4100 I am_pss  : [6440,1000,com.vivo.abe,26287104,24522752,0]
05-13 12:46:30.636  4060  4100 I am_pss  : [5547,1001,com.android.phone,32451584,30846976,0]
05-13 12:46:30.668  4060  4100 I am_pss  : [7389,1000,com.vivo.upslide,114141184,111104000,0]
05-13 12:46:30.685  4060  4100 I am_pss  : [5513,1000,com.android.server.telecom,7664640,6815744,0]
05-13 12:46:30.704  4060  4100 I am_pss  : [5507,1000,.dataservices,7017472,6201344,0]
05-13 12:46:30.727  4060  4100 I am_pss  : [5389,1000,com.vivo.daemonService,27503616,25636864,0]
05-13 12:46:30.757  4060  4100 I am_pss  : [5202,10024,com.android.systemui,93706240,89292800,0]
05-13 12:46:30.817  4060  4100 I am_pss  : [4060,1000,system,179928064,175034368,0]
05-13 12:46:31.182  4060 23155 I am_proc_died: [0,28192,com.tencent.mobileqq:qzone]
05-13 12:46:31.182  4060 23155 I am_schedule_service_restart: [0,com.tencent.mobileqq/cooperation.qzone.remote.logic.QzoneWebPluginProxyService,1000]
05-13 12:46:32.208  4060  4102 I am_proc_start: [0,28322,10128,com.tencent.mobileqq:qzone,service,com.tencent.mobileqq/cooperation.qzone.remote.logic.QzoneWebPluginProxyService]
05-13 12:46:32.235  4060 17969 I am_proc_bound: [0,28322,com.tencent.mobileqq:qzone]
05-13 12:46:41.642  4060  5421 I am_broadcast_discard_app: [0,267344387,NULL,0,ResolveInfo{7a86d80 com.happyelements.AndroidAnimal/com.happyelements.gsp.android.notification.gcn.GcnBroadcastReceiver m=0x0}]
05-13 12:47:52.532  4060  4300 I am_wtf  : [0,4060,system_server,-1,ActivityManager,Sending non-protected broadcast com.vivo.push.AlarmAciton.Retry from system uid 1000 pkg com.vivo.abe]
05-13 12:47:52.540  4060  4300 I am_wtf  : [0,4060,system_server,-1,ActivityManager,Sending non-protected broadcast com.vivo.pem.power from system uid 1000 pkg com.vivo.pem]
05-13 12:47:52.568  4060  4880 I netstats_mobile_sample: [52502677,225781,17298375,128908,52418629,225279,16265347,128871,52414373,225275,16265175,128867,1494650872454]
05-13 12:47:52.569  4060  4880 I netstats_wifi_sample: [3202160416,2548350,110688652,1380346,3198626688,2406252,91705575,1381389,3195423092,2386629,91424463,1380547,1494650872454]
05-13 12:47:52.638  4060 23054 I am_broadcast_discard_app: [0,65279736,NULL,0,ResolveInfo{2ed87d1 com.happyelements.AndroidAnimal/com.happyelements.gsp.android.notification.gcn.GcnBroadcastReceiver m=0x0}]
05-13 12:47:52.649  4060  4100 I am_pss  : [28322,10128,com.tencent.mobileqq:qzone,35955712,31916032,0]
05-13 12:47:52.902  4060 17973 I am_kill : [0,28005,android.ext.services,100,stop android.ext.services]
05-13 12:47:52.903  4060 17973 I am_schedule_service_restart: [0,android.ext.services/.notification.Ranker,1000]
05-13 12:47:52.905  4060 17973 I am_mem_factor: [2,1]
05-13 12:47:52.918  4060  4060 I notification_cancel_all: [1000,4060,android.ext.services,0,0,0,5,NULL]
05-13 12:47:52.962  4060  4060 I am_proc_start: [0,28428,10013,android.ext.services,service,android.ext.services/.notification.Ranker]
05-13 12:47:52.972  4060  6521 I am_broadcast_discard_app: [0,65148134,android.intent.action.PACKAGE_RESTARTED,4,ResolveInfo{71041c3 com.jingdong.app.mall/.broadcastReceiver.AppStateRecevier m=0x208000}]
05-13 12:47:52.980  4060  5554 I am_proc_bound: [0,28428,android.ext.services]
05-13 12:47:53.043  4060  5565 I notification_autogrouped: 0|com.android.bbklog|1|null|1000
05-13 12:47:53.045  4060 17968 I notification_autogrouped: 0|com.android.bbklog|1|null|1000
05-13 12:47:53.047  4060 23054 I notification_autogrouped: 0|com.bbk.iqoo.logsystem|3|null|10064
05-13 12:47:53.048  4060  5539 I notification_autogrouped: 0|com.bbk.iqoo.logsystem|3|null|10064
05-13 12:47:54.493  4060 23054 I am_kill : [0,28163,com.android.printspooler,902,stop com.android.printspooler]
05-13 12:47:54.505  4060  4060 I notification_cancel_all: [1000,4060,com.android.printspooler,0,0,0,5,NULL]
05-13 12:47:54.541  4060  5554 I am_broadcast_discard_app: [0,33872574,android.intent.action.PACKAGE_RESTARTED,4,ResolveInfo{3ab371f com.jingdong.app.mall/.broadcastReceiver.AppStateRecevier m=0x208000}]
05-13 12:47:54.822  4060  4060 I notification_enqueue: [10156,28019,com.tencent.mtt,83,NULL,0,Notification(pri=2 contentView=com.tencent.mtt/0x7f03003d vibrate=null sound=null defaults=0x0 flags=0x222 color=0x00000000 groupKey=83 vis=PRIVATE),0]
05-13 12:47:54.823  4060  4060 I notification_enqueue: [10156,28019,com.tencent.mtt,83,NULL,0,Notification(pri=2 contentView=com.tencent.mtt/0x7f03003d vibrate=null sound=null defaults=0x0 flags=0x222 color=0x00000000 groupKey=83 vis=PRIVATE),0]
05-13 12:47:55.339  4060  5137 I am_kill : [0,28037,com.vlife.vivo.wallpaper:main,904,stop com.vlife.vivo.wallpaper]
05-13 12:47:55.342  4060  5137 I am_mem_factor: [3,2]
05-13 12:47:55.354  4060  4060 I notification_cancel_all: [1000,4060,com.vlife.vivo.wallpaper,0,0,0,5,NULL]
05-13 12:47:55.395  4060  5143 I am_broadcast_discard_app: [0,158876450,android.intent.action.PACKAGE_RESTARTED,4,ResolveInfo{af521b3 com.jingdong.app.mall/.broadcastReceiver.AppStateRecevier m=0x208000}]
05-13 12:47:56.282  4060  6533 I am_kill : [0,28019,com.tencent.mtt:service,800,stop com.tencent.mtt]
05-13 12:47:56.283  4060  6533 I am_schedule_service_restart: [0,com.tencent.mtt/.browser.push.service.PushRemoteService,1000]
05-13 12:47:56.285  4060  6533 I am_kill : [0,28064,com.tencent.mtt,700,stop com.tencent.mtt]
05-13 12:47:56.296  4060  4060 I notification_cancel_all: [1000,4060,com.tencent.mtt,0,0,0,5,NULL]
05-13 12:47:56.340  4060 17966 I am_broadcast_discard_app: [0,32675561,android.intent.action.PACKAGE_RESTARTED,4,ResolveInfo{96260f com.jingdong.app.mall/.broadcastReceiver.AppStateRecevier m=0x208000}]
05-13 12:48:14.551  4060 23155 I am_proc_start: [0,28443,1000,com.alps.lcn:remote,service,com.alps.lcn/com.baidu.location.f]
05-13 12:48:14.570  4060  4100 I am_pss  : [28428,10013,android.ext.services,4401152,2510848,0]
05-13 12:48:14.573  4060 23153 I am_proc_bound: [0,28443,com.alps.lcn:remote]
05-13 12:48:33.566  4060  4100 I am_pss  : [11158,10081,com.vivo.safecenter,6329344,5545984,0]
05-13 12:48:33.606  4060  4100 I am_pss  : [8885,10063,com.iqoo.secure:remote,34206720,32755712,0]
05-13 12:48:39.960  4060 23155 I am_broadcast_discard_app: [0,192558027,NULL,0,ResolveInfo{8d217a8 com.happyelements.AndroidAnimal/com.happyelements.gsp.android.notification.gcn.GcnBroadcastReceiver m=0x0}]
05-13 12:48:40.014  4060  4100 I am_pss  : [28443,1000,com.alps.lcn:remote,9208832,6516736,0]
05-13 12:48:47.746  4060  9064 I am_mem_factor: [2,3]
05-13 12:48:47.809  4060 17968 I am_proc_died: [0,28443,com.alps.lcn:remote]
05-13 12:48:47.811  4060 17968 I am_mem_factor: [3,2]
05-13 12:48:48.081  4060  4100 I am_meminfo: [597168128,436273152,0,343560192,229484544]
05-13 12:48:48.156  4060  4100 I am_pss  : [10441,10128,com.tencent.mobileqq,207427584,199467008,0]
05-13 12:48:48.175  4060  4100 I am_pss  : [7786,10128,com.tencent.mobileqq:MSF,27985920,25489408,0]
05-13 12:48:48.199  4060  4100 I am_pss  : [7375,10034,com.bbk.launcher2,98491392,95309824,0]
05-13 12:48:48.219  4060  4100 I am_pss  : [28322,10128,com.tencent.mobileqq:qzone,37266432,32624640,0]
05-13 12:48:48.233  4060  4100 I am_pss  : [6575,1000,com.vivo.doubleinstance,4308992,3571712,0]
05-13 12:48:48.272  4060  4100 I am_pss  : [7930,10132,com.tencent.mm,117249024,112128000,0]
05-13 12:48:48.293  4060  4100 I am_pss  : [6631,1000,com.android.bbklog,27197440,25018368,0]
05-13 12:48:48.324  4060  4100 I am_pss  : [5085,10062,com.baidu.input_bbk.service,60751872,56041472,0]
05-13 12:48:48.341  4060  4100 I am_pss  : [12412,10128,com.tencent.mobileqq:TMAssistantDownloadSDKService,13926400,12021760,0]
05-13 12:48:48.359  4060  4100 I am_pss  : [5403,1000,com.android.settings,20793344,19451904,0]
05-13 12:48:48.376  4060  4100 I am_pss  : [16602,10085,com.vivo.secime.service,17358848,11038720,0]
05-13 12:48:48.886  4060  4100 I am_pss  : [5857,10064,com.bbk.iqoo.logsystem,59369472,57434112,0]
05-13 12:48:48.901  4060  4100 I am_pss  : [15831,1000,com.qti.service.colorservice,3731456,2985984,0]
05-13 12:48:48.915  4060  4100 I am_pss  : [4971,1000,com.vivo.appfilter,7955456,7073792,0]
05-13 12:48:48.929  4060  4100 I am_pss  : [28428,10013,android.ext.services,4540416,2568192,0]
05-13 12:48:48.944  4060  4100 I am_pss  : [16654,10056,com.vivo.doubletimezoneclock,14265344,12849152,0]
05-13 12:48:48.960  4060  4100 I am_pss  : [15967,10030,com.bbk.appstore,12607488,10723328,0]
05-13 12:48:48.974  4060  4100 I am_pss  : [6950,1000,com.vivo.wifi.networkdetect,4833280,3919872,0]
05-13 12:48:48.989  4060  4100 I am_pss  : [12702,10028,com.vivo.audiofx,5256192,4333568,0]
05-13 12:48:49.003  4060  4100 I am_pss  : [25708,1000,com.volte.config,3298304,2379776,0]
05-13 12:48:49.018  4060  4100 I am_pss  : [25684,1000,com.qualcomm.display,3407872,2494464,0]
05-13 12:48:49.033  4060  4100 I am_pss  : [25602,10087,com.bbk.updater,10382336,8900608,0]
05-13 12:48:49.049  4060  4100 I am_pss  : [25633,10092,com.android.camera,14191616,11640832,0]
05-13 12:48:49.063  4060  4100 I am_pss  : [21539,10011,android.process.media,7222272,5763072,0]
05-13 12:48:49.077  4060  4100 I am_pss  : [25551,1000,com.qualcomm.qti.appnetaccess,3667968,2686976,0]
05-13 12:48:49.093  4060  4100 I am_pss  : [20210,10002,android.process.acore,16160768,14131200,0]
05-13 12:48:49.108  4060  4100 I am_pss  : [25218,10045,com.vivo.weather.provider,12856320,11051008,0]
05-13 12:48:49.123  4060  4100 I am_pss  : [14795,10097,com.vivo.gallery,6219776,4198400,0]
05-13 12:48:49.137  4060  4100 I am_pss  : [25271,1000,org.simalliance.openmobileapi.service:remote,4593664,3297280,0]
05-13 12:48:49.165  4060  4100 I am_pss  : [24614,10155,com.eg.android.AlipayGphone,68753408,58941440,0]
05-13 12:48:49.185  4060  4100 I am_pss  : [23624,10155,com.eg.android.AlipayGphone:push,33027072,24227840,0]
05-13 12:48:49.203  4060  4100 I am_pss  : [8522,10055,com.vivo.devicereg,41174016,40108032,0]
05-13 12:48:49.218  4060  4100 I am_pss  : [18605,10041,com.android.BBKClock,4974592,3751936,0]
05-13 12:48:49.234  4060  4100 I am_pss  : [17284,10110,com.chaozh.iReader,13473792,11354112,0]
05-13 12:48:49.249  4060  4100 I am_pss  : [16755,1000,com.vivo.abe:pushservice_v1,13348864,11255808,0]
05-13 12:48:49.266  4060  4100 I am_pss  : [5482,1000,com.vivo.smartmultiwindow,20681728,19120128,0]
05-13 12:48:49.280  4060  4100 I am_pss  : [11158,10081,com.vivo.safecenter,6345728,5545984,0]
05-13 12:48:49.295  4060  4100 I am_pss  : [14966,10101,com.vivo.sdkplugin,5143552,3264512,0]
05-13 12:48:49.317  4060  4100 I am_pss  : [20188,10132,com.tencent.mm:tools,21304320,18087936,0]
05-13 12:48:49.334  4060  4100 I am_pss  : [7740,10132,com.tencent.mm:push,19302400,17010688,0]
05-13 12:48:49.356  4060  4100 I am_pss  : [9134,10128,com.tencent.mobileqq:openSdk,28563456,23375872,0]
05-13 12:48:49.371  4060  4100 I am_pss  : [9272,1000,com.vivo.permissionmanager,12259328,11395072,0]
05-13 12:48:49.389  4060  4100 I am_pss  : [19927,1001,com.android.incallui,17307648,15929344,0]
05-13 12:48:49.407  4060  4100 I am_pss  : [8885,10063,com.iqoo.secure:remote,34285568,32780288,0]
05-13 12:48:49.421  4060  4100 I am_pss  : [5788,10002,com.vivo.sim.contacts,4324352,3530752,0]
05-13 12:48:49.439  4060  4100 I am_pss  : [5066,1002,com.android.bluetooth,8989696,7561216,0]
05-13 12:48:49.455  4060  4100 I am_pss  : [9962,1000,com.vivo.intelliengine,10259456,9068544,0]
05-13 12:48:49.471  4060  4100 I am_pss  : [9904,10132,com.tencent.mm:exdevice,10330112,8904704,0]
05-13 12:48:49.485  4060  4100 I am_pss  : [5803,1001,com.qualcomm.qcrilmsgtunnel,3803136,3080192,0]
05-13 12:48:49.501  4060  4100 I am_pss  : [7978,10132,com.tencent.mm:recovery,7465984,5996544,0]
05-13 12:48:49.515  4060  4100 I am_pss  : [6494,10071,com.oma.drm.server,3664896,2945024,0]
05-13 12:48:49.531  4060  4100 I am_pss  : [6478,10017,com.baidu.map.location,13044736,11460608,0]
05-13 12:48:49.545  4060  4100 I am_pss  : [6467,1001,com.qualcomm.qti.loadcarrier,3384320,2674688,0]
05-13 12:48:49.560  4060  4100 I am_pss  : [6452,1000,com.alps.lcn,6703104,5775360,0]
05-13 12:48:49.577  4060  4100 I am_pss  : [6440,1000,com.vivo.abe,23729152,21991424,0]
05-13 12:48:49.599  4060  4100 I am_pss  : [5547,1001,com.android.phone,32876544,31252480,0]
05-13 12:48:49.623  4060  4100 I am_pss  : [7389,1000,com.vivo.upslide,115001344,112664576,0]
05-13 12:48:49.638  4060  4100 I am_pss  : [5513,1000,com.android.server.telecom,7678976,6815744,0]
05-13 12:48:49.653  4060  4100 I am_pss  : [5507,1000,.dataservices,7035904,6201344,0]
05-13 12:48:49.675  4060  4100 I am_pss  : [5389,1000,com.vivo.daemonService,29600768,27709440,0]
05-13 12:48:49.706  4060  4100 I am_pss  : [5202,10024,com.android.systemui,93814784,89448448,0]
05-13 12:48:49.761  4060  4100 I am_pss  : [4060,1000,system,147684352,143826944,0]
05-13 12:49:17.203  4060  4060 I free_storage_changed: 22787248128
05-13 12:49:30.422  4060  4100 I am_pss  : [10441,10128,com.tencent.mobileqq,207430656,199471104,0]
05-13 12:49:30.445  4060  4100 I am_pss  : [7786,10128,com.tencent.mobileqq:MSF,28137472,25640960,0]
05-13 12:49:30.472  4060  4100 I am_pss  : [7375,10034,com.bbk.launcher2,98491392,95309824,0]
05-13 12:49:30.492  4060  4100 I am_pss  : [28322,10128,com.tencent.mobileqq:qzone,38519808,33869824,0]
05-13 12:49:30.506  4060  4100 I am_pss  : [6575,1000,com.vivo.doubleinstance,4308992,3571712,0]
05-13 12:49:30.544  4060  4100 I am_pss  : [7930,10132,com.tencent.mm,117158912,112037888,0]
05-13 12:49:30.565  4060  4100 I am_pss  : [6631,1000,com.android.bbklog,27205632,25026560,0]
05-13 12:49:30.597  4060  4100 I am_pss  : [5085,10062,com.baidu.input_bbk.service,60751872,56041472,0]
05-13 12:49:30.614  4060  4100 I am_pss  : [12412,10128,com.tencent.mobileqq:TMAssistantDownloadSDKService,14053376,12148736,0]
05-13 12:49:30.632  4060  4100 I am_pss  : [5403,1000,com.android.settings,20793344,19451904,0]
05-13 12:49:30.648  4060  4100 I am_pss  : [16602,10085,com.vivo.secime.service,17358848,11038720,0]
05-13 12:49:31.164  4060  4100 I am_pss  : [5857,10064,com.bbk.iqoo.logsystem,59369472,57434112,0]
05-13 12:49:31.179  4060  4100 I am_pss  : [15831,1000,com.qti.service.colorservice,3731456,2985984,0]
05-13 12:49:31.193  4060  4100 I am_pss  : [4971,1000,com.vivo.appfilter,7955456,7073792,0]
05-13 12:49:31.207  4060  4100 I am_pss  : [28428,10013,android.ext.services,4540416,2568192,0]
05-13 12:49:31.223  4060  4100 I am_pss  : [16654,10056,com.vivo.doubletimezoneclock,14265344,12849152,0]
05-13 12:49:31.239  4060  4100 I am_pss  : [15967,10030,com.bbk.appstore,12607488,10723328,0]
05-13 12:49:31.254  4060  4100 I am_pss  : [6950,1000,com.vivo.wifi.networkdetect,4833280,3919872,0]
05-13 12:49:31.268  4060  4100 I am_pss  : [12702,10028,com.vivo.audiofx,5256192,4333568,0]
05-13 12:49:31.296  4060  4100 I am_pss  : [25708,1000,com.volte.config,3298304,2379776,0]
05-13 12:49:31.320  4060  4100 I am_pss  : [25684,1000,com.qualcomm.display,3407872,2494464,0]
05-13 12:49:31.334  4060 17973 I am_proc_died: [0,28322,com.tencent.mobileqq:qzone]
05-13 12:49:31.334  4060 17973 I am_schedule_service_restart: [0,com.tencent.mobileqq/cooperation.qzone.remote.logic.QzoneWebPluginProxyService,1000]
05-13 12:49:31.343  4060  4100 I am_pss  : [25602,10087,com.bbk.updater,10439680,8953856,0]
05-13 12:49:31.364  4060  4100 I am_pss  : [25633,10092,com.android.camera,14398464,11661312,0]
05-13 12:49:31.382  4060  4100 I am_pss  : [21539,10011,android.process.media,7222272,5763072,0]
05-13 12:49:31.399  4060  4100 I am_pss  : [25551,1000,com.qualcomm.qti.appnetaccess,3667968,2686976,0]
05-13 12:49:31.416  4060  4100 I am_pss  : [20210,10002,android.process.acore,16161792,14131200,0]
05-13 12:49:31.431  4060  4100 I am_pss  : [25218,10045,com.vivo.weather.provider,12861440,11051008,0]
05-13 12:49:31.446  4060  4100 I am_pss  : [14795,10097,com.vivo.gallery,6402048,4206592,0]
05-13 12:49:31.461  4060  4100 I am_pss  : [25271,1000,org.simalliance.openmobileapi.service:remote,4593664,3297280,0]
05-13 12:49:31.489  4060  4100 I am_pss  : [24614,10155,com.eg.android.AlipayGphone,69260288,59092992,0]
05-13 12:49:31.508  4060  4100 I am_pss  : [23624,10155,com.eg.android.AlipayGphone:push,33433600,24289280,0]
05-13 12:49:31.527  4060  4100 I am_pss  : [8522,10055,com.vivo.devicereg,41174016,40108032,0]
05-13 12:49:31.541  4060  4100 I am_pss  : [18605,10041,com.android.BBKClock,4975616,3751936,0]
05-13 12:49:31.557  4060  4100 I am_pss  : [17284,10110,com.chaozh.iReader,13686784,11395072,0]
05-13 12:49:31.572  4060  4100 I am_pss  : [16755,1000,com.vivo.abe:pushservice_v1,13348864,11255808,0]
05-13 12:49:31.589  4060  4100 I am_pss  : [5482,1000,com.vivo.smartmultiwindow,20682752,19120128,0]
05-13 12:49:31.603  4060  4100 I am_pss  : [11158,10081,com.vivo.safecenter,6345728,5545984,0]
05-13 12:49:31.619  4060  4100 I am_pss  : [14966,10101,com.vivo.sdkplugin,5289984,3264512,0]
05-13 12:49:31.640  4060  4100 I am_pss  : [20188,10132,com.tencent.mm:tools,21518336,18092032,0]
05-13 12:49:31.657  4060  4100 I am_pss  : [7740,10132,com.tencent.mm:push,19406848,17010688,0]
05-13 12:49:31.679  4060  4100 I am_pss  : [9134,10128,com.tencent.mobileqq:openSdk,30337024,25841664,0]
05-13 12:49:31.694  4060  4100 I am_pss  : [9272,1000,com.vivo.permissionmanager,12259328,11395072,0]
05-13 12:49:31.713  4060  4100 I am_pss  : [19927,1001,com.android.incallui,17308672,15929344,0]
05-13 12:49:31.730  4060  4100 I am_pss  : [8885,10063,com.iqoo.secure:remote,34293760,32788480,0]
05-13 12:49:31.744  4060  4100 I am_pss  : [5788,10002,com.vivo.sim.contacts,4324352,3530752,0]
05-13 12:49:31.762  4060  4100 I am_pss  : [5066,1002,com.android.bluetooth,9093120,7561216,0]
05-13 12:49:31.778  4060  4100 I am_pss  : [9962,1000,com.vivo.intelliengine,10259456,9068544,0]
05-13 12:49:31.794  4060  4100 I am_pss  : [9904,10132,com.tencent.mm:exdevice,10417152,8904704,0]
05-13 12:49:31.808  4060  4100 I am_pss  : [5803,1001,com.qualcomm.qcrilmsgtunnel,3803136,3080192,0]
05-13 12:49:31.824  4060  4100 I am_pss  : [7978,10132,com.tencent.mm:recovery,7557120,5996544,0]
05-13 12:49:32.357  4060  4102 I am_proc_start: [0,28544,10128,com.tencent.mobileqq:qzone,service,com.tencent.mobileqq/cooperation.qzone.remote.logic.QzoneWebPluginProxyService]
05-13 12:49:32.384  4060 17967 I am_proc_bound: [0,28544,com.tencent.mobileqq:qzone]
05-13 12:52:30.609  4060  4100 I am_pss  : [28544,10128,com.tencent.mobileqq:qzone,38538240,33886208,0]
05-13 12:52:30.642  4060  4100 I am_pss  : [11158,10081,com.vivo.safecenter,6345728,5545984,0]
05-13 12:52:30.688  4060  4100 I am_pss  : [8885,10063,com.iqoo.secure:remote,34330624,32825344,0]
05-13 12:52:30.730  4060  4100 I am_pss  : [6494,10071,com.oma.drm.server,3664896,2945024,0]
05-13 12:52:30.766  4060  4100 I am_pss  : [6478,10017,com.baidu.map.location,13044736,11460608,0]
05-13 12:52:30.797  4060  4100 I am_pss  : [6467,1001,com.qualcomm.qti.loadcarrier,3384320,2674688,0]
05-13 12:52:30.830  4060  4100 I am_pss  : [6452,1000,com.alps.lcn,6690816,5763072,0]
05-13 12:52:30.865  4060  4100 I am_pss  : [6440,1000,com.vivo.abe,23729152,21991424,0]
05-13 12:52:30.897  4060  4100 I am_pss  : [5547,1001,com.android.phone,32880640,31256576,0]
05-13 12:52:30.927  4060  4100 I am_pss  : [7389,1000,com.vivo.upslide,115001344,112664576,0]
05-13 12:52:30.945  4060  4100 I am_pss  : [5513,1000,com.android.server.telecom,7678976,6815744,0]
05-13 12:52:30.963  4060  4100 I am_pss  : [5507,1000,.dataservices,7035904,6201344,0]
