05-13 15:39:57.376  3666 10261 I am_destroy_activity: [0,23459601,452,com.p1.mobile.putong/.ui.accountnew.PhoneNumberInputAct,finish-imm]
05-13 15:39:57.379  3666  4532 I am_finish_activity: [0,226251643,452,com.p1.mobile.putong/.ui.accountnew.PhoneNumberInputAct,app-request]
05-13 15:39:57.381  3666  4532 I am_destroy_activity: [0,226251643,452,com.p1.mobile.putong/.ui.accountnew.PhoneNumberInputAct,finish-imm]
05-13 15:39:57.521  3666  3934 I am_wtf  : [0,3666,system_server,-1,ActivityManager,Sending non-protected broadcast vivo.intent.action.CHECK_ALERT_WINDOW from system 3666:system/1000 pkg android]
05-13 15:39:57.524  3666  3934 I am_wtf  : [0,3666,system_server,-1,ActivityManager,Sending non-protected broadcast vivo.intent.action.CHECK_ALERT_WINDOW from system 3666:system/1000 pkg android]
05-13 15:39:58.175  3666  5849 I am_broadcast_discard_app: [0,49758454,NULL,0,ResolveInfo{d55ccf7 com.happyelements.AndroidAnimal/com.happyelements.gsp.android.notification.gcn.GcnBroadcastReceiver m=0x0}]
05-13 15:39:58.623  3666  3933 I am_broadcast_discard_app: [0,18408912,android.net.wifi.RSSI_CHANGED,0,ResolveInfo{c7f69c9 com.sdu.didi.psnger/com.didi.sdk.receiver.WifiReceiver m=0x108000}]
05-13 15:39:58.759   510   510 I sf_frame_dur: [,0,0,0,0,0,1,0]
05-13 15:40:00.085  3666  3666 I notification_enqueue: [10064,8611,com.bbk.iqoo.logsystem,3,NULL,0,Notification(pri=-2 contentView=com.bbk.iqoo.logsystem/0x3030028 vibrate=null sound=null defaults=0x0 flags=0x40 color=0xff607d8b vis=PRIVATE),1]
05-13 15:40:00.116  3666  3780 I notification_autogrouped: 0|com.bbk.iqoo.logsystem|3|null|10064
05-13 15:40:00.135  3666  4530 I notification_autogrouped: 0|com.bbk.iqoo.logsystem|3|null|10064
05-13 15:40:00.188  3666  4300 I sysui_histogram: [validate_people_cache_latency,0]
05-13 15:40:01.644  3666  3933 I am_broadcast_discard_app: [0,180113419,android.net.wifi.RSSI_CHANGED,0,ResolveInfo{6139ee8 com.sdu.didi.psnger/com.didi.sdk.receiver.WifiReceiver m=0x108000}]
05-13 15:40:03.025  3666 10257 I wm_task_moved: [452,1,19]
05-13 15:40:03.026  3666 10257 I am_finish_activity: [0,96090050,452,com.p1.mobile.putong/.ui.accountnew.PasswordResetNewAct,clear-task-index]
05-13 15:40:03.026  3666 10257 I am_focused_stack: [0,0,1,finishActivity adjustFocus setFocusedActivity]
05-13 15:40:03.027  3666 10257 I wm_task_moved: [2,1,1]
05-13 15:40:03.030  3666 10257 I am_focused_activity: [0,com.bbk.launcher2/.Launcher,finishActivity adjustFocus]
05-13 15:40:03.056  3666 10257 I am_pause_activity: [0,96090050,com.p1.mobile.putong/.ui.accountnew.PasswordResetNewAct]
05-13 15:40:03.063  3666 10257 I am_create_task: [0,452]
05-13 15:40:03.063  3666 10257 I am_create_activity: [0,127710595,452,com.p1.mobile.putong/.ui.main.MainAct,NULL,NULL,NULL,268468224]
05-13 15:40:03.064  3666 10257 I wm_task_moved: [452,1,19]
05-13 15:40:03.067  3666 10257 I am_focused_stack: [0,1,0,startedActivity setFocusedActivity]
05-13 15:40:03.067  3666 10257 I wm_task_moved: [452,1,19]
05-13 15:40:03.068  3666 10257 I am_focused_activity: [0,com.p1.mobile.putong/.ui.main.MainAct,startedActivity]
05-13 15:40:03.071  3666 10257 I sysui_action: [323,com.p1.mobile.putong/.ui.accountnew.PasswordResetNewAct]
05-13 15:40:03.071  3666 10257 I sysui_action: [324,true]
05-13 15:40:03.071  3666 10257 I sysui_action: [325,178044]
05-13 15:40:03.094 17371 17371 I am_on_paused_called: [0,com.p1.mobile.putong.ui.accountnew.PasswordResetNewAct,handlePauseActivity]
05-13 15:40:03.117  3666  4308 I am_restart_activity: [0,127710595,452,com.p1.mobile.putong/.ui.main.MainAct]
05-13 15:40:03.135  3666  3956 I sysui_action: [321,124]
05-13 15:40:03.135  3666  3956 I sysui_action: [320,1]
05-13 15:40:03.135  3666  3956 I sysui_action: [319,124]
05-13 15:40:03.136  3666  3933 I sysui_count: [window_time_0,13]
05-13 15:40:03.189   510   510 I sf_frame_dur: [com.p1.mobile.putong/com.p1.mobile.putong.ui.accountnew.PasswordResetNewAct,336,1,1,0,0,0,0]
05-13 15:40:03.205   510   510 I sf_frame_dur: [InputMethod,17,5,10,8,1,0,1]
05-13 15:40:03.333 17371 17371 I am_on_resume_called: [0,com.p1.mobile.putong.ui.main.MainAct,LAUNCH_ACTIVITY]
05-13 15:40:03.708  3666  3956 I sysui_action: [322,697]
05-13 15:40:03.708  3666  3956 I am_activity_launch_time: [0,127710595,com.p1.mobile.putong/.ui.main.MainAct,598,598]
05-13 15:40:04.079  3666  3933 I am_destroy_activity: [0,96090050,452,com.p1.mobile.putong/.ui.accountnew.PasswordResetNewAct,finish-imm]
05-13 15:40:04.084 17371 17371 I am_on_stop_called: [0,com.p1.mobile.putong.ui.accountnew.PasswordResetNewAct,destroy]
05-13 15:40:04.108   510   510 I sf_frame_dur: [com.p1.mobile.putong/com.p1.mobile.putong.ui.accountnew.PasswordResetNewAct,96,3,2,8,8,1,1]
05-13 15:40:04.654  3666  3933 I am_broadcast_discard_app: [0,27052215,android.net.wifi.RSSI_CHANGED,0,ResolveInfo{9736824 com.sdu.didi.psnger/com.didi.sdk.receiver.WifiReceiver m=0x108000}]
05-13 15:40:06.766   510   510 I sf_frame_dur: [com.p1.mobile.putong/com.p1.mobile.putong.ui.main.MainAct,3,0,2,0,0,0,0]
05-13 15:40:07.669  3666  3933 I am_broadcast_discard_app: [0,69605295,android.net.wifi.RSSI_CHANGED,0,ResolveInfo{fc997bc com.sdu.didi.psnger/com.didi.sdk.receiver.WifiReceiver m=0x108000}]
05-13 15:40:08.264  3666  4530 I wm_task_moved: [452,1,19]
05-13 15:40:08.265  3666  4530 I am_create_activity: [0,46563275,452,com.p1.mobile.putong/.ui.profile.ProfileAct_CustomTransition,NULL,NULL,NULL,0]
05-13 15:40:08.266  3666  4530 I wm_task_moved: [452,1,19]
05-13 15:40:08.267  3666  4530 I am_focused_activity: [0,com.p1.mobile.putong/.ui.profile.ProfileAct_CustomTransition,startedActivity]
05-13 15:40:08.268  3666  4530 I am_pause_activity: [0,127710595,com.p1.mobile.putong/.ui.main.MainAct]
05-13 15:40:08.282 17371 17371 I am_on_paused_called: [0,com.p1.mobile.putong.ui.main.MainAct,handlePauseActivity]
05-13 15:40:08.287   510   510 I sf_frame_dur: [com.p1.mobile.putong/com.p1.mobile.putong.ui.main.MainAct,31,1,1,0,0,1,0]
05-13 15:40:08.287  3666  6400 I am_restart_activity: [0,46563275,452,com.p1.mobile.putong/.ui.profile.ProfileAct_CustomTransition]
05-13 15:40:08.299  3666  3933 I sysui_count: [window_time_0,6]
05-13 15:40:08.368 17371 17371 I am_on_resume_called: [0,com.p1.mobile.putong.ui.profile.ProfileAct_CustomTransition,LAUNCH_ACTIVITY]
05-13 15:40:08.445  3666  3956 I am_activity_launch_time: [0,46563275,com.p1.mobile.putong/.ui.profile.ProfileAct_CustomTransition,162,162]
05-13 15:40:09.472  3666  4280 I am_new_intent: [0,1444926,2,com.bbk.launcher2/.Launcher,android.intent.action.MAIN,NULL,NULL,278921216]
05-13 15:40:09.473  3666  4280 I am_focused_stack: [0,0,1,bringingFoundTaskToFront setFocusedActivity]
05-13 15:40:09.474  3666  4280 I wm_task_moved: [2,1,1]
05-13 15:40:09.477  3666  4280 I am_focused_activity: [0,com.bbk.launcher2/.Launcher,bringingFoundTaskToFront]
05-13 15:40:09.519  3666  4280 I am_pause_activity: [0,46563275,com.p1.mobile.putong/.ui.profile.ProfileAct_CustomTransition]
05-13 15:40:09.534 17371 17371 I am_on_paused_called: [0,com.p1.mobile.putong.ui.profile.ProfileAct_CustomTransition,handlePauseActivity]
05-13 15:40:09.534  3666  4280 I am_task_to_front: [0,2]
05-13 15:40:09.540  3666  4280 I sysui_action: [323,com.bbk.launcher2/.Launcher]
05-13 15:40:09.540  3666  4280 I sysui_action: [324,true]
05-13 15:40:09.540  3666  4280 I sysui_action: [325,178050]
05-13 15:40:09.564  3666  3778 I am_resume_activity: [0,101232021,2,com.bbk.launcher2/.Launcher]
05-13 15:40:09.587  3666  3933 I sysui_count: [window_time_0,1]
05-13 15:40:09.598  5874  5874 I am_on_resume_called: [0,com.bbk.launcher2.Launcher,RESUME_ACTIVITY]
05-13 15:40:09.689  3666  3956 I sysui_action: [320,2]
05-13 15:40:09.689  3666  3956 I sysui_action: [319,229]
05-13 15:40:09.689  3666  3956 I sysui_action: [322,229]
05-13 15:40:09.813  3666  4938 I am_proc_start: [0,18084,10045,com.vivo.weather.provider,content provider,com.vivo.weather.provider/.WeatherProvider]
05-13 15:40:09.825  3666  6400 I am_proc_bound: [0,18084,com.vivo.weather.provider]
05-13 15:40:09.930  3666  3933 I am_stop_activity: [0,127710595,com.p1.mobile.putong/.ui.main.MainAct]
05-13 15:40:09.930  3666  3933 I am_stop_activity: [0,46563275,com.p1.mobile.putong/.ui.profile.ProfileAct_CustomTransition]
05-13 15:40:09.934 17371 17371 I am_on_stop_called: [0,com.p1.mobile.putong.ui.main.MainAct,handleStopActivity]
05-13 15:40:09.937 17371 17371 I am_on_stop_called: [0,com.p1.mobile.putong.ui.profile.ProfileAct_CustomTransition,handleStopActivity]
05-13 15:40:09.962  3666  4280 I am_new_intent: [0,6530076,2,com.bbk.launcher2/.Launcher,android.intent.action.MAIN,NULL,NULL,278921216]
05-13 15:40:09.963  3666  4280 I wm_task_moved: [2,1,1]
05-13 15:40:09.965  3666  4280 I sysui_action: [323,com.bbk.launcher2/.Launcher]
05-13 15:40:09.965  3666  4280 I sysui_action: [324,true]
05-13 15:40:09.965  3666  4280 I sysui_action: [325,178051]
05-13 15:40:10.009   510   510 I sf_frame_dur: [com.p1.mobile.putong/com.p1.mobile.putong.ui.main.MainAct,27,3,0,0,0,0,0]
05-13 15:40:10.009   510   510 I sf_frame_dur: [com.p1.mobile.putong/com.p1.mobile.putong.ui.profile.ProfileAct_CustomTransition,25,0,0,0,0,0,0]
05-13 15:40:10.687  3666  3933 I am_broadcast_discard_app: [0,195542955,android.net.wifi.RSSI_CHANGED,0,ResolveInfo{c14e608 com.sdu.didi.psnger/com.didi.sdk.receiver.WifiReceiver m=0x108000}]
05-13 15:40:10.813  3666  4969 I am_proc_start: [0,18113,10044,com.vivo.weather.location,service,com.vivo.weather/.LocalCityLocateService]
05-13 15:40:10.843  3666 10259 I am_proc_bound: [0,18113,com.vivo.weather.location]
05-13 15:40:12.604  3666  8544 I am_focused_stack: [0,1,0,bringingFoundTaskToFront setFocusedActivity]
05-13 15:40:12.605  3666  8544 I wm_task_moved: [89,1,19]
05-13 15:40:12.606  3666  8544 I am_focused_activity: [0,com.bbk.appstore/.ui.details.AppDetailActivity,bringingFoundTaskToFront]
05-13 15:40:12.607  3666  8544 I am_pause_activity: [0,101232021,com.bbk.launcher2/.Launcher]
05-13 15:40:12.613  3666  8544 I am_task_to_front: [0,89]
05-13 15:40:12.615  3666  8544 I sysui_action: [323,com.bbk.appstore/.ui.details.AppDetailActivity]
05-13 15:40:12.615  3666  8544 I sysui_action: [324,true]
05-13 15:40:12.615  3666  8544 I sysui_action: [325,178053]
05-13 15:40:12.619  5874  5874 I am_on_paused_called: [0,com.bbk.launcher2.Launcher,handlePauseActivity]
05-13 15:40:12.632  3666  4532 I am_restart_activity: [0,187597426,89,com.bbk.appstore/.ui.details.AppDetailActivity]
05-13 15:40:12.656  3666  3933 I sysui_count: [window_time_0,3]
05-13 15:40:12.674  3666  3956 I sysui_action: [321,78]
05-13 15:40:12.674  3666  3956 I sysui_action: [320,1]
05-13 15:40:12.674  3666  3956 I sysui_action: [319,78]
05-13 15:40:12.986 17802 17802 I am_on_resume_called: [0,com.bbk.appstore.ui.details.AppDetailActivity,LAUNCH_ACTIVITY]
05-13 15:40:13.050  3666  3956 I sysui_action: [322,454]
05-13 15:40:13.050  3666  3956 I am_activity_launch_time: [0,187597426,com.bbk.appstore/.ui.details.AppDetailActivity,428,428]
05-13 15:40:13.059  3666  4969 I am_stop_activity: [0,101232021,com.bbk.launcher2/.Launcher]
05-13 15:40:13.061  5874  5874 I am_on_stop_called: [0,com.bbk.launcher2.Launcher,handleStopActivity]
05-13 15:40:13.084   510   510 I sf_frame_dur: [com.bbk.launcher2/com.bbk.launcher2.Launcher,35,1,2,1,1,0,2]
05-13 15:40:13.691  3666  3933 I am_broadcast_discard_app: [0,196665618,android.net.wifi.RSSI_CHANGED,0,ResolveInfo{83780e3 com.sdu.didi.psnger/com.didi.sdk.receiver.WifiReceiver m=0x108000}]
05-13 15:40:13.732  3666  4938 I am_finish_activity: [0,187597426,89,com.bbk.appstore/.ui.details.AppDetailActivity,clear-task-stack]
05-13 15:40:13.732  3666  4938 I wm_task_moved: [89,1,19]
05-13 15:40:13.733  3666  4938 I am_focused_activity: [0,com.bbk.appstore/.ui.search.SearchActivity,finishActivity adjustFocus]
05-13 15:40:13.733  3666  4938 I am_pause_activity: [0,187597426,com.bbk.appstore/.ui.details.AppDetailActivity]
05-13 15:40:13.740  3666  4938 I am_finish_activity: [0,121479599,89,com.bbk.appstore/.ui.search.SearchActivity,clear-task-top]
05-13 15:40:13.740  3666  4938 I wm_task_moved: [89,1,19]
05-13 15:40:13.741  3666  4938 I am_focused_activity: [0,com.bbk.appstore/.ui.details.AppDetailActivity,finishActivity adjustFocus]
05-13 15:40:13.743  3666  4938 I wm_task_moved: [89,1,19]
05-13 15:40:13.743  3666  4938 I wm_task_moved: [89,1,19]
05-13 15:40:13.744  3666  4938 I am_create_activity: [0,192494304,89,com.bbk.appstore/.ui.search.SearchActivity,NULL,NULL,NULL,335544320]
05-13 15:40:13.745  3666  4938 I wm_task_moved: [89,1,19]
05-13 15:40:13.746  3666  4938 I am_focused_activity: [0,com.bbk.appstore/.ui.search.SearchActivity,startedActivity]
05-13 15:40:13.747  3666  4938 I sysui_action: [323,com.bbk.appstore/.ui.details.AppDetailActivity]
05-13 15:40:13.747  3666  4938 I sysui_action: [324,true]
05-13 15:40:13.747  3666  4938 I sysui_action: [325,178055]
05-13 15:40:13.748 17802 17802 I am_on_paused_called: [0,com.bbk.appstore.ui.details.AppDetailActivity,handlePauseActivity]
05-13 15:40:13.752  3666 10259 I am_restart_activity: [0,192494304,89,com.bbk.appstore/.ui.search.SearchActivity]
05-13 15:40:13.763  3666  3933 I sysui_count: [window_time_0,1]
05-13 15:40:13.804 17802 17802 I am_on_resume_called: [0,com.bbk.appstore.ui.search.SearchActivity,LAUNCH_ACTIVITY]
05-13 15:40:13.910  3666  3956 I sysui_action: [320,2]
05-13 15:40:13.910  3666  3956 I sysui_action: [319,181]
05-13 15:40:13.910  3666  3956 I sysui_action: [322,181]
05-13 15:40:13.910  3666  3956 I am_activity_launch_time: [0,192494304,com.bbk.appstore/.ui.search.SearchActivity,161,161]
05-13 15:40:13.927  3666  4938 I am_destroy_activity: [0,121479599,89,com.bbk.appstore/.ui.search.SearchActivity,finish-idle]
05-13 15:40:13.940  3666  3933 I am_destroy_activity: [0,187597426,89,com.bbk.appstore/.ui.details.AppDetailActivity,finish-imm]
05-13 15:40:13.942 17802 17802 I am_on_stop_called: [0,com.bbk.appstore.ui.details.AppDetailActivity,destroy]
05-13 15:40:13.954   510   510 I sf_frame_dur: [com.bbk.appstore/com.bbk.appstore.ui.details.AppDetailActivity,18,2,0,2,0,0,0]
05-13 15:40:14.019  3666  3666 I notification_enqueue: [1000,3666,android,17040449,NULL,-1,Notification(pri=0 contentView=null vibrate=null sound=null defaults=0x0 flags=0x2 color=0xff06005b category=sys vis=PRIVATE),0]
05-13 15:40:14.022  3666  3666 I notification_enqueue: [1000,3666,android,17040449,NULL,-1,Notification(pri=0 contentView=null vibrate=null sound=null defaults=0x0 flags=0x2 color=0xff06005b category=sys vis=PRIVATE),1]
05-13 15:40:14.025  3666  4945 I notification_autogrouped: -1|android|17040449|null|1000
05-13 15:40:14.026  3666  8542 I notification_autogrouped: -1|android|17040449|null|1000
05-13 15:40:14.027  3666  4300 I sysui_histogram: [validate_people_cache_latency,0]
05-13 15:40:14.029  3666  4300 I sysui_histogram: [validate_people_cache_latency,0]
05-13 15:40:14.031  3666  8540 I notification_autogrouped: -1|android|17040449|null|1000
05-13 15:40:14.031  3666  3666 I notification_enqueue: [1000,3666,android,2147483647,group_key_override,-1,Notification(pri=0 contentView=null vibrate=null sound=null defaults=0x0 flags=0x700 color=0xff06005b groupKey=ranker_bundle vis=PRIVATE),0]
05-13 15:40:14.033  3666  4300 I sysui_histogram: [validate_people_cache_latency,0]
05-13 15:40:14.038  3666  5849 I notification_autogrouped: -1|android|17040449|null|1000
05-13 15:40:14.039  3666  4300 I sysui_histogram: [validate_people_cache_latency,0]
05-13 15:40:14.072  3666  3780 I notification_expansion: [-1|android|17040449|null|1000,0,1,54,51,0]
05-13 15:40:16.137  3666  3666 I free_storage_changed: 19252711424
05-13 15:40:16.295   510   510 I sf_frame_dur: [PopupWindow:35a66b6,1,2,2,2,0,0,0]
05-13 15:40:16.704  3666  3933 I am_broadcast_discard_app: [0,214033943,android.net.wifi.RSSI_CHANGED,0,ResolveInfo{f742a04 com.sdu.didi.psnger/com.didi.sdk.receiver.WifiReceiver m=0x108000}]
05-13 15:40:18.077  3666  3666 I notification_canceled: [-1|android|17040449|null|1000,8,4059,4056,0]
05-13 15:40:18.083  3666  8546 I notification_canceled: [-1|android|2147483647|group_key_override|1000|ranker_bundle,16,4058,4058,0]
05-13 15:40:18.084  3666  4300 I sysui_histogram: [validate_people_cache_latency,0]
05-13 15:40:18.091  3666  4300 I sysui_histogram: [validate_people_cache_latency,0]
05-13 15:40:18.101   510   510 I sf_frame_dur: [PopupWindow:691d2ec,0,0,0,3,0,0,0]
05-13 15:40:18.101   510   510 I sf_frame_dur: [PopupWindow:35a66b6,1,2,1,0,1,0,0]
05-13 15:40:18.214  3666  5849 I wm_task_moved: [89,1,19]
05-13 15:40:18.215  3666  5849 I am_create_activity: [0,198399598,89,com.bbk.appstore/.ui.details.AppDetailActivity,NULL,NULL,NULL,0]
05-13 15:40:18.218  3666  5849 I wm_task_moved: [89,1,19]
05-13 15:40:18.222  3666  5849 I am_focused_activity: [0,com.bbk.appstore/.ui.details.AppDetailActivity,startedActivity]
05-13 15:40:18.223  3666  5849 I am_pause_activity: [0,192494304,com.bbk.appstore/.ui.search.SearchActivity]
05-13 15:40:18.234 17802 17802 I am_on_paused_called: [0,com.bbk.appstore.ui.search.SearchActivity,handlePauseActivity]
05-13 15:40:18.244  3666 10259 I am_restart_activity: [0,198399598,89,com.bbk.appstore/.ui.details.AppDetailActivity]
05-13 15:40:18.258  3666  3933 I sysui_count: [window_time_0,4]
05-13 15:40:18.317   510   510 I sf_frame_dur: [InputMethod,4,5,9,2,0,2,0]
05-13 15:40:18.348 17802 17802 I am_on_resume_called: [0,com.bbk.appstore.ui.details.AppDetailActivity,LAUNCH_ACTIVITY]
05-13 15:40:18.419  3666  3956 I am_activity_launch_time: [0,198399598,com.bbk.appstore/.ui.details.AppDetailActivity,180,180]
05-13 15:40:18.726  3666  3933 I am_stop_activity: [0,192494304,com.bbk.appstore/.ui.search.SearchActivity]
05-13 15:40:18.730 17802 17802 I am_on_stop_called: [0,com.bbk.appstore.ui.search.SearchActivity,handleStopActivity]
05-13 15:40:18.752   510   510 I sf_frame_dur: [com.bbk.appstore/com.bbk.appstore.ui.search.SearchActivity,23,1,3,2,6,2,0]
05-13 15:40:19.720  3666  3933 I am_broadcast_discard_app: [0,140009473,android.net.wifi.RSSI_CHANGED,0,ResolveInfo{ca75ea6 com.sdu.didi.psnger/com.didi.sdk.receiver.WifiReceiver m=0x108000}]
05-13 15:40:22.744  3666  3933 I am_broadcast_discard_app: [0,22724402,android.net.wifi.RSSI_CHANGED,0,ResolveInfo{c90d483 com.sdu.didi.psnger/com.didi.sdk.receiver.WifiReceiver m=0x108000}]
05-13 15:40:25.762  3666  3933 I am_broadcast_discard_app: [0,158440574,android.net.wifi.RSSI_CHANGED,0,ResolveInfo{a8235df com.sdu.didi.psnger/com.didi.sdk.receiver.WifiReceiver m=0x108000}]
05-13 15:40:28.785  3666  3933 I am_broadcast_discard_app: [0,42402442,android.net.wifi.RSSI_CHANGED,0,ResolveInfo{6fe50fb com.sdu.didi.psnger/com.didi.sdk.receiver.WifiReceiver m=0x108000}]
05-13 15:40:31.798  3666  3933 I am_broadcast_discard_app: [0,98925252,android.net.wifi.RSSI_CHANGED,0,ResolveInfo{5b52dad com.sdu.didi.psnger/com.didi.sdk.receiver.WifiReceiver m=0x108000}]
05-13 15:40:34.821  3666  3933 I am_broadcast_discard_app: [0,186744624,android.net.wifi.RSSI_CHANGED,0,ResolveInfo{123f7a9 com.sdu.didi.psnger/com.didi.sdk.receiver.WifiReceiver m=0x108000}]
05-13 15:40:37.837  3666  3933 I am_broadcast_discard_app: [0,215440988,android.net.wifi.RSSI_CHANGED,0,ResolveInfo{d9b6565 com.sdu.didi.psnger/com.didi.sdk.receiver.WifiReceiver m=0x108000}]
05-13 15:40:39.112  3666  4339 I am_proc_start: [0,18353,1000,com.bbk.facewake,service,com.bbk.facewake/.FaceWakeService]
05-13 15:40:39.144  3666 10260 I am_proc_bound: [0,18353,com.bbk.facewake]
05-13 15:40:39.229  3666  3934 I am_wtf  : [0,3666,system_server,-1,ActivityManager,Sending non-protected broadcast vivo.intent.action.CHECK_ALERT_WINDOW from system 3666:system/1000 pkg android]
05-13 15:40:39.231  3666  3934 I am_wtf  : [0,3666,system_server,-1,ActivityManager,Sending non-protected broadcast vivo.intent.action.CHECK_ALERT_WINDOW from system 3666:system/1000 pkg android]
05-13 15:40:40.845  3666  3933 I am_broadcast_discard_app: [0,154308074,android.net.wifi.RSSI_CHANGED,0,ResolveInfo{ebfe8db com.sdu.didi.psnger/com.didi.sdk.receiver.WifiReceiver m=0x108000}]
05-13 15:40:40.952  3666  4945 I am_proc_start: [0,18446,10044,com.vivo.weather:remote,service,com.vivo.weather/com.baidu.location.f]
05-13 15:40:40.981  3666 10255 I am_proc_bound: [0,18446,com.vivo.weather:remote]
05-13 15:40:41.221  3666  8545 I am_proc_died: [0,18113,com.vivo.weather.location]
05-13 15:40:41.224  3666  8545 I am_schedule_service_restart: [0,com.vivo.weather/.LocalCityLocateService,1000]
05-13 15:40:43.868  3666  3933 I am_broadcast_discard_app: [0,212258669,android.net.wifi.RSSI_CHANGED,0,ResolveInfo{187b7a2 com.sdu.didi.psnger/com.didi.sdk.receiver.WifiReceiver m=0x108000}]
05-13 15:40:46.878  3666  3933 I am_broadcast_discard_app: [0,15594857,android.net.wifi.RSSI_CHANGED,0,ResolveInfo{e4dabee com.sdu.didi.psnger/com.didi.sdk.receiver.WifiReceiver m=0x108000}]
05-13 15:40:48.074  3666  3959 I power_sleep_requested: 0
05-13 15:40:48.075  3666  3666 I power_screen_state: [0,3,0,0]
05-13 15:40:48.075  3666  3666 I screen_toggled: 0
05-13 15:40:48.075  3666  3666 I sysui_histogram: [screen_timeout,30]
05-13 15:40:48.081  3666  3666 I power_screen_broadcast_send: 1
05-13 15:40:48.138  3666  3666 I am_pause_activity: [0,198399598,com.bbk.appstore/.ui.details.AppDetailActivity]
05-13 15:40:48.148 17802 17802 I am_on_paused_called: [0,com.bbk.appstore.ui.details.AppDetailActivity,handlePauseActivity]
05-13 15:40:48.219  3666  3933 I am_stop_activity: [0,198399598,com.bbk.appstore/.ui.details.AppDetailActivity]
05-13 15:40:48.228 17802 17802 I am_on_stop_called: [0,com.bbk.appstore.ui.details.AppDetailActivity,sleeping]
05-13 15:40:48.247  3666  3666 I sysui_histogram: [fingerprint_token,0]
05-13 15:40:48.332  3666  4532 I am_wtf  : [0,3666,system_server,-1,ActivityManager,Sending non-protected broadcast com.vivo.updater.action.SCREEN_OFF from system 4786:com.vivo.daemonService/1000 pkg com.vivo.daemonService]
05-13 15:40:48.348  3666  3933 I am_proc_start: [0,18520,10087,com.bbk.updater,broadcast,com.bbk.updater/.receiver.AutoDownloadReceiver]
05-13 15:40:48.380  3666  4530 I am_proc_bound: [0,18520,com.bbk.updater]
05-13 15:40:48.674   510   510 I sf_frame_dur: [SurfaceView - ,13,238,0,1,0,0,0]
05-13 15:40:58.362  3666  3933 I am_broadcast_discard_filter: [0,225220858,android.intent.action.SCREEN_OFF,20,248552062]
05-13 15:40:58.585  3666  4308 I am_create_task: [0,453]
05-13 15:40:58.585  3666  4308 I am_create_activity: [0,217622631,453,com.p1.mobile.putong/.api.push.keep.OnePixelActivity,NULL,NULL,NULL,276824064]
05-13 15:40:58.586  3666  4308 I wm_task_created: [453,1]
05-13 15:40:58.587  3666  4308 I wm_task_moved: [453,1,20]
05-13 15:40:58.587  3666  4308 I wm_task_moved: [453,1,20]
05-13 15:40:58.590  3666  4308 I am_focused_activity: [0,com.p1.mobile.putong/.api.push.keep.OnePixelActivity,startedActivity]
05-13 15:40:58.601  3666  4308 I am_restart_activity: [0,217622631,453,com.p1.mobile.putong/.api.push.keep.OnePixelActivity]
05-13 15:40:58.611  3666  4308 I am_pause_activity: [0,217622631,com.p1.mobile.putong/.api.push.keep.OnePixelActivity]
05-13 15:40:58.635  3666  4308 I sysui_action: [323,com.p1.mobile.putong/.api.push.keep.OnePixelActivity]
05-13 15:40:58.635  3666  4308 I sysui_action: [324,true]
05-13 15:40:58.635  3666  4308 I sysui_action: [325,178099]
05-13 15:40:58.654  3666  3956 I sysui_action: [320,3]
05-13 15:40:58.654  3666  3956 I sysui_action: [319,75]
05-13 15:40:58.663  3666  3666 I power_screen_broadcast_done: [0,10581,1]
05-13 15:40:58.665 17371 17371 I am_on_resume_called: [0,com.p1.mobile.putong.api.push.keep.OnePixelActivity,LAUNCH_ACTIVITY]
05-13 15:40:58.672 17371 17371 I am_on_paused_called: [0,com.p1.mobile.putong.api.push.keep.OnePixelActivity,handlePauseActivity]
05-13 15:40:58.679  3666  3933 I am_stop_activity: [0,217622631,com.p1.mobile.putong/.api.push.keep.OnePixelActivity]
05-13 15:40:58.683  3666  3933 I sysui_count: [window_time_0,41]
05-13 15:40:58.698 17371 17371 I am_on_stop_called: [0,com.p1.mobile.putong.api.push.keep.OnePixelActivity,sleeping]
05-13 15:40:58.733  3666  3956 I sysui_action: [322,154]
05-13 15:40:58.733  3666  3956 I am_activity_launch_time: [0,217622631,com.p1.mobile.putong/.api.push.keep.OnePixelActivity,101,141]
05-13 15:40:58.817  4603  4603 I sysui_view_visibility: [111,100]
05-13 15:40:58.836  4603  4603 I sysui_status_bar_state: [1,1,0,0,1,0]
05-13 15:40:58.860  3666  6400 I notification_expansion: [0|android|10011|null|1000,0,0,20716614,14961716,2699433]
05-13 15:40:58.860  3666  8547 I notification_expansion: [0|android|110110|null|1000,0,0,20716618,20716618,2699433]
05-13 15:40:58.861  3666  8540 I notification_expansion: [0|com.android.mms.service|2147483647|group_key_override|1001|ranker_bundle,0,1,74108,74108,0]
05-13 15:40:58.862  3666  4530 I notification_expansion: [0|com.android.bbklog|2147483647|group_key_override|1000|ranker_bundle,0,1,166319,166319,0]
05-13 15:40:58.862  3666  4944 I notification_expansion: [0|com.tencent.mm|2147483647|group_key_override|10132|ranker_bundle,0,1,4024553,4024553,2699435]
05-13 15:40:58.863  3666  4308 I notification_expansion: [0|com.vivo.appfilter|2147483647|group_key_override|1000|ranker_bundle,0,1,9453151,9453151,2699436]
05-13 15:40:58.864  3666  4945 I notification_expansion: [0|com.vivo.game|2147483647|group_key_override|10113|ranker_bundle,0,1,63610487,63610487,0]
05-13 15:40:58.864  3666  5845 I notification_expansion: [0|com.vivo.intelliengine|2147483647|group_key_override|1000|ranker_bundle,0,1,163927331,163927331,86080609]
05-13 15:41:00.677  3666  3666 I notification_enqueue: [10064,8611,com.bbk.iqoo.logsystem,3,NULL,0,Notification(pri=-2 contentView=com.bbk.iqoo.logsystem/0x3030028 vibrate=null sound=null defaults=0x0 flags=0x40 color=0xff607d8b vis=PRIVATE),1]
05-13 15:41:00.706  3666  8544 I notification_autogrouped: 0|com.bbk.iqoo.logsystem|3|null|10064
05-13 15:41:00.707  3666 10253 I notification_autogrouped: 0|com.bbk.iqoo.logsystem|3|null|10064
05-13 15:41:00.725  3666  4300 I sysui_histogram: [validate_people_cache_latency,1]
05-13 15:41:00.757  3666 10253 I am_broadcast_discard_app: [0,74235805,NULL,0,ResolveInfo{51d9c12 com.happyelements.AndroidAnimal/com.happyelements.gsp.android.notification.gcn.GcnBroadcastReceiver m=0x0}]
05-13 15:41:11.251  3666  3666 I sysui_action: [252,true]
05-13 15:41:11.255  4603  4980 I screen_toggled: 2
05-13 15:41:11.268  3666  3666 I power_screen_state: [1,0,0,0]
05-13 15:41:11.268  3666  3666 I screen_toggled: 1
05-13 15:41:11.272  3666  3666 I power_screen_broadcast_send: 1
05-13 15:41:11.282  3666  3666 I am_mem_factor: [0,1]
05-13 15:41:11.316   510   510 I sf_frame_dur: [ColorFade,3,0,0,0,0,0,0]
05-13 15:41:11.319  4603  4603 I sysui_status_bar_state: [1,0,0,0,1,0]
05-13 15:41:11.341  4603  4603 I sysui_view_visibility: [111,0]
05-13 15:41:11.342  3666  8544 I am_wtf  : [0,3666,system_server,-1,ActivityManager,Sending non-protected broadcast com.vivo.updater.action.SCREEN_ON from system 4786:com.vivo.daemonService/1000 pkg com.vivo.daemonService]
05-13 15:41:11.382  3666  5840 I am_resume_activity: [0,217622631,453,com.p1.mobile.putong/.api.push.keep.OnePixelActivity]
05-13 15:41:11.413 17371 17371 I am_on_resume_called: [0,com.p1.mobile.putong.api.push.keep.OnePixelActivity,RESUME_ACTIVITY]
05-13 15:41:11.426  3666  3933 I am_broadcast_discard_app: [0,193748555,android.intent.action.USER_PRESENT,0,ResolveInfo{29de141 com.happyelements.AndroidAnimal/cn.egame.terminal.sdk.EgameCoreReceiver p=2147483647 m=0x108000}]
05-13 15:41:11.444  3666  3933 I am_broadcast_discard_app: [0,193748555,android.intent.action.USER_PRESENT,1,ResolveInfo{ecd26d4 com.qileyx.ddz.vivo/cn.egame.terminal.sdk.EgameCoreReceiver p=2147483647 m=0x108000}]
05-13 15:41:11.446  3666  3933 I am_broadcast_discard_app: [0,193748555,android.intent.action.USER_PRESENT,2,ResolveInfo{b26507d com.rainhope.scmj.wmwzb/cn.egame.terminal.sdk.EgameCoreReceiver p=2147483647 m=0x108000}]
05-13 15:41:11.453  3666  8547 I notification_expansion: [0|com.android.systemui|2147483647|group_key_override|10024|ranker_bundle,0,1,20362527,20362527,2712025]
05-13 15:41:11.454  3666  8549 I notification_expansion: [0|com.android.systemui|10000|null|10024,0,1,20362541,20362541,2712027]
05-13 15:41:11.455  3666 10257 I notification_expansion: [0|android|2147483647|group_key_override|1000|ranker_bundle,0,1,20729197,20729197,2712028]
05-13 15:41:11.456  3666  8546 I notification_expansion: [0|android|10011|null|1000,0,1,20729210,14974312,2712029]
05-13 15:41:11.456  3666  6400 I notification_expansion: [0|android|110110|null|1000,0,1,20729214,20729214,2712029]
05-13 15:41:11.457  3666  5871 I notification_expansion: [0|com.android.mms.service|2147483647|group_key_override|1001|ranker_bundle,0,1,86704,86704,0]
05-13 15:41:11.457  3666 10260 I notification_expansion: [0|com.android.bbklog|2147483647|group_key_override|1000|ranker_bundle,0,1,178914,178914,0]
05-13 15:41:11.458  3666  4945 I notification_expansion: [0|com.tencent.mm|2147483647|group_key_override|10132|ranker_bundle,0,1,4037149,4037149,2712031]
05-13 15:41:11.459  3666  8550 I notification_expansion: [0|com.vivo.appfilter|2147483647|group_key_override|1000|ranker_bundle,0,1,9465747,9465747,2712032]
05-13 15:41:11.461  3666  8543 I notification_expansion: [0|com.vivo.game|2147483647|group_key_override|10113|ranker_bundle,0,1,63623084,63623084,0]
05-13 15:41:11.461  3666  4803 I am_broadcast_discard_app: [0,193748555,android.intent.action.USER_PRESENT,4,ResolveInfo{93fdc40 com.jingdong.app.mall/com.tencent.android.tpush.XGPushReceiver p=2147483647 m=0x108000}]
05-13 15:41:11.462  3666  4308 I notification_expansion: [0|com.vivo.intelliengine|2147483647|group_key_override|1000|ranker_bundle,0,1,163939929,163939929,86093207]
05-13 15:41:11.463  3666  3933 I am_broadcast_discard_app: [0,193748555,android.intent.action.USER_PRESENT,5,ResolveInfo{ecc7779 com.sdu.didi.psnger/com.igexin.sdk.PushReceiver p=2147483647 m=0x108000}]
05-13 15:41:11.465  3666  3933 I am_broadcast_discard_app: [0,193748555,android.intent.action.USER_PRESENT,7,ResolveInfo{a0becbe com.yiche.price/com.sijla.common.HBL p=2147483647 m=0x108000}]
05-13 15:41:11.477  3666 10260 I am_broadcast_discard_app: [0,193748555,android.intent.action.USER_PRESENT,9,ResolveInfo{c141235 com.UCMobile/com.pp.plugin.appstore.receiver.PPNetworkReceiver p=1000 m=0x108000}]
05-13 15:41:11.478  3666  3933 I am_broadcast_discard_app: [0,193748555,android.intent.action.USER_PRESENT,10,ResolveInfo{c1616ca com.dangdang.buy2/cn.xiaoneng.xpush.XPushReceiver p=1000 m=0x108000}]
05-13 15:41:11.491  4603  4603 I sysui_histogram: [note_load,18]
05-13 15:41:11.491  3666  3778 I notification_panel_revealed: 18
05-13 15:41:11.493  3666  4530 I notification_panel_hidden: []
05-13 15:41:11.529  3666  4532 I am_broadcast_discard_app: [0,193748555,android.intent.action.USER_PRESENT,19,ResolveInfo{860d517 cn.xiaochuankeji.tieba/cn.xc_common.push.service.PushReceiver m=0x108000}]
05-13 15:41:11.539  3666  3933 I am_broadcast_discard_app: [0,193748555,android.intent.action.USER_PRESENT,20,ResolveInfo{8f1ed04 com.Qunar/com.igexin.sdk.PushReceiver m=0x108000}]
05-13 15:41:11.541  3666  3933 I am_broadcast_discard_app: [0,193748555,android.intent.action.USER_PRESENT,21,ResolveInfo{a5152ed com.UCMobile/com.taobao.accs.EventReceiver m=0x108000}]
05-13 15:41:11.542  3666  3933 I am_broadcast_discard_app: [0,193748555,android.intent.action.USER_PRESENT,22,ResolveInfo{c32b522 com.autonavi.minimap/com.taobao.accs.EventReceiver m=0x108000}]
05-13 15:41:11.543  3666  3933 I am_broadcast_discard_app: [0,193748555,android.intent.action.USER_PRESENT,23,ResolveInfo{f13abb3 com.baidu.BaiduMap/com.baidu.android.pushservice.PushServiceReceiver m=0x108000}]
05-13 15:41:11.543  3666  3933 I am_broadcast_discard_app: [0,193748555,android.intent.action.USER_PRESENT,24,ResolveInfo{922d570 com.chengzivr.android/.push.PushWakeReceiver m=0x108000}]
05-13 15:41:11.544  3666  3933 I am_broadcast_discard_app: [0,193748555,android.intent.action.USER_PRESENT,25,ResolveInfo{57d30e9 com.cubic.autohome/com.igexin.sdk.PushReceiver m=0x108000}]
05-13 15:41:11.545  3666  3933 I am_broadcast_discard_app: [0,193748555,android.intent.action.USER_PRESENT,26,ResolveInfo{913500f com.dianping.v1/com.dianping.base.push.pushservice.PhoneStatusReceiver m=0x108000}]
05-13 15:41:11.546  3666  3933 I am_broadcast_discard_app: [0,193748555,android.intent.action.USER_PRESENT,27,ResolveInfo{a37d89c com.duowan.groundhog.mctools/com.taobao.accs.EventReceiver m=0x108000}]
05-13 15:41:11.553  3666 10253 I am_broadcast_discard_app: [0,193748555,android.intent.action.USER_PRESENT,29,ResolveInfo{7bede2b com.gameabc.zhanqiAndroid/com.igexin.sdk.PushReceiver m=0x108000}]
05-13 15:41:11.554  3666  3933 I am_broadcast_discard_app: [0,193748555,android.intent.action.USER_PRESENT,30,ResolveInfo{437e288 com.gbits.atm.vivo/com.igexin.sdk.PushReceiver m=0x108000}]
05-13 15:41:11.555  3666  3933 I am_broadcast_discard_app: [0,193748555,android.intent.action.USER_PRESENT,31,ResolveInfo{11421 com.happyelements.AndroidAnimal/com.happyelements.gsp.android.notification.gcn.GcnBroadcastReceiver m=0x108000}]
05-13 15:41:11.555  3666  3933 I am_broadcast_discard_app: [0,193748555,android.intent.action.USER_PRESENT,32,ResolveInfo{71dd046 com.meitu.meiyancamera/com.igexin.sdk.PushReceiver m=0x108000}]
05-13 15:41:11.556  3666  3933 I am_broadcast_discard_app: [0,193748555,android.intent.action.USER_PRESENT,33,ResolveInfo{6ac9f34 com.meitu.wheecam/com.meitu.pushkit.InnerReceiver m=0x108000}]
05-13 15:41:11.557  3666  3933 I am_broadcast_discard_app: [0,193748555,android.intent.action.USER_PRESENT,34,ResolveInfo{639d15d com.meitu.wheecam/com.igexin.sdk.PushReceiver m=0x108000}]
05-13 15:41:11.557  3666  3933 I am_broadcast_discard_app: [0,193748555,android.intent.action.USER_PRESENT,35,ResolveInfo{f56aad2 com.mobike.mobikeapp/com.igexin.sdk.PushReceiver m=0x108000}]
05-13 15:41:11.557  3666  3933 I am_broadcast_discard_app: [0,193748555,android.intent.action.USER_PRESENT,36,ResolveInfo{5ee7a3 com.mobike.mobikeapp/com.hyphenate.chat.EMMonitorReceiver m=0x108000}]
05-13 15:41:11.559  3666  3933 I am_broadcast_discard_app: [0,193748555,android.intent.action.USER_PRESENT,37,ResolveInfo{e0e7aa0 com.mogujie/com.igexin.sdk.PushReceiver m=0x108000}]
05-13 15:41:11.560  3666  3933 I am_broadcast_discard_app: [0,193748555,android.intent.action.USER_PRESENT,38,ResolveInfo{d472659 com.mt.mtxx.mtxx/com.igexin.sdk.PushReceiver m=0x108000}]
05-13 15:41:11.562  3666 10261 I am_finish_activity: [0,217622631,453,com.p1.mobile.putong/.api.push.keep.OnePixelActivity,app-request]
05-13 15:41:11.563  3666 10261 I wm_task_moved: [89,1,20]
05-13 15:41:11.565  3666 10261 I am_focused_activity: [0,com.bbk.appstore/.ui.details.AppDetailActivity,finishActivity adjustFocus]
05-13 15:41:11.595  3666 10261 I am_pause_activity: [0,217622631,com.p1.mobile.putong/.api.push.keep.OnePixelActivity]
05-13 15:41:11.602 17371 17371 I am_on_paused_called: [0,com.p1.mobile.putong.api.push.keep.OnePixelActivity,handlePauseActivity]
05-13 15:41:11.613  3666  8550 I am_resume_activity: [0,198399598,89,com.bbk.appstore/.ui.details.AppDetailActivity]
05-13 15:41:11.629  3666  5840 I am_broadcast_discard_app: [0,193748555,android.intent.action.USER_PRESENT,42,ResolveInfo{83acf15 com.qileyx.ddz.vivo/com.nearme.ddz.util.ConnectionChangeReceiver m=0x108000}]
05-13 15:41:11.630  3666  3933 I am_broadcast_discard_app: [0,193748555,android.intent.action.USER_PRESENT,43,ResolveInfo{b60c22a com.qileyx.ddz.vivo/com.igexin.sdk.PushReceiver m=0x108000}]
05-13 15:41:11.631 17802 17802 I am_on_resume_called: [0,com.bbk.appstore.ui.details.AppDetailActivity,RESUME_ACTIVITY]
05-13 15:41:11.632  3666  3933 I am_broadcast_discard_app: [0,193748555,android.intent.action.USER_PRESENT,44,ResolveInfo{9d7a81b com.qzone/com.tencent.wns.export.AutoStartReceiver m=0x108000}]
05-13 15:41:11.635  3666  3933 I am_broadcast_discard_app: [0,193748555,android.intent.action.USER_PRESENT,45,ResolveInfo{5ecfdb8 com.rainhope.scmj.wmwzb/com.unicom.xiaowo.SecurityReceiver m=0x108000}]
05-13 15:41:11.638  3666 10253 I am_destroy_activity: [0,217622631,453,com.p1.mobile.putong/.api.push.keep.OnePixelActivity,finish-idle]
05-13 15:41:11.642 17371 17371 I am_on_stop_called: [0,com.p1.mobile.putong.api.push.keep.OnePixelActivity,destroy]
05-13 15:41:11.645  3666  3933 I am_broadcast_discard_app: [0,193748555,android.intent.action.USER_PRESENT,46,ResolveInfo{f864791 com.smile.gifmaker/com.igexin.sdk.PushReceiver m=0x108000}]
05-13 15:41:11.646  3666  3933 I am_broadcast_discard_app: [0,193748555,android.intent.action.USER_PRESENT,47,ResolveInfo{120d6f6 com.ss.android.article.news/com.ss.android.message.MessageReceiver m=0x108000}]
05-13 15:41:11.647  3666  3933 I am_broadcast_discard_app: [0,193748555,android.intent.action.USER_PRESENT,48,ResolveInfo{4beaaf7 com.ss.android.article.news/com.taobao.accs.EventReceiver m=0x108000}]
05-13 15:41:11.649  3666  3933 I am_broadcast_discard_app: [0,193748555,android.intent.action.USER_PRESENT,49,ResolveInfo{736cbcd com.ss.android.article.news/.AliyunPushMsgReceiver m=0x108000}]
05-13 15:41:11.650  3666  3933 I am_broadcast_discard_app: [0,193748555,android.intent.action.USER_PRESENT,50,ResolveInfo{1fb6c82 com.ss.android.article.news/com.ss.android.message.sswo.SswoReceiver m=0x108000}]
05-13 15:41:11.654  3666 10253 I wm_task_removed: [453,removeAppToken: last token]
05-13 15:41:11.654  3666 10253 I wm_task_removed: [453,removeTask]
05-13 15:41:11.654  3666  3933 I am_broadcast_discard_app: [0,193748555,android.intent.action.USER_PRESENT,51,ResolveInfo{185cbd0 com.ss.android.article.video/com.ss.android.message.MessageReceiver m=0x108000}]
05-13 15:41:11.658  3666  3933 I am_broadcast_discard_app: [0,193748555,android.intent.action.USER_PRESENT,52,ResolveInfo{cf157c9 com.ss.android.article.video/com.taobao.accs.EventReceiver m=0x108000}]
05-13 15:41:11.659  3666  3933 I am_broadcast_discard_app: [0,193748555,android.intent.action.USER_PRESENT,53,ResolveInfo{9f7cece com.ss.android.essay.joke/com.ss.android.message.MessageReceiver m=0x108000}]
05-13 15:41:11.659  3666  3933 I am_broadcast_discard_app: [0,193748555,android.intent.action.USER_PRESENT,54,ResolveInfo{da01ef com.ss.android.essay.joke/com.ss.android.message.sswo.SswoReceiver m=0x108000}]
05-13 15:41:11.660  3666  3933 I am_broadcast_discard_app: [0,193748555,android.intent.action.USER_PRESENT,55,ResolveInfo{743d4fc com.ss.android.essay.joke/com.taobao.accs.EventReceiver m=0x108000}]
05-13 15:41:11.661  3666  3933 I am_broadcast_discard_app: [0,193748555,android.intent.action.USER_PRESENT,56,ResolveInfo{9aea785 com.ss.android.ugc.live/com.ss.android.message.MessageReceiver m=0x108000}]
05-13 15:41:11.662  3666  3933 I am_broadcast_discard_app: [0,193748555,android.intent.action.USER_PRESENT,57,ResolveInfo{c4609da com.ss.android.ugc.live/com.ss.android.message.sswo.SswoReceiver m=0x108000}]
05-13 15:41:11.662  3666  3933 I am_broadcast_discard_app: [0,193748555,android.intent.action.USER_PRESENT,58,ResolveInfo{96ece0b com.ss.android.ugc.live/com.taobao.accs.EventReceiver m=0x108000}]
05-13 15:41:11.663  3666  3933 I am_broadcast_discard_app: [0,193748555,android.intent.action.USER_PRESENT,59,ResolveInfo{e7744e8 com.taobao.taobao/com.taobao.accs.EventReceiver m=0x108000}]
05-13 15:41:11.664  3666  3933 I am_broadcast_discard_app: [0,193748555,android.intent.action.USER_PRESENT,60,ResolveInfo{3373701 com.tencent.androidqqmail/com.tencent.qqmail.utilities.qmbroadcastreceiver.QMPushReceiver m=0x108000}]
05-13 15:41:11.664  3666  3933 I am_broadcast_discard_app: [0,193748555,android.intent.action.USER_PRESENT,61,ResolveInfo{d0ae9a6 com.tencent.news/.push.alive.offactivity.OffScreenReceiver m=0x108000}]
05-13 15:41:11.665  3666  3933 I am_broadcast_discard_app: [0,193748555,android.intent.action.USER_PRESENT,62,ResolveInfo{d3a3fe7 com.tencent.news/com.taobao.accs.EventReceiver m=0x108000}]
05-13 15:41:11.667  3666  3933 I am_broadcast_discard_app: [0,193748555,android.intent.action.USER_PRESENT,63,ResolveInfo{95f423d com.yiche.price/com.taobao.accs.EventReceiver m=0x108000}]
05-13 15:41:11.668  3666  3933 I am_broadcast_discard_app: [0,193748555,android.intent.action.USER_PRESENT,64,ResolveInfo{bebfa32 com.yiche.price/io.rong.push.PushReceiver m=0x108000}]
05-13 15:41:11.669  3666  3933 I am_broadcast_discard_app: [0,193748555,android.intent.action.USER_PRESENT,65,ResolveInfo{e60f383 com.yixia.videoeditor/com.igexin.sdk.PushReceiver m=0x108000}]
05-13 15:41:11.670  3666  3933 I am_broadcast_discard_app: [0,193748555,android.intent.action.USER_PRESENT,66,ResolveInfo{3cbc900 com.youku.phone/com.taobao.accs.EventReceiver m=0x108000}]
05-13 15:41:13.084  3666  4280 I am_new_intent: [0,190547838,2,com.bbk.launcher2/.Launcher,android.intent.action.MAIN,NULL,NULL,278921216]
05-13 15:41:13.085  3666  4280 I am_focused_stack: [0,0,1,bringingFoundTaskToFront setFocusedActivity]
05-13 15:41:13.086  3666  4280 I wm_task_moved: [2,1,1]
05-13 15:41:13.090  3666  4280 I am_focused_activity: [0,com.bbk.launcher2/.Launcher,bringingFoundTaskToFront]
05-13 15:41:13.138  3666  4280 I am_pause_activity: [0,198399598,com.bbk.appstore/.ui.details.AppDetailActivity]
05-13 15:41:13.148  3666  4280 I am_task_to_front: [0,2]
05-13 15:41:13.149 17802 17802 I am_on_paused_called: [0,com.bbk.appstore.ui.details.AppDetailActivity,handlePauseActivity]
05-13 15:41:13.152  3666  4280 I sysui_action: [323,com.bbk.launcher2/.Launcher]
05-13 15:41:13.152  3666  4280 I sysui_action: [324,true]
05-13 15:41:13.152  3666  4280 I sysui_action: [325,178114]
05-13 15:41:13.164  3666  8546 I am_resume_activity: [0,101232021,2,com.bbk.launcher2/.Launcher]
05-13 15:41:13.181  3666  3933 I sysui_count: [window_time_0,14]
05-13 15:41:13.191  5874  5874 I am_on_resume_called: [0,com.bbk.launcher2.Launcher,RESUME_ACTIVITY]
05-13 15:41:13.251  3666  3956 I sysui_action: [320,2]
05-13 15:41:13.251  3666  3956 I sysui_action: [319,180]
05-13 15:41:13.251  3666  3956 I sysui_action: [322,180]
05-13 15:41:13.493  3666  3933 I am_stop_activity: [0,198399598,com.bbk.appstore/.ui.details.AppDetailActivity]
05-13 15:41:13.496 17802 17802 I am_on_stop_called: [0,com.bbk.appstore.ui.details.AppDetailActivity,handleStopActivity]
05-13 15:41:13.572   510   510 I sf_frame_dur: [com.bbk.appstore/com.bbk.appstore.ui.details.AppDetailActivity,2,0,1,1,0,0,1]
05-13 15:41:14.363  3666  3933 I am_broadcast_discard_app: [0,136258511,android.net.wifi.RSSI_CHANGED,0,ResolveInfo{345815c com.sdu.didi.psnger/com.didi.sdk.receiver.WifiReceiver m=0x108000}]
05-13 15:41:15.585  3666  4945 I am_create_task: [0,454]
05-13 15:41:15.585  3666  4945 I am_create_activity: [0,187321445,454,com.android.bbk.lockscreen3/.LockScreenActivity,android.intent.action.MAIN,NULL,NULL,815792128]
05-13 15:41:15.586  3666  4945 I wm_task_created: [454,1]
05-13 15:41:15.586  3666  4945 I wm_task_moved: [454,1,20]
05-13 15:41:15.587  3666  4945 I am_focused_stack: [0,1,0,startedActivity setFocusedActivity]
05-13 15:41:15.587  3666  4945 I wm_task_moved: [454,1,20]
05-13 15:41:15.589  3666  4945 I am_focused_activity: [0,com.android.bbk.lockscreen3/.LockScreenActivity,startedActivity]
05-13 15:41:15.590  3666  4945 I am_pause_activity: [0,101232021,com.bbk.launcher2/.Launcher]
05-13 15:41:15.597  3666  4945 I sysui_action: [323,com.android.bbk.lockscreen3/.LockScreenActivity]
05-13 15:41:15.597  3666  4945 I sysui_action: [324,false]
05-13 15:41:15.597  3666  4945 I sysui_action: [325,178116]
05-13 15:41:15.601  5874  5874 I am_on_paused_called: [0,com.bbk.launcher2.Launcher,handlePauseActivity]
05-13 15:41:15.613  3666  4969 I am_proc_start: [0,18865,10122,com.android.bbk.lockscreen3,activity,com.android.bbk.lockscreen3/.LockScreenActivity]
05-13 15:41:15.622  3666 10261 I am_proc_bound: [0,18865,com.android.bbk.lockscreen3]
05-13 15:41:15.633  3666 10261 I am_restart_activity: [0,187321445,454,com.android.bbk.lockscreen3/.LockScreenActivity]
05-13 15:41:15.689  3666  4532 I am_finish_activity: [0,187321445,454,com.android.bbk.lockscreen3/.LockScreenActivity,app-request]
05-13 15:41:15.689  3666 10253 I power_sleep_requested: 0
05-13 15:41:15.689  3666  4532 I am_focused_stack: [0,0,1,finishActivity adjustFocus setFocusedActivity]
05-13 15:41:15.689  3666  4532 I wm_task_moved: [2,1,1]
05-13 15:41:15.691  3666  4532 I am_focused_activity: [0,com.bbk.launcher2/.Launcher,finishActivity adjustFocus]
05-13 15:41:15.691  3666  4532 I am_pause_activity: [0,187321445,com.android.bbk.lockscreen3/.LockScreenActivity]
05-13 15:41:15.698  3666  3666 I power_screen_state: [0,2,0,0]
05-13 15:41:15.698  3666  3666 I screen_toggled: 0
05-13 15:41:15.698  3666  3666 I sysui_histogram: [screen_timeout,30]
05-13 15:41:15.730  3666  3666 I sysui_histogram: [fingerprint_token,0]
05-13 15:41:15.757  3666  5871 I am_destroy_activity: [0,187321445,454,com.android.bbk.lockscreen3/.LockScreenActivity,finish-imm]
05-13 15:41:15.772  3666  3933 I sysui_count: [window_time_0,3]
05-13 15:41:15.774  3666  3956 I sysui_action: [320,3]
05-13 15:41:15.774  3666  3956 I sysui_action: [319,198]
05-13 15:41:15.774  5874  5874 I am_on_stop_called: [0,com.bbk.launcher2.Launcher,sleeping]
05-13 15:41:15.786  3666 10253 I wm_task_removed: [454,removeAppToken: last token]
05-13 15:41:15.786  3666 10253 I wm_task_removed: [454,removeTask]
05-13 15:41:15.822  4603  4603 I sysui_view_visibility: [111,100]
05-13 15:41:15.831  4603  4603 I sysui_status_bar_state: [1,1,0,0,1,0]
05-13 15:41:15.841  3666  5840 I notification_expansion: [0|android|10011|null|1000,0,0,20733595,14978697,2716414]
05-13 15:41:15.841  3666  8547 I notification_expansion: [0|android|110110|null|1000,0,0,20733599,20733599,2716414]
05-13 15:41:15.841  3666 10260 I notification_expansion: [0|com.android.mms.service|2147483647|group_key_override|1001|ranker_bundle,0,1,91088,91088,0]
05-13 15:41:15.842  3666  4308 I notification_expansion: [0|com.android.bbklog|2147483647|group_key_override|1000|ranker_bundle,0,1,183299,183299,0]
05-13 15:41:15.842  3666  8546 I notification_expansion: [0|com.tencent.mm|2147483647|group_key_override|10132|ranker_bundle,0,1,4041533,4041533,2716415]
05-13 15:41:15.843  3666  6400 I notification_expansion: [0|com.vivo.appfilter|2147483647|group_key_override|1000|ranker_bundle,0,1,9470131,9470131,2716416]
05-13 15:41:15.843  3666  4532 I notification_expansion: [0|com.vivo.game|2147483647|group_key_override|10113|ranker_bundle,0,1,63627466,63627466,0]
05-13 15:41:15.844  3666 10255 I notification_expansion: [0|com.vivo.intelliengine|2147483647|group_key_override|1000|ranker_bundle,0,1,163944311,163944311,86097589]
05-13 15:41:16.137  3666  3666 I free_storage_changed: 19249778688
05-13 15:41:16.926  3666  3666 I sysui_action: [252,true]
05-13 15:41:16.929  4603  4642 I screen_toggled: 2
05-13 15:41:16.968  3666  3666 I power_screen_state: [1,0,0,0]
05-13 15:41:16.968  3666  3666 I screen_toggled: 1
05-13 15:41:16.993  4603  4603 I sysui_status_bar_state: [1,0,0,0,1,0]
05-13 15:41:16.999   510   510 I sf_frame_dur: [ColorFade,3,0,0,0,0,0,0]
05-13 15:41:17.005  4603  4603 I sysui_view_visibility: [111,0]
05-13 15:41:17.033  3666  4938 I am_resume_activity: [0,101232021,2,com.bbk.launcher2/.Launcher]
05-13 15:41:17.056  5874  5874 I am_on_resume_called: [0,com.bbk.launcher2.Launcher,RESUME_ACTIVITY]
05-13 15:41:17.061  3666  3933 I am_broadcast_discard_app: [0,68529254,android.intent.action.USER_PRESENT,0,ResolveInfo{4a5aba7 com.happyelements.AndroidAnimal/cn.egame.terminal.sdk.EgameCoreReceiver p=2147483647 m=0x108000}]
05-13 15:41:17.062  3666  3933 I am_broadcast_discard_app: [0,68529254,android.intent.action.USER_PRESENT,1,ResolveInfo{f012854 com.qileyx.ddz.vivo/cn.egame.terminal.sdk.EgameCoreReceiver p=2147483647 m=0x108000}]
05-13 15:41:17.062  3666  3933 I am_broadcast_discard_app: [0,68529254,android.intent.action.USER_PRESENT,2,ResolveInfo{2bff3fd com.rainhope.scmj.wmwzb/cn.egame.terminal.sdk.EgameCoreReceiver p=2147483647 m=0x108000}]
05-13 15:41:17.081  3666  4944 I am_broadcast_discard_app: [0,68529254,android.intent.action.USER_PRESENT,4,ResolveInfo{d1cd2f9 com.jingdong.app.mall/com.tencent.android.tpush.XGPushReceiver p=2147483647 m=0x108000}]
05-13 15:41:17.083  3666  3933 I am_broadcast_discard_app: [0,68529254,android.intent.action.USER_PRESENT,5,ResolveInfo{323e23e com.sdu.didi.psnger/com.igexin.sdk.PushReceiver p=2147483647 m=0x108000}]
05-13 15:41:17.083  3666  4803 I notification_expansion: [0|com.android.systemui|2147483647|group_key_override|10024|ranker_bundle,0,1,20368158,20368158,2717656]
05-13 15:41:17.084  3666  5849 I notification_expansion: [0|com.android.systemui|10000|null|10024,0,1,20368171,20368171,2717657]
05-13 15:41:17.085  3666  3933 I am_broadcast_discard_app: [0,68529254,android.intent.action.USER_PRESENT,7,ResolveInfo{ae92dec com.yiche.price/com.sijla.common.HBL p=2147483647 m=0x108000}]
05-13 15:41:17.085  3666  6400 I notification_expansion: [0|android|2147483647|group_key_override|1000|ranker_bundle,0,1,20734827,20734827,2717658]
05-13 15:41:17.086  3666  8546 I notification_expansion: [0|android|10011|null|1000,0,1,20734840,14979942,2717659]
05-13 15:41:17.086  3666  4969 I notification_expansion: [0|android|110110|null|1000,0,1,20734844,20734844,2717659]
05-13 15:41:17.087  3666 10260 I notification_expansion: [0|com.android.mms.service|2147483647|group_key_override|1001|ranker_bundle,0,1,92334,92334,0]
05-13 15:41:17.088  3666  4959 I notification_expansion: [0|com.android.bbklog|2147483647|group_key_override|1000|ranker_bundle,0,1,184545,184545,0]
05-13 15:41:17.089  3666 10257 I notification_expansion: [0|com.tencent.mm|2147483647|group_key_override|10132|ranker_bundle,0,1,4042780,4042780,2717662]
05-13 15:41:17.090  3666  5871 I notification_expansion: [0|com.vivo.appfilter|2147483647|group_key_override|1000|ranker_bundle,0,1,9471378,9471378,2717663]
