05-22 05:32:23.718  3753  4313 I notification_autogrouped: 0|com.vivo.abe|1002001|null|1000
05-22 05:32:23.721  3753 16930 I notification_autogrouped: 0|com.vivo.abe|1002001|null|1000
05-22 05:32:23.721  3753  3778 I am_pss  : [18208,1000,com.android.fuelsummary,4464640,3047424,0]
05-22 05:32:23.723  3753 16658 I notification_autogrouped: 0|com.android.bbklog|1|null|1000
05-22 05:32:23.726  3753  4664 I notification_autogrouped: 0|com.android.bbklog|1|null|1000
05-22 05:32:23.728  3753 16922 I notification_autogrouped: 0|com.bbk.iqoo.logsystem|3|null|10064
05-22 05:32:23.730  3753  5183 I notification_autogrouped: 0|com.bbk.iqoo.logsystem|3|null|10064
05-22 05:32:23.882  3753  3753 I notification_cancel_all: [1000,3753,com.android.bbksoundrecorder,0,0,0,5,NULL]
05-22 05:32:24.164  3753  5148 I am_kill : [0,18476,com.vivo.game,500,stop com.vivo.game]
05-22 05:32:24.166  3753  5148 I am_schedule_service_restart: [0,com.vivo.game/.update.GameReceiverService,1000]
05-22 05:32:24.181  3753  3753 I notification_cancel_all: [1000,3753,com.vivo.game,0,0,0,5,NULL]
05-22 05:32:24.463  3753 16925 I am_kill : [0,18350,com.tencent.reading:PushService,0,stop com.tencent.reading]
05-22 05:32:24.464  3753 16925 I am_schedule_service_restart: [0,com.tencent.reading/.push.PushService,1000]
05-22 05:32:24.465  3753 16925 I am_focused_activity: [-1,NULL,resetFocusedActivityIfNeeded]
05-22 05:32:24.478  3753 16925 I am_proc_start: [0,18563,10136,com.tencent.reading:PushService,activity,com.tencent.reading/com.tencent.news.push.alive.offactivity.HollowActivity]
05-22 05:32:24.485  3753 16925 I am_finish_activity: [0,182613040,178,com.tencent.reading/com.tencent.news.push.alive.offactivity.HollowActivity,force-stop]
05-22 05:32:24.517  3753 16925 I am_resume_activity: [0,225054134,6,com.android.mms/.ui.ConversationList]
05-22 05:32:24.558  3753 16925 I am_pause_activity: [0,225054134,com.android.mms/.ui.ConversationList]
05-22 05:32:24.561  3753 16925 I wm_task_moved: [6,1,18]
05-22 05:32:24.563  3753 16925 I am_focused_activity: [0,com.android.mms/.ui.ConversationList,completeResume]
05-22 05:32:24.575  3753  3779 I am_destroy_activity: [0,182613040,178,com.tencent.reading/com.tencent.news.push.alive.offactivity.HollowActivity,finish-idle]
05-22 05:32:24.587  3753  3779 I wm_task_removed: [178,removeAppToken: last token]
05-22 05:32:24.587  3753  3779 I wm_task_removed: [178,removeTask]
05-22 05:32:24.593  3753  3753 I notification_cancel_all: [1000,3753,com.tencent.reading,0,0,0,5,NULL]
05-22 05:32:24.616  3753 16929 I am_proc_bound: [0,18563,com.tencent.reading:PushService]
05-22 05:32:24.643 31919 31919 I am_on_resume_called: [0,com.android.mms.ui.ConversationList,RESUME_ACTIVITY]
05-22 05:32:24.673 31919 31919 I am_on_paused_called: [0,com.android.mms.ui.ConversationList,handlePauseActivity]
05-22 05:32:24.677  3753  3779 I am_stop_activity: [0,225054134,com.android.mms/.ui.ConversationList]
05-22 05:32:24.679 31919 31919 I am_on_stop_called: [0,com.android.mms.ui.ConversationList,sleeping]
05-22 05:32:24.724  3753 16928 I am_wtf  : [0,3753,system_server,-1,ActivityManager,Sending non-protected broadcast launcher.action.CHANGE_APPLICATION_NOTIFICATION_NUM from system 5163:com.android.phone/1001 pkg com.android.phone]
05-22 05:32:24.730  3753  4695 I am_wtf  : [0,3753,system_server,-1,ActivityManager,Sending non-protected broadcast android.no.read.BBKLockScreen.MSG from system 5163:com.android.phone/1001 pkg com.android.phone]
05-22 05:32:24.731  3753  4695 I am_wtf  : [0,3753,system_server,-1,ActivityManager,Sending non-protected broadcast android.no.read.BBKLockScreen.MSG from system 5163:com.android.phone/1001 pkg com.android.phone]
05-22 05:37:12.827  3753  3779 I am_wtf  : [0,3753,system_server,-1,KernelWakelockReader,neither /proc/wakelocks nor /d/wakeup_sources exists]
05-22 05:37:12.861  3753  3779 I am_wtf  : [0,3753,system_server,-1,KernelWakelockReader,neither /proc/wakelocks nor /d/wakeup_sources exists]
05-22 05:41:12.022  3753  4028 I am_wtf  : [0,3753,system_server,-1,ActivityManager,Sending non-protected broadcast com.vivo.pem.power from system uid 1000 pkg com.vivo.pem]
05-22 05:41:12.033  3753  4028 I am_wtf  : [0,3753,system_server,-1,ActivityManager,Sending non-protected broadcast com.vivo.pem.bigdata from system uid 1000 pkg com.vivo.pem]
05-22 05:41:12.038  3753  3779 I am_wtf  : [0,3753,system_server,-1,KernelWakelockReader,neither /proc/wakelocks nor /d/wakeup_sources exists]
05-22 05:41:12.054  3753  4028 I am_wtf  : [0,3753,system_server,-1,ActivityManager,Sending non-protected broadcast com.vivo.push.AlarmAciton.Retry from system uid 1000 pkg com.vivo.abe]
05-22 05:41:12.057  3753  4028 I am_wtf  : [0,3753,system_server,-1,ActivityManager,Sending non-protected broadcast android.intent.action.WEEK_ALARM from system uid 1000 pkg com.vivo.abe]
05-22 05:41:12.073  3753  3779 I am_wtf  : [0,4665,system_server,-1,KernelWakelockReader,neither /proc/wakelocks nor /d/wakeup_sources exists]
05-22 05:41:12.116  3753  3779 I am_wtf  : [0,4665,system_server,-1,KernelWakelockReader,neither /proc/wakelocks nor /d/wakeup_sources exists]
05-22 05:41:12.225  3753  3779 I am_wtf  : [0,3753,system_server,-1,KernelWakelockReader,neither /proc/wakelocks nor /d/wakeup_sources exists]
05-22 05:41:12.321  3753 16657 I am_kill : [0,18550,android.ext.services,100,stop android.ext.services]
05-22 05:41:12.322  3753 16657 I am_schedule_service_restart: [0,android.ext.services/.notification.Ranker,1000]
05-22 05:41:12.332  3753  3753 I notification_cancel_all: [1000,3753,android.ext.services,0,0,0,5,NULL]
05-22 05:41:12.380  3753  3753 I am_proc_start: [0,18619,10013,android.ext.services,service,android.ext.services/.notification.Ranker]
05-22 05:41:12.407  3753 16658 I am_proc_bound: [0,18619,android.ext.services]
05-22 05:41:12.467  3753 10556 I notification_autogrouped: 0|com.tencent.mm|4097|null|10133
05-22 05:41:12.468  3753  3772 I notification_autogrouped: 0|com.tencent.mm|4097|null|10133
05-22 05:41:12.473  3753 16933 I notification_autogrouped: 0|com.vivo.abe|1002001|null|1000
05-22 05:41:12.480  3753  5145 I notification_autogrouped: 0|com.vivo.abe|1002001|null|1000
05-22 05:41:12.487  3753  5181 I notification_autogrouped: 0|com.android.bbklog|1|null|1000
05-22 05:41:12.487  3753  5183 I notification_autogrouped: 0|com.android.bbklog|1|null|1000
05-22 05:41:12.495  3753 16934 I notification_autogrouped: 0|com.bbk.iqoo.logsystem|3|null|10064
05-22 05:41:12.496  3753  3772 I notification_autogrouped: 0|com.bbk.iqoo.logsystem|3|null|10064
05-22 05:41:12.596  3753  3753 I notification_cancel_all: [1000,3753,com.vivo.game,0,0,0,5,NULL]
05-22 05:45:12.335  3753  3779 I am_wtf  : [0,3753,system_server,-1,KernelWakelockReader,neither /proc/wakelocks nor /d/wakeup_sources exists]
05-22 05:45:12.358  3753  3779 I am_wtf  : [0,3753,system_server,-1,KernelWakelockReader,neither /proc/wakelocks nor /d/wakeup_sources exists]
05-22 05:45:12.367  3753 16658 I am_proc_start: [0,18663,10045,com.vivo.weather.provider,content provider,com.vivo.weather.provider/.WeatherProvider]
05-22 05:45:12.395  3753 10556 I am_proc_bound: [0,18663,com.vivo.weather.provider]
05-22 05:47:22.961  3753  3779 I am_wtf  : [0,3753,system_server,-1,KernelWakelockReader,neither /proc/wakelocks nor /d/wakeup_sources exists]
05-22 05:51:17.386  3753  4028 I am_wtf  : [0,3753,system_server,-1,ActivityManager,Sending non-protected broadcast com.vivo.pem.power from system uid 1000 pkg com.vivo.pem]
05-22 05:51:17.391  3753  4028 I am_wtf  : [0,3753,system_server,-1,ActivityManager,Sending non-protected broadcast com.vivo.push.AlarmAciton.Retry from system uid 1000 pkg com.vivo.abe]
05-22 05:51:17.410  3753  4185 I netstats_mobile_sample: [41433919,74718,5348155,50352,41432819,74692,4945339,50352,41432819,74692,4945675,50358,1495403477410]
05-22 05:51:17.411  3753  4185 I netstats_wifi_sample: [5337649138,3678408,147380697,2347821,5336209315,3620526,114502967,2347103,5335488412,3615998,114567131,2348267,1495403477410]
05-22 05:51:17.441  3753  3779 I am_wtf  : [0,3753,system_server,-1,KernelWakelockReader,neither /proc/wakelocks nor /d/wakeup_sources exists]
05-22 05:51:17.509  3753 22076 I am_create_task: [0,179]
05-22 05:51:17.509  3753 22076 I am_create_activity: [0,122207237,179,com.tencent.reading/com.tencent.news.push.alive.offactivity.HollowActivity,NULL,NULL,NULL,276824064]
05-22 05:51:17.510  3753 22076 I wm_task_created: [179,1]
05-22 05:51:17.511  3753 22076 I wm_task_moved: [179,1,18]
05-22 05:51:17.511  3753 22076 I wm_task_moved: [179,1,18]
05-22 05:51:17.513  3753 22076 I am_focused_activity: [0,com.tencent.reading/com.tencent.news.push.alive.offactivity.HollowActivity,startedActivity]
05-22 05:51:17.520  3753 22076 I am_restart_activity: [0,122207237,179,com.tencent.reading/com.tencent.news.push.alive.offactivity.HollowActivity]
05-22 05:51:17.523  3753 22076 I am_pause_activity: [0,122207237,com.tencent.reading/com.tencent.news.push.alive.offactivity.HollowActivity]
05-22 05:51:17.526  3753 22076 I sysui_action: [323,com.tencent.reading/com.tencent.news.push.alive.offactivity.HollowActivity]
05-22 05:51:17.526  3753 22076 I sysui_action: [324,true]
05-22 05:51:17.526  3753 22076 I sysui_action: [325,31569]
05-22 05:51:17.558 18563 18563 I am_on_resume_called: [0,com.tencent.news.push.alive.offactivity.HollowActivity,LAUNCH_ACTIVITY]
05-22 05:51:17.574  3753  3779 I am_wtf  : [0,4665,system_server,-1,KernelWakelockReader,neither /proc/wakelocks nor /d/wakeup_sources exists]
05-22 05:51:17.587 18563 18563 I am_on_paused_called: [0,com.tencent.news.push.alive.offactivity.HollowActivity,handlePauseActivity]
05-22 05:51:17.592  3753  3779 I am_stop_activity: [0,122207237,com.tencent.reading/com.tencent.news.push.alive.offactivity.HollowActivity]
05-22 05:51:17.599  3753  3779 I sysui_count: [window_time_0,1363]
05-22 05:51:17.616 18563 18563 I am_on_stop_called: [0,com.tencent.news.push.alive.offactivity.HollowActivity,sleeping]
05-22 05:51:17.638  3753  3814 I sysui_action: [322,134]
05-22 05:51:17.638  3753  3814 I am_activity_launch_time: [0,122207237,com.tencent.reading/com.tencent.news.push.alive.offactivity.HollowActivity,115,4011]
05-22 05:51:17.668  3753 16922 I am_proc_died: [0,6560,org.simalliance.openmobileapi.service:remote]
05-22 05:51:17.668  3753 16922 I am_schedule_service_restart: [0,org.simalliance.openmobileapi.service/.SmartcardService,1000]
05-22 05:51:17.757  3753  9317 I am_kill : [0,18619,android.ext.services,100,stop android.ext.services]
05-22 05:51:17.758  3753  9317 I am_schedule_service_restart: [0,android.ext.services/.notification.Ranker,10910]
05-22 05:51:17.763  3753  3753 I notification_cancel_all: [1000,3753,android.ext.services,0,0,0,5,NULL]
05-22 05:51:17.792  3753  3753 I am_proc_start: [0,18686,10013,android.ext.services,service,android.ext.services/.notification.Ranker]
05-22 05:51:17.803  3753  9317 I am_proc_bound: [0,18686,android.ext.services]
05-22 05:51:17.847  3753  5183 I notification_autogrouped: 0|com.tencent.mm|4097|null|10133
05-22 05:51:17.848  3753  5148 I notification_autogrouped: 0|com.tencent.mm|4097|null|10133
05-22 05:51:17.849  3753  4313 I notification_autogrouped: 0|com.vivo.abe|1002001|null|1000
05-22 05:51:17.850  3753 16928 I notification_autogrouped: 0|com.vivo.abe|1002001|null|1000
05-22 05:51:17.851  3753  4637 I notification_autogrouped: 0|com.android.bbklog|1|null|1000
05-22 05:51:17.853  3753 16930 I notification_autogrouped: 0|com.android.bbklog|1|null|1000
05-22 05:51:17.854  3753  4695 I notification_autogrouped: 0|com.bbk.iqoo.logsystem|3|null|10064
05-22 05:51:17.855  3753  5190 I notification_autogrouped: 0|com.bbk.iqoo.logsystem|3|null|10064
05-22 05:51:17.928  3753 16922 I am_kill : [0,18563,com.tencent.reading:PushService,0,stop com.tencent.reading]
05-22 05:51:17.929  3753 16922 I am_schedule_service_restart: [0,com.tencent.reading/.push.PushService,10739]
05-22 05:51:17.929  3753 16922 I am_focused_activity: [-1,NULL,resetFocusedActivityIfNeeded]
05-22 05:51:17.943  3753 16922 I am_proc_start: [0,18699,10136,com.tencent.reading:PushService,activity,com.tencent.reading/com.tencent.news.push.alive.offactivity.HollowActivity]
05-22 05:51:17.949  3753 16922 I am_finish_activity: [0,122207237,179,com.tencent.reading/com.tencent.news.push.alive.offactivity.HollowActivity,force-stop]
05-22 05:51:17.964  3753 16922 I am_resume_activity: [0,225054134,6,com.android.mms/.ui.ConversationList]
05-22 05:51:17.999  3753 16922 I am_pause_activity: [0,225054134,com.android.mms/.ui.ConversationList]
05-22 05:51:18.003  3753 16922 I wm_task_moved: [6,1,18]
05-22 05:51:18.005  3753 16922 I am_focused_activity: [0,com.android.mms/.ui.ConversationList,completeResume]
05-22 05:51:18.012  3753 16933 I am_proc_bound: [0,18699,com.tencent.reading:PushService]
05-22 05:51:18.032  3753  3779 I am_destroy_activity: [0,122207237,179,com.tencent.reading/com.tencent.news.push.alive.offactivity.HollowActivity,finish-idle]
05-22 05:51:18.034  3753  3779 I wm_task_removed: [179,removeAppToken: last token]
05-22 05:51:18.034  3753  3779 I wm_task_removed: [179,removeTask]
05-22 05:51:18.041  3753  3753 I notification_cancel_all: [1000,3753,com.tencent.reading,0,0,0,5,NULL]
05-22 05:51:18.050 31919 31919 I am_on_resume_called: [0,com.android.mms.ui.ConversationList,RESUME_ACTIVITY]
05-22 05:51:18.096 31919 31919 I am_on_paused_called: [0,com.android.mms.ui.ConversationList,handlePauseActivity]
05-22 05:51:18.099  3753  3779 I am_stop_activity: [0,225054134,com.android.mms/.ui.ConversationList]
05-22 05:51:18.129  3753 16929 I am_wtf  : [0,3753,system_server,-1,ActivityManager,Sending non-protected broadcast launcher.action.CHANGE_APPLICATION_NOTIFICATION_NUM from system 5163:com.android.phone/1001 pkg com.android.phone]
05-22 05:51:18.133 31919 31919 I am_on_stop_called: [0,com.android.mms.ui.ConversationList,sleeping]
05-22 05:51:18.142  3753 31844 I am_wtf  : [0,3753,system_server,-1,ActivityManager,Sending non-protected broadcast android.no.read.BBKLockScreen.MSG from system 5163:com.android.phone/1001 pkg com.android.phone]
05-22 05:51:18.143  3753 31844 I am_wtf  : [0,3753,system_server,-1,ActivityManager,Sending non-protected broadcast android.no.read.BBKLockScreen.MSG from system 5163:com.android.phone/1001 pkg com.android.phone]
05-22 05:52:13.054  3753  3779 I am_wtf  : [0,3753,system_server,-1,KernelWakelockReader,neither /proc/wakelocks nor /d/wakeup_sources exists]
05-22 05:52:13.066  3753  3779 I am_wtf  : [0,3753,system_server,-1,KernelWakelockReader,neither /proc/wakelocks nor /d/wakeup_sources exists]
05-22 05:52:13.433  3753  3779 I am_proc_start: [0,18727,1000,org.simalliance.openmobileapi.service:remote,service,org.simalliance.openmobileapi.service/.SmartcardService]
05-22 05:52:13.460  3753 16933 I am_proc_bound: [0,18727,org.simalliance.openmobileapi.service:remote]
05-22 05:53:09.321  3753  3779 I am_wtf  : [0,3753,system_server,-1,KernelWakelockReader,neither /proc/wakelocks nor /d/wakeup_sources exists]
05-22 05:57:08.994  3753  4028 I am_wtf  : [0,3753,system_server,-1,ActivityManager,Sending non-protected broadcast com.vivo.pem.power from system uid 1000 pkg com.vivo.pem]
05-22 05:57:09.003  3753  4028 I am_wtf  : [0,3753,system_server,-1,ActivityManager,Sending non-protected broadcast com.vivo.push.AlarmAciton.Retry from system uid 1000 pkg com.vivo.abe]
05-22 05:57:09.045  3753  3779 I am_wtf  : [0,3753,system_server,-1,KernelWakelockReader,neither /proc/wakelocks nor /d/wakeup_sources exists]
05-22 05:57:09.161  3753  3779 I am_wtf  : [0,4665,system_server,-1,KernelWakelockReader,neither /proc/wakelocks nor /d/wakeup_sources exists]
05-22 05:57:09.172  3753  4313 I am_create_task: [0,180]
05-22 05:57:09.172  3753  4313 I am_create_activity: [0,1746623,180,com.tencent.reading/com.tencent.news.push.alive.offactivity.HollowActivity,NULL,NULL,NULL,276824064]
05-22 05:57:09.173  3753  4313 I wm_task_created: [180,1]
05-22 05:57:09.174  3753  4313 I wm_task_moved: [180,1,18]
05-22 05:57:09.174  3753  4313 I wm_task_moved: [180,1,18]
05-22 05:57:09.176  3753  4313 I am_focused_activity: [0,com.tencent.reading/com.tencent.news.push.alive.offactivity.HollowActivity,startedActivity]
05-22 05:57:09.186  3753  4313 I am_restart_activity: [0,1746623,180,com.tencent.reading/com.tencent.news.push.alive.offactivity.HollowActivity]
05-22 05:57:09.188  3753  4313 I am_pause_activity: [0,1746623,com.tencent.reading/com.tencent.news.push.alive.offactivity.HollowActivity]
05-22 05:57:09.191  3753  4313 I sysui_action: [323,com.tencent.reading/com.tencent.news.push.alive.offactivity.HollowActivity]
05-22 05:57:09.191  3753  4313 I sysui_action: [324,true]
05-22 05:57:09.191  3753  4313 I sysui_action: [325,31575]
05-22 05:57:09.191  3753  3814 I sysui_action: [320,3]
05-22 05:57:09.191  3753  3814 I sysui_action: [319,28]
05-22 05:57:09.206 18699 18699 I am_on_resume_called: [0,com.tencent.news.push.alive.offactivity.HollowActivity,LAUNCH_ACTIVITY]
05-22 05:57:09.224 18699 18699 I am_on_paused_called: [0,com.tencent.news.push.alive.offactivity.HollowActivity,handlePauseActivity]
05-22 05:57:09.228  3753  3779 I am_stop_activity: [0,1746623,com.tencent.reading/com.tencent.news.push.alive.offactivity.HollowActivity]
05-22 05:57:09.229  3753  3779 I sysui_count: [window_time_0,352]
05-22 05:57:09.254 18699 18699 I am_on_stop_called: [0,com.tencent.news.push.alive.offactivity.HollowActivity,sleeping]
05-22 05:57:09.268  3753  3814 I sysui_action: [322,105]
05-22 05:57:09.268  3753  3814 I am_activity_launch_time: [0,1746623,com.tencent.reading/com.tencent.news.push.alive.offactivity.HollowActivity,80,5448]
05-22 05:57:09.345  3753  5187 I am_kill : [0,18686,android.ext.services,100,stop android.ext.services]
05-22 05:57:09.346  3753  5187 I am_schedule_service_restart: [0,android.ext.services/.notification.Ranker,1000]
05-22 05:57:09.352  3753  3753 I notification_cancel_all: [1000,3753,android.ext.services,0,0,0,5,NULL]
05-22 05:57:09.379  3753  3753 I am_proc_start: [0,18795,10013,android.ext.services,service,android.ext.services/.notification.Ranker]
05-22 05:57:09.392  3753 10556 I am_proc_bound: [0,18795,android.ext.services]
05-22 05:57:09.433  3753 16922 I notification_autogrouped: 0|com.tencent.mm|4097|null|10133
05-22 05:57:09.434  3753 16932 I notification_autogrouped: 0|com.tencent.mm|4097|null|10133
05-22 05:57:09.436  3753  9317 I notification_autogrouped: 0|com.vivo.abe|1002001|null|1000
05-22 05:57:09.437  3753  4664 I notification_autogrouped: 0|com.vivo.abe|1002001|null|1000
05-22 05:57:09.438  3753  9321 I notification_autogrouped: 0|com.android.bbklog|1|null|1000
05-22 05:57:09.439  3753 16934 I notification_autogrouped: 0|com.android.bbklog|1|null|1000
05-22 05:57:09.441  3753 14131 I notification_autogrouped: 0|com.bbk.iqoo.logsystem|3|null|10064
05-22 05:57:09.442  3753 16662 I notification_autogrouped: 0|com.bbk.iqoo.logsystem|3|null|10064
05-22 05:57:09.512  3753  3753 I notification_cancel_all: [1000,3753,com.oma.drm.server,0,0,0,5,NULL]
05-22 05:57:09.658  3753 22076 I am_kill : [0,18699,com.tencent.reading:PushService,0,stop com.tencent.reading]
05-22 05:57:09.658  3753 22076 I am_schedule_service_restart: [0,com.tencent.reading/.push.PushService,1000]
05-22 05:57:09.658  3753 22076 I am_focused_activity: [-1,NULL,resetFocusedActivityIfNeeded]
05-22 05:57:09.670  3753 22076 I am_proc_start: [0,18808,10136,com.tencent.reading:PushService,activity,com.tencent.reading/com.tencent.news.push.alive.offactivity.HollowActivity]
05-22 05:57:09.674  3753 22076 I am_finish_activity: [0,1746623,180,com.tencent.reading/com.tencent.news.push.alive.offactivity.HollowActivity,force-stop]
05-22 05:57:09.688  3753 22076 I am_resume_activity: [0,225054134,6,com.android.mms/.ui.ConversationList]
05-22 05:57:09.720  3753 22076 I am_pause_activity: [0,225054134,com.android.mms/.ui.ConversationList]
05-22 05:57:09.721  3753 22076 I wm_task_moved: [6,1,18]
05-22 05:57:09.723  3753 22076 I am_focused_activity: [0,com.android.mms/.ui.ConversationList,completeResume]
05-22 05:57:09.737  3753  3772 I am_proc_bound: [0,18808,com.tencent.reading:PushService]
05-22 05:57:09.747  3753  3779 I am_destroy_activity: [0,1746623,180,com.tencent.reading/com.tencent.news.push.alive.offactivity.HollowActivity,finish-idle]
05-22 05:57:09.747  3753  3779 I wm_task_removed: [180,removeAppToken: last token]
05-22 05:57:09.747  3753  3779 I wm_task_removed: [180,removeTask]
05-22 05:57:09.752  3753  3753 I notification_cancel_all: [1000,3753,com.tencent.reading,0,0,0,5,NULL]
05-22 05:57:09.774 31919 31919 I am_on_resume_called: [0,com.android.mms.ui.ConversationList,RESUME_ACTIVITY]
05-22 05:57:09.784 31919 31919 I am_on_paused_called: [0,com.android.mms.ui.ConversationList,handlePauseActivity]
05-22 05:57:09.787  3753  3772 I am_stop_activity: [0,225054134,com.android.mms/.ui.ConversationList]
05-22 05:57:09.789 31919 31919 I am_on_stop_called: [0,com.android.mms.ui.ConversationList,sleeping]
05-22 05:57:09.833  3753 16657 I am_wtf  : [0,3753,system_server,-1,ActivityManager,Sending non-protected broadcast launcher.action.CHANGE_APPLICATION_NOTIFICATION_NUM from system 5163:com.android.phone/1001 pkg com.android.phone]
05-22 05:57:09.852  3753  4637 I am_wtf  : [0,3753,system_server,-1,ActivityManager,Sending non-protected broadcast android.no.read.BBKLockScreen.MSG from system 5163:com.android.phone/1001 pkg com.android.phone]
05-22 05:57:09.854  3753  4637 I am_wtf  : [0,3753,system_server,-1,ActivityManager,Sending non-protected broadcast android.no.read.BBKLockScreen.MSG from system 5163:com.android.phone/1001 pkg com.android.phone]
05-22 05:59:52.819  3753  3779 I am_wtf  : [0,3753,system_server,-1,KernelWakelockReader,neither /proc/wakelocks nor /d/wakeup_sources exists]
05-22 05:59:52.902  3753  3779 I am_wtf  : [0,3753,system_server,-1,KernelWakelockReader,neither /proc/wakelocks nor /d/wakeup_sources exists]
05-22 06:02:18.014  3753  4028 I am_wtf  : [0,3753,system_server,-1,ActivityManager,Sending non-protected broadcast com.vivo.pem.power from system uid 1000 pkg com.vivo.pem]
05-22 06:02:18.015  3753  4028 I am_wtf  : [0,3753,system_server,-1,ActivityManager,Sending non-protected broadcast com.vivo.push.AlarmAciton.Retry from system uid 1000 pkg com.vivo.abe]
05-22 06:02:18.040  3753  3779 I am_wtf  : [0,3753,system_server,-1,KernelWakelockReader,neither /proc/wakelocks nor /d/wakeup_sources exists]
05-22 06:02:18.064  3753  3779 I am_wtf  : [0,3753,system_server,-1,KernelWakelockReader,neither /proc/wakelocks nor /d/wakeup_sources exists]
05-22 06:02:18.143  3753  3779 I am_wtf  : [0,4665,system_server,-1,KernelWakelockReader,neither /proc/wakelocks nor /d/wakeup_sources exists]
05-22 06:02:18.270  3753 31844 I am_kill : [0,18795,android.ext.services,100,stop android.ext.services]
05-22 06:02:18.270  3753 31844 I am_schedule_service_restart: [0,android.ext.services/.notification.Ranker,1000]
05-22 06:02:18.279  3753  3753 I notification_cancel_all: [1000,3753,android.ext.services,0,0,0,5,NULL]
05-22 06:02:18.326  3753  3753 I am_proc_start: [0,18886,10013,android.ext.services,service,android.ext.services/.notification.Ranker]
05-22 06:02:18.343  3753  5148 I am_proc_bound: [0,18886,android.ext.services]
05-22 06:02:18.416  3753  5145 I notification_autogrouped: 0|com.tencent.mm|4097|null|10133
05-22 06:02:18.418  3753  5183 I notification_autogrouped: 0|com.tencent.mm|4097|null|10133
05-22 06:02:18.420  3753 16658 I notification_autogrouped: 0|com.vivo.abe|1002001|null|1000
05-22 06:02:18.423  3753  9317 I notification_autogrouped: 0|com.vivo.abe|1002001|null|1000
05-22 06:02:18.425  3753 22076 I notification_autogrouped: 0|com.android.bbklog|1|null|1000
05-22 06:02:18.427  3753 16922 I notification_autogrouped: 0|com.android.bbklog|1|null|1000
05-22 06:02:18.429  3753 16934 I notification_autogrouped: 0|com.bbk.iqoo.logsystem|3|null|10064
05-22 06:02:18.432  3753  5181 I notification_autogrouped: 0|com.bbk.iqoo.logsystem|3|null|10064
05-22 06:02:38.821  3753  3779 I am_wtf  : [0,3753,system_server,-1,KernelWakelockReader,neither /proc/wakelocks nor /d/wakeup_sources exists]
05-22 06:02:39.099  3753  3779 I am_wtf  : [0,3753,system_server,-1,KernelWakelockReader,neither /proc/wakelocks nor /d/wakeup_sources exists]
05-22 06:06:17.329  3753  3779 I am_wtf  : [0,3753,system_server,-1,KernelWakelockReader,neither /proc/wakelocks nor /d/wakeup_sources exists]
05-22 06:07:16.654  3753  4028 I am_wtf  : [0,3753,system_server,-1,ActivityManager,Sending non-protected broadcast com.vivo.pem.power from system uid 1000 pkg com.vivo.pem]
05-22 06:07:16.713  3753  3779 I am_wtf  : [0,3753,system_server,-1,KernelWakelockReader,neither /proc/wakelocks nor /d/wakeup_sources exists]
05-22 06:07:16.834  3753 16933 I am_create_task: [0,181]
05-22 06:07:16.834  3753 16933 I am_create_activity: [0,46001100,181,com.tencent.reading/com.tencent.news.push.alive.offactivity.HollowActivity,NULL,NULL,NULL,276824064]
05-22 06:07:16.835  3753 16933 I wm_task_created: [181,1]
05-22 06:07:16.836  3753 16933 I wm_task_moved: [181,1,18]
05-22 06:07:16.837  3753 16933 I wm_task_moved: [181,1,18]
05-22 06:07:16.838  3753 16933 I am_focused_activity: [0,com.tencent.reading/com.tencent.news.push.alive.offactivity.HollowActivity,startedActivity]
05-22 06:07:16.845  3753 16933 I am_restart_activity: [0,46001100,181,com.tencent.reading/com.tencent.news.push.alive.offactivity.HollowActivity]
05-22 06:07:16.849  3753 16933 I am_pause_activity: [0,46001100,com.tencent.reading/com.tencent.news.push.alive.offactivity.HollowActivity]
05-22 06:07:16.852  3753 16933 I sysui_action: [323,com.tencent.reading/com.tencent.news.push.alive.offactivity.HollowActivity]
05-22 06:07:16.852  3753 16933 I sysui_action: [324,true]
05-22 06:07:16.852  3753 16933 I sysui_action: [325,31581]
05-22 06:07:16.863  3753  3814 I sysui_action: [320,3]
05-22 06:07:16.863  3753  3814 I sysui_action: [319,34]
05-22 06:07:16.870 18808 18808 I am_on_resume_called: [0,com.tencent.news.push.alive.offactivity.HollowActivity,LAUNCH_ACTIVITY]
05-22 06:07:16.874  3753  3779 I am_wtf  : [0,4665,system_server,-1,KernelWakelockReader,neither /proc/wakelocks nor /d/wakeup_sources exists]
05-22 06:07:16.889 18808 18808 I am_on_paused_called: [0,com.tencent.news.push.alive.offactivity.HollowActivity,handlePauseActivity]
05-22 06:07:16.892  3753  3779 I am_stop_activity: [0,46001100,com.tencent.reading/com.tencent.news.push.alive.offactivity.HollowActivity]
05-22 06:07:16.895  3753  3779 I sysui_count: [window_time_0,607]
05-22 06:07:16.921 18808 18808 I am_on_stop_called: [0,com.tencent.news.push.alive.offactivity.HollowActivity,sleeping]
05-22 06:07:16.934  3753  3814 I sysui_action: [322,105]
05-22 06:07:16.934  3753  3814 I am_activity_launch_time: [0,46001100,com.tencent.reading/com.tencent.news.push.alive.offactivity.HollowActivity,85,5445]
05-22 06:07:17.029  3753  5145 I am_kill : [0,18886,android.ext.services,100,stop android.ext.services]
05-22 06:07:17.030  3753  5145 I am_schedule_service_restart: [0,android.ext.services/.notification.Ranker,1000]
05-22 06:07:17.036  3753  3753 I notification_cancel_all: [1000,3753,android.ext.services,0,0,0,5,NULL]
05-22 06:07:17.065  3753  3753 I am_proc_start: [0,18908,10013,android.ext.services,service,android.ext.services/.notification.Ranker]
05-22 06:07:17.084  3753 16929 I am_proc_bound: [0,18908,android.ext.services]
05-22 06:07:17.110  3753  3778 I am_pss  : [18512,10005,com.vivo.childrenmode,4999168,3723264,0]
05-22 06:07:17.112  3753  5183 I notification_autogrouped: 0|com.tencent.mm|4097|null|10133
05-22 06:07:17.113  3753  9321 I notification_autogrouped: 0|com.tencent.mm|4097|null|10133
05-22 06:07:17.114  3753  3773 I notification_autogrouped: 0|com.vivo.abe|1002001|null|1000
05-22 06:07:17.115  3753 16925 I notification_autogrouped: 0|com.vivo.abe|1002001|null|1000
05-22 06:07:17.116  3753 14131 I notification_autogrouped: 0|com.android.bbklog|1|null|1000
05-22 06:07:17.118  3753  5181 I notification_autogrouped: 0|com.android.bbklog|1|null|1000
05-22 06:07:17.119  3753 16922 I notification_autogrouped: 0|com.bbk.iqoo.logsystem|3|null|10064
05-22 06:07:17.122  3753 16932 I notification_autogrouped: 0|com.bbk.iqoo.logsystem|3|null|10064
05-22 06:07:17.190  3753 10556 I am_kill : [0,18808,com.tencent.reading:PushService,0,stop com.tencent.reading]
05-22 06:07:17.191  3753 10556 I am_schedule_service_restart: [0,com.tencent.reading/.push.PushService,1000]
05-22 06:07:17.191  3753 10556 I am_focused_activity: [-1,NULL,resetFocusedActivityIfNeeded]
05-22 06:07:17.203  3753 10556 I am_proc_start: [0,18921,10136,com.tencent.reading:PushService,activity,com.tencent.reading/com.tencent.news.push.alive.offactivity.HollowActivity]
05-22 06:07:17.209  3753 10556 I am_finish_activity: [0,46001100,181,com.tencent.reading/com.tencent.news.push.alive.offactivity.HollowActivity,force-stop]
05-22 06:07:17.224  3753 10556 I am_resume_activity: [0,225054134,6,com.android.mms/.ui.ConversationList]
05-22 06:07:17.260  3753 10556 I am_pause_activity: [0,225054134,com.android.mms/.ui.ConversationList]
05-22 06:07:17.261  3753 10556 I wm_task_moved: [6,1,18]
05-22 06:07:17.263  3753 10556 I am_focused_activity: [0,com.android.mms/.ui.ConversationList,completeResume]
05-22 06:07:17.271  3753 16662 I am_proc_bound: [0,18921,com.tencent.reading:PushService]
05-22 06:07:17.290  3753  3779 I am_destroy_activity: [0,46001100,181,com.tencent.reading/com.tencent.news.push.alive.offactivity.HollowActivity,finish-idle]
05-22 06:07:17.291  3753  3779 I wm_task_removed: [181,removeAppToken: last token]
05-22 06:07:17.291  3753  3779 I wm_task_removed: [181,removeTask]
05-22 06:07:17.295  3753  3753 I notification_cancel_all: [1000,3753,com.tencent.reading,0,0,0,5,NULL]
05-22 06:07:17.307 31919 31919 I am_on_resume_called: [0,com.android.mms.ui.ConversationList,RESUME_ACTIVITY]
05-22 06:07:17.344 31919 31919 I am_on_paused_called: [0,com.android.mms.ui.ConversationList,handlePauseActivity]
05-22 06:07:17.347  3753  3779 I am_stop_activity: [0,225054134,com.android.mms/.ui.ConversationList]
05-22 06:07:17.369  3753 14131 I am_wtf  : [0,3753,system_server,-1,ActivityManager,Sending non-protected broadcast launcher.action.CHANGE_APPLICATION_NOTIFICATION_NUM from system 5163:com.android.phone/1001 pkg com.android.phone]
05-22 06:07:17.376  3753  4734 I am_wtf  : [0,3753,system_server,-1,ActivityManager,Sending non-protected broadcast android.no.read.BBKLockScreen.MSG from system 5163:com.android.phone/1001 pkg com.android.phone]
05-22 06:07:17.377  3753  4734 I am_wtf  : [0,3753,system_server,-1,ActivityManager,Sending non-protected broadcast android.no.read.BBKLockScreen.MSG from system 5163:com.android.phone/1001 pkg com.android.phone]
05-22 06:07:17.395 31919 31919 I am_on_stop_called: [0,com.android.mms.ui.ConversationList,sleeping]
05-22 06:09:10.462  3753  3779 I am_wtf  : [0,3753,system_server,-1,KernelWakelockReader,neither /proc/wakelocks nor /d/wakeup_sources exists]
05-22 06:09:10.468  3753  4028 I am_wtf  : [0,3753,system_server,-1,ActivityManager,Sending non-protected broadcast com.vivo.push.AlarmAciton.Retry from system uid 1000 pkg com.vivo.abe]
05-22 06:09:55.551  3753  3779 I am_wtf  : [0,3753,system_server,-1,KernelWakelockReader,neither /proc/wakelocks nor /d/wakeup_sources exists]
05-22 06:11:14.665  3753  3779 I am_wtf  : [0,3753,system_server,-1,KernelWakelockReader,neither /proc/wakelocks nor /d/wakeup_sources exists]
05-22 06:14:56.025  3753  4028 I am_wtf  : [0,3753,system_server,-1,ActivityManager,Sending non-protected broadcast com.vivo.pem.power from system uid 1000 pkg com.vivo.pem]
05-22 06:14:56.040  3753  3779 I am_wtf  : [0,3753,system_server,-1,KernelWakelockReader,neither /proc/wakelocks nor /d/wakeup_sources exists]
05-22 06:14:56.045  3753  4028 I am_wtf  : [0,3753,system_server,-1,ActivityManager,Sending non-protected broadcast com.vivo.push.AlarmAciton.Retry from system uid 1000 pkg com.vivo.abe]
05-22 06:14:56.070  3753  3779 I am_wtf  : [0,4665,system_server,-1,KernelWakelockReader,neither /proc/wakelocks nor /d/wakeup_sources exists]
05-22 06:14:56.203  3753  5190 I am_create_task: [0,182]
05-22 06:14:56.203  3753  5190 I am_create_activity: [0,147254939,182,com.tencent.reading/com.tencent.news.push.alive.offactivity.HollowActivity,NULL,NULL,NULL,276824064]
05-22 06:14:56.204  3753  5190 I wm_task_created: [182,1]
05-22 06:14:56.205  3753  5190 I wm_task_moved: [182,1,18]
05-22 06:14:56.205  3753  5190 I wm_task_moved: [182,1,18]
05-22 06:14:56.207  3753  5190 I am_focused_activity: [0,com.tencent.reading/com.tencent.news.push.alive.offactivity.HollowActivity,startedActivity]
05-22 06:14:56.214  3753  5190 I am_restart_activity: [0,147254939,182,com.tencent.reading/com.tencent.news.push.alive.offactivity.HollowActivity]
05-22 06:14:56.216  3753  5190 I am_pause_activity: [0,147254939,com.tencent.reading/com.tencent.news.push.alive.offactivity.HollowActivity]
05-22 06:14:56.219  3753  5190 I sysui_action: [323,com.tencent.reading/com.tencent.news.push.alive.offactivity.HollowActivity]
05-22 06:14:56.219  3753  5190 I sysui_action: [324,true]
05-22 06:14:56.219  3753  5190 I sysui_action: [325,31585]
05-22 06:14:56.220  3753  3814 I sysui_action: [320,3]
05-22 06:14:56.220  3753  3814 I sysui_action: [319,53]
05-22 06:14:56.238 18921 18921 I am_on_resume_called: [0,com.tencent.news.push.alive.offactivity.HollowActivity,LAUNCH_ACTIVITY]
05-22 06:14:56.239  3753 16932 I am_kill : [0,18908,android.ext.services,100,stop android.ext.services]
05-22 06:14:56.239  3753 16932 I am_schedule_service_restart: [0,android.ext.services/.notification.Ranker,1000]
05-22 06:14:56.243  3753  3753 I notification_cancel_all: [1000,3753,android.ext.services,0,0,0,5,NULL]
05-22 06:14:56.278  3753  3753 I am_proc_start: [0,18999,10013,android.ext.services,service,android.ext.services/.notification.Ranker]
05-22 06:14:56.280 18921 18921 I am_on_paused_called: [0,com.tencent.news.push.alive.offactivity.HollowActivity,handlePauseActivity]
05-22 06:14:56.307  3753 16658 I am_proc_bound: [0,18999,android.ext.services]
05-22 06:14:56.313  3753  3779 I am_stop_activity: [0,147254939,com.tencent.reading/com.tencent.news.push.alive.offactivity.HollowActivity]
05-22 06:14:56.315  3753  3779 I sysui_count: [window_time_0,460]
05-22 06:14:56.327 18921 18921 I am_on_stop_called: [0,com.tencent.news.push.alive.offactivity.HollowActivity,sleeping]
05-22 06:14:56.340  3753  3814 I sysui_action: [322,173]
05-22 06:14:56.340  3753  3814 I am_activity_launch_time: [0,147254939,com.tencent.reading/com.tencent.news.push.alive.offactivity.HollowActivity,124,3412]
05-22 06:14:56.345  3753  4664 I notification_autogrouped: 0|com.tencent.mm|4097|null|10133
05-22 06:14:56.347  3753 14131 I notification_autogrouped: 0|com.tencent.mm|4097|null|10133
05-22 06:14:56.349  3753  4734 I notification_autogrouped: 0|com.vivo.abe|1002001|null|1000
05-22 06:14:56.351  3753 16928 I notification_autogrouped: 0|com.vivo.abe|1002001|null|1000
05-22 06:14:56.352  3753  5148 I notification_autogrouped: 0|com.android.bbklog|1|null|1000
05-22 06:14:56.353  3753 16925 I notification_autogrouped: 0|com.android.bbklog|1|null|1000
05-22 06:14:56.353  3753 16934 I notification_autogrouped: 0|com.bbk.iqoo.logsystem|3|null|10064
05-22 06:14:56.354  3753 16929 I notification_autogrouped: 0|com.bbk.iqoo.logsystem|3|null|10064
05-22 06:17:18.103  3753  3779 I am_wtf  : [0,3753,system_server,-1,KernelWakelockReader,neither /proc/wakelocks nor /d/wakeup_sources exists]
05-22 06:20:00.166  3753  4028 I am_wtf  : [0,3753,system_server,-1,ActivityManager,Sending non-protected broadcast com.vivo.pem.power from system uid 1000 pkg com.vivo.pem]
05-22 06:20:00.172  3753  4028 I am_wtf  : [0,3753,system_server,-1,ActivityManager,Sending non-protected broadcast com.vivo.push.AlarmAciton.Retry from system uid 1000 pkg com.vivo.abe]
05-22 06:20:00.194  3753  3779 I am_wtf  : [0,3753,system_server,-1,KernelWakelockReader,neither /proc/wakelocks nor /d/wakeup_sources exists]
05-22 06:20:00.281  3753  4637 I am_new_intent: [0,225916428,182,com.tencent.reading/com.tencent.news.push.alive.offactivity.HollowActivity,NULL,NULL,NULL,276824064]
05-22 06:20:00.282  3753  4637 I wm_task_moved: [182,1,18]
05-22 06:20:00.287  3753  4637 I am_resume_activity: [0,147254939,182,com.tencent.reading/com.tencent.news.push.alive.offactivity.HollowActivity]
05-22 06:20:00.322  3753  4637 I am_pause_activity: [0,147254939,com.tencent.reading/com.tencent.news.push.alive.offactivity.HollowActivity]
05-22 06:20:00.331  3753  4637 I sysui_action: [323,com.tencent.reading/com.tencent.news.push.alive.offactivity.HollowActivity]
05-22 06:20:00.331  3753  4637 I sysui_action: [324,true]
05-22 06:20:00.331  3753  4637 I sysui_action: [325,31590]
05-22 06:20:00.332  3753  3814 I sysui_action: [320,3]
05-22 06:20:00.332  3753  3814 I sysui_action: [319,57]
05-22 06:20:00.350 18921 18921 I am_on_resume_called: [0,com.tencent.news.push.alive.offactivity.HollowActivity,RESUME_ACTIVITY]
05-22 06:20:00.352 18921 18921 I am_on_paused_called: [0,com.tencent.news.push.alive.offactivity.HollowActivity,handlePauseActivity]
05-22 06:20:00.355  3753  3779 I am_stop_activity: [0,147254939,com.tencent.reading/com.tencent.news.push.alive.offactivity.HollowActivity]
05-22 06:20:00.359 18921 18921 I am_on_stop_called: [0,com.tencent.news.push.alive.offactivity.HollowActivity,sleeping]
05-22 06:20:00.371  3753  3779 I am_wtf  : [0,4665,system_server,-1,KernelWakelockReader,neither /proc/wakelocks nor /d/wakeup_sources exists]
05-22 06:20:00.574  3753 16933 I am_kill : [0,18999,android.ext.services,100,stop android.ext.services]
05-22 06:20:00.574  3753 16933 I am_schedule_service_restart: [0,android.ext.services/.notification.Ranker,1000]
05-22 06:20:00.586  3753  3753 I notification_cancel_all: [1000,3753,android.ext.services,0,0,0,5,NULL]
05-22 06:20:00.626  3753  3753 I am_proc_start: [0,19022,10013,android.ext.services,service,android.ext.services/.notification.Ranker]
05-22 06:20:00.646  3753  5145 I am_proc_bound: [0,19022,android.ext.services]
05-22 06:20:00.674  3753  3778 I am_pss  : [18727,1000,org.simalliance.openmobileapi.service:remote,4441088,3166208,0]
05-22 06:20:00.706  3753  5183 I notification_autogrouped: 0|com.tencent.mm|4097|null|10133
05-22 06:20:00.709  3753  5181 I notification_autogrouped: 0|com.tencent.mm|4097|null|10133
05-22 06:20:00.711  3753  3772 I notification_autogrouped: 0|com.vivo.abe|1002001|null|1000
05-22 06:20:00.713  3753 16928 I notification_autogrouped: 0|com.vivo.abe|1002001|null|1000
05-22 06:20:00.716  3753  4734 I notification_autogrouped: 0|com.android.bbklog|1|null|1000
05-22 06:20:00.718  3753  5189 I notification_autogrouped: 0|com.android.bbklog|1|null|1000
05-22 06:20:00.720  3753  9317 I notification_autogrouped: 0|com.bbk.iqoo.logsystem|3|null|10064
05-22 06:20:00.723  3753  4695 I notification_autogrouped: 0|com.bbk.iqoo.logsystem|3|null|10064
05-22 06:20:00.841  3753 16658 I am_kill : [0,18921,com.tencent.reading:PushService,0,stop com.tencent.reading]
05-22 06:20:00.842  3753 16658 I am_schedule_service_restart: [0,com.tencent.reading/.push.PushService,1000]
05-22 06:20:00.843  3753 16658 I am_focused_activity: [-1,NULL,resetFocusedActivityIfNeeded]
05-22 06:20:00.856  3753 16658 I am_proc_start: [0,19035,10136,com.tencent.reading:PushService,activity,com.tencent.reading/com.tencent.news.push.alive.offactivity.HollowActivity]
05-22 06:20:00.863  3753 16658 I am_finish_activity: [0,147254939,182,com.tencent.reading/com.tencent.news.push.alive.offactivity.HollowActivity,force-stop]
05-22 06:20:00.893  3753 16658 I am_resume_activity: [0,225054134,6,com.android.mms/.ui.ConversationList]
05-22 06:20:00.938  3753 16658 I am_pause_activity: [0,225054134,com.android.mms/.ui.ConversationList]
05-22 06:20:00.940  3753 16658 I wm_task_moved: [6,1,18]
05-22 06:20:00.942  3753 16658 I am_focused_activity: [0,com.android.mms/.ui.ConversationList,completeResume]
05-22 06:20:00.953  3753 22076 I am_proc_bound: [0,19035,com.tencent.reading:PushService]
05-22 06:20:00.960  3753  3779 I am_destroy_activity: [0,147254939,182,com.tencent.reading/com.tencent.news.push.alive.offactivity.HollowActivity,finish-idle]
05-22 06:20:00.962  3753  3779 I wm_task_removed: [182,removeAppToken: last token]
05-22 06:20:00.962  3753  3779 I wm_task_removed: [182,removeTask]
05-22 06:20:00.990  3753  3753 I notification_cancel_all: [1000,3753,com.tencent.reading,0,0,0,5,NULL]
05-22 06:20:00.999 31919 31919 I am_on_resume_called: [0,com.android.mms.ui.ConversationList,RESUME_ACTIVITY]
05-22 06:20:01.011 31919 31919 I am_on_paused_called: [0,com.android.mms.ui.ConversationList,handlePauseActivity]
05-22 06:20:01.027  3753  9321 I am_stop_activity: [0,225054134,com.android.mms/.ui.ConversationList]
05-22 06:20:01.030 31919 31919 I am_on_stop_called: [0,com.android.mms.ui.ConversationList,sleeping]
05-22 06:20:01.081  3753  4313 I am_wtf  : [0,3753,system_server,-1,ActivityManager,Sending non-protected broadcast launcher.action.CHANGE_APPLICATION_NOTIFICATION_NUM from system 5163:com.android.phone/1001 pkg com.android.phone]
05-22 06:20:01.089  3753 16933 I am_wtf  : [0,3753,system_server,-1,ActivityManager,Sending non-protected broadcast android.no.read.BBKLockScreen.MSG from system 5163:com.android.phone/1001 pkg com.android.phone]
05-22 06:20:01.090  3753 16933 I am_wtf  : [0,3753,system_server,-1,ActivityManager,Sending non-protected broadcast android.no.read.BBKLockScreen.MSG from system 5163:com.android.phone/1001 pkg com.android.phone]
05-22 06:25:02.138  3753  4028 I am_wtf  : [0,3753,system_server,-1,ActivityManager,Sending non-protected broadcast com.vivo.pem.power from system uid 1000 pkg com.vivo.pem]
05-22 06:25:02.142  3753  3779 I am_wtf  : [0,3753,system_server,-1,KernelWakelockReader,neither /proc/wakelocks nor /d/wakeup_sources exists]
05-22 06:25:02.150  3753  4185 I netstats_mobile_sample: [41433919,74718,5348155,50352,41432819,74692,4945339,50352,41432819,74692,4945675,50358,1495405502149]
05-22 06:25:02.150  3753  4185 I netstats_wifi_sample: [5337659399,3678467,147390241,2347906,5336219456,3620585,114511321,2347188,5335498553,3616057,114576665,2348372,1495405502149]
05-22 06:25:02.151  3753  4028 I am_wtf  : [0,3753,system_server,-1,ActivityManager,Sending non-protected broadcast com.vivo.push.AlarmAciton.Retry from system uid 1000 pkg com.vivo.abe]
05-22 06:25:02.182  3753  3779 I am_wtf  : [0,3753,system_server,-1,KernelWakelockReader,neither /proc/wakelocks nor /d/wakeup_sources exists]
05-22 06:25:02.246  3753  3779 I am_wtf  : [0,4665,system_server,-1,KernelWakelockReader,neither /proc/wakelocks nor /d/wakeup_sources exists]
05-22 06:25:02.400  3753 16928 I am_kill : [0,19022,android.ext.services,100,stop android.ext.services]
05-22 06:25:02.401  3753 16928 I am_schedule_service_restart: [0,android.ext.services/.notification.Ranker,1000]
05-22 06:25:02.410  3753  3753 I notification_cancel_all: [1000,3753,android.ext.services,0,0,0,5,NULL]
05-22 06:25:02.452  3753  3753 I am_proc_start: [0,19081,10013,android.ext.services,service,android.ext.services/.notification.Ranker]
05-22 06:25:02.495  3753  5189 I am_proc_bound: [0,19081,android.ext.services]
05-22 06:25:02.542  3753 22076 I notification_autogrouped: 0|com.tencent.mm|4097|null|10133
05-22 06:25:02.545  3753  3772 I notification_autogrouped: 0|com.tencent.mm|4097|null|10133
05-22 06:25:02.547  3753 16658 I notification_autogrouped: 0|com.vivo.abe|1002001|null|1000
05-22 06:25:02.549  3753 14131 I notification_autogrouped: 0|com.vivo.abe|1002001|null|1000
05-22 06:25:02.552  3753  5181 I notification_autogrouped: 0|com.android.bbklog|1|null|1000
05-22 06:25:02.554  3753 16922 I notification_autogrouped: 0|com.android.bbklog|1|null|1000
05-22 06:25:02.556  3753 16928 I notification_autogrouped: 0|com.bbk.iqoo.logsystem|3|null|10064
05-22 06:25:02.559  3753 16929 I notification_autogrouped: 0|com.bbk.iqoo.logsystem|3|null|10064
05-22 06:26:34.681  3753  4637 I battery_level: [86,4188,325]
05-22 06:26:34.722  3753  3779 I am_wtf  : [0,3753,system_server,-1,KernelWakelockReader,neither /proc/wakelocks nor /d/wakeup_sources exists]
05-22 06:26:34.742  3753  3779 I am_wtf  : [0,3753,system_server,-1,KernelWakelockReader,neither /proc/wakelocks nor /d/wakeup_sources exists]
05-22 06:26:34.753  3753  3779 I am_wtf  : [0,3753,system_server,-1,KernelWakelockReader,neither /proc/wakelocks nor /d/wakeup_sources exists]
05-22 06:26:35.429  3753  3778 I am_pss  : [10042,10081,com.vivo.safecenter,8219648,7790592,0]
05-22 06:27:46.904  3753  3779 I am_wtf  : [0,3753,system_server,-1,KernelWakelockReader,neither /proc/wakelocks nor /d/wakeup_sources exists]
05-22 06:27:47.453  3753  3779 I am_proc_start: [0,19127,10114,com.vivo.game,broadcast,com.vivo.game/.update.UpdateDownloadReceiver]
05-22 06:27:47.475  3753 22076 I am_proc_bound: [0,19127,com.vivo.game]
05-22 06:27:47.521  3753  3778 I am_pss  : [18663,10045,com.vivo.weather.provider,10003456,8761344,0]
05-22 06:28:24.252  3753  3779 I am_wtf  : [0,3753,system_server,-1,KernelWakelockReader,neither /proc/wakelocks nor /d/wakeup_sources exists]
05-22 06:28:55.820  3753  3779 I am_wtf  : [0,3753,system_server,-1,KernelWakelockReader,neither /proc/wakelocks nor /d/wakeup_sources exists]
05-22 06:29:50.408  3753  5189 I am_create_task: [0,183]
05-22 06:29:50.408  3753  5189 I am_create_activity: [0,198938570,183,com.tencent.reading/com.tencent.news.push.alive.offactivity.HollowActivity,NULL,NULL,NULL,276824064]
05-22 06:29:50.410  3753  5189 I wm_task_created: [183,1]
05-22 06:29:50.410  3753  5189 I wm_task_moved: [183,1,18]
05-22 06:29:50.411  3753  5189 I wm_task_moved: [183,1,18]
05-22 06:29:50.412  3753  5189 I am_focused_activity: [0,com.tencent.reading/com.tencent.news.push.alive.offactivity.HollowActivity,startedActivity]
05-22 06:29:50.421  3753  5189 I am_restart_activity: [0,198938570,183,com.tencent.reading/com.tencent.news.push.alive.offactivity.HollowActivity]
05-22 06:29:50.423  3753  5189 I am_pause_activity: [0,198938570,com.tencent.reading/com.tencent.news.push.alive.offactivity.HollowActivity]
05-22 06:29:50.426  3753  5189 I sysui_action: [323,com.tencent.reading/com.tencent.news.push.alive.offactivity.HollowActivity]
05-22 06:29:50.426  3753  5189 I sysui_action: [324,true]
05-22 06:29:50.427  3753  5189 I sysui_action: [325,31604]
05-22 06:29:50.445 19035 19035 I am_on_resume_called: [0,com.tencent.news.push.alive.offactivity.HollowActivity,LAUNCH_ACTIVITY]
05-22 06:29:50.457 19035 19035 I am_on_paused_called: [0,com.tencent.news.push.alive.offactivity.HollowActivity,handlePauseActivity]
05-22 06:29:50.459  3753  3779 I am_stop_activity: [0,198938570,com.tencent.reading/com.tencent.news.push.alive.offactivity.HollowActivity]
05-22 06:29:50.461  3753  3779 I sysui_count: [window_time_0,894]
05-22 06:29:50.485 19035 19035 I am_on_stop_called: [0,com.tencent.news.push.alive.offactivity.HollowActivity,sleeping]
05-22 06:29:50.504  3753  3814 I sysui_action: [322,102]
05-22 06:29:50.504  3753  3814 I am_activity_launch_time: [0,198938570,com.tencent.reading/com.tencent.news.push.alive.offactivity.HollowActivity,81,13513]
05-22 06:29:52.949  3753  3753 I free_storage_changed: 14751637504
05-22 06:33:11.987  3753  4028 I am_wtf  : [0,3753,system_server,-1,ActivityManager,Sending non-protected broadcast com.vivo.pem.power from system uid 1000 pkg com.vivo.pem]
05-22 06:33:11.989  3753  4028 I am_wtf  : [0,3753,system_server,-1,ActivityManager,Sending non-protected broadcast com.vivo.push.AlarmAciton.Retry from system uid 1000 pkg com.vivo.abe]
05-22 06:33:12.087  3753  3779 I am_wtf  : [0,3753,system_server,-1,KernelWakelockReader,neither /proc/wakelocks nor /d/wakeup_sources exists]
05-22 06:33:12.135  3753  3779 I am_wtf  : [0,4665,system_server,-1,KernelWakelockReader,neither /proc/wakelocks nor /d/wakeup_sources exists]
05-22 06:33:12.330  3753  5187 I am_kill : [0,19081,android.ext.services,100,stop android.ext.services]
05-22 06:33:12.331  3753  5187 I am_schedule_service_restart: [0,android.ext.services/.notification.Ranker,1000]
05-22 06:33:12.341  3753  3753 I notification_cancel_all: [1000,3753,android.ext.services,0,0,0,5,NULL]
05-22 06:33:12.390  3753  3753 I am_proc_start: [0,19213,10013,android.ext.services,service,android.ext.services/.notification.Ranker]
05-22 06:33:12.409  3753  9316 I am_proc_bound: [0,19213,android.ext.services]
05-22 06:33:12.477  3753  5190 I notification_autogrouped: 0|com.tencent.mm|4097|null|10133
05-22 06:33:12.479  3753  9317 I notification_autogrouped: 0|com.tencent.mm|4097|null|10133
05-22 06:33:12.482  3753 31844 I notification_autogrouped: 0|com.vivo.abe|1002001|null|1000
05-22 06:33:12.484  3753 22076 I notification_autogrouped: 0|com.vivo.abe|1002001|null|1000
05-22 06:33:12.486  3753  5148 I notification_autogrouped: 0|com.android.bbklog|1|null|1000
05-22 06:33:12.489  3753 16932 I notification_autogrouped: 0|com.android.bbklog|1|null|1000
05-22 06:33:12.491  3753 16928 I notification_autogrouped: 0|com.bbk.iqoo.logsystem|3|null|10064
05-22 06:33:12.494  3753 16934 I notification_autogrouped: 0|com.bbk.iqoo.logsystem|3|null|10064
05-22 06:33:12.632  3753 16658 I am_kill : [0,19127,com.vivo.game,500,stop com.vivo.game]
05-22 06:33:12.634  3753 16658 I am_schedule_service_restart: [0,com.vivo.game/.update.GameReceiverService,1000]
05-22 06:33:12.650  3753  3753 I notification_cancel_all: [1000,3753,com.vivo.game,0,0,0,5,NULL]
05-22 06:33:12.951  3753 16662 I am_kill : [0,19035,com.tencent.reading:PushService,0,stop com.tencent.reading]
05-22 06:33:12.952  3753 16662 I am_schedule_service_restart: [0,com.tencent.reading/.push.PushService,1000]
05-22 06:33:12.953  3753 16662 I am_focused_activity: [-1,NULL,resetFocusedActivityIfNeeded]
