05-13 15:25:26.065  3666  4969 I notification_expansion: [0|com.android.systemui|2147483647|group_key_override|10024|ranker_bundle,0,1,19417140,19417140,1766638]
05-13 15:25:26.066  3666  8542 I notification_expansion: [0|com.android.systemui|10000|null|10024,0,1,19417153,19417153,1766639]
05-13 15:25:26.066  3666 10257 I notification_expansion: [0|android|2147483647|group_key_override|1000|ranker_bundle,0,1,19783808,19783808,1766639]
05-13 15:25:26.067  3666  3780 I notification_expansion: [0|android|10011|null|1000,0,1,19783821,14028923,1766640]
05-13 15:25:26.068  3666  6400 I notification_expansion: [0|android|110110|null|1000,0,1,19783825,19783825,1766640]
05-13 15:25:26.068  3666 10260 I notification_expansion: [0|com.tencent.mm|2147483647|group_key_override|10132|ranker_bundle,0,1,3091759,3091759,1766641]
05-13 15:25:26.069  3666  4945 I notification_expansion: [0|com.vivo.appfilter|2147483647|group_key_override|1000|ranker_bundle,0,1,8520357,8520357,1766642]
05-13 15:25:26.070  3666  8544 I notification_expansion: [0|com.android.bbklog|2147483647|group_key_override|1000|ranker_bundle,0,1,17800667,17800667,14030877]
05-13 15:25:26.071  3666 10259 I notification_expansion: [0|com.vivo.game|2147483647|group_key_override|10113|ranker_bundle,0,1,62677694,62677694,0]
05-13 15:25:26.073  3666  4944 I notification_expansion: [0|com.vivo.intelliengine|2147483647|group_key_override|1000|ranker_bundle,0,1,162994540,162994540,85147818]
05-13 15:25:26.094  4603  4603 I sysui_histogram: [note_load,16]
05-13 15:25:26.094  3666  6400 I notification_panel_revealed: 16
05-13 15:25:26.098  3666  4959 I notification_panel_hidden: []
05-13 15:25:26.122  3666  4938 I am_broadcast_discard_app: [0,38105902,android.intent.action.USER_PRESENT,0,ResolveInfo{43e3ecf com.happyelements.AndroidAnimal/cn.egame.terminal.sdk.EgameCoreReceiver p=2147483647 m=0x108000}]
05-13 15:25:26.124  3666  3933 I am_broadcast_discard_app: [0,38105902,android.intent.action.USER_PRESENT,1,ResolveInfo{8be005c com.qileyx.ddz.vivo/cn.egame.terminal.sdk.EgameCoreReceiver p=2147483647 m=0x108000}]
05-13 15:25:26.126  3666  3933 I am_broadcast_discard_app: [0,38105902,android.intent.action.USER_PRESENT,2,ResolveInfo{839943a com.rainhope.scmj.wmwzb/cn.egame.terminal.sdk.EgameCoreReceiver p=2147483647 m=0x108000}]
05-13 15:25:26.137  3666  8545 I am_broadcast_discard_app: [0,38105902,android.intent.action.USER_PRESENT,4,ResolveInfo{81cba06 com.jingdong.app.mall/com.tencent.android.tpush.XGPushReceiver p=2147483647 m=0x108000}]
05-13 15:25:26.138  3666  3933 I am_broadcast_discard_app: [0,38105902,android.intent.action.USER_PRESENT,5,ResolveInfo{357fef4 com.sdu.didi.psnger/com.igexin.sdk.PushReceiver p=2147483647 m=0x108000}]
05-13 15:25:26.140  3666  3933 I am_broadcast_discard_app: [0,38105902,android.intent.action.USER_PRESENT,7,ResolveInfo{ba7092 com.yiche.price/com.sijla.common.HBL p=2147483647 m=0x108000}]
05-13 15:25:26.155  3666  8544 I am_broadcast_discard_app: [0,38105902,android.intent.action.USER_PRESENT,9,ResolveInfo{ccaf719 com.UCMobile/com.pp.plugin.appstore.receiver.PPNetworkReceiver p=1000 m=0x108000}]
05-13 15:25:26.157  3666  3933 I am_broadcast_discard_app: [0,38105902,android.intent.action.USER_PRESENT,10,ResolveInfo{b03de com.dangdang.buy2/cn.xiaoneng.xpush.XPushReceiver p=1000 m=0x108000}]
05-13 15:25:26.199  3666  4308 I am_proc_start: [0,14724,10004,com.android.providers.calendar,content provider,com.android.providers.calendar/.CalendarProvider2]
05-13 15:25:26.205  3666  5845 I am_broadcast_discard_app: [0,38105902,android.intent.action.USER_PRESENT,19,ResolveInfo{730388c cn.xiaochuankeji.tieba/cn.xc_common.push.service.PushReceiver m=0x108000}]
05-13 15:25:26.205  3666  3933 I am_broadcast_discard_app: [0,38105902,android.intent.action.USER_PRESENT,20,ResolveInfo{93f7fea com.Qunar/com.igexin.sdk.PushReceiver m=0x108000}]
05-13 15:25:26.206  3666  3933 I am_broadcast_discard_app: [0,38105902,android.intent.action.USER_PRESENT,21,ResolveInfo{1fef2db com.UCMobile/com.taobao.accs.EventReceiver m=0x108000}]
05-13 15:25:26.207  3666  3933 I am_broadcast_discard_app: [0,38105902,android.intent.action.USER_PRESENT,22,ResolveInfo{7ee5178 com.autonavi.minimap/com.taobao.accs.EventReceiver m=0x108000}]
05-13 15:25:26.214  3666  3933 I am_broadcast_discard_app: [0,38105902,android.intent.action.USER_PRESENT,23,ResolveInfo{81b7051 com.baidu.BaiduMap/com.baidu.android.pushservice.PushServiceReceiver m=0x108000}]
05-13 15:25:26.214  3666  8540 I am_proc_bound: [0,14724,com.android.providers.calendar]
05-13 15:25:26.219  3666  3933 I am_broadcast_discard_app: [0,38105902,android.intent.action.USER_PRESENT,24,ResolveInfo{f8db0b6 com.chengzivr.android/.push.PushWakeReceiver m=0x108000}]
05-13 15:25:26.219  3666  3933 I am_broadcast_discard_app: [0,38105902,android.intent.action.USER_PRESENT,25,ResolveInfo{defe1b7 com.cubic.autohome/com.igexin.sdk.PushReceiver m=0x108000}]
05-13 15:25:26.220  3666  3933 I am_broadcast_discard_app: [0,38105902,android.intent.action.USER_PRESENT,26,ResolveInfo{730d24 com.dianping.v1/com.dianping.base.push.pushservice.PhoneStatusReceiver m=0x108000}]
05-13 15:25:26.222  3666  3933 I am_broadcast_discard_app: [0,38105902,android.intent.action.USER_PRESENT,27,ResolveInfo{cd5c08d com.duowan.groundhog.mctools/com.taobao.accs.EventReceiver m=0x108000}]
05-13 15:25:26.231  3666  8543 I am_broadcast_discard_app: [0,38105902,android.intent.action.USER_PRESENT,30,ResolveInfo{46ad889 com.gameabc.zhanqiAndroid/com.igexin.sdk.PushReceiver m=0x108000}]
05-13 15:25:26.233  3666  3933 I am_broadcast_discard_app: [0,38105902,android.intent.action.USER_PRESENT,31,ResolveInfo{26e208e com.gbits.atm.vivo/com.igexin.sdk.PushReceiver m=0x108000}]
05-13 15:25:26.233  3666  3933 I am_broadcast_discard_app: [0,38105902,android.intent.action.USER_PRESENT,32,ResolveInfo{2a350af com.happyelements.AndroidAnimal/com.happyelements.gsp.android.notification.gcn.GcnBroadcastReceiver m=0x108000}]
05-13 15:25:26.234  3666  3933 I am_broadcast_discard_app: [0,38105902,android.intent.action.USER_PRESENT,33,ResolveInfo{878dcbc com.meitu.meiyancamera/com.igexin.sdk.PushReceiver m=0x108000}]
05-13 15:25:26.234  3666  3933 I am_broadcast_discard_app: [0,38105902,android.intent.action.USER_PRESENT,34,ResolveInfo{41f7445 com.meitu.wheecam/com.meitu.pushkit.InnerReceiver m=0x108000}]
05-13 15:25:26.235  3666  3933 I am_broadcast_discard_app: [0,38105902,android.intent.action.USER_PRESENT,35,ResolveInfo{92fb79a com.meitu.wheecam/com.igexin.sdk.PushReceiver m=0x108000}]
05-13 15:25:26.236  3666  3933 I am_broadcast_discard_app: [0,38105902,android.intent.action.USER_PRESENT,36,ResolveInfo{e5e48cb com.mobike.mobikeapp/com.igexin.sdk.PushReceiver m=0x108000}]
05-13 15:25:26.237  3666  3933 I am_broadcast_discard_app: [0,38105902,android.intent.action.USER_PRESENT,37,ResolveInfo{5508a8 com.mobike.mobikeapp/com.hyphenate.chat.EMMonitorReceiver m=0x108000}]
05-13 15:25:26.238  3666  3933 I am_broadcast_discard_app: [0,38105902,android.intent.action.USER_PRESENT,38,ResolveInfo{6c80fc1 com.mogujie/com.igexin.sdk.PushReceiver m=0x108000}]
05-13 15:25:26.239  3666  3933 I am_broadcast_discard_app: [0,38105902,android.intent.action.USER_PRESENT,39,ResolveInfo{f86a6a7 com.mt.mtxx.mtxx/com.igexin.sdk.PushReceiver m=0x108000}]
05-13 15:25:26.240  3666  3933 I am_broadcast_discard_app: [0,38105902,android.intent.action.USER_PRESENT,41,ResolveInfo{f460754 com.p1.mobile.putong/.api.push.keep.OnePixelReceiver m=0x108000}]
05-13 15:25:26.241  3666  3933 I am_broadcast_discard_app: [0,38105902,android.intent.action.USER_PRESENT,42,ResolveInfo{604e6fd com.p1.mobile.putong/com.igexin.sdk.PushReceiver m=0x108000}]
05-13 15:25:26.242  3666  3933 I am_broadcast_discard_app: [0,38105902,android.intent.action.USER_PRESENT,43,ResolveInfo{3259ff2 com.qileyx.ddz.vivo/com.nearme.ddz.util.ConnectionChangeReceiver m=0x108000}]
05-13 15:25:26.242  3666  3933 I am_broadcast_discard_app: [0,38105902,android.intent.action.USER_PRESENT,44,ResolveInfo{ba644c0 com.qileyx.ddz.vivo/com.igexin.sdk.PushReceiver m=0x108000}]
05-13 15:25:26.242  3666  3933 I am_broadcast_discard_app: [0,38105902,android.intent.action.USER_PRESENT,45,ResolveInfo{b3df5f9 com.qzone/com.tencent.wns.export.AutoStartReceiver m=0x108000}]
05-13 15:25:26.243  3666  3933 I am_broadcast_discard_app: [0,38105902,android.intent.action.USER_PRESENT,46,ResolveInfo{1e9c93e com.rainhope.scmj.wmwzb/com.unicom.xiaowo.SecurityReceiver m=0x108000}]
05-13 15:25:26.243  3666  3933 I am_broadcast_discard_app: [0,38105902,android.intent.action.USER_PRESENT,47,ResolveInfo{fcfc39f com.smile.gifmaker/com.igexin.sdk.PushReceiver m=0x108000}]
05-13 15:25:26.244  3666  3933 I am_broadcast_discard_app: [0,38105902,android.intent.action.USER_PRESENT,48,ResolveInfo{50aecec com.ss.android.article.news/com.ss.android.message.MessageReceiver m=0x108000}]
05-13 15:25:26.244  3666  3933 I am_broadcast_discard_app: [0,38105902,android.intent.action.USER_PRESENT,49,ResolveInfo{45ef8b5 com.ss.android.article.news/com.taobao.accs.EventReceiver m=0x108000}]
05-13 15:25:26.245  3666  3933 I am_broadcast_discard_app: [0,38105902,android.intent.action.USER_PRESENT,50,ResolveInfo{d353b4a com.ss.android.article.news/.AliyunPushMsgReceiver m=0x108000}]
05-13 15:25:26.245  3666  3933 I am_broadcast_discard_app: [0,38105902,android.intent.action.USER_PRESENT,51,ResolveInfo{cf6fabb com.ss.android.article.news/com.ss.android.message.sswo.SswoReceiver m=0x108000}]
05-13 15:25:26.246  3666  3933 I am_broadcast_discard_app: [0,38105902,android.intent.action.USER_PRESENT,52,ResolveInfo{d2febd8 com.ss.android.article.video/com.ss.android.message.MessageReceiver m=0x108000}]
05-13 15:25:26.246  3666  3933 I am_broadcast_discard_app: [0,38105902,android.intent.action.USER_PRESENT,53,ResolveInfo{8536b31 com.ss.android.article.video/com.taobao.accs.EventReceiver m=0x108000}]
05-13 15:25:26.247  3666  3933 I am_broadcast_discard_app: [0,38105902,android.intent.action.USER_PRESENT,54,ResolveInfo{f13c216 com.ss.android.essay.joke/com.ss.android.message.MessageReceiver m=0x108000}]
05-13 15:25:26.247  3666  3933 I am_broadcast_discard_app: [0,38105902,android.intent.action.USER_PRESENT,55,ResolveInfo{3908797 com.ss.android.essay.joke/com.ss.android.message.sswo.SswoReceiver m=0x108000}]
05-13 15:25:26.248  3666  3933 I am_broadcast_discard_app: [0,38105902,android.intent.action.USER_PRESENT,56,ResolveInfo{3a3ed84 com.ss.android.essay.joke/com.taobao.accs.EventReceiver m=0x108000}]
05-13 15:25:26.248  3666  3933 I am_broadcast_discard_app: [0,38105902,android.intent.action.USER_PRESENT,57,ResolveInfo{742896d com.ss.android.ugc.live/com.ss.android.message.MessageReceiver m=0x108000}]
05-13 15:25:26.249  3666  3933 I am_broadcast_discard_app: [0,38105902,android.intent.action.USER_PRESENT,58,ResolveInfo{481e9a2 com.ss.android.ugc.live/com.ss.android.message.sswo.SswoReceiver m=0x108000}]
05-13 15:25:26.249  3666  3933 I am_broadcast_discard_app: [0,38105902,android.intent.action.USER_PRESENT,59,ResolveInfo{5cc0633 com.ss.android.ugc.live/com.taobao.accs.EventReceiver m=0x108000}]
05-13 15:25:26.250  3666  3933 I am_broadcast_discard_app: [0,38105902,android.intent.action.USER_PRESENT,60,ResolveInfo{345df0 com.taobao.taobao/com.taobao.accs.EventReceiver m=0x108000}]
05-13 15:25:26.250  3666  3933 I am_broadcast_discard_app: [0,38105902,android.intent.action.USER_PRESENT,61,ResolveInfo{28b4f69 com.tencent.androidqqmail/com.tencent.qqmail.utilities.qmbroadcastreceiver.QMPushReceiver m=0x108000}]
05-13 15:25:26.251  3666  3933 I am_broadcast_discard_app: [0,38105902,android.intent.action.USER_PRESENT,62,ResolveInfo{bb8fdee com.tencent.news/.push.alive.offactivity.OffScreenReceiver m=0x108000}]
05-13 15:25:26.251  3666  3933 I am_broadcast_discard_app: [0,38105902,android.intent.action.USER_PRESENT,63,ResolveInfo{f36d28f com.tencent.news/com.taobao.accs.EventReceiver m=0x108000}]
05-13 15:25:26.251  3666  3933 I am_broadcast_discard_app: [0,38105902,android.intent.action.USER_PRESENT,64,ResolveInfo{819691c com.yiche.price/com.taobao.accs.EventReceiver m=0x108000}]
05-13 15:25:26.252  3666  3933 I am_broadcast_discard_app: [0,38105902,android.intent.action.USER_PRESENT,65,ResolveInfo{8807925 com.yiche.price/io.rong.push.PushReceiver m=0x108000}]
05-13 15:25:26.252  3666  3933 I am_broadcast_discard_app: [0,38105902,android.intent.action.USER_PRESENT,66,ResolveInfo{b3b0afa com.yixia.videoeditor/com.igexin.sdk.PushReceiver m=0x108000}]
05-13 15:25:26.252  3666  3933 I am_broadcast_discard_app: [0,38105902,android.intent.action.USER_PRESENT,67,ResolveInfo{cd808ab com.youku.phone/com.taobao.accs.EventReceiver m=0x108000}]
05-13 15:25:26.365  3666  3933 I am_proc_start: [0,14757,10106,com.vivo.widget.calendar,broadcast,com.vivo.widget.calendar/.CalendarAppWidgetProvider]
05-13 15:25:26.374  3666  8547 I am_proc_bound: [0,14757,com.vivo.widget.calendar]
05-13 15:25:29.009  3666  3933 I am_broadcast_discard_app: [0,140662289,android.net.wifi.RSSI_CHANGED,0,ResolveInfo{a3e0376 com.sdu.didi.psnger/com.didi.sdk.receiver.WifiReceiver m=0x108000}]
05-13 15:25:32.028  3666  3933 I am_broadcast_discard_app: [0,16703746,android.net.wifi.RSSI_CHANGED,0,ResolveInfo{ea09a13 com.sdu.didi.psnger/com.didi.sdk.receiver.WifiReceiver m=0x108000}]
05-13 15:25:35.041  3666  3933 I am_broadcast_discard_app: [0,184421198,android.net.wifi.RSSI_CHANGED,0,ResolveInfo{1f0c46f com.sdu.didi.psnger/com.didi.sdk.receiver.WifiReceiver m=0x108000}]
05-13 15:25:35.993  3666  3933 I am_broadcast_discard_filter: [0,65616517,android.intent.action.SCREEN_ON,21,248552062]
05-13 15:25:36.247  3666  3666 I power_screen_broadcast_done: [1,10306,1]
05-13 15:25:38.061  3666  3933 I am_broadcast_discard_app: [0,44688382,android.net.wifi.RSSI_CHANGED,0,ResolveInfo{a41a75f com.sdu.didi.psnger/com.didi.sdk.receiver.WifiReceiver m=0x108000}]
05-13 15:25:41.072  3666  3933 I am_broadcast_discard_app: [0,84105851,android.net.wifi.RSSI_CHANGED,0,ResolveInfo{e213098 com.sdu.didi.psnger/com.didi.sdk.receiver.WifiReceiver m=0x108000}]
05-13 15:25:44.085  3666  3933 I am_broadcast_discard_app: [0,21282372,android.net.wifi.RSSI_CHANGED,0,ResolveInfo{8d5eb2d com.sdu.didi.psnger/com.didi.sdk.receiver.WifiReceiver m=0x108000}]
05-13 15:25:46.973  3666  3934 I am_wtf  : [0,3666,system_server,-1,ActivityManager,Sending non-protected broadcast vivo.intent.action.CHECK_ALERT_WINDOW from system 3666:system/1000 pkg android]
05-13 15:25:46.976  3666  3934 I am_wtf  : [0,3666,system_server,-1,ActivityManager,Sending non-protected broadcast vivo.intent.action.CHECK_ALERT_WINDOW from system 3666:system/1000 pkg android]
05-13 15:25:47.104  3666  3933 I am_broadcast_discard_app: [0,56737670,android.net.wifi.RSSI_CHANGED,0,ResolveInfo{9d9047 com.sdu.didi.psnger/com.didi.sdk.receiver.WifiReceiver m=0x108000}]
05-13 15:25:48.585  3666  4959 I am_proc_died: [0,14443,com.vivo.weather.provider]
05-13 15:25:50.137  3666  3933 I am_broadcast_discard_app: [0,252333586,android.net.wifi.RSSI_CHANGED,0,ResolveInfo{f18e9e3 com.sdu.didi.psnger/com.didi.sdk.receiver.WifiReceiver m=0x108000}]
05-13 15:25:53.157  3666  3933 I am_broadcast_discard_app: [0,54212958,android.net.wifi.RSSI_CHANGED,0,ResolveInfo{866413f com.sdu.didi.psnger/com.didi.sdk.receiver.WifiReceiver m=0x108000}]
05-13 15:25:55.938  3666  3959 I power_sleep_requested: 0
05-13 15:25:55.940  3666  3666 I power_screen_state: [0,3,0,0]
05-13 15:25:55.941  3666  3666 I screen_toggled: 0
05-13 15:25:55.941  3666  3666 I sysui_histogram: [screen_timeout,30]
05-13 15:25:55.948  3666  3666 I power_screen_broadcast_send: 1
05-13 15:25:56.006  3666  3666 I am_pause_activity: [0,53878050,com.tencent.mobileqq/.activity.SplashActivity]
05-13 15:25:56.024 17448 17448 I am_on_paused_called: [0,com.tencent.mobileqq.activity.SplashActivity,handlePauseActivity]
05-13 15:25:56.071  3666  3666 I sysui_histogram: [fingerprint_token,0]
05-13 15:25:56.092  3666  3933 I am_stop_activity: [0,53878050,com.tencent.mobileqq/.activity.SplashActivity]
05-13 15:25:56.171  3666  3933 I am_broadcast_discard_app: [0,95942703,android.net.wifi.RSSI_CHANGED,0,ResolveInfo{4d2e3c com.sdu.didi.psnger/com.didi.sdk.receiver.WifiReceiver m=0x108000}]
05-13 15:25:56.262  3666  8543 I am_wtf  : [0,3666,system_server,-1,ActivityManager,Sending non-protected broadcast com.vivo.updater.action.SCREEN_OFF from system 4786:com.vivo.daemonService/1000 pkg com.vivo.daemonService]
05-13 15:25:56.528   510   510 I sf_frame_dur: [SurfaceView - ,14,238,0,0,1,0,0]
05-13 15:25:59.241  3666  3666 I sysui_histogram: [fingerprint_token,0]
05-13 15:26:04.724  3666  3666 I sysui_histogram: [fingerprint_token,0]
05-13 15:26:06.344  3666  3933 I am_broadcast_discard_filter: [0,258769933,android.intent.action.SCREEN_OFF,20,248552062]
05-13 15:26:06.520  3666  3666 I power_screen_broadcast_done: [0,10572,1]
05-13 15:26:06.539  3666  3666 I notification_enqueue: [10064,8611,com.bbk.iqoo.logsystem,3,NULL,0,Notification(pri=-2 contentView=com.bbk.iqoo.logsystem/0x3030028 vibrate=null sound=null defaults=0x0 flags=0x40 color=0xff607d8b vis=PRIVATE),1]
05-13 15:26:06.559  3666  4308 I notification_autogrouped: 0|com.bbk.iqoo.logsystem|3|null|10064
05-13 15:26:06.569  3666  3780 I notification_autogrouped: 0|com.bbk.iqoo.logsystem|3|null|10064
05-13 15:26:06.803  4603  4603 I sysui_view_visibility: [111,100]
05-13 15:26:06.822  4603  4603 I sysui_status_bar_state: [1,1,0,0,1,0]
05-13 15:26:06.842  3666  5840 I notification_expansion: [0|android|10011|null|1000,0,0,19824596,14069698,1807415]
05-13 15:26:06.843  3666  4803 I notification_expansion: [0|android|110110|null|1000,0,0,19824601,19824601,1807416]
05-13 15:26:06.844  3666  8546 I notification_expansion: [0|com.tencent.mm|2147483647|group_key_override|10132|ranker_bundle,0,1,3132535,3132535,1807417]
05-13 15:26:06.845  3666  3780 I notification_expansion: [0|com.vivo.appfilter|2147483647|group_key_override|1000|ranker_bundle,0,1,8561133,8561133,1807418]
05-13 15:26:06.846  3666  8547 I notification_expansion: [0|com.android.bbklog|2147483647|group_key_override|1000|ranker_bundle,0,1,17841443,17841443,14071653]
05-13 15:26:06.848  3666 10261 I notification_expansion: [0|com.vivo.game|2147483647|group_key_override|10113|ranker_bundle,0,1,62718471,62718471,0]
05-13 15:26:06.849  3666  5845 I notification_expansion: [0|com.vivo.intelliengine|2147483647|group_key_override|1000|ranker_bundle,0,1,163035316,163035316,85188594]
05-13 15:26:16.114  3666  3666 I free_storage_changed: 18663559168
05-13 15:26:16.550  3666 10253 I am_proc_died: [0,14724,com.android.providers.calendar]
05-13 15:26:39.568  3666  3666 I sysui_action: [252,true]
05-13 15:26:39.574  4603  4647 I screen_toggled: 2
05-13 15:26:39.647  3666  3666 I power_screen_state: [1,0,0,0]
05-13 15:26:39.647  3666  3666 I screen_toggled: 1
05-13 15:26:39.649  3666  3666 I power_screen_broadcast_send: 1
05-13 15:26:39.669   510   510 I sf_frame_dur: [ColorFade,1,1,0,1,0,0,0]
05-13 15:26:39.680  4603  4603 I sysui_status_bar_state: [1,0,0,0,1,0]
05-13 15:26:39.696  3666 10260 I am_broadcast_discard_app: [0,239426770,NULL,0,ResolveInfo{23cb1a3 com.happyelements.AndroidAnimal/com.happyelements.gsp.android.notification.gcn.GcnBroadcastReceiver m=0x0}]
05-13 15:26:39.699  4603  4603 I sysui_view_visibility: [111,0]
05-13 15:26:39.708  3666  5840 I am_resume_activity: [0,53878050,159,com.tencent.mobileqq/.activity.SplashActivity]
05-13 15:26:39.722 17448 17448 I am_on_resume_called: [0,com.tencent.mobileqq.activity.SplashActivity,RESUME_ACTIVITY]
05-13 15:26:39.737  3666  3933 I am_broadcast_discard_app: [0,207537407,android.intent.action.USER_PRESENT,0,ResolveInfo{99c2cc com.happyelements.AndroidAnimal/cn.egame.terminal.sdk.EgameCoreReceiver p=2147483647 m=0x108000}]
05-13 15:26:39.749  3666  3933 I am_broadcast_discard_app: [0,207537407,android.intent.action.USER_PRESENT,1,ResolveInfo{f33b42a com.qileyx.ddz.vivo/cn.egame.terminal.sdk.EgameCoreReceiver p=2147483647 m=0x108000}]
05-13 15:26:39.759  3666  3933 I am_broadcast_discard_app: [0,207537407,android.intent.action.USER_PRESENT,2,ResolveInfo{1063fb8 com.rainhope.scmj.wmwzb/cn.egame.terminal.sdk.EgameCoreReceiver p=2147483647 m=0x108000}]
05-13 15:26:39.766  3666  4532 I notification_expansion: [0|com.android.systemui|2147483647|group_key_override|10024|ranker_bundle,0,1,19490841,19490841,1840339]
05-13 15:26:39.766  3666  4945 I notification_expansion: [0|com.android.systemui|10000|null|10024,0,1,19490853,19490853,1840339]
05-13 15:26:39.767  3666 10253 I notification_expansion: [0|android|2147483647|group_key_override|1000|ranker_bundle,0,1,19857509,19857509,1840340]
05-13 15:26:39.767  3666  4803 I am_broadcast_discard_app: [0,207537407,android.intent.action.USER_PRESENT,4,ResolveInfo{41254f7 com.jingdong.app.mall/com.tencent.android.tpush.XGPushReceiver p=2147483647 m=0x108000}]
05-13 15:26:39.768  3666  5840 I notification_expansion: [0|android|10011|null|1000,0,1,19857522,14102624,1840341]
05-13 15:26:39.768  3666  3933 I am_broadcast_discard_app: [0,207537407,android.intent.action.USER_PRESENT,5,ResolveInfo{fbb9f64 com.sdu.didi.psnger/com.igexin.sdk.PushReceiver p=2147483647 m=0x108000}]
05-13 15:26:39.769  3666  5845 I notification_expansion: [0|android|110110|null|1000,0,1,19857527,19857527,1840342]
05-13 15:26:39.769  3666  8542 I notification_expansion: [0|com.tencent.mm|2147483647|group_key_override|10132|ranker_bundle,0,1,3165460,3165460,1840342]
05-13 15:26:39.769  3666  3933 I am_broadcast_discard_app: [0,207537407,android.intent.action.USER_PRESENT,7,ResolveInfo{8cb85cd com.yiche.price/com.sijla.common.HBL p=2147483647 m=0x108000}]
05-13 15:26:39.771  3666  4530 I notification_expansion: [0|com.vivo.appfilter|2147483647|group_key_override|1000|ranker_bundle,0,1,8594059,8594059,1840344]
05-13 15:26:39.772  3666  5871 I notification_expansion: [0|com.android.bbklog|2147483647|group_key_override|1000|ranker_bundle,0,1,17874369,17874369,14104579]
05-13 15:26:39.773  3666  4969 I notification_expansion: [0|com.vivo.game|2147483647|group_key_override|10113|ranker_bundle,0,1,62751396,62751396,0]
05-13 15:26:39.774  3666  4959 I notification_expansion: [0|com.vivo.intelliengine|2147483647|group_key_override|1000|ranker_bundle,0,1,163068241,163068241,85221519]
05-13 15:26:39.777  4603  4603 I sysui_histogram: [note_load,16]
05-13 15:26:39.777  3666 10257 I notification_panel_revealed: 16
05-13 15:26:39.790  3666  3778 I am_broadcast_discard_app: [0,207537407,android.intent.action.USER_PRESENT,9,ResolveInfo{38d4993 com.UCMobile/com.pp.plugin.appstore.receiver.PPNetworkReceiver p=1000 m=0x108000}]
05-13 15:26:39.792  3666  3933 I am_broadcast_discard_app: [0,207537407,android.intent.action.USER_PRESENT,10,ResolveInfo{a454dd0 com.dangdang.buy2/cn.xiaoneng.xpush.XPushReceiver p=1000 m=0x108000}]
05-13 15:26:39.797  3666  5849 I notification_panel_hidden: []
05-13 15:26:39.823  3666  3778 I am_proc_start: [0,15015,10004,com.android.providers.calendar,content provider,com.android.providers.calendar/.CalendarProvider2]
05-13 15:26:39.864  3666  4532 I am_wtf  : [0,3666,system_server,-1,ActivityManager,Sending non-protected broadcast com.vivo.updater.action.SCREEN_ON from system 4786:com.vivo.daemonService/1000 pkg com.vivo.daemonService]
05-13 15:26:39.870  3666  4803 I am_proc_bound: [0,15015,com.android.providers.calendar]
05-13 15:26:39.880  3666  4530 I am_broadcast_discard_app: [0,207537407,android.intent.action.USER_PRESENT,19,ResolveInfo{41bac32 cn.xiaochuankeji.tieba/cn.xc_common.push.service.PushReceiver m=0x108000}]
05-13 15:26:39.880  3666  3933 I am_broadcast_discard_app: [0,207537407,android.intent.action.USER_PRESENT,20,ResolveInfo{46fcb00 com.Qunar/com.igexin.sdk.PushReceiver m=0x108000}]
05-13 15:26:39.888  3666  3933 I am_broadcast_discard_app: [0,207537407,android.intent.action.USER_PRESENT,21,ResolveInfo{5739f39 com.UCMobile/com.taobao.accs.EventReceiver m=0x108000}]
05-13 15:26:39.889  3666  3933 I am_broadcast_discard_app: [0,207537407,android.intent.action.USER_PRESENT,22,ResolveInfo{bd4597e com.autonavi.minimap/com.taobao.accs.EventReceiver m=0x108000}]
05-13 15:26:39.894  3666  3933 I am_broadcast_discard_app: [0,207537407,android.intent.action.USER_PRESENT,23,ResolveInfo{222aedf com.baidu.BaiduMap/com.baidu.android.pushservice.PushServiceReceiver m=0x108000}]
05-13 15:26:39.896  3666  3933 I am_broadcast_discard_app: [0,207537407,android.intent.action.USER_PRESENT,24,ResolveInfo{986972c com.chengzivr.android/.push.PushWakeReceiver m=0x108000}]
05-13 15:26:39.897  3666  3933 I am_broadcast_discard_app: [0,207537407,android.intent.action.USER_PRESENT,25,ResolveInfo{865f5f5 com.cubic.autohome/com.igexin.sdk.PushReceiver m=0x108000}]
05-13 15:26:39.898  3666  3933 I am_broadcast_discard_app: [0,207537407,android.intent.action.USER_PRESENT,26,ResolveInfo{4d88f8a com.dianping.v1/com.dianping.base.push.pushservice.PhoneStatusReceiver m=0x108000}]
05-13 15:26:39.899  3666  3933 I am_broadcast_discard_app: [0,207537407,android.intent.action.USER_PRESENT,27,ResolveInfo{aad59fb com.duowan.groundhog.mctools/com.taobao.accs.EventReceiver m=0x108000}]
05-13 15:26:39.907  3666  5840 I am_broadcast_discard_app: [0,207537407,android.intent.action.USER_PRESENT,30,ResolveInfo{3ecfc71 com.gameabc.zhanqiAndroid/com.igexin.sdk.PushReceiver m=0x108000}]
05-13 15:26:39.907  3666  3933 I am_broadcast_discard_app: [0,207537407,android.intent.action.USER_PRESENT,31,ResolveInfo{1381a56 com.gbits.atm.vivo/com.igexin.sdk.PushReceiver m=0x108000}]
05-13 15:26:39.909  3666  3933 I am_broadcast_discard_app: [0,207537407,android.intent.action.USER_PRESENT,32,ResolveInfo{16d9ad7 com.happyelements.AndroidAnimal/com.happyelements.gsp.android.notification.gcn.GcnBroadcastReceiver m=0x108000}]
05-13 15:26:39.909  3666  3933 I am_broadcast_discard_app: [0,207537407,android.intent.action.USER_PRESENT,33,ResolveInfo{a229fc4 com.meitu.meiyancamera/com.igexin.sdk.PushReceiver m=0x108000}]
05-13 15:26:39.910  3666  3933 I am_broadcast_discard_app: [0,207537407,android.intent.action.USER_PRESENT,34,ResolveInfo{23385e2 com.meitu.wheecam/com.meitu.pushkit.InnerReceiver m=0x108000}]
05-13 15:26:39.910  3666  3933 I am_broadcast_discard_app: [0,207537407,android.intent.action.USER_PRESENT,35,ResolveInfo{1870d73 com.meitu.wheecam/com.igexin.sdk.PushReceiver m=0x108000}]
05-13 15:26:39.911  3666  3933 I am_broadcast_discard_app: [0,207537407,android.intent.action.USER_PRESENT,36,ResolveInfo{68bf430 com.mobike.mobikeapp/com.igexin.sdk.PushReceiver m=0x108000}]
05-13 15:26:39.911  3666  3933 I am_broadcast_discard_app: [0,207537407,android.intent.action.USER_PRESENT,37,ResolveInfo{b1dc8a9 com.mobike.mobikeapp/com.hyphenate.chat.EMMonitorReceiver m=0x108000}]
05-13 15:26:39.913  3666  3933 I am_broadcast_discard_app: [0,207537407,android.intent.action.USER_PRESENT,38,ResolveInfo{abb0dcf com.mogujie/com.igexin.sdk.PushReceiver m=0x108000}]
05-13 15:26:39.913  3666  3933 I am_broadcast_discard_app: [0,207537407,android.intent.action.USER_PRESENT,39,ResolveInfo{cf4235c com.mt.mtxx.mtxx/com.igexin.sdk.PushReceiver m=0x108000}]
05-13 15:26:39.914  3666  3933 I am_broadcast_discard_app: [0,207537407,android.intent.action.USER_PRESENT,41,ResolveInfo{be14665 com.p1.mobile.putong/.api.push.keep.OnePixelReceiver m=0x108000}]
05-13 15:26:39.915  3666  3933 I am_broadcast_discard_app: [0,207537407,android.intent.action.USER_PRESENT,42,ResolveInfo{97bef3a com.p1.mobile.putong/com.igexin.sdk.PushReceiver m=0x108000}]
05-13 15:26:39.915  3666  3933 I am_broadcast_discard_app: [0,207537407,android.intent.action.USER_PRESENT,43,ResolveInfo{d84b7eb com.qileyx.ddz.vivo/com.nearme.ddz.util.ConnectionChangeReceiver m=0x108000}]
05-13 15:26:39.917  3666  3933 I am_broadcast_discard_app: [0,207537407,android.intent.action.USER_PRESENT,44,ResolveInfo{c4e1948 com.qileyx.ddz.vivo/com.igexin.sdk.PushReceiver m=0x108000}]
05-13 15:26:39.917  3666  3933 I am_broadcast_discard_app: [0,207537407,android.intent.action.USER_PRESENT,45,ResolveInfo{dcf81f4 com.qzone/com.tencent.wns.export.AutoStartReceiver m=0x108000}]
05-13 15:26:39.918  3666  3933 I am_broadcast_discard_app: [0,207537407,android.intent.action.USER_PRESENT,46,ResolveInfo{1aadd1d com.rainhope.scmj.wmwzb/com.unicom.xiaowo.SecurityReceiver m=0x108000}]
05-13 15:26:39.918  3666  3933 I am_broadcast_discard_app: [0,207537407,android.intent.action.USER_PRESENT,47,ResolveInfo{68d2b92 com.smile.gifmaker/com.igexin.sdk.PushReceiver m=0x108000}]
05-13 15:26:39.919  3666  3933 I am_broadcast_discard_app: [0,207537407,android.intent.action.USER_PRESENT,48,ResolveInfo{24e3963 com.ss.android.article.news/com.ss.android.message.MessageReceiver m=0x108000}]
05-13 15:26:39.919  3666  3933 I am_broadcast_discard_app: [0,207537407,android.intent.action.USER_PRESENT,49,ResolveInfo{65cc960 com.ss.android.article.news/com.taobao.accs.EventReceiver m=0x108000}]
05-13 15:26:39.920  3666  3933 I am_broadcast_discard_app: [0,207537407,android.intent.action.USER_PRESENT,50,ResolveInfo{b1d2e19 com.ss.android.article.news/.AliyunPushMsgReceiver m=0x108000}]
05-13 15:26:39.920  3666  3933 I am_broadcast_discard_app: [0,207537407,android.intent.action.USER_PRESENT,51,ResolveInfo{fce6ede com.ss.android.article.news/com.ss.android.message.sswo.SswoReceiver m=0x108000}]
05-13 15:26:39.921  3666  3933 I am_broadcast_discard_app: [0,207537407,android.intent.action.USER_PRESENT,52,ResolveInfo{e6108bf com.ss.android.article.video/com.ss.android.message.MessageReceiver m=0x108000}]
05-13 15:26:39.921  3666  3933 I am_broadcast_discard_app: [0,207537407,android.intent.action.USER_PRESENT,53,ResolveInfo{2b51b8c com.ss.android.article.video/com.taobao.accs.EventReceiver m=0x108000}]
05-13 15:26:39.922  3666  3933 I am_broadcast_discard_app: [0,207537407,android.intent.action.USER_PRESENT,54,ResolveInfo{fc992d5 com.ss.android.essay.joke/com.ss.android.message.MessageReceiver m=0x108000}]
05-13 15:26:39.922  3666  3933 I am_broadcast_discard_app: [0,207537407,android.intent.action.USER_PRESENT,55,ResolveInfo{94e9aea com.ss.android.essay.joke/com.ss.android.message.sswo.SswoReceiver m=0x108000}]
05-13 15:26:39.923  3666  3933 I am_broadcast_discard_app: [0,207537407,android.intent.action.USER_PRESENT,56,ResolveInfo{4a771db com.ss.android.essay.joke/com.taobao.accs.EventReceiver m=0x108000}]
05-13 15:26:39.923  3666  3933 I am_broadcast_discard_app: [0,207537407,android.intent.action.USER_PRESENT,57,ResolveInfo{a5e6478 com.ss.android.ugc.live/com.ss.android.message.MessageReceiver m=0x108000}]
05-13 15:26:39.924  3666  3933 I am_broadcast_discard_app: [0,207537407,android.intent.action.USER_PRESENT,58,ResolveInfo{99d8751 com.ss.android.ugc.live/com.ss.android.message.sswo.SswoReceiver m=0x108000}]
05-13 15:26:39.924  3666  3933 I am_broadcast_discard_app: [0,207537407,android.intent.action.USER_PRESENT,59,ResolveInfo{f37bb6 com.ss.android.ugc.live/com.taobao.accs.EventReceiver m=0x108000}]
05-13 15:26:39.924  3666  3933 I am_broadcast_discard_app: [0,207537407,android.intent.action.USER_PRESENT,60,ResolveInfo{c2150b7 com.taobao.taobao/com.taobao.accs.EventReceiver m=0x108000}]
05-13 15:26:39.925  3666  3933 I am_broadcast_discard_app: [0,207537407,android.intent.action.USER_PRESENT,61,ResolveInfo{5515024 com.tencent.androidqqmail/com.tencent.qqmail.utilities.qmbroadcastreceiver.QMPushReceiver m=0x108000}]
05-13 15:26:39.925  3666  3933 I am_broadcast_discard_app: [0,207537407,android.intent.action.USER_PRESENT,62,ResolveInfo{9e2478d com.tencent.news/.push.alive.offactivity.OffScreenReceiver m=0x108000}]
05-13 15:26:39.925  3666  3933 I am_broadcast_discard_app: [0,207537407,android.intent.action.USER_PRESENT,63,ResolveInfo{b339d42 com.tencent.news/com.taobao.accs.EventReceiver m=0x108000}]
05-13 15:26:39.926  3666  3933 I am_broadcast_discard_app: [0,207537407,android.intent.action.USER_PRESENT,64,ResolveInfo{1f04153 com.yiche.price/com.taobao.accs.EventReceiver m=0x108000}]
05-13 15:26:39.926  3666  3933 I am_broadcast_discard_app: [0,207537407,android.intent.action.USER_PRESENT,65,ResolveInfo{654a90 com.yiche.price/io.rong.push.PushReceiver m=0x108000}]
05-13 15:26:39.927  3666  3933 I am_broadcast_discard_app: [0,207537407,android.intent.action.USER_PRESENT,66,ResolveInfo{338cf89 com.yixia.videoeditor/com.igexin.sdk.PushReceiver m=0x108000}]
05-13 15:26:39.927  3666  3933 I am_broadcast_discard_app: [0,207537407,android.intent.action.USER_PRESENT,67,ResolveInfo{b624b8e com.youku.phone/com.taobao.accs.EventReceiver m=0x108000}]
05-13 15:26:39.950  3666  4532 I am_proc_died: [0,14506,com.bbk.facewake]
05-13 15:26:39.951  3666  4532 I am_mem_factor: [2,1]
05-13 15:26:39.974  3666 10255 I am_mem_factor: [1,2]
05-13 15:26:42.717  3666  3933 I am_broadcast_discard_app: [0,132675520,android.net.wifi.RSSI_CHANGED,0,ResolveInfo{f7acf9 com.sdu.didi.psnger/com.didi.sdk.receiver.WifiReceiver m=0x108000}]
05-13 15:26:45.726  3666  3933 I am_broadcast_discard_app: [0,247287788,android.net.wifi.RSSI_CHANGED,0,ResolveInfo{17d1fb5 com.sdu.didi.psnger/com.didi.sdk.receiver.WifiReceiver m=0x108000}]
05-13 15:26:48.736  3666  3933 I am_broadcast_discard_app: [0,52788952,android.net.wifi.RSSI_CHANGED,0,ResolveInfo{6ad0231 com.sdu.didi.psnger/com.didi.sdk.receiver.WifiReceiver m=0x108000}]
05-13 15:26:49.890  3666  3933 I am_broadcast_discard_filter: [0,60597384,android.intent.action.SCREEN_ON,21,248552062]
05-13 15:26:50.104  3666  3666 I power_screen_broadcast_done: [1,10456,1]
05-13 15:26:51.750  3666  3933 I am_broadcast_discard_app: [0,232934920,android.net.wifi.RSSI_CHANGED,0,ResolveInfo{f51d9a1 com.sdu.didi.psnger/com.didi.sdk.receiver.WifiReceiver m=0x108000}]
05-13 15:26:54.772  3666  3933 I am_broadcast_discard_app: [0,189940404,android.net.wifi.RSSI_CHANGED,0,ResolveInfo{d916edd com.sdu.didi.psnger/com.didi.sdk.receiver.WifiReceiver m=0x108000}]
05-13 15:26:57.794  3666  3933 I am_broadcast_discard_app: [0,237688352,android.net.wifi.RSSI_CHANGED,0,ResolveInfo{23b1bd9 com.sdu.didi.psnger/com.didi.sdk.receiver.WifiReceiver m=0x108000}]
05-13 15:26:58.173  3666  8545 I am_broadcast_discard_app: [0,180963640,NULL,0,ResolveInfo{5536d11 com.happyelements.AndroidAnimal/com.happyelements.gsp.android.notification.gcn.GcnBroadcastReceiver m=0x0}]
05-13 15:27:00.030  3666  3666 I notification_enqueue: [10064,8611,com.bbk.iqoo.logsystem,3,NULL,0,Notification(pri=-2 contentView=com.bbk.iqoo.logsystem/0x3030028 vibrate=null sound=null defaults=0x0 flags=0x40 color=0xff607d8b vis=PRIVATE),1]
05-13 15:27:00.048  3666  5845 I notification_autogrouped: 0|com.bbk.iqoo.logsystem|3|null|10064
05-13 15:27:00.057  3666  4969 I notification_autogrouped: 0|com.bbk.iqoo.logsystem|3|null|10064
05-13 15:27:00.688  3666  4339 I am_proc_start: [0,15157,1000,com.bbk.facewake,service,com.bbk.facewake/.FaceWakeService]
05-13 15:27:00.716  3666  5871 I am_proc_bound: [0,15157,com.bbk.facewake]
05-13 15:27:00.786  3666  3934 I am_wtf  : [0,3666,system_server,-1,ActivityManager,Sending non-protected broadcast vivo.intent.action.CHECK_ALERT_WINDOW from system 3666:system/1000 pkg android]
05-13 15:27:00.788  3666  3934 I am_wtf  : [0,3666,system_server,-1,ActivityManager,Sending non-protected broadcast vivo.intent.action.CHECK_ALERT_WINDOW from system 3666:system/1000 pkg android]
05-13 15:27:00.814  3666  3933 I am_broadcast_discard_app: [0,117293350,android.net.wifi.RSSI_CHANGED,0,ResolveInfo{4490167 com.sdu.didi.psnger/com.didi.sdk.receiver.WifiReceiver m=0x108000}]
05-13 15:27:00.940  3666  4944 I am_proc_died: [0,14598,com.bbk.updater]
05-13 15:27:00.948  3666  5840 I am_proc_died: [0,15015,com.android.providers.calendar]
05-13 15:27:00.950  3666  5840 I am_mem_factor: [2,1]
05-13 15:27:03.822  3666  3933 I am_broadcast_discard_app: [0,115461886,android.net.wifi.RSSI_CHANGED,0,ResolveInfo{1aab65f com.sdu.didi.psnger/com.didi.sdk.receiver.WifiReceiver m=0x108000}]
05-13 15:27:06.837  3666  3933 I am_broadcast_discard_app: [0,252173578,android.net.wifi.RSSI_CHANGED,0,ResolveInfo{b6e597b com.sdu.didi.psnger/com.didi.sdk.receiver.WifiReceiver m=0x108000}]
05-13 15:27:09.652  3666  3959 I power_sleep_requested: 0
05-13 15:27:09.653  3666  3666 I power_screen_state: [0,3,0,0]
05-13 15:27:09.653  3666  3666 I screen_toggled: 0
05-13 15:27:09.653  3666  3666 I sysui_histogram: [screen_timeout,30]
05-13 15:27:09.671  3666  5840 I am_mem_factor: [1,2]
05-13 15:27:09.672  3666  3666 I power_screen_broadcast_send: 1
05-13 15:27:09.729  3666  3666 I am_pause_activity: [0,53878050,com.tencent.mobileqq/.activity.SplashActivity]
05-13 15:27:09.744 17448 17448 I am_on_paused_called: [0,com.tencent.mobileqq.activity.SplashActivity,handlePauseActivity]
05-13 15:27:09.783  3666  3933 I am_stop_activity: [0,53878050,com.tencent.mobileqq/.activity.SplashActivity]
05-13 15:27:09.793  3666  3666 I sysui_histogram: [fingerprint_token,0]
05-13 15:27:09.843  3666  3933 I am_broadcast_discard_app: [0,89634012,android.net.wifi.RSSI_CHANGED,0,ResolveInfo{d9b39e5 com.sdu.didi.psnger/com.didi.sdk.receiver.WifiReceiver m=0x108000}]
05-13 15:27:09.908  3666  4530 I am_wtf  : [0,3666,system_server,-1,ActivityManager,Sending non-protected broadcast com.vivo.updater.action.SCREEN_OFF from system 4786:com.vivo.daemonService/1000 pkg com.vivo.daemonService]
05-13 15:27:09.929  3666  3933 I am_proc_start: [0,15246,10087,com.bbk.updater,broadcast,com.bbk.updater/.receiver.AutoDownloadReceiver]
05-13 15:27:09.952  3666  3778 I am_proc_bound: [0,15246,com.bbk.updater]
05-13 15:27:10.216   510   510 I sf_frame_dur: [SurfaceView - ,19,219,2,0,1,0,0]
05-13 15:27:16.116  3666  3666 I free_storage_changed: 18660560896
05-13 15:27:19.944  3666  3933 I am_broadcast_discard_filter: [0,240059234,android.intent.action.SCREEN_OFF,20,248552062]
05-13 15:27:20.182  3666  3666 I power_screen_broadcast_done: [0,10510,1]
05-13 15:27:20.358  4603  4603 I sysui_view_visibility: [111,100]
05-13 15:27:20.381  4603  4603 I sysui_status_bar_state: [1,1,0,0,1,0]
05-13 15:27:20.399  3666  4969 I notification_expansion: [0|android|10011|null|1000,0,0,19898153,14143255,1880972]
05-13 15:27:20.400  3666  5871 I notification_expansion: [0|android|110110|null|1000,0,0,19898158,19898158,1880973]
05-13 15:27:20.400  3666  8547 I notification_expansion: [0|com.tencent.mm|2147483647|group_key_override|10132|ranker_bundle,0,1,3206091,3206091,1880973]
05-13 15:27:20.402  3666  4803 I notification_expansion: [0|com.vivo.appfilter|2147483647|group_key_override|1000|ranker_bundle,0,1,8634690,8634690,1880975]
05-13 15:27:20.403  3666  8542 I notification_expansion: [0|com.android.bbklog|2147483647|group_key_override|1000|ranker_bundle,0,1,17915000,17915000,14145210]
05-13 15:27:20.404  3666  5840 I notification_expansion: [0|com.vivo.game|2147483647|group_key_override|10113|ranker_bundle,0,1,62792027,62792027,0]
05-13 15:27:20.405  3666  8545 I notification_expansion: [0|com.vivo.intelliengine|2147483647|group_key_override|1000|ranker_bundle,0,1,163108872,163108872,85262150]
05-13 15:27:50.415  3666  3666 I sysui_action: [252,true]
05-13 15:27:50.419  4603  5852 I screen_toggled: 2
05-13 15:27:50.471  3666  3666 I power_screen_state: [1,0,0,0]
05-13 15:27:50.471  3666  3666 I screen_toggled: 1
05-13 15:27:50.475  3666  3666 I power_screen_broadcast_send: 1
05-13 15:27:50.521   510   510 I sf_frame_dur: [ColorFade,3,0,0,0,0,0,0]
05-13 15:27:50.522  4603  4603 I sysui_status_bar_state: [1,0,0,0,1,0]
05-13 15:27:50.536  3666 10257 I am_wtf  : [0,3666,system_server,-1,ActivityManager,Sending non-protected broadcast com.vivo.updater.action.SCREEN_ON from system 4786:com.vivo.daemonService/1000 pkg com.vivo.daemonService]
05-13 15:27:50.539  4603  4603 I sysui_view_visibility: [111,0]
05-13 15:27:50.549  3666  4938 I am_resume_activity: [0,53878050,159,com.tencent.mobileqq/.activity.SplashActivity]
05-13 15:27:50.570 17448 17448 I am_on_resume_called: [0,com.tencent.mobileqq.activity.SplashActivity,RESUME_ACTIVITY]
05-13 15:27:50.598  3666  3933 I am_broadcast_discard_app: [0,35329005,android.intent.action.USER_PRESENT,0,ResolveInfo{edd4b3 com.happyelements.AndroidAnimal/cn.egame.terminal.sdk.EgameCoreReceiver p=2147483647 m=0x108000}]
05-13 15:27:50.602  3666  3933 I am_broadcast_discard_app: [0,35329005,android.intent.action.USER_PRESENT,1,ResolveInfo{6a201e9 com.qileyx.ddz.vivo/cn.egame.terminal.sdk.EgameCoreReceiver p=2147483647 m=0x108000}]
05-13 15:27:50.605  3666  3933 I am_broadcast_discard_app: [0,35329005,android.intent.action.USER_PRESENT,2,ResolveInfo{2c5fe6e com.rainhope.scmj.wmwzb/cn.egame.terminal.sdk.EgameCoreReceiver p=2147483647 m=0x108000}]
05-13 15:27:50.614  3666 10253 I notification_expansion: [0|com.android.systemui|2147483647|group_key_override|10024|ranker_bundle,0,1,19561689,19561689,1911187]
05-13 15:27:50.615  3666  5845 I notification_expansion: [0|com.android.systemui|10000|null|10024,0,1,19561702,19561702,1911188]
05-13 15:27:50.615  3666  4977 I notification_expansion: [0|android|2147483647|group_key_override|1000|ranker_bundle,0,1,19928357,19928357,1911188]
05-13 15:27:50.616  3666  4969 I notification_expansion: [0|android|10011|null|1000,0,1,19928370,14173472,1911189]
05-13 15:27:50.617  3666 10257 I notification_expansion: [0|android|110110|null|1000,0,1,19928375,19928375,1911190]
05-13 15:27:50.618  3666  4803 I notification_expansion: [0|com.tencent.mm|2147483647|group_key_override|10132|ranker_bundle,0,1,3236308,3236308,1911190]
05-13 15:27:50.618  3666  8542 I am_broadcast_discard_app: [0,35329005,android.intent.action.USER_PRESENT,4,ResolveInfo{f8fd3a5 com.jingdong.app.mall/com.tencent.android.tpush.XGPushReceiver p=2147483647 m=0x108000}]
05-13 15:27:50.618  3666  3933 I am_broadcast_discard_app: [0,35329005,android.intent.action.USER_PRESENT,5,ResolveInfo{957937a com.sdu.didi.psnger/com.igexin.sdk.PushReceiver p=2147483647 m=0x108000}]
05-13 15:27:50.618  3666  4308 I notification_expansion: [0|com.vivo.appfilter|2147483647|group_key_override|1000|ranker_bundle,0,1,8664906,8664906,1911191]
05-13 15:27:50.619  3666 10255 I notification_expansion: [0|com.android.bbklog|2147483647|group_key_override|1000|ranker_bundle,0,1,17945216,17945216,14175426]
05-13 15:27:50.620  3666  3780 I notification_expansion: [0|com.vivo.game|2147483647|group_key_override|10113|ranker_bundle,0,1,62822243,62822243,0]
05-13 15:27:50.621  3666  3933 I am_broadcast_discard_app: [0,35329005,android.intent.action.USER_PRESENT,7,ResolveInfo{395272b com.yiche.price/com.sijla.common.HBL p=2147483647 m=0x108000}]
05-13 15:27:50.621  3666  4532 I notification_expansion: [0|com.vivo.intelliengine|2147483647|group_key_override|1000|ranker_bundle,0,1,163139088,163139088,85292366]
05-13 15:27:50.642  3666  8542 I am_broadcast_discard_app: [0,35329005,android.intent.action.USER_PRESENT,9,ResolveInfo{4cf0521 com.UCMobile/com.pp.plugin.appstore.receiver.PPNetworkReceiver p=1000 m=0x108000}]
05-13 15:27:50.643  3666  3933 I am_broadcast_discard_app: [0,35329005,android.intent.action.USER_PRESENT,10,ResolveInfo{83b6d46 com.dangdang.buy2/cn.xiaoneng.xpush.XPushReceiver p=1000 m=0x108000}]
05-13 15:27:50.648  4603  4603 I sysui_histogram: [note_load,16]
05-13 15:27:50.648  3666  5871 I notification_panel_revealed: 16
05-13 15:27:50.651  3666  4803 I notification_panel_hidden: []
05-13 15:27:50.688  3666  8549 I am_proc_start: [0,15372,10004,com.android.providers.calendar,content provider,com.android.providers.calendar/.CalendarProvider2]
05-13 15:27:50.720  3666  5840 I am_proc_bound: [0,15372,com.android.providers.calendar]
05-13 15:27:50.727  3666  8547 I am_broadcast_discard_app: [0,35329005,android.intent.action.USER_PRESENT,19,ResolveInfo{67bcf2a cn.xiaochuankeji.tieba/cn.xc_common.push.service.PushReceiver m=0x108000}]
05-13 15:27:50.728  3666  3933 I am_broadcast_discard_app: [0,35329005,android.intent.action.USER_PRESENT,20,ResolveInfo{52311b com.Qunar/com.igexin.sdk.PushReceiver m=0x108000}]
05-13 15:27:50.729  3666  3933 I am_broadcast_discard_app: [0,35329005,android.intent.action.USER_PRESENT,21,ResolveInfo{3d752b8 com.UCMobile/com.taobao.accs.EventReceiver m=0x108000}]
05-13 15:27:50.735  3666  3933 I am_broadcast_discard_app: [0,35329005,android.intent.action.USER_PRESENT,22,ResolveInfo{327891 com.autonavi.minimap/com.taobao.accs.EventReceiver m=0x108000}]
05-13 15:27:50.736  3666  3933 I am_broadcast_discard_app: [0,35329005,android.intent.action.USER_PRESENT,23,ResolveInfo{75fb3f6 com.baidu.BaiduMap/com.baidu.android.pushservice.PushServiceReceiver m=0x108000}]
05-13 15:27:50.737  3666  3933 I am_broadcast_discard_app: [0,35329005,android.intent.action.USER_PRESENT,24,ResolveInfo{2d8c3f7 com.chengzivr.android/.push.PushWakeReceiver m=0x108000}]
05-13 15:27:50.738  3666  3933 I am_broadcast_discard_app: [0,35329005,android.intent.action.USER_PRESENT,25,ResolveInfo{a0ae264 com.cubic.autohome/com.igexin.sdk.PushReceiver m=0x108000}]
05-13 15:27:50.738  3666  3933 I am_broadcast_discard_app: [0,35329005,android.intent.action.USER_PRESENT,26,ResolveInfo{4f50ccd com.dianping.v1/com.dianping.base.push.pushservice.PhoneStatusReceiver m=0x108000}]
05-13 15:27:50.739  3666  3933 I am_broadcast_discard_app: [0,35329005,android.intent.action.USER_PRESENT,27,ResolveInfo{9cb1982 com.duowan.groundhog.mctools/com.taobao.accs.EventReceiver m=0x108000}]
05-13 15:27:50.748  3666  8544 I am_broadcast_discard_app: [0,35329005,android.intent.action.USER_PRESENT,30,ResolveInfo{dc5c0d0 com.gameabc.zhanqiAndroid/com.igexin.sdk.PushReceiver m=0x108000}]
05-13 15:27:50.754  3666  3933 I am_broadcast_discard_app: [0,35329005,android.intent.action.USER_PRESENT,31,ResolveInfo{3954bce com.gbits.atm.vivo/com.igexin.sdk.PushReceiver m=0x108000}]
05-13 15:27:50.755  3666  3933 I am_broadcast_discard_app: [0,35329005,android.intent.action.USER_PRESENT,32,ResolveInfo{2fe3aef com.happyelements.AndroidAnimal/com.happyelements.gsp.android.notification.gcn.GcnBroadcastReceiver m=0x108000}]
05-13 15:27:50.757  3666  3933 I am_broadcast_discard_app: [0,35329005,android.intent.action.USER_PRESENT,33,ResolveInfo{e19fc com.meitu.meiyancamera/com.igexin.sdk.PushReceiver m=0x108000}]
05-13 15:27:50.759  3666  3933 I am_broadcast_discard_app: [0,35329005,android.intent.action.USER_PRESENT,34,ResolveInfo{6d40885 com.meitu.wheecam/com.meitu.pushkit.InnerReceiver m=0x108000}]
05-13 15:27:50.762  3666  3933 I am_broadcast_discard_app: [0,35329005,android.intent.action.USER_PRESENT,35,ResolveInfo{ebe56da com.meitu.wheecam/com.igexin.sdk.PushReceiver m=0x108000}]
05-13 15:27:50.763  3666  3933 I am_broadcast_discard_app: [0,35329005,android.intent.action.USER_PRESENT,36,ResolveInfo{c1d970b com.mobike.mobikeapp/com.igexin.sdk.PushReceiver m=0x108000}]
05-13 15:27:50.764  3666  3933 I am_broadcast_discard_app: [0,35329005,android.intent.action.USER_PRESENT,37,ResolveInfo{a20d9e8 com.mobike.mobikeapp/com.hyphenate.chat.EMMonitorReceiver m=0x108000}]
05-13 15:27:50.765  3666  3933 I am_broadcast_discard_app: [0,35329005,android.intent.action.USER_PRESENT,38,ResolveInfo{3d1a801 com.mogujie/com.igexin.sdk.PushReceiver m=0x108000}]
05-13 15:27:50.766  3666  3933 I am_broadcast_discard_app: [0,35329005,android.intent.action.USER_PRESENT,39,ResolveInfo{33b06a6 com.mt.mtxx.mtxx/com.igexin.sdk.PushReceiver m=0x108000}]
05-13 15:27:50.767  3666  3933 I am_broadcast_discard_app: [0,35329005,android.intent.action.USER_PRESENT,41,ResolveInfo{68c98e7 com.p1.mobile.putong/.api.push.keep.OnePixelReceiver m=0x108000}]
05-13 15:27:50.768  3666  3933 I am_broadcast_discard_app: [0,35329005,android.intent.action.USER_PRESENT,42,ResolveInfo{7afc33d com.p1.mobile.putong/com.igexin.sdk.PushReceiver m=0x108000}]
05-13 15:27:50.770  3666  3933 I am_broadcast_discard_app: [0,35329005,android.intent.action.USER_PRESENT,43,ResolveInfo{180e732 com.qileyx.ddz.vivo/com.nearme.ddz.util.ConnectionChangeReceiver m=0x108000}]
05-13 15:27:50.770  3666  3933 I am_broadcast_discard_app: [0,35329005,android.intent.action.USER_PRESENT,44,ResolveInfo{cffdc83 com.qileyx.ddz.vivo/com.igexin.sdk.PushReceiver m=0x108000}]
05-13 15:27:50.771  3666  3933 I am_broadcast_discard_app: [0,35329005,android.intent.action.USER_PRESENT,45,ResolveInfo{e72fe00 com.qzone/com.tencent.wns.export.AutoStartReceiver m=0x108000}]
05-13 15:27:50.771  3666  3933 I am_broadcast_discard_app: [0,35329005,android.intent.action.USER_PRESENT,46,ResolveInfo{45a5639 com.rainhope.scmj.wmwzb/com.unicom.xiaowo.SecurityReceiver m=0x108000}]
05-13 15:27:50.772  3666  3933 I am_broadcast_discard_app: [0,35329005,android.intent.action.USER_PRESENT,47,ResolveInfo{9d2447e com.smile.gifmaker/com.igexin.sdk.PushReceiver m=0x108000}]
05-13 15:27:50.773  3666  3933 I am_broadcast_discard_app: [0,35329005,android.intent.action.USER_PRESENT,48,ResolveInfo{6d9bddf com.ss.android.article.news/com.ss.android.message.MessageReceiver m=0x108000}]
05-13 15:27:50.774  3666  3933 I am_broadcast_discard_app: [0,35329005,android.intent.action.USER_PRESENT,49,ResolveInfo{54658fb com.ss.android.article.news/com.taobao.accs.EventReceiver m=0x108000}]
05-13 15:27:50.775  3666  3933 I am_broadcast_discard_app: [0,35329005,android.intent.action.USER_PRESENT,50,ResolveInfo{b328d18 com.ss.android.article.news/.AliyunPushMsgReceiver m=0x108000}]
05-13 15:27:50.775  3666  3933 I am_broadcast_discard_app: [0,35329005,android.intent.action.USER_PRESENT,51,ResolveInfo{4139371 com.ss.android.article.news/com.ss.android.message.sswo.SswoReceiver m=0x108000}]
05-13 15:27:50.776  3666  3933 I am_broadcast_discard_app: [0,35329005,android.intent.action.USER_PRESENT,52,ResolveInfo{da86556 com.ss.android.article.video/com.ss.android.message.MessageReceiver m=0x108000}]
05-13 15:27:50.776  3666  3933 I am_broadcast_discard_app: [0,35329005,android.intent.action.USER_PRESENT,53,ResolveInfo{61789d7 com.ss.android.article.video/com.taobao.accs.EventReceiver m=0x108000}]
05-13 15:27:50.777  3666  3933 I am_broadcast_discard_app: [0,35329005,android.intent.action.USER_PRESENT,54,ResolveInfo{74f62c4 com.ss.android.essay.joke/com.ss.android.message.MessageReceiver m=0x108000}]
