04-29 09:54:46.559  3860  3872 I am_pss  : [18430,10197,com.panda.videoliveplatform:RBI,6161408,5877760,0]
04-29 09:54:46.574  3860  3872 I am_pss  : [15243,1000,com.qualcomm.qti.appnetaccess,5128192,4567040,0]
04-29 09:54:46.589  3860  3872 I am_pss  : [2346,10012,android.ext.services,12142592,11378688,0]
04-29 09:54:46.607  3860  3872 I am_pss  : [31994,10126,com.sina.weibo.image,9077760,8835072,0]
04-29 09:54:46.623  3860  3872 I am_pss  : [14170,10004,com.vivo.childrenmode,5409792,4976640,0]
04-29 09:54:46.638  3860  3872 I am_pss  : [4192,1000,com.volte.config,5517312,4997120,0]
04-29 09:54:46.653  3860  3872 I am_pss  : [7960,1000,org.simalliance.openmobileapi.service:remote,5092352,4665344,0]
04-29 09:54:46.668  3860  3872 I am_pss  : [5087,1001,com.qualcomm.qcrilmsgtunnel,5505024,5062656,0]
04-29 09:54:48.835  3860  4271 I am_wtf  : [0,3860,system_server,-1,ActivityManager,Sending non-protected broadcast com.vivo.audiofx.maxxaudio.effect from system 3860:system/1000 pkg android]
04-29 09:54:57.735  3860  3872 I am_pss  : [19428,10092,com.android.camera,31186944,30457856,0]
04-29 09:54:57.753  3860  3872 I am_pss  : [8013,10008,com.android.dialer,34662400,33832960,0]
04-29 09:54:57.774  3860  3872 I am_pss  : [9313,10063,com.iqoo.secure,40373248,39628800,0]
04-29 09:54:57.875  3860  3872 I am_pss  : [27210,10214,com.garena.game.kgtw,421512192,420356096,0]
04-29 09:54:57.923  3860  3872 I am_pss  : [31366,10130,com.tencent.news,121747456,121122816,0]
04-29 09:54:57.960  3860  3872 I am_pss  : [12266,10213,tv.danmaku.bili,67639296,66699264,0]
04-29 09:54:57.986  3860  3872 I am_pss  : [11089,10016,com.android.mms,88202240,86917120,0]
04-29 09:54:58.006  3860  3872 I am_pss  : [24863,10041,com.android.BBKClock,16600064,15929344,0]
04-29 09:54:58.027  3860  3872 I am_pss  : [29238,10040,com.bbk.theme,29755392,29483008,0]
04-29 09:54:58.041  3860  3872 I am_pss  : [20055,10045,com.vivo.weather.provider,11772928,10948608,0]
04-29 09:54:58.055  3860  3872 I am_pss  : [27500,10106,com.vivo.widget.calendar,5992448,3842048,0]
04-29 09:54:58.070  3860  3872 I am_pss  : [27472,10003,com.android.providers.calendar,5866496,3653632,0]
04-29 09:54:58.086  3860  3872 I am_pss  : [2002,10197,com.panda.videoliveplatform,8644608,8331264,0]
04-29 09:54:58.102  3860  3872 I am_pss  : [23287,10087,com.bbk.updater,7581696,6766592,0]
04-29 09:54:58.116  3860  3872 I am_pss  : [27451,10091,com.bbk.calendar,5187584,3223552,0]
04-29 09:54:58.135  3860  3872 I am_pss  : [5499,10194,com.achievo.vipshop,16013312,15470592,0]
04-29 09:54:58.151  3860  3872 I am_pss  : [23302,10089,com.vlife.vivo.wallpaper:main,10270720,9404416,0]
04-29 09:54:58.167  3860  3872 I am_pss  : [19671,10201,com.eg.android.AlipayGphone:tools,11213824,10883072,0]
04-29 09:54:58.186  3860  3872 I am_pss  : [20797,10033,com.android.filemanager,18847744,17956864,0]
04-29 09:54:59.690  3860  4271 I am_wtf  : [0,3860,system_server,-1,ActivityManager,Sending non-protected broadcast com.vivo.audiofx.maxxaudio.effect from system 3860:system/1000 pkg android]
04-29 09:54:59.733  3860  3872 I am_pss  : [12352,10034,com.bbk.launcher2,133410816,127148032,0]
04-29 09:54:59.753  3860  3872 I am_pss  : [19455,10097,com.vivo.gallery,35216384,32477184,0]
04-29 09:54:59.768  3860  3872 I am_pss  : [6607,10030,com.bbk.appstore:remote,9257984,8687616,0]
04-29 09:55:00.073  3860  3860 I notification_enqueue: [10064,9380,com.bbk.iqoo.logsystem,3,NULL,0,Notification(pri=-2 contentView=com.bbk.iqoo.logsystem/0x3030028 vibrate=null sound=null defaults=0x0 flags=0x40 color=0xff607d8b vis=PRIVATE),1]
04-29 09:55:00.109  3860 12149 I notification_autogrouped: 0|com.bbk.iqoo.logsystem|3|null|10064
04-29 09:55:00.119  3860  4561 I notification_autogrouped: 0|com.bbk.iqoo.logsystem|3|null|10064
04-29 09:55:20.797  3860  4173 I am_wtf  : [0,3860,system_server,-1,ActivityManager,Sending non-protected broadcast MqttService.pingSender.380003444930953889 from system uid 1000 pkg com.vivo.abe]
04-29 09:55:24.905  3860  3860 I free_storage_changed: 9048150016
04-29 09:55:32.454  3860  4179 I am_new_intent: [0,44256264,27,com.bbk.launcher2/.Launcher,android.intent.action.MAIN,NULL,NULL,278921216]
04-29 09:55:32.455  3860  4179 I am_focused_stack: [0,0,1,bringingFoundTaskToFront setFocusedActivity]
04-29 09:55:32.455  3860  4179 I wm_task_moved: [27,1,1]
04-29 09:55:32.480  3860  4179 I am_focused_activity: [0,com.bbk.launcher2/.Launcher,bringingFoundTaskToFront]
04-29 09:55:32.526  3860  4179 I am_pause_activity: [0,21703972,com.ss.android.essay.joke/com.ss.android.essay.base.main.EssayTabActivity]
04-29 09:55:32.530  3860  4179 I am_task_to_front: [0,27]
04-29 09:55:32.539  3860  4179 I sysui_action: [323,com.bbk.launcher2/.Launcher]
04-29 09:55:32.539  3860  4179 I sysui_action: [324,true]
04-29 09:55:32.539  3860  4179 I sysui_action: [325,430514]
04-29 09:55:32.592 21929 21929 I am_on_paused_called: [0,com.ss.android.essay.base.main.EssayTabActivity,handlePauseActivity]
04-29 09:55:32.627  3860  5771 I am_resume_activity: [0,43524736,27,com.bbk.launcher2/.Launcher]
04-29 09:55:32.644  3860  3873 I sysui_count: [window_time_0,62]
04-29 09:55:32.691 12352 12352 I am_on_resume_called: [0,com.bbk.launcher2.Launcher,RESUME_ACTIVITY]
04-29 09:55:32.871  3860  3882 I sysui_action: [320,2]
04-29 09:55:32.871  3860  3882 I sysui_action: [319,423]
04-29 09:55:32.871  3860  3882 I sysui_action: [322,423]
04-29 09:55:33.107  3860  3873 I am_stop_activity: [0,21703972,com.ss.android.essay.joke/com.ss.android.essay.base.main.EssayTabActivity]
04-29 09:55:33.144 21929 21929 I am_on_stop_called: [0,com.ss.android.essay.base.main.EssayTabActivity,handleStopActivity]
04-29 09:55:33.195   520   520 I sf_frame_dur: [com.ss.android.essay.joke/com.ss.android.essay.base.main.EssayTabActivity,1262,383,171,9,4,0,2]
04-29 09:55:33.333  3860 17345 I am_new_intent: [0,183108057,79,com.android.dialer/.TwelveKeyDialer,android.intent.action.MAIN,NULL,NULL,807403520]
04-29 09:55:33.334  3860 17345 I am_focused_stack: [0,1,0,bringingFoundTaskToFront setFocusedActivity]
04-29 09:55:33.334  3860 17345 I wm_task_moved: [79,1,28]
04-29 09:55:33.339  3860 17345 I am_focused_activity: [0,com.android.dialer/.TwelveKeyDialer,bringingFoundTaskToFront]
04-29 09:55:33.340  3860 17345 I am_pause_activity: [0,43524736,com.bbk.launcher2/.Launcher]
04-29 09:55:33.341  3860 17345 I am_task_to_front: [0,79]
04-29 09:55:33.346  3860 17345 I sysui_action: [323,com.android.dialer/.TwelveKeyDialer]
04-29 09:55:33.346  3860 17345 I sysui_action: [324,true]
04-29 09:55:33.346  3860 17345 I sysui_action: [325,430515]
04-29 09:55:33.366 12352 12352 I am_on_paused_called: [0,com.bbk.launcher2.Launcher,handlePauseActivity]
04-29 09:55:33.377  3860  4707 I am_resume_activity: [0,86038840,79,com.android.dialer/.TwelveKeyDialer]
04-29 09:55:33.430  3860  3873 I sysui_count: [window_time_0,0]
04-29 09:55:33.469  3860  3873 I am_proc_start: [0,28379,10018,com.vivo.numbermark,broadcast,com.vivo.numbermark/.ShowDialogReceiver]
04-29 09:55:33.527  3860 20072 I am_proc_bound: [0,28379,com.vivo.numbermark]
04-29 09:55:33.564  8013  8013 I am_on_resume_called: [0,com.android.dialer.TwelveKeyDialer,RESUME_ACTIVITY]
04-29 09:55:33.682  3860  3882 I sysui_action: [320,2]
04-29 09:55:33.682  3860  3882 I sysui_action: [319,368]
04-29 09:55:33.683  3860  3882 I sysui_action: [322,369]
04-29 09:55:33.882  3860  4909 I am_wtf  : [0,3860,system_server,-1,ActivityManager,Sending non-protected broadcast launcher.action.CHANGE_APPLICATION_NOTIFICATION_NUM from system 4889:com.android.phone/1001 pkg com.android.phone]
04-29 09:55:33.883  3860  4909 I am_wtf  : [0,3860,system_server,-1,ActivityManager,Sending non-protected broadcast launcher.action.CHANGE_APPLICATION_NOTIFICATION_NUM from system 4889:com.android.phone/1001 pkg com.android.phone]
04-29 09:55:33.891  3860 12150 I am_wtf  : [0,3860,system_server,-1,ActivityManager,Sending non-protected broadcast android.no.read.BBKLockScreen.INCALL from system 4889:com.android.phone/1001 pkg com.android.phone]
04-29 09:55:33.893  3860 12150 I am_wtf  : [0,3860,system_server,-1,ActivityManager,Sending non-protected broadcast android.no.read.BBKLockScreen.INCALL from system 4889:com.android.phone/1001 pkg com.android.phone]
04-29 09:55:33.964  3860  3873 I am_stop_activity: [0,43524736,com.bbk.launcher2/.Launcher]
04-29 09:55:33.976 12352 12352 I am_on_stop_called: [0,com.bbk.launcher2.Launcher,handleStopActivity]
04-29 09:55:34.004   520   520 I sf_frame_dur: [com.bbk.launcher2/com.bbk.launcher2.Launcher,0,0,2,2,0,0,0]
04-29 09:55:35.357  3860  3873 I am_proc_start: [0,28519,1000,com.iqoo.engineermode,broadcast,com.iqoo.engineermode/.StartupReceiver]
04-29 09:55:35.401  3860  4912 I am_proc_bound: [0,28519,com.iqoo.engineermode]
04-29 09:55:35.754  3860  4911 I am_create_task: [0,372]
04-29 09:55:35.754  3860  4911 I am_create_activity: [0,70869177,372,com.iqoo.engineermode/.EngineerMode,android.intent.action.MAIN,NULL,NULL,276824064]
04-29 09:55:35.755  3860  4911 I wm_task_created: [372,1]
04-29 09:55:35.755  3860  4911 I wm_task_moved: [372,1,29]
04-29 09:55:35.755  3860  4911 I wm_task_moved: [372,1,29]
04-29 09:55:35.762  3860  4911 I am_focused_activity: [0,com.iqoo.engineermode/.EngineerMode,startedActivity]
04-29 09:55:35.799  3860  4911 I am_pause_activity: [0,86038840,com.android.dialer/.TwelveKeyDialer]
04-29 09:55:35.809  8013  8013 I am_on_paused_called: [0,com.android.dialer.TwelveKeyDialer,handlePauseActivity]
04-29 09:55:35.822  3860  4911 I sysui_action: [323,com.iqoo.engineermode/.EngineerMode]
04-29 09:55:35.822  3860  4911 I sysui_action: [324,true]
04-29 09:55:35.822  3860  4911 I sysui_action: [325,430517]
04-29 09:55:35.842  3860  5779 I am_restart_activity: [0,70869177,372,com.iqoo.engineermode/.EngineerMode]
04-29 09:55:35.875  3860  3873 I sysui_count: [window_time_0,3]
04-29 09:55:35.901  3860  3882 I sysui_action: [321,211]
04-29 09:55:35.901  3860  3882 I sysui_action: [320,1]
04-29 09:55:35.901  3860  3882 I sysui_action: [319,211]
04-29 09:55:35.996 28519 28519 I am_on_resume_called: [0,com.iqoo.engineermode.EngineerMode,LAUNCH_ACTIVITY]
04-29 09:55:36.184  3860  3882 I sysui_action: [322,494]
04-29 09:55:36.184  3860  3882 I am_activity_launch_time: [0,70869177,com.iqoo.engineermode/.EngineerMode,353,353]
04-29 09:55:36.245  3860  3873 I am_stop_activity: [0,86038840,com.android.dialer/.TwelveKeyDialer]
04-29 09:55:36.246  8013  8013 I am_on_stop_called: [0,com.android.dialer.TwelveKeyDialer,handleStopActivity]
04-29 09:55:36.272   520   520 I sf_frame_dur: [com.android.dialer/com.android.dialer.TwelveKeyDialer,46,0,0,4,1,0,0]
04-29 09:55:37.374  3860 12153 I wm_task_moved: [372,1,29]
04-29 09:55:37.375  3860 12153 I am_create_activity: [0,98611465,372,com.iqoo.engineermode/.verifytest.EngineerVerifyTest,android.intent.action.MAIN,NULL,NULL,0]
04-29 09:55:37.376  3860 12153 I wm_task_moved: [372,1,29]
04-29 09:55:37.378  3860 12153 I am_focused_activity: [0,com.iqoo.engineermode/.verifytest.EngineerVerifyTest,startedActivity]
04-29 09:55:37.379  3860 12153 I am_pause_activity: [0,70869177,com.iqoo.engineermode/.EngineerMode]
04-29 09:55:37.393 28519 28519 I am_on_paused_called: [0,com.iqoo.engineermode.EngineerMode,handlePauseActivity]
04-29 09:55:37.404  3860 20066 I am_restart_activity: [0,98611465,372,com.iqoo.engineermode/.verifytest.EngineerVerifyTest]
04-29 09:55:37.415  3860  3873 I sysui_count: [window_time_0,1]
04-29 09:55:37.540 28519 28519 I am_on_resume_called: [0,com.iqoo.engineermode.verifytest.EngineerVerifyTest,LAUNCH_ACTIVITY]
04-29 09:55:37.660  3860  3882 I am_activity_launch_time: [0,98611465,com.iqoo.engineermode/.verifytest.EngineerVerifyTest,263,263]
04-29 09:55:37.985  3860  3873 I am_stop_activity: [0,70869177,com.iqoo.engineermode/.EngineerMode]
04-29 09:55:37.991 28519 28519 I am_on_stop_called: [0,com.iqoo.engineermode.EngineerMode,handleStopActivity]
04-29 09:55:38.017   520   520 I sf_frame_dur: [com.iqoo.engineermode/com.iqoo.engineermode.EngineerMode,16,1,0,1,1,1,0]
04-29 09:55:38.754  3860  5771 I am_create_task: [0,373]
04-29 09:55:38.754  3860  5771 I am_create_activity: [0,203091577,373,com.android.bbklog/.BbkLogActivity,NULL,NULL,NULL,276824064]
04-29 09:55:38.755  3860  5771 I wm_task_created: [373,1]
04-29 09:55:38.755  3860  5771 I wm_task_moved: [373,1,30]
04-29 09:55:38.756  3860  5771 I wm_task_moved: [373,1,30]
04-29 09:55:38.769  3860  5771 I am_focused_activity: [0,com.android.bbklog/.BbkLogActivity,startedActivity]
04-29 09:55:38.796  3860  5771 I am_pause_activity: [0,98611465,com.iqoo.engineermode/.verifytest.EngineerVerifyTest]
04-29 09:55:38.803  3860  5771 I sysui_action: [323,com.android.bbklog/.BbkLogActivity]
04-29 09:55:38.803  3860  5771 I sysui_action: [324,true]
04-29 09:55:38.803  3860  5771 I sysui_action: [325,430520]
04-29 09:55:38.807 28519 28519 I am_on_paused_called: [0,com.iqoo.engineermode.verifytest.EngineerVerifyTest,handlePauseActivity]
04-29 09:55:38.818  3860  4706 I am_restart_activity: [0,203091577,373,com.android.bbklog/.BbkLogActivity]
04-29 09:55:38.836  3860  3873 I sysui_count: [window_time_0,2]
04-29 09:55:38.875  3860  3882 I sysui_action: [321,162]
04-29 09:55:38.875  3860  3882 I sysui_action: [320,1]
04-29 09:55:38.875  3860  3882 I sysui_action: [319,162]
04-29 09:55:38.917  7253  7253 I am_on_resume_called: [0,com.android.bbklog.BbkLogActivity,LAUNCH_ACTIVITY]
04-29 09:55:39.068  3860  3882 I sysui_action: [322,355]
04-29 09:55:39.069  3860  3882 I am_activity_launch_time: [0,203091577,com.android.bbklog/.BbkLogActivity,258,258]
04-29 09:55:39.196  3860  3873 I am_stop_activity: [0,98611465,com.iqoo.engineermode/.verifytest.EngineerVerifyTest]
04-29 09:55:39.202 28519 28519 I am_on_stop_called: [0,com.iqoo.engineermode.verifytest.EngineerVerifyTest,handleStopActivity]
04-29 09:55:39.235   520   520 I sf_frame_dur: [com.iqoo.engineermode/com.iqoo.engineermode.verifytest.EngineerVerifyTest,4,1,1,0,0,0,0]
04-29 09:55:39.586  3860  3871 I wm_task_moved: [373,1,30]
04-29 09:55:39.587  3860  3871 I wm_task_moved: [373,1,30]
04-29 09:55:39.588  3860  3871 I am_create_activity: [0,173330053,373,com.android.bbklog/.SettingActivity,NULL,NULL,NULL,276824064]
04-29 09:55:39.589  3860  3871 I wm_task_moved: [373,1,30]
04-29 09:55:39.591  3860  3871 I am_focused_activity: [0,com.android.bbklog/.SettingActivity,startedActivity]
04-29 09:55:39.591  3860  3871 I am_pause_activity: [0,203091577,com.android.bbklog/.BbkLogActivity]
04-29 09:55:39.596  3860  3871 I sysui_action: [323,com.android.bbklog/.BbkLogActivity]
04-29 09:55:39.596  3860  3871 I sysui_action: [324,true]
04-29 09:55:39.596  3860  3871 I sysui_action: [325,430521]
04-29 09:55:39.598  7253  7253 I am_on_paused_called: [0,com.android.bbklog.BbkLogActivity,handlePauseActivity]
04-29 09:55:39.606  3860 12151 I am_restart_activity: [0,173330053,373,com.android.bbklog/.SettingActivity]
04-29 09:55:39.616  3860  3873 I sysui_count: [window_time_0,1]
04-29 09:55:39.644  7253  7253 I am_on_resume_called: [0,com.android.bbklog.SettingActivity,LAUNCH_ACTIVITY]
04-29 09:55:39.716  3860  3882 I sysui_action: [320,2]
04-29 09:55:39.717  3860  3882 I sysui_action: [319,137]
04-29 09:55:39.717  3860  3882 I sysui_action: [322,137]
04-29 09:55:39.717  3860  3882 I am_activity_launch_time: [0,173330053,com.android.bbklog/.SettingActivity,117,117]
04-29 09:55:40.035  3860  3873 I am_stop_activity: [0,203091577,com.android.bbklog/.BbkLogActivity]
04-29 09:55:40.036  7253  7253 I am_on_stop_called: [0,com.android.bbklog.BbkLogActivity,handleStopActivity]
04-29 09:55:40.058   520   520 I sf_frame_dur: [com.android.bbklog/com.android.bbklog.BbkLogActivity,1,0,0,1,1,0,0]
04-29 09:55:41.852   520   520 I sf_frame_dur: [com.android.bbklog/com.android.bbklog.SettingActivity,0,0,0,0,0,1,0]
04-29 09:55:42.606  3860  3860 I notification_canceled: [0|com.android.bbklog|1|null|1000,8,4855196,4855196,0]
04-29 09:55:42.620  3860  3871 I notification_canceled: [0|com.android.bbklog|2147483647|group_key_override|1000|ranker_bundle,16,4855135,4855135,0]
04-29 09:55:42.810  3860  3860 I notification_enqueue: [1000,7253,com.android.bbklog,1,NULL,0,Notification(pri=0 contentView=com.android.bbklog/0x3030028 vibrate=null sound=null defaults=0x0 flags=0x40 color=0x00000000 vis=PRIVATE),0]
04-29 09:55:42.833  3860 12146 I notification_autogrouped: 0|com.android.bbklog|1|null|1000
04-29 09:55:42.834  3860  3860 I notification_enqueue: [1000,7253,com.android.bbklog,2147483647,group_key_override,0,Notification(pri=0 contentView=null vibrate=null sound=null defaults=0x0 flags=0x700 color=0x00000000 groupKey=ranker_bundle vis=PRIVATE),0]
04-29 09:55:42.843  3860 12149 I notification_autogrouped: 0|com.android.bbklog|1|null|1000
04-29 09:55:43.637  3860 25777 I am_finish_activity: [0,173330053,373,com.android.bbklog/.SettingActivity,app-request]
04-29 09:55:43.640  3860 25777 I wm_task_moved: [373,1,30]
04-29 09:55:43.648  3860 25777 I am_focused_activity: [0,com.android.bbklog/.BbkLogActivity,finishActivity adjustFocus]
04-29 09:55:43.649  3860 25777 I am_pause_activity: [0,173330053,com.android.bbklog/.SettingActivity]
04-29 09:55:43.652  7253  7253 I am_on_paused_called: [0,com.android.bbklog.SettingActivity,handlePauseActivity]
04-29 09:55:43.664  3860 12153 I am_resume_activity: [0,203091577,373,com.android.bbklog/.BbkLogActivity]
04-29 09:55:43.697  7253  7253 I am_on_resume_called: [0,com.android.bbklog.BbkLogActivity,RESUME_ACTIVITY]
04-29 09:55:44.020  3860 20070 I am_finish_activity: [0,203091577,373,com.android.bbklog/.BbkLogActivity,app-request]
04-29 09:55:44.022  3860 20070 I wm_task_moved: [372,1,30]
04-29 09:55:44.033  3860 20070 I am_focused_activity: [0,com.iqoo.engineermode/.verifytest.EngineerVerifyTest,finishActivity adjustFocus]
04-29 09:55:44.059  3860 20070 I am_pause_activity: [0,203091577,com.android.bbklog/.BbkLogActivity]
04-29 09:55:44.067  7253  7253 I am_on_paused_called: [0,com.android.bbklog.BbkLogActivity,handlePauseActivity]
04-29 09:55:44.112  3860  4909 I am_resume_activity: [0,98611465,372,com.iqoo.engineermode/.verifytest.EngineerVerifyTest]
04-29 09:55:44.145 28519 28519 I am_on_resume_called: [0,com.iqoo.engineermode.verifytest.EngineerVerifyTest,RESUME_ACTIVITY]
04-29 09:55:44.571  3860  3873 I am_destroy_activity: [0,203091577,373,com.android.bbklog/.BbkLogActivity,finish-imm]
04-29 09:55:44.571  3860  3873 I am_destroy_activity: [0,173330053,373,com.android.bbklog/.SettingActivity,finish-imm]
04-29 09:55:44.572  7253  7253 I am_on_stop_called: [0,com.android.bbklog.BbkLogActivity,destroy]
04-29 09:55:44.584   520   520 I sf_frame_dur: [com.android.bbklog/com.android.bbklog.BbkLogActivity,0,0,0,0,1,0,0]
04-29 09:55:44.594  7253  7253 I am_on_stop_called: [0,com.android.bbklog.SettingActivity,destroy]
04-29 09:55:44.600   520   520 I sf_frame_dur: [com.android.bbklog/com.android.bbklog.SettingActivity,19,0,0,1,2,1,0]
04-29 09:55:44.607  3860  4909 I wm_task_removed: [373,removeAppToken: last token]
04-29 09:55:44.607  3860  4909 I wm_task_removed: [373,removeTask]
04-29 09:55:44.736  3860  5771 I am_finish_activity: [0,98611465,372,com.iqoo.engineermode/.verifytest.EngineerVerifyTest,app-request]
04-29 09:55:44.738  3860  5771 I wm_task_moved: [372,1,29]
04-29 09:55:44.752  3860  5771 I am_focused_activity: [0,com.iqoo.engineermode/.EngineerMode,finishActivity adjustFocus]
04-29 09:55:44.753  3860  5771 I am_pause_activity: [0,98611465,com.iqoo.engineermode/.verifytest.EngineerVerifyTest]
04-29 09:55:44.756 28519 28519 I am_on_paused_called: [0,com.iqoo.engineermode.verifytest.EngineerVerifyTest,handlePauseActivity]
04-29 09:55:44.775  3860  3871 I am_resume_activity: [0,70869177,372,com.iqoo.engineermode/.EngineerMode]
04-29 09:55:44.794 28519 28519 I am_on_resume_called: [0,com.iqoo.engineermode.EngineerMode,RESUME_ACTIVITY]
04-29 09:55:45.196  3860  3873 I am_destroy_activity: [0,98611465,372,com.iqoo.engineermode/.verifytest.EngineerVerifyTest,finish-imm]
04-29 09:55:45.198 28519 28519 I am_on_stop_called: [0,com.iqoo.engineermode.verifytest.EngineerVerifyTest,destroy]
04-29 09:55:45.226   520   520 I sf_frame_dur: [com.iqoo.engineermode/com.iqoo.engineermode.verifytest.EngineerVerifyTest,0,0,1,0,0,0,0]
04-29 09:55:45.313  3860  4561 I am_finish_activity: [0,70869177,372,com.iqoo.engineermode/.EngineerMode,app-request]
04-29 09:55:45.314  3860  4561 I wm_task_moved: [79,1,29]
04-29 09:55:45.320  3860  4561 I am_focused_activity: [0,com.android.dialer/.TwelveKeyDialer,finishActivity adjustFocus]
04-29 09:55:45.345  3860  4561 I am_pause_activity: [0,70869177,com.iqoo.engineermode/.EngineerMode]
04-29 09:55:45.347 28519 28519 I am_on_paused_called: [0,com.iqoo.engineermode.EngineerMode,handlePauseActivity]
04-29 09:55:45.395  3860 20071 I am_resume_activity: [0,86038840,79,com.android.dialer/.TwelveKeyDialer]
04-29 09:55:45.524  8013  8013 I am_on_resume_called: [0,com.android.dialer.TwelveKeyDialer,RESUME_ACTIVITY]
04-29 09:55:45.852  3860  5776 I am_wtf  : [0,3860,system_server,-1,ActivityManager,Sending non-protected broadcast launcher.action.CHANGE_APPLICATION_NOTIFICATION_NUM from system 4889:com.android.phone/1001 pkg com.android.phone]
04-29 09:55:45.852  3860  5776 I am_wtf  : [0,3860,system_server,-1,ActivityManager,Sending non-protected broadcast launcher.action.CHANGE_APPLICATION_NOTIFICATION_NUM from system 4889:com.android.phone/1001 pkg com.android.phone]
04-29 09:55:45.859  3860 12153 I am_wtf  : [0,3860,system_server,-1,ActivityManager,Sending non-protected broadcast android.no.read.BBKLockScreen.INCALL from system 4889:com.android.phone/1001 pkg com.android.phone]
04-29 09:55:45.859  3860 12153 I am_wtf  : [0,3860,system_server,-1,ActivityManager,Sending non-protected broadcast android.no.read.BBKLockScreen.INCALL from system 4889:com.android.phone/1001 pkg com.android.phone]
04-29 09:55:45.931  3860  3873 I am_destroy_activity: [0,70869177,372,com.iqoo.engineermode/.EngineerMode,finish-imm]
04-29 09:55:45.934 28519 28519 I am_on_stop_called: [0,com.iqoo.engineermode.EngineerMode,destroy]
04-29 09:55:45.950   520   520 I sf_frame_dur: [com.iqoo.engineermode/com.iqoo.engineermode.EngineerMode,0,1,0,0,0,1,0]
04-29 09:55:45.959  3860 17345 I wm_task_removed: [372,removeAppToken: last token]
04-29 09:55:45.959  3860 17345 I wm_task_removed: [372,removeTask]
04-29 09:55:46.184  3860  5779 I wm_task_moved: [79,0,0]
04-29 09:55:46.189  3860  5779 I am_focused_stack: [0,0,1,moveTaskToBackAndShowHome resumeHomeStackTask setFocusedActivity]
04-29 09:55:46.190  3860  5779 I wm_task_moved: [27,1,1]
04-29 09:55:46.200  3860  5779 I am_focused_activity: [0,com.bbk.launcher2/.Launcher,moveTaskToBackAndShowHome resumeHomeStackTask]
04-29 09:55:46.233  3860  5779 I am_pause_activity: [0,86038840,com.android.dialer/.TwelveKeyDialer]
04-29 09:55:46.245  8013  8013 I am_on_paused_called: [0,com.android.dialer.TwelveKeyDialer,handlePauseActivity]
04-29 09:55:46.275  3860 12147 I am_resume_activity: [0,43524736,27,com.bbk.launcher2/.Launcher]
04-29 09:55:46.302  3860  3873 I sysui_count: [window_time_0,6]
04-29 09:55:46.322 12352 12352 I am_on_resume_called: [0,com.bbk.launcher2.Launcher,RESUME_ACTIVITY]
04-29 09:55:46.669  3860  3873 I am_stop_activity: [0,86038840,com.android.dialer/.TwelveKeyDialer]
04-29 09:55:46.670  8013  8013 I am_on_stop_called: [0,com.android.dialer.TwelveKeyDialer,handleStopActivity]
04-29 09:55:53.808  3860  3872 I am_pss  : [21929,10212,com.ss.android.essay.joke,167571456,163500032,0]
04-29 09:55:53.836  3860  3872 I am_pss  : [22559,10212,com.ss.android.essay.joke:ttplayer,48537600,47292416,0]
04-29 09:55:53.855  3860  3872 I am_pss  : [5764,10010,android.process.media,26552320,25915392,0]
04-29 09:56:00.065  3860  3872 I am_pss  : [12352,10034,com.bbk.launcher2,137867264,131981312,0]
04-29 09:56:00.075  3860  3860 I notification_enqueue: [10064,9380,com.bbk.iqoo.logsystem,3,NULL,0,Notification(pri=-2 contentView=com.bbk.iqoo.logsystem/0x3030028 vibrate=null sound=null defaults=0x0 flags=0x40 color=0xff607d8b vis=PRIVATE),1]
04-29 09:56:00.083  3860  3872 I am_pss  : [6607,10030,com.bbk.appstore:remote,9256960,8699904,0]
04-29 09:56:00.092  3860 12152 I notification_autogrouped: 0|com.bbk.iqoo.logsystem|3|null|10064
04-29 09:56:00.098  3860 20072 I notification_autogrouped: 0|com.bbk.iqoo.logsystem|3|null|10064
04-29 09:56:08.011  3860 12148 I am_focused_stack: [0,1,0,bringingFoundTaskToFront setFocusedActivity]
04-29 09:56:08.011  3860 12148 I wm_task_moved: [99900002,1,28]
04-29 09:56:08.016  3860 12148 I am_focused_activity: [999,com.taobao.taobao/com.taobao.tao.homepage.MainActivity3,bringingFoundTaskToFront]
04-29 09:56:08.017  3860 12148 I am_pause_activity: [0,43524736,com.bbk.launcher2/.Launcher]
04-29 09:56:08.018  3860 12148 I am_task_to_front: [999,99900002]
04-29 09:56:08.023  3860 12148 I sysui_action: [323,com.taobao.taobao/com.taobao.tao.homepage.MainActivity3]
04-29 09:56:08.023  3860 12148 I sysui_action: [324,true]
04-29 09:56:08.023  3860 12148 I sysui_action: [325,430550]
04-29 09:56:08.028 12352 12352 I am_on_paused_called: [0,com.bbk.launcher2.Launcher,handlePauseActivity]
04-29 09:56:08.041  3860  4561 I am_resume_activity: [999,120537728,99900002,com.taobao.taobao/com.taobao.tao.homepage.MainActivity3]
04-29 09:56:08.054  3860  3873 I sysui_count: [window_time_0,22]
04-29 09:56:08.068  3860  3872 I am_pss  : [5209,10001,android.process.acore,35707904,34848768,0]
04-29 09:56:08.091  3860  3872 I am_pss  : [7253,1000,com.android.bbklog,30119936,26521600,0]
04-29 09:56:08.482 16228 16228 I am_on_resume_called: [999,com.taobao.tao.homepage.MainActivity3,RESUME_ACTIVITY]
04-29 09:56:08.609  3860  3872 I am_wtf  : [0,3860,system_server,-1,ActivityManager,Sending non-protected broadcast android.vivo.bbklog.action.startlog from system 3860:system/1000 pkg android]
04-29 09:56:08.912  3860  3882 I sysui_action: [320,2]
04-29 09:56:08.912  3860  3882 I sysui_action: [319,917]
04-29 09:56:08.912  3860  3882 I sysui_action: [322,917]
04-29 09:56:09.373  3860  3871 I am_stop_activity: [0,43524736,com.bbk.launcher2/.Launcher]
04-29 09:56:09.392 12352 12352 I am_on_stop_called: [0,com.bbk.launcher2.Launcher,handleStopActivity]
04-29 09:56:09.420   520   520 I sf_frame_dur: [com.bbk.launcher2/com.bbk.launcher2.Launcher,127,4,2,3,2,1,1]
04-29 09:56:10.457   520   520 I sf_frame_dur: [com.taobao.taobao/com.taobao.tao.homepage.MainActivity3,3,0,0,0,0,2,0]
04-29 09:56:12.852  3860  4271 I am_wtf  : [0,3860,system_server,-1,ActivityManager,Sending non-protected broadcast com.vivo.audiofx.maxxaudio.effect from system 3860:system/1000 pkg android]
04-29 09:56:13.624  3860  3872 I am_wtf  : [0,3860,system_server,-1,ActivityManager,Sending non-protected broadcast android.vivo.bbklog.action.startlog from system 3860:system/1000 pkg android]
04-29 09:56:14.016  3860  4179 I am_new_intent: [0,135652558,27,com.bbk.launcher2/.Launcher,android.intent.action.MAIN,NULL,NULL,278921216]
04-29 09:56:14.018  3860  4179 I am_focused_stack: [0,0,1,bringingFoundTaskToFront setFocusedActivity]
04-29 09:56:14.018  3860  4179 I wm_task_moved: [27,1,1]
04-29 09:56:14.025  3860  4179 I am_focused_activity: [0,com.bbk.launcher2/.Launcher,bringingFoundTaskToFront]
04-29 09:56:14.062  3860  4179 I am_pause_activity: [999,120537728,com.taobao.taobao/com.taobao.tao.homepage.MainActivity3]
04-29 09:56:14.064  3860  4179 I am_task_to_front: [0,27]
04-29 09:56:14.073  3860  4179 I sysui_action: [323,com.bbk.launcher2/.Launcher]
04-29 09:56:14.073  3860  4179 I sysui_action: [324,true]
04-29 09:56:14.073  3860  4179 I sysui_action: [325,430556]
04-29 09:56:14.101 16228 16228 I am_on_paused_called: [999,com.taobao.tao.homepage.MainActivity3,handlePauseActivity]
04-29 09:56:14.133  3860  4562 I am_resume_activity: [0,43524736,27,com.bbk.launcher2/.Launcher]
04-29 09:56:14.151  3860  3873 I sysui_count: [window_time_0,6]
04-29 09:56:14.165 12352 12352 I am_on_resume_called: [0,com.bbk.launcher2.Launcher,RESUME_ACTIVITY]
04-29 09:56:14.273  3860  3882 I sysui_action: [320,2]
04-29 09:56:14.273  3860  3882 I sysui_action: [319,294]
04-29 09:56:14.273  3860  3882 I sysui_action: [322,294]
04-29 09:56:14.501  3860  3873 I am_stop_activity: [999,120537728,com.taobao.taobao/com.taobao.tao.homepage.MainActivity3]
04-29 09:56:14.514 16228 16228 I am_on_stop_called: [999,com.taobao.tao.homepage.MainActivity3,handleStopActivity]
04-29 09:56:14.588   520   520 I sf_frame_dur: [com.taobao.taobao/com.taobao.tao.homepage.MainActivity3,127,10,4,0,4,0,1]
04-29 09:56:15.945  3860 12153 I am_create_task: [0,374]
04-29 09:56:15.945  3860 12153 I am_create_activity: [0,34598656,374,com.taobao.taobao/com.taobao.tao.welcome.Welcome,android.intent.action.MAIN,NULL,NULL,807403520]
04-29 09:56:15.946  3860 12153 I wm_task_created: [374,1]
04-29 09:56:15.946  3860 12153 I wm_task_moved: [374,1,29]
04-29 09:56:15.947  3860 12153 I am_focused_stack: [0,1,0,startedActivity setFocusedActivity]
04-29 09:56:15.947  3860 12153 I wm_task_moved: [374,1,29]
04-29 09:56:15.951  3860 12153 I am_focused_activity: [0,com.taobao.taobao/com.taobao.tao.welcome.Welcome,startedActivity]
04-29 09:56:15.952  3860 12153 I am_pause_activity: [0,43524736,com.bbk.launcher2/.Launcher]
04-29 09:56:15.957  3860 12153 I sysui_action: [323,com.taobao.taobao/com.taobao.tao.welcome.Welcome]
04-29 09:56:15.957  3860 12153 I sysui_action: [324,true]
04-29 09:56:15.957  3860 12153 I sysui_action: [325,430558]
04-29 09:56:15.964 12352 12352 I am_on_paused_called: [0,com.bbk.launcher2.Launcher,handlePauseActivity]
04-29 09:56:15.976  3860  4912 I am_restart_activity: [0,34598656,374,com.taobao.taobao/com.taobao.tao.welcome.Welcome]
04-29 09:56:15.987  3860  3873 I sysui_count: [window_time_0,2]
04-29 09:56:16.006  3860  3872 I am_pss  : [28519,1000,com.iqoo.engineermode,19329024,14888960,0]
04-29 09:56:16.092  3860  3882 I sysui_action: [321,273]
04-29 09:56:16.092  3860  3882 I sysui_action: [320,1]
04-29 09:56:16.092  3860  3882 I sysui_action: [319,273]
04-29 09:56:17.981  3860  3872 I am_pss  : [8013,10008,com.android.dialer,34953216,32911360,0]
04-29 09:56:17.996  3860  3872 I am_pss  : [28379,10018,com.vivo.numbermark,5558272,3575808,0]
04-29 09:56:18.406 17727 17727 I am_on_resume_called: [0,com.taobao.tao.welcome.Welcome,LAUNCH_ACTIVITY]
04-29 09:56:18.455  3860 29453 I am_wtf  : [0,3860,system_server,-1,ActivityManager,Sending non-protected broadcast vivo.bigdata.action.COLLECT from system 3860:system/1000 pkg android]
04-29 09:56:18.456  3860 29453 I am_wtf  : [0,3860,system_server,-1,ActivityManager,Sending non-protected broadcast vivo.bigdata.action.COLLECT from system 3860:system/1000 pkg android]
04-29 09:56:18.963  3860  3882 I sysui_action: [322,3144]
04-29 09:56:18.963  3860  3882 I am_activity_launch_time: [0,34598656,com.taobao.taobao/com.taobao.tao.welcome.Welcome,2998,2998]
04-29 09:56:19.058  3860  3872 I am_pss  : [6896,10063,com.iqoo.secure:remote,37427200,36716544,0]
04-29 09:56:19.095  3860  5776 I am_stop_activity: [0,43524736,com.bbk.launcher2/.Launcher]
04-29 09:56:19.120 12352 12352 I am_on_stop_called: [0,com.bbk.launcher2.Launcher,handleStopActivity]
04-29 09:56:19.147   520   520 I sf_frame_dur: [com.bbk.launcher2/com.bbk.launcher2.Launcher,24,0,2,1,3,0,0]
04-29 09:56:20.949  3860  3860 I notification_enqueue: [10127,17727,com.taobao.taobao,34858,NULL,0,Notification(pri=0 contentView=null vibrate=null sound=null defaults=0x0 flags=0x0 color=0x00000000 vis=PRIVATE),0]
04-29 09:56:20.975   520   520 I sf_frame_dur: [com.taobao.taobao/com.taobao.tao.welcome.Welcome,55,1,1,0,1,1,0]
04-29 09:56:20.993  3860 12150 I notification_autogrouped: 0|com.taobao.taobao|34858|null|10127
04-29 09:56:20.999  3860  3860 I notification_enqueue: [10127,17727,com.taobao.taobao,2147483647,group_key_override,0,Notification(pri=0 contentView=null vibrate=null sound=null defaults=0x0 flags=0x700 color=0x00000000 groupKey=ranker_bundle vis=PRIVATE),0]
04-29 09:56:21.054  3860 12146 I notification_autogrouped: 0|com.taobao.taobao|34858|null|10127
04-29 09:56:21.192  3860 25777 I wm_task_moved: [374,1,29]
04-29 09:56:21.194  3860 25777 I wm_task_moved: [374,1,29]
04-29 09:56:21.196  3860 25777 I am_create_activity: [0,171731450,374,com.taobao.taobao/com.taobao.tao.homepage.MainActivity3,android.intent.action.VIEW,NULL,http://m.taobao.com/...,335544320]
04-29 09:56:21.199  3860 25777 I wm_task_moved: [374,1,29]
04-29 09:56:21.202  3860 25777 I am_focused_activity: [0,com.taobao.taobao/com.taobao.tao.homepage.MainActivity3,startedActivity]
04-29 09:56:21.203  3860 25777 I am_pause_activity: [0,34598656,com.taobao.taobao/com.taobao.tao.welcome.Welcome]
04-29 09:56:21.220  3860 25777 I sysui_action: [323,com.taobao.taobao/com.taobao.tao.welcome.Welcome]
04-29 09:56:21.221  3860 25777 I sysui_action: [324,true]
04-29 09:56:21.221  3860 25777 I sysui_action: [325,430563]
04-29 09:56:21.230  3860  4707 I am_finish_activity: [0,34598656,374,com.taobao.taobao/com.taobao.tao.welcome.Welcome,app-request]
04-29 09:56:21.261 17727 17727 I am_on_paused_called: [0,com.taobao.tao.welcome.Welcome,handlePauseActivity]
04-29 09:56:21.272  3860  5774 I am_restart_activity: [0,171731450,374,com.taobao.taobao/com.taobao.tao.homepage.MainActivity3]
04-29 09:56:21.286  3860  3873 I sysui_count: [window_time_0,5]
04-29 09:56:21.303  3860  3872 I am_pss  : [5744,10071,com.oma.drm.server,5136384,4710400,0]
04-29 09:56:21.323  3860  3872 I am_pss  : [5732,10017,com.baidu.map.location,14163968,13074432,0]
04-29 09:56:21.342  3860  3872 I am_pss  : [5718,1001,com.qualcomm.qti.loadcarrier,4782080,4358144,0]
04-29 09:56:21.362  3860  3872 I am_pss  : [5703,1000,.dataservices,8509440,7950336,0]
04-29 09:56:21.389  3860  3872 I am_pss  : [5692,1000,com.vivo.abe,21865472,20934656,0]
04-29 09:56:21.417  3860  3872 I am_pss  : [4889,1001,com.android.phone,39595008,37871616,0]
04-29 09:56:21.447  3860  3872 I am_pss  : [17388,1000,com.vivo.upslide,113682432,111443968,0]
04-29 09:56:21.462  3860  3872 I am_pss  : [4860,1000,com.android.server.telecom,8091648,7618560,0]
04-29 09:56:21.511  3860  5774 I am_proc_start: [0,29503,10167,com.kugou.android:remote,service,com.kugou.android/com.baidu.location.f]
04-29 09:56:21.511  3860  3872 I am_pss  : [4724,1000,com.vivo.daemonService,24481792,23506944,0]
04-29 09:56:21.532  3860  4910 I am_proc_bound: [0,29503,com.kugou.android:remote]
04-29 09:56:21.555  3860  3872 I am_pss  : [4538,10024,com.android.systemui,146921472,137981952,0]
04-29 09:56:21.632  3860  3872 I am_pss  : [3860,1000,system,179560448,175792128,0]
04-29 09:56:22.065  3860  3860 I notification_enqueue: [10127,17727,com.taobao.taobao,34858,NULL,0,Notification(pri=0 contentView=null vibrate=null sound=null defaults=0x0 flags=0x0 color=0x00000000 vis=PRIVATE),1]
04-29 09:56:22.093  3860  4916 I notification_autogrouped: 0|com.taobao.taobao|34858|null|10127
04-29 09:56:22.096  3860 25777 I notification_autogrouped: 0|com.taobao.taobao|34858|null|10127
04-29 09:56:22.570 17727 17727 I am_on_resume_called: [0,com.taobao.tao.homepage.MainActivity3,LAUNCH_ACTIVITY]
04-29 09:56:22.802  3860  3860 I notification_enqueue: [10127,17727,com.taobao.taobao,34858,NULL,0,Notification(pri=0 contentView=null vibrate=null sound=null defaults=0x0 flags=0x0 color=0x00000000 vis=PRIVATE),1]
04-29 09:56:22.815  3860  4911 I notification_autogrouped: 0|com.taobao.taobao|34858|null|10127
04-29 09:56:22.830  3860 12146 I notification_autogrouped: 0|com.taobao.taobao|34858|null|10127
04-29 09:56:23.366  3860  3882 I sysui_action: [320,2]
04-29 09:56:23.366  3860  3882 I sysui_action: [319,2186]
04-29 09:56:23.366  3860  3882 I sysui_action: [322,2186]
04-29 09:56:23.366  3860  3882 I am_activity_launch_time: [0,171731450,com.taobao.taobao/com.taobao.tao.homepage.MainActivity3,2102,2102]
04-29 09:56:23.524  3860 25777 I am_proc_died: [0,29503,com.kugou.android:remote]
04-29 09:56:23.619  3860  3860 I notification_enqueue: [10127,17727,com.taobao.taobao,34858,NULL,0,Notification(pri=0 contentView=null vibrate=null sound=null defaults=0x0 flags=0x0 color=0x00000000 vis=PRIVATE),1]
04-29 09:56:23.638  3860 20071 I notification_autogrouped: 0|com.taobao.taobao|34858|null|10127
04-29 09:56:23.638  3860 12146 I notification_autogrouped: 0|com.taobao.taobao|34858|null|10127
04-29 09:56:24.019  3860 12146 I am_destroy_activity: [0,34598656,374,com.taobao.taobao/com.taobao.tao.welcome.Welcome,finish-imm]
04-29 09:56:24.057 17727 17727 I am_on_stop_called: [0,com.taobao.tao.welcome.Welcome,destroy]
04-29 09:56:24.242  3860  3860 I notification_enqueue: [10127,17727,com.taobao.taobao,34858,NULL,0,Notification(pri=0 contentView=null vibrate=null sound=null defaults=0x0 flags=0x0 color=0x00000000 vis=PRIVATE),1]
04-29 09:56:24.255  3860 12150 I notification_autogrouped: 0|com.taobao.taobao|34858|null|10127
04-29 09:56:24.267  3860  4911 I notification_autogrouped: 0|com.taobao.taobao|34858|null|10127
04-29 09:56:24.736  3860  3860 I notification_enqueue: [10127,17727,com.taobao.taobao,34858,NULL,0,Notification(pri=0 contentView=null vibrate=null sound=null defaults=0x0 flags=0x0 color=0x00000000 vis=PRIVATE),1]
04-29 09:56:24.752  3860  4562 I notification_autogrouped: 0|com.taobao.taobao|34858|null|10127
04-29 09:56:24.767  3860 18540 I notification_autogrouped: 0|com.taobao.taobao|34858|null|10127
04-29 09:56:24.918  3860  3860 I free_storage_changed: 10248978432
04-29 09:56:25.058  3860  4707 I am_proc_start: [0,29624,10127,com.taobao.taobao:dex2oat,service,com.taobao.taobao/com.taobao.android.runtime.Dex2OatService]
04-29 09:56:25.238  4538  4538 I sysui_count: [panel_open,1]
04-29 09:56:25.514  3860 20068 I am_proc_bound: [0,29624,com.taobao.taobao:dex2oat]
04-29 09:56:25.689  4538  4538 I sysui_histogram: [note_load,61]
04-29 09:56:25.689  3860  4562 I notification_panel_revealed: 61
04-29 09:56:25.764  3860  3860 I notification_enqueue: [10127,17727,com.taobao.taobao,34858,NULL,0,Notification(pri=0 contentView=null vibrate=null sound=null defaults=0x0 flags=0x0 color=0x00000000 vis=PRIVATE),1]
04-29 09:56:25.785  3860  4916 I notification_autogrouped: 0|com.taobao.taobao|34858|null|10127
04-29 09:56:25.786  3860  4706 I notification_autogrouped: 0|com.taobao.taobao|34858|null|10127
04-29 09:56:26.071  3860 12146 I notification_visibility: [0|android|2147483647|group_key_override|1000|ranker_bundle,1,4914990,4914990,0,1]
04-29 09:56:26.071  3860 12146 I notification_visibility: [0|android|110110|null|1000,1,4915104,4915104,0,3]
04-29 09:56:26.071  3860 12146 I notification_visibility: [0|android|10011|null|1000,1,4915087,4915087,0,2]
04-29 09:56:26.240  3860  3872 I am_pss  : [17727,10127,com.taobao.taobao,131567616,122941440,0]
04-29 09:56:26.279  3860  4252 I netstats_mobile_sample: [0,0,0,0,0,0,0,0,0,0,0,0,1493430985315]
04-29 09:56:26.281  3860  4252 I netstats_wifi_sample: [15803824175,12303804,572389562,7273597,15784678472,11684623,470416176,7262497,15778358210,11627587,470354427,7262104,1493430985315]
04-29 09:56:26.514  3860  3860 I notification_enqueue: [10127,17727,com.taobao.taobao,34858,NULL,0,Notification(pri=0 contentView=null vibrate=null sound=null defaults=0x0 flags=0x0 color=0x00000000 vis=PRIVATE),1]
04-29 09:56:26.536  3860 12151 I notification_autogrouped: 0|com.taobao.taobao|34858|null|10127
04-29 09:56:26.560  3860 12148 I notification_autogrouped: 0|com.taobao.taobao|34858|null|10127
04-29 09:56:26.816  3860 12149 I notification_visibility: [0|com.tencent.mm|4097|null|10128,1,1381344,108222,0,4]
04-29 09:56:26.816  3860 12149 I notification_visibility: [0|com.tencent.mm|4098|null|10128,1,1183237,336884,0,6]
04-29 09:56:26.816  3860 12149 I notification_visibility: [0|com.tencent.mm|4099|null|10128,1,1137219,211547,0,5]
04-29 09:56:26.816  3860 12149 I notification_visibility: [0|com.android.bbklog|1|null|1000,1,44006,44006,0,28]
04-29 09:56:26.816  3860 12149 I notification_visibility: [0|com.taobao.taobao|34858|null|10127,1,5867,302,0,26]
04-29 09:56:26.816  3860 12149 I notification_visibility: [0|com.taobao.taobao|2147483647|group_key_override|10127|ranker_bundle,1,5817,5817,0,25]
04-29 09:56:26.816  3860 12149 I notification_visibility: [0|com.tencent.mm|4100|null|10128,1,1116575,1116575,0,8]
04-29 09:56:26.816  3860 12149 I notification_visibility: [0|com.android.bbklog|2147483647|group_key_override|1000|ranker_bundle,1,43982,43982,0,27]
04-29 09:56:26.816  3860 12149 I notification_visibility: [0|com.tencent.mm|4101|null|10128,1,901708,886736,0,7]
04-29 09:56:26.816  3860 12149 I notification_visibility: [0|com.tencent.mm|2147483647|group_key_override|10128|ranker_bundle,1,1381323,1381323,0,29]
04-29 09:56:27.371  3860 29709 I am_wtf  : [0,3860,system_server,-1,ActivityManager,Sending non-protected broadcast vivo.bigdata.action.COLLECT from system 3860:system/1000 pkg android]
04-29 09:56:27.372  3860 29709 I am_wtf  : [0,3860,system_server,-1,ActivityManager,Sending non-protected broadcast vivo.bigdata.action.COLLECT from system 3860:system/1000 pkg android]
04-29 09:56:27.394  3860  3860 I notification_enqueue: [10127,17727,com.taobao.taobao,34858,NULL,0,Notification(pri=0 contentView=null vibrate=null sound=null defaults=0x0 flags=0x0 color=0x00000000 vis=PRIVATE),1]
04-29 09:56:27.495  3860 20066 I notification_autogrouped: 0|com.taobao.taobao|34858|null|10127
04-29 09:56:27.523  3860  5776 I notification_autogrouped: 0|com.taobao.taobao|34858|null|10127
04-29 09:56:28.449  3860  3860 I notification_enqueue: [10127,17727,com.taobao.taobao,34858,NULL,0,Notification(pri=0 contentView=null vibrate=null sound=null defaults=0x0 flags=0x0 color=0x00000000 vis=PRIVATE),1]
04-29 09:56:28.467  3860  4909 I notification_autogrouped: 0|com.taobao.taobao|34858|null|10127
04-29 09:56:28.493  3860 12146 I notification_autogrouped: 0|com.taobao.taobao|34858|null|10127
04-29 09:56:29.212  3860  3860 I notification_enqueue: [10127,17727,com.taobao.taobao,34858,NULL,0,Notification(pri=0 contentView=null vibrate=null sound=null defaults=0x0 flags=0x0 color=0x00000000 vis=PRIVATE),1]
04-29 09:56:29.232  3860  5776 I notification_autogrouped: 0|com.taobao.taobao|34858|null|10127
04-29 09:56:29.255  3860 12152 I notification_autogrouped: 0|com.taobao.taobao|34858|null|10127
04-29 09:56:29.831  3860  3860 I notification_enqueue: [10127,17727,com.taobao.taobao,34858,NULL,0,Notification(pri=0 contentView=null vibrate=null sound=null defaults=0x0 flags=0x0 color=0x00000000 vis=PRIVATE),1]
04-29 09:56:29.884  3860 17345 I notification_autogrouped: 0|com.taobao.taobao|34858|null|10127
04-29 09:56:29.906  3860 18540 I notification_autogrouped: 0|com.taobao.taobao|34858|null|10127
04-29 09:56:31.006  3860  3860 I notification_enqueue: [10127,17727,com.taobao.taobao,34858,NULL,0,Notification(pri=0 contentView=null vibrate=null sound=null defaults=0x0 flags=0x0 color=0x00000000 vis=PRIVATE),1]
04-29 09:56:31.061  3860 18540 I notification_autogrouped: 0|com.taobao.taobao|34858|null|10127
04-29 09:56:31.409  3860  5776 I notification_autogrouped: 0|com.taobao.taobao|34858|null|10127
04-29 09:56:31.419  3860  3860 I notification_enqueue: [10127,17727,com.taobao.taobao,34858,NULL,0,Notification(pri=0 contentView=null vibrate=null sound=null defaults=0x0 flags=0x0 color=0x00000000 vis=PRIVATE),1]
04-29 09:56:31.519  3860 20070 I notification_autogrouped: 0|com.taobao.taobao|34858|null|10127
04-29 09:56:31.527  3860  5774 I notification_autogrouped: 0|com.taobao.taobao|34858|null|10127
04-29 09:56:31.696  3860  3860 I notification_enqueue: [10127,17727,com.taobao.taobao,34858,NULL,0,Notification(pri=0 contentView=null vibrate=null sound=null defaults=0x0 flags=0x0 color=0x00000000 vis=PRIVATE),1]
04-29 09:56:31.714  3860  4707 I notification_autogrouped: 0|com.taobao.taobao|34858|null|10127
04-29 09:56:31.723  3860 12153 I notification_autogrouped: 0|com.taobao.taobao|34858|null|10127
04-29 09:56:31.935  3860 20072 I notification_visibility: [0|com.tencent.mm|4097|null|10128,0,1386463,113341,0,4]
04-29 09:56:31.935  3860 20072 I notification_visibility: [0|com.tencent.mm|4098|null|10128,0,1188356,342003,0,6]
04-29 09:56:31.935  3860 20072 I notification_visibility: [0|com.tencent.mm|4099|null|10128,0,1142338,216666,0,5]
04-29 09:56:31.935  3860 20072 I notification_visibility: [0|com.android.bbklog|1|null|1000,0,49125,49125,0,28]
04-29 09:56:31.935  3860 20072 I notification_visibility: [0|com.tencent.mm|4100|null|10128,0,1121694,1121694,0,8]
04-29 09:56:31.935  3860 20072 I notification_visibility: [0|com.android.bbklog|2147483647|group_key_override|1000|ranker_bundle,0,49101,49101,0,27]
04-29 09:56:31.935  3860 20072 I notification_visibility: [0|com.tencent.mm|4101|null|10128,0,906827,891855,0,7]
04-29 09:56:31.935  3860 20072 I notification_visibility: [0|com.tencent.mm|2147483647|group_key_override|10128|ranker_bundle,0,1386442,1386442,0,29]
04-29 09:56:32.283  3860  3860 I notification_enqueue: [10127,17727,com.taobao.taobao,34858,NULL,0,Notification(pri=0 contentView=null vibrate=null sound=null defaults=0x0 flags=0x0 color=0x00000000 vis=PRIVATE),1]
04-29 09:56:32.309  3860 17345 I notification_autogrouped: 0|com.taobao.taobao|34858|null|10127
04-29 09:56:32.319  3860 12148 I notification_autogrouped: 0|com.taobao.taobao|34858|null|10127
04-29 09:56:32.321  3860 12149 I am_proc_died: [0,26899,com.tencent.mobileqq:tool]
04-29 09:56:32.330  3860 12149 I am_schedule_service_restart: [0,com.tencent.mobileqq/cooperation.qqindividuality.ipc.QQIndividualityPluginProxyService,1000]
04-29 09:56:32.489  3860 20066 I notification_visibility: [0|com.taobao.taobao|34858|null|10127,0,11540,230,0,26]
04-29 09:56:32.489  3860 20066 I notification_visibility: [0|com.taobao.taobao|2147483647|group_key_override|10127|ranker_bundle,0,11490,11490,0,25]
04-29 09:56:32.489  3860 20066 I notification_visibility: [0|android|2147483647|group_key_override|1000|ranker_bundle,0,4921408,4921408,0,1]
04-29 09:56:32.489  3860 20066 I notification_visibility: [0|android|110110|null|1000,0,4921522,4921522,0,3]
04-29 09:56:32.489  3860 20066 I notification_visibility: [0|android|10011|null|1000,0,4921505,4921505,0,2]
04-29 09:56:32.498  3860  4707 I notification_panel_hidden: []
04-29 09:56:32.936  4538  4538 I sysui_count: [panel_open,1]
04-29 09:56:32.974  4538  4538 I sysui_histogram: [note_load,61]
04-29 09:56:32.974  3860  4916 I notification_panel_revealed: 61
04-29 09:56:33.158  3860  3873 I am_proc_start: [0,29760,10129,com.tencent.mobileqq:tool,broadcast,com.tencent.mobileqq/.webprocess.WebProcessReceiver]
04-29 09:56:33.229  3860  3860 I notification_enqueue: [10127,17727,com.taobao.taobao,34858,NULL,0,Notification(pri=0 contentView=null vibrate=null sound=null defaults=0x0 flags=0x0 color=0x00000000 vis=PRIVATE),1]
04-29 09:56:33.249  3860 12152 I notification_autogrouped: 0|com.taobao.taobao|34858|null|10127
04-29 09:56:33.262  3860  5774 I notification_autogrouped: 0|com.taobao.taobao|34858|null|10127
04-29 09:56:33.491  3860 20071 I am_proc_bound: [0,29760,com.tencent.mobileqq:tool]
04-29 09:56:33.616  3860  3860 I notification_enqueue: [10127,17727,com.taobao.taobao,34858,NULL,0,Notification(pri=0 contentView=null vibrate=null sound=null defaults=0x0 flags=0x0 color=0x00000000 vis=PRIVATE),1]
04-29 09:56:33.650  3860 20068 I notification_autogrouped: 0|com.taobao.taobao|34858|null|10127
04-29 09:56:33.666  3860 12153 I notification_autogrouped: 0|com.taobao.taobao|34858|null|10127
04-29 09:56:34.081  3860  3860 I notification_enqueue: [10127,17727,com.taobao.taobao,34858,NULL,0,Notification(pri=0 contentView=null vibrate=null sound=null defaults=0x0 flags=0x0 color=0x00000000 vis=PRIVATE),1]
04-29 09:56:34.102  3860 18540 I notification_autogrouped: 0|com.taobao.taobao|34858|null|10127
04-29 09:56:34.116  3860  4910 I notification_autogrouped: 0|com.taobao.taobao|34858|null|10127
04-29 09:56:34.339  3860 29791 I am_wtf  : [0,3860,system_server,-1,ActivityManager,Sending non-protected broadcast vivo.bigdata.action.COLLECT from system 3860:system/1000 pkg android]
04-29 09:56:34.339  3860 29791 I am_wtf  : [0,3860,system_server,-1,ActivityManager,Sending non-protected broadcast vivo.bigdata.action.COLLECT from system 3860:system/1000 pkg android]
04-29 09:56:35.038  3860  3860 I notification_enqueue: [10127,17727,com.taobao.taobao,34858,NULL,0,Notification(pri=0 contentView=null vibrate=null sound=null defaults=0x0 flags=0x0 color=0x00000000 vis=PRIVATE),1]
04-29 09:56:35.064  3860 20068 I notification_autogrouped: 0|com.taobao.taobao|34858|null|10127
04-29 09:56:35.103  3860  4911 I notification_autogrouped: 0|com.taobao.taobao|34858|null|10127
04-29 09:56:35.230  3860  4910 I notification_visibility: [0|com.tencent.mm|4097|null|10128,1,1389758,116636,0,9]
04-29 09:56:35.230  3860  4910 I notification_visibility: [0|com.tencent.mm|4098|null|10128,1,1191651,345298,0,11]
04-29 09:56:35.230  3860  4910 I notification_visibility: [0|com.tencent.mm|4099|null|10128,1,1145633,219961,0,10]
04-29 09:56:35.230  3860  4910 I notification_visibility: [0|com.android.bbklog|1|null|1000,1,52420,52420,0,7]
04-29 09:56:35.230  3860  4910 I notification_visibility: [0|com.taobao.taobao|34858|null|10127,1,14281,264,0,5]
04-29 09:56:35.230  3860  4910 I notification_visibility: [0|com.vivo.PCTools|2147483647|group_key_override|10134|ranker_bundle,1,4904937,4904937,0,14]
04-29 09:56:35.230  3860  4910 I notification_visibility: [0|com.taobao.taobao|2147483647|group_key_override|10127|ranker_bundle,1,14231,14231,0,4]
04-29 09:56:35.230  3860  4910 I notification_visibility: [0|android|2147483647|group_key_override|1000|ranker_bundle,1,4924149,4924149,0,1]
04-29 09:56:35.230  3860  4910 I notification_visibility: [0|com.tencent.mm|4100|null|10128,1,1124989,1124989,0,13]
04-29 09:56:35.230  3860  4910 I notification_visibility: [0|com.android.bbklog|2147483647|group_key_override|1000|ranker_bundle,1,52396,52396,0,6]
04-29 09:56:35.231  3860  4910 I notification_visibility: [0|com.tencent.mm|4101|null|10128,1,910122,895150,0,12]
