05-22 08:49:22.877   510   510 I sf_frame_dur: [com.bbk.appstore/com.bbk.appstore.ui.AppStore,121,1,0,0,0,0,0]
05-22 08:49:52.697  3753 16929 I wm_task_moved: [196,1,16]
05-22 08:49:52.698  3753 16929 I wm_task_moved: [196,1,16]
05-22 08:49:52.699  3753 16929 I am_create_activity: [0,17869748,196,com.bbk.appstore/.ui.AppStoreTabActivity,NULL,NULL,NULL,335544320]
05-22 08:49:52.700  3753 16929 I wm_task_moved: [196,1,16]
05-22 08:49:52.701  3753 16929 I am_focused_activity: [0,com.bbk.appstore/.ui.AppStoreTabActivity,startedActivity]
05-22 08:49:52.702  3753 16929 I am_pause_activity: [0,220075145,com.bbk.appstore/.ui.NewInstallAppActivity]
05-22 08:49:52.704  3753 16929 I sysui_action: [323,com.bbk.appstore/.ui.NewInstallAppActivity]
05-22 08:49:52.704  3753 16929 I sysui_action: [324,true]
05-22 08:49:52.704  3753 16929 I sysui_action: [325,33439]
05-22 08:49:52.705  3753  3772 I am_finish_activity: [0,220075145,196,com.bbk.appstore/.ui.NewInstallAppActivity,app-request]
05-22 08:49:52.713  5934  5934 I am_on_paused_called: [0,com.bbk.appstore.ui.NewInstallAppActivity,handlePauseActivity]
05-22 08:49:52.720  3753 16658 I am_restart_activity: [0,17869748,196,com.bbk.appstore/.ui.AppStoreTabActivity]
05-22 08:49:52.723  3753  3779 I sysui_count: [window_time_0,30]
05-22 08:49:52.724  3753  3778 I am_pss  : [5934,10030,com.bbk.appstore,53736448,48324608,0]
05-22 08:49:52.753  3753  3778 I am_pss  : [7661,10034,com.bbk.launcher2,99701760,94208000,0]
05-22 08:49:52.797  5934  5934 I am_on_resume_called: [0,com.bbk.appstore.ui.AppStoreTabActivity,LAUNCH_ACTIVITY]
05-22 08:49:52.812  3753  3778 I am_pss  : [30803,10133,com.tencent.mm,120955904,112328704,0]
05-22 08:49:52.835  3753  3778 I am_pss  : [20065,10133,com.tencent.mm:push,14697472,12849152,0]
05-22 08:49:52.855  3753  3778 I am_pss  : [27603,10030,com.bbk.appstore:remote,13441024,12709888,0]
05-22 08:49:52.879  3753  3778 I am_pss  : [6139,10063,com.iqoo.secure:remote,32090112,28106752,0]
05-22 08:49:52.897  3753  3778 I am_pss  : [29405,10133,com.tencent.mm:tools,30568448,21508096,0]
05-22 08:49:52.918  3753  3778 I am_pss  : [29022,10088,com.bbk.updater,11067392,8556544,0]
05-22 08:49:52.932  3753  3814 I sysui_action: [320,2]
05-22 08:49:52.932  3753  3814 I sysui_action: [319,239]
05-22 08:49:52.932  3753  3814 I sysui_action: [322,239]
05-22 08:49:52.932  3753  3814 I am_activity_launch_time: [0,17869748,com.bbk.appstore/.ui.AppStoreTabActivity,216,216]
05-22 08:49:52.943  3753  3778 I am_pss  : [29310,10063,com.iqoo.secure,15681536,11026432,0]
05-22 08:49:52.957  3753  3778 I am_pss  : [29198,10010,com.android.documentsui,6289408,4812800,0]
05-22 08:49:52.976  3753  3778 I am_pss  : [29145,10129,com.tencent.mobileqq:tool,21112832,15425536,0]
05-22 08:49:52.990  3753  3778 I am_pss  : [28953,1001,com.android.vendors.bridge.softsim,3611648,2465792,0]
05-22 08:49:52.994  3753  3753 I notification_enqueue: [10030,5934,com.bbk.appstore,731,1:73,0,Notification(pri=0 contentView=null vibrate=null sound=null defaults=0x0 flags=0x2 color=0x00000000 vis=PRIVATE),0]
05-22 08:49:53.004  3753  5148 I notification_autogrouped: 0|com.bbk.appstore|731|1:73|10030
05-22 08:49:53.005  3753  3778 I am_pss  : [28933,1000,com.android.keychain,4331520,2949120,0]
05-22 08:49:53.006  3753  3753 I notification_enqueue: [10030,5934,com.bbk.appstore,2147483647,group_key_override,0,Notification(pri=0 contentView=null vibrate=null sound=null defaults=0x0 flags=0x700 color=0x00000000 groupKey=ranker_bundle vis=PRIVATE),0]
05-22 08:49:53.015  3753  4664 I notification_autogrouped: 0|com.bbk.appstore|731|1:73|10030
05-22 08:49:53.022  3753  3753 I notification_enqueue: [10030,5934,com.bbk.appstore,731,1:73,0,Notification(pri=0 contentView=null vibrate=null sound=null defaults=0x0 flags=0x2 color=0x00000000 vis=PRIVATE),1]
05-22 08:49:53.025  3753  3778 I am_pss  : [29036,10115,com.vivo.space,17302528,13340672,0]
05-22 08:49:53.027  3753  5181 I notification_autogrouped: 0|com.bbk.appstore|731|1:73|10030
05-22 08:49:53.035  3753  4695 I notification_autogrouped: 0|com.bbk.appstore|731|1:73|10030
05-22 08:49:53.039  3753  3778 I am_pss  : [28917,10008,com.android.defcontainer,3798016,2560000,0]
05-22 08:49:53.236  3753  3779 I am_destroy_activity: [0,220075145,196,com.bbk.appstore/.ui.NewInstallAppActivity,finish-imm]
05-22 08:49:53.861  5934  5934 I am_on_stop_called: [0,com.bbk.appstore.ui.NewInstallAppActivity,destroy]
05-22 08:49:53.866   510   510 I sf_frame_dur: [com.bbk.appstore/com.bbk.appstore.ui.NewInstallAppActivity,24,2,1,2,0,0,2]
05-22 08:49:53.919  3753  3753 I notification_enqueue: [10030,5934,com.bbk.appstore,731,1:73,0,Notification(pri=0 contentView=null vibrate=null sound=null defaults=0x0 flags=0x2 color=0x00000000 vis=PRIVATE),1]
05-22 08:49:53.931  3753  4734 I notification_autogrouped: 0|com.bbk.appstore|731|1:73|10030
05-22 08:49:53.934  3753  4313 I notification_autogrouped: 0|com.bbk.appstore|731|1:73|10030
05-22 08:49:54.042  3753  3753 I notification_enqueue: [10030,5934,com.bbk.appstore,731,1:73,0,Notification(pri=0 contentView=null vibrate=null sound=null defaults=0x0 flags=0x2 color=0x00000000 vis=PRIVATE),1]
05-22 08:49:54.056  3753 16933 I notification_autogrouped: 0|com.bbk.appstore|731|1:73|10030
05-22 08:49:54.061  3753 16930 I notification_autogrouped: 0|com.bbk.appstore|731|1:73|10030
05-22 08:49:54.120  3753  3753 I notification_enqueue: [10030,5934,com.bbk.appstore,731,1:73,0,Notification(pri=0 contentView=null vibrate=null sound=null defaults=0x0 flags=0x2 color=0x00000000 vis=PRIVATE),1]
05-22 08:49:54.133  3753 22076 I notification_autogrouped: 0|com.bbk.appstore|731|1:73|10030
05-22 08:49:54.139  3753  4695 I notification_autogrouped: 0|com.bbk.appstore|731|1:73|10030
05-22 08:49:54.152  3753  3753 I notification_enqueue: [10030,5934,com.bbk.appstore,731,1:73,0,Notification(pri=0 contentView=null vibrate=null sound=null defaults=0x0 flags=0x2 color=0x00000000 vis=PRIVATE),1]
05-22 08:49:54.162  3753  9321 I notification_autogrouped: 0|com.bbk.appstore|731|1:73|10030
05-22 08:49:54.166  3753  9317 I notification_autogrouped: 0|com.bbk.appstore|731|1:73|10030
05-22 08:49:54.208  3753  3753 I notification_enqueue: [10030,5934,com.bbk.appstore,731,1:73,0,Notification(pri=0 contentView=null vibrate=null sound=null defaults=0x0 flags=0x2 color=0x00000000 vis=PRIVATE),1]
05-22 08:49:54.222  3753  5145 I notification_autogrouped: 0|com.bbk.appstore|731|1:73|10030
05-22 08:49:54.250  3753  4734 I notification_autogrouped: 0|com.bbk.appstore|731|1:73|10030
05-22 08:49:54.343  3753  3753 I notification_enqueue: [10030,5934,com.bbk.appstore,731,1:73,0,Notification(pri=0 contentView=null vibrate=null sound=null defaults=0x0 flags=0x2 color=0x00000000 vis=PRIVATE),1]
05-22 08:49:54.357  3753 16922 I notification_autogrouped: 0|com.bbk.appstore|731|1:73|10030
05-22 08:49:54.377  3753  5148 I notification_autogrouped: 0|com.bbk.appstore|731|1:73|10030
05-22 08:49:54.491  3753  3753 I notification_enqueue: [10030,5934,com.bbk.appstore,731,1:73,0,Notification(pri=0 contentView=null vibrate=null sound=null defaults=0x0 flags=0x2 color=0x00000000 vis=PRIVATE),1]
05-22 08:49:54.498  3753 16932 I notification_autogrouped: 0|com.bbk.appstore|731|1:73|10030
05-22 08:49:54.499  3753  5145 I notification_autogrouped: 0|com.bbk.appstore|731|1:73|10030
05-22 08:49:54.543  3753  3753 I notification_enqueue: [10030,5934,com.bbk.appstore,731,1:73,0,Notification(pri=0 contentView=null vibrate=null sound=null defaults=0x0 flags=0x2 color=0x00000000 vis=PRIVATE),1]
05-22 08:49:54.558  3753  4313 I notification_autogrouped: 0|com.bbk.appstore|731|1:73|10030
05-22 08:49:54.574  3753 31844 I notification_autogrouped: 0|com.bbk.appstore|731|1:73|10030
05-22 08:49:54.579  3753  3753 I notification_enqueue: [10030,5934,com.bbk.appstore,731,1:73,0,Notification(pri=0 contentView=null vibrate=null sound=null defaults=0x0 flags=0x2 color=0x00000000 vis=PRIVATE),1]
05-22 08:49:54.589  3753 16930 I notification_autogrouped: 0|com.bbk.appstore|731|1:73|10030
05-22 08:49:54.598  3753 16662 I notification_autogrouped: 0|com.bbk.appstore|731|1:73|10030
05-22 08:49:54.631  3753  3753 I notification_enqueue: [10030,5934,com.bbk.appstore,731,1:73,0,Notification(pri=0 contentView=null vibrate=null sound=null defaults=0x0 flags=0x2 color=0x00000000 vis=PRIVATE),1]
05-22 08:49:54.640  3753  4637 I notification_autogrouped: 0|com.bbk.appstore|731|1:73|10030
05-22 08:49:54.645  3753  5189 I notification_autogrouped: 0|com.bbk.appstore|731|1:73|10030
05-22 08:49:54.699  3753  3753 I notification_enqueue: [10030,5934,com.bbk.appstore,731,1:73,0,Notification(pri=0 contentView=null vibrate=null sound=null defaults=0x0 flags=0x2 color=0x00000000 vis=PRIVATE),1]
05-22 08:49:54.709  3753 16928 I notification_autogrouped: 0|com.bbk.appstore|731|1:73|10030
05-22 08:49:54.714  3753  5189 I notification_autogrouped: 0|com.bbk.appstore|731|1:73|10030
05-22 08:49:54.781  3753  3753 I notification_enqueue: [10030,5934,com.bbk.appstore,731,1:73,0,Notification(pri=0 contentView=null vibrate=null sound=null defaults=0x0 flags=0x2 color=0x00000000 vis=PRIVATE),1]
05-22 08:49:54.799  3753 16932 I notification_autogrouped: 0|com.bbk.appstore|731|1:73|10030
05-22 08:49:54.801  3753 16662 I notification_autogrouped: 0|com.bbk.appstore|731|1:73|10030
05-22 08:49:54.898  3753  3753 I notification_enqueue: [10030,5934,com.bbk.appstore,731,1:73,0,Notification(pri=0 contentView=null vibrate=null sound=null defaults=0x0 flags=0x2 color=0x00000000 vis=PRIVATE),1]
05-22 08:49:54.925  3753 16934 I notification_autogrouped: 0|com.bbk.appstore|731|1:73|10030
05-22 08:49:54.927  3753  4734 I notification_autogrouped: 0|com.bbk.appstore|731|1:73|10030
05-22 08:49:54.950  3753  3753 I notification_enqueue: [10030,5934,com.bbk.appstore,731,1:73,0,Notification(pri=0 contentView=null vibrate=null sound=null defaults=0x0 flags=0x2 color=0x00000000 vis=PRIVATE),1]
05-22 08:49:54.964  3753 14131 I notification_autogrouped: 0|com.bbk.appstore|731|1:73|10030
05-22 08:49:54.964  3753  4637 I notification_autogrouped: 0|com.bbk.appstore|731|1:73|10030
05-22 08:49:54.992  3753  3753 I notification_enqueue: [10030,5934,com.bbk.appstore,731,1:73,0,Notification(pri=0 contentView=null vibrate=null sound=null defaults=0x0 flags=0x2 color=0x00000000 vis=PRIVATE),1]
05-22 08:49:54.998  3753 16929 I notification_autogrouped: 0|com.bbk.appstore|731|1:73|10030
05-22 08:49:54.999  3753  5189 I notification_autogrouped: 0|com.bbk.appstore|731|1:73|10030
05-22 08:49:55.045  3753  3753 I notification_enqueue: [10030,5934,com.bbk.appstore,731,1:73,0,Notification(pri=0 contentView=null vibrate=null sound=null defaults=0x0 flags=0x2 color=0x00000000 vis=PRIVATE),1]
05-22 08:49:55.065  3753  5190 I notification_autogrouped: 0|com.bbk.appstore|731|1:73|10030
05-22 08:49:55.076  3753  5148 I notification_autogrouped: 0|com.bbk.appstore|731|1:73|10030
05-22 08:49:55.111  3753  3753 I notification_enqueue: [10030,5934,com.bbk.appstore,731,1:73,0,Notification(pri=0 contentView=null vibrate=null sound=null defaults=0x0 flags=0x2 color=0x00000000 vis=PRIVATE),1]
05-22 08:49:55.122  3753  4734 I notification_autogrouped: 0|com.bbk.appstore|731|1:73|10030
05-22 08:49:55.124  3753  9317 I notification_autogrouped: 0|com.bbk.appstore|731|1:73|10030
05-22 08:49:55.160  3753  3753 I notification_enqueue: [10030,5934,com.bbk.appstore,731,1:73,0,Notification(pri=0 contentView=null vibrate=null sound=null defaults=0x0 flags=0x2 color=0x00000000 vis=PRIVATE),1]
05-22 08:49:55.168  3753  3773 I notification_autogrouped: 0|com.bbk.appstore|731|1:73|10030
05-22 08:49:55.182  3753  5189 I notification_autogrouped: 0|com.bbk.appstore|731|1:73|10030
05-22 08:49:55.209  3753  3753 I notification_enqueue: [10030,5934,com.bbk.appstore,731,1:73,0,Notification(pri=0 contentView=null vibrate=null sound=null defaults=0x0 flags=0x2 color=0x00000000 vis=PRIVATE),1]
05-22 08:49:55.220  3753  4313 I notification_autogrouped: 0|com.bbk.appstore|731|1:73|10030
05-22 08:49:55.224  3753  4313 I notification_autogrouped: 0|com.bbk.appstore|731|1:73|10030
05-22 08:49:55.253  3753  3753 I notification_enqueue: [10030,5934,com.bbk.appstore,731,1:73,0,Notification(pri=0 contentView=null vibrate=null sound=null defaults=0x0 flags=0x2 color=0x00000000 vis=PRIVATE),1]
05-22 08:49:55.266  3753  4637 I notification_autogrouped: 0|com.bbk.appstore|731|1:73|10030
05-22 08:49:55.271  3753  5189 I notification_autogrouped: 0|com.bbk.appstore|731|1:73|10030
05-22 08:49:55.411  3753  3753 I notification_enqueue: [10030,5934,com.bbk.appstore,731,1:73,0,Notification(pri=0 contentView=null vibrate=null sound=null defaults=0x0 flags=0x2 color=0x00000000 vis=PRIVATE),1]
05-22 08:49:55.421  3753 16928 I notification_autogrouped: 0|com.bbk.appstore|731|1:73|10030
05-22 08:49:55.431  3753  9316 I notification_autogrouped: 0|com.bbk.appstore|731|1:73|10030
05-22 08:49:55.448  3753  3753 I notification_enqueue: [10030,5934,com.bbk.appstore,731,1:73,0,Notification(pri=0 contentView=null vibrate=null sound=null defaults=0x0 flags=0x2 color=0x00000000 vis=PRIVATE),1]
05-22 08:49:55.459  3753  5145 I notification_autogrouped: 0|com.bbk.appstore|731|1:73|10030
05-22 08:49:55.467  3753 16933 I notification_autogrouped: 0|com.bbk.appstore|731|1:73|10030
05-22 08:49:55.500  3753  3753 I notification_enqueue: [10030,5934,com.bbk.appstore,731,1:73,0,Notification(pri=0 contentView=null vibrate=null sound=null defaults=0x0 flags=0x2 color=0x00000000 vis=PRIVATE),1]
05-22 08:49:55.511  3753 31844 I notification_autogrouped: 0|com.bbk.appstore|731|1:73|10030
05-22 08:49:55.512  3753 16925 I notification_autogrouped: 0|com.bbk.appstore|731|1:73|10030
05-22 08:49:55.543  3753  3753 I notification_enqueue: [10030,5934,com.bbk.appstore,731,1:73,0,Notification(pri=0 contentView=null vibrate=null sound=null defaults=0x0 flags=0x2 color=0x00000000 vis=PRIVATE),1]
05-22 08:49:55.552  3753  4734 I notification_autogrouped: 0|com.bbk.appstore|731|1:73|10030
05-22 08:49:55.560  3753  9321 I notification_autogrouped: 0|com.bbk.appstore|731|1:73|10030
05-22 08:49:55.583  3753  3753 I notification_enqueue: [10030,5934,com.bbk.appstore,731,1:73,0,Notification(pri=0 contentView=null vibrate=null sound=null defaults=0x0 flags=0x2 color=0x00000000 vis=PRIVATE),1]
05-22 08:49:55.592  3753  4734 I notification_autogrouped: 0|com.bbk.appstore|731|1:73|10030
05-22 08:49:55.595  3753 31844 I notification_autogrouped: 0|com.bbk.appstore|731|1:73|10030
05-22 08:49:55.624  3753  3753 I notification_enqueue: [10030,5934,com.bbk.appstore,731,1:73,0,Notification(pri=0 contentView=null vibrate=null sound=null defaults=0x0 flags=0x2 color=0x00000000 vis=PRIVATE),1]
05-22 08:49:55.631  3753  9321 I notification_autogrouped: 0|com.bbk.appstore|731|1:73|10030
05-22 08:49:55.639  3753  5148 I notification_autogrouped: 0|com.bbk.appstore|731|1:73|10030
05-22 08:49:55.669  3753  3753 I notification_enqueue: [10030,5934,com.bbk.appstore,731,1:73,0,Notification(pri=0 contentView=null vibrate=null sound=null defaults=0x0 flags=0x2 color=0x00000000 vis=PRIVATE),1]
05-22 08:49:55.675  3753 10556 I notification_autogrouped: 0|com.bbk.appstore|731|1:73|10030
05-22 08:49:55.680  3753  4313 I notification_autogrouped: 0|com.bbk.appstore|731|1:73|10030
05-22 08:49:55.742  3753  3753 I notification_enqueue: [10030,5934,com.bbk.appstore,731,1:73,0,Notification(pri=0 contentView=null vibrate=null sound=null defaults=0x0 flags=0x2 color=0x00000000 vis=PRIVATE),1]
05-22 08:49:55.749  3753  4637 I notification_autogrouped: 0|com.bbk.appstore|731|1:73|10030
05-22 08:49:55.752  3753  5189 I notification_autogrouped: 0|com.bbk.appstore|731|1:73|10030
05-22 08:49:55.799  3753  3753 I notification_enqueue: [10030,5934,com.bbk.appstore,731,1:73,0,Notification(pri=0 contentView=null vibrate=null sound=null defaults=0x0 flags=0x2 color=0x00000000 vis=PRIVATE),1]
05-22 08:49:55.811  3753 10556 I notification_autogrouped: 0|com.bbk.appstore|731|1:73|10030
05-22 08:49:55.811  3753 16934 I notification_autogrouped: 0|com.bbk.appstore|731|1:73|10030
05-22 08:49:55.846  3753  3753 I notification_enqueue: [10030,5934,com.bbk.appstore,731,1:73,0,Notification(pri=0 contentView=null vibrate=null sound=null defaults=0x0 flags=0x2 color=0x00000000 vis=PRIVATE),1]
05-22 08:49:55.853  3753  9321 I notification_autogrouped: 0|com.bbk.appstore|731|1:73|10030
05-22 08:49:55.856  3753 16930 I notification_autogrouped: 0|com.bbk.appstore|731|1:73|10030
05-22 08:49:55.891  3753  3753 I notification_enqueue: [10030,5934,com.bbk.appstore,731,1:73,0,Notification(pri=0 contentView=null vibrate=null sound=null defaults=0x0 flags=0x2 color=0x00000000 vis=PRIVATE),1]
05-22 08:49:55.901  3753  5189 I notification_autogrouped: 0|com.bbk.appstore|731|1:73|10030
05-22 08:49:55.902  3753  5183 I notification_autogrouped: 0|com.bbk.appstore|731|1:73|10030
05-22 08:49:55.951  3753  3753 I notification_enqueue: [10030,5934,com.bbk.appstore,731,1:73,0,Notification(pri=0 contentView=null vibrate=null sound=null defaults=0x0 flags=0x2 color=0x00000000 vis=PRIVATE),1]
05-22 08:49:55.959  3753 16662 I notification_autogrouped: 0|com.bbk.appstore|731|1:73|10030
05-22 08:49:55.960  3753  4734 I notification_autogrouped: 0|com.bbk.appstore|731|1:73|10030
05-22 08:49:56.005  3753  3753 I notification_enqueue: [10030,5934,com.bbk.appstore,731,1:73,0,Notification(pri=0 contentView=null vibrate=null sound=null defaults=0x0 flags=0x2 color=0x00000000 vis=PRIVATE),1]
05-22 08:49:56.013  3753  4313 I notification_autogrouped: 0|com.bbk.appstore|731|1:73|10030
05-22 08:49:56.013  3753  4695 I notification_autogrouped: 0|com.bbk.appstore|731|1:73|10030
05-22 08:49:56.056  3753  3753 I notification_enqueue: [10030,5934,com.bbk.appstore,731,1:73,0,Notification(pri=0 contentView=null vibrate=null sound=null defaults=0x0 flags=0x2 color=0x00000000 vis=PRIVATE),1]
05-22 08:49:56.072  3753  5145 I notification_autogrouped: 0|com.bbk.appstore|731|1:73|10030
05-22 08:49:56.079  3753 16933 I notification_autogrouped: 0|com.bbk.appstore|731|1:73|10030
05-22 08:49:56.142  3753  3753 I notification_enqueue: [10030,5934,com.bbk.appstore,731,1:73,0,Notification(pri=0 contentView=null vibrate=null sound=null defaults=0x0 flags=0x2 color=0x00000000 vis=PRIVATE),1]
05-22 08:49:56.148  3753 16662 I notification_autogrouped: 0|com.bbk.appstore|731|1:73|10030
05-22 08:49:56.151  3753  5187 I notification_autogrouped: 0|com.bbk.appstore|731|1:73|10030
05-22 08:49:56.176  3753  3753 I notification_enqueue: [10030,5934,com.bbk.appstore,731,1:73,0,Notification(pri=0 contentView=null vibrate=null sound=null defaults=0x0 flags=0x2 color=0x00000000 vis=PRIVATE),1]
05-22 08:49:56.186  3753  4637 I notification_autogrouped: 0|com.bbk.appstore|731|1:73|10030
05-22 08:49:56.209  3753 16657 I notification_autogrouped: 0|com.bbk.appstore|731|1:73|10030
05-22 08:49:56.221  3753  3753 I notification_enqueue: [10030,5934,com.bbk.appstore,731,1:73,0,Notification(pri=0 contentView=null vibrate=null sound=null defaults=0x0 flags=0x2 color=0x00000000 vis=PRIVATE),1]
05-22 08:49:56.232  3753  5183 I notification_autogrouped: 0|com.bbk.appstore|731|1:73|10030
05-22 08:49:56.235  3753  5181 I notification_autogrouped: 0|com.bbk.appstore|731|1:73|10030
05-22 08:49:56.271  3753  3753 I notification_enqueue: [10030,5934,com.bbk.appstore,731,1:73,0,Notification(pri=0 contentView=null vibrate=null sound=null defaults=0x0 flags=0x2 color=0x00000000 vis=PRIVATE),1]
05-22 08:49:56.282  3753  4664 I notification_autogrouped: 0|com.bbk.appstore|731|1:73|10030
05-22 08:49:56.287  3753 16933 I notification_autogrouped: 0|com.bbk.appstore|731|1:73|10030
05-22 08:49:56.320  3753  3753 I notification_enqueue: [10030,5934,com.bbk.appstore,731,1:73,0,Notification(pri=0 contentView=null vibrate=null sound=null defaults=0x0 flags=0x2 color=0x00000000 vis=PRIVATE),1]
05-22 08:49:56.330  3753  5145 I notification_autogrouped: 0|com.bbk.appstore|731|1:73|10030
05-22 08:49:56.334  3753 16929 I notification_autogrouped: 0|com.bbk.appstore|731|1:73|10030
05-22 08:49:56.375  3753  3753 I notification_enqueue: [10030,5934,com.bbk.appstore,731,1:73,0,Notification(pri=0 contentView=null vibrate=null sound=null defaults=0x0 flags=0x2 color=0x00000000 vis=PRIVATE),1]
05-22 08:49:56.387  3753  5181 I notification_autogrouped: 0|com.bbk.appstore|731|1:73|10030
05-22 08:49:56.390  3753  9317 I notification_autogrouped: 0|com.bbk.appstore|731|1:73|10030
05-22 08:49:56.413  3753  3753 I notification_enqueue: [10030,5934,com.bbk.appstore,731,1:73,0,Notification(pri=0 contentView=null vibrate=null sound=null defaults=0x0 flags=0x2 color=0x00000000 vis=PRIVATE),1]
05-22 08:49:56.421  3753 16930 I notification_autogrouped: 0|com.bbk.appstore|731|1:73|10030
05-22 08:49:56.426  3753 16922 I notification_autogrouped: 0|com.bbk.appstore|731|1:73|10030
05-22 08:49:56.497  3753  3753 I notification_enqueue: [10030,5934,com.bbk.appstore,731,1:73,0,Notification(pri=0 contentView=null vibrate=null sound=null defaults=0x0 flags=0x2 color=0x00000000 vis=PRIVATE),1]
05-22 08:49:56.507  3753  4313 I notification_autogrouped: 0|com.bbk.appstore|731|1:73|10030
05-22 08:49:56.510  3753  5145 I notification_autogrouped: 0|com.bbk.appstore|731|1:73|10030
05-22 08:49:56.541  3753  3753 I notification_enqueue: [10030,5934,com.bbk.appstore,731,1:73,0,Notification(pri=0 contentView=null vibrate=null sound=null defaults=0x0 flags=0x2 color=0x00000000 vis=PRIVATE),1]
05-22 08:49:56.555  3753  4637 I notification_autogrouped: 0|com.bbk.appstore|731|1:73|10030
05-22 08:49:56.563  3753 16929 I notification_autogrouped: 0|com.bbk.appstore|731|1:73|10030
05-22 08:49:56.599  3753  3753 I notification_enqueue: [10030,5934,com.bbk.appstore,731,1:73,0,Notification(pri=0 contentView=null vibrate=null sound=null defaults=0x0 flags=0x2 color=0x00000000 vis=PRIVATE),1]
05-22 08:49:56.611  3753 16662 I notification_autogrouped: 0|com.bbk.appstore|731|1:73|10030
05-22 08:49:56.615  3753  5187 I notification_autogrouped: 0|com.bbk.appstore|731|1:73|10030
05-22 08:49:56.656  3753  3753 I notification_enqueue: [10030,5934,com.bbk.appstore,731,1:73,0,Notification(pri=0 contentView=null vibrate=null sound=null defaults=0x0 flags=0x2 color=0x00000000 vis=PRIVATE),1]
05-22 08:49:56.668  3753 16930 I notification_autogrouped: 0|com.bbk.appstore|731|1:73|10030
05-22 08:49:56.670  3753 16658 I notification_autogrouped: 0|com.bbk.appstore|731|1:73|10030
05-22 08:49:56.737  3753  3753 I notification_enqueue: [10030,5934,com.bbk.appstore,731,1:73,0,Notification(pri=0 contentView=null vibrate=null sound=null defaults=0x0 flags=0x2 color=0x00000000 vis=PRIVATE),1]
05-22 08:49:56.755  3753  3772 I notification_autogrouped: 0|com.bbk.appstore|731|1:73|10030
05-22 08:49:56.777  3753 22076 I notification_autogrouped: 0|com.bbk.appstore|731|1:73|10030
05-22 08:49:56.815  3753  3753 I notification_enqueue: [10030,5934,com.bbk.appstore,731,1:73,0,Notification(pri=0 contentView=null vibrate=null sound=null defaults=0x0 flags=0x2 color=0x00000000 vis=PRIVATE),1]
05-22 08:49:56.823  3753 16658 I notification_autogrouped: 0|com.bbk.appstore|731|1:73|10030
05-22 08:49:56.829  3753  3772 I notification_autogrouped: 0|com.bbk.appstore|731|1:73|10030
05-22 08:49:56.899  3753  3753 I notification_enqueue: [10030,5934,com.bbk.appstore,731,1:73,0,Notification(pri=0 contentView=null vibrate=null sound=null defaults=0x0 flags=0x2 color=0x00000000 vis=PRIVATE),1]
05-22 08:49:56.910  3753  3773 I notification_autogrouped: 0|com.bbk.appstore|731|1:73|10030
05-22 08:49:56.928  3753 16662 I notification_autogrouped: 0|com.bbk.appstore|731|1:73|10030
05-22 08:49:56.953  3753  3753 I notification_enqueue: [10030,5934,com.bbk.appstore,731,1:73,0,Notification(pri=0 contentView=null vibrate=null sound=null defaults=0x0 flags=0x2 color=0x00000000 vis=PRIVATE),1]
05-22 08:49:56.968  3753 31844 I notification_autogrouped: 0|com.bbk.appstore|731|1:73|10030
05-22 08:49:56.970  3753  4734 I notification_autogrouped: 0|com.bbk.appstore|731|1:73|10030
05-22 08:49:57.002  3753  3753 I notification_enqueue: [10030,5934,com.bbk.appstore,731,1:73,0,Notification(pri=0 contentView=null vibrate=null sound=null defaults=0x0 flags=0x2 color=0x00000000 vis=PRIVATE),1]
05-22 08:49:57.013  3753 31844 I notification_autogrouped: 0|com.bbk.appstore|731|1:73|10030
05-22 08:49:57.026  3753  3773 I notification_autogrouped: 0|com.bbk.appstore|731|1:73|10030
05-22 08:49:57.049  3753  3753 I notification_enqueue: [10030,5934,com.bbk.appstore,731,1:73,0,Notification(pri=0 contentView=null vibrate=null sound=null defaults=0x0 flags=0x2 color=0x00000000 vis=PRIVATE),1]
05-22 08:49:57.063  3753 16932 I notification_autogrouped: 0|com.bbk.appstore|731|1:73|10030
05-22 08:49:57.076  3753  4695 I notification_autogrouped: 0|com.bbk.appstore|731|1:73|10030
05-22 08:49:57.092  3753  3753 I notification_enqueue: [10030,5934,com.bbk.appstore,731,1:73,0,Notification(pri=0 contentView=null vibrate=null sound=null defaults=0x0 flags=0x2 color=0x00000000 vis=PRIVATE),1]
05-22 08:49:57.104  3753 16925 I notification_autogrouped: 0|com.bbk.appstore|731|1:73|10030
05-22 08:49:57.106  3753 16658 I notification_autogrouped: 0|com.bbk.appstore|731|1:73|10030
05-22 08:49:57.137  3753  3753 I notification_enqueue: [10030,5934,com.bbk.appstore,731,1:73,0,Notification(pri=0 contentView=null vibrate=null sound=null defaults=0x0 flags=0x2 color=0x00000000 vis=PRIVATE),1]
05-22 08:49:57.145  3753  5148 I notification_autogrouped: 0|com.bbk.appstore|731|1:73|10030
05-22 08:49:57.147  3753  5190 I notification_autogrouped: 0|com.bbk.appstore|731|1:73|10030
05-22 08:49:58.227  3753  3753 I notification_enqueue: [10030,5934,com.bbk.appstore,731,1:73,0,Notification(pri=0 contentView=null vibrate=null sound=null defaults=0x0 flags=0x2 color=0x00000000 vis=PRIVATE),1]
05-22 08:49:58.232  3753  3778 I am_pss  : [20563,10077,com.android.printspooler,5099520,4542464,0]
05-22 08:49:58.234  3753  9317 I notification_autogrouped: 0|com.bbk.appstore|731|1:73|10030
05-22 08:49:58.239  3753  5148 I notification_autogrouped: 0|com.bbk.appstore|731|1:73|10030
05-22 08:49:58.286  3753  3753 I notification_enqueue: [10030,5934,com.bbk.appstore,731,1:73,0,Notification(pri=0 contentView=null vibrate=null sound=null defaults=0x0 flags=0x2 color=0x00000000 vis=PRIVATE),1]
05-22 08:49:58.293  3753  4664 I notification_autogrouped: 0|com.bbk.appstore|731|1:73|10030
05-22 08:49:58.298  3753 16662 I notification_autogrouped: 0|com.bbk.appstore|731|1:73|10030
05-22 08:49:59.729  3753  3753 I notification_enqueue: [10030,5934,com.bbk.appstore,731,1:73,0,Notification(pri=0 contentView=null vibrate=null sound=null defaults=0x0 flags=0x2 color=0x00000000 vis=PRIVATE),1]
05-22 08:49:59.742  3753 16932 I notification_autogrouped: 0|com.bbk.appstore|731|1:73|10030
05-22 08:49:59.753  3753 16928 I notification_autogrouped: 0|com.bbk.appstore|731|1:73|10030
05-22 08:49:59.787  3753  3753 I notification_enqueue: [10030,5934,com.bbk.appstore,731,1:73,0,Notification(pri=0 contentView=null vibrate=null sound=null defaults=0x0 flags=0x2 color=0x00000000 vis=PRIVATE),1]
05-22 08:49:59.794  3753  4313 I notification_autogrouped: 0|com.bbk.appstore|731|1:73|10030
05-22 08:49:59.802  3753 16657 I notification_autogrouped: 0|com.bbk.appstore|731|1:73|10030
05-22 08:50:01.229  3753  3753 I notification_enqueue: [10030,5934,com.bbk.appstore,731,1:73,0,Notification(pri=0 contentView=null vibrate=null sound=null defaults=0x0 flags=0x2 color=0x00000000 vis=PRIVATE),1]
05-22 08:50:01.242  3753  4695 I notification_autogrouped: 0|com.bbk.appstore|731|1:73|10030
05-22 08:50:01.252  3753  3772 I notification_autogrouped: 0|com.bbk.appstore|731|1:73|10030
05-22 08:50:01.286  3753  3753 I notification_enqueue: [10030,5934,com.bbk.appstore,731,1:73,0,Notification(pri=0 contentView=null vibrate=null sound=null defaults=0x0 flags=0x2 color=0x00000000 vis=PRIVATE),1]
05-22 08:50:01.295  3753 16932 I notification_autogrouped: 0|com.bbk.appstore|731|1:73|10030
05-22 08:50:01.300  3753 16928 I notification_autogrouped: 0|com.bbk.appstore|731|1:73|10030
05-22 08:50:01.765  3753  4185 I netstats_mobile_sample: [41433919,74718,5348155,50352,41432819,74692,4945339,50352,41432819,74692,4945675,50358,1495414201766]
05-22 08:50:01.766  3753  4185 I netstats_wifi_sample: [5359593102,3701489,148265753,2359635,5357898193,3637355,115221620,2358897,5357033726,3631955,115307684,2360426,1495414201766]
05-22 08:50:02.790  3753  3753 I notification_enqueue: [10030,5934,com.bbk.appstore,731,1:73,0,Notification(pri=0 contentView=null vibrate=null sound=null defaults=0x0 flags=0x2 color=0x00000000 vis=PRIVATE),1]
05-22 08:50:02.802  3753  9316 I notification_autogrouped: 0|com.bbk.appstore|731|1:73|10030
05-22 08:50:02.804  3753 16658 I notification_autogrouped: 0|com.bbk.appstore|731|1:73|10030
05-22 08:50:02.828  3753  3753 I notification_enqueue: [10030,5934,com.bbk.appstore,731,1:73,0,Notification(pri=0 contentView=null vibrate=null sound=null defaults=0x0 flags=0x2 color=0x00000000 vis=PRIVATE),1]
05-22 08:50:02.836  3753 16933 I notification_autogrouped: 0|com.bbk.appstore|731|1:73|10030
05-22 08:50:02.847  3753 16932 I notification_autogrouped: 0|com.bbk.appstore|731|1:73|10030
05-22 08:50:04.341  3753  4035 I am_new_intent: [0,22972653,4,com.bbk.launcher2/.Launcher,android.intent.action.MAIN,NULL,NULL,278921216]
05-22 08:50:04.342  3753  4035 I am_focused_stack: [0,0,1,bringingFoundTaskToFront setFocusedActivity]
05-22 08:50:04.342  3753  4035 I wm_task_moved: [4,1,0]
05-22 08:50:04.346  3753  4035 I am_focused_activity: [0,com.bbk.launcher2/.Launcher,bringingFoundTaskToFront]
05-22 08:50:04.379  3753  4035 I am_pause_activity: [0,17869748,com.bbk.appstore/.ui.AppStoreTabActivity]
05-22 08:50:04.382  3753  4035 I am_task_to_front: [0,4]
05-22 08:50:04.386  3753  4035 I sysui_action: [323,com.bbk.launcher2/.Launcher]
05-22 08:50:04.386  3753  4035 I sysui_action: [324,true]
05-22 08:50:04.386  3753  4035 I sysui_action: [325,33450]
05-22 08:50:04.524  5934  5934 I am_on_paused_called: [0,com.bbk.appstore.ui.AppStoreTabActivity,handlePauseActivity]
05-22 08:50:04.535  3753 16934 I am_resume_activity: [0,158912494,4,com.bbk.launcher2/.Launcher]
05-22 08:50:04.544  3753  3779 I sysui_count: [window_time_0,12]
05-22 08:50:04.557  7661  7661 I am_on_resume_called: [0,com.bbk.launcher2.Launcher,RESUME_ACTIVITY]
05-22 08:50:04.633  3753  3814 I sysui_action: [320,2]
05-22 08:50:04.633  3753  3814 I sysui_action: [319,301]
05-22 08:50:04.635  3753  3814 I sysui_action: [322,303]
05-22 08:50:04.706  3753  3753 I notification_enqueue: [10030,5934,com.bbk.appstore,731,1:73,0,Notification(pri=0 contentView=null vibrate=null sound=null defaults=0x0 flags=0x2 color=0x00000000 vis=PRIVATE),1]
05-22 08:50:04.724  3753  5190 I notification_autogrouped: 0|com.bbk.appstore|731|1:73|10030
05-22 08:50:04.725  3753 14131 I notification_autogrouped: 0|com.bbk.appstore|731|1:73|10030
05-22 08:50:04.735  3753  3753 I notification_enqueue: [10030,5934,com.bbk.appstore,731,1:73,0,Notification(pri=0 contentView=null vibrate=null sound=null defaults=0x0 flags=0x2 color=0x00000000 vis=PRIVATE),1]
05-22 08:50:04.741  3753  5189 I notification_autogrouped: 0|com.bbk.appstore|731|1:73|10030
05-22 08:50:04.744  3753 16928 I notification_autogrouped: 0|com.bbk.appstore|731|1:73|10030
05-22 08:50:04.863  3753  3779 I am_stop_activity: [0,17869748,com.bbk.appstore/.ui.AppStoreTabActivity]
05-22 08:50:04.869  5934  5934 I am_on_stop_called: [0,com.bbk.appstore.ui.AppStoreTabActivity,handleStopActivity]
05-22 08:50:04.941   510   510 I sf_frame_dur: [com.bbk.appstore/com.bbk.appstore.ui.AppStoreTabActivity,17,4,3,4,1,2,2]
05-22 08:50:05.428  3753  3773 I am_proc_start: [0,29647,10044,com.vivo.weather.location,service,com.vivo.weather/.LocalCityLocateService]
05-22 08:50:05.451  3753  4695 I am_proc_bound: [0,29647,com.vivo.weather.location]
05-22 08:50:05.725  3753  5183 I am_proc_died: [0,18208,com.android.fuelsummary]
05-22 08:50:05.725  3753  5183 I am_schedule_service_restart: [0,com.android.fuelsummary/.FuelSummaryService,1000]
05-22 08:50:05.949  3753  3753 I notification_enqueue: [10030,5934,com.bbk.appstore,731,1:73,0,Notification(pri=0 contentView=null vibrate=null sound=null defaults=0x0 flags=0x2 color=0x00000000 vis=PRIVATE),1]
05-22 08:50:05.968  3753 16934 I notification_autogrouped: 0|com.bbk.appstore|731|1:73|10030
05-22 08:50:05.970  3753  5145 I notification_autogrouped: 0|com.bbk.appstore|731|1:73|10030
05-22 08:50:06.006  3753  3753 I notification_enqueue: [10030,5934,com.bbk.appstore,731,1:73,0,Notification(pri=0 contentView=null vibrate=null sound=null defaults=0x0 flags=0x2 color=0x00000000 vis=PRIVATE),1]
05-22 08:50:06.015  3753  9321 I notification_autogrouped: 0|com.bbk.appstore|731|1:73|10030
05-22 08:50:06.017  3753  4734 I notification_autogrouped: 0|com.bbk.appstore|731|1:73|10030
05-22 08:50:06.207  3753  4637 I am_proc_died: [0,29647,com.vivo.weather.location]
05-22 08:50:06.207  3753  4637 I am_schedule_service_restart: [0,com.vivo.weather/.LocalCityLocateService,10518]
05-22 08:50:06.745  3753  3779 I am_proc_start: [0,29687,1000,com.android.fuelsummary,service,com.android.fuelsummary/.FuelSummaryService]
05-22 08:50:06.763  3753  9316 I am_proc_bound: [0,29687,com.android.fuelsummary]
05-22 08:50:07.320  3753  3753 I notification_enqueue: [10030,5934,com.bbk.appstore,731,1:73,0,Notification(pri=0 contentView=null vibrate=null sound=null defaults=0x0 flags=0x2 color=0x00000000 vis=PRIVATE),1]
05-22 08:50:07.331  3753  4664 I notification_autogrouped: 0|com.bbk.appstore|731|1:73|10030
05-22 08:50:07.332  3753 16922 I notification_autogrouped: 0|com.bbk.appstore|731|1:73|10030
05-22 08:50:07.419  3753  3753 I notification_enqueue: [10030,5934,com.bbk.appstore,731,1:73,0,Notification(pri=0 contentView=null vibrate=null sound=null defaults=0x0 flags=0x2 color=0x00000000 vis=PRIVATE),1]
05-22 08:50:07.428  3753 16658 I notification_autogrouped: 0|com.bbk.appstore|731|1:73|10030
05-22 08:50:07.436  3753 16658 I notification_autogrouped: 0|com.bbk.appstore|731|1:73|10030
05-22 08:50:08.466  3753  9321 I am_create_task: [0,197]
05-22 08:50:08.466  3753  9321 I am_create_activity: [0,211787141,197,com.sina.weibo/.SplashActivity,android.intent.action.MAIN,NULL,NULL,807403520]
05-22 08:50:08.467  3753  9321 I wm_task_created: [197,1]
05-22 08:50:08.467  3753  9321 I wm_task_moved: [197,1,17]
05-22 08:50:08.467  3753  9321 I am_focused_stack: [0,1,0,startedActivity setFocusedActivity]
05-22 08:50:08.468  3753  9321 I wm_task_moved: [197,1,17]
05-22 08:50:08.469  3753  9321 I am_focused_activity: [0,com.sina.weibo/.SplashActivity,startedActivity]
05-22 08:50:08.469  3753  9321 I am_pause_activity: [0,158912494,com.bbk.launcher2/.Launcher]
05-22 08:50:08.472  3753  9321 I sysui_action: [323,com.sina.weibo/.SplashActivity]
05-22 08:50:08.472  3753  9321 I sysui_action: [324,false]
05-22 08:50:08.472  3753  9321 I sysui_action: [325,33455]
05-22 08:50:08.479  7661  7661 I am_on_paused_called: [0,com.bbk.launcher2.Launcher,handlePauseActivity]
05-22 08:50:08.491  3753 16925 I am_proc_start: [0,29722,10131,com.sina.weibo,activity,com.sina.weibo/.SplashActivity]
05-22 08:50:08.507  3753  3773 I am_proc_bound: [0,29722,com.sina.weibo]
05-22 08:50:08.585  3753  3773 I am_restart_activity: [0,211787141,197,com.sina.weibo/.SplashActivity]
05-22 08:50:08.604  3753  3814 I sysui_action: [321,171]
05-22 08:50:08.608  3753  3814 I sysui_action: [320,1]
05-22 08:50:08.608  3753  3814 I sysui_action: [319,175]
05-22 08:50:08.810  3753  3753 I notification_enqueue: [10030,5934,com.bbk.appstore,731,1:73,0,Notification(pri=0 contentView=null vibrate=null sound=null defaults=0x0 flags=0x2 color=0x00000000 vis=PRIVATE),1]
05-22 08:50:08.816  3753 14131 I notification_autogrouped: 0|com.bbk.appstore|731|1:73|10030
05-22 08:50:08.818  3753  4664 I notification_autogrouped: 0|com.bbk.appstore|731|1:73|10030
05-22 08:50:08.907  3753  3753 I notification_enqueue: [10030,5934,com.bbk.appstore,731,1:73,0,Notification(pri=0 contentView=null vibrate=null sound=null defaults=0x0 flags=0x2 color=0x00000000 vis=PRIVATE),1]
05-22 08:50:08.910  3753  9321 I notification_autogrouped: 0|com.bbk.appstore|731|1:73|10030
05-22 08:50:08.912  3753 16934 I notification_autogrouped: 0|com.bbk.appstore|731|1:73|10030
05-22 08:50:09.698  3753  4035 I am_new_intent: [0,96909425,4,com.bbk.launcher2/.Launcher,android.intent.action.MAIN,NULL,NULL,278921216]
05-22 08:50:09.699  3753  4035 I am_focused_stack: [0,0,1,bringingFoundTaskToFront setFocusedActivity]
05-22 08:50:09.699  3753  4035 I wm_task_moved: [4,1,0]
05-22 08:50:09.700  3753  4035 I am_focused_activity: [0,com.bbk.launcher2/.Launcher,bringingFoundTaskToFront]
05-22 08:50:09.723  3753  4035 I am_pause_activity: [0,211787141,com.sina.weibo/.SplashActivity]
05-22 08:50:09.724  3753  4035 I am_task_to_front: [0,4]
05-22 08:50:09.727  3753  4035 I sysui_action: [323,com.bbk.launcher2/.Launcher]
05-22 08:50:09.727  3753  4035 I sysui_action: [324,true]
05-22 08:50:09.727  3753  4035 I sysui_action: [325,33456]
05-22 08:50:09.728  3753  4734 I am_proc_died: [0,18512,com.vivo.childrenmode]
05-22 08:50:09.728  7661  7661 I am_on_resume_called: [0,com.bbk.launcher2.Launcher,performNewIntents]
05-22 08:50:09.728  7661  7661 I am_on_paused_called: [0,com.bbk.launcher2.Launcher,performNewIntents]
05-22 08:50:09.729  3753  4734 I am_schedule_service_restart: [0,com.vivo.childrenmode/.BlackListObserverService,1000]
05-22 08:50:09.939  3753  4035 I am_new_intent: [0,114538199,4,com.bbk.launcher2/.Launcher,android.intent.action.MAIN,NULL,NULL,278921216]
05-22 08:50:09.940  3753  4035 I wm_task_moved: [4,1,0]
05-22 08:50:09.942  3753  4035 I sysui_action: [323,com.bbk.launcher2/.Launcher]
05-22 08:50:09.942  3753  4035 I sysui_action: [324,true]
05-22 08:50:09.942  3753  4035 I sysui_action: [325,33456]
05-22 08:50:09.951  7661  7661 I am_on_resume_called: [0,com.bbk.launcher2.Launcher,performNewIntents]
05-22 08:50:09.951  7661  7661 I am_on_paused_called: [0,com.bbk.launcher2.Launcher,performNewIntents]
05-22 08:50:09.961   510   510 I sf_frame_dur: [com.bbk.launcher2/com.bbk.launcher2.Launcher,147,7,1,2,0,1,0]
05-22 08:50:10.106  3753  4185 I netstats_mobile_sample: [41433919,74718,5348155,50352,41432819,74692,4945339,50352,41432819,74692,4945675,50358,1495414210107]
05-22 08:50:10.107  3753  4185 I netstats_wifi_sample: [5380234992,3715482,148876929,2370184,5378544242,3651160,115685098,2369446,5377679719,3645759,115771142,2370974,1495414210107]
05-22 08:50:10.199  3753  4035 I am_new_intent: [0,200626658,4,com.bbk.launcher2/.Launcher,android.intent.action.MAIN,NULL,NULL,278921216]
05-22 08:50:10.200  3753  4035 I wm_task_moved: [4,1,0]
05-22 08:50:10.204  3753  4035 I sysui_action: [323,com.bbk.launcher2/.Launcher]
05-22 08:50:10.204  3753  4035 I sysui_action: [324,true]
05-22 08:50:10.204  3753  4035 I sysui_action: [325,33456]
05-22 08:50:10.204  7661  7661 I am_on_resume_called: [0,com.bbk.launcher2.Launcher,performNewIntents]
05-22 08:50:10.204  7661  7661 I am_on_paused_called: [0,com.bbk.launcher2.Launcher,performNewIntents]
05-22 08:50:10.243  3753  3779 I am_resume_activity: [0,158912494,4,com.bbk.launcher2/.Launcher]
05-22 08:50:10.261  7661  7661 I am_on_resume_called: [0,com.bbk.launcher2.Launcher,RESUME_ACTIVITY]
05-22 08:50:10.263  3753  3779 I sysui_count: [window_time_0,6]
05-22 08:50:10.313  3753  3814 I sysui_action: [322,124]
05-22 08:50:10.341  3753  3753 I notification_enqueue: [10030,5934,com.bbk.appstore,731,1:73,0,Notification(pri=0 contentView=null vibrate=null sound=null defaults=0x0 flags=0x2 color=0x00000000 vis=PRIVATE),1]
05-22 08:50:10.348  3753 22076 I notification_autogrouped: 0|com.bbk.appstore|731|1:73|10030
05-22 08:50:10.351  3753  4695 I notification_autogrouped: 0|com.bbk.appstore|731|1:73|10030
05-22 08:50:10.553  3753  3779 I am_stop_activity: [0,211787141,com.sina.weibo/.SplashActivity]
05-22 08:50:10.559  3753  3753 I notification_enqueue: [10030,5934,com.bbk.appstore,731,1:73,0,Notification(pri=0 contentView=null vibrate=null sound=null defaults=0x0 flags=0x2 color=0x00000000 vis=PRIVATE),1]
05-22 08:50:10.571  3753  4313 I notification_autogrouped: 0|com.bbk.appstore|731|1:73|10030
05-22 08:50:10.582  3753 16657 I notification_autogrouped: 0|com.bbk.appstore|731|1:73|10030
05-22 08:50:10.714  3753  3753 I notification_enqueue: [10030,5934,com.bbk.appstore,731,1:73,0,Notification(pri=0 contentView=null vibrate=null sound=null defaults=0x0 flags=0x2 color=0x00000000 vis=PRIVATE),1]
05-22 08:50:10.719  3753  5183 I notification_autogrouped: 0|com.bbk.appstore|731|1:73|10030
05-22 08:50:10.723  3753  9317 I notification_autogrouped: 0|com.bbk.appstore|731|1:73|10030
05-22 08:50:10.742  3753  3779 I am_proc_start: [0,29775,10005,com.vivo.childrenmode,service,com.vivo.childrenmode/.BlackListObserverService]
05-22 08:50:10.761  3753 16934 I am_proc_bound: [0,29775,com.vivo.childrenmode]
05-22 08:50:10.792  3753  3753 I notification_canceled: [0|com.bbk.appstore|731|1:73|10030,8,17798,79,0]
05-22 08:50:10.796  3753  5189 I notification_canceled: [0|com.bbk.appstore|2147483647|group_key_override|10030|ranker_bundle,16,17791,17791,0]
05-22 08:50:10.798  3753  3753 I notification_enqueue: [10030,5934,com.bbk.appstore,721,1:72,0,Notification(pri=0 contentView=null vibrate=null sound=null defaults=0x0 flags=0x2 color=0x00000000 vis=PRIVATE),0]
05-22 08:50:10.803  3753 16657 I notification_autogrouped: 0|com.bbk.appstore|721|1:72|10030
05-22 08:50:10.804  3753  3753 I notification_enqueue: [10030,5934,com.bbk.appstore,2147483647,group_key_override,0,Notification(pri=0 contentView=null vibrate=null sound=null defaults=0x0 flags=0x700 color=0x00000000 groupKey=ranker_bundle vis=PRIVATE),0]
05-22 08:50:10.806  3753  4637 I notification_autogrouped: 0|com.bbk.appstore|721|1:72|10030
05-22 08:50:10.875  3753  3753 I notification_enqueue: [10030,5934,com.bbk.appstore,721,1:72,0,Notification(pri=0 contentView=null vibrate=null sound=null defaults=0x0 flags=0x2 color=0x00000000 vis=PRIVATE),1]
05-22 08:50:10.879  3753  5148 I notification_autogrouped: 0|com.bbk.appstore|721|1:72|10030
05-22 08:50:10.881  3753 16922 I notification_autogrouped: 0|com.bbk.appstore|721|1:72|10030
05-22 08:50:11.102  3753  3753 I notification_canceled: [0|com.bbk.appstore|721|1:72|10030,8,305,227,0]
05-22 08:50:11.105  3753  4695 I notification_canceled: [0|com.bbk.appstore|2147483647|group_key_override|10030|ranker_bundle,16,301,301,0]
05-22 08:50:11.110  3753  3753 I notification_enqueue: [10030,5934,com.bbk.appstore,741,1:74,0,Notification(pri=0 contentView=null vibrate=null sound=null defaults=0x0 flags=0x2 color=0x00000000 vis=PRIVATE),0]
05-22 08:50:11.116  3753  9317 I notification_autogrouped: 0|com.bbk.appstore|741|1:74|10030
05-22 08:50:11.116  3753  3753 I notification_enqueue: [10030,5934,com.bbk.appstore,2147483647,group_key_override,0,Notification(pri=0 contentView=null vibrate=null sound=null defaults=0x0 flags=0x700 color=0x00000000 groupKey=ranker_bundle vis=PRIVATE),0]
05-22 08:50:11.118  3753 16657 I notification_autogrouped: 0|com.bbk.appstore|741|1:74|10030
05-22 08:50:11.153  3753  3753 I notification_enqueue: [10030,5934,com.bbk.appstore,741,1:74,0,Notification(pri=0 contentView=null vibrate=null sound=null defaults=0x0 flags=0x2 color=0x00000000 vis=PRIVATE),1]
05-22 08:50:11.157  3753  3773 I notification_autogrouped: 0|com.bbk.appstore|741|1:74|10030
05-22 08:50:11.159  3753  5181 I notification_autogrouped: 0|com.bbk.appstore|741|1:74|10030
05-22 08:50:11.632  3753  3753 I notification_enqueue: [10030,5934,com.bbk.appstore,643,NULL,0,Notification(pri=0 contentView=null vibrate=null sound=null defaults=0x0 flags=0x10 color=0x00000000 vis=PRIVATE),0]
05-22 08:50:11.655  3753 16922 I notification_autogrouped: 0|com.bbk.appstore|643|null|10030
05-22 08:50:11.656  3753  5183 I notification_autogrouped: 0|com.bbk.appstore|643|null|10030
05-22 08:50:11.656  3753  5183 I notification_autogrouped: 0|com.bbk.appstore|741|1:74|10030
05-22 08:50:12.078  3753  3753 I notification_enqueue: [10030,5934,com.bbk.appstore,741,1:74,0,Notification(pri=0 contentView=null vibrate=null sound=null defaults=0x0 flags=0x2 color=0x00000000 vis=PRIVATE),1]
05-22 08:50:12.089  3753 31844 I notification_autogrouped: 0|com.bbk.appstore|643|null|10030
05-22 08:50:12.090  3753  9321 I notification_autogrouped: 0|com.bbk.appstore|643|null|10030
05-22 08:50:12.090  3753  9321 I notification_autogrouped: 0|com.bbk.appstore|741|1:74|10030
05-22 08:50:12.580  3753  3753 I notification_enqueue: [10030,5934,com.bbk.appstore,741,1:74,0,Notification(pri=0 contentView=null vibrate=null sound=null defaults=0x0 flags=0x2 color=0x00000000 vis=PRIVATE),1]
05-22 08:50:12.598  3753  3772 I notification_autogrouped: 0|com.bbk.appstore|643|null|10030
05-22 08:50:12.600  3753 16929 I notification_autogrouped: 0|com.bbk.appstore|643|null|10030
05-22 08:50:12.600  3753 16929 I notification_autogrouped: 0|com.bbk.appstore|741|1:74|10030
05-22 08:50:12.907  3753  3753 I notification_enqueue: [10030,5934,com.bbk.appstore,741,1:74,0,Notification(pri=0 contentView=null vibrate=null sound=null defaults=0x0 flags=0x2 color=0x00000000 vis=PRIVATE),1]
05-22 08:50:12.918  3753 16922 I notification_autogrouped: 0|com.bbk.appstore|643|null|10030
05-22 08:50:12.920  3753 16934 I notification_autogrouped: 0|com.bbk.appstore|643|null|10030
05-22 08:50:12.920  3753 16934 I notification_autogrouped: 0|com.bbk.appstore|741|1:74|10030
05-22 08:50:13.022  3753  3753 I notification_enqueue: [10030,5934,com.bbk.appstore,741,1:74,0,Notification(pri=0 contentView=null vibrate=null sound=null defaults=0x0 flags=0x2 color=0x00000000 vis=PRIVATE),1]
05-22 08:50:13.028  3753  5187 I notification_autogrouped: 0|com.bbk.appstore|643|null|10030
05-22 08:50:13.037  3753  5145 I notification_autogrouped: 0|com.bbk.appstore|643|null|10030
05-22 08:50:13.037  3753  5145 I notification_autogrouped: 0|com.bbk.appstore|741|1:74|10030
05-22 08:50:13.510  3753  3753 I notification_enqueue: [10030,5934,com.bbk.appstore,741,1:74,0,Notification(pri=0 contentView=null vibrate=null sound=null defaults=0x0 flags=0x2 color=0x00000000 vis=PRIVATE),1]
05-22 08:50:13.519  3753 22076 I notification_autogrouped: 0|com.bbk.appstore|643|null|10030
05-22 08:50:13.520  3753 16932 I notification_autogrouped: 0|com.bbk.appstore|643|null|10030
05-22 08:50:13.520  3753 16932 I notification_autogrouped: 0|com.bbk.appstore|741|1:74|10030
05-22 08:50:14.883  3753  3753 I notification_enqueue: [10030,5934,com.bbk.appstore,741,1:74,0,Notification(pri=0 contentView=null vibrate=null sound=null defaults=0x0 flags=0x2 color=0x00000000 vis=PRIVATE),1]
05-22 08:50:14.893  3753 14131 I notification_autogrouped: 0|com.bbk.appstore|643|null|10030
05-22 08:50:14.893  3753  5187 I notification_autogrouped: 0|com.bbk.appstore|643|null|10030
05-22 08:50:14.893  3753  5187 I notification_autogrouped: 0|com.bbk.appstore|741|1:74|10030
05-22 08:50:15.091  3753  3753 I notification_enqueue: [10030,5934,com.bbk.appstore,741,1:74,0,Notification(pri=0 contentView=null vibrate=null sound=null defaults=0x0 flags=0x2 color=0x00000000 vis=PRIVATE),1]
05-22 08:50:15.094  3753  5189 I notification_autogrouped: 0|com.bbk.appstore|643|null|10030
05-22 08:50:15.094  3753  5145 I notification_autogrouped: 0|com.bbk.appstore|643|null|10030
05-22 08:50:15.094  3753  5145 I notification_autogrouped: 0|com.bbk.appstore|741|1:74|10030
05-22 08:50:15.114   510   510 I sf_frame_dur: [InputMethod,1,1,0,0,0,0,0]
05-22 08:50:16.125  3753  3753 I notification_enqueue: [10030,5934,com.bbk.appstore,741,1:74,0,Notification(pri=0 contentView=null vibrate=null sound=null defaults=0x0 flags=0x2 color=0x00000000 vis=PRIVATE),1]
05-22 08:50:16.130  3753  5190 I notification_autogrouped: 0|com.bbk.appstore|643|null|10030
05-22 08:50:16.133  3753  5148 I notification_autogrouped: 0|com.bbk.appstore|643|null|10030
05-22 08:50:16.133  3753  5148 I notification_autogrouped: 0|com.bbk.appstore|741|1:74|10030
05-22 08:50:17.056  3753  3753 I notification_enqueue: [10030,5934,com.bbk.appstore,741,1:74,0,Notification(pri=0 contentView=null vibrate=null sound=null defaults=0x0 flags=0x2 color=0x00000000 vis=PRIVATE),1]
05-22 08:50:17.063  3753 16932 I notification_autogrouped: 0|com.bbk.appstore|643|null|10030
05-22 08:50:17.064  3753  9316 I notification_autogrouped: 0|com.bbk.appstore|643|null|10030
05-22 08:50:17.064  3753  9316 I notification_autogrouped: 0|com.bbk.appstore|741|1:74|10030
05-22 08:50:17.488  3753  3753 I notification_enqueue: [10030,5934,com.bbk.appstore,741,1:74,0,Notification(pri=0 contentView=null vibrate=null sound=null defaults=0x0 flags=0x2 color=0x00000000 vis=PRIVATE),1]
05-22 08:50:17.500  3753  4734 I notification_autogrouped: 0|com.bbk.appstore|643|null|10030
05-22 08:50:17.517  3753 16922 I notification_autogrouped: 0|com.bbk.appstore|643|null|10030
05-22 08:50:17.517  3753 16922 I notification_autogrouped: 0|com.bbk.appstore|741|1:74|10030
05-22 08:50:18.222  3753  3753 I notification_enqueue: [10030,5934,com.bbk.appstore,741,1:74,0,Notification(pri=0 contentView=null vibrate=null sound=null defaults=0x0 flags=0x2 color=0x00000000 vis=PRIVATE),1]
05-22 08:50:18.231  3753 22076 I notification_autogrouped: 0|com.bbk.appstore|643|null|10030
05-22 08:50:18.234  3753  5183 I notification_autogrouped: 0|com.bbk.appstore|643|null|10030
05-22 08:50:18.234  3753  5183 I notification_autogrouped: 0|com.bbk.appstore|741|1:74|10030
05-22 08:50:18.846  3753  4185 I netstats_mobile_sample: [41433919,74718,5348155,50352,41432819,74692,4945339,50352,41432819,74692,4945675,50358,1495414218846]
05-22 08:50:18.846  3753  4185 I netstats_wifi_sample: [5400863976,3729380,149452926,2379467,5399170485,3664935,116131053,2378727,5398286462,3659521,116217113,2380254,1495414218846]
