04-29 09:41:20.856  3860 20069 I notification_expansion: [0|com.vivo.PCTools|2147483647|group_key_override|10134|ranker_bundle,0,1,3990563,3990563,0]
04-29 09:41:20.867  3860  4916 I notification_expansion: [0|com.android.bbklog|2147483647|group_key_override|1000|ranker_bundle,0,1,3993382,3993382,0]
04-29 09:41:20.869  3860 12150 I notification_expansion: [0|com.ss.android.essay.joke|2147483647|group_key_override|10212|ranker_bundle,0,1,44757660,44757660,0]
04-29 09:41:20.883  3860 25777 I notification_expansion: [0|com.maimiao.live.tv|2147483647|group_key_override|10184|ranker_bundle,0,1,52791532,52791532,49431545]
04-29 09:41:20.885  3860  3872 I am_pss  : [27779,10128,com.tencent.mm:tools,22261760,21729280,0]
04-29 09:41:20.887  3860 20068 I notification_expansion: [0|com.tencent.mobileqq|2147483647|group_key_override|10129|ranker_bundle,0,1,170680010,170680010,62234800]
04-29 09:41:20.889  3860  4911 I notification_expansion: [0|com.vivo.abe|2147483647|group_key_override|1000|ranker_bundle,0,1,174168824,174168824,69978819]
04-29 09:41:20.916  3860  3872 I am_pss  : [4634,10028,com.vivo.audiofx,8769536,8122368,0]
04-29 09:41:20.953  3860  3872 I am_pss  : [15771,10193,com.netease.cloudmusic,15130624,14516224,0]
04-29 09:41:20.982  3860  3872 I am_pss  : [15679,10110,com.chaozh.iReader,14686208,14188544,0]
04-29 09:41:21.005  3860  3872 I am_pss  : [9848,10035,com.android.bbkmusic,8926208,8404992,0]
04-29 09:41:21.025  3860  3872 I am_pss  : [28889,10055,com.vivo.doubletimezoneclock,11299840,10121216,0]
04-29 09:41:21.045  3860  3872 I am_pss  : [19912,10184,com.maimiao.live.tv:push,10868736,10452992,0]
04-29 09:41:21.063  3860  3872 I am_pss  : [14930,10208,com.tencent.tmgp.sgame,8788992,8429568,0]
04-29 09:41:21.080  3860  3872 I am_pss  : [8911,10136,com.immomo.momo,11632640,11304960,0]
04-29 09:41:21.096  3860  3872 I am_pss  : [20506,10059,com.vivo.findphone,3456000,3047424,0]
04-29 09:41:21.113  3860  3872 I am_pss  : [27951,10214,com.garena.game.kgtw:xg_service_v2,9266176,8822784,0]
04-29 09:41:21.129  3860  3872 I am_pss  : [31376,1000,com.vivo.abe:pushservice_v1,12525568,11595776,0]
04-29 09:41:21.147  3860  3872 I am_pss  : [5209,10001,android.process.acore,45065216,44187648,0]
04-29 09:41:21.177  3860  3872 I am_pss  : [7283,1000,com.vivo.permissionmanager,22754304,21700608,0]
04-29 09:41:21.197  3860  3872 I am_pss  : [4516,1000,com.vivo.appfilter,9285632,8577024,0]
04-29 09:41:21.221  3860  3872 I am_pss  : [24021,10134,com.vivo.PCTools,16589824,15638528,0]
04-29 09:41:21.237  3860  3872 I am_pss  : [5026,10001,com.vivo.sim.contacts,5800960,5201920,0]
04-29 09:41:21.259  3860  3872 I am_pss  : [27531,10129,com.tencent.mobileqq:peak,25623552,25182208,0]
04-29 09:41:21.276  3860  3872 I am_pss  : [18430,10197,com.panda.videoliveplatform:RBI,5488640,5091328,0]
04-29 09:41:21.290  3860  3872 I am_pss  : [15243,1000,com.qualcomm.qti.appnetaccess,5415936,4661248,0]
04-29 09:41:21.306  3860  3872 I am_pss  : [2346,10012,android.ext.services,21783552,21016576,0]
04-29 09:41:21.323  3860  3872 I am_pss  : [31994,10126,com.sina.weibo.image,9242624,8912896,0]
04-29 09:41:21.338  3860  3872 I am_pss  : [14170,10004,com.vivo.childrenmode,5683200,5083136,0]
04-29 09:41:21.353  3860  3872 I am_pss  : [4192,1000,com.volte.config,6013952,5316608,0]
04-29 09:41:21.368  3860  3872 I am_pss  : [7960,1000,org.simalliance.openmobileapi.service:remote,5343232,4751360,0]
04-29 09:41:21.383  3860  3872 I am_pss  : [5087,1001,com.qualcomm.qcrilmsgtunnel,5706752,5095424,0]
04-29 09:41:21.398  3860  3872 I am_pss  : [5744,10071,com.oma.drm.server,5374976,4775936,0]
04-29 09:41:21.414  3860  3872 I am_pss  : [5732,10017,com.baidu.map.location,15420416,14069760,0]
04-29 09:41:21.428  3860  3872 I am_pss  : [5718,1001,com.qualcomm.qti.loadcarrier,5004288,4403200,0]
04-29 09:41:21.444  3860  3872 I am_pss  : [5703,1000,.dataservices,9170944,8503296,0]
04-29 09:41:21.463  3860  3872 I am_pss  : [5692,1000,com.vivo.abe,20639744,19726336,0]
04-29 09:41:21.489  3860  3872 I am_pss  : [4889,1001,com.android.phone,38641664,36843520,0]
04-29 09:41:21.517  3860  3872 I am_pss  : [17388,1000,com.vivo.upslide,110979072,108572672,0]
04-29 09:41:21.532  3860  3872 I am_pss  : [4860,1000,com.android.server.telecom,8129536,7499776,0]
04-29 09:41:21.553  3860  3872 I am_pss  : [4724,1000,com.vivo.daemonService,25930752,24838144,0]
04-29 09:41:21.613  3860  3872 I am_pss  : [3860,1000,system,163590144,160649216,0]
04-29 09:41:22.550  3860  5771 I am_create_task: [0,371]
04-29 09:41:22.550  3860  5771 I am_create_activity: [0,104610088,371,com.tencent.news/.push.alive.offactivity.HollowActivity,NULL,NULL,NULL,276824064]
04-29 09:41:22.552  3860  5771 I wm_task_created: [371,1]
04-29 09:41:22.552  3860  5771 I wm_task_moved: [371,1,29]
04-29 09:41:22.553  3860  5771 I wm_task_moved: [371,1,29]
04-29 09:41:22.555  3860  5771 I am_focused_activity: [0,com.tencent.news/.push.alive.offactivity.HollowActivity,startedActivity]
04-29 09:41:22.568  3860  5771 I am_restart_activity: [0,104610088,371,com.tencent.news/.push.alive.offactivity.HollowActivity]
04-29 09:41:22.571  3860  5771 I am_pause_activity: [0,104610088,com.tencent.news/.push.alive.offactivity.HollowActivity]
04-29 09:41:22.584  3860  5771 I sysui_action: [323,com.tencent.news/.push.alive.offactivity.HollowActivity]
04-29 09:41:22.584  3860  5771 I sysui_action: [324,true]
04-29 09:41:22.584  3860  5771 I sysui_action: [325,429664]
04-29 09:41:22.625  3860  3882 I sysui_action: [320,3]
04-29 09:41:22.625  3860  3882 I sysui_action: [319,123]
04-29 09:41:22.725 29663 29663 I am_on_resume_called: [0,com.tencent.news.push.alive.offactivity.HollowActivity,LAUNCH_ACTIVITY]
04-29 09:41:22.793 29663 29663 I am_on_paused_called: [0,com.tencent.news.push.alive.offactivity.HollowActivity,handlePauseActivity]
04-29 09:41:22.798  3860  3873 I am_stop_activity: [0,104610088,com.tencent.news/.push.alive.offactivity.HollowActivity]
04-29 09:41:22.800  3860  3873 I sysui_count: [window_time_0,28]
04-29 09:41:22.831 29663 29663 I am_on_stop_called: [0,com.tencent.news.push.alive.offactivity.HollowActivity,sleeping]
04-29 09:41:22.866  3860  3882 I sysui_action: [322,364]
04-29 09:41:22.866  3860  3882 I am_activity_launch_time: [0,104610088,com.tencent.news/.push.alive.offactivity.HollowActivity,295,307]
04-29 09:41:22.889  3860  3860 I power_screen_broadcast_done: [0,3672,1]
04-29 09:41:24.179  3860 12152 I battery_level: [95,4295,387]
04-29 09:41:24.303  3860  5776 I am_new_intent: [0,9230133,371,com.tencent.news/.push.alive.offactivity.HollowActivity,NULL,NULL,NULL,276824064]
04-29 09:41:24.305  3860  5776 I wm_task_moved: [371,1,29]
04-29 09:41:24.319  3860  5776 I am_resume_activity: [0,104610088,371,com.tencent.news/.push.alive.offactivity.HollowActivity]
04-29 09:41:24.364  3860  5776 I am_pause_activity: [0,104610088,com.tencent.news/.push.alive.offactivity.HollowActivity]
04-29 09:41:24.425  3860  5776 I sysui_action: [323,com.tencent.news/.push.alive.offactivity.HollowActivity]
04-29 09:41:24.425  3860  5776 I sysui_action: [324,true]
04-29 09:41:24.425  3860  5776 I sysui_action: [325,429666]
04-29 09:41:24.435  3860  3882 I sysui_action: [320,3]
04-29 09:41:24.435  3860  3882 I sysui_action: [319,137]
04-29 09:41:24.436 29663 29663 I am_on_resume_called: [0,com.tencent.news.push.alive.offactivity.HollowActivity,RESUME_ACTIVITY]
04-29 09:41:24.437 29663 29663 I am_on_paused_called: [0,com.tencent.news.push.alive.offactivity.HollowActivity,handlePauseActivity]
04-29 09:41:24.440  3860  3873 I am_stop_activity: [0,104610088,com.tencent.news/.push.alive.offactivity.HollowActivity]
04-29 09:41:24.452 29663 29663 I am_on_stop_called: [0,com.tencent.news.push.alive.offactivity.HollowActivity,sleeping]
04-29 09:41:24.884  3860  3860 I free_storage_changed: 9093353472
04-29 09:41:25.109  3860  3860 I notification_enqueue: [10128,25763,com.tencent.mm,4101,NULL,0,Notification(pri=0 contentView=null vibrate=[] sound=null tick defaults=0x0 flags=0x101 color=0x00000000 category=msg vis=PRIVATE),0]
04-29 09:41:25.128  3860  3860 I notification_alert: [0|com.tencent.mm|4101|null|10128,0,0,1]
04-29 09:41:25.135  3860 12152 I notification_autogrouped: 0|com.tencent.mm|4100|null|10128
04-29 09:41:25.156  3860  4561 I notification_autogrouped: 0|com.tencent.mm|4100|null|10128
04-29 09:41:25.156  3860  4561 I notification_autogrouped: 0|com.tencent.mm|4097|null|10128
04-29 09:41:25.156  3860  4561 I notification_autogrouped: 0|com.tencent.mm|4101|null|10128
04-29 09:41:25.156  3860  4561 I notification_autogrouped: 0|com.tencent.mm|4099|null|10128
04-29 09:41:25.156  3860  4561 I notification_autogrouped: 0|com.tencent.mm|4098|null|10128
04-29 09:41:28.157  3860  3872 I am_pss  : [19428,10092,com.android.camera,37053440,33140736,0]
04-29 09:41:28.588  3860  3860 I notification_enqueue: [10128,25763,com.tencent.mm,4101,NULL,0,Notification(pri=0 contentView=null vibrate=[] sound=null tick defaults=0x0 flags=0x101 color=0x00000000 category=msg vis=PRIVATE),1]
04-29 09:41:28.600  3860  3860 I notification_alert: [0|com.tencent.mm|4101|null|10128,0,0,1]
04-29 09:41:28.613  3860  4911 I notification_autogrouped: 0|com.tencent.mm|4100|null|10128
04-29 09:41:28.627  3860  4707 I notification_autogrouped: 0|com.tencent.mm|4100|null|10128
04-29 09:41:28.627  3860  4707 I notification_autogrouped: 0|com.tencent.mm|4097|null|10128
04-29 09:41:28.627  3860  4707 I notification_autogrouped: 0|com.tencent.mm|4101|null|10128
04-29 09:41:28.627  3860  4707 I notification_autogrouped: 0|com.tencent.mm|4099|null|10128
04-29 09:41:28.627  3860  4707 I notification_autogrouped: 0|com.tencent.mm|4098|null|10128
04-29 09:41:30.437  3860  3860 I notification_enqueue: [10128,25763,com.tencent.mm,4101,NULL,0,Notification(pri=0 contentView=null vibrate=[] sound=null tick defaults=0x0 flags=0x101 color=0x00000000 category=msg vis=PRIVATE),1]
04-29 09:41:30.453  3860  3860 I notification_alert: [0|com.tencent.mm|4101|null|10128,0,0,1]
04-29 09:41:30.472  3860  4561 I notification_autogrouped: 0|com.tencent.mm|4100|null|10128
04-29 09:41:30.487  3860 12150 I notification_autogrouped: 0|com.tencent.mm|4100|null|10128
04-29 09:41:30.487  3860 12150 I notification_autogrouped: 0|com.tencent.mm|4097|null|10128
04-29 09:41:30.487  3860 12150 I notification_autogrouped: 0|com.tencent.mm|4101|null|10128
04-29 09:41:30.487  3860 12150 I notification_autogrouped: 0|com.tencent.mm|4099|null|10128
04-29 09:41:30.487  3860 12150 I notification_autogrouped: 0|com.tencent.mm|4098|null|10128
04-29 09:41:31.302  3860  3860 I notification_enqueue: [10128,25763,com.tencent.mm,4101,NULL,0,Notification(pri=0 contentView=null vibrate=[] sound=null tick defaults=0x0 flags=0x101 color=0x00000000 category=msg vis=PRIVATE),1]
04-29 09:41:31.315  3860  3860 I notification_alert: [0|com.tencent.mm|4101|null|10128,0,0,1]
04-29 09:41:31.327  3860 12150 I notification_autogrouped: 0|com.tencent.mm|4100|null|10128
04-29 09:41:31.342  3860  3870 I notification_autogrouped: 0|com.tencent.mm|4100|null|10128
04-29 09:41:31.343  3860  3870 I notification_autogrouped: 0|com.tencent.mm|4097|null|10128
04-29 09:41:31.343  3860  3870 I notification_autogrouped: 0|com.tencent.mm|4101|null|10128
04-29 09:41:31.343  3860  3870 I notification_autogrouped: 0|com.tencent.mm|4099|null|10128
04-29 09:41:31.343  3860  3870 I notification_autogrouped: 0|com.tencent.mm|4098|null|10128
04-29 09:41:32.220  3860  3860 I notification_enqueue: [10128,25763,com.tencent.mm,4101,NULL,0,Notification(pri=0 contentView=null vibrate=[] sound=null tick defaults=0x0 flags=0x101 color=0x00000000 category=msg vis=PRIVATE),1]
04-29 09:41:32.230  3860  3860 I notification_alert: [0|com.tencent.mm|4101|null|10128,0,0,1]
04-29 09:41:32.238  3860 12146 I notification_autogrouped: 0|com.tencent.mm|4100|null|10128
04-29 09:41:32.255  3860  3871 I notification_autogrouped: 0|com.tencent.mm|4100|null|10128
04-29 09:41:32.255  3860  3871 I notification_autogrouped: 0|com.tencent.mm|4097|null|10128
04-29 09:41:32.255  3860  3871 I notification_autogrouped: 0|com.tencent.mm|4101|null|10128
04-29 09:41:32.255  3860  3871 I notification_autogrouped: 0|com.tencent.mm|4099|null|10128
04-29 09:41:32.255  3860  3871 I notification_autogrouped: 0|com.tencent.mm|4098|null|10128
04-29 09:41:32.653  3860  3872 I am_pss  : [6896,10063,com.iqoo.secure:remote,37927936,37011456,0]
04-29 09:41:33.199  3860  3860 I notification_enqueue: [10128,25763,com.tencent.mm,4101,NULL,0,Notification(pri=0 contentView=null vibrate=[] sound=null tick defaults=0x0 flags=0x101 color=0x00000000 category=msg vis=PRIVATE),1]
04-29 09:41:33.212  3860  3860 I notification_alert: [0|com.tencent.mm|4101|null|10128,0,0,1]
04-29 09:41:33.224  3860 20069 I notification_autogrouped: 0|com.tencent.mm|4100|null|10128
04-29 09:41:33.238  3860 18540 I notification_autogrouped: 0|com.tencent.mm|4100|null|10128
04-29 09:41:33.238  3860 18540 I notification_autogrouped: 0|com.tencent.mm|4097|null|10128
04-29 09:41:33.238  3860 18540 I notification_autogrouped: 0|com.tencent.mm|4101|null|10128
04-29 09:41:33.238  3860 18540 I notification_autogrouped: 0|com.tencent.mm|4099|null|10128
04-29 09:41:33.238  3860 18540 I notification_autogrouped: 0|com.tencent.mm|4098|null|10128
04-29 09:41:35.916  3860  3860 I notification_enqueue: [10128,25763,com.tencent.mm,4101,NULL,0,Notification(pri=0 contentView=null vibrate=[] sound=null tick defaults=0x0 flags=0x101 color=0x00000000 category=msg vis=PRIVATE),1]
04-29 09:41:35.935  3860  3860 I notification_alert: [0|com.tencent.mm|4101|null|10128,0,0,1]
04-29 09:41:35.944  3860  3871 I notification_autogrouped: 0|com.tencent.mm|4100|null|10128
04-29 09:41:35.960  3860  4706 I notification_autogrouped: 0|com.tencent.mm|4100|null|10128
04-29 09:41:35.960  3860  4706 I notification_autogrouped: 0|com.tencent.mm|4097|null|10128
04-29 09:41:35.960  3860  4706 I notification_autogrouped: 0|com.tencent.mm|4101|null|10128
04-29 09:41:35.960  3860  4706 I notification_autogrouped: 0|com.tencent.mm|4099|null|10128
04-29 09:41:35.960  3860  4706 I notification_autogrouped: 0|com.tencent.mm|4098|null|10128
04-29 09:41:36.398  3860  3860 I notification_enqueue: [10128,25763,com.tencent.mm,4101,NULL,0,Notification(pri=0 contentView=null vibrate=[] sound=null tick defaults=0x0 flags=0x101 color=0x00000000 category=msg vis=PRIVATE),1]
04-29 09:41:36.449  3860  3860 I notification_alert: [0|com.tencent.mm|4101|null|10128,0,0,1]
04-29 09:41:36.465  3860 12149 I notification_autogrouped: 0|com.tencent.mm|4100|null|10128
04-29 09:41:36.471  3860  5779 I notification_autogrouped: 0|com.tencent.mm|4100|null|10128
04-29 09:41:36.471  3860  5779 I notification_autogrouped: 0|com.tencent.mm|4097|null|10128
04-29 09:41:36.471  3860  5779 I notification_autogrouped: 0|com.tencent.mm|4101|null|10128
04-29 09:41:36.471  3860  5779 I notification_autogrouped: 0|com.tencent.mm|4099|null|10128
04-29 09:41:36.471  3860  5779 I notification_autogrouped: 0|com.tencent.mm|4098|null|10128
04-29 09:41:37.629  3860  3860 I notification_enqueue: [10128,25763,com.tencent.mm,4101,NULL,0,Notification(pri=0 contentView=null vibrate=[] sound=null tick defaults=0x0 flags=0x101 color=0x00000000 category=msg vis=PRIVATE),1]
04-29 09:41:37.644  3860  3860 I notification_alert: [0|com.tencent.mm|4101|null|10128,0,0,1]
04-29 09:41:37.658  3860  5774 I notification_autogrouped: 0|com.tencent.mm|4100|null|10128
04-29 09:41:37.672  3860 12148 I notification_autogrouped: 0|com.tencent.mm|4100|null|10128
04-29 09:41:37.672  3860 12148 I notification_autogrouped: 0|com.tencent.mm|4097|null|10128
04-29 09:41:37.672  3860 12148 I notification_autogrouped: 0|com.tencent.mm|4101|null|10128
04-29 09:41:37.672  3860 12148 I notification_autogrouped: 0|com.tencent.mm|4099|null|10128
04-29 09:41:37.672  3860 12148 I notification_autogrouped: 0|com.tencent.mm|4098|null|10128
04-29 09:41:39.567  3860  3860 I notification_enqueue: [10128,25763,com.tencent.mm,4101,NULL,0,Notification(pri=0 contentView=null vibrate=[] sound=null tick defaults=0x0 flags=0x101 color=0x00000000 category=msg vis=PRIVATE),1]
04-29 09:41:39.580  3860  3860 I notification_alert: [0|com.tencent.mm|4101|null|10128,0,0,1]
04-29 09:41:39.590  3860 12146 I notification_autogrouped: 0|com.tencent.mm|4100|null|10128
04-29 09:41:39.602  3860 20066 I notification_autogrouped: 0|com.tencent.mm|4100|null|10128
04-29 09:41:39.602  3860 20066 I notification_autogrouped: 0|com.tencent.mm|4097|null|10128
04-29 09:41:39.602  3860 20066 I notification_autogrouped: 0|com.tencent.mm|4101|null|10128
04-29 09:41:39.602  3860 20066 I notification_autogrouped: 0|com.tencent.mm|4099|null|10128
04-29 09:41:39.603  3860 20066 I notification_autogrouped: 0|com.tencent.mm|4098|null|10128
04-29 09:41:39.674  3860  3872 I am_pss  : [11934,1000,com.qti.service.colorservice,5641216,4997120,0]
04-29 09:41:39.722  3860  3872 I am_pss  : [23447,10129,com.tencent.mobileqq:MSF,25150464,24555520,0]
04-29 09:41:39.766  3860  3872 I am_pss  : [5888,1000,com.vivo.doubleinstance,5960704,5382144,0]
04-29 09:41:39.902  3860  3872 I am_pss  : [21929,10212,com.ss.android.essay.joke,167021568,166133760,0]
04-29 09:41:39.939  3860  3872 I am_pss  : [4529,10062,com.baidu.input_bbk.service,57657344,55451648,0]
04-29 09:41:39.965  3860  3872 I am_pss  : [22559,10212,com.ss.android.essay.joke:ttplayer,48626688,48156672,0]
04-29 09:41:39.983  3860  3872 I am_pss  : [11838,10085,com.vivo.secime.service,17853440,16273408,0]
04-29 09:41:40.040  3860  3872 I am_pss  : [23389,10129,com.tencent.mobileqq,188332032,187449344,0]
04-29 09:41:40.060  3860  3872 I am_pss  : [5160,10101,com.vivo.sdkplugin,14747648,14360576,0]
04-29 09:41:40.080  3860  3860 I notification_enqueue: [10128,25763,com.tencent.mm,4101,NULL,0,Notification(pri=0 contentView=null vibrate=[] sound=null tick defaults=0x0 flags=0x101 color=0x00000000 category=msg vis=PRIVATE),1]
04-29 09:41:40.090  3860  3860 I notification_alert: [0|com.tencent.mm|4101|null|10128,0,0,1]
04-29 09:41:40.099  3860 12147 I notification_autogrouped: 0|com.tencent.mm|4100|null|10128
04-29 09:41:40.102  3860  3872 I am_pss  : [10907,10167,com.kugou.android,115117056,114122752,0]
04-29 09:41:40.106  3860  4910 I notification_autogrouped: 0|com.tencent.mm|4100|null|10128
04-29 09:41:40.106  3860  4910 I notification_autogrouped: 0|com.tencent.mm|4097|null|10128
04-29 09:41:40.106  3860  4910 I notification_autogrouped: 0|com.tencent.mm|4101|null|10128
04-29 09:41:40.106  3860  4910 I notification_autogrouped: 0|com.tencent.mm|4099|null|10128
04-29 09:41:40.106  3860  4910 I notification_autogrouped: 0|com.tencent.mm|4098|null|10128
04-29 09:41:40.130  3860  3872 I am_pss  : [10969,10167,com.kugou.android.support,31598592,30904320,0]
04-29 09:41:40.152  3860  3872 I am_pss  : [4771,1000,com.vivo.smartmultiwindow,52413440,51261440,0]
04-29 09:41:40.171  3860  3872 I am_pss  : [15771,10193,com.netease.cloudmusic,15128576,14520320,0]
04-29 09:41:40.194  3860  3872 I am_pss  : [10273,10193,com.netease.cloudmusic:play,29189120,28639232,0]
04-29 09:41:40.215  3860  3872 I am_pss  : [5764,10010,android.process.media,34775040,33775616,0]
04-29 09:41:40.233  3860  3872 I am_pss  : [17286,10214,com.garena.msdk.pushservice2,6297600,5906432,0]
04-29 09:41:40.252  3860  3872 I am_pss  : [18414,10197,com.panda.videoliveplatform:ps,6207488,5775360,0]
04-29 09:41:40.275  3860  3872 I am_pss  : [7253,1000,com.android.bbklog,24040448,22052864,0]
04-29 09:41:40.291  3860  3872 I am_pss  : [5831,10081,com.vivo.safecenter,9713664,8937472,0]
04-29 09:41:40.326  3860  3872 I am_pss  : [26919,10218,com.tencent.qqmusic:QQPlayerService,30815232,30171136,0]
04-29 09:41:40.343  3860  3872 I am_pss  : [12587,10213,tv.danmaku.bili:pushservice,9726976,9302016,0]
04-29 09:41:40.364  3860  3872 I am_pss  : [14987,10139,com.vivo.devicereg,19908608,18825216,0]
04-29 09:41:40.381  3860  3872 I am_pss  : [19847,10184,com.maimiao.live.tv:core,7298048,6873088,0]
04-29 09:41:40.404  3860  3872 I am_pss  : [17029,10194,com.achievo.vipshop.MqttService,26611712,26095616,0]
04-29 09:41:40.425  3860  3872 I am_pss  : [27779,10128,com.tencent.mm:tools,22396928,21864448,0]
04-29 09:41:40.441  3860  3872 I am_pss  : [4634,10028,com.vivo.audiofx,8774656,8130560,0]
04-29 09:41:40.462  3860  3872 I am_pss  : [15679,10110,com.chaozh.iReader,14686208,14188544,0]
04-29 09:41:40.480  3860  3872 I am_pss  : [9848,10035,com.android.bbkmusic,8962048,8441856,0]
04-29 09:41:40.496  3860  3872 I am_pss  : [28889,10055,com.vivo.doubletimezoneclock,11282432,10113024,0]
04-29 09:41:40.518  3860  3872 I am_pss  : [19912,10184,com.maimiao.live.tv:push,10867712,10452992,0]
04-29 09:41:40.534  3860  3872 I am_pss  : [14930,10208,com.tencent.tmgp.sgame,8788992,8429568,0]
04-29 09:41:40.552  3860  3872 I am_pss  : [8911,10136,com.immomo.momo,11707392,11378688,0]
04-29 09:41:40.569  3860  3872 I am_pss  : [27951,10214,com.garena.game.kgtw:xg_service_v2,9264128,8822784,0]
04-29 09:41:40.585  3860  3872 I am_pss  : [31376,1000,com.vivo.abe:pushservice_v1,12518400,11595776,0]
04-29 09:41:40.603  3860  3872 I am_pss  : [5209,10001,android.process.acore,45062144,44187648,0]
04-29 09:41:40.624  3860  3872 I am_pss  : [7283,1000,com.vivo.permissionmanager,22774784,21721088,0]
04-29 09:41:40.639  3860  3872 I am_pss  : [4516,1000,com.vivo.appfilter,9411584,8667136,0]
04-29 09:41:40.658  3860  3872 I am_pss  : [24021,10134,com.vivo.PCTools,17717248,16764928,0]
04-29 09:41:40.674  3860  3872 I am_pss  : [5026,10001,com.vivo.sim.contacts,5800960,5201920,0]
04-29 09:41:40.694  3860  3872 I am_pss  : [27531,10129,com.tencent.mobileqq:peak,25887744,25448448,0]
04-29 09:41:40.710  3860  3872 I am_pss  : [18430,10197,com.panda.videoliveplatform:RBI,5487616,5091328,0]
04-29 09:41:40.725  3860  3872 I am_pss  : [15243,1000,com.qualcomm.qti.appnetaccess,5415936,4661248,0]
04-29 09:41:40.741  3860  3872 I am_pss  : [2346,10012,android.ext.services,12239872,11468800,0]
04-29 09:41:40.759  3860  3872 I am_pss  : [31994,10126,com.sina.weibo.image,9246720,8916992,0]
04-29 09:41:40.780  3860  3872 I am_pss  : [14170,10004,com.vivo.childrenmode,5682176,5083136,0]
04-29 09:41:40.795  3860  3872 I am_pss  : [4192,1000,com.volte.config,6013952,5316608,0]
04-29 09:41:40.810  3860  3872 I am_pss  : [7960,1000,org.simalliance.openmobileapi.service:remote,5344256,4751360,0]
04-29 09:41:40.825  3860  3872 I am_pss  : [5087,1001,com.qualcomm.qcrilmsgtunnel,5706752,5095424,0]
04-29 09:41:40.842  3860  3872 I am_pss  : [23302,10089,com.vlife.vivo.wallpaper:main,17366016,13443072,0]
04-29 09:41:44.625  3860  3872 I am_pss  : [29663,10130,com.tencent.news:PushService,22273024,20426752,0]
04-29 09:41:52.406  3860  3872 I am_pss  : [8013,10008,com.android.dialer,35046400,33841152,0]
04-29 09:41:52.442  3860  3872 I am_pss  : [9313,10063,com.iqoo.secure,40471552,39383040,0]
04-29 09:41:52.577  3860  3872 I am_pss  : [27210,10214,com.garena.game.kgtw,419869696,418799616,0]
04-29 09:41:52.621  3860  3872 I am_pss  : [31366,10130,com.tencent.news,120398848,119689216,0]
04-29 09:41:52.653  3860  3872 I am_pss  : [12266,10213,tv.danmaku.bili,67568640,66564096,0]
04-29 09:41:52.675  3860  3872 I am_pss  : [11089,10016,com.android.mms,89315328,87748608,0]
04-29 09:41:52.689  3860  3872 I am_pss  : [24863,10041,com.android.BBKClock,15852544,14999552,0]
04-29 09:41:52.709  3860  3872 I am_pss  : [29238,10040,com.bbk.theme,29427712,29106176,0]
04-29 09:41:52.724  3860  3872 I am_pss  : [23287,10087,com.bbk.updater,8481792,5509120,0]
04-29 09:41:52.743  3860  3872 I am_pss  : [5499,10194,com.achievo.vipshop,14905344,14340096,0]
04-29 09:41:52.759  3860  3872 I am_pss  : [2002,10197,com.panda.videoliveplatform,8014848,7585792,0]
04-29 09:41:52.774  3860  3872 I am_pss  : [20506,10059,com.vivo.findphone,3456000,3047424,0]
04-29 09:41:59.102  3860  3872 I am_pss  : [19455,10097,com.vivo.gallery,62731264,60223488,0]
04-29 09:42:00.568  3860 12151 I battery_level: [96,4310,385]
04-29 09:42:02.650  3860  3872 I am_pss  : [17126,10218,com.tencent.qqmusic,31269888,30408704,0]
04-29 09:42:05.947  3860  5779 I battery_level: [95,4286,382]
04-29 09:42:12.656  3860 12148 I battery_level: [96,4311,382]
04-29 09:42:22.528  3860  3872 I am_pss  : [20338,10194,com.achievo.vipshop:remote,15404032,14622720,0]
04-29 09:42:49.782  3860  3872 I am_pss  : [23302,10089,com.vlife.vivo.wallpaper:main,17124352,13205504,0]
04-29 09:43:02.653  3860  3860 I notification_enqueue: [10064,9380,com.bbk.iqoo.logsystem,3,NULL,0,Notification(pri=-2 contentView=com.bbk.iqoo.logsystem/0x3030028 vibrate=null sound=null defaults=0x0 flags=0x40 color=0xff607d8b vis=PRIVATE),1]
04-29 09:43:02.681  3860 18540 I notification_autogrouped: 0|com.bbk.iqoo.logsystem|3|null|10064
04-29 09:43:02.692  3860  4911 I notification_autogrouped: 0|com.bbk.iqoo.logsystem|3|null|10064
04-29 09:43:02.728  3860 12151 I am_new_intent: [0,22032725,371,com.tencent.news/.push.alive.offactivity.HollowActivity,NULL,NULL,NULL,276824064]
04-29 09:43:02.729  3860 12151 I wm_task_moved: [371,1,29]
04-29 09:43:02.736  3860 12151 I am_resume_activity: [0,104610088,371,com.tencent.news/.push.alive.offactivity.HollowActivity]
04-29 09:43:02.768  3860 12151 I am_pause_activity: [0,104610088,com.tencent.news/.push.alive.offactivity.HollowActivity]
04-29 09:43:02.787  3860 12151 I sysui_action: [323,com.tencent.news/.push.alive.offactivity.HollowActivity]
04-29 09:43:02.787  3860 12151 I sysui_action: [324,true]
04-29 09:43:02.787  3860 12151 I sysui_action: [325,429764]
04-29 09:43:02.794 29663 29663 I am_on_resume_called: [0,com.tencent.news.push.alive.offactivity.HollowActivity,RESUME_ACTIVITY]
04-29 09:43:02.801 29663 29663 I am_on_paused_called: [0,com.tencent.news.push.alive.offactivity.HollowActivity,handlePauseActivity]
04-29 09:43:02.806  3860  3873 I am_stop_activity: [0,104610088,com.tencent.news/.push.alive.offactivity.HollowActivity]
04-29 09:43:02.808 29663 29663 I am_on_stop_called: [0,com.tencent.news.push.alive.offactivity.HollowActivity,sleeping]
04-29 09:43:41.770  3860  3872 I am_pss  : [6896,10063,com.iqoo.secure:remote,37030912,36089856,0]
04-29 09:43:41.800  3860  3872 I am_pss  : [5744,10071,com.oma.drm.server,5374976,4775936,0]
04-29 09:43:41.832  3860  3872 I am_pss  : [5732,10017,com.baidu.map.location,15434752,14090240,0]
04-29 09:43:41.857  3860  3872 I am_pss  : [5718,1001,com.qualcomm.qti.loadcarrier,5003264,4403200,0]
04-29 09:43:41.881  3860  3872 I am_pss  : [5703,1000,.dataservices,9209856,8540160,0]
04-29 09:43:41.904  3860  3872 I am_pss  : [5692,1000,com.vivo.abe,20793344,19886080,0]
04-29 09:43:41.936  3860  3872 I am_pss  : [4889,1001,com.android.phone,39027712,37216256,0]
04-29 09:43:41.966  3860  3872 I am_pss  : [17388,1000,com.vivo.upslide,111122432,108875776,0]
04-29 09:43:41.981  3860  3872 I am_pss  : [4860,1000,com.android.server.telecom,8127488,7499776,0]
04-29 09:43:42.000  3860  3872 I am_pss  : [4724,1000,com.vivo.daemonService,26356736,25264128,0]
04-29 09:43:42.035  3860  3872 I am_pss  : [4538,10024,com.android.systemui,143524864,135032832,0]
04-29 09:43:42.091  3860  3872 I am_pss  : [3860,1000,system,165655552,162627584,0]
04-29 09:43:42.228  3860  3860 I notification_enqueue: [10128,25763,com.tencent.mm,4097,NULL,0,Notification(pri=0 contentView=null vibrate=[] sound=null tick defaults=0x0 flags=0x101 color=0x00000000 category=msg vis=PRIVATE),1]
04-29 09:43:42.238  3860  3860 I notification_alert: [0|com.tencent.mm|4097|null|10128,0,0,1]
04-29 09:43:42.262  3860 12148 I notification_autogrouped: 0|com.tencent.mm|4100|null|10128
04-29 09:43:42.274  3860  5776 I notification_autogrouped: 0|com.tencent.mm|4100|null|10128
04-29 09:43:42.274  3860  5776 I notification_autogrouped: 0|com.tencent.mm|4097|null|10128
04-29 09:43:42.274  3860  5776 I notification_autogrouped: 0|com.tencent.mm|4101|null|10128
04-29 09:43:42.274  3860  5776 I notification_autogrouped: 0|com.tencent.mm|4099|null|10128
04-29 09:43:42.274  3860  5776 I notification_autogrouped: 0|com.tencent.mm|4098|null|10128
04-29 09:43:42.740  3860  3860 I notification_enqueue: [10128,25763,com.tencent.mm,4097,NULL,0,Notification(pri=0 contentView=null vibrate=[] sound=null tick defaults=0x0 flags=0x101 color=0x00000000 category=msg vis=PRIVATE),1]
04-29 09:43:42.753  3860  3860 I notification_alert: [0|com.tencent.mm|4097|null|10128,0,0,1]
04-29 09:43:42.765  3860  4707 I notification_autogrouped: 0|com.tencent.mm|4100|null|10128
04-29 09:43:42.781  3860 12150 I notification_autogrouped: 0|com.tencent.mm|4100|null|10128
04-29 09:43:42.781  3860 12150 I notification_autogrouped: 0|com.tencent.mm|4097|null|10128
04-29 09:43:42.781  3860 12150 I notification_autogrouped: 0|com.tencent.mm|4101|null|10128
04-29 09:43:42.781  3860 12150 I notification_autogrouped: 0|com.tencent.mm|4099|null|10128
04-29 09:43:42.781  3860 12150 I notification_autogrouped: 0|com.tencent.mm|4098|null|10128
04-29 09:43:42.905  3860 12149 I am_proc_died: [0,22994,com.tencent.mobileqq:tool]
04-29 09:43:42.920  3860 12149 I am_schedule_service_restart: [0,com.tencent.mobileqq/cooperation.qqindividuality.ipc.QQIndividualityPluginProxyService,1000]
04-29 09:43:43.479  3860  3873 I am_proc_start: [0,23736,10129,com.tencent.mobileqq:tool,broadcast,com.tencent.mobileqq/.webprocess.WebProcessReceiver]
04-29 09:43:43.616  3860 12153 I am_proc_bound: [0,23736,com.tencent.mobileqq:tool]
04-29 09:43:45.708  3860  5779 I am_meminfo: [-25587712,356126720,0,494325760,357694464]
04-29 09:43:45.753  3860  3860 I notification_enqueue: [10128,25763,com.tencent.mm,4097,NULL,0,Notification(pri=0 contentView=null vibrate=[] sound=null tick defaults=0x0 flags=0x101 color=0x00000000 category=msg vis=PRIVATE),1]
04-29 09:43:45.768  3860  3860 I notification_alert: [0|com.tencent.mm|4097|null|10128,0,0,1]
04-29 09:43:45.786  3860  4706 I notification_autogrouped: 0|com.tencent.mm|4100|null|10128
04-29 09:43:45.793  3860  4562 I notification_autogrouped: 0|com.tencent.mm|4100|null|10128
04-29 09:43:45.793  3860  4562 I notification_autogrouped: 0|com.tencent.mm|4097|null|10128
04-29 09:43:45.793  3860  4562 I notification_autogrouped: 0|com.tencent.mm|4101|null|10128
04-29 09:43:45.793  3860  4562 I notification_autogrouped: 0|com.tencent.mm|4099|null|10128
04-29 09:43:45.793  3860  4562 I notification_autogrouped: 0|com.tencent.mm|4098|null|10128
04-29 09:43:46.314  3860  3860 I notification_enqueue: [10128,25763,com.tencent.mm,4097,NULL,0,Notification(pri=0 contentView=null vibrate=[] sound=null tick defaults=0x0 flags=0x101 color=0x00000000 category=msg vis=PRIVATE),1]
04-29 09:43:46.325  3860  3860 I notification_alert: [0|com.tencent.mm|4097|null|10128,0,0,1]
04-29 09:43:46.331  3860 20066 I notification_autogrouped: 0|com.tencent.mm|4100|null|10128
04-29 09:43:46.342  3860 12147 I notification_autogrouped: 0|com.tencent.mm|4100|null|10128
04-29 09:43:46.342  3860 12147 I notification_autogrouped: 0|com.tencent.mm|4097|null|10128
04-29 09:43:46.342  3860 12147 I notification_autogrouped: 0|com.tencent.mm|4101|null|10128
04-29 09:43:46.342  3860 12147 I notification_autogrouped: 0|com.tencent.mm|4099|null|10128
04-29 09:43:46.342  3860 12147 I notification_autogrouped: 0|com.tencent.mm|4098|null|10128
04-29 09:43:47.995  3860  3860 I notification_enqueue: [10128,25763,com.tencent.mm,4097,NULL,0,Notification(pri=0 contentView=null vibrate=[] sound=null tick defaults=0x0 flags=0x101 color=0x00000000 category=msg vis=PRIVATE),1]
04-29 09:43:48.008  3860  3860 I notification_alert: [0|com.tencent.mm|4097|null|10128,0,0,1]
04-29 09:43:48.019  3860  3870 I notification_autogrouped: 0|com.tencent.mm|4100|null|10128
04-29 09:43:48.040  3860  4706 I notification_autogrouped: 0|com.tencent.mm|4100|null|10128
04-29 09:43:48.040  3860  4706 I notification_autogrouped: 0|com.tencent.mm|4097|null|10128
04-29 09:43:48.040  3860  4706 I notification_autogrouped: 0|com.tencent.mm|4101|null|10128
04-29 09:43:48.040  3860  4706 I notification_autogrouped: 0|com.tencent.mm|4099|null|10128
04-29 09:43:48.040  3860  4706 I notification_autogrouped: 0|com.tencent.mm|4098|null|10128
04-29 09:43:48.176  3860  3860 I notification_enqueue: [10128,25763,com.tencent.mm,4097,NULL,0,Notification(pri=0 contentView=null vibrate=[] sound=null tick defaults=0x0 flags=0x101 color=0x00000000 category=msg vis=PRIVATE),1]
04-29 09:43:48.186  3860  3860 I notification_alert: [0|com.tencent.mm|4097|null|10128,0,0,1]
04-29 09:43:48.203  3860 17345 I notification_autogrouped: 0|com.tencent.mm|4100|null|10128
04-29 09:43:48.210  3860 12153 I notification_autogrouped: 0|com.tencent.mm|4100|null|10128
04-29 09:43:48.210  3860 12153 I notification_autogrouped: 0|com.tencent.mm|4097|null|10128
04-29 09:43:48.210  3860 12153 I notification_autogrouped: 0|com.tencent.mm|4101|null|10128
04-29 09:43:48.210  3860 12153 I notification_autogrouped: 0|com.tencent.mm|4099|null|10128
04-29 09:43:48.210  3860 12153 I notification_autogrouped: 0|com.tencent.mm|4098|null|10128
04-29 09:43:48.599  3860  3860 I notification_enqueue: [10128,25763,com.tencent.mm,4097,NULL,0,Notification(pri=0 contentView=null vibrate=[] sound=null tick defaults=0x0 flags=0x101 color=0x00000000 category=msg vis=PRIVATE),1]
04-29 09:43:48.611  3860  3860 I notification_alert: [0|com.tencent.mm|4097|null|10128,0,0,1]
04-29 09:43:48.630  3860 12150 I notification_autogrouped: 0|com.tencent.mm|4100|null|10128
04-29 09:43:48.644  3860 18540 I notification_autogrouped: 0|com.tencent.mm|4100|null|10128
04-29 09:43:48.644  3860 18540 I notification_autogrouped: 0|com.tencent.mm|4097|null|10128
04-29 09:43:48.644  3860 18540 I notification_autogrouped: 0|com.tencent.mm|4101|null|10128
04-29 09:43:48.644  3860 18540 I notification_autogrouped: 0|com.tencent.mm|4099|null|10128
04-29 09:43:48.644  3860 18540 I notification_autogrouped: 0|com.tencent.mm|4098|null|10128
04-29 09:43:50.543  3860  3860 I notification_enqueue: [10128,25763,com.tencent.mm,4097,NULL,0,Notification(pri=0 contentView=null vibrate=[] sound=null tick defaults=0x0 flags=0x101 color=0x00000000 category=msg vis=PRIVATE),1]
04-29 09:43:50.555  3860  3860 I notification_alert: [0|com.tencent.mm|4097|null|10128,0,0,1]
04-29 09:43:50.563  3860  5776 I notification_autogrouped: 0|com.tencent.mm|4100|null|10128
04-29 09:43:50.579  3860  4706 I notification_autogrouped: 0|com.tencent.mm|4100|null|10128
04-29 09:43:50.579  3860  4706 I notification_autogrouped: 0|com.tencent.mm|4097|null|10128
04-29 09:43:50.580  3860  4706 I notification_autogrouped: 0|com.tencent.mm|4101|null|10128
04-29 09:43:50.580  3860  4706 I notification_autogrouped: 0|com.tencent.mm|4099|null|10128
04-29 09:43:50.580  3860  4706 I notification_autogrouped: 0|com.tencent.mm|4098|null|10128
04-29 09:43:51.536  3860  3860 I notification_enqueue: [10128,25763,com.tencent.mm,4097,NULL,0,Notification(pri=0 contentView=null vibrate=[] sound=null tick defaults=0x0 flags=0x101 color=0x00000000 category=msg vis=PRIVATE),1]
04-29 09:43:51.548  3860  3860 I notification_alert: [0|com.tencent.mm|4097|null|10128,0,0,1]
04-29 09:43:51.563  3860 12150 I notification_autogrouped: 0|com.tencent.mm|4100|null|10128
04-29 09:43:51.624  3860 20071 I notification_autogrouped: 0|com.tencent.mm|4100|null|10128
04-29 09:43:51.624  3860 20071 I notification_autogrouped: 0|com.tencent.mm|4097|null|10128
04-29 09:43:51.624  3860 20071 I notification_autogrouped: 0|com.tencent.mm|4101|null|10128
04-29 09:43:51.624  3860 20071 I notification_autogrouped: 0|com.tencent.mm|4099|null|10128
04-29 09:43:51.624  3860 20071 I notification_autogrouped: 0|com.tencent.mm|4098|null|10128
04-29 09:43:51.766  3860  3860 I notification_enqueue: [10128,25763,com.tencent.mm,4097,NULL,0,Notification(pri=0 contentView=null vibrate=[] sound=null tick defaults=0x0 flags=0x101 color=0x00000000 category=msg vis=PRIVATE),1]
04-29 09:43:51.777  3860  3860 I notification_alert: [0|com.tencent.mm|4097|null|10128,0,0,1]
04-29 09:43:51.790  3860 20066 I notification_autogrouped: 0|com.tencent.mm|4100|null|10128
04-29 09:43:51.807  3860  3870 I notification_autogrouped: 0|com.tencent.mm|4100|null|10128
04-29 09:43:51.807  3860  3870 I notification_autogrouped: 0|com.tencent.mm|4097|null|10128
04-29 09:43:51.807  3860  3870 I notification_autogrouped: 0|com.tencent.mm|4101|null|10128
04-29 09:43:51.807  3860  3870 I notification_autogrouped: 0|com.tencent.mm|4099|null|10128
04-29 09:43:51.807  3860  3870 I notification_autogrouped: 0|com.tencent.mm|4098|null|10128
04-29 09:43:52.185  3860  3860 I notification_enqueue: [10128,25763,com.tencent.mm,4097,NULL,0,Notification(pri=0 contentView=null vibrate=[] sound=null tick defaults=0x0 flags=0x101 color=0x00000000 category=msg vis=PRIVATE),1]
04-29 09:43:52.195  3860  3860 I notification_alert: [0|com.tencent.mm|4097|null|10128,0,0,1]
04-29 09:43:52.204  3860  5774 I notification_autogrouped: 0|com.tencent.mm|4100|null|10128
04-29 09:43:52.220  3860  5779 I notification_autogrouped: 0|com.tencent.mm|4100|null|10128
04-29 09:43:52.220  3860  5779 I notification_autogrouped: 0|com.tencent.mm|4097|null|10128
04-29 09:43:52.220  3860  5779 I notification_autogrouped: 0|com.tencent.mm|4101|null|10128
04-29 09:43:52.220  3860  5779 I notification_autogrouped: 0|com.tencent.mm|4099|null|10128
04-29 09:43:52.220  3860  5779 I notification_autogrouped: 0|com.tencent.mm|4098|null|10128
04-29 09:43:57.326  3860  3860 I notification_enqueue: [10128,25763,com.tencent.mm,4097,NULL,0,Notification(pri=0 contentView=null vibrate=[] sound=null tick defaults=0x0 flags=0x101 color=0x00000000 category=msg vis=PRIVATE),1]
04-29 09:43:57.343  3860  3860 I notification_alert: [0|com.tencent.mm|4097|null|10128,0,0,1]
04-29 09:43:57.356  3860 20066 I notification_autogrouped: 0|com.tencent.mm|4100|null|10128
04-29 09:43:57.369  3860 18540 I notification_autogrouped: 0|com.tencent.mm|4100|null|10128
04-29 09:43:57.369  3860 18540 I notification_autogrouped: 0|com.tencent.mm|4097|null|10128
04-29 09:43:57.369  3860 18540 I notification_autogrouped: 0|com.tencent.mm|4101|null|10128
04-29 09:43:57.369  3860 18540 I notification_autogrouped: 0|com.tencent.mm|4099|null|10128
04-29 09:43:57.369  3860 18540 I notification_autogrouped: 0|com.tencent.mm|4098|null|10128
04-29 09:44:24.887  3860  3860 I free_storage_changed: 9076617216
04-29 09:44:26.827  3860  4173 I am_wtf  : [0,3860,system_server,-1,ActivityManager,Sending non-protected broadcast MqttService.pingSender.380003444930953889 from system uid 1000 pkg com.vivo.abe]
04-29 09:44:26.867  3860  3860 I notification_enqueue: [10064,9380,com.bbk.iqoo.logsystem,3,NULL,0,Notification(pri=-2 contentView=com.bbk.iqoo.logsystem/0x3030028 vibrate=null sound=null defaults=0x0 flags=0x40 color=0xff607d8b vis=PRIVATE),1]
04-29 09:44:26.886  3860  4706 I notification_autogrouped: 0|com.bbk.iqoo.logsystem|3|null|10064
04-29 09:44:26.887  3860 12153 I notification_autogrouped: 0|com.bbk.iqoo.logsystem|3|null|10064
04-29 09:44:26.977  3860  3872 I am_pss  : [23736,10129,com.tencent.mobileqq:tool,79625216,75448320,0]
04-29 09:44:27.004  3860  3872 I am_pss  : [19638,10212,com.ss.android.essay.joke:push,11060224,10174464,0]
04-29 09:44:53.737  3860 12146 I am_proc_start: [0,25082,10077,com.android.printspooler,service,com.android.printspooler/.model.PrintSpoolerService]
04-29 09:44:53.804  3860 20069 I am_proc_bound: [0,25082,com.android.printspooler]
04-29 09:44:59.010  3860  3871 I am_kill : [0,20506,com.vivo.findphone,906,empty for 3473s]
04-29 09:44:59.072  3860  4911 I am_proc_died: [0,20506,com.vivo.findphone]
04-29 09:45:04.082  3860  3860 I notification_enqueue: [10128,25763,com.tencent.mm,4097,NULL,0,Notification(pri=0 contentView=null vibrate=[] sound=null tick defaults=0x0 flags=0x101 color=0x00000000 category=msg vis=PRIVATE),1]
04-29 09:45:04.093  3860  3860 I notification_alert: [0|com.tencent.mm|4097|null|10128,0,0,1]
04-29 09:45:04.103  3860 20072 I notification_autogrouped: 0|com.tencent.mm|4100|null|10128
04-29 09:45:04.115  3860 12147 I notification_autogrouped: 0|com.tencent.mm|4100|null|10128
04-29 09:45:04.115  3860 12147 I notification_autogrouped: 0|com.tencent.mm|4097|null|10128
04-29 09:45:04.115  3860 12147 I notification_autogrouped: 0|com.tencent.mm|4101|null|10128
04-29 09:45:04.115  3860 12147 I notification_autogrouped: 0|com.tencent.mm|4099|null|10128
04-29 09:45:04.115  3860 12147 I notification_autogrouped: 0|com.tencent.mm|4098|null|10128
04-29 09:45:24.889  3860  3860 I free_storage_changed: 9081307136
04-29 09:45:28.031  3860  3860 I notification_enqueue: [10128,25763,com.tencent.mm,4097,NULL,0,Notification(pri=0 contentView=null vibrate=[] sound=null tick defaults=0x0 flags=0x101 color=0x00000000 category=msg vis=PRIVATE),1]
04-29 09:45:28.045  3860  3860 I notification_alert: [0|com.tencent.mm|4097|null|10128,0,0,1]
04-29 09:45:28.054  3860  4707 I notification_autogrouped: 0|com.tencent.mm|4100|null|10128
04-29 09:45:28.065  3860 20068 I notification_autogrouped: 0|com.tencent.mm|4100|null|10128
04-29 09:45:28.065  3860 20068 I notification_autogrouped: 0|com.tencent.mm|4097|null|10128
04-29 09:45:28.065  3860 20068 I notification_autogrouped: 0|com.tencent.mm|4101|null|10128
04-29 09:45:28.065  3860 20068 I notification_autogrouped: 0|com.tencent.mm|4099|null|10128
04-29 09:45:28.065  3860 20068 I notification_autogrouped: 0|com.tencent.mm|4098|null|10128
04-29 09:45:33.184  3860  3872 I am_pss  : [25082,10077,com.android.printspooler,4352000,3375104,0]
04-29 09:45:33.864  3860  3860 I notification_enqueue: [10128,25763,com.tencent.mm,4097,NULL,0,Notification(pri=0 contentView=null vibrate=[] sound=null tick defaults=0x0 flags=0x101 color=0x00000000 category=msg vis=PRIVATE),1]
04-29 09:45:33.888  3860  3860 I notification_alert: [0|com.tencent.mm|4097|null|10128,0,0,1]
04-29 09:45:33.924  3860 17345 I notification_autogrouped: 0|com.tencent.mm|4100|null|10128
04-29 09:45:33.933  3860  4706 I notification_autogrouped: 0|com.tencent.mm|4100|null|10128
04-29 09:45:33.933  3860  4706 I notification_autogrouped: 0|com.tencent.mm|4097|null|10128
04-29 09:45:33.933  3860  4706 I notification_autogrouped: 0|com.tencent.mm|4101|null|10128
04-29 09:45:33.933  3860  4706 I notification_autogrouped: 0|com.tencent.mm|4099|null|10128
04-29 09:45:33.933  3860  4706 I notification_autogrouped: 0|com.tencent.mm|4098|null|10128
04-29 09:45:36.110  3860  3860 I notification_enqueue: [10128,25763,com.tencent.mm,4097,NULL,0,Notification(pri=0 contentView=null vibrate=[] sound=null tick defaults=0x0 flags=0x101 color=0x00000000 category=msg vis=PRIVATE),1]
04-29 09:45:36.126  3860  3860 I notification_alert: [0|com.tencent.mm|4097|null|10128,0,0,1]
04-29 09:45:36.139  3860 12147 I notification_autogrouped: 0|com.tencent.mm|4100|null|10128
04-29 09:45:36.151  3860 25777 I notification_autogrouped: 0|com.tencent.mm|4100|null|10128
04-29 09:45:36.151  3860 25777 I notification_autogrouped: 0|com.tencent.mm|4097|null|10128
04-29 09:45:36.151  3860 25777 I notification_autogrouped: 0|com.tencent.mm|4101|null|10128
04-29 09:45:36.151  3860 25777 I notification_autogrouped: 0|com.tencent.mm|4099|null|10128
04-29 09:45:36.151  3860 25777 I notification_autogrouped: 0|com.tencent.mm|4098|null|10128
04-29 09:45:37.825  3860  3860 I notification_enqueue: [10128,25763,com.tencent.mm,4097,NULL,0,Notification(pri=0 contentView=null vibrate=[] sound=null tick defaults=0x0 flags=0x101 color=0x00000000 category=msg vis=PRIVATE),1]
04-29 09:45:37.843  3860  3860 I notification_alert: [0|com.tencent.mm|4097|null|10128,0,0,1]
04-29 09:45:37.856  3860 20072 I notification_autogrouped: 0|com.tencent.mm|4100|null|10128
04-29 09:45:37.858  3860 12149 I notification_autogrouped: 0|com.tencent.mm|4100|null|10128
04-29 09:45:37.858  3860 12149 I notification_autogrouped: 0|com.tencent.mm|4097|null|10128
04-29 09:45:37.858  3860 12149 I notification_autogrouped: 0|com.tencent.mm|4101|null|10128
04-29 09:45:37.858  3860 12149 I notification_autogrouped: 0|com.tencent.mm|4099|null|10128
04-29 09:45:37.858  3860 12149 I notification_autogrouped: 0|com.tencent.mm|4098|null|10128
04-29 09:45:40.680  3860  3860 I notification_enqueue: [10128,25763,com.tencent.mm,4097,NULL,0,Notification(pri=0 contentView=null vibrate=[] sound=null tick defaults=0x0 flags=0x101 color=0x00000000 category=msg vis=PRIVATE),1]
04-29 09:45:40.693  3860  3860 I notification_alert: [0|com.tencent.mm|4097|null|10128,0,0,1]
04-29 09:45:40.709  3860  5771 I notification_autogrouped: 0|com.tencent.mm|4100|null|10128
04-29 09:45:40.721  3860 12146 I notification_autogrouped: 0|com.tencent.mm|4100|null|10128
04-29 09:45:40.721  3860 12146 I notification_autogrouped: 0|com.tencent.mm|4097|null|10128
04-29 09:45:40.721  3860 12146 I notification_autogrouped: 0|com.tencent.mm|4101|null|10128
04-29 09:45:40.721  3860 12146 I notification_autogrouped: 0|com.tencent.mm|4099|null|10128
04-29 09:45:40.721  3860 12146 I notification_autogrouped: 0|com.tencent.mm|4098|null|10128
04-29 09:45:41.174  3860  3860 I notification_enqueue: [10128,25763,com.tencent.mm,4097,NULL,0,Notification(pri=0 contentView=null vibrate=[] sound=null tick defaults=0x0 flags=0x101 color=0x00000000 category=msg vis=PRIVATE),1]
04-29 09:45:41.184  3860  3860 I notification_alert: [0|com.tencent.mm|4097|null|10128,0,0,1]
04-29 09:45:41.196  3860 12149 I notification_autogrouped: 0|com.tencent.mm|4100|null|10128
04-29 09:45:41.197  3860  5776 I notification_autogrouped: 0|com.tencent.mm|4100|null|10128
04-29 09:45:41.197  3860  5776 I notification_autogrouped: 0|com.tencent.mm|4097|null|10128
04-29 09:45:41.197  3860  5776 I notification_autogrouped: 0|com.tencent.mm|4101|null|10128
04-29 09:45:41.197  3860  5776 I notification_autogrouped: 0|com.tencent.mm|4099|null|10128
04-29 09:45:41.197  3860  5776 I notification_autogrouped: 0|com.tencent.mm|4098|null|10128
04-29 09:45:42.595  3860  3872 I am_pss  : [6896,10063,com.iqoo.secure:remote,37006336,36347904,0]
04-29 09:45:43.498  3860  3860 I notification_enqueue: [10128,25763,com.tencent.mm,4097,NULL,0,Notification(pri=0 contentView=null vibrate=[] sound=null tick defaults=0x0 flags=0x101 color=0x00000000 category=msg vis=PRIVATE),1]
04-29 09:45:43.515  3860  3860 I notification_alert: [0|com.tencent.mm|4097|null|10128,0,0,1]
04-29 09:45:43.530  3860 20070 I notification_autogrouped: 0|com.tencent.mm|4100|null|10128
04-29 09:45:43.553  3860 20071 I notification_autogrouped: 0|com.tencent.mm|4100|null|10128
04-29 09:45:43.553  3860 20071 I notification_autogrouped: 0|com.tencent.mm|4097|null|10128
04-29 09:45:43.553  3860 20071 I notification_autogrouped: 0|com.tencent.mm|4101|null|10128
04-29 09:45:43.553  3860 20071 I notification_autogrouped: 0|com.tencent.mm|4099|null|10128
04-29 09:45:43.553  3860 20071 I notification_autogrouped: 0|com.tencent.mm|4098|null|10128
04-29 09:45:45.864  3860  3860 I notification_enqueue: [10128,25763,com.tencent.mm,4097,NULL,0,Notification(pri=0 contentView=null vibrate=[] sound=null tick defaults=0x0 flags=0x101 color=0x00000000 category=msg vis=PRIVATE),1]
04-29 09:45:45.878  3860  3860 I notification_alert: [0|com.tencent.mm|4097|null|10128,0,0,1]
04-29 09:45:45.886  3860  4916 I notification_autogrouped: 0|com.tencent.mm|4100|null|10128
04-29 09:45:45.900  3860  5774 I notification_autogrouped: 0|com.tencent.mm|4100|null|10128
04-29 09:45:45.900  3860  5774 I notification_autogrouped: 0|com.tencent.mm|4097|null|10128
04-29 09:45:45.900  3860  5774 I notification_autogrouped: 0|com.tencent.mm|4101|null|10128
04-29 09:45:45.900  3860  5774 I notification_autogrouped: 0|com.tencent.mm|4099|null|10128
04-29 09:45:45.900  3860  5774 I notification_autogrouped: 0|com.tencent.mm|4098|null|10128
04-29 09:45:47.131  3860  3860 I notification_enqueue: [10128,25763,com.tencent.mm,4097,NULL,0,Notification(pri=0 contentView=null vibrate=[] sound=null tick defaults=0x0 flags=0x101 color=0x00000000 category=msg vis=PRIVATE),1]
04-29 09:45:47.140  3860  3860 I notification_alert: [0|com.tencent.mm|4097|null|10128,0,0,1]
04-29 09:45:47.148  3860  4912 I notification_autogrouped: 0|com.tencent.mm|4100|null|10128
04-29 09:45:47.160  3860 20072 I notification_autogrouped: 0|com.tencent.mm|4100|null|10128
04-29 09:45:47.160  3860 20072 I notification_autogrouped: 0|com.tencent.mm|4097|null|10128
04-29 09:45:47.160  3860 20072 I notification_autogrouped: 0|com.tencent.mm|4101|null|10128
04-29 09:45:47.160  3860 20072 I notification_autogrouped: 0|com.tencent.mm|4099|null|10128
04-29 09:45:47.160  3860 20072 I notification_autogrouped: 0|com.tencent.mm|4098|null|10128
04-29 09:45:47.535  3860  3860 I notification_enqueue: [10128,25763,com.tencent.mm,4097,NULL,0,Notification(pri=0 contentView=null vibrate=[] sound=null tick defaults=0x0 flags=0x101 color=0x00000000 category=msg vis=PRIVATE),1]
04-29 09:45:47.554  3860  3860 I notification_alert: [0|com.tencent.mm|4097|null|10128,0,0,1]
04-29 09:45:47.573  3860  4909 I notification_autogrouped: 0|com.tencent.mm|4100|null|10128
04-29 09:45:47.585  3860 20068 I notification_autogrouped: 0|com.tencent.mm|4100|null|10128
04-29 09:45:47.585  3860 20068 I notification_autogrouped: 0|com.tencent.mm|4097|null|10128
04-29 09:45:47.585  3860 20068 I notification_autogrouped: 0|com.tencent.mm|4101|null|10128
04-29 09:45:47.585  3860 20068 I notification_autogrouped: 0|com.tencent.mm|4099|null|10128
04-29 09:45:47.585  3860 20068 I notification_autogrouped: 0|com.tencent.mm|4098|null|10128
04-29 09:45:48.558  3860  3860 I notification_enqueue: [10128,25763,com.tencent.mm,4097,NULL,0,Notification(pri=0 contentView=null vibrate=[] sound=null tick defaults=0x0 flags=0x101 color=0x00000000 category=msg vis=PRIVATE),1]
04-29 09:45:48.570  3860  3860 I notification_alert: [0|com.tencent.mm|4097|null|10128,0,0,1]
04-29 09:45:48.579  3860  4562 I notification_autogrouped: 0|com.tencent.mm|4100|null|10128
04-29 09:45:48.593  3860  4909 I notification_autogrouped: 0|com.tencent.mm|4100|null|10128
