06-26 11:55:59.269  2813  3033 I am_broadcast_discard_app: [0,159903471,android.intent.action.PACKAGE_ADDED,64,ResolveInfo{92c3dd1 com.storm.smart/.receiver.LibSoInstallReceiver m=0x208000}]
06-26 11:55:59.270  2813  3033 I am_broadcast_discard_app: [0,159903471,android.intent.action.PACKAGE_ADDED,65,ResolveInfo{3523036 com.tencent.mobileqq/com.tencent.open.business.base.appreport.AppReportReceiver m=0x208000}]
06-26 11:55:59.314  2813 14828 I am_broadcast_discard_app: [0,159903471,android.intent.action.PACKAGE_ADDED,68,ResolveInfo{5e5e60d com.tencent.qqlive/.services.push.PushAlarmReceiver m=0x208000}]
06-26 11:55:59.315  2813  3033 I am_broadcast_discard_app: [0,159903471,android.intent.action.PACKAGE_ADDED,69,ResolveInfo{a0919c2 com.tencent.qqlive/com.huawei.android.pushagent.PushEventReceiver m=0x208000}]
06-26 11:55:59.318  2813  3033 I am_broadcast_discard_app: [0,159903471,android.intent.action.PACKAGE_ADDED,70,ResolveInfo{9c543d3 com.tencent.qqpim/.apps.startreceiver.QQPimAllStartUpReceiver m=0x208000}]
06-26 11:55:59.319  2813  3033 I am_broadcast_discard_app: [0,159903471,android.intent.action.PACKAGE_ADDED,71,ResolveInfo{bda5b10 com.tencent.qqpim/com.tencent.transfer.ui.receive.InstallUninstallReceiver m=0x208000}]
06-26 11:55:59.319  2813  3033 I am_broadcast_discard_app: [0,159903471,android.intent.action.PACKAGE_ADDED,72,ResolveInfo{217d609 com.ximalaya.ting.android/.host.receiver.AppStatueReceiver m=0x208000}]
06-26 11:55:59.320  2813  3033 I am_broadcast_discard_app: [0,159903471,android.intent.action.PACKAGE_ADDED,73,ResolveInfo{b53100e com.ximalaya.ting.android/.host.receiver.SilencePackageAddReceiver m=0x208000}]
06-26 11:55:59.321  2813  3033 I am_broadcast_discard_app: [0,159903471,android.intent.action.PACKAGE_ADDED,74,ResolveInfo{a164a2f com.xunlei.downloadprovider/.personal.user.ApkFinishIntallReceiver m=0x208000}]
06-26 11:55:59.322  2813  3033 I am_broadcast_discard_app: [0,159903471,android.intent.action.PACKAGE_ADDED,75,ResolveInfo{572183c com.xunlei.downloadprovider/cn.jpush.android.service.PushReceiver m=0x208000}]
06-26 11:55:59.324  2813  3033 I am_broadcast_discard_app: [0,159903471,android.intent.action.PACKAGE_ADDED,76,ResolveInfo{f5ec9c5 com.youdao.dict/com.youdao.sdk.common.YouDaoTrackerReceiver m=0x208000}]
06-26 11:55:59.325  2813  3033 I am_broadcast_discard_app: [0,159903471,android.intent.action.PACKAGE_ADDED,77,ResolveInfo{341f1a com.youdao.dict/com.youdao.note.share.PackageAddedReceiver m=0x208000}]
06-26 11:55:59.325  2813  3033 I am_broadcast_discard_app: [0,159903471,android.intent.action.PACKAGE_ADDED,78,ResolveInfo{fc75a4b com.youdao.dict/com.netease.pushservice.receiver.PushServicePackageReceiver m=0x208000}]
06-26 11:55:59.326  2813  3033 I am_broadcast_discard_app: [0,159903471,android.intent.action.PACKAGE_ADDED,79,ResolveInfo{6667c28 com.youku.phone/cn.com.iresearch.phonemonitor.library.receiver.ApplicationStatusReceiver m=0x208000}]
06-26 11:55:59.366  2813  4237 I am_wtf  : [0,2813,system_server,-1,ActivityManager,Sending non-protected broadcast vivo.intent.action.PRELOAD_VIVOCAM from system 4428:com.vivo.daemonService/1000 pkg com.vivo.daemonService]
06-26 11:55:59.382  2813  3033 I am_proc_start: [0,16148,10092,com.android.camera,broadcast,com.android.camera/.PreloadCameraReceiver]
06-26 11:55:59.408  2813  4238 I am_proc_bound: [0,16148,com.android.camera]
06-26 11:55:59.490  2813  4649 I notification_cancel_all: [10092,16148,com.android.camera,0,0,64,9,NULL]
06-26 11:56:00.192  2813  4608 I am_proc_died: [0,16106,com.vivo.game]
06-26 11:56:00.192  2813  4608 I am_schedule_service_restart: [0,com.vivo.game/.update.GameReceiverService,1000]
06-26 11:56:00.459  2813  3033 I am_broadcast_discard_app: [0,46902638,android.net.wifi.RSSI_CHANGED,0,ResolveInfo{a48c0f com.tencent.androidqqmail/com.tencent.qqmail.utilities.qmbroadcastreceiver.WifiChangeReceiver m=0x108000}]
06-26 11:56:03.481  2813  3033 I am_broadcast_discard_app: [0,220715563,android.net.wifi.RSSI_CHANGED,0,ResolveInfo{6b32e88 com.tencent.androidqqmail/com.tencent.qqmail.utilities.qmbroadcastreceiver.WifiChangeReceiver m=0x108000}]
06-26 11:56:06.506  2813  3033 I am_broadcast_discard_app: [0,231943722,android.net.wifi.RSSI_CHANGED,0,ResolveInfo{977a41b com.tencent.androidqqmail/com.tencent.qqmail.utilities.qmbroadcastreceiver.WifiChangeReceiver m=0x108000}]
06-26 11:56:08.740  2813  3030 I am_proc_start: [0,16181,10077,com.android.printspooler,service,com.android.printspooler/.model.PrintSpoolerService]
06-26 11:56:08.764  2813  2901 I am_proc_bound: [0,16181,com.android.printspooler]
06-26 11:56:09.279  2813  3030 I am_pss  : [9979,10081,com.vivo.safecenter,6281216,4804608,0]
06-26 11:56:09.472  2813  3030 I am_pss  : [6241,10063,com.iqoo.secure:remote,57339904,52916224,0]
06-26 11:56:09.526  2813  3033 I am_broadcast_discard_app: [0,131825887,android.net.wifi.RSSI_CHANGED,0,ResolveInfo{534012c com.tencent.androidqqmail/com.tencent.qqmail.utilities.qmbroadcastreceiver.WifiChangeReceiver m=0x108000}]
06-26 11:56:12.548  2813  3033 I am_broadcast_discard_app: [0,136399867,android.net.wifi.RSSI_CHANGED,0,ResolveInfo{a760418 com.tencent.androidqqmail/com.tencent.qqmail.utilities.qmbroadcastreceiver.WifiChangeReceiver m=0x108000}]
06-26 11:56:14.079  2813  2813 I free_storage_changed: 8767705088
06-26 11:56:15.573  2813  3033 I am_broadcast_discard_app: [0,120499415,android.net.wifi.RSSI_CHANGED,0,ResolveInfo{cd349c4 com.tencent.androidqqmail/com.tencent.qqmail.utilities.qmbroadcastreceiver.WifiChangeReceiver m=0x108000}]
06-26 11:56:18.594  2813  3033 I am_broadcast_discard_app: [0,77413936,android.net.wifi.RSSI_CHANGED,0,ResolveInfo{9064aa9 com.tencent.androidqqmail/com.tencent.qqmail.utilities.qmbroadcastreceiver.WifiChangeReceiver m=0x108000}]
06-26 11:56:21.618  2813  3033 I am_broadcast_discard_app: [0,198184284,android.net.wifi.RSSI_CHANGED,0,ResolveInfo{ccfe865 com.tencent.androidqqmail/com.tencent.qqmail.utilities.qmbroadcastreceiver.WifiChangeReceiver m=0x108000}]
06-26 11:56:24.641  2813  3033 I am_broadcast_discard_app: [0,234791752,android.net.wifi.RSSI_CHANGED,0,ResolveInfo{cdba5e1 com.tencent.androidqqmail/com.tencent.qqmail.utilities.qmbroadcastreceiver.WifiChangeReceiver m=0x108000}]
06-26 11:56:27.667  2813  3033 I am_broadcast_discard_app: [0,184462324,android.net.wifi.RSSI_CHANGED,0,ResolveInfo{98bbf1d com.tencent.androidqqmail/com.tencent.qqmail.utilities.qmbroadcastreceiver.WifiChangeReceiver m=0x108000}]
06-26 11:56:30.690  2813  3033 I am_broadcast_discard_app: [0,220868633,android.net.wifi.RSSI_CHANGED,0,ResolveInfo{1f448de com.tencent.androidqqmail/com.tencent.qqmail.utilities.qmbroadcastreceiver.WifiChangeReceiver m=0x108000}]
06-26 11:56:30.742  2813  3030 I am_pss  : [16148,10092,com.android.camera,13940736,10211328,0]
06-26 11:56:30.773  2813  3030 I am_pss  : [16088,10074,com.svox.pico,2947072,2228224,0]
06-26 11:56:30.807  2813  3030 I am_pss  : [16044,10063,com.iqoo.secure,9645056,6103040,0]
06-26 11:56:30.826  2813  3030 I am_pss  : [16026,1000,com.iqoo.powersaving,3639296,2699264,0]
06-26 11:56:30.845  2813  3030 I am_pss  : [16009,10019,com.android.packageinstaller,3633152,2732032,0]
06-26 11:56:33.715  2813  3033 I am_broadcast_discard_app: [0,44348629,android.net.wifi.RSSI_CHANGED,0,ResolveInfo{f814ea com.tencent.androidqqmail/com.tencent.qqmail.utilities.qmbroadcastreceiver.WifiChangeReceiver m=0x108000}]
06-26 11:56:36.740  2813  3033 I am_broadcast_discard_app: [0,201902417,android.net.wifi.RSSI_CHANGED,0,ResolveInfo{2ba95b6 com.tencent.androidqqmail/com.tencent.qqmail.utilities.qmbroadcastreceiver.WifiChangeReceiver m=0x108000}]
06-26 11:56:36.775  2813  3030 I am_pss  : [11269,10008,com.android.defcontainer,4966400,4091904,0]
06-26 11:56:39.761  2813  3033 I am_broadcast_discard_app: [0,79669645,android.net.wifi.RSSI_CHANGED,0,ResolveInfo{b525742 com.tencent.androidqqmail/com.tencent.qqmail.utilities.qmbroadcastreceiver.WifiChangeReceiver m=0x108000}]
06-26 11:56:39.807  2813  3030 I am_pss  : [11216,10002,android.process.acore,19065856,17096704,0]
06-26 11:56:42.787  2813  3033 I am_broadcast_discard_app: [0,193614217,android.net.wifi.RSSI_CHANGED,0,ResolveInfo{7b2a58e com.tencent.androidqqmail/com.tencent.qqmail.utilities.qmbroadcastreceiver.WifiChangeReceiver m=0x108000}]
06-26 11:56:45.807  2813  3033 I am_broadcast_discard_app: [0,4029765,android.net.wifi.RSSI_CHANGED,0,ResolveInfo{eb78c9a com.tencent.androidqqmail/com.tencent.qqmail.utilities.qmbroadcastreceiver.WifiChangeReceiver m=0x108000}]
06-26 11:56:45.848  2813  3030 I am_pss  : [16181,10077,com.android.printspooler,3640320,2818048,0]
06-26 11:56:48.831  2813  3033 I am_broadcast_discard_app: [0,20818113,android.net.wifi.RSSI_CHANGED,0,ResolveInfo{6f1d866 com.tencent.androidqqmail/com.tencent.qqmail.utilities.qmbroadcastreceiver.WifiChangeReceiver m=0x108000}]
06-26 11:56:51.856  2813  3033 I am_broadcast_discard_app: [0,79368189,android.net.wifi.RSSI_CHANGED,0,ResolveInfo{d3314f2 com.tencent.androidqqmail/com.tencent.qqmail.utilities.qmbroadcastreceiver.WifiChangeReceiver m=0x108000}]
06-26 11:56:54.877  2813  3033 I am_broadcast_discard_app: [0,162377465,android.net.wifi.RSSI_CHANGED,0,ResolveInfo{7d98e3e com.tencent.androidqqmail/com.tencent.qqmail.utilities.qmbroadcastreceiver.WifiChangeReceiver m=0x108000}]
06-26 11:56:57.902  2813  3033 I am_broadcast_discard_app: [0,210846133,android.net.wifi.RSSI_CHANGED,0,ResolveInfo{2dc504a com.tencent.androidqqmail/com.tencent.qqmail.utilities.qmbroadcastreceiver.WifiChangeReceiver m=0x108000}]
06-26 11:57:00.926  2813  3033 I am_broadcast_discard_app: [0,122313348,android.net.wifi.RSSI_CHANGED,0,ResolveInfo{854f26d com.tencent.androidqqmail/com.tencent.qqmail.utilities.qmbroadcastreceiver.WifiChangeReceiver m=0x108000}]
06-26 11:57:03.950  2813  3033 I am_broadcast_discard_app: [0,206871280,android.net.wifi.RSSI_CHANGED,0,ResolveInfo{cdb4869 com.tencent.androidqqmail/com.tencent.qqmail.utilities.qmbroadcastreceiver.WifiChangeReceiver m=0x108000}]
06-26 11:57:06.974  2813  3033 I am_broadcast_discard_app: [0,41973276,android.net.wifi.RSSI_CHANGED,0,ResolveInfo{a570225 com.tencent.androidqqmail/com.tencent.qqmail.utilities.qmbroadcastreceiver.WifiChangeReceiver m=0x108000}]
06-26 11:57:09.998  2813  3033 I am_broadcast_discard_app: [0,137156616,android.net.wifi.RSSI_CHANGED,0,ResolveInfo{31a9ba1 com.tencent.androidqqmail/com.tencent.qqmail.utilities.qmbroadcastreceiver.WifiChangeReceiver m=0x108000}]
06-26 11:57:13.022  2813  3033 I am_broadcast_discard_app: [0,12283060,android.net.wifi.RSSI_CHANGED,0,ResolveInfo{22450dd com.tencent.androidqqmail/com.tencent.qqmail.utilities.qmbroadcastreceiver.WifiChangeReceiver m=0x108000}]
06-26 11:57:16.047  2813  3033 I am_broadcast_discard_app: [0,33333280,android.net.wifi.RSSI_CHANGED,0,ResolveInfo{a1a1dd9 com.tencent.androidqqmail/com.tencent.qqmail.utilities.qmbroadcastreceiver.WifiChangeReceiver m=0x108000}]
06-26 11:57:19.070  2813  3033 I am_broadcast_discard_app: [0,207330892,android.net.wifi.RSSI_CHANGED,0,ResolveInfo{805be95 com.tencent.androidqqmail/com.tencent.qqmail.utilities.qmbroadcastreceiver.WifiChangeReceiver m=0x108000}]
06-26 11:57:19.110  2813  3030 I am_pss  : [5376,10071,com.oma.drm.server,3831808,3014656,0]
06-26 11:57:19.141  2813  3030 I am_pss  : [5362,1001,com.qualcomm.qti.loadcarrier,3141632,2379776,0]
06-26 11:57:19.175  2813  3030 I am_pss  : [5273,1000,com.vivo.abe,35526656,33533952,0]
06-26 11:57:19.201  2813  3030 I am_pss  : [4659,1001,com.android.phone,36327424,32927744,0]
06-26 11:57:19.225  2813  3030 I am_pss  : [4629,1000,com.vivo.upslide,45529088,38432768,0]
06-26 11:57:19.242  2813  3030 I am_pss  : [4615,1000,com.android.server.telecom,6576128,5382144,0]
06-26 11:57:19.258  2813  3030 I am_pss  : [4609,1000,.dataservices,10280960,9277440,0]
06-26 11:57:19.276  2813  3030 I am_pss  : [4428,1000,com.vivo.daemonService,27860992,25141248,0]
06-26 11:57:19.301  2813  3030 I am_pss  : [4255,10024,com.android.systemui,92873728,84205568,0]
06-26 11:57:19.350  2813  3030 I am_pss  : [2813,1000,system,151794688,140910592,0]
06-26 11:57:22.095  2813  3033 I am_broadcast_discard_app: [0,164254520,android.net.wifi.RSSI_CHANGED,0,ResolveInfo{5d0af11 com.tencent.androidqqmail/com.tencent.qqmail.utilities.qmbroadcastreceiver.WifiChangeReceiver m=0x108000}]
06-26 11:57:25.121  2813  3033 I am_broadcast_discard_app: [0,258829028,android.net.wifi.RSSI_CHANGED,0,ResolveInfo{8802b4d com.tencent.androidqqmail/com.tencent.qqmail.utilities.qmbroadcastreceiver.WifiChangeReceiver m=0x108000}]
06-26 11:57:25.165  2813  3030 I am_pss  : [5461,10034,com.bbk.launcher2,109977600,94334976,0]
06-26 11:57:28.146  2813  3033 I am_broadcast_discard_app: [0,235426128,android.net.wifi.RSSI_CHANGED,0,ResolveInfo{6312f49 com.tencent.androidqqmail/com.tencent.qqmail.utilities.qmbroadcastreceiver.WifiChangeReceiver m=0x108000}]
06-26 11:57:31.169  2813  3033 I am_broadcast_discard_app: [0,220803708,android.net.wifi.RSSI_CHANGED,0,ResolveInfo{fd47705 com.tencent.androidqqmail/com.tencent.qqmail.utilities.qmbroadcastreceiver.WifiChangeReceiver m=0x108000}]
06-26 11:57:31.244  2813  3030 I am_pss  : [10573,10030,com.bbk.appstore,111930368,93642752,0]
06-26 11:57:34.196  2813  3033 I am_broadcast_discard_app: [0,219478632,android.net.wifi.RSSI_CHANGED,0,ResolveInfo{aaa7e81 com.tencent.androidqqmail/com.tencent.qqmail.utilities.qmbroadcastreceiver.WifiChangeReceiver m=0x108000}]
06-26 11:57:37.218  2813  3033 I am_broadcast_discard_app: [0,192107796,android.net.wifi.RSSI_CHANGED,0,ResolveInfo{57f81bd com.tencent.androidqqmail/com.tencent.qqmail.utilities.qmbroadcastreceiver.WifiChangeReceiver m=0x108000}]
06-26 11:57:40.239  2813  3033 I am_broadcast_discard_app: [0,112897664,android.net.wifi.RSSI_CHANGED,0,ResolveInfo{5a77cb9 com.tencent.androidqqmail/com.tencent.qqmail.utilities.qmbroadcastreceiver.WifiChangeReceiver m=0x108000}]
06-26 11:57:43.265  2813  3033 I am_broadcast_discard_app: [0,207368876,android.net.wifi.RSSI_CHANGED,0,ResolveInfo{7ba2b75 com.tencent.androidqqmail/com.tencent.qqmail.utilities.qmbroadcastreceiver.WifiChangeReceiver m=0x108000}]
06-26 11:57:46.288  2813  3033 I am_broadcast_discard_app: [0,229625240,android.net.wifi.RSSI_CHANGED,0,ResolveInfo{f09f1 com.tencent.androidqqmail/com.tencent.qqmail.utilities.qmbroadcastreceiver.WifiChangeReceiver m=0x108000}]
06-26 11:57:49.311  2813  3033 I am_broadcast_discard_app: [0,127937348,android.net.wifi.RSSI_CHANGED,0,ResolveInfo{6f9542d com.tencent.androidqqmail/com.tencent.qqmail.utilities.qmbroadcastreceiver.WifiChangeReceiver m=0x108000}]
06-26 11:57:52.336  2813  3033 I am_broadcast_discard_app: [0,214173225,android.net.wifi.RSSI_CHANGED,0,ResolveInfo{60d4dae com.tencent.androidqqmail/com.tencent.qqmail.utilities.qmbroadcastreceiver.WifiChangeReceiver m=0x108000}]
06-26 11:57:55.361  2813  3033 I am_broadcast_discard_app: [0,23976933,android.net.wifi.RSSI_CHANGED,0,ResolveInfo{ce496ba com.tencent.androidqqmail/com.tencent.qqmail.utilities.qmbroadcastreceiver.WifiChangeReceiver m=0x108000}]
06-26 11:57:58.386  2813  3033 I am_broadcast_discard_app: [0,203772257,android.net.wifi.RSSI_CHANGED,0,ResolveInfo{cb56486 com.tencent.androidqqmail/com.tencent.qqmail.utilities.qmbroadcastreceiver.WifiChangeReceiver m=0x108000}]
06-26 11:58:01.411  2813  3033 I am_broadcast_discard_app: [0,148860128,android.net.wifi.RSSI_CHANGED,0,ResolveInfo{f8dcb99 com.tencent.androidqqmail/com.tencent.qqmail.utilities.qmbroadcastreceiver.WifiChangeReceiver m=0x108000}]
06-26 11:58:04.432  2813  3033 I am_broadcast_discard_app: [0,25065228,android.net.wifi.RSSI_CHANGED,0,ResolveInfo{a668855 com.tencent.androidqqmail/com.tencent.qqmail.utilities.qmbroadcastreceiver.WifiChangeReceiver m=0x108000}]
06-26 11:58:07.458  2813  3033 I am_broadcast_discard_app: [0,253884408,android.net.wifi.RSSI_CHANGED,0,ResolveInfo{cd454d1 com.tencent.androidqqmail/com.tencent.qqmail.utilities.qmbroadcastreceiver.WifiChangeReceiver m=0x108000}]
06-26 11:58:10.483  2813  3033 I am_broadcast_discard_app: [0,24812452,android.net.wifi.RSSI_CHANGED,0,ResolveInfo{1786d0d com.tencent.androidqqmail/com.tencent.qqmail.utilities.qmbroadcastreceiver.WifiChangeReceiver m=0x108000}]
06-26 11:58:10.535  2813  3030 I am_pss  : [6241,10063,com.iqoo.secure:remote,39197696,34390016,0]
06-26 11:58:10.567  2813  3030 I am_pss  : [9979,10081,com.vivo.safecenter,6354944,4804608,0]
06-26 11:58:13.508  2813  3033 I am_broadcast_discard_app: [0,9948688,android.net.wifi.RSSI_CHANGED,0,ResolveInfo{1cbcd09 com.tencent.androidqqmail/com.tencent.qqmail.utilities.qmbroadcastreceiver.WifiChangeReceiver m=0x108000}]
06-26 11:58:16.532  2813  3033 I am_broadcast_discard_app: [0,68401980,android.net.wifi.RSSI_CHANGED,0,ResolveInfo{bdb30c5 com.tencent.androidqqmail/com.tencent.qqmail.utilities.qmbroadcastreceiver.WifiChangeReceiver m=0x108000}]
06-26 11:58:19.555  2813  3033 I am_broadcast_discard_app: [0,16731944,android.net.wifi.RSSI_CHANGED,0,ResolveInfo{7c31441 com.tencent.androidqqmail/com.tencent.qqmail.utilities.qmbroadcastreceiver.WifiChangeReceiver m=0x108000}]
06-26 11:58:22.580  2813  3033 I am_broadcast_discard_app: [0,177092052,android.net.wifi.RSSI_CHANGED,0,ResolveInfo{8ebb37d com.tencent.androidqqmail/com.tencent.qqmail.utilities.qmbroadcastreceiver.WifiChangeReceiver m=0x108000}]
06-26 11:58:25.604  2813  3033 I am_broadcast_discard_app: [0,25353024,android.net.wifi.RSSI_CHANGED,0,ResolveInfo{7050a79 com.tencent.androidqqmail/com.tencent.qqmail.utilities.qmbroadcastreceiver.WifiChangeReceiver m=0x108000}]
06-26 11:58:28.628  2813  3033 I am_broadcast_discard_app: [0,240806764,android.net.wifi.RSSI_CHANGED,0,ResolveInfo{ac2d535 com.tencent.androidqqmail/com.tencent.qqmail.utilities.qmbroadcastreceiver.WifiChangeReceiver m=0x108000}]
06-26 11:58:31.653  2813  3033 I am_broadcast_discard_app: [0,37278296,android.net.wifi.RSSI_CHANGED,0,ResolveInfo{a588fb1 com.tencent.androidqqmail/com.tencent.qqmail.utilities.qmbroadcastreceiver.WifiChangeReceiver m=0x108000}]
06-26 11:58:31.654  2813  3033 I am_kill : [0,12404,com.vivo.numbermark,906,empty for 1802s]
06-26 11:58:31.659  2813  3033 I am_broadcast_discard_app: [0,144801815,android.net.wifi.RSSI_CHANGED,0,ResolveInfo{a94bc04 com.tencent.androidqqmail/com.tencent.qqmail.utilities.qmbroadcastreceiver.WifiChangeReceiver m=0x108000}]
06-26 11:58:31.745  2813  5434 I am_proc_died: [0,12404,com.vivo.numbermark]
06-26 11:58:34.679  2813  3033 I am_broadcast_discard_app: [0,171181747,android.net.wifi.RSSI_CHANGED,0,ResolveInfo{3a39470 com.tencent.androidqqmail/com.tencent.qqmail.utilities.qmbroadcastreceiver.WifiChangeReceiver m=0x108000}]
06-26 11:58:37.703  2813  3033 I am_broadcast_discard_app: [0,90069775,android.net.wifi.RSSI_CHANGED,0,ResolveInfo{585879c com.tencent.androidqqmail/com.tencent.qqmail.utilities.qmbroadcastreceiver.WifiChangeReceiver m=0x108000}]
06-26 11:58:40.728  2813  3033 I am_broadcast_discard_app: [0,137462152,android.net.wifi.RSSI_CHANGED,0,ResolveInfo{9bbc721 com.tencent.androidqqmail/com.tencent.qqmail.utilities.qmbroadcastreceiver.WifiChangeReceiver m=0x108000}]
06-26 11:58:40.730  2813  3033 I am_broadcast_discard_app: [0,2492230,android.net.wifi.RSSI_CHANGED,0,ResolveInfo{c8c9d07 com.tencent.androidqqmail/com.tencent.qqmail.utilities.qmbroadcastreceiver.WifiChangeReceiver m=0x108000}]
06-26 11:58:43.757  2813  3033 I am_broadcast_discard_app: [0,231473827,android.net.wifi.RSSI_CHANGED,0,ResolveInfo{5bcf9a0 com.tencent.androidqqmail/com.tencent.qqmail.utilities.qmbroadcastreceiver.WifiChangeReceiver m=0x108000}]
06-26 11:58:43.762  2813  3033 I am_broadcast_discard_app: [0,121977177,android.net.wifi.RSSI_CHANGED,0,ResolveInfo{3c8b91e com.tencent.androidqqmail/com.tencent.qqmail.utilities.qmbroadcastreceiver.WifiChangeReceiver m=0x108000}]
06-26 11:58:46.779  2813  3033 I am_broadcast_discard_app: [0,260510229,android.net.wifi.RSSI_CHANGED,0,ResolveInfo{543492a com.tencent.androidqqmail/com.tencent.qqmail.utilities.qmbroadcastreceiver.WifiChangeReceiver m=0x108000}]
06-26 11:58:46.785  2813  3033 I am_broadcast_discard_app: [0,118250680,android.net.wifi.RSSI_CHANGED,0,ResolveInfo{2d3ba91 com.tencent.androidqqmail/com.tencent.qqmail.utilities.qmbroadcastreceiver.WifiChangeReceiver m=0x108000}]
06-26 11:58:49.806  2813  3033 I am_broadcast_discard_app: [0,210144356,android.net.wifi.RSSI_CHANGED,0,ResolveInfo{d686ecd com.tencent.androidqqmail/com.tencent.qqmail.utilities.qmbroadcastreceiver.WifiChangeReceiver m=0x108000}]
06-26 11:58:52.828  2813  3033 I am_broadcast_discard_app: [0,223480528,android.net.wifi.RSSI_CHANGED,0,ResolveInfo{81a2ac9 com.tencent.androidqqmail/com.tencent.qqmail.utilities.qmbroadcastreceiver.WifiChangeReceiver m=0x108000}]
06-26 11:58:55.849  2813  3033 I am_broadcast_discard_app: [0,190459996,android.net.wifi.RSSI_CHANGED,0,ResolveInfo{34acf65 com.tencent.androidqqmail/com.tencent.qqmail.utilities.qmbroadcastreceiver.WifiChangeReceiver m=0x108000}]
06-26 11:58:55.853  2813  3033 I am_broadcast_discard_app: [0,104327403,android.net.wifi.RSSI_CHANGED,0,ResolveInfo{f87f648 com.tencent.androidqqmail/com.tencent.qqmail.utilities.qmbroadcastreceiver.WifiChangeReceiver m=0x108000}]
06-26 11:58:58.869  2813  3033 I am_broadcast_discard_app: [0,122302196,android.net.wifi.RSSI_CHANGED,0,ResolveInfo{99c861d com.tencent.androidqqmail/com.tencent.qqmail.utilities.qmbroadcastreceiver.WifiChangeReceiver m=0x108000}]
06-26 11:59:00.005  2813  2813 I am_kill : [0,14773,com.bbk.account,906,empty for 1800s]
06-26 11:59:00.020  2813  4649 I am_proc_died: [0,14773,com.bbk.account]
06-26 11:59:01.891  2813  3033 I am_broadcast_discard_app: [0,81619391,android.net.wifi.RSSI_CHANGED,0,ResolveInfo{138688c com.tencent.androidqqmail/com.tencent.qqmail.utilities.qmbroadcastreceiver.WifiChangeReceiver m=0x108000}]
06-26 11:59:01.893  2813  3033 I am_kill : [0,14649,com.vivo.msgpush,906,empty for 1801s]
06-26 11:59:01.930  2813  4237 I am_proc_died: [0,14649,com.vivo.msgpush]
06-26 11:59:04.911  2813  3033 I am_broadcast_discard_app: [0,218686171,android.net.wifi.RSSI_CHANGED,0,ResolveInfo{2498178 com.tencent.androidqqmail/com.tencent.qqmail.utilities.qmbroadcastreceiver.WifiChangeReceiver m=0x108000}]
06-26 11:59:04.918  2813  3033 I am_broadcast_discard_app: [0,164913334,android.net.wifi.RSSI_CHANGED,0,ResolveInfo{7a8d1b7 com.tencent.androidqqmail/com.tencent.qqmail.utilities.qmbroadcastreceiver.WifiChangeReceiver m=0x108000}]
06-26 11:59:07.938  2813  3033 I am_broadcast_discard_app: [0,82760275,android.net.wifi.RSSI_CHANGED,0,ResolveInfo{cf70790 com.tencent.androidqqmail/com.tencent.qqmail.utilities.qmbroadcastreceiver.WifiChangeReceiver m=0x108000}]
06-26 11:59:07.941  2813  3033 I am_broadcast_discard_app: [0,148557966,android.net.wifi.RSSI_CHANGED,0,ResolveInfo{c8a40af com.tencent.androidqqmail/com.tencent.qqmail.utilities.qmbroadcastreceiver.WifiChangeReceiver m=0x108000}]
06-26 11:59:10.965  2813  3033 I am_broadcast_discard_app: [0,28796826,android.net.wifi.RSSI_CHANGED,0,ResolveInfo{7c438cb com.tencent.androidqqmail/com.tencent.qqmail.utilities.qmbroadcastreceiver.WifiChangeReceiver m=0x108000}]
06-26 11:59:13.991  2813  3033 I am_broadcast_discard_app: [0,160719718,android.net.wifi.RSSI_CHANGED,0,ResolveInfo{15b96a7 com.tencent.androidqqmail/com.tencent.qqmail.utilities.qmbroadcastreceiver.WifiChangeReceiver m=0x108000}]
06-26 11:59:17.015  2813  3033 I am_broadcast_discard_app: [0,250826738,android.net.wifi.RSSI_CHANGED,0,ResolveInfo{720f643 com.tencent.androidqqmail/com.tencent.qqmail.utilities.qmbroadcastreceiver.WifiChangeReceiver m=0x108000}]
06-26 11:59:20.038  2813  3033 I am_broadcast_discard_app: [0,81951038,android.net.wifi.RSSI_CHANGED,0,ResolveInfo{952b39f com.tencent.androidqqmail/com.tencent.qqmail.utilities.qmbroadcastreceiver.WifiChangeReceiver m=0x108000}]
06-26 11:59:20.042  2813  3033 I am_broadcast_discard_app: [0,259221685,android.net.wifi.RSSI_CHANGED,0,ResolveInfo{f08eb4a com.tencent.androidqqmail/com.tencent.qqmail.utilities.qmbroadcastreceiver.WifiChangeReceiver m=0x108000}]
06-26 11:59:23.064  2813  3033 I am_broadcast_discard_app: [0,138337073,android.net.wifi.RSSI_CHANGED,0,ResolveInfo{2727216 com.tencent.androidqqmail/com.tencent.qqmail.utilities.qmbroadcastreceiver.WifiChangeReceiver m=0x108000}]
06-26 11:59:23.069  2813  3033 I am_broadcast_discard_app: [0,190455172,android.net.wifi.RSSI_CHANGED,0,ResolveInfo{274f96d com.tencent.androidqqmail/com.tencent.qqmail.utilities.qmbroadcastreceiver.WifiChangeReceiver m=0x108000}]
06-26 11:59:26.089  2813  3033 I am_broadcast_discard_app: [0,971299,android.net.wifi.RSSI_CHANGED,0,ResolveInfo{4685320 com.tencent.androidqqmail/com.tencent.qqmail.utilities.qmbroadcastreceiver.WifiChangeReceiver m=0x108000}]
06-26 11:59:26.160  2813  3030 I am_pss  : [5461,10034,com.bbk.launcher2,111778816,96120832,0]
06-26 11:59:29.113  2813  3033 I am_broadcast_discard_app: [0,141716863,android.net.wifi.RSSI_CHANGED,0,ResolveInfo{54f814c com.tencent.androidqqmail/com.tencent.qqmail.utilities.qmbroadcastreceiver.WifiChangeReceiver m=0x108000}]
06-26 11:59:29.120  2813  3033 I am_broadcast_discard_app: [0,257414826,android.net.wifi.RSSI_CHANGED,0,ResolveInfo{d4a629b com.tencent.androidqqmail/com.tencent.qqmail.utilities.qmbroadcastreceiver.WifiChangeReceiver m=0x108000}]
06-26 11:59:32.137  2813  3033 I am_broadcast_discard_app: [0,45396854,android.net.wifi.RSSI_CHANGED,0,ResolveInfo{8e28d77 com.tencent.androidqqmail/com.tencent.qqmail.utilities.qmbroadcastreceiver.WifiChangeReceiver m=0x108000}]
06-26 11:59:32.216  2813  3030 I am_pss  : [10573,10030,com.bbk.appstore,111840256,93536256,0]
06-26 11:59:35.163  2813  3033 I am_broadcast_discard_app: [0,36737282,android.net.wifi.RSSI_CHANGED,0,ResolveInfo{4688a13 com.tencent.androidqqmail/com.tencent.qqmail.utilities.qmbroadcastreceiver.WifiChangeReceiver m=0x108000}]
06-26 11:59:38.188  2813  3033 I am_broadcast_discard_app: [0,94026574,android.net.wifi.RSSI_CHANGED,0,ResolveInfo{447b46f com.tencent.androidqqmail/com.tencent.qqmail.utilities.qmbroadcastreceiver.WifiChangeReceiver m=0x108000}]
06-26 11:59:41.214  2813  3033 I am_broadcast_discard_app: [0,7028314,android.net.wifi.RSSI_CHANGED,0,ResolveInfo{e45288b com.tencent.androidqqmail/com.tencent.qqmail.utilities.qmbroadcastreceiver.WifiChangeReceiver m=0x108000}]
06-26 11:59:44.238  2813  3033 I am_broadcast_discard_app: [0,59696678,android.net.wifi.RSSI_CHANGED,0,ResolveInfo{55bc267 com.tencent.androidqqmail/com.tencent.qqmail.utilities.qmbroadcastreceiver.WifiChangeReceiver m=0x108000}]
06-26 11:59:47.261  2813  3033 I am_broadcast_discard_app: [0,267599538,android.net.wifi.RSSI_CHANGED,0,ResolveInfo{7581e03 com.tencent.androidqqmail/com.tencent.qqmail.utilities.qmbroadcastreceiver.WifiChangeReceiver m=0x108000}]
06-26 11:59:50.291  2813  3033 I am_broadcast_discard_app: [0,137664351,android.net.wifi.RSSI_CHANGED,0,ResolveInfo{6fd95ac com.tencent.androidqqmail/com.tencent.qqmail.utilities.qmbroadcastreceiver.WifiChangeReceiver m=0x108000}]
06-26 11:59:50.292  2813  3033 I am_broadcast_discard_app: [0,211505781,android.net.wifi.RSSI_CHANGED,0,ResolveInfo{cbff20a com.tencent.androidqqmail/com.tencent.qqmail.utilities.qmbroadcastreceiver.WifiChangeReceiver m=0x108000}]
06-26 11:59:53.314  2813  3033 I am_broadcast_discard_app: [0,257663217,android.net.wifi.RSSI_CHANGED,0,ResolveInfo{7324d6 com.tencent.androidqqmail/com.tencent.qqmail.utilities.qmbroadcastreceiver.WifiChangeReceiver m=0x108000}]
06-26 11:59:53.320  2813  3033 I am_broadcast_discard_app: [0,44756548,android.net.wifi.RSSI_CHANGED,0,ResolveInfo{3f85b2d com.tencent.androidqqmail/com.tencent.qqmail.utilities.qmbroadcastreceiver.WifiChangeReceiver m=0x108000}]
06-26 11:59:56.336  2813  3033 I am_broadcast_discard_app: [0,227191472,android.net.wifi.RSSI_CHANGED,0,ResolveInfo{82c7d29 com.tencent.androidqqmail/com.tencent.qqmail.utilities.qmbroadcastreceiver.WifiChangeReceiver m=0x108000}]
06-26 11:59:56.339  2813  3033 I am_broadcast_discard_app: [0,123213391,android.net.wifi.RSSI_CHANGED,0,ResolveInfo{767c1dc com.tencent.androidqqmail/com.tencent.qqmail.utilities.qmbroadcastreceiver.WifiChangeReceiver m=0x108000}]
06-26 11:59:59.360  2813  3033 I am_broadcast_discard_app: [0,237619307,android.net.wifi.RSSI_CHANGED,0,ResolveInfo{9d1fc8 com.tencent.androidqqmail/com.tencent.qqmail.utilities.qmbroadcastreceiver.WifiChangeReceiver m=0x108000}]
06-26 12:00:02.386  2813  3033 I am_broadcast_discard_app: [0,259316195,android.net.wifi.RSSI_CHANGED,0,ResolveInfo{7b61fe0 com.tencent.androidqqmail/com.tencent.qqmail.utilities.qmbroadcastreceiver.WifiChangeReceiver m=0x108000}]
06-26 12:00:02.388  2813  3033 I am_broadcast_discard_app: [0,226624153,android.net.wifi.RSSI_CHANGED,0,ResolveInfo{87be95e com.tencent.androidqqmail/com.tencent.qqmail.utilities.qmbroadcastreceiver.WifiChangeReceiver m=0x108000}]
06-26 12:00:05.407  2813  3033 I am_broadcast_discard_app: [0,149368661,android.net.wifi.RSSI_CHANGED,0,ResolveInfo{b993d6a com.tencent.androidqqmail/com.tencent.qqmail.utilities.qmbroadcastreceiver.WifiChangeReceiver m=0x108000}]
06-26 12:00:08.433  2813  3033 I am_broadcast_discard_app: [0,3697617,android.net.wifi.RSSI_CHANGED,0,ResolveInfo{d85c636 com.tencent.androidqqmail/com.tencent.qqmail.utilities.qmbroadcastreceiver.WifiChangeReceiver m=0x108000}]
06-26 12:00:08.439  2813  3033 I am_broadcast_discard_app: [0,52616868,android.net.wifi.RSSI_CHANGED,0,ResolveInfo{c86f40d com.tencent.androidqqmail/com.tencent.qqmail.utilities.qmbroadcastreceiver.WifiChangeReceiver m=0x108000}]
06-26 12:00:11.459  2813  3033 I am_broadcast_discard_app: [0,213632009,android.net.wifi.RSSI_CHANGED,0,ResolveInfo{9a3660e com.tencent.androidqqmail/com.tencent.qqmail.utilities.qmbroadcastreceiver.WifiChangeReceiver m=0x108000}]
06-26 12:00:11.461  2813  3033 I am_broadcast_discard_app: [0,8316975,android.net.wifi.RSSI_CHANGED,0,ResolveInfo{4215e3c com.tencent.androidqqmail/com.tencent.qqmail.utilities.qmbroadcastreceiver.WifiChangeReceiver m=0x108000}]
06-26 12:00:11.512  2813  3030 I am_pss  : [6241,10063,com.iqoo.secure:remote,39239680,34418688,0]
06-26 12:00:11.554  2813  3030 I am_pss  : [9979,10081,com.vivo.safecenter,6367232,4804608,0]
06-26 12:00:14.482  2813  3033 I am_broadcast_discard_app: [0,119265355,android.net.wifi.RSSI_CHANGED,0,ResolveInfo{7c42228 com.tencent.androidqqmail/com.tencent.qqmail.utilities.qmbroadcastreceiver.WifiChangeReceiver m=0x108000}]
06-26 12:00:17.508  2813  3033 I am_broadcast_discard_app: [0,72169684,android.net.wifi.RSSI_CHANGED,0,ResolveInfo{429fa7d com.tencent.androidqqmail/com.tencent.qqmail.utilities.qmbroadcastreceiver.WifiChangeReceiver m=0x108000}]
06-26 12:00:20.538  2813  3033 I am_broadcast_discard_app: [0,196021824,android.net.wifi.RSSI_CHANGED,0,ResolveInfo{560c179 com.tencent.androidqqmail/com.tencent.qqmail.utilities.qmbroadcastreceiver.WifiChangeReceiver m=0x108000}]
06-26 12:00:23.548  2813  3033 I am_broadcast_discard_app: [0,149450519,android.net.wifi.RSSI_CHANGED,0,ResolveInfo{f9a7f04 com.tencent.androidqqmail/com.tencent.qqmail.utilities.qmbroadcastreceiver.WifiChangeReceiver m=0x108000}]
06-26 12:00:26.570  2813  3033 I am_broadcast_discard_app: [0,210982955,android.net.wifi.RSSI_CHANGED,0,ResolveInfo{bdbd488 com.tencent.androidqqmail/com.tencent.qqmail.utilities.qmbroadcastreceiver.WifiChangeReceiver m=0x108000}]
06-26 12:00:29.594  2813  3033 I am_broadcast_discard_app: [0,267209735,android.net.wifi.RSSI_CHANGED,0,ResolveInfo{99db134 com.tencent.androidqqmail/com.tencent.qqmail.utilities.qmbroadcastreceiver.WifiChangeReceiver m=0x108000}]
06-26 12:00:32.617  2813  3033 I am_broadcast_discard_app: [0,134783395,android.net.wifi.RSSI_CHANGED,0,ResolveInfo{3feaca0 com.tencent.androidqqmail/com.tencent.qqmail.utilities.qmbroadcastreceiver.WifiChangeReceiver m=0x108000}]
06-26 12:00:35.642  2813  3033 I am_broadcast_discard_app: [0,184136959,android.net.wifi.RSSI_CHANGED,0,ResolveInfo{db1f2cc com.tencent.androidqqmail/com.tencent.qqmail.utilities.qmbroadcastreceiver.WifiChangeReceiver m=0x108000}]
06-26 12:00:38.666  2813  3033 I am_broadcast_discard_app: [0,29270555,android.net.wifi.RSSI_CHANGED,0,ResolveInfo{f716fb8 com.tencent.androidqqmail/com.tencent.qqmail.utilities.qmbroadcastreceiver.WifiChangeReceiver m=0x108000}]
06-26 12:00:41.693  2813  3033 I am_broadcast_discard_app: [0,219890935,android.net.wifi.RSSI_CHANGED,0,ResolveInfo{1a9cf64 com.tencent.androidqqmail/com.tencent.qqmail.utilities.qmbroadcastreceiver.WifiChangeReceiver m=0x108000}]
06-26 12:00:44.711  2813  3033 I am_broadcast_discard_app: [0,204814739,android.net.wifi.RSSI_CHANGED,0,ResolveInfo{4e67dd0 com.tencent.androidqqmail/com.tencent.qqmail.utilities.qmbroadcastreceiver.WifiChangeReceiver m=0x108000}]
06-26 12:00:47.736  2813  3033 I am_broadcast_discard_app: [0,15719407,android.net.wifi.RSSI_CHANGED,0,ResolveInfo{4fda6fc com.tencent.androidqqmail/com.tencent.qqmail.utilities.qmbroadcastreceiver.WifiChangeReceiver m=0x108000}]
06-26 12:00:50.764  2813  3033 I am_broadcast_discard_app: [0,235423755,android.net.wifi.RSSI_CHANGED,0,ResolveInfo{2fc36e8 com.tencent.androidqqmail/com.tencent.qqmail.utilities.qmbroadcastreceiver.WifiChangeReceiver m=0x108000}]
06-26 12:00:53.788  2813  3033 I am_broadcast_discard_app: [0,183589351,android.net.wifi.RSSI_CHANGED,0,ResolveInfo{1d1d994 com.tencent.androidqqmail/com.tencent.qqmail.utilities.qmbroadcastreceiver.WifiChangeReceiver m=0x108000}]
06-26 12:00:56.811  2813  3033 I am_broadcast_discard_app: [0,158313859,android.net.wifi.RSSI_CHANGED,0,ResolveInfo{1bcfb00 com.tencent.androidqqmail/com.tencent.qqmail.utilities.qmbroadcastreceiver.WifiChangeReceiver m=0x108000}]
06-26 12:00:59.824  2813  3033 I am_broadcast_discard_app: [0,150314719,android.net.wifi.RSSI_CHANGED,0,ResolveInfo{676c72c com.tencent.androidqqmail/com.tencent.qqmail.utilities.qmbroadcastreceiver.WifiChangeReceiver m=0x108000}]
06-26 12:01:02.851  2813  3033 I am_broadcast_discard_app: [0,119982678,android.net.wifi.RSSI_CHANGED,0,ResolveInfo{1ae8ad7 com.tencent.androidqqmail/com.tencent.qqmail.utilities.qmbroadcastreceiver.WifiChangeReceiver m=0x108000}]
06-26 12:01:05.875  2813  3033 I am_broadcast_discard_app: [0,6108642,android.net.wifi.RSSI_CHANGED,0,ResolveInfo{ce6fd73 com.tencent.androidqqmail/com.tencent.qqmail.utilities.qmbroadcastreceiver.WifiChangeReceiver m=0x108000}]
06-26 12:01:08.898  2813  3033 I am_broadcast_discard_app: [0,161271342,android.net.wifi.RSSI_CHANGED,0,ResolveInfo{429fdcf com.tencent.androidqqmail/com.tencent.qqmail.utilities.qmbroadcastreceiver.WifiChangeReceiver m=0x108000}]
06-26 12:01:11.910  2813  3033 I am_broadcast_discard_app: [0,220962618,android.net.wifi.RSSI_CHANGED,0,ResolveInfo{6f2a7eb com.tencent.androidqqmail/com.tencent.qqmail.utilities.qmbroadcastreceiver.WifiChangeReceiver m=0x108000}]
06-26 12:01:14.933  2813  3033 I am_broadcast_discard_app: [0,27555078,android.net.wifi.RSSI_CHANGED,0,ResolveInfo{751d7c7 com.tencent.androidqqmail/com.tencent.qqmail.utilities.qmbroadcastreceiver.WifiChangeReceiver m=0x108000}]
06-26 12:01:17.959  2813  3033 I am_broadcast_discard_app: [0,176348050,android.net.wifi.RSSI_CHANGED,0,ResolveInfo{d8a2963 com.tencent.androidqqmail/com.tencent.qqmail.utilities.qmbroadcastreceiver.WifiChangeReceiver m=0x108000}]
06-26 12:01:20.984  2813  3033 I am_broadcast_discard_app: [0,91168478,android.net.wifi.RSSI_CHANGED,0,ResolveInfo{96bf8bf com.tencent.androidqqmail/com.tencent.qqmail.utilities.qmbroadcastreceiver.WifiChangeReceiver m=0x108000}]
06-26 12:01:24.006  2813  3033 I am_broadcast_discard_app: [0,4868842,android.net.wifi.RSSI_CHANGED,0,ResolveInfo{d7161db com.tencent.androidqqmail/com.tencent.qqmail.utilities.qmbroadcastreceiver.WifiChangeReceiver m=0x108000}]
06-26 12:01:27.030  2813  3033 I am_broadcast_discard_app: [0,66726838,android.net.wifi.RSSI_CHANGED,0,ResolveInfo{f9a40b7 com.tencent.androidqqmail/com.tencent.qqmail.utilities.qmbroadcastreceiver.WifiChangeReceiver m=0x108000}]
06-26 12:01:27.109  2813  3030 I am_pss  : [5461,10034,com.bbk.launcher2,113545216,97886208,0]
06-26 12:01:30.054  2813  3033 I am_broadcast_discard_app: [0,267734338,android.net.wifi.RSSI_CHANGED,0,ResolveInfo{c083153 com.tencent.androidqqmail/com.tencent.qqmail.utilities.qmbroadcastreceiver.WifiChangeReceiver m=0x108000}]
06-26 12:01:33.078  2813  3033 I am_broadcast_discard_app: [0,42924942,android.net.wifi.RSSI_CHANGED,0,ResolveInfo{55a8faf com.tencent.androidqqmail/com.tencent.qqmail.utilities.qmbroadcastreceiver.WifiChangeReceiver m=0x108000}]
06-26 12:01:33.157  2813  3030 I am_pss  : [10573,10030,com.bbk.appstore,111827968,93523968,0]
06-26 12:01:36.104  2813  3033 I am_broadcast_discard_app: [0,167985818,android.net.wifi.RSSI_CHANGED,0,ResolveInfo{eca77cb com.tencent.androidqqmail/com.tencent.qqmail.utilities.qmbroadcastreceiver.WifiChangeReceiver m=0x108000}]
06-26 12:01:39.128  2813  3033 I am_broadcast_discard_app: [0,172158566,android.net.wifi.RSSI_CHANGED,0,ResolveInfo{c06c5a7 com.tencent.androidqqmail/com.tencent.qqmail.utilities.qmbroadcastreceiver.WifiChangeReceiver m=0x108000}]
06-26 12:01:42.152  2813  3033 I am_broadcast_discard_app: [0,58690290,android.net.wifi.RSSI_CHANGED,0,ResolveInfo{2d01543 com.tencent.androidqqmail/com.tencent.qqmail.utilities.qmbroadcastreceiver.WifiChangeReceiver m=0x108000}]
06-26 12:01:45.177  2813  3033 I am_broadcast_discard_app: [0,91710526,android.net.wifi.RSSI_CHANGED,0,ResolveInfo{a54c29f com.tencent.androidqqmail/com.tencent.qqmail.utilities.qmbroadcastreceiver.WifiChangeReceiver m=0x108000}]
06-26 12:01:48.200  2813  3033 I am_broadcast_discard_app: [0,193037898,android.net.wifi.RSSI_CHANGED,0,ResolveInfo{44ce9bb com.tencent.androidqqmail/com.tencent.qqmail.utilities.qmbroadcastreceiver.WifiChangeReceiver m=0x108000}]
06-26 12:01:51.223  2813  3033 I am_broadcast_discard_app: [0,223984918,android.net.wifi.RSSI_CHANGED,0,ResolveInfo{bd66697 com.tencent.androidqqmail/com.tencent.qqmail.utilities.qmbroadcastreceiver.WifiChangeReceiver m=0x108000}]
06-26 12:01:54.247  2813  3033 I am_broadcast_discard_app: [0,11310242,android.net.wifi.RSSI_CHANGED,0,ResolveInfo{610d533 com.tencent.androidqqmail/com.tencent.qqmail.utilities.qmbroadcastreceiver.WifiChangeReceiver m=0x108000}]
06-26 12:01:56.268  2813 14827 I am_finish_activity: [0,28323128,8,com.bbk.appstore/.ui.details.AppDetailActivity,app-request]
06-26 12:01:56.270  2813 14827 I wm_task_moved: [8,1,3]
06-26 12:01:56.274  2813 14827 I am_focused_activity: [0,com.bbk.appstore/.ui.manage.ManageUpdateActivity,finishActivity adjustFocus]
06-26 12:01:56.275  2813 14827 I am_pause_activity: [0,28323128,com.bbk.appstore/.ui.details.AppDetailActivity]
06-26 12:01:56.280  2813  4664 I am_finish_activity: [0,104020435,8,com.bbk.appstore/.ui.AppStoreTabActivity,app-request]
06-26 12:01:56.281  2813  4664 I am_destroy_activity: [0,104020435,8,com.bbk.appstore/.ui.AppStoreTabActivity,finish-imm]
06-26 12:01:56.285  2813  4655 I am_finish_activity: [0,115324638,8,com.bbk.appstore/.ui.manage.ManageUpdateActivity,app-request]
06-26 12:01:56.287  2813  4655 I wm_task_moved: [10,1,3]
06-26 12:01:56.293  2813  4655 I am_focused_activity: [0,com.tencent.mm/.ui.account.LoginHistoryUI,finishActivity adjustFocus]
06-26 12:01:56.293  2813  4655 I am_destroy_activity: [0,115324638,8,com.bbk.appstore/.ui.manage.ManageUpdateActivity,finish-imm]
06-26 12:01:56.299 10573 10573 I am_on_paused_called: [0,com.bbk.appstore.ui.details.AppDetailActivity,handlePauseActivity]
06-26 12:01:56.310  2813  4682 I am_resume_activity: [0,43027700,10,com.tencent.mm/.ui.account.LoginHistoryUI]
06-26 12:01:56.325  5673  5673 I am_on_resume_called: [0,com.tencent.mm.ui.account.LoginHistoryUI,RESUME_ACTIVITY]
06-26 12:01:56.579  2813  3033 I am_destroy_activity: [0,28323128,8,com.bbk.appstore/.ui.details.AppDetailActivity,finish-imm]
06-26 12:01:56.583 10573 10573 I am_on_stop_called: [0,com.bbk.appstore.ui.details.AppDetailActivity,destroy]
06-26 12:01:56.627  2813  3188 I wm_task_removed: [8,removeAppToken: last token]
06-26 12:01:56.627  2813  3188 I wm_task_removed: [8,removeTask]
06-26 12:01:56.642   512   512 I sf_frame_dur: [com.bbk.appstore/com.bbk.appstore.ui.details.AppDetailActivity,41,41,193,78,2,0,2]
06-26 12:01:56.874  2813  2901 I wm_task_moved: [10,1,2]
06-26 12:01:56.875  2813  2901 I am_finish_activity: [0,43027700,10,com.tencent.mm/.ui.account.LoginHistoryUI,clear-task-stack]
06-26 12:01:56.875  2813  2901 I wm_task_moved: [10,1,2]
06-26 12:01:56.875  2813  2901 I am_focused_activity: [0,com.tencent.mm/.ui.LauncherUI,finishActivity adjustFocus]
06-26 12:01:56.875  2813  2901 I am_pause_activity: [0,43027700,com.tencent.mm/.ui.account.LoginHistoryUI]
06-26 12:01:56.876  2813  2901 I am_new_intent: [0,151500715,10,com.tencent.mm/.ui.LauncherUI,NULL,NULL,NULL,67108864]
06-26 12:01:56.883  5673  5673 I am_on_paused_called: [0,com.tencent.mm.ui.account.LoginHistoryUI,handlePauseActivity]
06-26 12:01:56.886  2813  4655 I am_resume_activity: [0,256382067,10,com.tencent.mm/.ui.LauncherUI]
06-26 12:01:56.895  2813  4415 I am_finish_activity: [0,256382067,10,com.tencent.mm/.ui.LauncherUI,app-request]
06-26 12:01:56.895  2813  4415 I am_focused_stack: [0,0,1,finishActivity adjustFocus setFocusedActivity]
06-26 12:01:56.896  2813  4415 I wm_task_moved: [2,1,1]
06-26 12:01:56.897  2813  4415 I am_focused_activity: [0,com.bbk.launcher2/.Launcher,finishActivity adjustFocus]
06-26 12:01:56.898  2813  4415 I am_pause_activity: [0,256382067,com.tencent.mm/.ui.LauncherUI]
06-26 12:01:56.912  2813  4664 I am_resume_activity: [0,164481519,2,com.bbk.launcher2/.Launcher]
06-26 12:01:56.920  5461  5461 I am_on_resume_called: [0,com.bbk.launcher2.Launcher,RESUME_ACTIVITY]
06-26 12:01:57.179  2813  3033 I am_destroy_activity: [0,256382067,10,com.tencent.mm/.ui.LauncherUI,finish-imm]
06-26 12:01:57.180  2813  3033 I am_destroy_activity: [0,43027700,10,com.tencent.mm/.ui.account.LoginHistoryUI,finish-imm]
06-26 12:01:57.196  5673  5673 I am_on_stop_called: [0,com.tencent.mm.ui.account.LoginHistoryUI,destroy]
06-26 12:01:57.228  2813  3188 I wm_task_removed: [10,removeAppToken: last token]
06-26 12:01:57.228  2813  3188 I wm_task_removed: [10,removeTask]
06-26 12:01:57.243   512   512 I sf_frame_dur: [com.tencent.mm/com.tencent.mm.ui.account.LoginHistoryUI,0,0,0,0,1,0,0]
06-26 12:01:57.263  2813  3033 I am_broadcast_discard_app: [0,105765278,android.net.wifi.RSSI_CHANGED,0,ResolveInfo{5a7fc7f com.tencent.androidqqmail/com.tencent.qqmail.utilities.qmbroadcastreceiver.WifiChangeReceiver m=0x108000}]
06-26 12:01:57.756  2813  4649 I am_proc_start: [0,16378,10044,com.vivo.weather.location,service,com.vivo.weather/.LocalCityLocateService]
06-26 12:01:57.766  2813  2901 I am_proc_bound: [0,16378,com.vivo.weather.location]
06-26 12:02:00.291  2813  3033 I am_broadcast_discard_app: [0,226427759,android.net.wifi.RSSI_CHANGED,0,ResolveInfo{8fa787c com.tencent.androidqqmail/com.tencent.qqmail.utilities.qmbroadcastreceiver.WifiChangeReceiver m=0x108000}]
06-26 12:02:03.313  2813  3033 I am_broadcast_discard_app: [0,221785217,android.net.wifi.RSSI_CHANGED,0,ResolveInfo{b407126 com.tencent.androidqqmail/com.tencent.qqmail.utilities.qmbroadcastreceiver.WifiChangeReceiver m=0x108000}]
06-26 12:02:03.318  2813  3033 I am_broadcast_discard_app: [0,191322900,android.net.wifi.RSSI_CHANGED,0,ResolveInfo{e3a0fbd com.tencent.androidqqmail/com.tencent.qqmail.utilities.qmbroadcastreceiver.WifiChangeReceiver m=0x108000}]
06-26 12:02:06.339  2813  3033 I am_broadcast_discard_app: [0,22914655,android.net.wifi.RSSI_CHANGED,0,ResolveInfo{a0af8ac com.tencent.androidqqmail/com.tencent.qqmail.utilities.qmbroadcastreceiver.WifiChangeReceiver m=0x108000}]
06-26 12:02:09.366  2813  3033 I am_broadcast_discard_app: [0,253755991,android.net.wifi.RSSI_CHANGED,0,ResolveInfo{7a1b144 com.tencent.androidqqmail/com.tencent.qqmail.utilities.qmbroadcastreceiver.WifiChangeReceiver m=0x108000}]
06-26 12:02:09.449  2813  3030 I am_pss  : [5461,10034,com.bbk.launcher2,109287424,94613504,0]
06-26 12:02:12.390  2813  3033 I am_broadcast_discard_app: [0,68330414,android.net.wifi.RSSI_CHANGED,0,ResolveInfo{62e54f com.tencent.androidqqmail/com.tencent.qqmail.utilities.qmbroadcastreceiver.WifiChangeReceiver m=0x108000}]
06-26 12:02:12.438  2813  3030 I am_pss  : [6241,10063,com.iqoo.secure:remote,39219200,34398208,0]
06-26 12:02:12.470  2813  3030 I am_pss  : [9979,10081,com.vivo.safecenter,6367232,4804608,0]
06-26 12:02:12.505  2813 16430 I am_wtf  : [0,2813,system_server,-1,ActivityManager,Sending non-protected broadcast android.net.wifi.WIFI_ARP_DETECT_FINISHED from system 2813:system/1000 pkg android]
06-26 12:02:14.095  2813  2813 I free_storage_changed: 8765214720
06-26 12:02:15.416  2813  3033 I am_broadcast_discard_app: [0,194916509,android.net.wifi.RSSI_CHANGED,0,ResolveInfo{b98b912 com.tencent.androidqqmail/com.tencent.qqmail.utilities.qmbroadcastreceiver.WifiChangeReceiver m=0x108000}]
06-26 12:02:15.426  2813  3033 I am_broadcast_discard_app: [0,104387296,android.net.wifi.RSSI_CHANGED,0,ResolveInfo{fb23999 com.tencent.androidqqmail/com.tencent.qqmail.utilities.qmbroadcastreceiver.WifiChangeReceiver m=0x108000}]
06-26 12:02:18.430  2813  3033 I am_broadcast_discard_app: [0,56874581,android.net.wifi.RSSI_CHANGED,0,ResolveInfo{78e586a com.tencent.androidqqmail/com.tencent.qqmail.utilities.qmbroadcastreceiver.WifiChangeReceiver m=0x108000}]
06-26 12:02:18.488  2813  3030 I am_pss  : [11047,10133,com.tencent.mm:push,30020608,17809408,0]
06-26 12:02:18.521  2813  3030 I am_pss  : [16378,10044,com.vivo.weather.location,6406144,3207168,0]
06-26 12:02:18.563  2813  3030 I am_pss  : [5673,10133,com.tencent.mm,86203392,69054464,0]
06-26 12:02:18.596  2813  3030 I am_pss  : [10573,10030,com.bbk.appstore,104820736,86978560,0]
06-26 12:02:21.453  2813  3033 I am_broadcast_discard_app: [0,56132305,android.net.wifi.RSSI_CHANGED,0,ResolveInfo{3319136 com.tencent.androidqqmail/com.tencent.qqmail.utilities.qmbroadcastreceiver.WifiChangeReceiver m=0x108000}]
06-26 12:02:24.476  2813  3033 I am_broadcast_discard_app: [0,251497154,android.net.wifi.RSSI_CHANGED,0,ResolveInfo{64760d3 com.tencent.androidqqmail/com.tencent.qqmail.utilities.qmbroadcastreceiver.WifiChangeReceiver m=0x108000}]
06-26 12:02:27.500  2813  3033 I am_broadcast_discard_app: [0,161321230,android.net.wifi.RSSI_CHANGED,0,ResolveInfo{91d372f com.tencent.androidqqmail/com.tencent.qqmail.utilities.qmbroadcastreceiver.WifiChangeReceiver m=0x108000}]
06-26 12:02:27.885  2813 14827 I am_proc_start: [0,16468,10044,com.vivo.weather:remote,service,com.vivo.weather/com.baidu.location.f]
06-26 12:02:27.901  2813  4415 I am_proc_bound: [0,16468,com.vivo.weather:remote]
06-26 12:02:27.939  2813  3030 I am_pss  : [9964,10045,com.vivo.weather.provider,12683264,11313152,0]
06-26 12:02:30.514  2813  3033 I am_broadcast_discard_app: [0,2608540,android.net.wifi.RSSI_CHANGED,0,ResolveInfo{44043a5 com.tencent.androidqqmail/com.tencent.qqmail.utilities.qmbroadcastreceiver.WifiChangeReceiver m=0x108000}]
06-26 12:02:33.538  2813  3033 I am_broadcast_discard_app: [0,208272135,android.net.wifi.RSSI_CHANGED,0,ResolveInfo{2063434 com.tencent.androidqqmail/com.tencent.qqmail.utilities.qmbroadcastreceiver.WifiChangeReceiver m=0x108000}]
06-26 12:02:36.559  2813  3033 I am_broadcast_discard_app: [0,18956451,android.net.wifi.RSSI_CHANGED,0,ResolveInfo{dec5fa0 com.tencent.androidqqmail/com.tencent.qqmail.utilities.qmbroadcastreceiver.WifiChangeReceiver m=0x108000}]
06-26 12:02:39.572  2813  3033 I am_broadcast_discard_app: [0,108872703,android.net.wifi.RSSI_CHANGED,0,ResolveInfo{447d5cc com.tencent.androidqqmail/com.tencent.qqmail.utilities.qmbroadcastreceiver.WifiChangeReceiver m=0x108000}]
06-26 12:02:42.596  2813  3033 I am_broadcast_discard_app: [0,218268344,android.net.wifi.RSSI_CHANGED,0,ResolveInfo{35e891 com.tencent.androidqqmail/com.tencent.qqmail.utilities.qmbroadcastreceiver.WifiChangeReceiver m=0x108000}]
06-26 12:02:45.606  2813  3033 I am_broadcast_discard_app: [0,45683300,android.net.wifi.RSSI_CHANGED,0,ResolveInfo{9bf7ccd com.tencent.androidqqmail/com.tencent.qqmail.utilities.qmbroadcastreceiver.WifiChangeReceiver m=0x108000}]
06-26 12:02:48.629  2813  3033 I am_broadcast_discard_app: [0,187101392,android.net.wifi.RSSI_CHANGED,0,ResolveInfo{dd418c9 com.tencent.androidqqmail/com.tencent.qqmail.utilities.qmbroadcastreceiver.WifiChangeReceiver m=0x108000}]
06-26 12:02:48.681  2813  3030 I am_pss  : [16468,10044,com.vivo.weather:remote,9348096,5255168,0]
06-26 12:02:51.654  2813  3033 I am_broadcast_discard_app: [0,173165052,android.net.wifi.RSSI_CHANGED,0,ResolveInfo{c7c7885 com.tencent.androidqqmail/com.tencent.qqmail.utilities.qmbroadcastreceiver.WifiChangeReceiver m=0x108000}]
06-26 12:02:54.679  2813  3033 I am_broadcast_discard_app: [0,161388338,android.net.wifi.RSSI_CHANGED,0,ResolveInfo{d43cc83 com.tencent.androidqqmail/com.tencent.qqmail.utilities.qmbroadcastreceiver.WifiChangeReceiver m=0x108000}]
06-26 12:02:57.702  2813  3033 I am_broadcast_discard_app: [0,236647550,android.net.wifi.RSSI_CHANGED,0,ResolveInfo{f6caddf com.tencent.androidqqmail/com.tencent.qqmail.utilities.qmbroadcastreceiver.WifiChangeReceiver m=0x108000}]
06-26 12:03:00.715  2813  3033 I am_broadcast_discard_app: [0,85569449,android.net.wifi.RSSI_CHANGED,0,ResolveInfo{52b792e com.tencent.androidqqmail/com.tencent.qqmail.utilities.qmbroadcastreceiver.WifiChangeReceiver m=0x108000}]
06-26 12:03:03.728  2813  3033 I am_broadcast_discard_app: [0,120888677,android.net.wifi.RSSI_CHANGED,0,ResolveInfo{a79fa3a com.tencent.androidqqmail/com.tencent.qqmail.utilities.qmbroadcastreceiver.WifiChangeReceiver m=0x108000}]
06-26 12:03:06.753  2813  3033 I am_broadcast_discard_app: [0,83722246,android.net.wifi.RSSI_CHANGED,0,ResolveInfo{79586c7 com.tencent.androidqqmail/com.tencent.qqmail.utilities.qmbroadcastreceiver.WifiChangeReceiver m=0x108000}]
