04-29 09:57:29.092  3860  3860 I notification_enqueue: [10127,17727,com.taobao.taobao,34858,NULL,0,Notification(pri=0 contentView=null vibrate=null sound=null defaults=0x0 flags=0x0 color=0x00000000 vis=PRIVATE),1]
04-29 09:57:29.123  3860  4562 I notification_autogrouped: 0|com.taobao.taobao|34858|null|10127
04-29 09:57:29.136  3860  5774 I notification_autogrouped: 0|com.taobao.taobao|34858|null|10127
04-29 09:57:29.597  3860  3860 I notification_enqueue: [10127,17727,com.taobao.taobao,34858,NULL,0,Notification(pri=0 contentView=null vibrate=null sound=null defaults=0x0 flags=0x0 color=0x00000000 vis=PRIVATE),1]
04-29 09:57:29.612  3860 12152 I notification_autogrouped: 0|com.taobao.taobao|34858|null|10127
04-29 09:57:29.620  3860 12149 I notification_autogrouped: 0|com.taobao.taobao|34858|null|10127
04-29 09:57:29.632  3860  3860 I notification_enqueue: [10128,25763,com.tencent.mm,4100,NULL,0,Notification(pri=0 contentView=null vibrate=[] sound=null tick defaults=0x0 flags=0x101 color=0x00000000 category=msg vis=PRIVATE),1]
04-29 09:57:29.650  3860  3860 I notification_alert: [0|com.tencent.mm|4100|null|10128,0,0,1]
04-29 09:57:29.658  3860 20071 I notification_autogrouped: 0|com.tencent.mm|4100|null|10128
04-29 09:57:29.666  3860 12147 I notification_autogrouped: 0|com.tencent.mm|4100|null|10128
04-29 09:57:29.666  3860 12147 I notification_autogrouped: 0|com.tencent.mm|4097|null|10128
04-29 09:57:29.666  3860 12147 I notification_autogrouped: 0|com.tencent.mm|4101|null|10128
04-29 09:57:29.666  3860 12147 I notification_autogrouped: 0|com.tencent.mm|4099|null|10128
04-29 09:57:29.666  3860 12147 I notification_autogrouped: 0|com.tencent.mm|4098|null|10128
04-29 09:57:29.798  3860  3860 I notification_enqueue: [10128,25763,com.tencent.mm,4100,NULL,0,Notification(pri=0 contentView=null vibrate=[] sound=null tick defaults=0x0 flags=0x101 color=0x00000000 category=msg vis=PRIVATE),1]
04-29 09:57:29.811  3860  3860 I notification_alert: [0|com.tencent.mm|4100|null|10128,0,0,1]
04-29 09:57:29.839  3860  4561 I notification_autogrouped: 0|com.tencent.mm|4100|null|10128
04-29 09:57:29.849  3860 12151 I notification_autogrouped: 0|com.tencent.mm|4100|null|10128
04-29 09:57:29.849  3860 12151 I notification_autogrouped: 0|com.tencent.mm|4097|null|10128
04-29 09:57:29.849  3860 12151 I notification_autogrouped: 0|com.tencent.mm|4101|null|10128
04-29 09:57:29.849  3860 12151 I notification_autogrouped: 0|com.tencent.mm|4099|null|10128
04-29 09:57:29.849  3860 12151 I notification_autogrouped: 0|com.tencent.mm|4098|null|10128
04-29 09:57:30.200  3860  3860 I notification_enqueue: [10127,17727,com.taobao.taobao,34858,NULL,0,Notification(pri=0 contentView=null vibrate=null sound=null defaults=0x0 flags=0x0 color=0x00000000 vis=PRIVATE),1]
04-29 09:57:30.218  3860  3871 I notification_autogrouped: 0|com.taobao.taobao|34858|null|10127
04-29 09:57:30.222  3860  5779 I notification_autogrouped: 0|com.taobao.taobao|34858|null|10127
04-29 09:57:30.324  3860  3872 I am_pss  : [5499,10194,com.achievo.vipshop,15931392,15454208,0]
04-29 09:57:31.290  3860  3860 I notification_enqueue: [10128,25763,com.tencent.mm,4100,NULL,0,Notification(pri=0 contentView=null vibrate=[] sound=null tick defaults=0x0 flags=0x101 color=0x00000000 category=msg vis=PRIVATE),1]
04-29 09:57:31.302  3860  3860 I notification_alert: [0|com.tencent.mm|4100|null|10128,0,0,1]
04-29 09:57:31.302  3860  3860 I notification_enqueue: [10127,17727,com.taobao.taobao,34858,NULL,0,Notification(pri=0 contentView=null vibrate=null sound=null defaults=0x0 flags=0x0 color=0x00000000 vis=PRIVATE),1]
04-29 09:57:31.318  3860  4916 I notification_autogrouped: 0|com.tencent.mm|4100|null|10128
04-29 09:57:31.326  3860  3870 I notification_autogrouped: 0|com.tencent.mm|4100|null|10128
04-29 09:57:31.326  3860  3870 I notification_autogrouped: 0|com.tencent.mm|4097|null|10128
04-29 09:57:31.326  3860  3870 I notification_autogrouped: 0|com.tencent.mm|4101|null|10128
04-29 09:57:31.326  3860  3870 I notification_autogrouped: 0|com.tencent.mm|4099|null|10128
04-29 09:57:31.326  3860  3870 I notification_autogrouped: 0|com.tencent.mm|4098|null|10128
04-29 09:57:31.335  3860  5774 I notification_autogrouped: 0|com.taobao.taobao|34858|null|10127
04-29 09:57:31.344  3860 12151 I notification_autogrouped: 0|com.taobao.taobao|34858|null|10127
04-29 09:57:31.815  3860  3860 I notification_enqueue: [10127,17727,com.taobao.taobao,34858,NULL,0,Notification(pri=0 contentView=null vibrate=null sound=null defaults=0x0 flags=0x0 color=0x00000000 vis=PRIVATE),1]
04-29 09:57:31.829  3860  4561 I notification_autogrouped: 0|com.taobao.taobao|34858|null|10127
04-29 09:57:31.831  3860  5779 I notification_autogrouped: 0|com.taobao.taobao|34858|null|10127
04-29 09:57:32.408  3860  3860 I notification_enqueue: [10127,17727,com.taobao.taobao,34858,NULL,0,Notification(pri=0 contentView=null vibrate=null sound=null defaults=0x0 flags=0x0 color=0x00000000 vis=PRIVATE),1]
04-29 09:57:32.425  3860  4561 I notification_autogrouped: 0|com.taobao.taobao|34858|null|10127
04-29 09:57:32.440  3860 12146 I notification_autogrouped: 0|com.taobao.taobao|34858|null|10127
04-29 09:57:33.019  3860  3860 I notification_enqueue: [10127,17727,com.taobao.taobao,34858,NULL,0,Notification(pri=0 contentView=null vibrate=null sound=null defaults=0x0 flags=0x0 color=0x00000000 vis=PRIVATE),1]
04-29 09:57:33.037  3860 20071 I notification_autogrouped: 0|com.taobao.taobao|34858|null|10127
04-29 09:57:33.067  3860 12146 I notification_autogrouped: 0|com.taobao.taobao|34858|null|10127
04-29 09:57:33.483  3860  3860 I notification_enqueue: [10128,25763,com.tencent.mm,4100,NULL,0,Notification(pri=0 contentView=null vibrate=[] sound=null tick defaults=0x0 flags=0x101 color=0x00000000 category=msg vis=PRIVATE),1]
04-29 09:57:33.488  3860  3860 I notification_alert: [0|com.tencent.mm|4100|null|10128,0,0,1]
04-29 09:57:33.509  3860  4706 I notification_autogrouped: 0|com.tencent.mm|4100|null|10128
04-29 09:57:33.517  3860  4912 I notification_autogrouped: 0|com.tencent.mm|4100|null|10128
04-29 09:57:33.518  3860  4912 I notification_autogrouped: 0|com.tencent.mm|4097|null|10128
04-29 09:57:33.518  3860  4912 I notification_autogrouped: 0|com.tencent.mm|4101|null|10128
04-29 09:57:33.518  3860  4912 I notification_autogrouped: 0|com.tencent.mm|4099|null|10128
04-29 09:57:33.518  3860  4912 I notification_autogrouped: 0|com.tencent.mm|4098|null|10128
04-29 09:57:33.635  3860  3860 I notification_enqueue: [10127,17727,com.taobao.taobao,34858,NULL,0,Notification(pri=0 contentView=null vibrate=null sound=null defaults=0x0 flags=0x0 color=0x00000000 vis=PRIVATE),1]
04-29 09:57:33.699  3860 12148 I notification_autogrouped: 0|com.taobao.taobao|34858|null|10127
04-29 09:57:33.710  3860  4707 I notification_autogrouped: 0|com.taobao.taobao|34858|null|10127
04-29 09:57:34.122  3860  3860 I notification_enqueue: [10128,25763,com.tencent.mm,4100,NULL,0,Notification(pri=0 contentView=null vibrate=[] sound=null tick defaults=0x0 flags=0x101 color=0x00000000 category=msg vis=PRIVATE),1]
04-29 09:57:34.137  3860  3860 I notification_alert: [0|com.tencent.mm|4100|null|10128,0,0,1]
04-29 09:57:34.144  3860 12150 I notification_autogrouped: 0|com.tencent.mm|4100|null|10128
04-29 09:57:34.160  3860 12151 I notification_autogrouped: 0|com.tencent.mm|4100|null|10128
04-29 09:57:34.160  3860 12151 I notification_autogrouped: 0|com.tencent.mm|4097|null|10128
04-29 09:57:34.160  3860 12151 I notification_autogrouped: 0|com.tencent.mm|4101|null|10128
04-29 09:57:34.160  3860 12151 I notification_autogrouped: 0|com.tencent.mm|4099|null|10128
04-29 09:57:34.160  3860 12151 I notification_autogrouped: 0|com.tencent.mm|4098|null|10128
04-29 09:57:34.854  3860  3860 I notification_enqueue: [10127,17727,com.taobao.taobao,34858,NULL,0,Notification(pri=0 contentView=null vibrate=null sound=null defaults=0x0 flags=0x0 color=0x00000000 vis=PRIVATE),1]
04-29 09:57:34.870  3860 12153 I notification_autogrouped: 0|com.taobao.taobao|34858|null|10127
04-29 09:57:34.880  3860  4707 I notification_autogrouped: 0|com.taobao.taobao|34858|null|10127
04-29 09:57:35.105  3860  3860 I notification_enqueue: [10128,25763,com.tencent.mm,4100,NULL,0,Notification(pri=0 contentView=null vibrate=[] sound=null tick defaults=0x0 flags=0x101 color=0x00000000 category=msg vis=PRIVATE),1]
04-29 09:57:35.115  3860  3860 I notification_alert: [0|com.tencent.mm|4100|null|10128,0,0,1]
04-29 09:57:35.125  3860  4706 I notification_autogrouped: 0|com.tencent.mm|4100|null|10128
04-29 09:57:35.141  3860  4562 I notification_autogrouped: 0|com.tencent.mm|4100|null|10128
04-29 09:57:35.142  3860  4562 I notification_autogrouped: 0|com.tencent.mm|4097|null|10128
04-29 09:57:35.142  3860  4562 I notification_autogrouped: 0|com.tencent.mm|4101|null|10128
04-29 09:57:35.142  3860  4562 I notification_autogrouped: 0|com.tencent.mm|4099|null|10128
04-29 09:57:35.142  3860  4562 I notification_autogrouped: 0|com.tencent.mm|4098|null|10128
04-29 09:57:36.268  3860  3860 I notification_enqueue: [10128,25763,com.tencent.mm,4100,NULL,0,Notification(pri=0 contentView=null vibrate=[] sound=null tick defaults=0x0 flags=0x101 color=0x00000000 category=msg vis=PRIVATE),1]
04-29 09:57:36.279  3860  3860 I notification_alert: [0|com.tencent.mm|4100|null|10128,0,0,1]
04-29 09:57:36.287  3860  5776 I notification_autogrouped: 0|com.tencent.mm|4100|null|10128
04-29 09:57:36.309  3860 20069 I notification_autogrouped: 0|com.tencent.mm|4100|null|10128
04-29 09:57:36.309  3860 20069 I notification_autogrouped: 0|com.tencent.mm|4097|null|10128
04-29 09:57:36.309  3860 20069 I notification_autogrouped: 0|com.tencent.mm|4101|null|10128
04-29 09:57:36.309  3860 20069 I notification_autogrouped: 0|com.tencent.mm|4099|null|10128
04-29 09:57:36.309  3860 20069 I notification_autogrouped: 0|com.tencent.mm|4098|null|10128
04-29 09:57:37.392  3860  3860 I notification_enqueue: [10128,25763,com.tencent.mm,4100,NULL,0,Notification(pri=0 contentView=null vibrate=[] sound=null tick defaults=0x0 flags=0x101 color=0x00000000 category=msg vis=PRIVATE),1]
04-29 09:57:37.398  3860  3860 I notification_alert: [0|com.tencent.mm|4100|null|10128,0,0,1]
04-29 09:57:37.403  3860  4909 I notification_autogrouped: 0|com.tencent.mm|4100|null|10128
04-29 09:57:37.414  3860  4706 I notification_autogrouped: 0|com.tencent.mm|4100|null|10128
04-29 09:57:37.414  3860  4706 I notification_autogrouped: 0|com.tencent.mm|4097|null|10128
04-29 09:57:37.414  3860  4706 I notification_autogrouped: 0|com.tencent.mm|4101|null|10128
04-29 09:57:37.414  3860  4706 I notification_autogrouped: 0|com.tencent.mm|4099|null|10128
04-29 09:57:37.414  3860  4706 I notification_autogrouped: 0|com.tencent.mm|4098|null|10128
04-29 09:57:38.902  3860 18540 I notification_visibility: [0|com.tencent.mm|4097|null|10128,0,1453430,180308,0,5]
04-29 09:57:38.902  3860 18540 I notification_visibility: [0|com.tencent.mm|4098|null|10128,0,1255323,408970,0,7]
04-29 09:57:38.902  3860 18540 I notification_visibility: [0|com.tencent.mm|4099|null|10128,0,1209305,283633,0,6]
04-29 09:57:38.902  3860 18540 I notification_visibility: [0|com.tencent.mm|4100|null|10128,0,1188661,1511,0,4]
04-29 09:57:38.902  3860 18540 I notification_visibility: [0|com.tencent.mm|4101|null|10128,0,973794,958822,0,8]
04-29 09:57:38.902  3860 18540 I notification_visibility: [0|com.tencent.mm|2147483647|group_key_override|10128|ranker_bundle,0,1453409,1453409,0,30]
04-29 09:57:38.962  3860  4910 I notification_visibility: [0|com.android.bbklog|1|null|1000,0,116152,116152,0,29]
04-29 09:57:38.962  3860  4910 I notification_visibility: [0|com.android.bbklog|2147483647|group_key_override|1000|ranker_bundle,0,116128,116128,0,28]
04-29 09:57:39.230  3860  4561 I notification_visibility: [0|com.taobao.taobao|34858|null|10127,0,78281,4623,0,27]
04-29 09:57:39.230  3860  4561 I notification_visibility: [0|com.taobao.taobao|2147483647|group_key_override|10127|ranker_bundle,0,78231,78231,0,26]
04-29 09:57:39.230  3860  4561 I notification_visibility: [0|android|2147483647|group_key_override|1000|ranker_bundle,0,4988149,4988149,0,1]
04-29 09:57:39.230  3860  4561 I notification_visibility: [0|android|110110|null|1000,0,4988263,4988263,0,3]
04-29 09:57:39.230  3860  4561 I notification_visibility: [0|android|10011|null|1000,0,4988246,4988246,0,2]
04-29 09:57:39.231  3860 20068 I notification_panel_hidden: []
04-29 09:57:40.214  4538  4538 I sysui_count: [panel_open,1]
04-29 09:57:40.301  4538  4538 I sysui_histogram: [note_load,62]
04-29 09:57:40.301  3860 20069 I notification_panel_revealed: 62
04-29 09:57:40.989  3860 12149 I notification_visibility: [0|com.tencent.mm|4097|null|10128,1,1455517,182395,0,10]
04-29 09:57:40.989  3860 12149 I notification_visibility: [0|com.tencent.mm|4098|null|10128,1,1257410,411057,0,12]
04-29 09:57:40.989  3860 12149 I notification_visibility: [0|com.tencent.mm|4099|null|10128,1,1211392,285720,0,11]
04-29 09:57:40.989  3860 12149 I notification_visibility: [0|com.android.bbklog|1|null|1000,1,118179,118179,0,7]
04-29 09:57:40.989  3860 12149 I notification_visibility: [0|com.taobao.taobao|34858|null|10127,1,80040,6382,0,5]
04-29 09:57:40.989  3860 12149 I notification_visibility: [0|com.taobao.taobao|2147483647|group_key_override|10127|ranker_bundle,1,79990,79990,0,4]
04-29 09:57:40.989  3860 12149 I notification_visibility: [0|android|2147483647|group_key_override|1000|ranker_bundle,1,4989908,4989908,0,1]
04-29 09:57:40.989  3860 12149 I notification_visibility: [0|com.tencent.mm|4100|null|10128,1,1190748,3598,0,9]
04-29 09:57:40.989  3860 12149 I notification_visibility: [0|com.android.bbklog|2147483647|group_key_override|1000|ranker_bundle,1,118155,118155,0,6]
04-29 09:57:40.989  3860 12149 I notification_visibility: [0|com.tencent.mm|4101|null|10128,1,975881,960909,0,13]
04-29 09:57:40.989  3860 12149 I notification_visibility: [0|android|110110|null|1000,1,4990022,4990022,0,3]
04-29 09:57:40.989  3860 12149 I notification_visibility: [0|com.tencent.mm|2147483647|group_key_override|10128|ranker_bundle,1,1455496,1455496,0,8]
04-29 09:57:40.989  3860 12149 I notification_visibility: [0|android|10011|null|1000,1,4990005,4990005,0,2]
04-29 09:57:44.067  3860  3860 I notification_enqueue: [10127,17727,com.taobao.taobao,34858,NULL,0,Notification(pri=0 contentView=null vibrate=null sound=null defaults=0x0 flags=0x0 color=0x00000000 vis=PRIVATE),1]
04-29 09:57:44.233  3860 18540 I notification_autogrouped: 0|com.taobao.taobao|34858|null|10127
04-29 09:57:44.288  3860 20072 I notification_autogrouped: 0|com.taobao.taobao|34858|null|10127
04-29 09:57:45.819  3860 20071 I notification_visibility: [0|com.tencent.mm|4097|null|10128,0,1460347,187225,0,10]
04-29 09:57:45.819  3860 20071 I notification_visibility: [0|com.tencent.mm|4098|null|10128,0,1262240,415887,0,12]
04-29 09:57:45.819  3860 20071 I notification_visibility: [0|com.tencent.mm|4099|null|10128,0,1216222,290550,0,11]
04-29 09:57:45.819  3860 20071 I notification_visibility: [0|com.android.bbklog|1|null|1000,0,123009,123009,0,7]
04-29 09:57:45.819  3860 20071 I notification_visibility: [0|com.taobao.taobao|34858|null|10127,0,84870,1810,0,5]
04-29 09:57:45.819  3860 20071 I notification_visibility: [0|com.taobao.taobao|2147483647|group_key_override|10127|ranker_bundle,0,84820,84820,0,4]
04-29 09:57:45.819  3860 20071 I notification_visibility: [0|android|2147483647|group_key_override|1000|ranker_bundle,0,4994738,4994738,0,1]
04-29 09:57:45.819  3860 20071 I notification_visibility: [0|com.tencent.mm|4100|null|10128,0,1195578,8428,0,9]
04-29 09:57:45.820  3860 20071 I notification_visibility: [0|com.android.bbklog|2147483647|group_key_override|1000|ranker_bundle,0,122985,122985,0,6]
04-29 09:57:45.820  3860 20071 I notification_visibility: [0|com.tencent.mm|4101|null|10128,0,980712,965740,0,13]
04-29 09:57:45.820  3860 20071 I notification_visibility: [0|android|110110|null|1000,0,4994853,4994853,0,3]
04-29 09:57:45.820  3860 20071 I notification_visibility: [0|com.tencent.mm|2147483647|group_key_override|10128|ranker_bundle,0,1460327,1460327,0,8]
04-29 09:57:45.820  3860 20071 I notification_visibility: [0|android|10011|null|1000,0,4994836,4994836,0,2]
04-29 09:57:45.820  3860  4909 I notification_panel_hidden: []
04-29 09:57:45.886  3860  4562 I am_create_task: [0,375]
04-29 09:57:45.886  3860  4562 I am_create_activity: [0,191235121,375,com.android.packageinstaller/.PackageInstallerActivity,android.intent.action.VIEW,application/vnd.android.package-archive,file:///storage/emulated/0/Android/data/com.taobao.taobao/cache/apkupdate/6.7.0/600000@taobao_android_6.7.0.apk,276824064]
04-29 09:57:45.906  3860  4562 I wm_task_created: [375,1]
04-29 09:57:45.906  3860  4562 I wm_task_moved: [375,1,30]
04-29 09:57:45.906  3860  4562 I wm_task_moved: [375,1,30]
04-29 09:57:45.907  3860  4562 I am_focused_activity: [0,com.android.packageinstaller/.PackageInstallerActivity,startedActivity]
04-29 09:57:45.958  3860  4562 I am_pause_activity: [0,171731450,com.taobao.taobao/com.taobao.tao.homepage.MainActivity3]
04-29 09:57:45.977  3860  4562 I sysui_action: [323,com.android.packageinstaller/.PackageInstallerActivity]
04-29 09:57:45.977  3860  4562 I sysui_action: [324,false]
04-29 09:57:45.977  3860  4562 I sysui_action: [325,430648]
04-29 09:57:45.978  3860  4911 I notification_clicked: [0|com.taobao.taobao|34858|null|10127,85029,1969,4989]
04-29 09:57:45.979  3860  3860 I sysui_histogram: [note_click_longevity,0]
04-29 09:57:46.118 17727 17727 I am_on_paused_called: [0,com.taobao.tao.homepage.MainActivity3,handlePauseActivity]
04-29 09:57:46.197  3860 20071 I am_proc_start: [0,30147,10019,com.android.packageinstaller,activity,com.android.packageinstaller/.PackageInstallerActivity]
04-29 09:57:46.256  3860 20072 I am_proc_bound: [0,30147,com.android.packageinstaller]
04-29 09:57:46.277  3860 20072 I am_restart_activity: [0,191235121,375,com.android.packageinstaller/.PackageInstallerActivity]
04-29 09:57:46.329  3860  3882 I sysui_action: [321,552]
04-29 09:57:46.331  3860  3882 I sysui_action: [320,1]
04-29 09:57:46.331  3860  3882 I sysui_action: [319,554]
04-29 09:57:46.783  3860 20072 I wm_task_moved: [375,1,30]
04-29 09:57:46.784  3860 20072 I am_create_activity: [0,217760670,375,com.android.packageinstaller/.PackageInstallerActivityOther,android.intent.action.VIEW,application/vnd.android.package-archive,file:///storage/emulated/0/Android/data/com.taobao.taobao/cache/apkupdate/6.7.0/600000@taobao_android_6.7.0.apk,8388608]
04-29 09:57:46.785  3860 20072 I wm_task_moved: [375,1,30]
04-29 09:57:46.786  3860 20072 I am_focused_activity: [0,com.android.packageinstaller/.PackageInstallerActivityOther,startedActivity]
04-29 09:57:46.787  3860 20072 I am_pause_activity: [0,191235121,com.android.packageinstaller/.PackageInstallerActivity]
04-29 09:57:46.794 30147 30147 I am_on_resume_called: [0,com.android.packageinstaller.PackageInstallerActivity,LAUNCH_ACTIVITY]
04-29 09:57:46.796 30147 30147 I am_on_paused_called: [0,com.android.packageinstaller.PackageInstallerActivity,handlePauseActivity]
04-29 09:57:46.805  3860  3870 I am_restart_activity: [0,217760670,375,com.android.packageinstaller/.PackageInstallerActivityOther]
04-29 09:57:46.828  3860  3873 I sysui_count: [window_time_0,86]
04-29 09:57:47.154 30147 30147 I am_on_resume_called: [0,com.android.packageinstaller.PackageInstallerActivityOther,LAUNCH_ACTIVITY]
04-29 09:57:47.383  3860  3882 I am_activity_launch_time: [0,217760670,com.android.packageinstaller/.PackageInstallerActivityOther,586,1198]
04-29 09:57:47.397  3860  3873 I am_stop_activity: [0,191235121,com.android.packageinstaller/.PackageInstallerActivity]
04-29 09:57:47.397  3860  3873 I am_stop_activity: [0,171731450,com.taobao.taobao/com.taobao.tao.homepage.MainActivity3]
04-29 09:57:47.397 30147 30147 I am_on_stop_called: [0,com.android.packageinstaller.PackageInstallerActivity,handleStopActivity]
04-29 09:57:47.586 17727 17727 I am_on_stop_called: [0,com.taobao.tao.homepage.MainActivity3,handleStopActivity]
04-29 09:57:47.625   520   520 I sf_frame_dur: [com.taobao.taobao/com.taobao.tao.homepage.MainActivity3,745,21,18,13,8,17,27]
04-29 09:57:47.625   520   520 I sf_frame_dur: [com.taobao.taobao/com.taobao.tao.homepage.MainActivity3,24,2,0,0,1,0,1]
04-29 09:57:49.703  3860  5774 I wm_task_moved: [375,1,30]
04-29 09:57:49.705  3860  5774 I am_create_activity: [0,258183495,375,com.android.packageinstaller/.InstallAppProgress,NULL,NULL,file:///storage/emulated/0/Android/data/com.taobao.taobao/cache/apkupdate/6.7.0/600000@taobao_android_6.7.0.apk,8388608]
04-29 09:57:49.706  3860  5774 I wm_task_moved: [375,1,30]
04-29 09:57:49.712  3860  5774 I am_focused_activity: [0,com.android.packageinstaller/.InstallAppProgress,startedActivity]
04-29 09:57:49.712  3860  5774 I am_pause_activity: [0,217760670,com.android.packageinstaller/.PackageInstallerActivityOther]
04-29 09:57:49.720  3860 12151 I am_finish_activity: [0,217760670,375,com.android.packageinstaller/.PackageInstallerActivityOther,app-request]
04-29 09:57:49.724 30147 30147 I am_on_paused_called: [0,com.android.packageinstaller.PackageInstallerActivityOther,handlePauseActivity]
04-29 09:57:49.736  3860 20066 I am_restart_activity: [0,258183495,375,com.android.packageinstaller/.InstallAppProgress]
04-29 09:57:49.750  3860  3873 I sysui_count: [window_time_0,3]
04-29 09:57:49.869 30147 30147 I am_on_resume_called: [0,com.android.packageinstaller.InstallAppProgress,LAUNCH_ACTIVITY]
04-29 09:57:49.968  3860  3882 I am_activity_launch_time: [0,258183495,com.android.packageinstaller/.InstallAppProgress,239,239]
04-29 09:57:50.293  3860  3873 I am_destroy_activity: [0,217760670,375,com.android.packageinstaller/.PackageInstallerActivityOther,finish-imm]
04-29 09:57:50.304 30147 30147 I am_on_stop_called: [0,com.android.packageinstaller.PackageInstallerActivityOther,destroy]
04-29 09:57:57.658  3860  3892 I am_proc_start: [0,30208,10007,com.android.defcontainer,service,com.android.defcontainer/.DefaultContainerService]
04-29 09:57:57.801  3860  3872 I am_pss  : [30147,10019,com.android.packageinstaller,30885888,26411008,0]
04-29 09:57:58.285  3860 20069 I am_proc_bound: [0,30208,com.android.defcontainer]
04-29 09:58:00.193  3860  3860 I notification_enqueue: [10064,9380,com.bbk.iqoo.logsystem,3,NULL,0,Notification(pri=-2 contentView=com.bbk.iqoo.logsystem/0x3030028 vibrate=null sound=null defaults=0x0 flags=0x40 color=0xff607d8b vis=PRIVATE),1]
04-29 09:58:00.258  3860  4910 I notification_autogrouped: 0|com.bbk.iqoo.logsystem|3|null|10064
04-29 09:58:00.274  3860  3870 I notification_autogrouped: 0|com.bbk.iqoo.logsystem|3|null|10064
04-29 09:58:02.806  3860  3873 I am_kill : [0,19162,com.taobao.taobao:channel,500,stop com.taobao.taobao]
04-29 09:58:02.811  3860  3873 I am_schedule_service_restart: [0,com.taobao.taobao/com.alibaba.analytics.AnalyticsService,1000]
04-29 09:58:02.812  3860  3873 I am_schedule_service_restart: [0,com.taobao.taobao/com.taobao.accs.ChannelService,10999]
04-29 09:58:02.813  3860  3873 I am_kill : [999,16862,com.taobao.taobao:channel,500,stop com.taobao.taobao]
04-29 09:58:02.814  3860  3873 I am_schedule_service_restart: [999,com.taobao.taobao/com.alibaba.analytics.AnalyticsService,20996]
04-29 09:58:02.814  3860  3873 I am_schedule_service_restart: [999,com.taobao.taobao/com.taobao.accs.ChannelService,30996]
04-29 09:58:02.815  3860  3873 I am_kill : [0,29624,com.taobao.taobao:dex2oat,906,stop com.taobao.taobao]
04-29 09:58:02.817  3860  3873 I am_kill : [0,17727,com.taobao.taobao,700,stop com.taobao.taobao]
04-29 09:58:02.819  3860  3873 I am_schedule_service_restart: [0,com.taobao.taobao/com.taobao.tao.log.collect.AccsTlogService,40992]
04-29 09:58:02.819  3860  3873 I am_schedule_service_restart: [0,com.taobao.taobao/com.taobao.accs.data.MsgDistributeService,40991]
04-29 09:58:02.821  3860  3873 I am_kill : [999,16228,com.taobao.taobao,900,stop com.taobao.taobao]
04-29 09:58:02.823  3860  3873 I am_schedule_service_restart: [999,com.taobao.taobao/com.taobao.tao.log.collect.AccsTlogService,40987]
04-29 09:58:02.823  3860  3873 I am_schedule_service_restart: [999,com.taobao.taobao/com.taobao.accs.data.MsgDistributeService,40987]
04-29 09:58:02.823  3860  3873 I am_schedule_service_restart: [999,com.taobao.taobao/com.taobao.acds.compact.AccsACDSService,40987]
04-29 09:58:02.828  3860  3873 I am_finish_activity: [0,171731450,374,com.taobao.taobao/com.taobao.tao.homepage.MainActivity3,force-stop]
04-29 09:58:02.830  3860  3873 I am_finish_activity: [999,120537728,99900002,com.taobao.taobao/com.taobao.tao.homepage.MainActivity3,force-stop]
04-29 09:58:02.843  3860  3873 I am_destroy_activity: [0,171731450,374,com.taobao.taobao/com.taobao.tao.homepage.MainActivity3,finish-idle]
04-29 09:58:02.881  3860  3873 I wm_task_removed: [374,removeAppToken: last token]
04-29 09:58:02.882  3860  3873 I wm_task_removed: [374,removeTask]
04-29 09:58:02.883  3860  3873 I am_destroy_activity: [999,120537728,99900002,com.taobao.taobao/com.taobao.tao.homepage.MainActivity3,finish-idle]
04-29 09:58:02.891  3860  3873 I wm_task_removed: [99900002,removeAppToken: last token]
04-29 09:58:02.892  3860  3873 I wm_task_removed: [99900002,removeTask]
04-29 09:58:02.936  3860  3872 I am_pss  : [6896,10063,com.iqoo.secure:remote,62482432,60305408,0]
04-29 09:58:03.052  3860  4271 I am_wtf  : [0,3860,system_server,-1,ActivityManager,Sending non-protected broadcast com.vivo.audiofx.maxxaudio.effect from system 3860:system/1000 pkg android]
04-29 09:58:03.500  3860  3892 I unknown_sources_enabled: 0
04-29 09:58:03.763  4538  4538 I force_gc: bg
04-29 09:58:03.776  3860  3860 I notification_cancel_all: [1000,3860,com.taobao.taobao,0,0,0,5,NULL]
04-29 09:58:03.778  3860  3860 I notification_canceled: [0|com.taobao.taobao|34858|null|10127,5,102829,19769,22789]
04-29 09:58:03.779  3860  3860 I notification_canceled: [0|com.taobao.taobao|2147483647|group_key_override|10127|ranker_bundle,5,102780,102780,22790]
04-29 09:58:03.874  3860  3860 I am_wtf  : [0,3860,system_server,-1,ActivityManager,Sending non-protected broadcast com.vivo.services.security.client.PACKAGE_PERMISSION_REMOVED from system 3860:system/1000 pkg android]
04-29 09:58:03.893  3860  3860 I notification_cancel_all: [1000,3860,com.taobao.taobao,999,0,0,5,NULL]
04-29 09:58:03.981  3860 20070 I am_proc_start: [0,30253,1000,com.android.keychain,broadcast,com.android.keychain/.KeyChainBroadcastReceiver]
04-29 09:58:04.027  3860 12148 I am_proc_bound: [0,30253,com.android.keychain]
04-29 09:58:04.274  3860  4912 I am_proc_start: [0,30275,1001,com.android.vendors.bridge.softsim,broadcast,com.android.vendors.bridge.softsim/.SoftSimReceiver]
04-29 09:58:04.293  3860  4561 I am_proc_bound: [0,30275,com.android.vendors.bridge.softsim]
04-29 09:58:04.826  3860  4916 I am_wtf  : [0,3860,system_server,-1,ActivityManager,Sending non-protected broadcast com.vivo.behavior.app.removed from system 5692:com.vivo.abe/1000 pkg com.vivo.abe]
04-29 09:58:04.827  3860  4916 I am_wtf  : [0,3860,system_server,-1,ActivityManager,Sending non-protected broadcast com.vivo.behavior.app.removed from system 5692:com.vivo.abe/1000 pkg com.vivo.abe]
04-29 09:58:04.858  3860 12153 I am_proc_start: [0,30301,10113,com.vivo.game,broadcast,com.vivo.game/.model.GameReceiver]
04-29 09:58:04.883  3860 25777 I am_proc_bound: [0,30301,com.vivo.game]
04-29 09:58:04.894  3860 12147 I am_wtf  : [0,3860,system_server,-1,ActivityManager,Sending non-protected broadcast com.vivo.applicationbehaviorengine.power.refreshList from system 5692:com.vivo.abe/1000 pkg com.vivo.abe]
04-29 09:58:04.938  3860  3860 I notification_cancel_all: [1000,3860,com.taobao.taobao,0,0,0,5,NULL]
04-29 09:58:04.980  3860 20072 I am_proc_start: [0,30314,10025,com.vivo.browser,service,com.vivo.browser/com.vivo.push.sdk.service.CommandService]
04-29 09:58:05.005  3860  5774 I am_proc_start: [0,30327,10115,com.vivo.space,service,com.vivo.space/com.vivo.push.sdk.service.CommandService]
04-29 09:58:05.006  3860  5776 I am_proc_bound: [0,30314,com.vivo.browser]
04-29 09:58:05.030  3860 12149 I am_proc_bound: [0,30327,com.vivo.space]
04-29 09:58:05.589  3860  3860 I am_wtf  : [0,3860,system_server,-1,ActivityManager,Sending non-protected broadcast com.vivo.services.security.client.PACKAGE_PERMISSION_ADDED from system 3860:system/1000 pkg android]
04-29 09:58:05.631  3860  5771 I am_proc_start: [0,30400,1000,com.vivo.vivokaraoke,broadcast,com.vivo.vivokaraoke/.floatview.KaraokeBroadcastReceiver]
04-29 09:58:05.643  3860 12149 I am_proc_died: [0,30301,com.vivo.game]
04-29 09:58:05.643  3860 12149 I am_schedule_service_restart: [0,com.vivo.game/.update.GameReceiverService,1000]
04-29 09:58:05.656  3860 20069 I am_proc_bound: [0,30400,com.vivo.vivokaraoke]
04-29 09:58:05.657  3860  3860 I notification_cancel_all: [1000,3860,com.taobao.taobao,999,0,0,5,NULL]
04-29 09:58:05.685  3860  3860 I am_wtf  : [0,3860,system_server,-1,ActivityManager,Sending non-protected broadcast com.vivo.services.security.client.PACKAGE_PERMISSION_REPLACED from system 3860:system/1000 pkg android]
04-29 09:58:05.687  3860  3860 I notification_canceled: [0|com.bbk.appstore|102|null|10030,8,1279292,1279292,89530]
04-29 09:58:05.828  3860 20070 I am_proc_died: [0,30400,com.vivo.vivokaraoke]
04-29 09:58:05.828  3860 20070 I am_broadcast_discard_app: [0,162137984,android.intent.action.PACKAGE_REMOVED,14,ResolveInfo{27baf48 com.vivo.vivokaraoke/.floatview.KaraokeBroadcastReceiver m=0x208000}]
04-29 09:58:05.833  3860  3873 I am_broadcast_discard_app: [0,162137984,android.intent.action.PACKAGE_REMOVED,15,ResolveInfo{7c1c1e1 air.tv.douyu.android/tv.douyu.framework.broadcast.GameDownloadReceiver m=0x208000}]
04-29 09:58:05.834  3860  3873 I am_broadcast_discard_app: [0,162137984,android.intent.action.PACKAGE_REMOVED,16,ResolveInfo{b984b06 air.tv.douyu.android/com.taobao.accs.EventReceiver m=0x208000}]
04-29 09:58:05.835  3860  3873 I am_broadcast_discard_app: [0,162137984,android.intent.action.PACKAGE_REMOVED,17,ResolveInfo{357f5c7 air.tv.douyu.android/com.taobao.agoo.AgooCommondReceiver m=0x208000}]
04-29 09:58:05.836  3860  3873 I am_broadcast_discard_app: [0,162137984,android.intent.action.PACKAGE_REMOVED,18,ResolveInfo{84077f4 cn.kuwo.player/cn.com.iresearch.phonemonitor.library.receiver.ApplicationStatusReceiver m=0x208000}]
04-29 09:58:05.838  3860  3873 I am_broadcast_discard_app: [0,162137984,android.intent.action.PACKAGE_REMOVED,19,ResolveInfo{2b79b1d com.achievo.vipshop/.weiaixing.receiver.CoreReceiver m=0x208000}]
04-29 09:58:05.877  3860  5779 I am_broadcast_discard_app: [0,162137984,android.intent.action.PACKAGE_REMOVED,21,ResolveInfo{337cc19 com.autonavi.minimap/com.taobao.accs.EventReceiver m=0x208000}]
04-29 09:58:05.886  3860  3873 I am_broadcast_discard_app: [0,162137984,android.intent.action.PACKAGE_REMOVED,22,ResolveInfo{347b4de com.autonavi.minimap/com.taobao.agoo.AgooCommondReceiver m=0x208000}]
04-29 09:58:05.887  3860  3873 I am_broadcast_discard_app: [0,162137984,android.intent.action.PACKAGE_REMOVED,23,ResolveInfo{57d6bf com.baidu.BaiduMap/com.baidu.android.pushservice.RegistrationReceiver m=0x208000}]
04-29 09:58:05.887  3860  3873 I am_broadcast_discard_app: [0,162137984,android.intent.action.PACKAGE_REMOVED,24,ResolveInfo{f8ed18c com.baidu.netdisk/com.baidu.android.pushservice.RegistrationReceiver m=0x208000}]
04-29 09:58:05.888  3860  3873 I am_broadcast_discard_app: [0,162137984,android.intent.action.PACKAGE_REMOVED,25,ResolveInfo{1f010d5 com.baidu.netdisk/.module.toolbox.AppInfoBroadcastReceiver m=0x208000}]
04-29 09:58:05.889  3860  3873 I am_broadcast_discard_app: [0,162137984,android.intent.action.PACKAGE_REMOVED,26,ResolveInfo{21640ea com.baidu.video/com.baidu.android.pushservice.RegistrationReceiver m=0x208000}]
04-29 09:58:05.889  3860  3873 I am_broadcast_discard_app: [0,162137984,android.intent.action.PACKAGE_REMOVED,27,ResolveInfo{a3d1fdb com.baidu.video/.ui.floatingwindow.InstalledApkBroadcastReceiver m=0x208000}]
04-29 09:58:05.889  3860  3873 I am_broadcast_discard_app: [0,162137984,android.intent.action.PACKAGE_REMOVED,28,ResolveInfo{a1d7a78 com.baidu.video/com.huawei.android.pushagent.PushEventReceiver m=0x208000}]
04-29 09:58:05.928  3860 20069 I am_broadcast_discard_app: [0,162137984,android.intent.action.PACKAGE_REMOVED,30,ResolveInfo{58f81b6 com.jingdong.app.mall/.broadcastReceiver.AppStateRecevier m=0x208000}]
04-29 09:58:05.953  3860  3860 I notification_enqueue: [10194,17029,com.achievo.vipshop,1221,NULL,0,Notification(pri=-2 contentView=null vibrate=null sound=null defaults=0x0 flags=0x40 color=0xff607d8b vis=PRIVATE),1]
04-29 09:58:05.962  3860  3860 I notification_enqueue: [10194,17029,com.achievo.vipshop,1221,NULL,0,Notification(pri=-2 contentView=null vibrate=null sound=null defaults=0x0 flags=0x40 color=0xff607d8b vis=PRIVATE),1]
04-29 09:58:05.963  3860  3873 I am_broadcast_discard_app: [0,162137984,android.intent.action.PACKAGE_REMOVED,31,ResolveInfo{a312090 com.jingdong.app.mall/com.huawei.android.pushagent.PushEventReceiver m=0x208000}]
04-29 09:58:05.965  3860  3873 I am_broadcast_discard_app: [0,162137984,android.intent.action.PACKAGE_REMOVED,32,ResolveInfo{e36ed89 com.jxedt/.receiver.BootReciver m=0x208000}]
04-29 09:58:05.974  3860  5776 I notification_autogrouped: 0|com.achievo.vipshop|1|mmp_c82cc24493a14c2aa0e421dc76ba41ea|10194
04-29 09:58:05.984  3860 20070 I notification_autogrouped: 0|com.achievo.vipshop|1|mmp_c82cc24493a14c2aa0e421dc76ba41ea|10194
04-29 09:58:05.984  3860 20070 I notification_autogrouped: 0|com.achievo.vipshop|1|mmp_c4dbb8969e7346ff9579fb21008129bc|10194
04-29 09:58:05.984  3860 20070 I notification_autogrouped: 0|com.achievo.vipshop|1|mmp_0166986b8b084e8e8ac6cb4cd3f231d5|10194
04-29 09:58:05.984  3860 20070 I notification_autogrouped: 0|com.achievo.vipshop|1|mmp_7917ecb95f074babb74a4a1be8118243|10194
04-29 09:58:05.984  3860 20070 I notification_autogrouped: 0|com.achievo.vipshop|1|mmp_86627626fe5a4b3c94b5e7fd28e3af99|10194
04-29 09:58:05.984  3860 20070 I notification_autogrouped: 0|com.achievo.vipshop|1|mmp_34c37e2b82d24d36bf29fe5fa401dc43|10194
04-29 09:58:05.984  3860 20070 I notification_autogrouped: 0|com.achievo.vipshop|1221|null|10194
04-29 09:58:05.984  3860 20070 I notification_autogrouped: 0|com.achievo.vipshop|1|mmp_f3b4b1db844c46b69fd5a92a04d9ff8b|10194
04-29 09:58:05.992  3860  4707 I notification_autogrouped: 0|com.achievo.vipshop|1|mmp_c82cc24493a14c2aa0e421dc76ba41ea|10194
04-29 09:58:06.006  3860  5771 I notification_autogrouped: 0|com.achievo.vipshop|1|mmp_c82cc24493a14c2aa0e421dc76ba41ea|10194
04-29 09:58:06.006  3860  5771 I notification_autogrouped: 0|com.achievo.vipshop|1|mmp_c4dbb8969e7346ff9579fb21008129bc|10194
04-29 09:58:06.006  3860  5771 I notification_autogrouped: 0|com.achievo.vipshop|1|mmp_0166986b8b084e8e8ac6cb4cd3f231d5|10194
04-29 09:58:06.006  3860  5771 I notification_autogrouped: 0|com.achievo.vipshop|1|mmp_7917ecb95f074babb74a4a1be8118243|10194
04-29 09:58:06.006  3860  5771 I notification_autogrouped: 0|com.achievo.vipshop|1|mmp_86627626fe5a4b3c94b5e7fd28e3af99|10194
04-29 09:58:06.006  3860  5771 I notification_autogrouped: 0|com.achievo.vipshop|1|mmp_34c37e2b82d24d36bf29fe5fa401dc43|10194
04-29 09:58:06.006  3860  5771 I notification_autogrouped: 0|com.achievo.vipshop|1221|null|10194
04-29 09:58:06.006  3860  5771 I notification_autogrouped: 0|com.achievo.vipshop|1|mmp_f3b4b1db844c46b69fd5a92a04d9ff8b|10194
04-29 09:58:06.044  3860 20066 I am_broadcast_discard_app: [0,162137984,android.intent.action.PACKAGE_REMOVED,34,ResolveInfo{5f9edaf com.moji.mjweather/com.moji.mjappstore.receiver.AppStoreStaticPachageReciever m=0x208000}]
04-29 09:58:06.045  3860  3873 I am_broadcast_discard_app: [0,162137984,android.intent.action.PACKAGE_REMOVED,35,ResolveInfo{62fb5bc com.moji.mjweather/.receiver.PackageReceiver m=0x208000}]
04-29 09:58:06.048  3860  3873 I am_broadcast_discard_app: [0,162137984,android.intent.action.PACKAGE_REMOVED,36,ResolveInfo{717d945 com.nuomi/com.baidu.android.pushservice.RegistrationReceiver m=0x208000}]
04-29 09:58:06.048  3860  3873 I am_broadcast_discard_app: [0,162137984,android.intent.action.PACKAGE_REMOVED,37,ResolveInfo{9b8b89a com.panda.videoliveplatform/com.umeng.message.SystemReceiver m=0x208000}]
04-29 09:58:06.091  3860 12150 I am_broadcast_discard_app: [0,162137984,android.intent.action.PACKAGE_REMOVED,39,ResolveInfo{ed9c466 com.qzone/com.huawei.android.pushagent.PushEventReceiver m=0x208000}]
04-29 09:58:06.428  3860  4916 I am_finish_activity: [0,258183495,375,com.android.packageinstaller/.InstallAppProgress,app-request]
04-29 09:58:06.429  3860  4916 I wm_task_moved: [375,1,28]
04-29 09:58:06.447  3860  4916 I am_focused_activity: [0,com.android.packageinstaller/.PackageInstallerActivity,finishActivity adjustFocus]
04-29 09:58:06.447  3860  4916 I am_pause_activity: [0,258183495,com.android.packageinstaller/.InstallAppProgress]
04-29 09:58:06.448  3860 12148 I am_broadcast_discard_app: [0,162137984,android.intent.action.PACKAGE_REMOVED,42,ResolveInfo{973e3a7 com.sina.weibo/com.huawei.android.pushagent.PushEventReceiver m=0x208000}]
04-29 09:58:06.449 30147 30147 I am_on_paused_called: [0,com.android.packageinstaller.InstallAppProgress,handlePauseActivity]
04-29 09:58:06.462  3860  4911 I am_resume_activity: [0,191235121,375,com.android.packageinstaller/.PackageInstallerActivity]
04-29 09:58:06.475  3860  3873 I am_broadcast_discard_app: [0,162137984,android.intent.action.PACKAGE_REMOVED,43,ResolveInfo{fdf0054 com.ss.android.article.news/com.ss.android.message.MessageReceiver m=0x208000}]
04-29 09:58:06.477  3860  3873 I am_broadcast_discard_app: [0,162137984,android.intent.action.PACKAGE_REMOVED,44,ResolveInfo{904ebfd com.ss.android.article.news/com.baidu.android.pushservice.RegistrationReceiver m=0x208000}]
04-29 09:58:06.479  3860  3873 I am_broadcast_discard_app: [0,162137984,android.intent.action.PACKAGE_REMOVED,45,ResolveInfo{9adc0f2 com.ss.android.article.news/com.taobao.accs.EventReceiver m=0x208000}]
04-29 09:58:06.480  3860  3873 I am_broadcast_discard_app: [0,162137984,android.intent.action.PACKAGE_REMOVED,46,ResolveInfo{cf11343 com.ss.android.article.news/com.taobao.agoo.AgooCommondReceiver m=0x208000}]
04-29 09:58:06.481  3860  3873 I am_broadcast_discard_app: [0,162137984,android.intent.action.PACKAGE_REMOVED,47,ResolveInfo{f55cdc0 com.ss.android.article.news/.AliyunPushMsgReceiver m=0x208000}]
04-29 09:58:06.482  3860  3873 I am_broadcast_discard_app: [0,162137984,android.intent.action.PACKAGE_REMOVED,48,ResolveInfo{eb94af9 com.ss.android.article.news/com.huawei.android.pushagent.PushEventReceiver m=0x208000}]
04-29 09:58:06.482  3860  5779 I am_finish_activity: [0,191235121,375,com.android.packageinstaller/.PackageInstallerActivity,app-request]
04-29 09:58:06.484  3860  5779 I am_focused_stack: [0,0,1,finishActivity adjustFocus setFocusedActivity]
04-29 09:58:06.484  3860  5779 I wm_task_moved: [27,1,1]
04-29 09:58:06.493  3860  5779 I am_focused_activity: [0,com.bbk.launcher2/.Launcher,finishActivity adjustFocus]
04-29 09:58:06.496  3860  5779 I am_pause_activity: [0,191235121,com.android.packageinstaller/.PackageInstallerActivity]
04-29 09:58:06.523  3860  4707 I am_resume_activity: [0,43524736,27,com.bbk.launcher2/.Launcher]
04-29 09:58:06.576 12352 12352 I am_on_resume_called: [0,com.bbk.launcher2.Launcher,RESUME_ACTIVITY]
04-29 09:58:06.784  3860  4561 I am_broadcast_discard_app: [0,162137984,android.intent.action.PACKAGE_REMOVED,54,ResolveInfo{cdce6d com.taobao.taobao/com.taobao.agoo.AgooCommondReceiver m=0x208000}]
04-29 09:58:06.787  3860  3873 I am_broadcast_discard_app: [0,162137984,android.intent.action.PACKAGE_REMOVED,55,ResolveInfo{1d44aa2 com.taobao.taobao/com.taobao.accs.EventReceiver m=0x208000}]
04-29 09:58:06.989  3860  3873 I am_destroy_activity: [0,191235121,375,com.android.packageinstaller/.PackageInstallerActivity,finish-imm]
04-29 09:58:06.989  3860  3873 I am_destroy_activity: [0,258183495,375,com.android.packageinstaller/.InstallAppProgress,finish-imm]
04-29 09:58:06.996 30147 30147 I am_on_stop_called: [0,com.android.packageinstaller.InstallAppProgress,destroy]
04-29 09:58:07.018  3860  3871 I am_broadcast_discard_app: [0,162137984,android.intent.action.PACKAGE_REMOVED,62,ResolveInfo{81fef8f com.tencent.qqlive/.services.push.PushAlarmReceiver m=0x208000}]
04-29 09:58:07.020  3860  3873 I am_broadcast_discard_app: [0,162137984,android.intent.action.PACKAGE_REMOVED,63,ResolveInfo{830c21c com.tencent.qqlive/com.huawei.android.pushagent.PushEventReceiver m=0x208000}]
04-29 09:58:07.032  3860  3873 I am_proc_start: [0,30475,10132,com.vivo.easyshare,broadcast,com.vivo.easyshare/.receiver.PackageInstalledReceiver]
04-29 09:58:07.046  3860  5779 I am_proc_bound: [0,30475,com.vivo.easyshare]
04-29 09:58:07.060  3860  3882 I wm_task_removed: [375,removeAppToken: last token]
04-29 09:58:07.060  3860  3882 I wm_task_removed: [375,removeTask]
04-29 09:58:07.076   520   520 I sf_frame_dur: [com.android.packageinstaller/com.android.packageinstaller.InstallAppProgress,826,3,2,0,0,0,1]
04-29 09:58:07.348  3860  5776 I am_broadcast_discard_app: [0,162137984,android.intent.action.PACKAGE_REMOVED,65,ResolveInfo{d9d4726 com.yel.reader/com.baidu.android.pushservice.RegistrationReceiver m=0x208000}]
04-29 09:58:07.350  3860  3873 I am_broadcast_discard_app: [0,162137984,android.intent.action.PACKAGE_REMOVED,66,ResolveInfo{5090f67 com.youku.phone/com.taobao.accs.EventReceiver m=0x208000}]
04-29 09:58:07.351  3860  3873 I am_broadcast_discard_app: [0,162137984,android.intent.action.PACKAGE_REMOVED,67,ResolveInfo{8372114 com.youku.phone/com.taobao.agoo.AgooCommondReceiver m=0x208000}]
04-29 09:58:07.352  3860  3873 I am_broadcast_discard_app: [999,84237757,android.intent.action.PACKAGE_REMOVED,0,ResolveInfo{90d3b03 com.taobao.taobao/com.taobao.agoo.AgooCommondReceiver m=0x208000}]
04-29 09:58:07.352  3860  3873 I am_broadcast_discard_app: [999,84237757,android.intent.action.PACKAGE_REMOVED,1,ResolveInfo{9ef3a80 com.taobao.taobao/com.taobao.accs.EventReceiver m=0x208000}]
04-29 09:58:07.478  3860  4916 I am_proc_start: [0,30531,1000,com.iqoo.powersaving,broadcast,com.iqoo.powersaving/.appwidget.AppWidgetReceiver]
04-29 09:58:07.491  3860  5774 I am_proc_bound: [0,30531,com.iqoo.powersaving]
04-29 09:58:07.611  3860  4561 I am_kill : [0,20797,com.android.filemanager,906,empty #17]
04-29 09:58:07.672  3860  3871 I am_proc_start: [0,30551,10074,com.svox.pico,broadcast,com.svox.pico/.VoiceDataInstallerReceiver]
04-29 09:58:07.693  3860 12147 I am_proc_died: [0,20797,com.android.filemanager]
04-29 09:58:07.707  3860 12151 I am_proc_bound: [0,30551,com.svox.pico]
04-29 09:58:07.758  3860 20072 I am_kill : [0,19671,com.eg.android.AlipayGphone:tools,906,empty #17]
04-29 09:58:07.770  3860  4916 I am_wtf  : [0,3860,system_server,-1,ActivityManager,Sending non-protected broadcast com.vivo.behavior.app.add from system 5692:com.vivo.abe/1000 pkg com.vivo.abe]
04-29 09:58:07.772  3860  4916 I am_wtf  : [0,3860,system_server,-1,ActivityManager,Sending non-protected broadcast com.vivo.behavior.app.add from system 5692:com.vivo.abe/1000 pkg com.vivo.abe]
04-29 09:58:07.787  3860  4911 I am_wtf  : [0,3860,system_server,-1,ActivityManager,Sending non-protected broadcast com.vivo.applicationbehaviorengine.power.refreshList from system 5692:com.vivo.abe/1000 pkg com.vivo.abe]
04-29 09:58:07.788  3860 20070 I am_proc_died: [0,19671,com.eg.android.AlipayGphone:tools]
04-29 09:58:07.831  3860  5779 I am_proc_start: [0,30567,10113,com.vivo.game,broadcast,com.vivo.game/.model.GameReceiver]
04-29 09:58:07.854  3860 12148 I am_proc_bound: [0,30567,com.vivo.game]
04-29 09:58:08.106  3860  5779 I am_broadcast_discard_app: [0,229578937,android.intent.action.PACKAGE_ADDED,17,ResolveInfo{b936799 air.tv.douyu.android/tv.douyu.framework.broadcast.GameDownloadReceiver m=0x208000}]
04-29 09:58:08.107  3860  3873 I am_broadcast_discard_app: [0,229578937,android.intent.action.PACKAGE_ADDED,18,ResolveInfo{a9ea5e cn.kuwo.player/cn.com.iresearch.phonemonitor.library.receiver.ApplicationStatusReceiver m=0x208000}]
04-29 09:58:08.111  3860  3873 I am_broadcast_discard_app: [0,229578937,android.intent.action.PACKAGE_ADDED,19,ResolveInfo{c05c30c com.achievo.vipshop/.weiaixing.receiver.CoreReceiver m=0x208000}]
04-29 09:58:08.138  3860  4912 I am_broadcast_discard_app: [0,229578937,android.intent.action.PACKAGE_ADDED,21,ResolveInfo{f264e6a com.autonavi.minimap/.app.update.InstallListener m=0x208000}]
04-29 09:58:08.138  3860  3873 I am_broadcast_discard_app: [0,229578937,android.intent.action.PACKAGE_ADDED,22,ResolveInfo{f2fdf5b com.baidu.netdisk/.module.toolbox.AppInfoBroadcastReceiver m=0x208000}]
04-29 09:58:08.139  3860  3873 I am_broadcast_discard_app: [0,229578937,android.intent.action.PACKAGE_ADDED,23,ResolveInfo{8d203f8 com.baidu.netdisk/.ui.advertise.broadcast.ApkInstalledBroadcastReceiver m=0x208000}]
04-29 09:58:08.140  3860  3873 I am_broadcast_discard_app: [0,229578937,android.intent.action.PACKAGE_ADDED,24,ResolveInfo{87170d1 com.baidu.video/.ui.floatingwindow.InstalledApkBroadcastReceiver m=0x208000}]
04-29 09:58:08.141  3860  3873 I am_broadcast_discard_app: [0,229578937,android.intent.action.PACKAGE_ADDED,25,ResolveInfo{b52e736 com.baidu.video/.plugin.proxy.ProxyRecevier m=0x208000}]
04-29 09:58:08.142  3860  3873 I am_broadcast_discard_app: [0,229578937,android.intent.action.PACKAGE_ADDED,26,ResolveInfo{41f67a4 com.baidu.video/.attach.app.AttachReceiver m=0x208000}]
04-29 09:58:08.143  3860  3873 I am_broadcast_discard_app: [0,229578937,android.intent.action.PACKAGE_ADDED,27,ResolveInfo{fcb490d com.baidu.video/com.huawei.android.pushagent.PushEventReceiver m=0x208000}]
04-29 09:58:08.145  3860  3873 I am_broadcast_discard_app: [0,229578937,android.intent.action.PACKAGE_ADDED,28,ResolveInfo{6de40c2 com.jingdong.app.mall/.broadcastReceiver.AppStateRecevier m=0x208000}]
04-29 09:58:08.152  3860  3873 I am_broadcast_discard_app: [0,229578937,android.intent.action.PACKAGE_ADDED,29,ResolveInfo{c68ded3 com.jingdong.app.mall/com.huawei.android.pushagent.PushEventReceiver m=0x208000}]
04-29 09:58:08.152  3860  3873 I am_broadcast_discard_app: [0,229578937,android.intent.action.PACKAGE_ADDED,30,ResolveInfo{6bd5a10 com.jxedt/.receiver.BootReciver m=0x208000}]
04-29 09:58:08.153  3860  3873 I am_broadcast_discard_app: [0,229578937,android.intent.action.PACKAGE_ADDED,31,ResolveInfo{8706909 com.moji.mjweather/com.moji.mjappstore.receiver.AppStoreStaticPachageReciever m=0x208000}]
04-29 09:58:08.154  3860  3873 I am_broadcast_discard_app: [0,229578937,android.intent.action.PACKAGE_ADDED,32,ResolveInfo{dd3a70e com.moji.mjweather/.receiver.PackageReceiver m=0x208000}]
04-29 09:58:08.171  3860 12147 I am_broadcast_discard_app: [0,229578937,android.intent.action.PACKAGE_ADDED,34,ResolveInfo{9e3554b com.qzone/com.huawei.android.pushagent.PushEventReceiver m=0x208000}]
04-29 09:58:08.172  3860  3860 I notification_enqueue: [10194,17029,com.achievo.vipshop,1221,NULL,0,Notification(pri=-2 contentView=null vibrate=null sound=null defaults=0x0 flags=0x40 color=0xff607d8b vis=PRIVATE),1]
04-29 09:58:08.193  3860  3860 I notification_enqueue: [10194,17029,com.achievo.vipshop,1221,NULL,0,Notification(pri=-2 contentView=null vibrate=null sound=null defaults=0x0 flags=0x40 color=0xff607d8b vis=PRIVATE),1]
04-29 09:58:08.198  3860  5771 I notification_autogrouped: 0|com.achievo.vipshop|1|mmp_c82cc24493a14c2aa0e421dc76ba41ea|10194
04-29 09:58:08.218  3860  4562 I notification_autogrouped: 0|com.achievo.vipshop|1|mmp_c82cc24493a14c2aa0e421dc76ba41ea|10194
04-29 09:58:08.218  3860  4562 I notification_autogrouped: 0|com.achievo.vipshop|1|mmp_c4dbb8969e7346ff9579fb21008129bc|10194
04-29 09:58:08.218  3860  4562 I notification_autogrouped: 0|com.achievo.vipshop|1|mmp_0166986b8b084e8e8ac6cb4cd3f231d5|10194
04-29 09:58:08.218  3860  4562 I notification_autogrouped: 0|com.achievo.vipshop|1|mmp_7917ecb95f074babb74a4a1be8118243|10194
04-29 09:58:08.218  3860  4562 I notification_autogrouped: 0|com.achievo.vipshop|1|mmp_86627626fe5a4b3c94b5e7fd28e3af99|10194
04-29 09:58:08.218  3860  4562 I notification_autogrouped: 0|com.achievo.vipshop|1|mmp_34c37e2b82d24d36bf29fe5fa401dc43|10194
04-29 09:58:08.218  3860  4562 I notification_autogrouped: 0|com.achievo.vipshop|1221|null|10194
04-29 09:58:08.218  3860  4562 I notification_autogrouped: 0|com.achievo.vipshop|1|mmp_f3b4b1db844c46b69fd5a92a04d9ff8b|10194
04-29 09:58:08.225  3860  4561 I notification_autogrouped: 0|com.achievo.vipshop|1|mmp_c82cc24493a14c2aa0e421dc76ba41ea|10194
04-29 09:58:08.232  3860 12152 I notification_autogrouped: 0|com.achievo.vipshop|1|mmp_c82cc24493a14c2aa0e421dc76ba41ea|10194
04-29 09:58:08.233  3860 12152 I notification_autogrouped: 0|com.achievo.vipshop|1|mmp_c4dbb8969e7346ff9579fb21008129bc|10194
04-29 09:58:08.233  3860 12152 I notification_autogrouped: 0|com.achievo.vipshop|1|mmp_0166986b8b084e8e8ac6cb4cd3f231d5|10194
04-29 09:58:08.233  3860 12152 I notification_autogrouped: 0|com.achievo.vipshop|1|mmp_7917ecb95f074babb74a4a1be8118243|10194
04-29 09:58:08.233  3860 12152 I notification_autogrouped: 0|com.achievo.vipshop|1|mmp_86627626fe5a4b3c94b5e7fd28e3af99|10194
04-29 09:58:08.233  3860 12152 I notification_autogrouped: 0|com.achievo.vipshop|1|mmp_34c37e2b82d24d36bf29fe5fa401dc43|10194
04-29 09:58:08.233  3860 12152 I notification_autogrouped: 0|com.achievo.vipshop|1221|null|10194
04-29 09:58:08.233  3860 12152 I notification_autogrouped: 0|com.achievo.vipshop|1|mmp_f3b4b1db844c46b69fd5a92a04d9ff8b|10194
04-29 09:58:08.254  3860 20068 I am_broadcast_discard_app: [0,229578937,android.intent.action.PACKAGE_ADDED,37,ResolveInfo{cca5b28 com.sina.weibo/com.huawei.android.pushagent.PushEventReceiver m=0x208000}]
