05-11 14:24:43.555  3843  3882 I am_broadcast_discard_app: [0,185359208,android.intent.action.PACKAGE_REPLACED,10,ResolveInfo{7ffc614 com.supercell.clashofclans.vivo/com.vivo.sdkplugin.accounts.VivoApkInstallRecevier m=0x208000}]
05-11 14:24:43.574  3843  8624 I am_broadcast_discard_app: [0,185359208,android.intent.action.PACKAGE_REPLACED,13,ResolveInfo{e1d2f80 com.wepie.snake.vivo/com.vivo.sdkplugin.accounts.VivoApkInstallRecevier m=0x208000}]
05-11 14:24:43.593 13630 13630 I menu_item_selected: [1,]
05-11 14:24:43.981   512   512 I sf_frame_dur: [com.android.filemanager/com.android.filemanager.FileManagerListActivity,0,0,0,0,0,1,0]
05-11 14:24:44.238  3843  3843 I notification_enqueue: [10030,5956,com.bbk.appstore,901,1:90,0,Notification(pri=0 contentView=null vibrate=null sound=null defaults=0x0 flags=0x2 color=0x00000000 vis=PRIVATE),1]
05-11 14:24:44.249  3843 21044 I notification_autogrouped: 0|com.bbk.appstore|643|null|10030
05-11 14:24:44.250  3843 21047 I notification_autogrouped: 0|com.bbk.appstore|643|null|10030
05-11 14:24:44.250  3843 21047 I notification_autogrouped: 0|com.bbk.appstore|901|1:90|10030
05-11 14:24:44.327  3843  3881 I am_pss  : [11107,10008,com.android.defcontainer,5308416,4530176,0]
05-11 14:24:44.514  3843 21049 I am_proc_died: [0,13937,com.vivo.game]
05-11 14:24:44.515  3843 21049 I am_schedule_service_restart: [0,com.vivo.game/.update.GameReceiverService,1000]
05-11 14:24:44.557  3843 21045 I am_wtf  : [0,3843,system_server,-1,ActivityManager,Sending non-protected broadcast android.vivo.bbklog.action.Delet_bbklog from system 6008:com.android.bbklog/1000 pkg com.android.bbklog]
05-11 14:24:44.616  3843  3843 I notification_canceled: [0|com.android.bbklog|1|null|1000,8,11203286,183907,400747]
05-11 14:24:44.624  3843 21047 I notification_canceled: [0|com.android.bbklog|2147483647|group_key_override|1000|ranker_bundle,16,11203280,11203280,400755]
05-11 14:24:44.717   512   512 I sf_frame_dur: [com.android.filemanager/com.android.filemanager.FileManagerListActivity,2,0,0,0,0,1,0]
05-11 14:24:44.749  3843  3843 I notification_enqueue: [10030,5956,com.bbk.appstore,901,1:90,0,Notification(pri=0 contentView=null vibrate=null sound=null defaults=0x0 flags=0x2 color=0x00000000 vis=PRIVATE),1]
05-11 14:24:44.777  3843  4831 I notification_autogrouped: 0|com.bbk.appstore|643|null|10030
05-11 14:24:44.779  3843  8624 I notification_autogrouped: 0|com.bbk.appstore|643|null|10030
05-11 14:24:44.779  3843  8624 I notification_autogrouped: 0|com.bbk.appstore|901|1:90|10030
05-11 14:24:46.759  3843  3843 I notification_enqueue: [1000,6008,com.android.bbklog,1,NULL,0,Notification(pri=0 contentView=com.android.bbklog/0x3030028 vibrate=null sound=null defaults=0x0 flags=0x40 color=0x00000000 vis=PRIVATE),0]
05-11 14:24:46.780  3843  3929 I unknown_sources_enabled: 0
05-11 14:24:46.806  3843  3866 I notification_autogrouped: 0|com.android.bbklog|1|null|1000
05-11 14:24:46.807  3843  3843 I notification_enqueue: [1000,6008,com.android.bbklog,2147483647,group_key_override,0,Notification(pri=0 contentView=null vibrate=null sound=null defaults=0x0 flags=0x700 color=0x00000000 groupKey=ranker_bundle vis=PRIVATE),0]
05-11 14:24:46.820  3843 21044 I notification_autogrouped: 0|com.android.bbklog|1|null|1000
05-11 14:24:46.824  3843 21044 I am_finish_activity: [0,69246631,54,com.android.filemanager/.FileManagerListActivity,app-request]
05-11 14:24:46.828  3843 21044 I wm_task_moved: [54,1,8]
05-11 14:24:46.831  3843 21044 I am_focused_activity: [0,com.android.filemanager/.FileManagerActivity,finishActivity adjustFocus]
05-11 14:24:46.831  3843 21044 I am_pause_activity: [0,69246631,com.android.filemanager/.FileManagerListActivity]
05-11 14:24:46.861 13630 13630 I am_on_paused_called: [0,com.android.filemanager.FileManagerListActivity,handlePauseActivity]
05-11 14:24:46.871  3843  4786 I am_resume_activity: [0,61580894,54,com.android.filemanager/.FileManagerActivity]
05-11 14:24:46.900 13630 13630 I am_on_resume_called: [0,com.android.filemanager.FileManagerActivity,RESUME_ACTIVITY]
05-11 14:24:46.960  3843  3843 I notification_enqueue: [10030,5956,com.bbk.appstore,901,1:90,0,Notification(pri=0 contentView=null vibrate=null sound=null defaults=0x0 flags=0x2 color=0x00000000 vis=PRIVATE),1]
05-11 14:24:46.969  3843  5710 I notification_autogrouped: 0|com.bbk.appstore|643|null|10030
05-11 14:24:46.974  3843 21050 I notification_autogrouped: 0|com.bbk.appstore|643|null|10030
05-11 14:24:46.974  3843 21050 I notification_autogrouped: 0|com.bbk.appstore|901|1:90|10030
05-11 14:24:47.010  3843  3843 I notification_enqueue: [10030,5956,com.bbk.appstore,901,1:90,0,Notification(pri=0 contentView=null vibrate=null sound=null defaults=0x0 flags=0x2 color=0x00000000 vis=PRIVATE),1]
05-11 14:24:47.020  3843 21047 I notification_autogrouped: 0|com.bbk.appstore|643|null|10030
05-11 14:24:47.021  3843 21047 I notification_autogrouped: 0|com.bbk.appstore|643|null|10030
05-11 14:24:47.021  3843 21047 I notification_autogrouped: 0|com.bbk.appstore|901|1:90|10030
05-11 14:24:47.022  3843  3843 I notification_cancel_all: [1000,3843,com.qihoo.appstore,0,0,0,5,NULL]
05-11 14:24:47.047  3843  3843 I am_wtf  : [0,3843,system_server,-1,ActivityManager,Sending non-protected broadcast com.vivo.services.security.client.PACKAGE_PERMISSION_REMOVED from system 3843:system/1000 pkg android]
05-11 14:24:47.102  4442  4442 I force_gc: bg
05-11 14:24:47.179  3843  5710 I am_wtf  : [0,3843,system_server,-1,ActivityManager,Sending non-protected broadcast com.vivo.behavior.app.removed from system 5666:com.vivo.abe/1000 pkg com.vivo.abe]
05-11 14:24:47.179  3843  5710 I am_wtf  : [0,3843,system_server,-1,ActivityManager,Sending non-protected broadcast com.vivo.behavior.app.removed from system 5666:com.vivo.abe/1000 pkg com.vivo.abe]
05-11 14:24:47.202  3843  4831 I am_proc_start: [0,14091,10113,com.vivo.game,broadcast,com.vivo.game/.model.GameReceiver]
05-11 14:24:47.207  3843 21050 I am_wtf  : [0,3843,system_server,-1,ActivityManager,Sending non-protected broadcast com.vivo.applicationbehaviorengine.power.refreshList from system 5666:com.vivo.abe/1000 pkg com.vivo.abe]
05-11 14:24:47.215  3843  4699 I am_proc_bound: [0,14091,com.vivo.game]
05-11 14:24:47.265  3843  3882 I am_destroy_activity: [0,69246631,54,com.android.filemanager/.FileManagerListActivity,finish-imm]
05-11 14:24:47.268 13630 13630 I am_on_stop_called: [0,com.android.filemanager.FileManagerListActivity,destroy]
05-11 14:24:47.309   512   512 I sf_frame_dur: [com.android.filemanager/com.android.filemanager.FileManagerListActivity,151,9,4,6,5,2,2]
05-11 14:24:47.356  3843  3843 I notification_cancel_all: [1000,3843,com.qihoo.appstore,0,0,0,7,NULL]
05-11 14:24:47.356  3843  3843 I notification_cancel_all: [1000,3843,com.qihoo.appstore,0,0,0,5,NULL]
05-11 14:24:47.365  3843  3843 I am_wtf  : [0,3843,system_server,-1,ActivityManager,Sending non-protected broadcast com.vivo.services.security.client.PACKAGE_PERMISSION_ADDED from system 3843:system/1000 pkg android]
05-11 14:24:47.403  3843  3843 I am_wtf  : [0,3843,system_server,-1,ActivityManager,Sending non-protected broadcast com.vivo.services.security.client.PACKAGE_PERMISSION_REPLACED from system 3843:system/1000 pkg android]
05-11 14:24:47.404  3843  3843 I notification_canceled: [0|com.bbk.appstore|643|null|10030,8,7614,7614,0]
05-11 14:24:47.405  3843  3843 I notification_enqueue: [10030,5956,com.bbk.appstore,901,1:90,0,Notification(pri=0 contentView=null vibrate=null sound=null defaults=0x0 flags=0x2 color=0x00000000 vis=PRIVATE),1]
05-11 14:24:47.408  3843  3843 I notification_canceled: [0|com.bbk.appstore|901|1:90|10030,8,13621,200,0]
05-11 14:24:47.409  3843  3843 I notification_enqueue: [10030,5956,com.bbk.appstore,891,1:89,0,Notification(pri=0 contentView=null vibrate=null sound=null defaults=0x0 flags=0x2 color=0x00000000 vis=PRIVATE),0]
05-11 14:24:47.410  3843  3843 I notification_enqueue: [10030,5956,com.bbk.appstore,891,1:89,0,Notification(pri=0 contentView=null vibrate=null sound=null defaults=0x0 flags=0x2 color=0x00000000 vis=PRIVATE),1]
05-11 14:24:47.440  3843  8737 I notification_canceled: [0|com.bbk.appstore|2147483647|group_key_override|10030|ranker_bundle,16,65633,65633,0]
05-11 14:24:47.443  3843  4812 I notification_autogrouped: 0|com.bbk.appstore|891|1:89|10030
05-11 14:24:47.448  3843  4788 I notification_autogrouped: 0|com.bbk.appstore|891|1:89|10030
05-11 14:24:47.448  3843  3843 I notification_enqueue: [10030,5956,com.bbk.appstore,2147483647,group_key_override,0,Notification(pri=0 contentView=null vibrate=null sound=null defaults=0x0 flags=0x700 color=0x00000000 groupKey=ranker_bundle vis=PRIVATE),0]
05-11 14:24:47.455  3843 21045 I notification_autogrouped: 0|com.bbk.appstore|891|1:89|10030
05-11 14:24:47.458  3843  8624 I notification_autogrouped: 0|com.bbk.appstore|891|1:89|10030
05-11 14:24:47.534  3843  3881 I am_pss  : [6030,10132,com.tencent.mm,139358208,127012864,0]
05-11 14:24:47.553  3843  3881 I am_pss  : [7483,10132,com.tencent.mm:push,16285696,14434304,0]
05-11 14:24:47.782  3843  3843 I notification_enqueue: [10030,5956,com.bbk.appstore,891,1:89,0,Notification(pri=0 contentView=null vibrate=null sound=null defaults=0x0 flags=0x2 color=0x00000000 vis=PRIVATE),1]
05-11 14:24:47.800  3843 21321 I notification_autogrouped: 0|com.bbk.appstore|891|1:89|10030
05-11 14:24:47.803  3843  8741 I notification_autogrouped: 0|com.bbk.appstore|891|1:89|10030
05-11 14:24:47.870  3843 21321 I am_proc_start: [0,14134,1000,com.vivo.vivokaraoke,broadcast,com.vivo.vivokaraoke/.floatview.KaraokeBroadcastReceiver]
05-11 14:24:47.911  3843  3866 I am_proc_bound: [0,14134,com.vivo.vivokaraoke]
05-11 14:24:47.913  3843  4216 I netstats_mobile_sample: [44214,133,25076,179,44214,133,23644,179,44214,133,23644,179,1494483887915]
05-11 14:24:47.914  3843  4216 I netstats_wifi_sample: [23235304026,16026884,555125714,8126656,23235254612,16023508,441352913,8126516,23235220543,16023272,441352949,8126516,1494483887915]
05-11 14:24:47.921  3843  8737 I am_proc_died: [0,14091,com.vivo.game]
05-11 14:24:47.923  3843  8737 I am_schedule_service_restart: [0,com.vivo.game/.update.GameReceiverService,1000]
05-11 14:24:48.035  3843  3866 I am_proc_died: [0,14134,com.vivo.vivokaraoke]
05-11 14:24:48.036  3843  3866 I am_broadcast_discard_app: [0,42565828,android.intent.action.PACKAGE_REMOVED,13,ResolveInfo{254c6b com.vivo.vivokaraoke/.floatview.KaraokeBroadcastReceiver m=0x208000}]
05-11 14:24:48.039  3843  3882 I am_broadcast_discard_app: [0,42565828,android.intent.action.PACKAGE_REMOVED,14,ResolveInfo{2ec53c8 com.baidu.BaiduMap/com.baidu.android.pushservice.RegistrationReceiver m=0x208000}]
05-11 14:24:48.039  3843  3882 I am_broadcast_discard_app: [0,42565828,android.intent.action.PACKAGE_REMOVED,15,ResolveInfo{4d6cc61 com.campmobile.snowcamera/com.baidu.android.pushservice.RegistrationReceiver m=0x208000}]
05-11 14:24:48.039  3843  3882 I am_broadcast_discard_app: [0,42565828,android.intent.action.PACKAGE_REMOVED,16,ResolveInfo{5c0c386 com.jingdong.app.mall/.broadcastReceiver.AppStateRecevier m=0x208000}]
05-11 14:24:48.040  3843  3882 I am_broadcast_discard_app: [0,42565828,android.intent.action.PACKAGE_REMOVED,17,ResolveInfo{e4a4447 com.jingdong.app.mall/com.huawei.android.pushagent.PushEventReceiver m=0x208000}]
05-11 14:24:48.040  3843  3882 I am_broadcast_discard_app: [0,42565828,android.intent.action.PACKAGE_REMOVED,18,ResolveInfo{c56e474 com.jm.android.jumei/cn.jpush.android.service.PushReceiver m=0x208000}]
05-11 14:24:48.041  3843  3882 I am_broadcast_discard_app: [0,42565828,android.intent.action.PACKAGE_REMOVED,19,ResolveInfo{52cd9d com.jm.android.jumei/.push.JMAliReceiver m=0x208000}]
05-11 14:24:48.041  3843  3882 I am_broadcast_discard_app: [0,42565828,android.intent.action.PACKAGE_REMOVED,20,ResolveInfo{2559212 com.jm.android.jumei/com.taobao.accs.EventReceiver m=0x208000}]
05-11 14:24:48.041  3843  3882 I am_broadcast_discard_app: [0,42565828,android.intent.action.PACKAGE_REMOVED,21,ResolveInfo{cdcdde3 com.jm.android.jumei/com.taobao.agoo.AgooCommondReceiver m=0x208000}]
05-11 14:24:48.042  3843  3882 I am_broadcast_discard_app: [0,42565828,android.intent.action.PACKAGE_REMOVED,22,ResolveInfo{637d3e0 com.sina.weibo/.bundlemanager.WBBroadcastDeliver m=0x208000}]
05-11 14:24:48.042  3843  3882 I am_broadcast_discard_app: [0,42565828,android.intent.action.PACKAGE_REMOVED,23,ResolveInfo{793a699 com.sina.weibo/com.huawei.android.pushagent.PushEventReceiver m=0x208000}]
05-11 14:24:48.043  3843  3882 I am_broadcast_discard_app: [0,42565828,android.intent.action.PACKAGE_REMOVED,24,ResolveInfo{9f6bd5e com.ss.android.article.news/com.ss.android.message.MessageReceiver m=0x208000}]
05-11 14:24:48.043  3843  3882 I am_broadcast_discard_app: [0,42565828,android.intent.action.PACKAGE_REMOVED,25,ResolveInfo{75753f com.ss.android.article.news/com.baidu.android.pushservice.RegistrationReceiver m=0x208000}]
05-11 14:24:48.043  3843  3882 I am_broadcast_discard_app: [0,42565828,android.intent.action.PACKAGE_REMOVED,26,ResolveInfo{9764e0c com.ss.android.article.news/com.taobao.accs.EventReceiver m=0x208000}]
05-11 14:24:48.046  3843  3882 I am_broadcast_discard_app: [0,42565828,android.intent.action.PACKAGE_REMOVED,27,ResolveInfo{c6f1355 com.ss.android.article.news/com.taobao.agoo.AgooCommondReceiver m=0x208000}]
05-11 14:24:48.047  3843  3882 I am_broadcast_discard_app: [0,42565828,android.intent.action.PACKAGE_REMOVED,28,ResolveInfo{bed516a com.ss.android.article.news/.AliyunPushMsgReceiver m=0x208000}]
05-11 14:24:48.048  3843  3882 I am_broadcast_discard_app: [0,42565828,android.intent.action.PACKAGE_REMOVED,29,ResolveInfo{4d6265b com.ss.android.article.news/com.huawei.android.pushagent.PushEventReceiver m=0x208000}]
05-11 14:24:48.049  3843  3882 I am_broadcast_discard_app: [0,42565828,android.intent.action.PACKAGE_REMOVED,30,ResolveInfo{4403ef8 com.ss.android.article.video/com.ss.android.message.MessageReceiver m=0x208000}]
05-11 14:24:48.050  3843  3882 I am_broadcast_discard_app: [0,42565828,android.intent.action.PACKAGE_REMOVED,31,ResolveInfo{e5a8fd1 com.ss.android.article.video/com.baidu.android.pushservice.RegistrationReceiver m=0x208000}]
05-11 14:24:48.051  3843  3882 I am_broadcast_discard_app: [0,42565828,android.intent.action.PACKAGE_REMOVED,32,ResolveInfo{1071a36 com.ss.android.article.video/com.taobao.accs.EventReceiver m=0x208000}]
05-11 14:24:48.052  3843  3882 I am_broadcast_discard_app: [0,42565828,android.intent.action.PACKAGE_REMOVED,33,ResolveInfo{5c6cd37 com.ss.android.article.video/com.taobao.agoo.AgooCommondReceiver m=0x208000}]
05-11 14:24:48.053  3843  3882 I am_broadcast_discard_app: [0,42565828,android.intent.action.PACKAGE_REMOVED,34,ResolveInfo{7b652a4 com.ss.android.article.video/com.huawei.android.pushagent.PushEventReceiver m=0x208000}]
05-11 14:24:48.054  3843  3882 I am_broadcast_discard_app: [0,42565828,android.intent.action.PACKAGE_REMOVED,35,ResolveInfo{4a7580d com.ss.android.essay.joke/com.ss.android.message.MessageReceiver m=0x208000}]
05-11 14:24:48.055  3843  3882 I am_broadcast_discard_app: [0,42565828,android.intent.action.PACKAGE_REMOVED,36,ResolveInfo{f22a3c2 com.ss.android.essay.joke/com.baidu.android.pushservice.RegistrationReceiver m=0x208000}]
05-11 14:24:48.056  3843  3882 I am_broadcast_discard_app: [0,42565828,android.intent.action.PACKAGE_REMOVED,37,ResolveInfo{9b105d3 com.ss.android.essay.joke/com.taobao.accs.EventReceiver m=0x208000}]
05-11 14:24:48.057  3843  3882 I am_broadcast_discard_app: [0,42565828,android.intent.action.PACKAGE_REMOVED,38,ResolveInfo{457f510 com.ss.android.essay.joke/com.taobao.agoo.AgooCommondReceiver m=0x208000}]
05-11 14:24:48.057  3843  3882 I am_broadcast_discard_app: [0,42565828,android.intent.action.PACKAGE_REMOVED,39,ResolveInfo{7e6809 com.ss.android.essay.joke/com.huawei.android.pushagent.PushEventReceiver m=0x208000}]
05-11 14:24:48.067  3843  4812 I am_broadcast_discard_app: [0,42565828,android.intent.action.PACKAGE_REMOVED,41,ResolveInfo{97b3a0e com.tencent.news/.system.BootBroadcastReceiver m=0x208000}]
05-11 14:24:48.067  3843  3882 I am_broadcast_discard_app: [0,42565828,android.intent.action.PACKAGE_REMOVED,42,ResolveInfo{9fc2c2f com.tencent.news/com.huawei.android.pushagent.PushEventReceiver m=0x208000}]
05-11 14:24:48.244  3843 21045 I am_wtf  : [0,3843,system_server,-1,ActivityManager,Sending non-protected broadcast com.vivo.behavior.app.add from system 5666:com.vivo.abe/1000 pkg com.vivo.abe]
05-11 14:24:48.246  3843 21045 I am_wtf  : [0,3843,system_server,-1,ActivityManager,Sending non-protected broadcast com.vivo.behavior.app.add from system 5666:com.vivo.abe/1000 pkg com.vivo.abe]
05-11 14:24:48.293  3843  3866 I am_wtf  : [0,3843,system_server,-1,ActivityManager,Sending non-protected broadcast com.vivo.applicationbehaviorengine.power.refreshList from system 5666:com.vivo.abe/1000 pkg com.vivo.abe]
05-11 14:24:48.323  3843 21036 I am_proc_start: [0,14154,10113,com.vivo.game,broadcast,com.vivo.game/.model.GameReceiver]
05-11 14:24:48.344  3843  4672 I am_proc_bound: [0,14154,com.vivo.game]
05-11 14:24:48.366  3843  3843 I notification_enqueue: [10030,5956,com.bbk.appstore,891,1:89,0,Notification(pri=0 contentView=null vibrate=null sound=null defaults=0x0 flags=0x2 color=0x00000000 vis=PRIVATE),1]
05-11 14:24:48.384  3843  8737 I notification_autogrouped: 0|com.bbk.appstore|891|1:89|10030
05-11 14:24:48.385  3843 21049 I notification_autogrouped: 0|com.bbk.appstore|891|1:89|10030
05-11 14:24:48.837  3843  3843 I notification_enqueue: [10030,5956,com.bbk.appstore,891,1:89,0,Notification(pri=0 contentView=null vibrate=null sound=null defaults=0x0 flags=0x2 color=0x00000000 vis=PRIVATE),1]
05-11 14:24:48.843  3843 21046 I notification_autogrouped: 0|com.bbk.appstore|891|1:89|10030
05-11 14:24:48.845  3843  8740 I notification_autogrouped: 0|com.bbk.appstore|891|1:89|10030
05-11 14:24:49.378  3843  4788 I am_finish_activity: [0,61580894,54,com.android.filemanager/.FileManagerActivity,app-request]
05-11 14:24:49.379  3843  4788 I am_focused_stack: [0,0,1,finishActivity adjustFocus setFocusedActivity]
05-11 14:24:49.380  3843  4788 I wm_task_moved: [34,1,1]
05-11 14:24:49.390  3843  4788 I am_focused_activity: [0,com.bbk.launcher2/.Launcher,finishActivity adjustFocus]
05-11 14:24:49.418  3843  4788 I am_pause_activity: [0,61580894,com.android.filemanager/.FileManagerActivity]
05-11 14:24:49.435 13630 13630 I am_on_paused_called: [0,com.android.filemanager.FileManagerActivity,handlePauseActivity]
05-11 14:24:49.448  3843  3866 I am_resume_activity: [0,12450827,34,com.bbk.launcher2/.Launcher]
05-11 14:24:49.460  3843 21045 I am_broadcast_discard_app: [0,43809733,android.intent.action.PACKAGE_ADDED,16,ResolveInfo{f14a5a3 com.jingdong.app.mall/.broadcastReceiver.AppStateRecevier m=0x208000}]
05-11 14:24:49.461  3843  3882 I am_broadcast_discard_app: [0,43809733,android.intent.action.PACKAGE_ADDED,17,ResolveInfo{55460a0 com.jingdong.app.mall/com.huawei.android.pushagent.PushEventReceiver m=0x208000}]
05-11 14:24:49.461  3843  3882 I am_broadcast_discard_app: [0,43809733,android.intent.action.PACKAGE_ADDED,18,ResolveInfo{61e1459 com.jm.android.jumei/cn.jpush.android.service.PushReceiver m=0x208000}]
05-11 14:24:49.463  3843  3882 I am_broadcast_discard_app: [0,43809733,android.intent.action.PACKAGE_ADDED,19,ResolveInfo{ad7f81e com.sina.weibo/.bundlemanager.WBBroadcastDeliver m=0x208000}]
05-11 14:24:49.464  3843  3882 I am_broadcast_discard_app: [0,43809733,android.intent.action.PACKAGE_ADDED,20,ResolveInfo{c1f8ff com.sina.weibo/com.huawei.android.pushagent.PushEventReceiver m=0x208000}]
05-11 14:24:49.464  3843  3882 I am_broadcast_discard_app: [0,43809733,android.intent.action.PACKAGE_ADDED,21,ResolveInfo{aee6cc com.ss.android.article.news/com.ss.android.message.MessageReceiver m=0x208000}]
05-11 14:24:49.471  3843  3882 I am_broadcast_discard_app: [0,43809733,android.intent.action.PACKAGE_ADDED,22,ResolveInfo{2929d15 com.ss.android.article.news/com.huawei.android.pushagent.PushEventReceiver m=0x208000}]
05-11 14:24:49.474  3843  3882 I am_broadcast_discard_app: [0,43809733,android.intent.action.PACKAGE_ADDED,23,ResolveInfo{787782a com.ss.android.article.news/com.ss.android.download.DownloadReceiver m=0x208000}]
05-11 14:24:49.476  3843  3882 I am_broadcast_discard_app: [0,43809733,android.intent.action.PACKAGE_ADDED,24,ResolveInfo{7fcecf6 com.ss.android.article.video/com.ss.android.message.MessageReceiver m=0x208000}]
05-11 14:24:49.477  3843  3882 I am_broadcast_discard_app: [0,43809733,android.intent.action.PACKAGE_ADDED,25,ResolveInfo{32808f7 com.ss.android.article.video/com.huawei.android.pushagent.PushEventReceiver m=0x208000}]
05-11 14:24:49.478  3843  3882 I am_broadcast_discard_app: [0,43809733,android.intent.action.PACKAGE_ADDED,26,ResolveInfo{d14364 com.ss.android.article.video/com.ss.android.download.DownloadReceiver m=0x208000}]
05-11 14:24:49.478  3843  3882 I am_broadcast_discard_app: [0,43809733,android.intent.action.PACKAGE_ADDED,27,ResolveInfo{efa59cd com.ss.android.essay.joke/com.ss.android.message.MessageReceiver m=0x208000}]
05-11 14:24:49.479  3843  3882 I am_broadcast_discard_app: [0,43809733,android.intent.action.PACKAGE_ADDED,28,ResolveInfo{982e282 com.ss.android.essay.joke/com.huawei.android.pushagent.PushEventReceiver m=0x208000}]
05-11 14:24:49.480  3843  3882 I am_broadcast_discard_app: [0,43809733,android.intent.action.PACKAGE_ADDED,29,ResolveInfo{4a3d93 com.ss.android.essay.joke/com.ss.android.download.DownloadReceiver m=0x208000}]
05-11 14:24:49.482  3843  3882 I am_broadcast_discard_app: [0,43809733,android.intent.action.PACKAGE_ADDED,30,ResolveInfo{11131d0 com.supercell.clashofclans.vivo/com.kunlun.platform.android.KunlunReceiver m=0x208000}]
05-11 14:24:49.486  3843  3882 I am_broadcast_discard_app: [0,43809733,android.intent.action.PACKAGE_ADDED,31,ResolveInfo{85fc5c9 com.supercell.clashofclans.vivo/com.vivo.sdkplugin.accounts.VivoApkInstallRecevier m=0x208000}]
05-11 14:24:49.488 10606 10606 I am_on_resume_called: [0,com.bbk.launcher2.Launcher,RESUME_ACTIVITY]
05-11 14:24:49.501  3843 21045 I am_broadcast_discard_app: [0,43809733,android.intent.action.PACKAGE_ADDED,33,ResolveInfo{180a4ce com.tencent.news/.system.BootBroadcastReceiver m=0x208000}]
05-11 14:24:49.501  3843  3882 I am_broadcast_discard_app: [0,43809733,android.intent.action.PACKAGE_ADDED,34,ResolveInfo{b511fef com.tencent.news/com.huawei.android.pushagent.PushEventReceiver m=0x208000}]
05-11 14:24:49.514  3843  3843 I notification_canceled: [0|com.bbk.appstore|891|1:89|10030,8,2215,677,0]
05-11 14:24:49.525  3843 21049 I notification_canceled: [0|com.bbk.appstore|2147483647|group_key_override|10030|ranker_bundle,16,2081,2081,0]
05-11 14:24:49.557  3843  4811 I am_broadcast_discard_app: [0,43809733,android.intent.action.PACKAGE_ADDED,39,ResolveInfo{b496ae8 com.wepie.snake.vivo/com.vivo.sdkplugin.accounts.VivoApkInstallRecevier m=0x208000}]
05-11 14:24:49.618  3843  3866 I am_broadcast_discard_app: [0,62803348,android.intent.action.PACKAGE_REPLACED,7,ResolveInfo{73cf032 com.ss.android.article.news/com.ss.android.download.DownloadReceiver m=0x208000}]
05-11 14:24:49.624  3843  3882 I am_broadcast_discard_app: [0,62803348,android.intent.action.PACKAGE_REPLACED,8,ResolveInfo{ecdb183 com.ss.android.article.video/com.ss.android.download.DownloadReceiver m=0x208000}]
05-11 14:24:49.625  3843  3882 I am_broadcast_discard_app: [0,62803348,android.intent.action.PACKAGE_REPLACED,9,ResolveInfo{7fcaf00 com.ss.android.essay.joke/com.ss.android.download.DownloadReceiver m=0x208000}]
05-11 14:24:49.626  3843  3882 I am_broadcast_discard_app: [0,62803348,android.intent.action.PACKAGE_REPLACED,10,ResolveInfo{de8b339 com.supercell.clashofclans.vivo/com.vivo.sdkplugin.accounts.VivoApkInstallRecevier m=0x208000}]
05-11 14:24:49.635  3843  4786 I am_broadcast_discard_app: [0,62803348,android.intent.action.PACKAGE_REPLACED,13,ResolveInfo{51849f5 com.wepie.snake.vivo/com.vivo.sdkplugin.accounts.VivoApkInstallRecevier m=0x208000}]
05-11 14:24:49.791  3843  3882 I am_destroy_activity: [0,61580894,54,com.android.filemanager/.FileManagerActivity,finish-imm]
05-11 14:24:49.796 13630 13630 I am_on_stop_called: [0,com.android.filemanager.FileManagerActivity,destroy]
05-11 14:24:49.853  3843  3915 I wm_task_removed: [54,removeAppToken: last token]
05-11 14:24:49.853  3843  3915 I wm_task_removed: [54,removeTask]
05-11 14:24:49.868   512   512 I sf_frame_dur: [com.android.filemanager/com.android.filemanager.FileManagerActivity,17,1,0,0,1,0,1]
05-11 14:24:50.462  3843  4786 I am_new_intent: [0,50139414,4,com.android.dialer/.TwelveKeyDialer,android.intent.action.MAIN,NULL,NULL,807403520]
05-11 14:24:50.463  3843  4786 I am_focused_stack: [0,1,0,bringingFoundTaskToFront setFocusedActivity]
05-11 14:24:50.463  3843  4786 I wm_task_moved: [4,1,7]
05-11 14:24:50.465  3843  4786 I am_focused_activity: [0,com.android.dialer/.TwelveKeyDialer,bringingFoundTaskToFront]
05-11 14:24:50.466  3843  4786 I am_pause_activity: [0,12450827,com.bbk.launcher2/.Launcher]
05-11 14:24:50.467  3843  4786 I am_task_to_front: [0,4]
05-11 14:24:50.469  3843  4786 I sysui_action: [323,com.android.dialer/.TwelveKeyDialer]
05-11 14:24:50.469  3843  4786 I sysui_action: [324,true]
05-11 14:24:50.469  3843  4786 I sysui_action: [325,11372]
05-11 14:24:50.478 10606 10606 I am_on_paused_called: [0,com.bbk.launcher2.Launcher,handlePauseActivity]
05-11 14:24:50.485  3843  3843 I notification_enqueue: [10030,5956,com.bbk.appstore,911,1:91,0,Notification(pri=0 contentView=null vibrate=null sound=null defaults=0x0 flags=0x2 color=0x00000000 vis=PRIVATE),0]
05-11 14:24:50.491  3843  8739 I am_resume_activity: [0,141373739,4,com.android.dialer/.TwelveKeyDialer]
05-11 14:24:50.503  3843  3882 I sysui_count: [window_time_0,15]
05-11 14:24:50.506  3843  3843 I notification_enqueue: [10030,5956,com.bbk.appstore,911,1:91,0,Notification(pri=0 contentView=null vibrate=null sound=null defaults=0x0 flags=0x2 color=0x00000000 vis=PRIVATE),1]
05-11 14:24:50.524  3843  4811 I notification_autogrouped: 0|com.bbk.appstore|911|1:91|10030
05-11 14:24:50.526  3843  3843 I notification_enqueue: [10030,5956,com.bbk.appstore,2147483647,group_key_override,0,Notification(pri=0 contentView=null vibrate=null sound=null defaults=0x0 flags=0x700 color=0x00000000 groupKey=ranker_bundle vis=PRIVATE),0]
05-11 14:24:50.562 11668 11668 I am_on_resume_called: [0,com.android.dialer.TwelveKeyDialer,RESUME_ACTIVITY]
05-11 14:24:50.585  3843  4786 I notification_autogrouped: 0|com.bbk.appstore|911|1:91|10030
05-11 14:24:50.595  3843 21321 I notification_autogrouped: 0|com.bbk.appstore|911|1:91|10030
05-11 14:24:50.597  3843  4811 I notification_autogrouped: 0|com.bbk.appstore|911|1:91|10030
05-11 14:24:50.605  3843 21321 I am_proc_died: [0,14154,com.vivo.game]
05-11 14:24:50.605  3843 21321 I am_schedule_service_restart: [0,com.vivo.game/.update.GameReceiverService,1000]
05-11 14:24:50.644  3843  3915 I sysui_action: [320,2]
05-11 14:24:50.644  3843  3915 I sysui_action: [319,187]
05-11 14:24:50.644  3843  3915 I sysui_action: [322,187]
05-11 14:24:50.914  3843  3882 I am_stop_activity: [0,12450827,com.bbk.launcher2/.Launcher]
05-11 14:24:50.930 10606 10606 I am_on_stop_called: [0,com.bbk.launcher2.Launcher,handleStopActivity]
05-11 14:24:50.931  3843 21049 I am_wtf  : [0,3843,system_server,-1,ActivityManager,Sending non-protected broadcast launcher.action.CHANGE_APPLICATION_NOTIFICATION_NUM from system 4805:com.android.phone/1001 pkg com.android.phone]
05-11 14:24:50.939  3843  4431 I am_wtf  : [0,3843,system_server,-1,ActivityManager,Sending non-protected broadcast android.no.read.BBKLockScreen.INCALL from system 4805:com.android.phone/1001 pkg com.android.phone]
05-11 14:24:50.942  3843  4431 I am_wtf  : [0,3843,system_server,-1,ActivityManager,Sending non-protected broadcast android.no.read.BBKLockScreen.INCALL from system 4805:com.android.phone/1001 pkg com.android.phone]
05-11 14:24:50.945  3843  3866 I am_proc_died: [0,11324,com.bbk.calendar]
05-11 14:24:50.956   512   512 I sf_frame_dur: [com.bbk.launcher2/com.bbk.launcher2.Launcher,0,2,1,2,1,0,0]
05-11 14:24:51.499  3843  3843 I notification_enqueue: [10030,5956,com.bbk.appstore,911,1:91,0,Notification(pri=0 contentView=null vibrate=null sound=null defaults=0x0 flags=0x2 color=0x00000000 vis=PRIVATE),1]
05-11 14:24:51.512  3843  4698 I notification_autogrouped: 0|com.bbk.appstore|911|1:91|10030
05-11 14:24:51.515  3843 21043 I notification_autogrouped: 0|com.bbk.appstore|911|1:91|10030
05-11 14:24:51.951  3843  3843 I notification_enqueue: [10030,5956,com.bbk.appstore,911,1:91,0,Notification(pri=0 contentView=null vibrate=null sound=null defaults=0x0 flags=0x2 color=0x00000000 vis=PRIVATE),1]
05-11 14:24:51.958  3843  4788 I notification_autogrouped: 0|com.bbk.appstore|911|1:91|10030
05-11 14:24:51.960  3843 21049 I notification_autogrouped: 0|com.bbk.appstore|911|1:91|10030
05-11 14:24:51.979  3843  3843 I notification_enqueue: [10030,5956,com.bbk.appstore,911,1:91,0,Notification(pri=0 contentView=null vibrate=null sound=null defaults=0x0 flags=0x2 color=0x00000000 vis=PRIVATE),1]
05-11 14:24:51.986  3843  8741 I notification_autogrouped: 0|com.bbk.appstore|911|1:91|10030
05-11 14:24:51.991  3843 21036 I notification_autogrouped: 0|com.bbk.appstore|911|1:91|10030
05-11 14:24:52.483  3843  4788 I am_kill : [0,11685,com.android.camera,906,empty #17]
05-11 14:24:52.544  3843  3866 I am_proc_died: [0,11685,com.android.camera]
05-11 14:24:53.389  3843  4698 I am_create_task: [0,55]
05-11 14:24:53.389  3843  4698 I am_create_activity: [0,119231230,55,com.iqoo.engineermode/.EngineerMode,android.intent.action.MAIN,NULL,NULL,276824064]
05-11 14:24:53.389  3843  4698 I wm_task_created: [55,1]
05-11 14:24:53.390  3843  4698 I wm_task_moved: [55,1,8]
05-11 14:24:53.390  3843  4698 I wm_task_moved: [55,1,8]
05-11 14:24:53.391  3843  4698 I am_focused_activity: [0,com.iqoo.engineermode/.EngineerMode,startedActivity]
05-11 14:24:53.411  3843  4698 I am_pause_activity: [0,141373739,com.android.dialer/.TwelveKeyDialer]
05-11 14:24:53.429  3843  4698 I sysui_action: [323,com.iqoo.engineermode/.EngineerMode]
05-11 14:24:53.429  3843  4698 I sysui_action: [324,true]
05-11 14:24:53.429  3843  4698 I sysui_action: [325,11375]
05-11 14:24:53.434 11668 11668 I am_on_paused_called: [0,com.android.dialer.TwelveKeyDialer,handlePauseActivity]
05-11 14:24:53.445  3843 21038 I am_restart_activity: [0,119231230,55,com.iqoo.engineermode/.EngineerMode]
05-11 14:24:53.462  3843  3882 I sysui_count: [window_time_0,3]
05-11 14:24:53.605  3843  3915 I sysui_action: [321,258]
05-11 14:24:53.605  3843  3915 I sysui_action: [320,1]
05-11 14:24:53.605  3843  3915 I sysui_action: [319,258]
05-11 14:24:53.647 11154 11154 I am_on_resume_called: [0,com.iqoo.engineermode.EngineerMode,LAUNCH_ACTIVITY]
05-11 14:24:53.687  3843  3843 I notification_enqueue: [10030,5956,com.bbk.appstore,911,1:91,0,Notification(pri=0 contentView=null vibrate=null sound=null defaults=0x0 flags=0x2 color=0x00000000 vis=PRIVATE),1]
05-11 14:24:53.692  3843  4831 I notification_autogrouped: 0|com.bbk.appstore|911|1:91|10030
05-11 14:24:53.696  3843  4699 I notification_autogrouped: 0|com.bbk.appstore|911|1:91|10030
05-11 14:24:53.851  3843  3915 I sysui_action: [322,504]
05-11 14:24:53.851  3843  3915 I am_activity_launch_time: [0,119231230,com.iqoo.engineermode/.EngineerMode,410,410]
05-11 14:24:53.903  3843  3882 I am_stop_activity: [0,141373739,com.android.dialer/.TwelveKeyDialer]
05-11 14:24:53.905 11668 11668 I am_on_stop_called: [0,com.android.dialer.TwelveKeyDialer,handleStopActivity]
05-11 14:24:53.934   512   512 I sf_frame_dur: [com.android.dialer/com.android.dialer.TwelveKeyDialer,47,3,6,1,1,1,0]
05-11 14:24:54.531  3843 21051 I wm_task_moved: [55,1,8]
05-11 14:24:54.532  3843 21051 I am_create_activity: [0,38298835,55,com.iqoo.engineermode/.verifytest.EngineerVerifyTest,android.intent.action.MAIN,NULL,NULL,0]
05-11 14:24:54.533  3843 21051 I wm_task_moved: [55,1,8]
05-11 14:24:54.534  3843 21051 I am_focused_activity: [0,com.iqoo.engineermode/.verifytest.EngineerVerifyTest,startedActivity]
05-11 14:24:54.534  3843 21051 I am_pause_activity: [0,119231230,com.iqoo.engineermode/.EngineerMode]
05-11 14:24:54.544 11154 11154 I am_on_paused_called: [0,com.iqoo.engineermode.EngineerMode,handlePauseActivity]
05-11 14:24:54.549  3843  8624 I am_restart_activity: [0,38298835,55,com.iqoo.engineermode/.verifytest.EngineerVerifyTest]
05-11 14:24:54.553  3843  3882 I sysui_count: [window_time_0,1]
05-11 14:24:54.587 11154 11154 I am_on_resume_called: [0,com.iqoo.engineermode.verifytest.EngineerVerifyTest,LAUNCH_ACTIVITY]
05-11 14:24:54.679  3843  3915 I am_activity_launch_time: [0,38298835,com.iqoo.engineermode/.verifytest.EngineerVerifyTest,133,133]
05-11 14:24:54.990  3843  3882 I am_stop_activity: [0,119231230,com.iqoo.engineermode/.EngineerMode]
05-11 14:24:54.993 11154 11154 I am_on_stop_called: [0,com.iqoo.engineermode.EngineerMode,handleStopActivity]
05-11 14:24:55.021   512   512 I sf_frame_dur: [com.iqoo.engineermode/com.iqoo.engineermode.EngineerMode,8,2,1,0,1,0,0]
05-11 14:24:55.078  3843  3843 I notification_enqueue: [10030,5956,com.bbk.appstore,911,1:91,0,Notification(pri=0 contentView=null vibrate=null sound=null defaults=0x0 flags=0x2 color=0x00000000 vis=PRIVATE),1]
05-11 14:24:55.083  3843  8624 I notification_autogrouped: 0|com.bbk.appstore|911|1:91|10030
05-11 14:24:55.085  3843  4812 I notification_autogrouped: 0|com.bbk.appstore|911|1:91|10030
05-11 14:24:56.615  3843 14366 I am_wtf  : [0,3843,system_server,-1,ActivityManager,Sending non-protected broadcast vivo.bigdata.action.COLLECT from system 3843:system/1000 pkg android]
05-11 14:24:56.617  3843 14366 I am_wtf  : [0,3843,system_server,-1,ActivityManager,Sending non-protected broadcast vivo.bigdata.action.COLLECT from system 3843:system/1000 pkg android]
05-11 14:24:57.064  3843  3843 I notification_enqueue: [10030,5956,com.bbk.appstore,911,1:91,0,Notification(pri=0 contentView=null vibrate=null sound=null defaults=0x0 flags=0x2 color=0x00000000 vis=PRIVATE),1]
05-11 14:24:57.072  3843 21046 I notification_autogrouped: 0|com.bbk.appstore|911|1:91|10030
05-11 14:24:57.075  3843  8736 I notification_autogrouped: 0|com.bbk.appstore|911|1:91|10030
05-11 14:24:57.672  3843  4431 I am_create_task: [0,56]
05-11 14:24:57.672  3843  4431 I am_create_activity: [0,27405400,56,com.android.bbklog/.BbkLogActivity,NULL,NULL,NULL,276824064]
05-11 14:24:57.673  3843  4431 I wm_task_created: [56,1]
05-11 14:24:57.674  3843  4431 I wm_task_moved: [56,1,9]
05-11 14:24:57.674  3843  4431 I wm_task_moved: [56,1,9]
05-11 14:24:57.675  3843  4431 I am_focused_activity: [0,com.android.bbklog/.BbkLogActivity,startedActivity]
05-11 14:24:57.694  3843  4431 I am_pause_activity: [0,38298835,com.iqoo.engineermode/.verifytest.EngineerVerifyTest]
05-11 14:24:57.696  3843  4431 I sysui_action: [323,com.android.bbklog/.BbkLogActivity]
05-11 14:24:57.696  3843  4431 I sysui_action: [324,true]
05-11 14:24:57.696  3843  4431 I sysui_action: [325,11379]
05-11 14:24:57.698 11154 11154 I am_on_paused_called: [0,com.iqoo.engineermode.verifytest.EngineerVerifyTest,handlePauseActivity]
05-11 14:24:57.707  3843  4831 I am_restart_activity: [0,27405400,56,com.android.bbklog/.BbkLogActivity]
05-11 14:24:57.711  3843  3882 I sysui_count: [window_time_0,3]
05-11 14:24:57.785  3843  3915 I sysui_action: [321,180]
05-11 14:24:57.785  3843  3915 I sysui_action: [320,1]
05-11 14:24:57.785  3843  3915 I sysui_action: [319,180]
05-11 14:24:58.311  3843  3881 I am_pss  : [7656,10063,com.iqoo.secure:remote,55997440,54153216,0]
05-11 14:24:58.416  3843  3843 I notification_enqueue: [10030,5956,com.bbk.appstore,911,1:91,0,Notification(pri=0 contentView=null vibrate=null sound=null defaults=0x0 flags=0x2 color=0x00000000 vis=PRIVATE),1]
05-11 14:24:58.419  3843  4786 I notification_autogrouped: 0|com.bbk.appstore|911|1:91|10030
05-11 14:24:58.421  3843  4431 I notification_autogrouped: 0|com.bbk.appstore|911|1:91|10030
05-11 14:24:58.500  6008  6008 I am_on_resume_called: [0,com.android.bbklog.BbkLogActivity,LAUNCH_ACTIVITY]
05-11 14:24:58.618  3843  3843 I notification_canceled: [0|com.bbk.appstore|911|1:91|10030,8,8323,202,0]
05-11 14:24:58.622  3843 21043 I notification_canceled: [0|com.bbk.appstore|2147483647|group_key_override|10030|ranker_bundle,16,8097,8097,0]
05-11 14:24:58.860  3843  3915 I sysui_action: [322,1255]
05-11 14:24:58.860  3843  3915 I am_activity_launch_time: [0,27405400,com.android.bbklog/.BbkLogActivity,1161,1161]
05-11 14:24:58.874  3843  8740 I am_stop_activity: [0,38298835,com.iqoo.engineermode/.verifytest.EngineerVerifyTest]
05-11 14:24:58.875 11154 11154 I am_on_stop_called: [0,com.iqoo.engineermode.verifytest.EngineerVerifyTest,handleStopActivity]
05-11 14:24:58.901   512   512 I sf_frame_dur: [com.iqoo.engineermode/com.iqoo.engineermode.verifytest.EngineerVerifyTest,69,2,3,2,1,1,0]
05-11 14:24:59.072  3843  3843 I notification_enqueue: [10030,5956,com.bbk.appstore,623,NULL,0,Notification(pri=0 contentView=null vibrate=null sound=null defaults=0x0 flags=0x10 color=0x00000000 vis=PRIVATE),0]
05-11 14:24:59.075  3843  4788 I notification_autogrouped: 0|com.bbk.appstore|623|null|10030
05-11 14:24:59.075  3843  3843 I notification_enqueue: [10030,5956,com.bbk.appstore,2147483647,group_key_override,0,Notification(pri=0 contentView=null vibrate=null sound=null defaults=0x0 flags=0x700 color=0x00000000 groupKey=ranker_bundle vis=PRIVATE),0]
05-11 14:24:59.078  3843 21043 I notification_autogrouped: 0|com.bbk.appstore|623|null|10030
05-11 14:24:59.435  3843  3843 I notification_enqueue: [10030,5956,com.bbk.appstore,921,1:92,0,Notification(pri=0 contentView=null vibrate=null sound=null defaults=0x0 flags=0x2 color=0x00000000 vis=PRIVATE),0]
05-11 14:24:59.439  3843  5752 I notification_autogrouped: 0|com.bbk.appstore|623|null|10030
05-11 14:24:59.440  3843  3865 I notification_autogrouped: 0|com.bbk.appstore|623|null|10030
05-11 14:24:59.440  3843  3865 I notification_autogrouped: 0|com.bbk.appstore|921|1:92|10030
05-11 14:24:59.450  3843  3843 I notification_enqueue: [10030,5956,com.bbk.appstore,921,1:92,0,Notification(pri=0 contentView=null vibrate=null sound=null defaults=0x0 flags=0x2 color=0x00000000 vis=PRIVATE),1]
05-11 14:24:59.453  3843 21047 I notification_autogrouped: 0|com.bbk.appstore|623|null|10030
05-11 14:24:59.454  3843  3866 I notification_autogrouped: 0|com.bbk.appstore|623|null|10030
05-11 14:24:59.454  3843  3866 I notification_autogrouped: 0|com.bbk.appstore|921|1:92|10030
05-11 14:24:59.836  3843  3881 I am_pss  : [7245,10081,com.vivo.safecenter,8776704,8093696,0]
05-11 14:25:00.265  3843  8741 I wm_task_moved: [56,1,9]
05-11 14:25:00.266  3843  8741 I wm_task_moved: [56,1,9]
05-11 14:25:00.266  3843  8741 I am_create_activity: [0,206817406,56,com.android.bbklog/.SettingActivity,NULL,NULL,NULL,276824064]
05-11 14:25:00.269  3843  8741 I wm_task_moved: [56,1,9]
05-11 14:25:00.270  3843  8741 I am_focused_activity: [0,com.android.bbklog/.SettingActivity,startedActivity]
05-11 14:25:00.271  3843  8741 I am_pause_activity: [0,27405400,com.android.bbklog/.BbkLogActivity]
05-11 14:25:00.273  3843  8741 I sysui_action: [323,com.android.bbklog/.BbkLogActivity]
05-11 14:25:00.273  3843  8741 I sysui_action: [324,true]
05-11 14:25:00.273  3843  8741 I sysui_action: [325,11382]
05-11 14:25:00.276  6008  6008 I am_on_paused_called: [0,com.android.bbklog.BbkLogActivity,handlePauseActivity]
05-11 14:25:00.280  3843  5710 I am_restart_activity: [0,206817406,56,com.android.bbklog/.SettingActivity]
05-11 14:25:00.284  3843  3882 I sysui_count: [window_time_0,3]
05-11 14:25:00.329  6008  6008 I am_on_resume_called: [0,com.android.bbklog.SettingActivity,LAUNCH_ACTIVITY]
05-11 14:25:00.409  3843  3915 I sysui_action: [320,2]
05-11 14:25:00.409  3843  3915 I sysui_action: [319,150]
05-11 14:25:00.409  3843  3915 I sysui_action: [322,150]
05-11 14:25:00.409  3843  3915 I am_activity_launch_time: [0,206817406,com.android.bbklog/.SettingActivity,131,131]
05-11 14:25:00.712  3843  3882 I am_stop_activity: [0,27405400,com.android.bbklog/.BbkLogActivity]
05-11 14:25:00.714  6008  6008 I am_on_stop_called: [0,com.android.bbklog.BbkLogActivity,handleStopActivity]
05-11 14:25:00.741   512   512 I sf_frame_dur: [com.android.bbklog/com.android.bbklog.BbkLogActivity,15,0,1,3,0,1,0]
05-11 14:25:01.339  3843  3843 I notification_enqueue: [10030,5956,com.bbk.appstore,921,1:92,0,Notification(pri=0 contentView=null vibrate=null sound=null defaults=0x0 flags=0x2 color=0x00000000 vis=PRIVATE),1]
05-11 14:25:01.346  3843  8737 I notification_autogrouped: 0|com.bbk.appstore|623|null|10030
05-11 14:25:01.349  3843 21049 I notification_autogrouped: 0|com.bbk.appstore|623|null|10030
05-11 14:25:01.349  3843 21049 I notification_autogrouped: 0|com.bbk.appstore|921|1:92|10030
05-11 14:25:02.105  3843  3843 I notification_enqueue: [10030,5956,com.bbk.appstore,921,1:92,0,Notification(pri=0 contentView=null vibrate=null sound=null defaults=0x0 flags=0x2 color=0x00000000 vis=PRIVATE),1]
05-11 14:25:02.115  3843  4431 I notification_autogrouped: 0|com.bbk.appstore|623|null|10030
05-11 14:25:02.117  3843 21047 I notification_autogrouped: 0|com.bbk.appstore|623|null|10030
05-11 14:25:02.118  3843 21047 I notification_autogrouped: 0|com.bbk.appstore|921|1:92|10030
05-11 14:25:02.623  3843  3843 I notification_enqueue: [10030,5956,com.bbk.appstore,921,1:92,0,Notification(pri=0 contentView=null vibrate=null sound=null defaults=0x0 flags=0x2 color=0x00000000 vis=PRIVATE),1]
05-11 14:25:02.631  3843 21047 I notification_autogrouped: 0|com.bbk.appstore|623|null|10030
05-11 14:25:02.633  3843 21044 I notification_autogrouped: 0|com.bbk.appstore|623|null|10030
05-11 14:25:02.633  3843 21044 I notification_autogrouped: 0|com.bbk.appstore|921|1:92|10030
05-11 14:25:02.648   512   512 I sf_frame_dur: [com.android.bbklog/com.android.bbklog.SettingActivity,0,0,0,0,0,1,0]
05-11 14:25:03.148  3843  3881 I am_pss  : [13602,10002,com.android.calllogbackup,3097600,2416640,0]
05-11 14:25:04.031  3843  8737 I am_finish_activity: [0,206817406,56,com.android.bbklog/.SettingActivity,app-request]
05-11 14:25:04.034  3843  8737 I wm_task_moved: [56,1,9]
05-11 14:25:04.039  3843  8737 I am_focused_activity: [0,com.android.bbklog/.BbkLogActivity,finishActivity adjustFocus]
05-11 14:25:04.039  3843  8737 I am_pause_activity: [0,206817406,com.android.bbklog/.SettingActivity]
05-11 14:25:04.059  6008  6008 I am_on_paused_called: [0,com.android.bbklog.SettingActivity,handlePauseActivity]
05-11 14:25:04.069  3843  8739 I am_resume_activity: [0,27405400,56,com.android.bbklog/.BbkLogActivity]
05-11 14:25:04.097  6008  6008 I am_on_resume_called: [0,com.android.bbklog.BbkLogActivity,RESUME_ACTIVITY]
05-11 14:25:04.123  3843  3843 I notification_canceled: [0|com.android.bbklog|1|null|1000,8,17369,17369,0]
05-11 14:25:04.125  3843  3843 I notification_enqueue: [10030,5956,com.bbk.appstore,921,1:92,0,Notification(pri=0 contentView=null vibrate=null sound=null defaults=0x0 flags=0x2 color=0x00000000 vis=PRIVATE),1]
05-11 14:25:04.129  3843  5752 I notification_canceled: [0|com.android.bbklog|2147483647|group_key_override|1000|ranker_bundle,16,17323,17323,0]
05-11 14:25:04.132  3843  8736 I notification_autogrouped: 0|com.bbk.appstore|623|null|10030
05-11 14:25:04.136  3843 21037 I notification_autogrouped: 0|com.bbk.appstore|623|null|10030
05-11 14:25:04.136  3843 21037 I notification_autogrouped: 0|com.bbk.appstore|921|1:92|10030
05-11 14:25:04.476  3843  3882 I am_destroy_activity: [0,206817406,56,com.android.bbklog/.SettingActivity,finish-imm]
05-11 14:25:04.477  6008  6008 I am_on_stop_called: [0,com.android.bbklog.SettingActivity,destroy]
05-11 14:25:04.488   512   512 I sf_frame_dur: [com.android.bbklog/com.android.bbklog.SettingActivity,17,0,1,0,1,0,1]
05-11 14:25:04.500  3843  3881 I am_pss  : [5143,10064,com.bbk.iqoo.logsystem,24847360,23556096,0]
05-11 14:25:04.644  3843  4812 I am_proc_died: [0,11493,com.iqoo.secure]
05-11 14:25:07.759  3843  3881 I am_pss  : [6008,1000,com.android.bbklog,26539008,22958080,0]
05-11 14:25:08.255  3843  4672 I wm_task_moved: [56,1,9]
05-11 14:25:08.256  3843  4672 I wm_task_moved: [56,1,9]
05-11 14:25:08.257  3843  4672 I am_create_activity: [0,146836949,56,com.android.bbklog/.UserDefinedActivity,NULL,NULL,NULL,276824064]
05-11 14:25:08.258  3843  4672 I wm_task_moved: [56,1,9]
05-11 14:25:08.260  3843  4672 I am_focused_activity: [0,com.android.bbklog/.UserDefinedActivity,startedActivity]
05-11 14:25:08.261  3843  4672 I am_pause_activity: [0,27405400,com.android.bbklog/.BbkLogActivity]
05-11 14:25:08.265  3843  4672 I sysui_action: [323,com.android.bbklog/.BbkLogActivity]
05-11 14:25:08.265  3843  4672 I sysui_action: [324,true]
05-11 14:25:08.265  3843  4672 I sysui_action: [325,11390]
05-11 14:25:08.282  6008  6008 I am_on_paused_called: [0,com.android.bbklog.BbkLogActivity,handlePauseActivity]
05-11 14:25:08.291  3843  4698 I am_restart_activity: [0,146836949,56,com.android.bbklog/.UserDefinedActivity]
05-11 14:25:08.295  3843  3882 I sysui_count: [window_time_0,8]
05-11 14:25:08.448  6008  6008 I am_on_resume_called: [0,com.android.bbklog.UserDefinedActivity,LAUNCH_ACTIVITY]
05-11 14:25:08.763  3843  3915 I sysui_action: [320,2]
05-11 14:25:08.763  3843  3915 I sysui_action: [319,516]
05-11 14:25:08.763  3843  3915 I sysui_action: [322,516]
05-11 14:25:08.763  3843  3915 I am_activity_launch_time: [0,146836949,com.android.bbklog/.UserDefinedActivity,477,477]
05-11 14:25:09.053  3843  3843 I notification_enqueue: [10030,5956,com.bbk.appstore,921,1:92,0,Notification(pri=0 contentView=null vibrate=null sound=null defaults=0x0 flags=0x2 color=0x00000000 vis=PRIVATE),1]
05-11 14:25:09.065  3843  3866 I notification_autogrouped: 0|com.bbk.appstore|623|null|10030
05-11 14:25:09.067  3843  4431 I notification_autogrouped: 0|com.bbk.appstore|623|null|10030
05-11 14:25:09.067  3843  4431 I notification_autogrouped: 0|com.bbk.appstore|921|1:92|10030
05-11 14:25:09.080  3843  3882 I am_stop_activity: [0,27405400,com.android.bbklog/.BbkLogActivity]
05-11 14:25:09.084  6008  6008 I am_on_stop_called: [0,com.android.bbklog.BbkLogActivity,handleStopActivity]
05-11 14:25:09.101  3843  3843 I notification_enqueue: [10030,5956,com.bbk.appstore,921,1:92,0,Notification(pri=0 contentView=null vibrate=null sound=null defaults=0x0 flags=0x2 color=0x00000000 vis=PRIVATE),1]
05-11 14:25:09.106   512   512 I sf_frame_dur: [com.android.bbklog/com.android.bbklog.BbkLogActivity,1,1,0,1,0,1,1]
05-11 14:25:09.108  3843  5752 I notification_autogrouped: 0|com.bbk.appstore|623|null|10030
05-11 14:25:09.109  3843 21050 I notification_autogrouped: 0|com.bbk.appstore|623|null|10030
05-11 14:25:09.109  3843 21050 I notification_autogrouped: 0|com.bbk.appstore|921|1:92|10030
05-11 14:25:09.709  3843  3881 I am_pss  : [5956,10030,com.bbk.appstore,105026560,100417536,0]
05-11 14:25:09.736  3843  3843 I notification_enqueue: [1000,6008,com.android.bbklog,1,NULL,0,Notification(pri=0 contentView=com.android.bbklog/0x3030028 vibrate=null sound=null defaults=0x0 flags=0x40 color=0x00000000 vis=PRIVATE),0]
05-11 14:25:09.747  3843  3866 I notification_autogrouped: 0|com.android.bbklog|1|null|1000
05-11 14:25:09.750  3843 21051 I notification_autogrouped: 0|com.android.bbklog|1|null|1000
05-11 14:25:09.752  3843  3843 I notification_enqueue: [1000,6008,com.android.bbklog,2147483647,group_key_override,0,Notification(pri=0 contentView=null vibrate=null sound=null defaults=0x0 flags=0x700 color=0x00000000 groupKey=ranker_bundle vis=PRIVATE),0]
05-11 14:25:09.832  3843  3881 I am_pss  : [11776,10011,android.process.media,25381888,23883776,0]
05-11 14:25:10.271  3843  3843 I notification_enqueue: [10030,5956,com.bbk.appstore,921,1:92,0,Notification(pri=0 contentView=null vibrate=null sound=null defaults=0x0 flags=0x2 color=0x00000000 vis=PRIVATE),1]
05-11 14:25:10.279  3843  3866 I notification_autogrouped: 0|com.bbk.appstore|623|null|10030
05-11 14:25:10.281  3843  8740 I notification_autogrouped: 0|com.bbk.appstore|623|null|10030
05-11 14:25:10.281  3843  8740 I notification_autogrouped: 0|com.bbk.appstore|921|1:92|10030
05-11 14:25:10.314  3843  3843 I notification_enqueue: [10030,5956,com.bbk.appstore,921,1:92,0,Notification(pri=0 contentView=null vibrate=null sound=null defaults=0x0 flags=0x2 color=0x00000000 vis=PRIVATE),1]
05-11 14:25:10.324  3843  4812 I notification_autogrouped: 0|com.bbk.appstore|623|null|10030
05-11 14:25:10.325  3843 21037 I notification_autogrouped: 0|com.bbk.appstore|623|null|10030
05-11 14:25:10.325  3843 21037 I notification_autogrouped: 0|com.bbk.appstore|921|1:92|10030
05-11 14:25:10.342  3843  3843 I notification_enqueue: [10030,5956,com.bbk.appstore,921,1:92,0,Notification(pri=0 contentView=null vibrate=null sound=null defaults=0x0 flags=0x2 color=0x00000000 vis=PRIVATE),1]
05-11 14:25:10.351  3843 21045 I notification_autogrouped: 0|com.bbk.appstore|623|null|10030
05-11 14:25:10.354  3843 21321 I notification_autogrouped: 0|com.bbk.appstore|623|null|10030
05-11 14:25:10.354  3843 21321 I notification_autogrouped: 0|com.bbk.appstore|921|1:92|10030
05-11 14:25:11.096  3843  3881 I am_pss  : [10606,10034,com.bbk.launcher2,108585984,102801408,0]
05-11 14:25:11.111  3843  3881 I am_pss  : [5814,1000,com.vivo.doubleinstance,3976192,3391488,0]
05-11 14:25:11.126  3843  4698 I am_finish_activity: [0,146836949,56,com.android.bbklog/.UserDefinedActivity,app-request]
05-11 14:25:11.128  3843  4698 I wm_task_moved: [56,1,9]
05-11 14:25:11.130  3843  4698 I am_focused_activity: [0,com.android.bbklog/.BbkLogActivity,finishActivity adjustFocus]
05-11 14:25:11.130  3843  4698 I am_pause_activity: [0,146836949,com.android.bbklog/.UserDefinedActivity]
05-11 14:25:11.133  6008  6008 I am_on_paused_called: [0,com.android.bbklog.UserDefinedActivity,handlePauseActivity]
