05-22 08:26:59.061  3753 16662 I am_wtf  : [0,5163,com.android.phone,954744397,QtiRilInterface,instance = com.qualcomm.qti.internal.telephony.QtiRilInterface@5bc9571]
05-22 08:26:59.677  3753  4313 I am_proc_died: [0,15130,com.tencent.mm:tools]
05-22 08:26:59.678  3753  4313 I am_broadcast_discard_app: [0,105117355,NULL,0,ResolveInfo{35a5108 com.tencent.mm/.booter.MMReceivers$ToolsProcessReceiver m=0x0}]
05-22 08:27:10.923  3753  4028 I am_wtf  : [0,3753,system_server,-1,ActivityManager,Sending non-protected broadcast MqttService.pingSender.102750607066235440 from system uid 1000 pkg com.vivo.abe]
05-22 08:27:14.237  3753  4734 I am_wtf  : [0,3753,system_server,-1,ActivityManager,Sending non-protected broadcast action_volte_set_change from system 5163:com.android.phone/1001 pkg com.android.phone]
05-22 08:27:14.261  3753 10556 I am_wtf  : [0,3753,system_server,-1,ActivityManager,Sending non-protected broadcast com.android.imscontection.DISCONNECTED from system 5163:com.android.phone/1001 pkg com.android.phone]
05-22 08:27:14.270  3753  4695 I am_wtf  : [0,3753,system_server,-1,ActivityManager,Sending non-protected broadcast com.android.imscontection.DISCONNECTED from system 5163:com.android.phone/1001 pkg com.android.phone]
05-22 08:27:14.275  3753 16930 I am_wtf  : [0,3753,system_server,-1,ActivityManager,Sending non-protected broadcast com.android.imscontection.DISCONNECTED from system 5163:com.android.phone/1001 pkg com.android.phone]
05-22 08:27:15.305  3753 16929 I am_wtf  : [0,3753,system_server,-1,ActivityManager,Sending non-protected broadcast com.android.imscontection.DISCONNECTED from system 5163:com.android.phone/1001 pkg com.android.phone]
05-22 08:27:20.742  3753  3753 I free_storage_changed: 14738853888
05-22 08:27:26.056  3753  3779 I am_wtf  : [0,3753,system_server,-1,KernelWakelockReader,neither /proc/wakelocks nor /d/wakeup_sources exists]
05-22 08:27:39.733  3753  3779 I am_wtf  : [0,3753,system_server,-1,KernelWakelockReader,neither /proc/wakelocks nor /d/wakeup_sources exists]
05-22 08:27:45.182  3753  5145 I am_focused_stack: [0,1,0,bringingFoundTaskToFront setFocusedActivity]
05-22 08:27:45.182  3753  5145 I wm_task_moved: [59,1,16]
05-22 08:27:45.184  3753  5145 I am_focused_activity: [0,com.vivo.gallery/com.android.gallery3d.vivo.GalleryTabActivity,bringingFoundTaskToFront]
05-22 08:27:45.184  3753  5145 I am_pause_activity: [0,158912494,com.bbk.launcher2/.Launcher]
05-22 08:27:45.186  3753  5145 I am_task_to_front: [0,59]
05-22 08:27:45.186  3753  5145 I am_new_intent: [0,164099136,59,com.vivo.gallery/com.android.gallery3d.vivo.GalleryTabActivity,android.intent.action.MAIN,NULL,NULL,811597824]
05-22 08:27:45.188  3753  5145 I sysui_action: [323,com.vivo.gallery/com.android.gallery3d.vivo.GalleryTabActivity]
05-22 08:27:45.188  3753  5145 I sysui_action: [324,true]
05-22 08:27:45.188  3753  5145 I sysui_action: [325,32111]
05-22 08:27:45.190  7661  7661 I am_on_paused_called: [0,com.bbk.launcher2.Launcher,handlePauseActivity]
05-22 08:27:45.197  3753 16657 I am_restart_activity: [0,252070729,59,com.vivo.gallery/com.android.gallery3d.vivo.GalleryTabActivity]
05-22 08:27:45.202  3753  3779 I sysui_count: [window_time_0,107]
05-22 08:27:45.228  3753  3778 I am_pss  : [32372,10002,com.android.contacts,32372736,31444992,0]
05-22 08:27:45.235  3753  3814 I sysui_action: [321,65]
05-22 08:27:45.235  3753  3814 I sysui_action: [320,1]
05-22 08:27:45.235  3753  3814 I sysui_action: [319,65]
05-22 08:27:45.242  3753  3778 I am_pss  : [20563,10077,com.android.printspooler,3793920,3076096,0]
05-22 08:27:45.256  3753  3778 I am_pss  : [21257,1000,com.vivo.networkimprove,3533824,2854912,0]
05-22 08:27:45.273  3753  3778 I am_pss  : [4808,10002,android.process.acore,45703168,44908544,0]
05-22 08:27:45.286  3753  3778 I am_pss  : [21377,10096,com.vivo.widget,3112960,2465792,0]
05-22 08:27:45.301  3753  3778 I am_pss  : [21241,1000,org.simalliance.openmobileapi.service,2977792,2310144,0]
05-22 08:27:45.316  3753  3778 I am_pss  : [21228,1001,org.codeaurora.ims,3298304,2613248,0]
05-22 08:27:45.330  3753  3778 I am_pss  : [21208,1000,com.vivo.networkstate,3265536,2617344,0]
05-22 08:27:45.350  3753  3778 I am_pss  : [21179,10060,com.vivo.findphone,6232064,3301376,0]
05-22 08:27:45.364  3753  3778 I am_pss  : [21154,10087,com.mobiletools.systemhelper:register,3537920,2777088,0]
05-22 08:27:45.379  3753  3778 I am_pss  : [21301,1000,com.android.settings.search_service,17696768,15486976,0]
05-22 08:27:45.464 28950 28950 I am_on_resume_called: [0,com.android.gallery3d.vivo.CameraPageActivity,moveToState-STARTED]
05-22 08:27:45.465 28950 28950 I am_on_resume_called: [0,com.android.gallery3d.vivo.GalleryTabActivity,LAUNCH_ACTIVITY]
05-22 08:27:45.689  3753  3814 I sysui_action: [322,519]
05-22 08:27:45.689  3753  3814 I am_activity_launch_time: [0,252070729,com.vivo.gallery/com.android.gallery3d.vivo.GalleryTabActivity,498,498]
05-22 08:27:45.778  3753  5187 I am_stop_activity: [0,158912494,com.bbk.launcher2/.Launcher]
05-22 08:27:45.783  7661  7661 I am_on_stop_called: [0,com.bbk.launcher2.Launcher,handleStopActivity]
05-22 08:27:45.817   510   510 I sf_frame_dur: [com.bbk.launcher2/com.bbk.launcher2.Launcher,111,4,2,1,4,3,8]
05-22 08:27:47.981  3753 10556 I am_finish_activity: [0,252070729,59,com.vivo.gallery/com.android.gallery3d.vivo.GalleryTabActivity,app-request]
05-22 08:27:47.983  3753 10556 I am_focused_stack: [0,0,1,finishActivity adjustFocus setFocusedActivity]
05-22 08:27:47.983  3753 10556 I wm_task_moved: [4,1,0]
05-22 08:27:47.995  3753 10556 I am_focused_activity: [0,com.bbk.launcher2/.Launcher,finishActivity adjustFocus]
05-22 08:27:48.040  3753 10556 I am_pause_activity: [0,252070729,com.vivo.gallery/com.android.gallery3d.vivo.GalleryTabActivity]
05-22 08:27:48.071 28950 28950 I am_on_paused_called: [0,com.android.gallery3d.vivo.CameraPageActivity,performPause]
05-22 08:27:48.072 28950 28950 I am_on_paused_called: [0,com.android.gallery3d.vivo.GalleryTabActivity,handlePauseActivity]
05-22 08:27:48.081  3753  5189 I am_resume_activity: [0,158912494,4,com.bbk.launcher2/.Launcher]
05-22 08:27:48.102  7661  7661 I am_on_resume_called: [0,com.bbk.launcher2.Launcher,RESUME_ACTIVITY]
05-22 08:27:48.399  3753  3779 I am_destroy_activity: [0,252070729,59,com.vivo.gallery/com.android.gallery3d.vivo.GalleryTabActivity,finish-imm]
05-22 08:27:48.404 28950 28950 I am_on_stop_called: [0,com.android.gallery3d.vivo.CameraPageActivity,moveToState-STARTED]
05-22 08:27:48.478 28950 28950 I am_on_stop_called: [0,com.android.gallery3d.vivo.GalleryTabActivity,destroy]
05-22 08:27:48.502  3753  4313 I wm_task_removed: [59,removeAppToken: last token]
05-22 08:27:48.502  3753  4313 I wm_task_removed: [59,removeTask]
05-22 08:27:48.510   510   510 I sf_frame_dur: [SurfaceView - com.vivo.gallery/com.android.gallery3d.vivo.GalleryTabActivity,56,3,2,0,0,1,0]
05-22 08:27:48.510   510   510 I sf_frame_dur: [com.vivo.gallery/com.android.gallery3d.vivo.GalleryTabActivity,0,0,2,0,0,0,1]
05-22 08:27:48.939  3753 16925 I am_proc_start: [0,21513,10044,com.vivo.weather.location,service,com.vivo.weather/.LocalCityLocateService]
05-22 08:27:48.960  3753  4637 I am_focused_stack: [0,1,0,bringingFoundTaskToFront setFocusedActivity]
05-22 08:27:48.960  3753  4637 I wm_task_moved: [135,1,15]
05-22 08:27:48.962  3753  4637 I am_focused_activity: [0,com.android.camera/.CameraActivity,bringingFoundTaskToFront]
05-22 08:27:48.964  3753  4637 I am_pause_activity: [0,158912494,com.bbk.launcher2/.Launcher]
05-22 08:27:48.965  3753  4637 I am_task_to_front: [0,135]
05-22 08:27:48.965  3753  4637 I am_new_intent: [0,192376060,135,com.android.camera/.CameraActivity,android.intent.action.MAIN,NULL,NULL,811597824]
05-22 08:27:48.967  3753  4637 I sysui_action: [323,com.android.camera/.CameraActivity]
05-22 08:27:48.967  3753  4637 I sysui_action: [324,true]
05-22 08:27:48.967  3753  4637 I sysui_action: [325,32115]
05-22 08:27:48.967  3753  3772 I am_proc_bound: [0,21513,com.vivo.weather.location]
05-22 08:27:48.979  3753  3779 I am_stop_activity: [0,158912494,com.bbk.launcher2/.Launcher]
05-22 08:27:48.986  7661  7661 I am_on_paused_called: [0,com.bbk.launcher2.Launcher,handlePauseActivity]
05-22 08:27:49.002  3753 16930 I am_resume_activity: [0,226529422,135,com.android.camera/.CameraActivity]
05-22 08:27:49.006  3753  3779 I sysui_count: [window_time_0,3]
05-22 08:27:49.026  7661  7661 I am_on_stop_called: [0,com.bbk.launcher2.Launcher,handleStopActivity]
05-22 08:27:49.135  6030  6030 I am_on_resume_called: [0,com.android.camera.CameraActivity,RESUME_ACTIVITY]
05-22 08:27:49.154  3753  3814 I sysui_action: [320,2]
05-22 08:27:49.154  3753  3814 I sysui_action: [319,203]
05-22 08:27:49.154  3753  3814 I sysui_action: [322,203]
05-22 08:27:49.447   510   510 I sf_frame_dur: [com.bbk.launcher2/com.bbk.launcher2.Launcher,0,0,0,2,1,0,0]
05-22 08:27:49.498  3753 16925 I am_wtf  : [0,3753,system_server,-1,ActivityManager,Sending non-protected broadcast com.vivo.flashlight.ACTION_FLASHLIGHT_STATE_CHANGD from system 4665:com.vivo.daemonService/1000 pkg com.vivo.daemonService]
05-22 08:27:49.500  3753 16925 I am_wtf  : [0,3753,system_server,-1,ActivityManager,Sending non-protected broadcast com.vivo.flashlight.ACTION_FLASHLIGHT_STATE_CHANGD from system 4665:com.vivo.daemonService/1000 pkg com.vivo.daemonService]
05-22 08:27:50.581  3753  5190 I am_proc_died: [0,21513,com.vivo.weather.location]
05-22 08:27:50.582  3753  5190 I am_schedule_service_restart: [0,com.vivo.weather/.LocalCityLocateService,1000]
05-22 08:27:56.236  3753  5187 I am_proc_died: [0,19430,com.bbk.updater]
05-22 08:27:56.303  3753  3778 I am_pss  : [5541,10071,com.oma.drm.server,5015552,4661248,0]
05-22 08:27:56.316  3753 16928 I am_proc_died: [0,9664,com.android.filemanager]
05-22 08:27:56.334  3753  3778 I am_pss  : [5526,10017,com.baidu.map.location,21346304,19742720,0]
05-22 08:27:56.348  3753  3778 I am_pss  : [5516,1001,com.qualcomm.qti.loadcarrier,4709376,4337664,0]
05-22 08:27:56.362  3753  3778 I am_pss  : [5503,1000,com.alps.lcn,8022016,7536640,0]
05-22 08:27:56.379  3753  3778 I am_pss  : [5426,1000,com.vivo.abe,22760448,20971520,0]
05-22 08:27:56.402  3753  3778 I am_pss  : [5163,1001,com.android.phone,38130688,36655104,0]
05-22 08:27:56.429  3753  3778 I am_pss  : [5146,1000,com.vivo.upslide,105086976,102137856,0]
05-22 08:27:56.443  3753  3778 I am_pss  : [5136,1000,com.android.server.telecom,11509760,11059200,0]
05-22 08:27:56.458  3753  3778 I am_pss  : [5117,1000,.dataservices,9628672,9121792,0]
05-22 08:27:56.477  3753  3778 I am_pss  : [4665,1000,com.vivo.daemonService,27991040,26611712,0]
05-22 08:27:56.506  3753  3778 I am_pss  : [4430,10024,com.android.systemui,101133312,97644544,0]
05-22 08:27:56.560  3753  3778 I am_pss  : [3753,1000,system,134948864,131579904,0]
05-22 08:28:00.040  3753  3778 I am_pss  : [6030,10093,com.android.camera,46152704,40738816,0]
05-22 08:28:00.061  3753  3778 I am_pss  : [5412,1000,com.qti.service.colorservice,6366208,5976064,0]
05-22 08:28:00.083  3753  3778 I am_pss  : [10042,10081,com.vivo.safecenter,8190976,7823360,0]
05-22 08:28:20.746  3753  3753 I free_storage_changed: 14730076160
05-22 08:28:25.220  3753  3778 I am_pss  : [7661,10034,com.bbk.launcher2,96854016,92794880,0]
05-22 08:28:25.256  3753  3778 I am_pss  : [28950,10098,com.vivo.gallery,143307776,138260480,0]
05-22 08:28:25.278  3753  3778 I am_pss  : [27603,10030,com.bbk.appstore:remote,16950272,16343040,0]
05-22 08:28:25.298  3753  3778 I am_pss  : [4965,10064,com.bbk.iqoo.logsystem,23140352,21848064,0]
05-22 08:28:25.318  3753  3778 I am_pss  : [5695,10011,android.process.media,46294016,45346816,0]
05-22 08:28:25.337  3753  3778 I am_pss  : [6139,10063,com.iqoo.secure:remote,16731136,15020032,0]
05-22 08:28:30.821  3753  4035 I am_new_intent: [0,136365901,4,com.bbk.launcher2/.Launcher,android.intent.action.MAIN,NULL,NULL,278921216]
05-22 08:28:30.823  3753  4035 I am_focused_stack: [0,0,1,bringingFoundTaskToFront setFocusedActivity]
05-22 08:28:30.823  3753  4035 I wm_task_moved: [4,1,0]
05-22 08:28:30.826  3753  4035 I am_focused_activity: [0,com.bbk.launcher2/.Launcher,bringingFoundTaskToFront]
05-22 08:28:30.926  3753  4035 I am_pause_activity: [0,226529422,com.android.camera/.CameraActivity]
05-22 08:28:30.928  3753  4035 I am_task_to_front: [0,4]
05-22 08:28:30.933  3753  4035 I sysui_action: [323,com.bbk.launcher2/.Launcher]
05-22 08:28:30.933  3753  4035 I sysui_action: [324,true]
05-22 08:28:30.933  3753  4035 I sysui_action: [325,32157]
05-22 08:28:30.991  6030  6030 I am_on_paused_called: [0,com.android.camera.CameraActivity,handlePauseActivity]
05-22 08:28:31.008  3753 16657 I am_resume_activity: [0,158912494,4,com.bbk.launcher2/.Launcher]
05-22 08:28:31.019  3753  3779 I sysui_count: [window_time_0,42]
05-22 08:28:31.065  7661  7661 I am_on_resume_called: [0,com.bbk.launcher2.Launcher,RESUME_ACTIVITY]
05-22 08:28:31.143  3753  3814 I sysui_action: [320,2]
05-22 08:28:31.143  3753  3814 I sysui_action: [319,348]
05-22 08:28:31.143  3753  3814 I sysui_action: [322,348]
05-22 08:28:31.384  3753  3779 I am_stop_activity: [0,226529422,com.android.camera/.CameraActivity]
05-22 08:28:31.391  6030  6030 I am_on_stop_called: [0,com.android.camera.CameraActivity,handleStopActivity]
05-22 08:28:31.456  3753  5181 I am_wtf  : [0,3753,system_server,-1,ActivityManager,Sending non-protected broadcast com.vivo.flashlight.ACTION_FLASHLIGHT_STATE_CHANGD from system 4665:com.vivo.daemonService/1000 pkg com.vivo.daemonService]
05-22 08:28:31.457  3753  5181 I am_wtf  : [0,3753,system_server,-1,ActivityManager,Sending non-protected broadcast com.vivo.flashlight.ACTION_FLASHLIGHT_STATE_CHANGD from system 4665:com.vivo.daemonService/1000 pkg com.vivo.daemonService]
05-22 08:28:31.461   510   510 I sf_frame_dur: [SurfaceView - com.android.camera/com.android.camera.CameraActivity,76,695,12,3,4,0,1]
05-22 08:28:31.461   510   510 I sf_frame_dur: [com.android.camera/com.android.camera.CameraActivity,176,140,0,7,5,3,6]
05-22 08:28:31.982  3753 16928 I am_new_intent: [0,24692603,7,com.android.dialer/.TwelveKeyDialer,android.intent.action.MAIN,NULL,NULL,807403520]
05-22 08:28:31.983  3753 16928 I am_focused_stack: [0,1,0,bringingFoundTaskToFront setFocusedActivity]
05-22 08:28:31.983  3753 16928 I wm_task_moved: [7,1,15]
05-22 08:28:31.984  3753 16928 I am_focused_activity: [0,com.android.dialer/.TwelveKeyDialer,bringingFoundTaskToFront]
05-22 08:28:31.985  3753 16928 I am_pause_activity: [0,158912494,com.bbk.launcher2/.Launcher]
05-22 08:28:31.986  3753 16928 I am_task_to_front: [0,7]
05-22 08:28:31.988  3753 16928 I sysui_action: [323,com.android.dialer/.TwelveKeyDialer]
05-22 08:28:31.988  3753 16928 I sysui_action: [324,true]
05-22 08:28:31.988  3753 16928 I sysui_action: [325,32158]
05-22 08:28:31.993  7661  7661 I am_on_paused_called: [0,com.bbk.launcher2.Launcher,handlePauseActivity]
05-22 08:28:32.001  3753  5187 I am_resume_activity: [0,228512550,7,com.android.dialer/.TwelveKeyDialer]
05-22 08:28:32.014  3753  3779 I sysui_count: [window_time_0,1]
05-22 08:28:32.130 10337 10337 I am_on_resume_called: [0,com.android.dialer.TwelveKeyDialer,RESUME_ACTIVITY]
05-22 08:28:32.239  3753  3814 I sysui_action: [320,2]
05-22 08:28:32.239  3753  3814 I sysui_action: [319,262]
05-22 08:28:32.241  3753  3814 I sysui_action: [322,264]
05-22 08:28:32.456  3753 14131 I am_wtf  : [0,3753,system_server,-1,ActivityManager,Sending non-protected broadcast launcher.action.CHANGE_APPLICATION_NOTIFICATION_NUM from system 5163:com.android.phone/1001 pkg com.android.phone]
05-22 08:28:32.459  3753 22076 I am_wtf  : [0,3753,system_server,-1,ActivityManager,Sending non-protected broadcast android.no.read.BBKLockScreen.INCALL from system 5163:com.android.phone/1001 pkg com.android.phone]
05-22 08:28:32.459  3753 22076 I am_wtf  : [0,3753,system_server,-1,ActivityManager,Sending non-protected broadcast android.no.read.BBKLockScreen.INCALL from system 5163:com.android.phone/1001 pkg com.android.phone]
05-22 08:28:32.502  3753  3779 I am_stop_activity: [0,158912494,com.bbk.launcher2/.Launcher]
05-22 08:28:32.506  7661  7661 I am_on_stop_called: [0,com.bbk.launcher2.Launcher,handleStopActivity]
05-22 08:28:32.532   510   510 I sf_frame_dur: [com.bbk.launcher2/com.bbk.launcher2.Launcher,0,1,0,1,1,0,0]
05-22 08:28:35.289  3753  3779 I am_proc_start: [0,22282,1000,com.iqoo.engineermode,broadcast,com.iqoo.engineermode/.StartupReceiver]
05-22 08:28:35.313  3753 16934 I am_proc_bound: [0,22282,com.iqoo.engineermode]
05-22 08:28:35.597  3753 10556 I wm_task_moved: [52,1,15]
05-22 08:28:35.598  3753 10556 I am_focused_activity: [0,com.iqoo.engineermode/.verifytest.AutoFocusTest,bringingFoundTaskToFront]
05-22 08:28:35.619  3753 10556 I am_pause_activity: [0,228512550,com.android.dialer/.TwelveKeyDialer]
05-22 08:28:35.621  3753 10556 I am_task_to_front: [0,52]
05-22 08:28:35.623  3753 10556 I sysui_action: [323,com.iqoo.engineermode/.verifytest.AutoFocusTest]
05-22 08:28:35.623  3753 10556 I sysui_action: [324,true]
05-22 08:28:35.623  3753 10556 I sysui_action: [325,32162]
05-22 08:28:35.630 10337 10337 I am_on_paused_called: [0,com.android.dialer.TwelveKeyDialer,handlePauseActivity]
05-22 08:28:35.715  3753  4313 I battery_level: [84,4062,302]
05-22 08:28:35.749  3753  3779 I am_wtf  : [0,3753,system_server,-1,KernelWakelockReader,neither /proc/wakelocks nor /d/wakeup_sources exists]
05-22 08:28:35.760  3753  5181 I configuration_changed: 1152
05-22 08:28:35.832  3753  5181 I am_restart_activity: [0,199726967,52,com.iqoo.engineermode/.verifytest.AutoFocusTest]
05-22 08:28:35.837  3753  4734 I am_proc_died: [0,32372,com.android.contacts]
05-22 08:28:35.842  3753 16662 I am_proc_died: [0,21301,com.android.settings.search_service]
05-22 08:28:35.843  3753  3773 I am_proc_died: [0,20471,com.android.providers.calendar]
05-22 08:28:35.851  3753  3779 I sysui_count: [window_time_0,4]
05-22 08:28:35.893   510   510 I sf_frame_dur: [com.android.dialer/com.android.dialer.TwelveKeyDialer,39,4,2,0,4,1,0]
05-22 08:28:35.946  3753 16662 I am_proc_died: [0,20495,com.vivo.widget.calendar]
05-22 08:28:35.953  3753  3814 I sysui_action: [321,394]
05-22 08:28:35.953  3753  3814 I sysui_action: [320,1]
05-22 08:28:35.953  3753  3814 I sysui_action: [319,394]
05-22 08:28:35.997  3753  3780 I am_wtf  : [0,3753,system_server,-1,ActivityManager,Sending non-protected broadcast vivo.intent.action.CHECK_ALERT_WINDOW from system 3753:system/1000 pkg android]
05-22 08:28:35.998  3753  3780 I am_wtf  : [0,3753,system_server,-1,ActivityManager,Sending non-protected broadcast vivo.intent.action.CHECK_ALERT_WINDOW from system 3753:system/1000 pkg android]
05-22 08:28:36.046 22282 22282 I am_on_resume_called: [0,com.iqoo.engineermode.verifytest.AutoFocusTest,LAUNCH_ACTIVITY]
05-22 08:28:36.159  3753  9321 I am_wtf  : [0,3753,system_server,-1,ActivityManager,Sending non-protected broadcast com.vivo.flashlight.ACTION_CLOSE_FLASHLIGHT from system 22282:com.iqoo.engineermode/1000 pkg com.iqoo.engineermode]
05-22 08:28:36.177  3753  5187 I am_wtf  : [0,3753,system_server,-1,ActivityManager,Sending non-protected broadcast com.vivo.flashlight.ACTION_FLASHLIGHT_STATE_CHANGD from system 4665:com.vivo.daemonService/1000 pkg com.vivo.daemonService]
05-22 08:28:36.178  3753  5187 I am_wtf  : [0,3753,system_server,-1,ActivityManager,Sending non-protected broadcast com.vivo.flashlight.ACTION_FLASHLIGHT_STATE_CHANGD from system 4665:com.vivo.daemonService/1000 pkg com.vivo.daemonService]
05-22 08:28:36.436  3753  3814 I sysui_action: [322,877]
05-22 08:28:36.436  3753  3814 I am_activity_launch_time: [0,199726967,com.iqoo.engineermode/.verifytest.AutoFocusTest,712,712]
05-22 08:28:36.455  3753 16662 I am_stop_activity: [0,228512550,com.android.dialer/.TwelveKeyDialer]
05-22 08:28:36.456 10337 10337 I am_on_stop_called: [0,com.android.dialer.TwelveKeyDialer,handleStopActivity]
05-22 08:28:37.653  3753  4313 I am_finish_activity: [0,199726967,52,com.iqoo.engineermode/.verifytest.AutoFocusTest,app-request]
05-22 08:28:37.656  3753  4313 I wm_task_moved: [52,1,15]
05-22 08:28:37.663  3753  4313 I am_focused_activity: [0,com.iqoo.engineermode/.verifytest.EngineerVerifyTest,finishActivity adjustFocus]
05-22 08:28:37.664  3753  4313 I am_pause_activity: [0,199726967,com.iqoo.engineermode/.verifytest.AutoFocusTest]
05-22 08:28:37.677 22282 22282 I am_on_paused_called: [0,com.iqoo.engineermode.verifytest.AutoFocusTest,handlePauseActivity]
05-22 08:28:37.701  3753  9321 I configuration_changed: 1152
05-22 08:28:37.771  3753  9321 I am_restart_activity: [0,81212561,52,com.iqoo.engineermode/.verifytest.EngineerVerifyTest]
05-22 08:28:37.780  3753  3780 I am_wtf  : [0,3753,system_server,-1,ActivityManager,Sending non-protected broadcast vivo.intent.action.CHECK_ALERT_WINDOW from system 3753:system/1000 pkg android]
05-22 08:28:37.781  3753  3780 I am_wtf  : [0,3753,system_server,-1,ActivityManager,Sending non-protected broadcast vivo.intent.action.CHECK_ALERT_WINDOW from system 3753:system/1000 pkg android]
05-22 08:28:37.781  3753  3779 I sysui_count: [window_time_0,2]
05-22 08:28:37.818   510   510 I sf_frame_dur: [UpSlideTransparentView,1,0,0,0,0,0,0]
05-22 08:28:37.911 22282 22282 I am_on_resume_called: [0,com.iqoo.engineermode.verifytest.EngineerVerifyTest,LAUNCH_ACTIVITY]
05-22 08:28:38.139  3753 16930 I am_wtf  : [0,3753,system_server,-1,ActivityManager,Sending non-protected broadcast com.vivo.flashlight.ACTION_CLOSE_FLASHLIGHT from system 22282:com.iqoo.engineermode/1000 pkg com.iqoo.engineermode]
05-22 08:28:38.168  3753  4664 I am_wtf  : [0,3753,system_server,-1,ActivityManager,Sending non-protected broadcast com.vivo.flashlight.ACTION_FLASHLIGHT_STATE_CHANGD from system 4665:com.vivo.daemonService/1000 pkg com.vivo.daemonService]
05-22 08:28:38.170  3753  4664 I am_wtf  : [0,3753,system_server,-1,ActivityManager,Sending non-protected broadcast com.vivo.flashlight.ACTION_FLASHLIGHT_STATE_CHANGD from system 4665:com.vivo.daemonService/1000 pkg com.vivo.daemonService]
05-22 08:28:38.202   510   510 I sf_frame_dur: [SurfaceView - com.iqoo.engineermode/com.iqoo.engineermode.verifytest.AutoFocusTest,2,35,2,0,0,0,0]
05-22 08:28:38.202   510   510 I sf_frame_dur: [com.iqoo.engineermode/com.iqoo.engineermode.verifytest.AutoFocusTest,1,0,0,0,0,0,0]
05-22 08:28:38.216  3753  3814 I am_activity_launch_time: [0,81212561,com.iqoo.engineermode/.verifytest.EngineerVerifyTest,537,537]
05-22 08:28:38.248  3753  9316 I am_destroy_activity: [0,199726967,52,com.iqoo.engineermode/.verifytest.AutoFocusTest,finish-imm]
05-22 08:28:38.249 22282 22282 I am_on_stop_called: [0,com.iqoo.engineermode.verifytest.AutoFocusTest,destroy]
05-22 08:28:39.842  3753  9321 I am_create_task: [0,192]
05-22 08:28:39.842  3753  9321 I am_create_activity: [0,145837222,192,com.android.bbklog/.BbkLogActivity,NULL,NULL,NULL,276824064]
05-22 08:28:39.843  3753  9321 I wm_task_created: [192,1]
05-22 08:28:39.843  3753  9321 I wm_task_moved: [192,1,16]
05-22 08:28:39.843  3753  9321 I wm_task_moved: [192,1,16]
05-22 08:28:39.845  3753  9321 I am_focused_activity: [0,com.android.bbklog/.BbkLogActivity,startedActivity]
05-22 08:28:39.869  3753  9321 I am_pause_activity: [0,81212561,com.iqoo.engineermode/.verifytest.EngineerVerifyTest]
05-22 08:28:39.872  3753  9321 I sysui_action: [323,com.android.bbklog/.BbkLogActivity]
05-22 08:28:39.872  3753  9321 I sysui_action: [324,true]
05-22 08:28:39.872  3753  9321 I sysui_action: [325,32166]
05-22 08:28:39.873 22282 22282 I am_on_paused_called: [0,com.iqoo.engineermode.verifytest.EngineerVerifyTest,handlePauseActivity]
05-22 08:28:39.880  3753  9317 I am_restart_activity: [0,145837222,192,com.android.bbklog/.BbkLogActivity]
05-22 08:28:39.899  3753  3779 I sysui_count: [window_time_0,2]
05-22 08:28:39.927  3753  3814 I sysui_action: [321,110]
05-22 08:28:39.927  3753  3814 I sysui_action: [320,1]
05-22 08:28:39.927  3753  3814 I sysui_action: [319,110]
05-22 08:28:39.977  6878  6878 I am_on_resume_called: [0,com.android.bbklog.BbkLogActivity,LAUNCH_ACTIVITY]
05-22 08:28:40.073  3753  3814 I sysui_action: [322,256]
05-22 08:28:40.073  3753  3814 I am_activity_launch_time: [0,145837222,com.android.bbklog/.BbkLogActivity,199,199]
05-22 08:28:40.230  3753  3779 I am_stop_activity: [0,81212561,com.iqoo.engineermode/.verifytest.EngineerVerifyTest]
05-22 08:28:40.231 22282 22282 I am_on_stop_called: [0,com.iqoo.engineermode.verifytest.EngineerVerifyTest,handleStopActivity]
05-22 08:28:40.259   510   510 I sf_frame_dur: [com.iqoo.engineermode/com.iqoo.engineermode.verifytest.EngineerVerifyTest,18,3,0,0,1,1,0]
05-22 08:28:41.031  3753 10556 I wm_task_moved: [192,1,16]
05-22 08:28:41.032  3753 10556 I wm_task_moved: [192,1,16]
05-22 08:28:41.033  3753 10556 I am_create_activity: [0,130426303,192,com.android.bbklog/.SettingActivity,NULL,NULL,NULL,276824064]
05-22 08:28:41.033  3753 10556 I wm_task_moved: [192,1,16]
05-22 08:28:41.035  3753 10556 I am_focused_activity: [0,com.android.bbklog/.SettingActivity,startedActivity]
05-22 08:28:41.035  3753 10556 I am_pause_activity: [0,145837222,com.android.bbklog/.BbkLogActivity]
05-22 08:28:41.037  3753 10556 I sysui_action: [323,com.android.bbklog/.BbkLogActivity]
05-22 08:28:41.037  3753 10556 I sysui_action: [324,true]
05-22 08:28:41.037  3753 10556 I sysui_action: [325,32167]
05-22 08:28:41.039  6878  6878 I am_on_paused_called: [0,com.android.bbklog.BbkLogActivity,handlePauseActivity]
05-22 08:28:41.043  3753  9321 I am_restart_activity: [0,130426303,192,com.android.bbklog/.SettingActivity]
05-22 08:28:41.058  3753  3779 I sysui_count: [window_time_0,1]
05-22 08:28:41.079  6878  6878 I am_on_resume_called: [0,com.android.bbklog.SettingActivity,LAUNCH_ACTIVITY]
05-22 08:28:41.150  3753  3814 I sysui_action: [320,2]
05-22 08:28:41.150  3753  3814 I sysui_action: [319,122]
05-22 08:28:41.150  3753  3814 I sysui_action: [322,122]
05-22 08:28:41.150  3753  3814 I am_activity_launch_time: [0,130426303,com.android.bbklog/.SettingActivity,110,110]
05-22 08:28:41.450  3753  3779 I am_stop_activity: [0,145837222,com.android.bbklog/.BbkLogActivity]
05-22 08:28:41.451  6878  6878 I am_on_stop_called: [0,com.android.bbklog.BbkLogActivity,handleStopActivity]
05-22 08:28:41.480   510   510 I sf_frame_dur: [com.android.bbklog/com.android.bbklog.BbkLogActivity,1,0,0,0,1,1,0]
05-22 08:28:44.261  3753 31844 I am_finish_activity: [0,130426303,192,com.android.bbklog/.SettingActivity,app-request]
05-22 08:28:44.264  3753 31844 I wm_task_moved: [192,1,16]
05-22 08:28:44.269  3753 31844 I am_focused_activity: [0,com.android.bbklog/.BbkLogActivity,finishActivity adjustFocus]
05-22 08:28:44.269  3753 31844 I am_pause_activity: [0,130426303,com.android.bbklog/.SettingActivity]
05-22 08:28:44.275  6878  6878 I am_on_paused_called: [0,com.android.bbklog.SettingActivity,handlePauseActivity]
05-22 08:28:44.283  3753  3772 I am_resume_activity: [0,145837222,192,com.android.bbklog/.BbkLogActivity]
05-22 08:28:44.315  6878  6878 I am_on_resume_called: [0,com.android.bbklog.BbkLogActivity,RESUME_ACTIVITY]
05-22 08:28:44.669  3753  3779 I am_destroy_activity: [0,130426303,192,com.android.bbklog/.SettingActivity,finish-imm]
05-22 08:28:44.670  6878  6878 I am_on_stop_called: [0,com.android.bbklog.SettingActivity,destroy]
05-22 08:28:44.675   510   510 I sf_frame_dur: [com.android.bbklog/com.android.bbklog.SettingActivity,16,0,0,0,1,1,0]
05-22 08:28:45.366  3753  4734 I wm_task_moved: [192,1,16]
05-22 08:28:45.368  3753  4734 I wm_task_moved: [192,1,16]
05-22 08:28:45.369  3753  4734 I am_create_activity: [0,246346493,192,com.android.bbklog/.UserDefinedActivity,NULL,NULL,NULL,276824064]
05-22 08:28:45.371  3753  4734 I wm_task_moved: [192,1,16]
05-22 08:28:45.373  3753  4734 I am_focused_activity: [0,com.android.bbklog/.UserDefinedActivity,startedActivity]
05-22 08:28:45.374  3753  4734 I am_pause_activity: [0,145837222,com.android.bbklog/.BbkLogActivity]
05-22 08:28:45.377  3753  4734 I sysui_action: [323,com.android.bbklog/.BbkLogActivity]
05-22 08:28:45.377  3753  4734 I sysui_action: [324,true]
05-22 08:28:45.377  3753  4734 I sysui_action: [325,32171]
05-22 08:28:45.381  6878  6878 I am_on_paused_called: [0,com.android.bbklog.BbkLogActivity,handlePauseActivity]
05-22 08:28:45.387  3753  5148 I am_restart_activity: [0,246346493,192,com.android.bbklog/.UserDefinedActivity]
05-22 08:28:45.403  3753  3779 I sysui_count: [window_time_0,5]
05-22 08:28:45.498  6878  6878 I am_on_resume_called: [0,com.android.bbklog.UserDefinedActivity,LAUNCH_ACTIVITY]
05-22 08:28:45.569  3753  3814 I sysui_action: [320,2]
05-22 08:28:45.569  3753  3814 I sysui_action: [319,210]
05-22 08:28:45.569  3753  3814 I sysui_action: [322,210]
05-22 08:28:45.569  3753  3814 I am_activity_launch_time: [0,246346493,com.android.bbklog/.UserDefinedActivity,186,186]
05-22 08:28:45.888  3753  3779 I am_stop_activity: [0,145837222,com.android.bbklog/.BbkLogActivity]
05-22 08:28:45.890  6878  6878 I am_on_stop_called: [0,com.android.bbklog.BbkLogActivity,handleStopActivity]
05-22 08:28:45.913   510   510 I sf_frame_dur: [com.android.bbklog/com.android.bbklog.BbkLogActivity,0,2,1,0,0,1,0]
05-22 08:28:47.657  3753  3779 I am_proc_start: [0,22410,10114,com.vivo.game,broadcast,com.vivo.game/.update.UpdateDownloadReceiver]
05-22 08:28:47.675  3753 16662 I am_proc_bound: [0,22410,com.vivo.game]
05-22 08:28:48.013  3753  5181 I am_finish_activity: [0,246346493,192,com.android.bbklog/.UserDefinedActivity,app-request]
05-22 08:28:48.015  3753  5181 I wm_task_moved: [192,1,16]
05-22 08:28:48.018  3753  5181 I am_focused_activity: [0,com.android.bbklog/.BbkLogActivity,finishActivity adjustFocus]
05-22 08:28:48.018  3753  5181 I am_pause_activity: [0,246346493,com.android.bbklog/.UserDefinedActivity]
05-22 08:28:48.023  6878  6878 I am_on_paused_called: [0,com.android.bbklog.UserDefinedActivity,handlePauseActivity]
05-22 08:28:48.032  3753 16928 I am_resume_activity: [0,145837222,192,com.android.bbklog/.BbkLogActivity]
05-22 08:28:48.052  6878  6878 I am_on_resume_called: [0,com.android.bbklog.BbkLogActivity,RESUME_ACTIVITY]
05-22 08:28:48.258  3753  5148 I am_finish_activity: [0,145837222,192,com.android.bbklog/.BbkLogActivity,app-request]
05-22 08:28:48.259  3753  5148 I wm_task_moved: [52,1,16]
05-22 08:28:48.263  3753  5148 I am_focused_activity: [0,com.iqoo.engineermode/.verifytest.EngineerVerifyTest,finishActivity adjustFocus]
05-22 08:28:48.295  3753  5148 I am_pause_activity: [0,145837222,com.android.bbklog/.BbkLogActivity]
05-22 08:28:48.304  6878  6878 I am_on_paused_called: [0,com.android.bbklog.BbkLogActivity,handlePauseActivity]
05-22 08:28:48.312  3753  3772 I am_resume_activity: [0,81212561,52,com.iqoo.engineermode/.verifytest.EngineerVerifyTest]
05-22 08:28:48.333 22282 22282 I am_on_resume_called: [0,com.iqoo.engineermode.verifytest.EngineerVerifyTest,RESUME_ACTIVITY]
05-22 08:28:48.658  3753 16658 I am_finish_activity: [0,81212561,52,com.iqoo.engineermode/.verifytest.EngineerVerifyTest,app-request]
05-22 08:28:48.659  3753 16658 I wm_task_moved: [52,1,16]
05-22 08:28:48.660  3753 16658 I am_focused_activity: [0,com.iqoo.engineermode/.EngineerMode,finishActivity adjustFocus]
05-22 08:28:48.660  3753 16658 I am_pause_activity: [0,81212561,com.iqoo.engineermode/.verifytest.EngineerVerifyTest]
05-22 08:28:48.666 22282 22282 I am_on_paused_called: [0,com.iqoo.engineermode.verifytest.EngineerVerifyTest,handlePauseActivity]
05-22 08:28:48.672  3753 14131 I am_restart_activity: [0,136594546,52,com.iqoo.engineermode/.EngineerMode]
05-22 08:28:48.678  3753  3779 I sysui_count: [window_time_0,3]
05-22 08:28:48.697 22282 22282 I am_on_resume_called: [0,com.iqoo.engineermode.EngineerMode,LAUNCH_ACTIVITY]
05-22 08:28:48.761  3753  3814 I am_activity_launch_time: [0,136594546,com.iqoo.engineermode/.EngineerMode,92,92]
05-22 08:28:49.046  3753  3779 I am_destroy_activity: [0,81212561,52,com.iqoo.engineermode/.verifytest.EngineerVerifyTest,finish-imm]
05-22 08:28:49.047  3753  3779 I am_destroy_activity: [0,145837222,192,com.android.bbklog/.BbkLogActivity,finish-imm]
05-22 08:28:49.047  3753  3779 I am_destroy_activity: [0,246346493,192,com.android.bbklog/.UserDefinedActivity,finish-imm]
05-22 08:28:49.047  6878  6878 I am_on_stop_called: [0,com.android.bbklog.BbkLogActivity,destroy]
05-22 08:28:49.048 22282 22282 I am_on_stop_called: [0,com.iqoo.engineermode.verifytest.EngineerVerifyTest,destroy]
05-22 08:28:49.058   510   510 I sf_frame_dur: [com.android.bbklog/com.android.bbklog.BbkLogActivity,0,0,0,1,0,0,0]
05-22 08:28:49.059   510   510 I sf_frame_dur: [com.iqoo.engineermode/com.iqoo.engineermode.verifytest.EngineerVerifyTest,0,0,0,0,1,0,0]
05-22 08:28:49.068  6878  6878 I am_on_stop_called: [0,com.android.bbklog.UserDefinedActivity,destroy]
05-22 08:28:49.073  3753  5148 I am_finish_activity: [0,136594546,52,com.iqoo.engineermode/.EngineerMode,app-request]
05-22 08:28:49.074  3753  5148 I wm_task_moved: [7,1,16]
05-22 08:28:49.078  3753  5148 I am_focused_activity: [0,com.android.dialer/.TwelveKeyDialer,finishActivity adjustFocus]
05-22 08:28:49.091   510   510 I sf_frame_dur: [com.android.bbklog/com.android.bbklog.UserDefinedActivity,68,2,0,1,1,1,0]
05-22 08:28:49.107  3753  5148 I am_pause_activity: [0,136594546,com.iqoo.engineermode/.EngineerMode]
05-22 08:28:49.111  3753 10556 I wm_task_removed: [192,removeAppToken: last token]
05-22 08:28:49.111  3753 10556 I wm_task_removed: [192,removeTask]
05-22 08:28:49.112 22282 22282 I am_on_paused_called: [0,com.iqoo.engineermode.EngineerMode,handlePauseActivity]
05-22 08:28:49.128  3753 31844 I am_resume_activity: [0,228512550,7,com.android.dialer/.TwelveKeyDialer]
05-22 08:28:49.177 10337 10337 I am_on_resume_called: [0,com.android.dialer.TwelveKeyDialer,RESUME_ACTIVITY]
05-22 08:28:49.530  3753  3779 I am_destroy_activity: [0,136594546,52,com.iqoo.engineermode/.EngineerMode,finish-imm]
05-22 08:28:49.533 22282 22282 I am_on_stop_called: [0,com.iqoo.engineermode.EngineerMode,destroy]
05-22 08:28:49.543   510   510 I sf_frame_dur: [com.iqoo.engineermode/com.iqoo.engineermode.EngineerMode,1,0,0,0,1,0,0]
05-22 08:28:49.549  3753  5189 I wm_task_removed: [52,removeAppToken: last token]
05-22 08:28:49.549  3753  5189 I wm_task_removed: [52,removeTask]
05-22 08:28:49.550  3753  5183 I am_wtf  : [0,3753,system_server,-1,ActivityManager,Sending non-protected broadcast launcher.action.CHANGE_APPLICATION_NOTIFICATION_NUM from system 5163:com.android.phone/1001 pkg com.android.phone]
05-22 08:28:49.553  3753  4664 I am_wtf  : [0,3753,system_server,-1,ActivityManager,Sending non-protected broadcast android.no.read.BBKLockScreen.INCALL from system 5163:com.android.phone/1001 pkg com.android.phone]
05-22 08:28:49.553  3753  4664 I am_wtf  : [0,3753,system_server,-1,ActivityManager,Sending non-protected broadcast android.no.read.BBKLockScreen.INCALL from system 5163:com.android.phone/1001 pkg com.android.phone]
05-22 08:28:51.201  3753 16932 I wm_task_moved: [7,0,0]
05-22 08:28:51.210  3753 16932 I am_focused_stack: [0,0,1,moveTaskToBackAndShowHome resumeHomeStackTask setFocusedActivity]
05-22 08:28:51.210  3753 16932 I wm_task_moved: [4,1,0]
05-22 08:28:51.215  3753 16932 I am_focused_activity: [0,com.bbk.launcher2/.Launcher,moveTaskToBackAndShowHome resumeHomeStackTask]
05-22 08:28:51.254  3753 16932 I am_pause_activity: [0,228512550,com.android.dialer/.TwelveKeyDialer]
05-22 08:28:51.262 10337 10337 I am_on_paused_called: [0,com.android.dialer.TwelveKeyDialer,handlePauseActivity]
05-22 08:28:51.275  3753  4695 I am_resume_activity: [0,158912494,4,com.bbk.launcher2/.Launcher]
05-22 08:28:51.290  3753  3779 I sysui_count: [window_time_0,3]
05-22 08:28:51.296  7661  7661 I am_on_resume_called: [0,com.bbk.launcher2.Launcher,RESUME_ACTIVITY]
05-22 08:28:51.542  3753  3778 I am_pss  : [28950,10098,com.vivo.gallery,128822272,123977728,0]
05-22 08:28:51.557  3753  3778 I am_pss  : [5412,1000,com.qti.service.colorservice,6448128,6025216,0]
05-22 08:28:51.605  3753  3779 I am_stop_activity: [0,228512550,com.android.dialer/.TwelveKeyDialer]
05-22 08:28:51.606 10337 10337 I am_on_stop_called: [0,com.android.dialer.TwelveKeyDialer,handleStopActivity]
05-22 08:28:51.685   510   510 I sf_frame_dur: [com.android.dialer/com.android.dialer.TwelveKeyDialer,14,0,0,0,2,1,0]
05-22 08:28:52.144  3753  9317 I am_proc_start: [0,22568,10044,com.vivo.weather.location,service,com.vivo.weather/.LocalCityLocateService]
05-22 08:28:52.190  3753  4664 I am_proc_bound: [0,22568,com.vivo.weather.location]
05-22 08:28:52.477  3753  5189 I am_proc_died: [0,22568,com.vivo.weather.location]
05-22 08:28:52.478  3753  5189 I am_schedule_service_restart: [0,com.vivo.weather/.LocalCityLocateService,1000]
05-22 08:29:20.748  3753  3753 I free_storage_changed: 14722289664
05-22 08:29:48.783  3753  3778 I am_pss  : [7661,10034,com.bbk.launcher2,101444608,97447936,0]
05-22 08:29:48.816  3753  3778 I am_pss  : [10337,10009,com.android.dialer,43807744,42074112,0]
05-22 08:29:48.848  3753  3778 I am_pss  : [6030,10093,com.android.camera,38873088,33648640,0]
05-22 08:29:48.870  3753  3778 I am_pss  : [27603,10030,com.bbk.appstore:remote,17014784,16351232,0]
05-22 08:29:48.887  3753  3778 I am_pss  : [4808,10002,android.process.acore,37217280,36352000,0]
05-22 08:29:48.905  3753  3778 I am_pss  : [22282,1000,com.iqoo.engineermode,18458624,14749696,0]
05-22 08:29:48.924  3753  3778 I am_pss  : [6878,1000,com.android.bbklog,27869184,25878528,0]
05-22 08:29:48.941  3753  3778 I am_pss  : [22410,10114,com.vivo.game,14815232,11894784,0]
05-22 08:30:00.043  3753  3778 I am_pss  : [10042,10081,com.vivo.safecenter,8238080,7843840,0]
05-22 08:30:01.538  3753  3779 I am_wtf  : [0,3753,system_server,-1,KernelWakelockReader,neither /proc/wakelocks nor /d/wakeup_sources exists]
05-22 08:30:12.423  3753  3779 I am_wtf  : [0,3753,system_server,-1,KernelWakelockReader,neither /proc/wakelocks nor /d/wakeup_sources exists]
05-22 08:30:44.093  3753  3779 I am_wtf  : [0,4665,system_server,-1,KernelWakelockReader,neither /proc/wakelocks nor /d/wakeup_sources exists]
05-22 08:30:45.817  3753  3778 I am_pss  : [6139,10063,com.iqoo.secure:remote,17050624,15462400,0]
05-22 08:30:51.889  3753  5183 I am_proc_died: [0,22410,com.vivo.game]
05-22 08:30:51.890  3753  5183 I am_schedule_service_restart: [0,com.vivo.game/.update.GameReceiverService,1000]
05-22 08:31:39.214  3753  3779 I am_wtf  : [0,3753,system_server,-1,KernelWakelockReader,neither /proc/wakelocks nor /d/wakeup_sources exists]
05-22 08:31:54.775  3753  3778 I am_pss  : [7661,10034,com.bbk.launcher2,98083840,94138368,0]
05-22 08:31:54.811  3753  3778 I am_pss  : [5934,10030,com.bbk.appstore,12221440,10870784,0]
05-22 08:31:54.858  3753  3778 I am_pss  : [30174,10035,com.android.bbkmusic,93450240,89247744,0]
05-22 08:31:54.902  3753  3778 I am_pss  : [19842,10025,com.vivo.browser,154291200,148152320,0]
05-22 08:31:54.920  3753  3778 I am_pss  : [23140,99002,com.vivo.browser:sandboxed_process0,36947968,30994432,0]
05-22 08:31:54.938  3753  3778 I am_pss  : [27603,10030,com.bbk.appstore:remote,17021952,16351232,0]
05-22 08:31:54.955  3753  3778 I am_pss  : [20242,10136,com.tencent.reading:PushService,18367488,14016512,0]
05-22 08:31:54.970  3753  3778 I am_pss  : [21322,1000,com.vivo.wifi.networkdetect,5110784,4603904,0]
05-22 08:31:54.984  3753  3778 I am_pss  : [22470,1000,com.volte.config,5280768,4354048,0]
05-22 08:31:55.002  3753  3778 I am_pss  : [27085,10129,com.tencent.mobileqq:qzonelive,14812160,12636160,0]
05-22 08:31:55.016  3753  3778 I am_pss  : [10293,1000,com.qualcomm.display,3058688,2408448,0]
05-22 08:31:55.031  3753  3778 I am_pss  : [7360,10028,com.vivo.audiofx,6473728,6066176,0]
05-22 08:31:55.045  3753  3778 I am_pss  : [6404,1000,com.qualcomm.qti.appnetaccess,3282944,2568192,0]
05-22 08:31:55.061  3753  3778 I am_pss  : [548,10111,com.chaozh.iReader,12240896,10997760,0]
05-22 08:31:55.076  3753  3778 I am_pss  : [23085,1000,com.vivo.abe:pushservice_v1,14581760,12857344,0]
05-22 08:31:55.731  3753  3779 I am_wtf  : [0,3753,system_server,-1,KernelWakelockReader,neither /proc/wakelocks nor /d/wakeup_sources exists]
05-22 08:32:00.054  3753  3778 I am_pss  : [10042,10081,com.vivo.safecenter,8243200,7843840,0]
05-22 08:32:10.956  3753  4028 I am_wtf  : [0,3753,system_server,-1,ActivityManager,Sending non-protected broadcast MqttService.pingSender.102750607066235440 from system uid 1000 pkg com.vivo.abe]
05-22 08:32:11.928  3753  5187 I am_focused_stack: [0,1,0,bringingFoundTaskToFront setFocusedActivity]
05-22 08:32:11.928  3753  5187 I wm_task_moved: [105,1,14]
05-22 08:32:11.929  3753  5187 I am_focused_activity: [0,com.vivo.browser/.MainActivity,bringingFoundTaskToFront]
05-22 08:32:11.930  3753  5187 I am_pause_activity: [0,158912494,com.bbk.launcher2/.Launcher]
05-22 08:32:11.931  3753  5187 I am_task_to_front: [0,105]
05-22 08:32:11.931  3753  5187 I wm_task_moved: [105,1,14]
05-22 08:32:11.931  3753  5187 I am_create_activity: [0,201013434,105,com.vivo.browser/.BrowserActivity,android.intent.action.MAIN,NULL,NULL,811597824]
05-22 08:32:11.932  3753  5187 I wm_task_moved: [105,1,14]
05-22 08:32:11.933  3753  5187 I am_focused_activity: [0,com.vivo.browser/.BrowserActivity,startedActivity]
05-22 08:32:11.935  3753  5187 I sysui_action: [323,com.vivo.browser/.MainActivity]
05-22 08:32:11.935  3753  5187 I sysui_action: [324,true]
05-22 08:32:11.935  3753  5187 I sysui_action: [325,32378]
05-22 08:32:11.939  7661  7661 I am_on_paused_called: [0,com.bbk.launcher2.Launcher,handlePauseActivity]
05-22 08:32:11.950  3753  4313 I am_restart_activity: [0,201013434,105,com.vivo.browser/.BrowserActivity]
05-22 08:32:11.958  3753  3779 I sysui_count: [window_time_0,200]
05-22 08:32:11.987  3753 16928 I am_finish_activity: [0,201013434,105,com.vivo.browser/.BrowserActivity,clear-task-stack]
05-22 08:32:11.988  3753 16928 I wm_task_moved: [105,1,14]
05-22 08:32:11.989  3753 16928 I am_focused_activity: [0,com.vivo.browser/.MainActivity,finishActivity adjustFocus]
05-22 08:32:11.989  3753 16928 I am_pause_activity: [0,201013434,com.vivo.browser/.BrowserActivity]
05-22 08:32:11.989  3753 16928 I am_new_intent: [0,192244551,105,com.vivo.browser/.MainActivity,android.intent.action.MAIN,NULL,NULL,811597824]
05-22 08:32:11.990  3753 16928 I wm_task_moved: [105,1,14]
05-22 08:32:12.027  3753 16933 I am_resume_activity: [0,58303787,105,com.vivo.browser/.MainActivity]
05-22 08:32:12.125 19842 19842 I am_on_resume_called: [0,com.vivo.browser.MainActivity,RESUME_ACTIVITY]
05-22 08:32:12.317  3753  3779 I am_destroy_activity: [0,201013434,105,com.vivo.browser/.BrowserActivity,finish-imm]
05-22 08:32:12.318  3753  3779 I am_stop_activity: [0,158912494,com.bbk.launcher2/.Launcher]
05-22 08:32:12.322  7661  7661 I am_on_stop_called: [0,com.bbk.launcher2.Launcher,handleStopActivity]
05-22 08:32:12.344   510   510 I sf_frame_dur: [com.bbk.launcher2/com.bbk.launcher2.Launcher,2,3,1,1,0,1,8]
05-22 08:32:15.601  3753 10556 I battery_discharge: [53227992,99,84]
05-22 08:32:15.601  3753 10556 I battery_status: [2,2,1,2,Li-ion]
05-22 08:32:15.775  3753  3779 I am_wtf  : [0,3753,system_server,-1,KernelWakelockReader,neither /proc/wakelocks nor /d/wakeup_sources exists]
05-22 08:32:15.807  3753  5183 I am_proc_start: [0,22751,10088,com.bbk.updater,broadcast,com.bbk.updater/.receiver.AutoDownloadReceiver]
05-22 08:32:15.839  3753 14131 I am_proc_bound: [0,22751,com.bbk.updater]
05-22 08:32:15.926  3753  3753 I notification_enqueue: [1000,3753,android,110110,NULL,0,Notification(pri=0 contentView=null vibrate=null sound=null tick defaults=0x0 flags=0x2 color=0xff607d8b vis=PUBLIC),0]
05-22 08:32:15.932  3753  3753 I notification_enqueue: [1000,3753,android,10011,NULL,0,Notification(pri=2 contentView=android/0x3030020 vibrate=null sound=null tick defaults=0x0 flags=0x2 color=0x00000000 vis=PUBLIC),0]
05-22 08:32:15.942  3753 16922 I notification_autogrouped: 0|android|110110|null|1000
05-22 08:32:15.943  3753  3753 I notification_enqueue: [1000,3753,android,2147483647,group_key_override,0,Notification(pri=0 contentView=null vibrate=null sound=null defaults=0x0 flags=0x700 color=0xff607d8b groupKey=ranker_bundle vis=PRIVATE),0]
05-22 08:32:15.947  3753  9317 I notification_autogrouped: 0|android|110110|null|1000
05-22 08:32:15.951  3753 16932 I notification_autogrouped: 0|android|110110|null|1000
05-22 08:32:15.958  3753  9316 I notification_autogrouped: 0|android|110110|null|1000
05-22 08:32:15.958  3753  9316 I notification_autogrouped: 0|android|10011|null|1000
05-22 08:32:16.075  3753  3773 I notification_expansion: [0|android|110110|null|1000,0,1,149,149,0]
05-22 08:32:16.130  3753 22076 I notification_expansion: [0|android|10011|null|1000,1,1,200,200,0]
05-22 08:32:16.148  3753 16922 I notification_expansion: [0|android|110110|null|1000,0,0,223,223,0]
05-22 08:32:17.212   510   510 I sf_frame_dur: [SurfaceView - com.vivo.browser/com.vivo.browser.MainActivity,4,0,0,2,0,0,0]
05-22 08:32:18.216   510   510 I sf_frame_dur: [SurfaceView - com.vivo.browser/com.vivo.browser.MainActivity,0,0,0,1,0,0,0]
05-22 08:32:19.387   510   510 I sf_frame_dur: [SurfaceView - com.vivo.browser/com.vivo.browser.MainActivity,2,2,2,0,0,0,0]
05-22 08:32:20.355  3753  4035 I am_new_intent: [0,33604839,4,com.bbk.launcher2/.Launcher,android.intent.action.MAIN,NULL,NULL,278921216]
05-22 08:32:20.358  3753  4035 I am_focused_stack: [0,0,1,bringingFoundTaskToFront setFocusedActivity]
05-22 08:32:20.358  3753  4035 I wm_task_moved: [4,1,0]
05-22 08:32:20.362  3753  4035 I am_focused_activity: [0,com.bbk.launcher2/.Launcher,bringingFoundTaskToFront]
05-22 08:32:20.396  3753  4035 I am_pause_activity: [0,58303787,com.vivo.browser/.MainActivity]
05-22 08:32:20.399  3753  4035 I am_task_to_front: [0,4]
05-22 08:32:20.403  3753  4035 I sysui_action: [323,com.bbk.launcher2/.Launcher]
05-22 08:32:20.403  3753  4035 I sysui_action: [324,true]
05-22 08:32:20.403  3753  4035 I sysui_action: [325,32386]
05-22 08:32:20.405 19842 19842 I am_on_paused_called: [0,com.vivo.browser.MainActivity,handlePauseActivity]
05-22 08:32:20.418  3753  5190 I am_resume_activity: [0,158912494,4,com.bbk.launcher2/.Launcher]
05-22 08:32:20.427  3753  3779 I sysui_count: [window_time_0,9]
05-22 08:32:20.440  7661  7661 I am_on_resume_called: [0,com.bbk.launcher2.Launcher,RESUME_ACTIVITY]
05-22 08:32:20.512  3753  3814 I sysui_action: [320,2]
05-22 08:32:20.512  3753  3814 I sysui_action: [319,170]
05-22 08:32:20.512  3753  3814 I sysui_action: [322,170]
05-22 08:32:20.746  3753  3779 I am_stop_activity: [0,58303787,com.vivo.browser/.MainActivity]
05-22 08:32:20.752  3753  3753 I free_storage_changed: 14719750144
05-22 08:32:20.835  3753  4035 I am_new_intent: [0,169117976,4,com.bbk.launcher2/.Launcher,android.intent.action.MAIN,NULL,NULL,278921216]
05-22 08:32:20.836  3753  4035 I wm_task_moved: [4,1,0]
05-22 08:32:20.838  3753  4035 I sysui_action: [323,com.bbk.launcher2/.Launcher]
05-22 08:32:20.838  3753  4035 I sysui_action: [324,true]
05-22 08:32:20.838  3753  4035 I sysui_action: [325,32387]
05-22 08:32:20.983 19842 19842 I am_on_stop_called: [0,com.vivo.browser.MainActivity,handleStopActivity]
05-22 08:32:21.009   510   510 I sf_frame_dur: [com.vivo.browser/com.vivo.browser.MainActivity,154,11,2,3,2,3,1]
05-22 08:32:21.702  3753  4313 I am_proc_start: [0,22826,10044,com.vivo.weather.location,service,com.vivo.weather/.LocalCityLocateService]
05-22 08:32:21.730  3753 31844 I am_proc_bound: [0,22826,com.vivo.weather.location]
05-22 08:32:22.015  3753  5183 I am_proc_died: [0,22826,com.vivo.weather.location]
05-22 08:32:22.016  3753  5183 I am_schedule_service_restart: [0,com.vivo.weather/.LocalCityLocateService,1000]
05-22 08:32:33.876  3753  3779 I am_wtf  : [0,3753,system_server,-1,KernelWakelockReader,neither /proc/wakelocks nor /d/wakeup_sources exists]
05-22 08:32:46.224  3753  3778 I am_pss  : [19842,10025,com.vivo.browser,187369472,177389568,0]
05-22 08:32:46.247  3753  3778 I am_pss  : [5934,10030,com.bbk.appstore,11323392,9801728,0]
05-22 08:32:46.269  3753  3778 I am_pss  : [23140,99002,com.vivo.browser:sandboxed_process0,56376320,49233920,0]
05-22 08:32:46.289  3753  3778 I am_pss  : [6139,10063,com.iqoo.secure:remote,17232896,15618048,0]
05-22 08:32:51.884  3753 16925 I am_new_intent: [0,16658499,7,com.android.dialer/.TwelveKeyDialer,android.intent.action.MAIN,NULL,NULL,807403520]
05-22 08:32:51.884  3753 16925 I am_focused_stack: [0,1,0,bringingFoundTaskToFront setFocusedActivity]
05-22 08:32:51.884  3753 16925 I wm_task_moved: [7,1,14]
05-22 08:32:51.886  3753 16925 I am_focused_activity: [0,com.android.dialer/.TwelveKeyDialer,bringingFoundTaskToFront]
05-22 08:32:51.886  3753 16925 I am_pause_activity: [0,158912494,com.bbk.launcher2/.Launcher]
05-22 08:32:51.887  3753 16925 I am_task_to_front: [0,7]
05-22 08:32:51.889  3753 16925 I sysui_action: [323,com.android.dialer/.TwelveKeyDialer]
05-22 08:32:51.889  3753 16925 I sysui_action: [324,true]
05-22 08:32:51.889  3753 16925 I sysui_action: [325,32418]
05-22 08:32:51.892  7661  7661 I am_on_paused_called: [0,com.bbk.launcher2.Launcher,handlePauseActivity]
05-22 08:32:51.899  3753  4734 I am_resume_activity: [0,228512550,7,com.android.dialer/.TwelveKeyDialer]
05-22 08:32:51.915  3753  3779 I sysui_count: [window_time_0,31]
05-22 08:32:51.939  3753  3778 I am_pss  : [22751,10088,com.bbk.updater,8950784,7278592,0]
05-22 08:32:51.942 10337 10337 I am_on_resume_called: [0,com.android.dialer.TwelveKeyDialer,RESUME_ACTIVITY]
05-22 08:32:51.981  3753  3814 I sysui_action: [320,2]
05-22 08:32:51.981  3753  3814 I sysui_action: [319,103]
05-22 08:32:51.981  3753  3814 I sysui_action: [322,103]
05-22 08:32:52.253  3753  3779 I am_stop_activity: [0,158912494,com.bbk.launcher2/.Launcher]
05-22 08:32:52.257  7661  7661 I am_on_stop_called: [0,com.bbk.launcher2.Launcher,handleStopActivity]
05-22 08:32:52.280   510   510 I sf_frame_dur: [com.bbk.launcher2/com.bbk.launcher2.Launcher,0,0,0,1,0,0,3]
