05-11 14:25:38.349  3843  3882 I am_broadcast_discard_app: [0,149633786,android.intent.action.PACKAGE_REMOVED,26,ResolveInfo{1aa3134 com.ss.android.article.news/com.taobao.accs.EventReceiver m=0x208000}]
05-11 14:25:38.349  3843  3882 I am_broadcast_discard_app: [0,149633786,android.intent.action.PACKAGE_REMOVED,27,ResolveInfo{2acfb5d com.ss.android.article.news/com.taobao.agoo.AgooCommondReceiver m=0x208000}]
05-11 14:25:38.349  3843  3882 I am_broadcast_discard_app: [0,149633786,android.intent.action.PACKAGE_REMOVED,28,ResolveInfo{f2b8cd2 com.ss.android.article.news/.AliyunPushMsgReceiver m=0x208000}]
05-11 14:25:38.350  3843  3882 I am_broadcast_discard_app: [0,149633786,android.intent.action.PACKAGE_REMOVED,29,ResolveInfo{6df21a3 com.ss.android.article.news/com.huawei.android.pushagent.PushEventReceiver m=0x208000}]
05-11 14:25:38.350  3843  3882 I am_broadcast_discard_app: [0,149633786,android.intent.action.PACKAGE_REMOVED,30,ResolveInfo{532ca0 com.ss.android.article.video/com.ss.android.message.MessageReceiver m=0x208000}]
05-11 14:25:38.350  3843  3882 I am_broadcast_discard_app: [0,149633786,android.intent.action.PACKAGE_REMOVED,31,ResolveInfo{ec2f059 com.ss.android.article.video/com.baidu.android.pushservice.RegistrationReceiver m=0x208000}]
05-11 14:25:38.350  3843  3882 I am_broadcast_discard_app: [0,149633786,android.intent.action.PACKAGE_REMOVED,32,ResolveInfo{c11a41e com.ss.android.article.video/com.taobao.accs.EventReceiver m=0x208000}]
05-11 14:25:38.351  3843  3882 I am_broadcast_discard_app: [0,149633786,android.intent.action.PACKAGE_REMOVED,33,ResolveInfo{b834ff com.ss.android.article.video/com.taobao.agoo.AgooCommondReceiver m=0x208000}]
05-11 14:25:38.351  3843  3882 I am_broadcast_discard_app: [0,149633786,android.intent.action.PACKAGE_REMOVED,34,ResolveInfo{ace72cc com.ss.android.article.video/com.huawei.android.pushagent.PushEventReceiver m=0x208000}]
05-11 14:25:38.351  3843  3882 I am_broadcast_discard_app: [0,149633786,android.intent.action.PACKAGE_REMOVED,35,ResolveInfo{afe42a com.ss.android.essay.joke/com.ss.android.message.MessageReceiver m=0x208000}]
05-11 14:25:38.352  3843  3882 I am_broadcast_discard_app: [0,149633786,android.intent.action.PACKAGE_REMOVED,36,ResolveInfo{4e5221b com.ss.android.essay.joke/com.baidu.android.pushservice.RegistrationReceiver m=0x208000}]
05-11 14:25:38.354  3843  3882 I am_broadcast_discard_app: [0,149633786,android.intent.action.PACKAGE_REMOVED,37,ResolveInfo{7715191 com.ss.android.essay.joke/com.taobao.accs.EventReceiver m=0x208000}]
05-11 14:25:38.355  3843  3882 I am_broadcast_discard_app: [0,149633786,android.intent.action.PACKAGE_REMOVED,38,ResolveInfo{c29c4f7 com.ss.android.essay.joke/com.taobao.agoo.AgooCommondReceiver m=0x208000}]
05-11 14:25:38.355  3843  3882 I am_broadcast_discard_app: [0,149633786,android.intent.action.PACKAGE_REMOVED,39,ResolveInfo{5d64f64 com.ss.android.essay.joke/com.huawei.android.pushagent.PushEventReceiver m=0x208000}]
05-11 14:25:38.366  3843  3865 I am_broadcast_discard_app: [0,149633786,android.intent.action.PACKAGE_REMOVED,41,ResolveInfo{3c875cd com.tencent.news/.system.BootBroadcastReceiver m=0x208000}]
05-11 14:25:38.370  3843  3882 I am_broadcast_discard_app: [0,149633786,android.intent.action.PACKAGE_REMOVED,42,ResolveInfo{9ccce82 com.tencent.news/com.huawei.android.pushagent.PushEventReceiver m=0x208000}]
05-11 14:25:39.012  3843  5752 I am_wtf  : [0,3843,system_server,-1,ActivityManager,Sending non-protected broadcast com.vivo.behavior.app.add from system 5666:com.vivo.abe/1000 pkg com.vivo.abe]
05-11 14:25:39.014  3843  5752 I am_wtf  : [0,3843,system_server,-1,ActivityManager,Sending non-protected broadcast com.vivo.behavior.app.add from system 5666:com.vivo.abe/1000 pkg com.vivo.abe]
05-11 14:25:39.025  3843 21045 I am_wtf  : [0,3843,system_server,-1,ActivityManager,Sending non-protected broadcast com.vivo.applicationbehaviorengine.power.refreshList from system 5666:com.vivo.abe/1000 pkg com.vivo.abe]
05-11 14:25:39.043  3843 21044 I am_proc_start: [0,15012,10113,com.vivo.game,broadcast,com.vivo.game/.model.GameReceiver]
05-11 14:25:39.059  3843  4812 I am_proc_bound: [0,15012,com.vivo.game]
05-11 14:25:39.219  3843  4216 I netstats_mobile_sample: [44214,133,25076,179,44214,133,23644,179,44214,133,23644,179,1494483939221]
05-11 14:25:39.220  3843  4216 I netstats_wifi_sample: [23276081688,16054492,556803495,8150376,23276030690,16051112,442698482,8150233,23275995181,16050875,442698518,8150233,1494483939221]
05-11 14:25:39.570  3843  3843 I notification_enqueue: [10030,5956,com.bbk.appstore,951,1:95,0,Notification(pri=0 contentView=null vibrate=null sound=null defaults=0x0 flags=0x2 color=0x00000000 vis=PRIVATE),1]
05-11 14:25:39.579  3843  4431 I notification_autogrouped: 0|com.bbk.appstore|613|null|10030
05-11 14:25:39.580  3843 21037 I notification_autogrouped: 0|com.bbk.appstore|613|null|10030
05-11 14:25:39.580  3843 21037 I notification_autogrouped: 0|com.bbk.appstore|951|1:95|10030
05-11 14:25:39.738  3843  8740 I am_broadcast_discard_app: [0,37365500,android.intent.action.PACKAGE_ADDED,16,ResolveInfo{61b6e66 com.jingdong.app.mall/.broadcastReceiver.AppStateRecevier m=0x208000}]
05-11 14:25:39.740  3843  3882 I am_broadcast_discard_app: [0,37365500,android.intent.action.PACKAGE_ADDED,17,ResolveInfo{e3545a7 com.jingdong.app.mall/com.huawei.android.pushagent.PushEventReceiver m=0x208000}]
05-11 14:25:39.741  3843  3882 I am_broadcast_discard_app: [0,37365500,android.intent.action.PACKAGE_ADDED,18,ResolveInfo{e11ba54 com.jm.android.jumei/cn.jpush.android.service.PushReceiver m=0x208000}]
05-11 14:25:39.741  3843  3882 I am_broadcast_discard_app: [0,37365500,android.intent.action.PACKAGE_ADDED,19,ResolveInfo{54a1dfd com.sina.weibo/.bundlemanager.WBBroadcastDeliver m=0x208000}]
05-11 14:25:39.741  3843  3882 I am_broadcast_discard_app: [0,37365500,android.intent.action.PACKAGE_ADDED,20,ResolveInfo{4600af2 com.sina.weibo/com.huawei.android.pushagent.PushEventReceiver m=0x208000}]
05-11 14:25:39.741  3843  3882 I am_broadcast_discard_app: [0,37365500,android.intent.action.PACKAGE_ADDED,21,ResolveInfo{9669543 com.ss.android.article.news/com.ss.android.message.MessageReceiver m=0x208000}]
05-11 14:25:39.742  3843  3882 I am_broadcast_discard_app: [0,37365500,android.intent.action.PACKAGE_ADDED,22,ResolveInfo{6fa27c0 com.ss.android.article.news/com.huawei.android.pushagent.PushEventReceiver m=0x208000}]
05-11 14:25:39.742  3843  3882 I am_broadcast_discard_app: [0,37365500,android.intent.action.PACKAGE_ADDED,23,ResolveInfo{f1f9cf9 com.ss.android.article.news/com.ss.android.download.DownloadReceiver m=0x208000}]
05-11 14:25:39.742  3843  3882 I am_broadcast_discard_app: [0,37365500,android.intent.action.PACKAGE_ADDED,24,ResolveInfo{3dfe43e com.ss.android.article.video/com.ss.android.message.MessageReceiver m=0x208000}]
05-11 14:25:39.742  3843  3882 I am_broadcast_discard_app: [0,37365500,android.intent.action.PACKAGE_ADDED,25,ResolveInfo{3d3429f com.ss.android.article.video/com.huawei.android.pushagent.PushEventReceiver m=0x208000}]
05-11 14:25:39.742  3843  3882 I am_broadcast_discard_app: [0,37365500,android.intent.action.PACKAGE_ADDED,26,ResolveInfo{539ffec com.ss.android.article.video/com.ss.android.download.DownloadReceiver m=0x208000}]
05-11 14:25:39.743  3843  3882 I am_broadcast_discard_app: [0,37365500,android.intent.action.PACKAGE_ADDED,27,ResolveInfo{2340fb5 com.ss.android.essay.joke/com.ss.android.message.MessageReceiver m=0x208000}]
05-11 14:25:39.743  3843  3882 I am_broadcast_discard_app: [0,37365500,android.intent.action.PACKAGE_ADDED,28,ResolveInfo{7f2064a com.ss.android.essay.joke/com.huawei.android.pushagent.PushEventReceiver m=0x208000}]
05-11 14:25:39.743  3843  3882 I am_broadcast_discard_app: [0,37365500,android.intent.action.PACKAGE_ADDED,29,ResolveInfo{73369bb com.ss.android.essay.joke/com.ss.android.download.DownloadReceiver m=0x208000}]
05-11 14:25:39.743  3843  3882 I am_broadcast_discard_app: [0,37365500,android.intent.action.PACKAGE_ADDED,30,ResolveInfo{cbd2ed8 com.supercell.clashofclans.vivo/com.kunlun.platform.android.KunlunReceiver m=0x208000}]
05-11 14:25:39.744  3843  3882 I am_broadcast_discard_app: [0,37365500,android.intent.action.PACKAGE_ADDED,31,ResolveInfo{3e2f231 com.supercell.clashofclans.vivo/com.vivo.sdkplugin.accounts.VivoApkInstallRecevier m=0x208000}]
05-11 14:25:39.758  3843  8740 I am_broadcast_discard_app: [0,37365500,android.intent.action.PACKAGE_ADDED,33,ResolveInfo{523d16 com.tencent.news/.system.BootBroadcastReceiver m=0x208000}]
05-11 14:25:39.759  3843  3882 I am_broadcast_discard_app: [0,37365500,android.intent.action.PACKAGE_ADDED,34,ResolveInfo{6a4e697 com.tencent.news/com.huawei.android.pushagent.PushEventReceiver m=0x208000}]
05-11 14:25:39.846  3843  4786 I am_broadcast_discard_app: [0,37365500,android.intent.action.PACKAGE_ADDED,39,ResolveInfo{2426084 com.wepie.snake.vivo/com.vivo.sdkplugin.accounts.VivoApkInstallRecevier m=0x208000}]
05-11 14:25:39.888  3843 21044 I am_broadcast_discard_app: [0,163807341,android.intent.action.PACKAGE_REPLACED,7,ResolveInfo{aad14a2 com.ss.android.article.news/com.ss.android.download.DownloadReceiver m=0x208000}]
05-11 14:25:39.889  3843  3882 I am_broadcast_discard_app: [0,163807341,android.intent.action.PACKAGE_REPLACED,8,ResolveInfo{f475533 com.ss.android.article.video/com.ss.android.download.DownloadReceiver m=0x208000}]
05-11 14:25:39.889  3843  3882 I am_broadcast_discard_app: [0,163807341,android.intent.action.PACKAGE_REPLACED,9,ResolveInfo{5c700f0 com.ss.android.essay.joke/com.ss.android.download.DownloadReceiver m=0x208000}]
05-11 14:25:39.889  3843  3882 I am_broadcast_discard_app: [0,163807341,android.intent.action.PACKAGE_REPLACED,10,ResolveInfo{1a4b669 com.supercell.clashofclans.vivo/com.vivo.sdkplugin.accounts.VivoApkInstallRecevier m=0x208000}]
05-11 14:25:39.915  3843 21044 I am_broadcast_discard_app: [0,163807341,android.intent.action.PACKAGE_REPLACED,13,ResolveInfo{d495025 com.wepie.snake.vivo/com.vivo.sdkplugin.accounts.VivoApkInstallRecevier m=0x208000}]
05-11 14:25:40.167  3843  3843 I notification_enqueue: [10030,5956,com.bbk.appstore,951,1:95,0,Notification(pri=0 contentView=null vibrate=null sound=null defaults=0x0 flags=0x2 color=0x00000000 vis=PRIVATE),1]
05-11 14:25:40.171  3843 21048 I notification_autogrouped: 0|com.bbk.appstore|613|null|10030
05-11 14:25:40.181  3843  8739 I notification_autogrouped: 0|com.bbk.appstore|613|null|10030
05-11 14:25:40.181  3843  8739 I notification_autogrouped: 0|com.bbk.appstore|951|1:95|10030
05-11 14:25:40.482  3843  3843 I notification_enqueue: [10030,5956,com.bbk.appstore,951,1:95,0,Notification(pri=0 contentView=null vibrate=null sound=null defaults=0x0 flags=0x2 color=0x00000000 vis=PRIVATE),1]
05-11 14:25:40.493  3843  3866 I notification_autogrouped: 0|com.bbk.appstore|613|null|10030
05-11 14:25:40.493  3843 21044 I notification_autogrouped: 0|com.bbk.appstore|613|null|10030
05-11 14:25:40.493  3843 21044 I notification_autogrouped: 0|com.bbk.appstore|951|1:95|10030
05-11 14:25:40.890  3843  5710 I am_proc_died: [0,15012,com.vivo.game]
05-11 14:25:40.890  3843  5710 I am_schedule_service_restart: [0,com.vivo.game/.update.GameReceiverService,1000]
05-11 14:25:40.954  3843  3843 I notification_enqueue: [10030,5956,com.bbk.appstore,951,1:95,0,Notification(pri=0 contentView=null vibrate=null sound=null defaults=0x0 flags=0x2 color=0x00000000 vis=PRIVATE),1]
05-11 14:25:40.961  3843 21044 I notification_autogrouped: 0|com.bbk.appstore|613|null|10030
05-11 14:25:40.961  3843 21046 I notification_autogrouped: 0|com.bbk.appstore|613|null|10030
05-11 14:25:40.961  3843 21046 I notification_autogrouped: 0|com.bbk.appstore|951|1:95|10030
05-11 14:25:40.982  3843  3843 I notification_enqueue: [10030,5956,com.bbk.appstore,951,1:95,0,Notification(pri=0 contentView=null vibrate=null sound=null defaults=0x0 flags=0x2 color=0x00000000 vis=PRIVATE),1]
05-11 14:25:40.994  3843 21043 I notification_autogrouped: 0|com.bbk.appstore|613|null|10030
05-11 14:25:40.997  3843  4672 I notification_autogrouped: 0|com.bbk.appstore|613|null|10030
05-11 14:25:40.997  3843  4672 I notification_autogrouped: 0|com.bbk.appstore|951|1:95|10030
05-11 14:25:41.425  3843  3843 I free_storage_changed: 5784375296
05-11 14:25:41.706  3843  3843 I notification_enqueue: [10030,5956,com.bbk.appstore,951,1:95,0,Notification(pri=0 contentView=null vibrate=null sound=null defaults=0x0 flags=0x2 color=0x00000000 vis=PRIVATE),1]
05-11 14:25:41.712  3843  4831 I notification_autogrouped: 0|com.bbk.appstore|613|null|10030
05-11 14:25:41.717  3843  4699 I notification_autogrouped: 0|com.bbk.appstore|613|null|10030
05-11 14:25:41.717  3843  4699 I notification_autogrouped: 0|com.bbk.appstore|951|1:95|10030
05-11 14:25:42.460  3843  3843 I notification_enqueue: [10030,5956,com.bbk.appstore,951,1:95,0,Notification(pri=0 contentView=null vibrate=null sound=null defaults=0x0 flags=0x2 color=0x00000000 vis=PRIVATE),1]
05-11 14:25:42.486  3843 21037 I notification_autogrouped: 0|com.bbk.appstore|613|null|10030
05-11 14:25:42.487  3843  8736 I notification_autogrouped: 0|com.bbk.appstore|613|null|10030
05-11 14:25:42.487  3843  8736 I notification_autogrouped: 0|com.bbk.appstore|951|1:95|10030
05-11 14:25:43.284  3843  3843 I notification_enqueue: [10030,5956,com.bbk.appstore,951,1:95,0,Notification(pri=0 contentView=null vibrate=null sound=null defaults=0x0 flags=0x2 color=0x00000000 vis=PRIVATE),1]
05-11 14:25:43.293  3843  4786 I notification_autogrouped: 0|com.bbk.appstore|613|null|10030
05-11 14:25:43.293  3843  5752 I notification_autogrouped: 0|com.bbk.appstore|613|null|10030
05-11 14:25:43.293  3843  5752 I notification_autogrouped: 0|com.bbk.appstore|951|1:95|10030
05-11 14:25:43.967  3843  3843 I notification_enqueue: [10030,5956,com.bbk.appstore,951,1:95,0,Notification(pri=0 contentView=null vibrate=null sound=null defaults=0x0 flags=0x2 color=0x00000000 vis=PRIVATE),1]
05-11 14:25:43.971  3843  8737 I notification_autogrouped: 0|com.bbk.appstore|613|null|10030
05-11 14:25:43.971  3843 21037 I notification_autogrouped: 0|com.bbk.appstore|613|null|10030
05-11 14:25:43.971  3843 21037 I notification_autogrouped: 0|com.bbk.appstore|951|1:95|10030
05-11 14:25:44.220  3843  3881 I am_pss  : [11154,1000,com.iqoo.engineermode,17744896,13553664,0]
05-11 14:25:45.036  3843  3929 I unknown_sources_enabled: 0
05-11 14:25:45.088  3843  3843 I notification_enqueue: [10030,5956,com.bbk.appstore,951,1:95,0,Notification(pri=0 contentView=null vibrate=null sound=null defaults=0x0 flags=0x2 color=0x00000000 vis=PRIVATE),1]
05-11 14:25:45.094  3843  8624 I notification_autogrouped: 0|com.bbk.appstore|613|null|10030
05-11 14:25:45.095  3843 21047 I notification_autogrouped: 0|com.bbk.appstore|613|null|10030
05-11 14:25:45.095  3843 21047 I notification_autogrouped: 0|com.bbk.appstore|951|1:95|10030
05-11 14:25:45.100  3843  3881 I am_pss  : [13337,10018,com.vivo.numbermark,3950592,2650112,0]
05-11 14:25:45.170  3843  3881 I am_pss  : [10366,10045,com.vivo.weather.provider,10900480,9756672,0]
05-11 14:25:45.459  3843  3843 I notification_cancel_all: [1000,3843,com.huanqiu.news,0,0,0,5,NULL]
05-11 14:25:45.477  3843  3843 I am_wtf  : [0,3843,system_server,-1,ActivityManager,Sending non-protected broadcast com.vivo.services.security.client.PACKAGE_PERMISSION_REMOVED from system 3843:system/1000 pkg android]
05-11 14:25:45.522  4442  4442 I force_gc: bg
05-11 14:25:45.686  3843  8741 I am_wtf  : [0,3843,system_server,-1,ActivityManager,Sending non-protected broadcast com.vivo.behavior.app.removed from system 5666:com.vivo.abe/1000 pkg com.vivo.abe]
05-11 14:25:45.687  3843  8741 I am_wtf  : [0,3843,system_server,-1,ActivityManager,Sending non-protected broadcast com.vivo.behavior.app.removed from system 5666:com.vivo.abe/1000 pkg com.vivo.abe]
05-11 14:25:45.716  3843  4699 I am_proc_start: [0,15097,10113,com.vivo.game,broadcast,com.vivo.game/.model.GameReceiver]
05-11 14:25:45.733  3843 21038 I am_wtf  : [0,3843,system_server,-1,ActivityManager,Sending non-protected broadcast com.vivo.applicationbehaviorengine.power.refreshList from system 5666:com.vivo.abe/1000 pkg com.vivo.abe]
05-11 14:25:45.762  3843  3881 I am_pss  : [11668,10009,com.android.dialer,33076224,28598272,0]
05-11 14:25:45.783  3843  5710 I am_proc_bound: [0,15097,com.vivo.game]
05-11 14:25:46.116  3843  3843 I notification_cancel_all: [1000,3843,com.huanqiu.news,0,0,0,5,NULL]
05-11 14:25:46.125  3843  3843 I am_wtf  : [0,3843,system_server,-1,ActivityManager,Sending non-protected broadcast com.vivo.services.security.client.PACKAGE_PERMISSION_ADDED from system 3843:system/1000 pkg android]
05-11 14:25:46.182  3843  3843 I am_wtf  : [0,3843,system_server,-1,ActivityManager,Sending non-protected broadcast com.vivo.services.security.client.PACKAGE_PERMISSION_REPLACED from system 3843:system/1000 pkg android]
05-11 14:25:46.183  3843  3843 I notification_enqueue: [10030,5956,com.bbk.appstore,951,1:95,0,Notification(pri=0 contentView=null vibrate=null sound=null defaults=0x0 flags=0x2 color=0x00000000 vis=PRIVATE),1]
05-11 14:25:46.188  3843  3843 I notification_canceled: [0|com.bbk.appstore|613|null|10030,8,9267,9267,0]
05-11 14:25:46.189  3843  3843 I notification_enqueue: [10030,5956,com.bbk.appstore,593,NULL,0,Notification(pri=0 contentView=null vibrate=null sound=null defaults=0x0 flags=0x10 color=0x00000000 vis=PRIVATE),0]
05-11 14:25:46.192  3843  3843 I notification_enqueue: [10030,5956,com.bbk.appstore,951,1:95,0,Notification(pri=0 contentView=null vibrate=null sound=null defaults=0x0 flags=0x2 color=0x00000000 vis=PRIVATE),1]
05-11 14:25:46.207  3843  4699 I notification_autogrouped: 0|com.bbk.appstore|951|1:95|10030
05-11 14:25:46.226  3843  4698 I notification_autogrouped: 0|com.bbk.appstore|593|null|10030
05-11 14:25:46.227  3843  4831 I notification_autogrouped: 0|com.bbk.appstore|593|null|10030
05-11 14:25:46.227  3843  4831 I notification_autogrouped: 0|com.bbk.appstore|951|1:95|10030
05-11 14:25:46.231  3843 21038 I notification_autogrouped: 0|com.bbk.appstore|593|null|10030
05-11 14:25:46.232  3843  3866 I notification_autogrouped: 0|com.bbk.appstore|593|null|10030
05-11 14:25:46.232  3843  3866 I notification_autogrouped: 0|com.bbk.appstore|951|1:95|10030
05-11 14:25:46.411  3843 21038 I am_proc_start: [0,15139,1000,com.vivo.vivokaraoke,broadcast,com.vivo.vivokaraoke/.floatview.KaraokeBroadcastReceiver]
05-11 14:25:46.457  3843 21044 I am_proc_bound: [0,15139,com.vivo.vivokaraoke]
05-11 14:25:46.553  3843 21036 I am_proc_died: [0,15097,com.vivo.game]
05-11 14:25:46.554  3843 21036 I am_schedule_service_restart: [0,com.vivo.game/.update.GameReceiverService,1000]
05-11 14:25:46.572  3843  3865 I am_proc_died: [0,15139,com.vivo.vivokaraoke]
05-11 14:25:46.572  3843  3865 I am_broadcast_discard_app: [0,95906489,android.intent.action.PACKAGE_REMOVED,13,ResolveInfo{d88b33d com.vivo.vivokaraoke/.floatview.KaraokeBroadcastReceiver m=0x208000}]
05-11 14:25:46.574  3843  3882 I am_broadcast_discard_app: [0,95906489,android.intent.action.PACKAGE_REMOVED,14,ResolveInfo{7ff1732 com.baidu.BaiduMap/com.baidu.android.pushservice.RegistrationReceiver m=0x208000}]
05-11 14:25:46.574  3843  3882 I am_broadcast_discard_app: [0,95906489,android.intent.action.PACKAGE_REMOVED,15,ResolveInfo{35a4c83 com.campmobile.snowcamera/com.baidu.android.pushservice.RegistrationReceiver m=0x208000}]
05-11 14:25:46.574  3843  3882 I am_broadcast_discard_app: [0,95906489,android.intent.action.PACKAGE_REMOVED,16,ResolveInfo{114ae00 com.jingdong.app.mall/.broadcastReceiver.AppStateRecevier m=0x208000}]
05-11 14:25:46.575  3843  3882 I am_broadcast_discard_app: [0,95906489,android.intent.action.PACKAGE_REMOVED,17,ResolveInfo{6d24639 com.jingdong.app.mall/com.huawei.android.pushagent.PushEventReceiver m=0x208000}]
05-11 14:25:46.575  3843  3882 I am_broadcast_discard_app: [0,95906489,android.intent.action.PACKAGE_REMOVED,18,ResolveInfo{203747e com.jm.android.jumei/cn.jpush.android.service.PushReceiver m=0x208000}]
05-11 14:25:46.575  3843  3882 I am_broadcast_discard_app: [0,95906489,android.intent.action.PACKAGE_REMOVED,19,ResolveInfo{6b2ddf com.jm.android.jumei/.push.JMAliReceiver m=0x208000}]
05-11 14:25:46.575  3843  3882 I am_broadcast_discard_app: [0,95906489,android.intent.action.PACKAGE_REMOVED,20,ResolveInfo{f16aa2c com.jm.android.jumei/com.taobao.accs.EventReceiver m=0x208000}]
05-11 14:25:46.576  3843  3882 I am_broadcast_discard_app: [0,95906489,android.intent.action.PACKAGE_REMOVED,21,ResolveInfo{e880cf5 com.jm.android.jumei/com.taobao.agoo.AgooCommondReceiver m=0x208000}]
05-11 14:25:46.576  3843  3882 I am_broadcast_discard_app: [0,95906489,android.intent.action.PACKAGE_REMOVED,22,ResolveInfo{e5e5a8a com.sina.weibo/.bundlemanager.WBBroadcastDeliver m=0x208000}]
05-11 14:25:46.576  3843  3882 I am_broadcast_discard_app: [0,95906489,android.intent.action.PACKAGE_REMOVED,23,ResolveInfo{e7ec8fb com.sina.weibo/com.huawei.android.pushagent.PushEventReceiver m=0x208000}]
05-11 14:25:46.577  3843  3882 I am_broadcast_discard_app: [0,95906489,android.intent.action.PACKAGE_REMOVED,24,ResolveInfo{a5a3d18 com.ss.android.article.news/com.ss.android.message.MessageReceiver m=0x208000}]
05-11 14:25:46.577  3843  3882 I am_broadcast_discard_app: [0,95906489,android.intent.action.PACKAGE_REMOVED,25,ResolveInfo{f998371 com.ss.android.article.news/com.baidu.android.pushservice.RegistrationReceiver m=0x208000}]
05-11 14:25:46.578  3843  3882 I am_broadcast_discard_app: [0,95906489,android.intent.action.PACKAGE_REMOVED,26,ResolveInfo{4cf9556 com.ss.android.article.news/com.taobao.accs.EventReceiver m=0x208000}]
05-11 14:25:46.578  3843  3882 I am_broadcast_discard_app: [0,95906489,android.intent.action.PACKAGE_REMOVED,27,ResolveInfo{266f9d7 com.ss.android.article.news/com.taobao.agoo.AgooCommondReceiver m=0x208000}]
05-11 14:25:46.578  3843  3882 I am_broadcast_discard_app: [0,95906489,android.intent.action.PACKAGE_REMOVED,28,ResolveInfo{94212c4 com.ss.android.article.news/.AliyunPushMsgReceiver m=0x208000}]
05-11 14:25:46.579  3843  3882 I am_broadcast_discard_app: [0,95906489,android.intent.action.PACKAGE_REMOVED,29,ResolveInfo{a71e5ad com.ss.android.article.news/com.huawei.android.pushagent.PushEventReceiver m=0x208000}]
05-11 14:25:46.579  3843  3882 I am_broadcast_discard_app: [0,95906489,android.intent.action.PACKAGE_REMOVED,30,ResolveInfo{747b0e2 com.ss.android.article.video/com.ss.android.message.MessageReceiver m=0x208000}]
05-11 14:25:46.579  3843  3882 I am_broadcast_discard_app: [0,95906489,android.intent.action.PACKAGE_REMOVED,31,ResolveInfo{2375c73 com.ss.android.article.video/com.baidu.android.pushservice.RegistrationReceiver m=0x208000}]
05-11 14:25:46.579  3843  3882 I am_broadcast_discard_app: [0,95906489,android.intent.action.PACKAGE_REMOVED,32,ResolveInfo{3af9730 com.ss.android.article.video/com.taobao.accs.EventReceiver m=0x208000}]
05-11 14:25:46.580  3843  3882 I am_broadcast_discard_app: [0,95906489,android.intent.action.PACKAGE_REMOVED,33,ResolveInfo{f42fa9 com.ss.android.article.video/com.taobao.agoo.AgooCommondReceiver m=0x208000}]
05-11 14:25:46.580  3843  3882 I am_broadcast_discard_app: [0,95906489,android.intent.action.PACKAGE_REMOVED,34,ResolveInfo{433f92e com.ss.android.article.video/com.huawei.android.pushagent.PushEventReceiver m=0x208000}]
05-11 14:25:46.580  3843  3882 I am_broadcast_discard_app: [0,95906489,android.intent.action.PACKAGE_REMOVED,35,ResolveInfo{7a14ccf com.ss.android.essay.joke/com.ss.android.message.MessageReceiver m=0x208000}]
05-11 14:25:46.581  3843  3882 I am_broadcast_discard_app: [0,95906489,android.intent.action.PACKAGE_REMOVED,36,ResolveInfo{c2ef65c com.ss.android.essay.joke/com.baidu.android.pushservice.RegistrationReceiver m=0x208000}]
05-11 14:25:46.581  3843  3882 I am_broadcast_discard_app: [0,95906489,android.intent.action.PACKAGE_REMOVED,37,ResolveInfo{6371d65 com.ss.android.essay.joke/com.taobao.accs.EventReceiver m=0x208000}]
05-11 14:25:46.581  3843  3882 I am_broadcast_discard_app: [0,95906489,android.intent.action.PACKAGE_REMOVED,38,ResolveInfo{18a7a3a com.ss.android.essay.joke/com.taobao.agoo.AgooCommondReceiver m=0x208000}]
05-11 14:25:46.581  3843  3882 I am_broadcast_discard_app: [0,95906489,android.intent.action.PACKAGE_REMOVED,39,ResolveInfo{c0fe6eb com.ss.android.essay.joke/com.huawei.android.pushagent.PushEventReceiver m=0x208000}]
05-11 14:25:46.596  3843 21037 I am_broadcast_discard_app: [0,95906489,android.intent.action.PACKAGE_REMOVED,41,ResolveInfo{e012ae1 com.tencent.news/.system.BootBroadcastReceiver m=0x208000}]
05-11 14:25:46.599  3843  3882 I am_broadcast_discard_app: [0,95906489,android.intent.action.PACKAGE_REMOVED,42,ResolveInfo{c960006 com.tencent.news/com.huawei.android.pushagent.PushEventReceiver m=0x208000}]
05-11 14:25:46.632  3843  3843 I notification_enqueue: [10030,5956,com.bbk.appstore,951,1:95,0,Notification(pri=0 contentView=null vibrate=null sound=null defaults=0x0 flags=0x2 color=0x00000000 vis=PRIVATE),1]
05-11 14:25:46.653  3843 21050 I notification_autogrouped: 0|com.bbk.appstore|593|null|10030
05-11 14:25:46.654  3843  4786 I notification_autogrouped: 0|com.bbk.appstore|593|null|10030
05-11 14:25:46.654  3843  4786 I notification_autogrouped: 0|com.bbk.appstore|951|1:95|10030
05-11 14:25:46.794  3843 21321 I am_proc_start: [0,15157,10113,com.vivo.game,service,com.vivo.game/com.vivo.push.sdk.service.CommandService]
05-11 14:25:46.842  3843  5710 I am_proc_bound: [0,15157,com.vivo.game]
05-11 14:25:46.939  3843  4698 I am_wtf  : [0,3843,system_server,-1,ActivityManager,Sending non-protected broadcast com.vivo.behavior.app.add from system 5666:com.vivo.abe/1000 pkg com.vivo.abe]
05-11 14:25:46.940  3843  4698 I am_wtf  : [0,3843,system_server,-1,ActivityManager,Sending non-protected broadcast com.vivo.behavior.app.add from system 5666:com.vivo.abe/1000 pkg com.vivo.abe]
05-11 14:25:47.061  3843  4699 I am_wtf  : [0,3843,system_server,-1,ActivityManager,Sending non-protected broadcast com.vivo.applicationbehaviorengine.power.refreshList from system 5666:com.vivo.abe/1000 pkg com.vivo.abe]
05-11 14:25:47.253  3843  3843 I notification_enqueue: [10030,5956,com.bbk.appstore,951,1:95,0,Notification(pri=0 contentView=null vibrate=null sound=null defaults=0x0 flags=0x2 color=0x00000000 vis=PRIVATE),1]
05-11 14:25:47.261  3843  4788 I notification_autogrouped: 0|com.bbk.appstore|593|null|10030
05-11 14:25:47.269  3843 21050 I notification_autogrouped: 0|com.bbk.appstore|593|null|10030
05-11 14:25:47.269  3843 21050 I notification_autogrouped: 0|com.bbk.appstore|951|1:95|10030
05-11 14:25:48.221  3843  4698 I am_broadcast_discard_app: [0,46344661,android.intent.action.PACKAGE_ADDED,16,ResolveInfo{cfbf6ab com.jingdong.app.mall/.broadcastReceiver.AppStateRecevier m=0x208000}]
05-11 14:25:48.222  3843  3882 I am_broadcast_discard_app: [0,46344661,android.intent.action.PACKAGE_ADDED,17,ResolveInfo{7cd20a1 com.jingdong.app.mall/com.huawei.android.pushagent.PushEventReceiver m=0x208000}]
05-11 14:25:48.223  3843  3882 I am_broadcast_discard_app: [0,46344661,android.intent.action.PACKAGE_ADDED,18,ResolveInfo{fce22c6 com.jm.android.jumei/cn.jpush.android.service.PushReceiver m=0x208000}]
05-11 14:25:48.223  3843  3882 I am_broadcast_discard_app: [0,46344661,android.intent.action.PACKAGE_ADDED,19,ResolveInfo{4815287 com.sina.weibo/.bundlemanager.WBBroadcastDeliver m=0x208000}]
05-11 14:25:48.224  3843  3882 I am_broadcast_discard_app: [0,46344661,android.intent.action.PACKAGE_ADDED,20,ResolveInfo{d9f75b4 com.sina.weibo/com.huawei.android.pushagent.PushEventReceiver m=0x208000}]
05-11 14:25:48.225  3843  3882 I am_broadcast_discard_app: [0,46344661,android.intent.action.PACKAGE_ADDED,21,ResolveInfo{ffa25dd com.ss.android.article.news/com.ss.android.message.MessageReceiver m=0x208000}]
05-11 14:25:48.225  3843  3882 I am_broadcast_discard_app: [0,46344661,android.intent.action.PACKAGE_ADDED,22,ResolveInfo{af9a552 com.ss.android.article.news/com.huawei.android.pushagent.PushEventReceiver m=0x208000}]
05-11 14:25:48.226  3843  3882 I am_broadcast_discard_app: [0,46344661,android.intent.action.PACKAGE_ADDED,23,ResolveInfo{3983920 com.ss.android.article.news/com.ss.android.download.DownloadReceiver m=0x208000}]
05-11 14:25:48.229  3843  3882 I am_broadcast_discard_app: [0,46344661,android.intent.action.PACKAGE_ADDED,24,ResolveInfo{7f842d9 com.ss.android.article.video/com.ss.android.message.MessageReceiver m=0x208000}]
05-11 14:25:48.230  3843  3882 I am_broadcast_discard_app: [0,46344661,android.intent.action.PACKAGE_ADDED,25,ResolveInfo{5e8c49e com.ss.android.article.video/com.huawei.android.pushagent.PushEventReceiver m=0x208000}]
05-11 14:25:48.231  3843  3882 I am_broadcast_discard_app: [0,46344661,android.intent.action.PACKAGE_ADDED,26,ResolveInfo{380b7f com.ss.android.article.video/com.ss.android.download.DownloadReceiver m=0x208000}]
05-11 14:25:48.232  3843  3882 I am_broadcast_discard_app: [0,46344661,android.intent.action.PACKAGE_ADDED,27,ResolveInfo{e97c74c com.ss.android.essay.joke/com.ss.android.message.MessageReceiver m=0x208000}]
05-11 14:25:48.234  3843  3882 I am_broadcast_discard_app: [0,46344661,android.intent.action.PACKAGE_ADDED,28,ResolveInfo{6213395 com.ss.android.essay.joke/com.huawei.android.pushagent.PushEventReceiver m=0x208000}]
05-11 14:25:48.235  3843  3882 I am_broadcast_discard_app: [0,46344661,android.intent.action.PACKAGE_ADDED,29,ResolveInfo{4188caa com.ss.android.essay.joke/com.ss.android.download.DownloadReceiver m=0x208000}]
05-11 14:25:48.235  3843  3882 I am_broadcast_discard_app: [0,46344661,android.intent.action.PACKAGE_ADDED,30,ResolveInfo{ecbe09b com.supercell.clashofclans.vivo/com.kunlun.platform.android.KunlunReceiver m=0x208000}]
05-11 14:25:48.236  3843  3882 I am_broadcast_discard_app: [0,46344661,android.intent.action.PACKAGE_ADDED,31,ResolveInfo{e200c38 com.supercell.clashofclans.vivo/com.vivo.sdkplugin.accounts.VivoApkInstallRecevier m=0x208000}]
05-11 14:25:48.248  3843 21036 I am_broadcast_discard_app: [0,46344661,android.intent.action.PACKAGE_ADDED,33,ResolveInfo{2ae7411 com.tencent.news/.system.BootBroadcastReceiver m=0x208000}]
05-11 14:25:48.249  3843  3882 I am_broadcast_discard_app: [0,46344661,android.intent.action.PACKAGE_ADDED,34,ResolveInfo{1cac976 com.tencent.news/com.huawei.android.pushagent.PushEventReceiver m=0x208000}]
05-11 14:25:48.294  3843  8740 I am_broadcast_discard_app: [0,46344661,android.intent.action.PACKAGE_ADDED,39,ResolveInfo{3fdeb77 com.wepie.snake.vivo/com.vivo.sdkplugin.accounts.VivoApkInstallRecevier m=0x208000}]
05-11 14:25:48.346  3843  5710 I am_broadcast_discard_app: [0,98939876,android.intent.action.PACKAGE_REPLACED,7,ResolveInfo{8dbc813 com.ss.android.article.news/com.ss.android.download.DownloadReceiver m=0x208000}]
05-11 14:25:48.349  3843  3882 I am_broadcast_discard_app: [0,98939876,android.intent.action.PACKAGE_REPLACED,8,ResolveInfo{e3c2a50 com.ss.android.article.video/com.ss.android.download.DownloadReceiver m=0x208000}]
05-11 14:25:48.349  3843  3882 I am_broadcast_discard_app: [0,98939876,android.intent.action.PACKAGE_REPLACED,9,ResolveInfo{e629449 com.ss.android.essay.joke/com.ss.android.download.DownloadReceiver m=0x208000}]
05-11 14:25:48.349  3843  3882 I am_broadcast_discard_app: [0,98939876,android.intent.action.PACKAGE_REPLACED,10,ResolveInfo{29d914e com.supercell.clashofclans.vivo/com.vivo.sdkplugin.accounts.VivoApkInstallRecevier m=0x208000}]
05-11 14:25:48.371  3843 21048 I am_broadcast_discard_app: [0,98939876,android.intent.action.PACKAGE_REPLACED,13,ResolveInfo{9c5745a com.wepie.snake.vivo/com.vivo.sdkplugin.accounts.VivoApkInstallRecevier m=0x208000}]
05-11 14:25:49.363  3843  4672 I am_proc_died: [0,15157,com.vivo.game]
05-11 14:25:49.363  3843  4672 I am_schedule_service_restart: [0,com.vivo.game/.update.GameReceiverService,1000]
05-11 14:25:49.431  3843  3843 I notification_enqueue: [10030,5956,com.bbk.appstore,951,1:95,0,Notification(pri=0 contentView=null vibrate=null sound=null defaults=0x0 flags=0x2 color=0x00000000 vis=PRIVATE),1]
05-11 14:25:49.448  3843 21044 I notification_autogrouped: 0|com.bbk.appstore|593|null|10030
05-11 14:25:49.449  3843 21051 I notification_autogrouped: 0|com.bbk.appstore|593|null|10030
05-11 14:25:49.449  3843 21051 I notification_autogrouped: 0|com.bbk.appstore|951|1:95|10030
05-11 14:25:49.465  3843  3843 I notification_enqueue: [10030,5956,com.bbk.appstore,951,1:95,0,Notification(pri=0 contentView=null vibrate=null sound=null defaults=0x0 flags=0x2 color=0x00000000 vis=PRIVATE),1]
05-11 14:25:49.476  3843  4786 I notification_autogrouped: 0|com.bbk.appstore|593|null|10030
05-11 14:25:49.494  3843  4788 I notification_autogrouped: 0|com.bbk.appstore|593|null|10030
05-11 14:25:49.494  3843  4788 I notification_autogrouped: 0|com.bbk.appstore|951|1:95|10030
05-11 14:25:49.849  3843  3843 I notification_enqueue: [10030,5956,com.bbk.appstore,951,1:95,0,Notification(pri=0 contentView=null vibrate=null sound=null defaults=0x0 flags=0x2 color=0x00000000 vis=PRIVATE),1]
05-11 14:25:49.857  3843  4788 I notification_autogrouped: 0|com.bbk.appstore|593|null|10030
05-11 14:25:49.858  3843  3866 I notification_autogrouped: 0|com.bbk.appstore|593|null|10030
05-11 14:25:49.858  3843  3866 I notification_autogrouped: 0|com.bbk.appstore|951|1:95|10030
05-11 14:25:50.657  3843  3843 I notification_enqueue: [10030,5956,com.bbk.appstore,951,1:95,0,Notification(pri=0 contentView=null vibrate=null sound=null defaults=0x0 flags=0x2 color=0x00000000 vis=PRIVATE),1]
05-11 14:25:50.668  3843 21321 I notification_autogrouped: 0|com.bbk.appstore|593|null|10030
05-11 14:25:50.668  3843 21038 I notification_autogrouped: 0|com.bbk.appstore|593|null|10030
05-11 14:25:50.668  3843 21038 I notification_autogrouped: 0|com.bbk.appstore|951|1:95|10030
05-11 14:25:51.317  3843  3929 I unknown_sources_enabled: 0
05-11 14:25:51.355  3843  3843 I notification_enqueue: [10030,5956,com.bbk.appstore,951,1:95,0,Notification(pri=0 contentView=null vibrate=null sound=null defaults=0x0 flags=0x2 color=0x00000000 vis=PRIVATE),1]
05-11 14:25:51.363  3843  8741 I notification_autogrouped: 0|com.bbk.appstore|593|null|10030
05-11 14:25:51.366  3843  8737 I notification_autogrouped: 0|com.bbk.appstore|593|null|10030
05-11 14:25:51.366  3843  8737 I notification_autogrouped: 0|com.bbk.appstore|951|1:95|10030
05-11 14:25:51.635  3843  3843 I notification_cancel_all: [1000,3843,com.bj.wannengwifiljys,0,0,0,5,NULL]
05-11 14:25:51.658  3843  3843 I am_wtf  : [0,3843,system_server,-1,ActivityManager,Sending non-protected broadcast com.vivo.services.security.client.PACKAGE_PERMISSION_REMOVED from system 3843:system/1000 pkg android]
05-11 14:25:51.848  3843  4431 I am_wtf  : [0,3843,system_server,-1,ActivityManager,Sending non-protected broadcast com.vivo.behavior.app.removed from system 5666:com.vivo.abe/1000 pkg com.vivo.abe]
05-11 14:25:51.850  3843  4431 I am_wtf  : [0,3843,system_server,-1,ActivityManager,Sending non-protected broadcast com.vivo.behavior.app.removed from system 5666:com.vivo.abe/1000 pkg com.vivo.abe]
05-11 14:25:51.869  3843  4812 I am_proc_start: [0,15253,10113,com.vivo.game,broadcast,com.vivo.game/.model.GameReceiver]
05-11 14:25:51.887  3843  8736 I am_wtf  : [0,3843,system_server,-1,ActivityManager,Sending non-protected broadcast com.vivo.applicationbehaviorengine.power.refreshList from system 5666:com.vivo.abe/1000 pkg com.vivo.abe]
05-11 14:25:51.892  3843  3843 I notification_cancel_all: [1000,3843,com.bj.wannengwifiljys,0,0,0,5,NULL]
05-11 14:25:51.894  3843 21321 I am_proc_bound: [0,15253,com.vivo.game]
05-11 14:25:51.901  3843  3843 I am_wtf  : [0,3843,system_server,-1,ActivityManager,Sending non-protected broadcast com.vivo.services.security.client.PACKAGE_PERMISSION_ADDED from system 3843:system/1000 pkg android]
05-11 14:25:51.933  3843  3843 I am_wtf  : [0,3843,system_server,-1,ActivityManager,Sending non-protected broadcast com.vivo.services.security.client.PACKAGE_PERMISSION_REPLACED from system 3843:system/1000 pkg android]
05-11 14:25:51.950  3843  3843 I notification_canceled: [0|com.bbk.appstore|593|null|10030,8,6079,6079,0]
05-11 14:25:51.991  3843  3881 I am_pss  : [14744,10063,com.iqoo.secure,14676992,12234752,0]
05-11 14:25:52.046  3843  3843 I notification_enqueue: [10030,5956,com.bbk.appstore,603,NULL,0,Notification(pri=0 contentView=null vibrate=null sound=null defaults=0x0 flags=0x10 color=0x00000000 vis=PRIVATE),0]
05-11 14:25:52.050  3843  3865 I notification_autogrouped: 0|com.bbk.appstore|603|null|10030
05-11 14:25:52.066  3843  4699 I notification_autogrouped: 0|com.bbk.appstore|603|null|10030
05-11 14:25:52.066  3843  4699 I notification_autogrouped: 0|com.bbk.appstore|951|1:95|10030
05-11 14:25:52.078  3843  3843 I notification_enqueue: [10030,5956,com.bbk.appstore,951,1:95,0,Notification(pri=0 contentView=null vibrate=null sound=null defaults=0x0 flags=0x2 color=0x00000000 vis=PRIVATE),1]
05-11 14:25:52.085  3843 21050 I notification_autogrouped: 0|com.bbk.appstore|603|null|10030
05-11 14:25:52.087  3843 21046 I notification_autogrouped: 0|com.bbk.appstore|603|null|10030
05-11 14:25:52.087  3843 21046 I notification_autogrouped: 0|com.bbk.appstore|951|1:95|10030
05-11 14:25:52.147  3843  3843 I notification_enqueue: [10030,5956,com.bbk.appstore,951,1:95,0,Notification(pri=0 contentView=null vibrate=null sound=null defaults=0x0 flags=0x2 color=0x00000000 vis=PRIVATE),1]
05-11 14:25:52.157  3843 21037 I notification_autogrouped: 0|com.bbk.appstore|603|null|10030
05-11 14:25:52.158  3843 21047 I notification_autogrouped: 0|com.bbk.appstore|603|null|10030
05-11 14:25:52.158  3843 21047 I notification_autogrouped: 0|com.bbk.appstore|951|1:95|10030
05-11 14:25:52.279  3843  3843 I notification_enqueue: [10030,5956,com.bbk.appstore,951,1:95,0,Notification(pri=0 contentView=null vibrate=null sound=null defaults=0x0 flags=0x2 color=0x00000000 vis=PRIVATE),1]
05-11 14:25:52.297  3843  8741 I notification_autogrouped: 0|com.bbk.appstore|603|null|10030
05-11 14:25:52.312  3843 21038 I notification_autogrouped: 0|com.bbk.appstore|603|null|10030
05-11 14:25:52.312  3843 21038 I notification_autogrouped: 0|com.bbk.appstore|951|1:95|10030
05-11 14:25:52.453  3843  3843 I notification_enqueue: [10030,5956,com.bbk.appstore,951,1:95,0,Notification(pri=0 contentView=null vibrate=null sound=null defaults=0x0 flags=0x2 color=0x00000000 vis=PRIVATE),1]
05-11 14:25:52.468  3843  8737 I notification_autogrouped: 0|com.bbk.appstore|603|null|10030
05-11 14:25:52.469  3843  5710 I notification_autogrouped: 0|com.bbk.appstore|603|null|10030
05-11 14:25:52.469  3843  5710 I notification_autogrouped: 0|com.bbk.appstore|951|1:95|10030
05-11 14:25:52.478  3843  3843 I notification_enqueue: [10030,5956,com.bbk.appstore,951,1:95,0,Notification(pri=0 contentView=null vibrate=null sound=null defaults=0x0 flags=0x2 color=0x00000000 vis=PRIVATE),1]
05-11 14:25:52.487  3843 21046 I notification_autogrouped: 0|com.bbk.appstore|603|null|10030
05-11 14:25:52.488  3843 21045 I notification_autogrouped: 0|com.bbk.appstore|603|null|10030
05-11 14:25:52.488  3843 21045 I notification_autogrouped: 0|com.bbk.appstore|951|1:95|10030
05-11 14:25:52.585  3843  4672 I am_proc_start: [0,15297,1000,com.vivo.vivokaraoke,broadcast,com.vivo.vivokaraoke/.floatview.KaraokeBroadcastReceiver]
05-11 14:25:52.587  3843 21049 I am_proc_died: [0,15253,com.vivo.game]
05-11 14:25:52.588  3843 21049 I am_schedule_service_restart: [0,com.vivo.game/.update.GameReceiverService,1000]
05-11 14:25:52.613  3843  4831 I am_proc_bound: [0,15297,com.vivo.vivokaraoke]
05-11 14:25:52.715  3843 21321 I am_proc_died: [0,15297,com.vivo.vivokaraoke]
05-11 14:25:52.716  3843 21321 I am_broadcast_discard_app: [0,2412351,android.intent.action.PACKAGE_REMOVED,13,ResolveInfo{7c56f53 com.vivo.vivokaraoke/.floatview.KaraokeBroadcastReceiver m=0x208000}]
05-11 14:25:52.722  3843  3882 I am_broadcast_discard_app: [0,2412351,android.intent.action.PACKAGE_REMOVED,14,ResolveInfo{42de090 com.baidu.BaiduMap/com.baidu.android.pushservice.RegistrationReceiver m=0x208000}]
05-11 14:25:52.724  3843  3882 I am_broadcast_discard_app: [0,2412351,android.intent.action.PACKAGE_REMOVED,15,ResolveInfo{154ad89 com.campmobile.snowcamera/com.baidu.android.pushservice.RegistrationReceiver m=0x208000}]
05-11 14:25:52.724  3843  3882 I am_broadcast_discard_app: [0,2412351,android.intent.action.PACKAGE_REMOVED,16,ResolveInfo{ee3d18e com.jingdong.app.mall/.broadcastReceiver.AppStateRecevier m=0x208000}]
05-11 14:25:52.725  3843  3882 I am_broadcast_discard_app: [0,2412351,android.intent.action.PACKAGE_REMOVED,17,ResolveInfo{2adadaf com.jingdong.app.mall/com.huawei.android.pushagent.PushEventReceiver m=0x208000}]
05-11 14:25:52.726  3843  3882 I am_broadcast_discard_app: [0,2412351,android.intent.action.PACKAGE_REMOVED,18,ResolveInfo{33875bc com.jm.android.jumei/cn.jpush.android.service.PushReceiver m=0x208000}]
05-11 14:25:52.728  3843  3882 I am_broadcast_discard_app: [0,2412351,android.intent.action.PACKAGE_REMOVED,19,ResolveInfo{e519945 com.jm.android.jumei/.push.JMAliReceiver m=0x208000}]
05-11 14:25:52.730  3843  3882 I am_broadcast_discard_app: [0,2412351,android.intent.action.PACKAGE_REMOVED,20,ResolveInfo{5cf789a com.jm.android.jumei/com.taobao.accs.EventReceiver m=0x208000}]
05-11 14:25:52.731  3843  3882 I am_broadcast_discard_app: [0,2412351,android.intent.action.PACKAGE_REMOVED,21,ResolveInfo{13175cb com.jm.android.jumei/com.taobao.agoo.AgooCommondReceiver m=0x208000}]
05-11 14:25:52.732  3843  3882 I am_broadcast_discard_app: [0,2412351,android.intent.action.PACKAGE_REMOVED,22,ResolveInfo{9f531a8 com.sina.weibo/.bundlemanager.WBBroadcastDeliver m=0x208000}]
05-11 14:25:52.735  3843  3882 I am_broadcast_discard_app: [0,2412351,android.intent.action.PACKAGE_REMOVED,23,ResolveInfo{27784c1 com.sina.weibo/com.huawei.android.pushagent.PushEventReceiver m=0x208000}]
05-11 14:25:52.736  3843  3882 I am_broadcast_discard_app: [0,2412351,android.intent.action.PACKAGE_REMOVED,24,ResolveInfo{59c8466 com.ss.android.article.news/com.ss.android.message.MessageReceiver m=0x208000}]
05-11 14:25:52.738  3843  3882 I am_broadcast_discard_app: [0,2412351,android.intent.action.PACKAGE_REMOVED,25,ResolveInfo{dfa3a7 com.ss.android.article.news/com.baidu.android.pushservice.RegistrationReceiver m=0x208000}]
05-11 14:25:52.742  3843  3882 I am_broadcast_discard_app: [0,2412351,android.intent.action.PACKAGE_REMOVED,26,ResolveInfo{5b6abfd com.ss.android.article.news/com.taobao.accs.EventReceiver m=0x208000}]
05-11 14:25:52.744  3843  3882 I am_broadcast_discard_app: [0,2412351,android.intent.action.PACKAGE_REMOVED,27,ResolveInfo{9dc80f2 com.ss.android.article.news/com.taobao.agoo.AgooCommondReceiver m=0x208000}]
05-11 14:25:52.745  3843  3882 I am_broadcast_discard_app: [0,2412351,android.intent.action.PACKAGE_REMOVED,28,ResolveInfo{f58d343 com.ss.android.article.news/.AliyunPushMsgReceiver m=0x208000}]
05-11 14:25:52.746  3843  3882 I am_broadcast_discard_app: [0,2412351,android.intent.action.PACKAGE_REMOVED,29,ResolveInfo{2028dc0 com.ss.android.article.news/com.huawei.android.pushagent.PushEventReceiver m=0x208000}]
05-11 14:25:52.749  3843  3882 I am_broadcast_discard_app: [0,2412351,android.intent.action.PACKAGE_REMOVED,30,ResolveInfo{4c70af9 com.ss.android.article.video/com.ss.android.message.MessageReceiver m=0x208000}]
05-11 14:25:52.750  3843  3882 I am_broadcast_discard_app: [0,2412351,android.intent.action.PACKAGE_REMOVED,31,ResolveInfo{3adba3e com.ss.android.article.video/com.baidu.android.pushservice.RegistrationReceiver m=0x208000}]
05-11 14:25:52.765  3843  3882 I am_broadcast_discard_app: [0,2412351,android.intent.action.PACKAGE_REMOVED,32,ResolveInfo{9ab609f com.ss.android.article.video/com.taobao.accs.EventReceiver m=0x208000}]
05-11 14:25:52.769  3843  3882 I am_broadcast_discard_app: [0,2412351,android.intent.action.PACKAGE_REMOVED,33,ResolveInfo{5e45db5 com.ss.android.article.video/com.taobao.agoo.AgooCommondReceiver m=0x208000}]
05-11 14:25:52.770  3843  3882 I am_broadcast_discard_app: [0,2412351,android.intent.action.PACKAGE_REMOVED,34,ResolveInfo{5c73c4a com.ss.android.article.video/com.huawei.android.pushagent.PushEventReceiver m=0x208000}]
05-11 14:25:52.770  3843  3882 I am_broadcast_discard_app: [0,2412351,android.intent.action.PACKAGE_REMOVED,35,ResolveInfo{56f67bb com.ss.android.essay.joke/com.ss.android.message.MessageReceiver m=0x208000}]
05-11 14:25:52.771  3843  3882 I am_broadcast_discard_app: [0,2412351,android.intent.action.PACKAGE_REMOVED,36,ResolveInfo{7ac54d8 com.ss.android.essay.joke/com.baidu.android.pushservice.RegistrationReceiver m=0x208000}]
05-11 14:25:52.771  3843  3882 I am_broadcast_discard_app: [0,2412351,android.intent.action.PACKAGE_REMOVED,37,ResolveInfo{d4a2031 com.ss.android.essay.joke/com.taobao.accs.EventReceiver m=0x208000}]
05-11 14:25:52.772  3843  3882 I am_broadcast_discard_app: [0,2412351,android.intent.action.PACKAGE_REMOVED,38,ResolveInfo{544d316 com.ss.android.essay.joke/com.taobao.agoo.AgooCommondReceiver m=0x208000}]
05-11 14:25:52.776  3843  3882 I am_broadcast_discard_app: [0,2412351,android.intent.action.PACKAGE_REMOVED,39,ResolveInfo{3fde684 com.ss.android.essay.joke/com.huawei.android.pushagent.PushEventReceiver m=0x208000}]
05-11 14:25:52.791  3843 21046 I am_broadcast_discard_app: [0,2412351,android.intent.action.PACKAGE_REMOVED,41,ResolveInfo{b330aa2 com.tencent.news/.system.BootBroadcastReceiver m=0x208000}]
05-11 14:25:52.796  3843  3882 I am_broadcast_discard_app: [0,2412351,android.intent.action.PACKAGE_REMOVED,42,ResolveInfo{d451333 com.tencent.news/com.huawei.android.pushagent.PushEventReceiver m=0x208000}]
05-11 14:25:52.870  3843 21051 I am_proc_start: [0,15324,10113,com.vivo.game,service,com.vivo.game/com.vivo.push.sdk.service.CommandService]
05-11 14:25:52.911  3843  4788 I am_proc_bound: [0,15324,com.vivo.game]
05-11 14:25:53.087  3843  4812 I am_wtf  : [0,3843,system_server,-1,ActivityManager,Sending non-protected broadcast com.vivo.behavior.app.add from system 5666:com.vivo.abe/1000 pkg com.vivo.abe]
05-11 14:25:53.089  3843  4812 I am_wtf  : [0,3843,system_server,-1,ActivityManager,Sending non-protected broadcast com.vivo.behavior.app.add from system 5666:com.vivo.abe/1000 pkg com.vivo.abe]
05-11 14:25:53.113  3843  3865 I am_wtf  : [0,3843,system_server,-1,ActivityManager,Sending non-protected broadcast com.vivo.applicationbehaviorengine.power.refreshList from system 5666:com.vivo.abe/1000 pkg com.vivo.abe]
05-11 14:25:53.117  3843  3843 I notification_enqueue: [10030,5956,com.bbk.appstore,951,1:95,0,Notification(pri=0 contentView=null vibrate=null sound=null defaults=0x0 flags=0x2 color=0x00000000 vis=PRIVATE),1]
05-11 14:25:53.123  3843  4672 I notification_autogrouped: 0|com.bbk.appstore|603|null|10030
05-11 14:25:53.128  3843  4699 I notification_autogrouped: 0|com.bbk.appstore|603|null|10030
05-11 14:25:53.128  3843  4699 I notification_autogrouped: 0|com.bbk.appstore|951|1:95|10030
05-11 14:25:54.308  3843  8737 I am_broadcast_discard_app: [0,247838123,android.intent.action.PACKAGE_ADDED,16,ResolveInfo{220216f com.jingdong.app.mall/.broadcastReceiver.AppStateRecevier m=0x208000}]
05-11 14:25:54.309  3843  3882 I am_broadcast_discard_app: [0,247838123,android.intent.action.PACKAGE_ADDED,17,ResolveInfo{cb83e7c com.jingdong.app.mall/com.huawei.android.pushagent.PushEventReceiver m=0x208000}]
05-11 14:25:54.311  3843  3882 I am_broadcast_discard_app: [0,247838123,android.intent.action.PACKAGE_ADDED,18,ResolveInfo{d649305 com.jm.android.jumei/cn.jpush.android.service.PushReceiver m=0x208000}]
05-11 14:25:54.312  3843  3882 I am_broadcast_discard_app: [0,247838123,android.intent.action.PACKAGE_ADDED,19,ResolveInfo{37c4f5a com.sina.weibo/.bundlemanager.WBBroadcastDeliver m=0x208000}]
05-11 14:25:54.314  3843  3882 I am_broadcast_discard_app: [0,247838123,android.intent.action.PACKAGE_ADDED,20,ResolveInfo{5b7658b com.sina.weibo/com.huawei.android.pushagent.PushEventReceiver m=0x208000}]
05-11 14:25:54.315  3843  3882 I am_broadcast_discard_app: [0,247838123,android.intent.action.PACKAGE_ADDED,21,ResolveInfo{488c668 com.ss.android.article.news/com.ss.android.message.MessageReceiver m=0x208000}]
05-11 14:25:54.316  3843  3882 I am_broadcast_discard_app: [0,247838123,android.intent.action.PACKAGE_ADDED,22,ResolveInfo{7205a81 com.ss.android.article.news/com.huawei.android.pushagent.PushEventReceiver m=0x208000}]
05-11 14:25:54.317  3843  3882 I am_broadcast_discard_app: [0,247838123,android.intent.action.PACKAGE_ADDED,23,ResolveInfo{5200726 com.ss.android.article.news/com.ss.android.download.DownloadReceiver m=0x208000}]
05-11 14:25:54.318  3843  3882 I am_broadcast_discard_app: [0,247838123,android.intent.action.PACKAGE_ADDED,24,ResolveInfo{e34cf67 com.ss.android.article.video/com.ss.android.message.MessageReceiver m=0x208000}]
05-11 14:25:54.318  3843  3882 I am_broadcast_discard_app: [0,247838123,android.intent.action.PACKAGE_ADDED,25,ResolveInfo{457e114 com.ss.android.article.video/com.huawei.android.pushagent.PushEventReceiver m=0x208000}]
05-11 14:25:54.319  3843  3882 I am_broadcast_discard_app: [0,247838123,android.intent.action.PACKAGE_ADDED,26,ResolveInfo{ff56fb2 com.ss.android.article.video/com.ss.android.download.DownloadReceiver m=0x208000}]
05-11 14:25:54.320  3843  3882 I am_broadcast_discard_app: [0,247838123,android.intent.action.PACKAGE_ADDED,27,ResolveInfo{934fb03 com.ss.android.essay.joke/com.ss.android.message.MessageReceiver m=0x208000}]
05-11 14:25:54.321  3843  3882 I am_broadcast_discard_app: [0,247838123,android.intent.action.PACKAGE_ADDED,28,ResolveInfo{75bfa80 com.ss.android.essay.joke/com.huawei.android.pushagent.PushEventReceiver m=0x208000}]
05-11 14:25:54.322  3843  3882 I am_broadcast_discard_app: [0,247838123,android.intent.action.PACKAGE_ADDED,29,ResolveInfo{77cd8b9 com.ss.android.essay.joke/com.ss.android.download.DownloadReceiver m=0x208000}]
