04-29 09:36:25.981  3860  3860 I notification_enqueue: [10030,24520,com.bbk.appstore,2601,1:260,0,Notification(pri=0 contentView=null vibrate=null sound=null defaults=0x0 flags=0x2 color=0x00000000 vis=PRIVATE),1]
04-29 09:36:26.000  3860  4912 I notification_autogrouped: 0|com.bbk.appstore|92|null|10030
04-29 09:36:26.015  3860 20070 I notification_autogrouped: 0|com.bbk.appstore|92|null|10030
04-29 09:36:26.015  3860 20070 I notification_autogrouped: 0|com.bbk.appstore|512|null|10030
04-29 09:36:26.015  3860 20070 I notification_autogrouped: 0|com.bbk.appstore|532|null|10030
04-29 09:36:26.015  3860 20070 I notification_autogrouped: 0|com.bbk.appstore|100000|null|10030
04-29 09:36:26.015  3860 20070 I notification_autogrouped: 0|com.bbk.appstore|592|null|10030
04-29 09:36:26.015  3860 20070 I notification_autogrouped: 0|com.bbk.appstore|2601|1:260|10030
04-29 09:36:26.015  3860 20070 I notification_autogrouped: 0|com.bbk.appstore|392|null|10030
04-29 09:36:26.015  3860 20070 I notification_autogrouped: 0|com.bbk.appstore|472|null|10030
04-29 09:36:26.015  3860 20070 I notification_autogrouped: 0|com.bbk.appstore|222|null|10030
04-29 09:36:27.418  3860  3860 I notification_enqueue: [10030,24520,com.bbk.appstore,2601,1:260,0,Notification(pri=0 contentView=null vibrate=null sound=null defaults=0x0 flags=0x2 color=0x00000000 vis=PRIVATE),1]
04-29 09:36:27.437  3860 20071 I notification_autogrouped: 0|com.bbk.appstore|92|null|10030
04-29 09:36:27.552  3860 20070 I notification_autogrouped: 0|com.bbk.appstore|92|null|10030
04-29 09:36:27.552  3860 20070 I notification_autogrouped: 0|com.bbk.appstore|512|null|10030
04-29 09:36:27.553  3860 20070 I notification_autogrouped: 0|com.bbk.appstore|532|null|10030
04-29 09:36:27.553  3860 20070 I notification_autogrouped: 0|com.bbk.appstore|100000|null|10030
04-29 09:36:27.553  3860 20070 I notification_autogrouped: 0|com.bbk.appstore|592|null|10030
04-29 09:36:27.553  3860 20070 I notification_autogrouped: 0|com.bbk.appstore|2601|1:260|10030
04-29 09:36:27.553  3860 20070 I notification_autogrouped: 0|com.bbk.appstore|392|null|10030
04-29 09:36:27.553  3860 20070 I notification_autogrouped: 0|com.bbk.appstore|472|null|10030
04-29 09:36:27.553  3860 20070 I notification_autogrouped: 0|com.bbk.appstore|222|null|10030
04-29 09:36:27.698  3860 12152 I am_kill : [0,29437,com.vivo.networkimprove,906,empty for 2964s]
04-29 09:36:27.863  3860  3870 I am_proc_died: [0,29437,com.vivo.networkimprove]
04-29 09:36:28.195  3860  3870 I am_proc_died: [0,21308,com.kugou.android:remote]
04-29 09:36:28.427  3860  3860 I notification_enqueue: [10030,24520,com.bbk.appstore,2601,1:260,0,Notification(pri=0 contentView=null vibrate=null sound=null defaults=0x0 flags=0x2 color=0x00000000 vis=PRIVATE),1]
04-29 09:36:28.492  3860  4910 I notification_autogrouped: 0|com.bbk.appstore|92|null|10030
04-29 09:36:28.498  3860  5776 I notification_autogrouped: 0|com.bbk.appstore|92|null|10030
04-29 09:36:28.498  3860  5776 I notification_autogrouped: 0|com.bbk.appstore|512|null|10030
04-29 09:36:28.499  3860  5776 I notification_autogrouped: 0|com.bbk.appstore|532|null|10030
04-29 09:36:28.499  3860  5776 I notification_autogrouped: 0|com.bbk.appstore|100000|null|10030
04-29 09:36:28.499  3860  5776 I notification_autogrouped: 0|com.bbk.appstore|592|null|10030
04-29 09:36:28.499  3860  5776 I notification_autogrouped: 0|com.bbk.appstore|2601|1:260|10030
04-29 09:36:28.499  3860  5776 I notification_autogrouped: 0|com.bbk.appstore|392|null|10030
04-29 09:36:28.499  3860  5776 I notification_autogrouped: 0|com.bbk.appstore|472|null|10030
04-29 09:36:28.499  3860  5776 I notification_autogrouped: 0|com.bbk.appstore|222|null|10030
04-29 09:36:28.763  3860  3860 I notification_enqueue: [10030,24520,com.bbk.appstore,2601,1:260,0,Notification(pri=0 contentView=null vibrate=null sound=null defaults=0x0 flags=0x2 color=0x00000000 vis=PRIVATE),1]
04-29 09:36:28.779  3860  5771 I notification_autogrouped: 0|com.bbk.appstore|92|null|10030
04-29 09:36:28.780  3860 20068 I notification_autogrouped: 0|com.bbk.appstore|92|null|10030
04-29 09:36:28.780  3860 20068 I notification_autogrouped: 0|com.bbk.appstore|512|null|10030
04-29 09:36:28.780  3860 20068 I notification_autogrouped: 0|com.bbk.appstore|532|null|10030
04-29 09:36:28.780  3860 20068 I notification_autogrouped: 0|com.bbk.appstore|100000|null|10030
04-29 09:36:28.780  3860 20068 I notification_autogrouped: 0|com.bbk.appstore|592|null|10030
04-29 09:36:28.780  3860 20068 I notification_autogrouped: 0|com.bbk.appstore|2601|1:260|10030
04-29 09:36:28.780  3860 20068 I notification_autogrouped: 0|com.bbk.appstore|392|null|10030
04-29 09:36:28.780  3860 20068 I notification_autogrouped: 0|com.bbk.appstore|472|null|10030
04-29 09:36:28.780  3860 20068 I notification_autogrouped: 0|com.bbk.appstore|222|null|10030
04-29 09:36:28.862  3860  3860 I notification_canceled: [0|com.bbk.appstore|2601|1:260|10030,8,17527,100,0]
04-29 09:36:42.985  3860  3860 I notification_enqueue: [10030,24520,com.bbk.appstore,103,NULL,0,Notification(pri=0 contentView=null vibrate=null sound=null defaults=0x0 flags=0x10 color=0x00000000 vis=PRIVATE),0]
04-29 09:36:43.003  3860  5779 I notification_autogrouped: 0|com.bbk.appstore|92|null|10030
04-29 09:36:43.013  3860  3871 I notification_autogrouped: 0|com.bbk.appstore|92|null|10030
04-29 09:36:43.013  3860  3871 I notification_autogrouped: 0|com.bbk.appstore|512|null|10030
04-29 09:36:43.013  3860  3871 I notification_autogrouped: 0|com.bbk.appstore|532|null|10030
04-29 09:36:43.013  3860  3871 I notification_autogrouped: 0|com.bbk.appstore|100000|null|10030
04-29 09:36:43.013  3860  3871 I notification_autogrouped: 0|com.bbk.appstore|592|null|10030
04-29 09:36:43.013  3860  3871 I notification_autogrouped: 0|com.bbk.appstore|103|null|10030
04-29 09:36:43.013  3860  3871 I notification_autogrouped: 0|com.bbk.appstore|392|null|10030
04-29 09:36:43.013  3860  3871 I notification_autogrouped: 0|com.bbk.appstore|472|null|10030
04-29 09:36:43.014  3860  3871 I notification_autogrouped: 0|com.bbk.appstore|222|null|10030
04-29 09:36:43.581  3860  3860 I notification_enqueue: [10128,25763,com.tencent.mm,4098,NULL,0,Notification(pri=0 contentView=null vibrate=[] sound=null tick defaults=0x0 flags=0x101 color=0x00000000 category=msg vis=PRIVATE),0]
04-29 09:36:43.592  3860  3860 I notification_alert: [0|com.tencent.mm|4098|null|10128,0,0,1]
04-29 09:36:43.600  3860  5779 I notification_autogrouped: 0|com.tencent.mm|4097|null|10128
04-29 09:36:43.606  3860  4561 I notification_autogrouped: 0|com.tencent.mm|4097|null|10128
04-29 09:36:43.606  3860  4561 I notification_autogrouped: 0|com.tencent.mm|4098|null|10128
04-29 09:36:43.665  4538  4538 I sysui_count: [note_peek,1]
04-29 09:36:43.750  3860 18540 I notification_panel_revealed: 1
04-29 09:36:43.856  3860  5779 I notification_expansion: [0|com.tencent.mm|4098|null|10128,0,1,277,277,0]
04-29 09:36:44.716  3860 12151 I notification_visibility: [0|com.tencent.mm|4098|null|10128,1,1137,1137,0,1]
04-29 09:36:46.378  3860  3860 I notification_canceled: [0|com.bbk.appstore|103|null|10030,8,3394,3394,0]
04-29 09:36:46.396  3860  3860 I notification_enqueue: [10030,24520,com.bbk.appstore,102,NULL,0,Notification(pri=0 contentView=null vibrate=null sound=null defaults=0x0 flags=0x10 color=0x00000000 vis=PRIVATE),0]
04-29 09:36:46.426  3860  5779 I notification_autogrouped: 0|com.bbk.appstore|92|null|10030
04-29 09:36:46.437  3860  4706 I notification_autogrouped: 0|com.bbk.appstore|92|null|10030
04-29 09:36:46.437  3860  4706 I notification_autogrouped: 0|com.bbk.appstore|512|null|10030
04-29 09:36:46.437  3860  4706 I notification_autogrouped: 0|com.bbk.appstore|102|null|10030
04-29 09:36:46.437  3860  4706 I notification_autogrouped: 0|com.bbk.appstore|532|null|10030
04-29 09:36:46.437  3860  4706 I notification_autogrouped: 0|com.bbk.appstore|100000|null|10030
04-29 09:36:46.437  3860  4706 I notification_autogrouped: 0|com.bbk.appstore|592|null|10030
04-29 09:36:46.437  3860  4706 I notification_autogrouped: 0|com.bbk.appstore|392|null|10030
04-29 09:36:46.437  3860  4706 I notification_autogrouped: 0|com.bbk.appstore|472|null|10030
04-29 09:36:46.437  3860  4706 I notification_autogrouped: 0|com.bbk.appstore|222|null|10030
04-29 09:36:49.439  3860  4916 I notification_expansion: [0|com.tencent.mm|4098|null|10128,0,0,5860,5860,4723]
04-29 09:36:49.554  3860 20068 I notification_visibility: [0|com.tencent.mm|4098|null|10128,0,5974,5974,0,1]
04-29 09:36:49.612  3860  5774 I notification_panel_hidden: []
04-29 09:36:52.503  3860  3860 I notification_enqueue: [10030,24520,com.bbk.appstore,83,NULL,0,Notification(pri=0 contentView=null vibrate=null sound=null defaults=0x0 flags=0x10 color=0x00000000 vis=PRIVATE),0]
04-29 09:36:52.527  3860 12152 I notification_autogrouped: 0|com.bbk.appstore|92|null|10030
04-29 09:36:52.541  3860  5776 I notification_autogrouped: 0|com.bbk.appstore|92|null|10030
04-29 09:36:52.541  3860  5776 I notification_autogrouped: 0|com.bbk.appstore|512|null|10030
04-29 09:36:52.541  3860  5776 I notification_autogrouped: 0|com.bbk.appstore|102|null|10030
04-29 09:36:52.541  3860  5776 I notification_autogrouped: 0|com.bbk.appstore|532|null|10030
04-29 09:36:52.541  3860  5776 I notification_autogrouped: 0|com.bbk.appstore|100000|null|10030
04-29 09:36:52.541  3860  5776 I notification_autogrouped: 0|com.bbk.appstore|592|null|10030
04-29 09:36:52.541  3860  5776 I notification_autogrouped: 0|com.bbk.appstore|392|null|10030
04-29 09:36:52.541  3860  5776 I notification_autogrouped: 0|com.bbk.appstore|472|null|10030
04-29 09:36:52.541  3860  5776 I notification_autogrouped: 0|com.bbk.appstore|83|null|10030
04-29 09:36:52.541  3860  5776 I notification_autogrouped: 0|com.bbk.appstore|222|null|10030
04-29 09:36:54.802  3860  3860 I notification_canceled: [0|com.bbk.appstore|83|null|10030,8,2299,2299,0]
04-29 09:36:54.808  3860  3860 I notification_enqueue: [10030,24520,com.bbk.appstore,82,NULL,0,Notification(pri=0 contentView=null vibrate=null sound=null defaults=0x0 flags=0x10 color=0x00000000 vis=PRIVATE),0]
04-29 09:36:54.831  3860  3872 I am_pss  : [12352,10034,com.bbk.launcher2,136672256,130973696,0]
04-29 09:36:54.838  3860  4912 I notification_autogrouped: 0|com.bbk.appstore|92|null|10030
04-29 09:36:54.854  3860 20069 I notification_autogrouped: 0|com.bbk.appstore|92|null|10030
04-29 09:36:54.854  3860 20069 I notification_autogrouped: 0|com.bbk.appstore|512|null|10030
04-29 09:36:54.854  3860 20069 I notification_autogrouped: 0|com.bbk.appstore|102|null|10030
04-29 09:36:54.854  3860 20069 I notification_autogrouped: 0|com.bbk.appstore|532|null|10030
04-29 09:36:54.854  3860 20069 I notification_autogrouped: 0|com.bbk.appstore|100000|null|10030
04-29 09:36:54.854  3860 20069 I notification_autogrouped: 0|com.bbk.appstore|82|null|10030
04-29 09:36:54.854  3860 20069 I notification_autogrouped: 0|com.bbk.appstore|592|null|10030
04-29 09:36:54.854  3860 20069 I notification_autogrouped: 0|com.bbk.appstore|392|null|10030
04-29 09:36:54.854  3860 20069 I notification_autogrouped: 0|com.bbk.appstore|472|null|10030
04-29 09:36:54.854  3860 20069 I notification_autogrouped: 0|com.bbk.appstore|222|null|10030
04-29 09:36:54.856  3860  3872 I am_pss  : [6607,10030,com.bbk.appstore:remote,17457152,16379904,0]
04-29 09:36:58.117  3860  3872 I am_pss  : [6896,10063,com.iqoo.secure:remote,63166464,62263296,0]
04-29 09:37:00.236  3860  3860 I notification_enqueue: [10064,9380,com.bbk.iqoo.logsystem,3,NULL,0,Notification(pri=-2 contentView=com.bbk.iqoo.logsystem/0x3030028 vibrate=null sound=null defaults=0x0 flags=0x40 color=0xff607d8b vis=PRIVATE),1]
04-29 09:37:00.255  3860  5774 I notification_autogrouped: 0|com.bbk.iqoo.logsystem|3|null|10064
04-29 09:37:00.267  3860  3871 I notification_autogrouped: 0|com.bbk.iqoo.logsystem|3|null|10064
04-29 09:37:03.783  3860  3860 I notification_enqueue: [10030,24520,com.bbk.appstore,43,NULL,0,Notification(pri=0 contentView=null vibrate=null sound=null defaults=0x0 flags=0x10 color=0x00000000 vis=PRIVATE),0]
04-29 09:37:03.789  3860  3870 I notification_autogrouped: 0|com.bbk.appstore|92|null|10030
04-29 09:37:03.801  3860 12153 I notification_autogrouped: 0|com.bbk.appstore|92|null|10030
04-29 09:37:03.801  3860 12153 I notification_autogrouped: 0|com.bbk.appstore|512|null|10030
04-29 09:37:03.801  3860 12153 I notification_autogrouped: 0|com.bbk.appstore|102|null|10030
04-29 09:37:03.801  3860 12153 I notification_autogrouped: 0|com.bbk.appstore|532|null|10030
04-29 09:37:03.801  3860 12153 I notification_autogrouped: 0|com.bbk.appstore|100000|null|10030
04-29 09:37:03.801  3860 12153 I notification_autogrouped: 0|com.bbk.appstore|82|null|10030
04-29 09:37:03.801  3860 12153 I notification_autogrouped: 0|com.bbk.appstore|592|null|10030
04-29 09:37:03.801  3860 12153 I notification_autogrouped: 0|com.bbk.appstore|43|null|10030
04-29 09:37:03.801  3860 12153 I notification_autogrouped: 0|com.bbk.appstore|392|null|10030
04-29 09:37:03.801  3860 12153 I notification_autogrouped: 0|com.bbk.appstore|472|null|10030
04-29 09:37:03.801  3860 12153 I notification_autogrouped: 0|com.bbk.appstore|222|null|10030
04-29 09:37:06.128  3860  3860 I notification_canceled: [0|com.bbk.appstore|43|null|10030,8,2345,2345,0]
04-29 09:37:06.137  3860  3860 I notification_enqueue: [10030,24520,com.bbk.appstore,42,NULL,0,Notification(pri=0 contentView=null vibrate=null sound=null defaults=0x0 flags=0x10 color=0x00000000 vis=PRIVATE),0]
04-29 09:37:06.160  3860 20066 I notification_autogrouped: 0|com.bbk.appstore|92|null|10030
04-29 09:37:06.172  3860  5776 I notification_autogrouped: 0|com.bbk.appstore|92|null|10030
04-29 09:37:06.172  3860  5776 I notification_autogrouped: 0|com.bbk.appstore|512|null|10030
04-29 09:37:06.173  3860  5776 I notification_autogrouped: 0|com.bbk.appstore|102|null|10030
04-29 09:37:06.173  3860  5776 I notification_autogrouped: 0|com.bbk.appstore|532|null|10030
04-29 09:37:06.173  3860  5776 I notification_autogrouped: 0|com.bbk.appstore|42|null|10030
04-29 09:37:06.173  3860  5776 I notification_autogrouped: 0|com.bbk.appstore|100000|null|10030
04-29 09:37:06.173  3860  5776 I notification_autogrouped: 0|com.bbk.appstore|82|null|10030
04-29 09:37:06.173  3860  5776 I notification_autogrouped: 0|com.bbk.appstore|592|null|10030
04-29 09:37:06.173  3860  5776 I notification_autogrouped: 0|com.bbk.appstore|392|null|10030
04-29 09:37:06.173  3860  5776 I notification_autogrouped: 0|com.bbk.appstore|472|null|10030
04-29 09:37:06.173  3860  5776 I notification_autogrouped: 0|com.bbk.appstore|222|null|10030
04-29 09:37:15.443  3860  3872 I am_pss  : [20338,10194,com.achievo.vipshop:remote,15391744,14405632,0]
04-29 09:37:18.917  3860  4706 I am_proc_died: [0,20242,com.tencent.mobileqq:tool]
04-29 09:37:18.976  3860  4706 I am_schedule_service_restart: [0,com.tencent.mobileqq/cooperation.qqindividuality.ipc.QQIndividualityPluginProxyService,1000]
04-29 09:37:19.087  3860  3872 I am_pss  : [24520,10030,com.bbk.appstore,151852032,147288064,0]
04-29 09:37:19.264  3860  3873 I am_proc_start: [0,21547,10129,com.tencent.mobileqq:tool,broadcast,com.tencent.mobileqq/.webprocess.WebProcessReceiver]
04-29 09:37:19.332  3860 12151 I am_proc_bound: [0,21547,com.tencent.mobileqq:tool]
04-29 09:37:19.374  5209 18084 I contacts_aggregation: [1493429839374,-50]
04-29 09:37:19.394  5209 18084 I contacts_aggregation: [20,50]
04-29 09:37:19.912  3860  3860 I notification_enqueue: [10128,25763,com.tencent.mm,4098,NULL,0,Notification(pri=0 contentView=null vibrate=[] sound=null tick defaults=0x0 flags=0x101 color=0x00000000 category=msg vis=PRIVATE),1]
04-29 09:37:19.921  3860  3860 I notification_alert: [0|com.tencent.mm|4098|null|10128,0,0,1]
04-29 09:37:19.933  3860  5774 I notification_autogrouped: 0|com.tencent.mm|4097|null|10128
04-29 09:37:19.948  3860  4706 I notification_autogrouped: 0|com.tencent.mm|4097|null|10128
04-29 09:37:19.948  3860  4706 I notification_autogrouped: 0|com.tencent.mm|4098|null|10128
04-29 09:37:20.034  4538  4538 I sysui_count: [note_peek,1]
04-29 09:37:20.075  3860 20068 I notification_panel_revealed: 1
04-29 09:37:20.166  3860  4707 I notification_expansion: [0|com.tencent.mm|4098|null|10128,0,1,36587,254,35450]
04-29 09:37:20.995  3860  5776 I notification_visibility: [0|com.tencent.mm|4098|null|10128,1,37416,1083,0,1]
04-29 09:37:24.859  3860  3860 I free_storage_changed: 9272053760
04-29 09:37:25.792  3860  4706 I notification_expansion: [0|com.tencent.mm|4098|null|10128,0,0,42213,5880,4797]
04-29 09:37:25.930  3860 12146 I notification_visibility: [0|com.tencent.mm|4098|null|10128,0,42351,6018,0,1]
04-29 09:37:25.961  3860  5779 I notification_panel_hidden: []
04-29 09:37:29.599  3860  3860 I notification_enqueue: [10128,25763,com.tencent.mm,4099,NULL,0,Notification(pri=0 contentView=null vibrate=[] sound=null tick defaults=0x0 flags=0x101 color=0x00000000 category=msg vis=PRIVATE),0]
04-29 09:37:29.608  3860  3860 I notification_alert: [0|com.tencent.mm|4099|null|10128,0,0,1]
04-29 09:37:29.619  3860  3870 I notification_autogrouped: 0|com.tencent.mm|4097|null|10128
04-29 09:37:29.634  3860  5776 I notification_autogrouped: 0|com.tencent.mm|4097|null|10128
04-29 09:37:29.634  3860  5776 I notification_autogrouped: 0|com.tencent.mm|4099|null|10128
04-29 09:37:29.634  3860  5776 I notification_autogrouped: 0|com.tencent.mm|4098|null|10128
04-29 09:37:29.684  4538  4538 I sysui_count: [note_peek,1]
04-29 09:37:29.704  3860  5771 I notification_panel_revealed: 1
04-29 09:37:29.758  3860  4909 I notification_expansion: [0|com.tencent.mm|4099|null|10128,0,1,161,161,0]
04-29 09:37:30.648  3860  4706 I notification_visibility: [0|com.tencent.mm|4099|null|10128,1,1051,1051,0,1]
04-29 09:37:35.470  3860 12146 I notification_expansion: [0|com.tencent.mm|4099|null|10128,0,0,5873,5873,4822]
04-29 09:37:35.563  3860 20071 I notification_visibility: [0|com.tencent.mm|4099|null|10128,0,5966,5966,0,1]
04-29 09:37:35.564  3860 12148 I notification_panel_hidden: []
04-29 09:37:40.151  3860  3872 I am_pss  : [21547,10129,com.tencent.mobileqq:tool,76103680,72724480,0]
04-29 09:37:50.242  3860  3860 I notification_enqueue: [10128,25763,com.tencent.mm,4100,NULL,0,Notification(pri=0 contentView=null vibrate=[] sound=null tick defaults=0x0 flags=0x101 color=0x00000000 category=msg vis=PRIVATE),0]
04-29 09:37:50.253  3860  3860 I notification_alert: [0|com.tencent.mm|4100|null|10128,0,0,1]
04-29 09:37:50.266  3860  4706 I notification_autogrouped: 0|com.tencent.mm|4100|null|10128
04-29 09:37:50.274  3860  3871 I notification_autogrouped: 0|com.tencent.mm|4100|null|10128
04-29 09:37:50.274  3860  3871 I notification_autogrouped: 0|com.tencent.mm|4097|null|10128
04-29 09:37:50.274  3860  3871 I notification_autogrouped: 0|com.tencent.mm|4099|null|10128
04-29 09:37:50.274  3860  3871 I notification_autogrouped: 0|com.tencent.mm|4098|null|10128
04-29 09:37:50.333  4538  4538 I sysui_count: [note_peek,1]
04-29 09:37:50.346  3860 12148 I notification_panel_revealed: 1
04-29 09:37:50.391  3860 20071 I notification_expansion: [0|com.tencent.mm|4100|null|10128,0,1,150,150,0]
04-29 09:37:51.197  3860 12153 I notification_visibility: [0|com.tencent.mm|4100|null|10128,1,956,956,0,1]
04-29 09:37:52.165  5209  7601 I contacts_aggregation: [1493429872165,-50]
04-29 09:37:52.179  5209  7601 I contacts_aggregation: [14,50]
04-29 09:37:53.377  3860 12147 I am_meminfo: [31092736,309903360,0,491958272,298614784]
04-29 09:37:53.392  3860  3860 I notification_enqueue: [10128,25763,com.tencent.mm,4099,NULL,0,Notification(pri=0 contentView=null vibrate=[] sound=null tick defaults=0x0 flags=0x101 color=0x00000000 category=msg vis=PRIVATE),1]
04-29 09:37:53.402  3860  3860 I notification_alert: [0|com.tencent.mm|4099|null|10128,0,0,1]
04-29 09:37:53.409  3860  4561 I notification_autogrouped: 0|com.tencent.mm|4100|null|10128
04-29 09:37:53.410  3860  4912 I notification_autogrouped: 0|com.tencent.mm|4100|null|10128
04-29 09:37:53.410  3860  4912 I notification_autogrouped: 0|com.tencent.mm|4097|null|10128
04-29 09:37:53.410  3860  4912 I notification_autogrouped: 0|com.tencent.mm|4099|null|10128
04-29 09:37:53.410  3860  4912 I notification_autogrouped: 0|com.tencent.mm|4098|null|10128
04-29 09:37:53.524  3860  5774 I notification_expansion: [0|com.tencent.mm|4099|null|10128,0,1,23927,132,22876]
04-29 09:37:53.525  3860  5771 I notification_expansion: [0|com.tencent.mm|4100|null|10128,0,0,3284,3284,2328]
04-29 09:37:54.291  3860 12148 I notification_visibility: [0|com.tencent.mm|4099|null|10128,1,24694,899,0,1]
04-29 09:37:54.291  3860 12148 I notification_visibility: [0|com.tencent.mm|4100|null|10128,0,4050,4050,0,1]
04-29 09:37:59.250  3860  5771 I notification_expansion: [0|com.tencent.mm|4099|null|10128,0,0,29653,5858,4959]
04-29 09:37:59.341  3860  4707 I notification_visibility: [0|com.tencent.mm|4099|null|10128,0,29744,5949,0,1]
04-29 09:37:59.341  3860 20066 I notification_panel_hidden: []
04-29 09:38:00.081  3860  3860 I notification_enqueue: [10064,9380,com.bbk.iqoo.logsystem,3,NULL,0,Notification(pri=-2 contentView=com.bbk.iqoo.logsystem/0x3030028 vibrate=null sound=null defaults=0x0 flags=0x40 color=0xff607d8b vis=PRIVATE),1]
04-29 09:38:00.110  3860  4707 I notification_autogrouped: 0|com.bbk.iqoo.logsystem|3|null|10064
04-29 09:38:00.120  3860 20068 I notification_autogrouped: 0|com.bbk.iqoo.logsystem|3|null|10064
04-29 09:38:23.777  3860  3872 I am_pss  : [5499,10194,com.achievo.vipshop,14916608,14340096,0]
04-29 09:38:31.077  3860  3860 I notification_enqueue: [10128,25763,com.tencent.mm,4098,NULL,0,Notification(pri=0 contentView=null vibrate=[] sound=null tick defaults=0x0 flags=0x101 color=0x00000000 category=msg vis=PRIVATE),1]
04-29 09:38:31.091  3860  3860 I notification_alert: [0|com.tencent.mm|4098|null|10128,0,0,1]
04-29 09:38:31.099  3860 12153 I notification_autogrouped: 0|com.tencent.mm|4100|null|10128
04-29 09:38:31.110  3860 20068 I notification_autogrouped: 0|com.tencent.mm|4100|null|10128
04-29 09:38:31.110  3860 20068 I notification_autogrouped: 0|com.tencent.mm|4097|null|10128
04-29 09:38:31.110  3860 20068 I notification_autogrouped: 0|com.tencent.mm|4099|null|10128
04-29 09:38:31.110  3860 20068 I notification_autogrouped: 0|com.tencent.mm|4098|null|10128
04-29 09:38:31.144  4538  4538 I sysui_count: [note_peek,1]
04-29 09:38:31.177  3860 12150 I notification_panel_revealed: 1
04-29 09:38:31.246  3860  5779 I notification_expansion: [0|com.tencent.mm|4098|null|10128,0,1,107667,170,70251]
04-29 09:38:32.148  3860 17345 I notification_visibility: [0|com.tencent.mm|4098|null|10128,1,108569,1072,0,1]
04-29 09:38:35.183  3860  3860 I notification_enqueue: [10128,25763,com.tencent.mm,4098,NULL,0,Notification(pri=0 contentView=null vibrate=[] sound=null tick defaults=0x0 flags=0x101 color=0x00000000 category=msg vis=PRIVATE),1]
04-29 09:38:35.194  3860  3860 I notification_alert: [0|com.tencent.mm|4098|null|10128,0,0,1]
04-29 09:38:35.203  3860  5779 I notification_autogrouped: 0|com.tencent.mm|4100|null|10128
04-29 09:38:35.208  3860 20071 I notification_autogrouped: 0|com.tencent.mm|4100|null|10128
04-29 09:38:35.208  3860 20071 I notification_autogrouped: 0|com.tencent.mm|4097|null|10128
04-29 09:38:35.208  3860 20071 I notification_autogrouped: 0|com.tencent.mm|4099|null|10128
04-29 09:38:35.208  3860 20071 I notification_autogrouped: 0|com.tencent.mm|4098|null|10128
04-29 09:38:39.232  3860  3860 I notification_enqueue: [10128,25763,com.tencent.mm,4098,NULL,0,Notification(pri=0 contentView=null vibrate=[] sound=null tick defaults=0x0 flags=0x101 color=0x00000000 category=msg vis=PRIVATE),1]
04-29 09:38:39.243  3860  3860 I notification_alert: [0|com.tencent.mm|4098|null|10128,0,0,1]
04-29 09:38:39.249  3860  5771 I notification_autogrouped: 0|com.tencent.mm|4100|null|10128
04-29 09:38:39.262  3860 12152 I notification_autogrouped: 0|com.tencent.mm|4100|null|10128
04-29 09:38:39.262  3860 12152 I notification_autogrouped: 0|com.tencent.mm|4097|null|10128
04-29 09:38:39.262  3860 12152 I notification_autogrouped: 0|com.tencent.mm|4099|null|10128
04-29 09:38:39.262  3860 12152 I notification_autogrouped: 0|com.tencent.mm|4098|null|10128
04-29 09:38:40.910  3860  3860 I notification_enqueue: [10128,25763,com.tencent.mm,4098,NULL,0,Notification(pri=0 contentView=null vibrate=[] sound=null tick defaults=0x0 flags=0x101 color=0x00000000 category=msg vis=PRIVATE),1]
04-29 09:38:40.921  3860  3860 I notification_alert: [0|com.tencent.mm|4098|null|10128,0,0,1]
04-29 09:38:40.930  3860  5776 I notification_autogrouped: 0|com.tencent.mm|4100|null|10128
04-29 09:38:40.953  3860 12151 I notification_autogrouped: 0|com.tencent.mm|4100|null|10128
04-29 09:38:40.954  3860 12151 I notification_autogrouped: 0|com.tencent.mm|4097|null|10128
04-29 09:38:40.954  3860 12151 I notification_autogrouped: 0|com.tencent.mm|4099|null|10128
04-29 09:38:40.954  3860 12151 I notification_autogrouped: 0|com.tencent.mm|4098|null|10128
04-29 09:38:41.420  3860  3860 I notification_enqueue: [10128,25763,com.tencent.mm,4098,NULL,0,Notification(pri=0 contentView=null vibrate=[] sound=null tick defaults=0x0 flags=0x101 color=0x00000000 category=msg vis=PRIVATE),1]
04-29 09:38:41.433  3860  3860 I notification_alert: [0|com.tencent.mm|4098|null|10128,0,0,1]
04-29 09:38:41.445  3860  5776 I notification_autogrouped: 0|com.tencent.mm|4100|null|10128
04-29 09:38:41.453  3860 12148 I notification_autogrouped: 0|com.tencent.mm|4100|null|10128
04-29 09:38:41.453  3860 12148 I notification_autogrouped: 0|com.tencent.mm|4097|null|10128
04-29 09:38:41.453  3860 12148 I notification_autogrouped: 0|com.tencent.mm|4099|null|10128
04-29 09:38:41.453  3860 12148 I notification_autogrouped: 0|com.tencent.mm|4098|null|10128
04-29 09:38:44.116  3860  3860 I notification_enqueue: [10128,25763,com.tencent.mm,4098,NULL,0,Notification(pri=0 contentView=null vibrate=[] sound=null tick defaults=0x0 flags=0x101 color=0x00000000 category=msg vis=PRIVATE),1]
04-29 09:38:44.132  3860  3860 I notification_alert: [0|com.tencent.mm|4098|null|10128,0,0,1]
04-29 09:38:44.140  3860  3870 I notification_autogrouped: 0|com.tencent.mm|4100|null|10128
04-29 09:38:44.148  3860  5779 I notification_autogrouped: 0|com.tencent.mm|4100|null|10128
04-29 09:38:44.148  3860  5779 I notification_autogrouped: 0|com.tencent.mm|4097|null|10128
04-29 09:38:44.148  3860  5779 I notification_autogrouped: 0|com.tencent.mm|4099|null|10128
04-29 09:38:44.148  3860  5779 I notification_autogrouped: 0|com.tencent.mm|4098|null|10128
04-29 09:38:46.189  3860  3860 I notification_enqueue: [10128,25763,com.tencent.mm,4098,NULL,0,Notification(pri=0 contentView=null vibrate=[] sound=null tick defaults=0x0 flags=0x101 color=0x00000000 category=msg vis=PRIVATE),1]
04-29 09:38:46.198  3860  3860 I notification_alert: [0|com.tencent.mm|4098|null|10128,0,0,1]
04-29 09:38:46.208  3860 12149 I notification_autogrouped: 0|com.tencent.mm|4100|null|10128
04-29 09:38:46.219  3860  4912 I notification_autogrouped: 0|com.tencent.mm|4100|null|10128
04-29 09:38:46.219  3860  4912 I notification_autogrouped: 0|com.tencent.mm|4097|null|10128
04-29 09:38:46.219  3860  4912 I notification_autogrouped: 0|com.tencent.mm|4099|null|10128
04-29 09:38:46.219  3860  4912 I notification_autogrouped: 0|com.tencent.mm|4098|null|10128
04-29 09:38:47.265  3860  3860 I notification_enqueue: [10128,25763,com.tencent.mm,4098,NULL,0,Notification(pri=0 contentView=null vibrate=[] sound=null tick defaults=0x0 flags=0x101 color=0x00000000 category=msg vis=PRIVATE),1]
04-29 09:38:47.276  3860  3860 I notification_alert: [0|com.tencent.mm|4098|null|10128,0,0,1]
04-29 09:38:47.283  3860  4561 I notification_autogrouped: 0|com.tencent.mm|4100|null|10128
04-29 09:38:47.284  3860  4910 I notification_autogrouped: 0|com.tencent.mm|4100|null|10128
04-29 09:38:47.284  3860  4910 I notification_autogrouped: 0|com.tencent.mm|4097|null|10128
04-29 09:38:47.284  3860  4910 I notification_autogrouped: 0|com.tencent.mm|4099|null|10128
04-29 09:38:47.284  3860  4910 I notification_autogrouped: 0|com.tencent.mm|4098|null|10128
04-29 09:38:49.660  3860  3860 I notification_enqueue: [10128,25763,com.tencent.mm,4098,NULL,0,Notification(pri=0 contentView=null vibrate=[] sound=null tick defaults=0x0 flags=0x101 color=0x00000000 category=msg vis=PRIVATE),1]
04-29 09:38:49.692  3860  3860 I notification_alert: [0|com.tencent.mm|4098|null|10128,0,0,1]
04-29 09:38:49.699  3860 12152 I notification_autogrouped: 0|com.tencent.mm|4100|null|10128
04-29 09:38:49.706  3860 12153 I notification_autogrouped: 0|com.tencent.mm|4100|null|10128
04-29 09:38:49.706  3860 12153 I notification_autogrouped: 0|com.tencent.mm|4097|null|10128
04-29 09:38:49.706  3860 12153 I notification_autogrouped: 0|com.tencent.mm|4099|null|10128
04-29 09:38:49.707  3860 12153 I notification_autogrouped: 0|com.tencent.mm|4098|null|10128
04-29 09:38:50.378  3860  3860 I notification_enqueue: [10128,25763,com.tencent.mm,4098,NULL,0,Notification(pri=0 contentView=null vibrate=[] sound=null tick defaults=0x0 flags=0x101 color=0x00000000 category=msg vis=PRIVATE),1]
04-29 09:38:50.388  3860  3860 I notification_alert: [0|com.tencent.mm|4098|null|10128,0,0,1]
04-29 09:38:50.397  3860  3871 I notification_autogrouped: 0|com.tencent.mm|4100|null|10128
04-29 09:38:50.410  3860 12150 I notification_autogrouped: 0|com.tencent.mm|4100|null|10128
04-29 09:38:50.410  3860 12150 I notification_autogrouped: 0|com.tencent.mm|4097|null|10128
04-29 09:38:50.410  3860 12150 I notification_autogrouped: 0|com.tencent.mm|4099|null|10128
04-29 09:38:50.410  3860 12150 I notification_autogrouped: 0|com.tencent.mm|4098|null|10128
04-29 09:38:50.480  3860  3860 I notification_enqueue: [10128,25763,com.tencent.mm,4098,NULL,0,Notification(pri=0 contentView=null vibrate=[] sound=null tick defaults=0x0 flags=0x101 color=0x00000000 category=msg vis=PRIVATE),1]
04-29 09:38:50.492  3860  3860 I notification_alert: [0|com.tencent.mm|4098|null|10128,0,0,1]
04-29 09:38:50.503  3860 20071 I notification_autogrouped: 0|com.tencent.mm|4100|null|10128
04-29 09:38:50.518  3860 20066 I notification_autogrouped: 0|com.tencent.mm|4100|null|10128
04-29 09:38:50.518  3860 20066 I notification_autogrouped: 0|com.tencent.mm|4097|null|10128
04-29 09:38:50.518  3860 20066 I notification_autogrouped: 0|com.tencent.mm|4099|null|10128
04-29 09:38:50.518  3860 20066 I notification_autogrouped: 0|com.tencent.mm|4098|null|10128
04-29 09:38:55.613  3860  3871 I notification_expansion: [0|com.tencent.mm|4098|null|10128,0,0,132034,5133,23465]
04-29 09:38:55.705  3860 12147 I notification_visibility: [0|com.tencent.mm|4098|null|10128,0,132126,5225,0,1]
04-29 09:38:55.706  3860  5774 I notification_panel_hidden: []
04-29 09:39:00.067  3860  3860 I notification_enqueue: [10064,9380,com.bbk.iqoo.logsystem,3,NULL,0,Notification(pri=-2 contentView=com.bbk.iqoo.logsystem/0x3030028 vibrate=null sound=null defaults=0x0 flags=0x40 color=0xff607d8b vis=PRIVATE),1]
04-29 09:39:00.084  3860  3872 I am_pss  : [12352,10034,com.bbk.launcher2,131014656,125476864,0]
04-29 09:39:00.089  3860  5776 I notification_autogrouped: 0|com.bbk.iqoo.logsystem|3|null|10064
04-29 09:39:00.101  3860  5779 I notification_autogrouped: 0|com.bbk.iqoo.logsystem|3|null|10064
04-29 09:39:00.104  3860  3872 I am_pss  : [6607,10030,com.bbk.appstore:remote,11590656,10440704,0]
04-29 09:39:00.133  3860  3872 I am_pss  : [6896,10063,com.iqoo.secure:remote,38180864,37158912,0]
04-29 09:39:07.810  3860  3872 I am_pss  : [5209,10001,android.process.acore,45672448,44736512,0]
04-29 09:39:20.199  3860  3872 I am_pss  : [24520,10030,com.bbk.appstore,143656960,139743232,0]
04-29 09:39:20.236  3860  3872 I am_pss  : [19671,10201,com.eg.android.AlipayGphone:tools,13396992,11632640,0]
04-29 09:39:21.654  3860  4173 I am_wtf  : [0,3860,system_server,-1,ActivityManager,Sending non-protected broadcast MqttService.pingSender.380003444930953889 from system uid 1000 pkg com.vivo.abe]
04-29 09:39:24.862  3860  3860 I free_storage_changed: 9269198848
04-29 09:39:36.344  3860  4179 I am_new_intent: [0,145399322,27,com.bbk.launcher2/.Launcher,android.intent.action.MAIN,NULL,NULL,278921216]
04-29 09:39:36.345  3860  4179 I am_focused_stack: [0,0,1,bringingFoundTaskToFront setFocusedActivity]
04-29 09:39:36.346  3860  4179 I wm_task_moved: [27,1,1]
04-29 09:39:36.355  3860  4179 I am_focused_activity: [0,com.bbk.launcher2/.Launcher,bringingFoundTaskToFront]
04-29 09:39:36.477  3860  4179 I am_pause_activity: [0,139058314,com.bbk.appstore/.ui.manage.ManageDownloadingActivity]
04-29 09:39:36.486  3860  4179 I am_task_to_front: [0,27]
04-29 09:39:36.488 24520 24520 I am_on_paused_called: [0,com.bbk.appstore.ui.manage.ManageDownloadingActivity,handlePauseActivity]
04-29 09:39:36.495  3860  4179 I sysui_action: [323,com.bbk.launcher2/.Launcher]
04-29 09:39:36.495  3860  4179 I sysui_action: [324,true]
04-29 09:39:36.495  3860  4179 I sysui_action: [325,429558]
04-29 09:39:36.518  3860 25777 I am_resume_activity: [0,43524736,27,com.bbk.launcher2/.Launcher]
04-29 09:39:36.529  3860  3873 I sysui_count: [window_time_0,270]
04-29 09:39:36.591 12352 12352 I am_on_resume_called: [0,com.bbk.launcher2.Launcher,RESUME_ACTIVITY]
04-29 09:39:36.737  3860  3882 I sysui_action: [320,2]
04-29 09:39:36.737  3860  3882 I sysui_action: [319,465]
04-29 09:39:36.737  3860  3882 I sysui_action: [322,465]
04-29 09:39:36.974  3860  3873 I am_stop_activity: [0,139058314,com.bbk.appstore/.ui.manage.ManageDownloadingActivity]
04-29 09:39:36.991 24520 24520 I am_on_stop_called: [0,com.bbk.appstore.ui.manage.ManageDownloadingActivity,handleStopActivity]
04-29 09:39:37.063   520   520 I sf_frame_dur: [com.bbk.appstore/com.bbk.appstore.ui.manage.ManageDownloadingActivity,110,66,350,210,21,3,12]
04-29 09:39:37.684  3860  4911 I am_create_task: [0,370]
04-29 09:39:37.684  3860  4911 I am_create_activity: [0,254273470,370,com.android.camera/.CameraActivity,android.intent.action.MAIN,NULL,NULL,807403520]
04-29 09:39:37.693  3860  4911 I wm_task_created: [370,1]
04-29 09:39:37.693  3860  4911 I wm_task_moved: [370,1,28]
04-29 09:39:37.693  3860  4911 I am_focused_stack: [0,1,0,startedActivity setFocusedActivity]
04-29 09:39:37.693  3860  4911 I wm_task_moved: [370,1,28]
04-29 09:39:37.698  3860  4911 I am_focused_activity: [0,com.android.camera/.CameraActivity,startedActivity]
04-29 09:39:37.699  3860  4911 I am_pause_activity: [0,43524736,com.bbk.launcher2/.Launcher]
04-29 09:39:37.704  3860  4911 I sysui_action: [323,com.android.camera/.CameraActivity]
04-29 09:39:37.704  3860  4911 I sysui_action: [324,true]
04-29 09:39:37.704  3860  4911 I sysui_action: [325,429559]
04-29 09:39:37.747 12352 12352 I am_on_paused_called: [0,com.bbk.launcher2.Launcher,handlePauseActivity]
04-29 09:39:37.759  3860  4911 I am_restart_activity: [0,254273470,370,com.android.camera/.CameraActivity]
04-29 09:39:37.831  3860  3882 I sysui_action: [321,462]
04-29 09:39:37.832  3860  3873 I sysui_count: [window_time_0,2]
04-29 09:39:37.837  3860  3882 I sysui_action: [320,1]
04-29 09:39:37.837  3860  3882 I sysui_action: [319,468]
04-29 09:39:37.922  3860 25777 I am_proc_start: [0,22073,10044,com.vivo.weather.location,service,com.vivo.weather/.LocalCityLocateService]
04-29 09:39:37.971  3860  4561 I am_proc_bound: [0,22073,com.vivo.weather.location]
04-29 09:39:38.445 19428 19428 I am_on_resume_called: [0,com.android.camera.CameraActivity,LAUNCH_ACTIVITY]
04-29 09:39:38.573  3860  3872 I am_wtf  : [0,3860,system_server,-1,ActivityManager,Sending non-protected broadcast android.vivo.bbklog.action.startlog from system 3860:system/1000 pkg android]
04-29 09:39:39.106  3860  3882 I sysui_action: [322,1737]
04-29 09:39:39.106  3860  3882 I am_activity_launch_time: [0,254273470,com.android.camera/.CameraActivity,1358,1358]
04-29 09:39:39.300  3860 12151 I am_stop_activity: [0,43524736,com.bbk.launcher2/.Launcher]
04-29 09:39:39.351 12352 12352 I am_on_stop_called: [0,com.bbk.launcher2.Launcher,handleStopActivity]
04-29 09:39:39.383   520   520 I sf_frame_dur: [com.bbk.launcher2/com.bbk.launcher2.Launcher,0,0,1,0,1,0,0]
04-29 09:39:39.556  3860 25777 I am_wtf  : [0,3860,system_server,-1,ActivityManager,Sending non-protected broadcast com.vivo.flashlight.ACTION_FLASHLIGHT_STATE_CHANGD from system 4724:com.vivo.daemonService/1000 pkg com.vivo.daemonService]
04-29 09:39:39.558  3860 25777 I am_wtf  : [0,3860,system_server,-1,ActivityManager,Sending non-protected broadcast com.vivo.flashlight.ACTION_FLASHLIGHT_STATE_CHANGD from system 4724:com.vivo.daemonService/1000 pkg com.vivo.daemonService]
04-29 09:39:40.693  3860 22378 I am_wtf  : [0,3860,system_server,-1,ActivityManager,Sending non-protected broadcast vivo.bigdata.action.COLLECT from system 3860:system/1000 pkg android]
04-29 09:39:40.695  3860 22378 I am_wtf  : [0,3860,system_server,-1,ActivityManager,Sending non-protected broadcast vivo.bigdata.action.COLLECT from system 3860:system/1000 pkg android]
04-29 09:39:41.379  3860 12151 I am_proc_died: [0,22073,com.vivo.weather.location]
04-29 09:39:41.399  3860 12151 I am_schedule_service_restart: [0,com.vivo.weather/.LocalCityLocateService,1000]
04-29 09:39:56.238  3860  3872 I am_pss  : [19455,10097,com.vivo.gallery,39172096,38543360,0]
04-29 09:39:56.300  3860  3872 I am_pss  : [19428,10092,com.android.camera,55191552,51310592,0]
04-29 09:40:00.090  3860  3872 I am_pss  : [12352,10034,com.bbk.launcher2,131787776,126095360,0]
04-29 09:40:00.094  3860  3860 I notification_enqueue: [10064,9380,com.bbk.iqoo.logsystem,3,NULL,0,Notification(pri=-2 contentView=com.bbk.iqoo.logsystem/0x3030028 vibrate=null sound=null defaults=0x0 flags=0x40 color=0xff607d8b vis=PRIVATE),1]
04-29 09:40:00.122  3860 12153 I notification_autogrouped: 0|com.bbk.iqoo.logsystem|3|null|10064
04-29 09:40:00.123  3860 17345 I notification_autogrouped: 0|com.bbk.iqoo.logsystem|3|null|10064
04-29 09:40:00.150  3860  3872 I am_pss  : [24520,10030,com.bbk.appstore,131996672,128135168,0]
04-29 09:40:00.178  3860  3872 I am_pss  : [6607,10030,com.bbk.appstore:remote,11578368,10448896,0]
04-29 09:40:02.447  3860  3872 I am_pss  : [5764,10010,android.process.media,35457024,34566144,0]
04-29 09:40:14.377  3860  3872 I am_pss  : [20055,10045,com.vivo.weather.provider,11635712,9826304,0]
04-29 09:40:24.876  3860  3860 I free_storage_changed: 9177952256
04-29 09:40:30.875  3860  5776 I am_proc_died: [0,21547,com.tencent.mobileqq:tool]
04-29 09:40:30.889  3860  5776 I am_schedule_service_restart: [0,com.tencent.mobileqq/cooperation.qqindividuality.ipc.QQIndividualityPluginProxyService,1000]
04-29 09:40:30.979  3860  3872 I am_pss  : [17126,10218,com.tencent.qqmusic,28375040,27627520,0]
04-29 09:40:31.405  3860  3873 I am_proc_start: [0,22994,10129,com.tencent.mobileqq:tool,broadcast,com.tencent.mobileqq/.webprocess.WebProcessReceiver]
04-29 09:40:31.451  3860 20071 I am_proc_bound: [0,22994,com.tencent.mobileqq:tool]
04-29 09:40:34.548  3860  3872 I am_pss  : [9380,10064,com.bbk.iqoo.logsystem,27357184,26578944,0]
04-29 09:40:52.255  3860  3872 I am_pss  : [22994,10129,com.tencent.mobileqq:tool,69691392,65253376,0]
04-29 09:40:54.627  3860  5771 I wm_task_moved: [370,1,28]
04-29 09:40:54.629  3860  5771 I am_finish_activity: [0,50278513,226,com.vivo.gallery/com.android.gallery3d.app.Gallery,clear-task-index]
04-29 09:40:54.630  3860  5771 I am_destroy_activity: [0,50278513,226,com.vivo.gallery/com.android.gallery3d.app.Gallery,finish-imm]
04-29 09:40:54.632  3860  5771 I am_create_task: [0,226]
04-29 09:40:54.632  3860  5771 I am_create_activity: [0,226355248,226,com.vivo.gallery/com.android.gallery3d.app.Gallery,com.vivo.gallery.ACTION_VIEW,NULL,content://media/external/video/media/14217,281051136]
04-29 09:40:54.633  3860  5771 I wm_task_moved: [226,1,28]
04-29 09:40:54.666  3860  5771 I wm_task_moved: [226,1,28]
04-29 09:40:54.670  3860  5771 I am_focused_activity: [0,com.vivo.gallery/com.android.gallery3d.app.Gallery,startedActivity]
04-29 09:40:54.730  3860  5771 I am_pause_activity: [0,254273470,com.android.camera/.CameraActivity]
04-29 09:40:54.740  3860  5771 I sysui_action: [323,com.vivo.gallery/com.android.gallery3d.app.Gallery]
04-29 09:40:54.740  3860  5771 I sysui_action: [324,true]
04-29 09:40:54.740  3860  5771 I sysui_action: [325,429636]
04-29 09:40:55.074 19428 19428 I am_on_paused_called: [0,com.android.camera.CameraActivity,handlePauseActivity]
04-29 09:40:55.167  3860  3871 I am_restart_activity: [0,226355248,226,com.vivo.gallery/com.android.gallery3d.app.Gallery]
04-29 09:40:55.234  3860  3872 I am_wtf  : [0,3860,system_server,-1,ActivityManager,Sending non-protected broadcast android.vivo.bbklog.action.startlog from system 3860:system/1000 pkg android]
04-29 09:40:55.253  3860  3873 I sysui_count: [window_time_0,77]
04-29 09:40:55.806 19455 19455 I am_on_resume_called: [0,com.android.gallery3d.app.Gallery,LAUNCH_ACTIVITY]
04-29 09:40:56.077  3860  3882 I sysui_action: [320,2]
04-29 09:40:56.077  3860  3882 I sysui_action: [319,1536]
04-29 09:40:56.077  3860  3882 I sysui_action: [322,1536]
04-29 09:40:56.078  3860  3882 I am_activity_launch_time: [0,226355248,com.vivo.gallery/com.android.gallery3d.app.Gallery,937,937]
04-29 09:40:56.423  3860  3873 I am_stop_activity: [0,254273470,com.android.camera/.CameraActivity]
04-29 09:40:56.452 19428 19428 I am_on_stop_called: [0,com.android.camera.CameraActivity,handleStopActivity]
04-29 09:40:56.500   520   520 I sf_frame_dur: [SurfaceView - com.android.camera/com.android.camera.CameraActivity,72,1978,17,2,1,1,1]
04-29 09:40:56.500   520   520 I sf_frame_dur: [com.android.camera/com.android.camera.CameraActivity,124,7,8,4,7,53,3]
04-29 09:40:56.511  3860 12152 I am_wtf  : [0,3860,system_server,-1,ActivityManager,Sending non-protected broadcast com.vivo.flashlight.ACTION_FLASHLIGHT_STATE_CHANGD from system 4724:com.vivo.daemonService/1000 pkg com.vivo.daemonService]
04-29 09:40:56.513  3860 12152 I am_wtf  : [0,3860,system_server,-1,ActivityManager,Sending non-protected broadcast com.vivo.flashlight.ACTION_FLASHLIGHT_STATE_CHANGD from system 4724:com.vivo.daemonService/1000 pkg com.vivo.daemonService]
04-29 09:41:00.038  3860  3860 I notification_enqueue: [10064,9380,com.bbk.iqoo.logsystem,3,NULL,0,Notification(pri=-2 contentView=com.bbk.iqoo.logsystem/0x3030028 vibrate=null sound=null defaults=0x0 flags=0x40 color=0xff607d8b vis=PRIVATE),1]
04-29 09:41:00.067  3860 20070 I notification_autogrouped: 0|com.bbk.iqoo.logsystem|3|null|10064
04-29 09:41:00.070  3860  3870 I notification_autogrouped: 0|com.bbk.iqoo.logsystem|3|null|10064
04-29 09:41:00.070  3860  3872 I am_pss  : [6896,10063,com.iqoo.secure:remote,38149120,37199872,0]
04-29 09:41:06.495  3860  3872 I am_pss  : [5764,10010,android.process.media,34867200,33841152,0]
04-29 09:41:18.949  3860  4180 I sysui_histogram: [power_double_tap_interval,5219013]
04-29 09:41:19.080  3860  4180 I power_sleep_requested: 0
04-29 09:41:19.086  3860  3874 I am_wtf  : [0,3860,system_server,-1,ActivityManager,Sending non-protected broadcast vivo.intent.action.POWER_KEY_SCREEN_OFF from system 3860:system/1000 pkg android]
04-29 09:41:19.162  3860  3860 I power_screen_state: [0,2,0,0]
04-29 09:41:19.162  3860  3860 I screen_toggled: 0
04-29 09:41:19.162  3860  3860 I sysui_histogram: [screen_timeout,1800]
04-29 09:41:19.217  3860  3860 I power_screen_broadcast_send: 1
04-29 09:41:19.285  3860  3860 I am_pause_activity: [0,226355248,com.vivo.gallery/com.android.gallery3d.app.Gallery]
04-29 09:41:19.335  3860  3860 I sysui_histogram: [fingerprint_token,0]
04-29 09:41:19.354 19455 19455 I am_on_paused_called: [0,com.android.gallery3d.app.Gallery,handlePauseActivity]
04-29 09:41:19.366  3860  3873 I am_stop_activity: [0,226355248,com.vivo.gallery/com.android.gallery3d.app.Gallery]
04-29 09:41:19.477 19455 19455 I am_on_stop_called: [0,com.android.gallery3d.app.Gallery,sleeping]
04-29 09:41:19.734  3860  3872 I am_meminfo: [-70316032,367001600,0,498827264,272475136]
04-29 09:41:19.846  3860  3872 I am_pss  : [23447,10129,com.tencent.mobileqq:MSF,24509440,23986176,0]
04-29 09:41:19.853  3860  4561 I am_wtf  : [0,3860,system_server,-1,ActivityManager,Sending non-protected broadcast com.vivo.updater.action.SCREEN_OFF from system 4724:com.vivo.daemonService/1000 pkg com.vivo.daemonService]
04-29 09:41:19.890  3860  3873 I am_proc_start: [0,23287,10087,com.bbk.updater,broadcast,com.bbk.updater/.receiver.AutoDownloadReceiver]
04-29 09:41:19.896  3860  3872 I am_pss  : [5888,1000,com.vivo.doubleinstance,5992448,5382144,0]
04-29 09:41:19.997  3860  3872 I am_pss  : [21929,10212,com.ss.android.essay.joke,167022592,166129664,0]
04-29 09:41:20.041  4538  4538 I sysui_view_visibility: [111,100]
04-29 09:41:20.042  3860  3872 I am_pss  : [4529,10062,com.baidu.input_bbk.service,57660416,55451648,0]
04-29 09:41:20.066  3860  3872 I am_pss  : [8013,10008,com.android.dialer,35073024,33845248,0]
04-29 09:41:20.080  4538  4538 I sysui_status_bar_state: [1,1,0,0,1,0]
04-29 09:41:20.090  3860  3872 I am_pss  : [9313,10063,com.iqoo.secure,40499200,39383040,0]
04-29 09:41:20.116  3860  3872 I am_pss  : [22559,10212,com.ss.android.essay.joke:ttplayer,48626688,48156672,0]
04-29 09:41:20.215  3860  3872 I am_pss  : [27210,10214,com.garena.game.kgtw,422778880,421703680,0]
04-29 09:41:20.220  3860  4909 I am_wtf  : [0,3860,system_server,-1,ActivityManager,Sending non-protected broadcast action.com.vlife.provider.sync from system 4538:com.android.systemui/u0a24 pkg com.android.systemui]
04-29 09:41:20.222  3860  4909 I am_wtf  : [0,3860,system_server,-1,ActivityManager,Sending non-protected broadcast action.com.vlife.provider.sync from system 4538:com.android.systemui/u0a24 pkg com.android.systemui]
04-29 09:41:20.226  3860 12149 I am_wtf  : [0,3860,system_server,-1,ActivityManager,Sending non-protected broadcast action.com.vlife.provider.sync from system 4538:com.android.systemui/u0a24 pkg com.android.systemui]
04-29 09:41:20.228  3860 12149 I am_wtf  : [0,3860,system_server,-1,ActivityManager,Sending non-protected broadcast action.com.vlife.provider.sync from system 4538:com.android.systemui/u0a24 pkg com.android.systemui]
04-29 09:41:20.233  3860  5771 I am_proc_bound: [0,23287,com.bbk.updater]
04-29 09:41:20.260  3860  5774 I am_proc_start: [0,23302,10089,com.vlife.vivo.wallpaper:main,service,com.vlife.vivo.wallpaper/com.vlife.TService]
04-29 09:41:20.265  3860  3872 I am_pss  : [11838,10085,com.vivo.secime.service,17893376,16289792,0]
04-29 09:41:20.283  3860 12151 I am_proc_bound: [0,23302,com.vlife.vivo.wallpaper:main]
04-29 09:41:20.327  3860  3872 I am_pss  : [23389,10129,com.tencent.mobileqq,187139072,186347520,0]
04-29 09:41:20.373  3860  3872 I am_pss  : [31366,10130,com.tencent.news,120393728,119685120,0]
04-29 09:41:20.407  3860  3872 I am_pss  : [12266,10213,tv.danmaku.bili,67569664,66564096,0]
04-29 09:41:20.430  3860  3872 I am_pss  : [11089,10016,com.android.mms,89328640,87748608,0]
04-29 09:41:20.451  3860  3872 I am_pss  : [5160,10101,com.vivo.sdkplugin,14747648,14360576,0]
04-29 09:41:20.494  3860  3872 I am_pss  : [10907,10167,com.kugou.android,115143680,114143232,0]
04-29 09:41:20.522  3860  3872 I am_pss  : [10969,10167,com.kugou.android.support,31347712,30658560,0]
04-29 09:41:20.537  3860 12150 I am_wtf  : [0,3860,system_server,-1,ActivityManager,Sending non-protected broadcast action.com.vlife.provider.sync from system 4538:com.android.systemui/u0a24 pkg com.android.systemui]
04-29 09:41:20.539  3860 12150 I am_wtf  : [0,3860,system_server,-1,ActivityManager,Sending non-protected broadcast action.com.vlife.provider.sync from system 4538:com.android.systemui/u0a24 pkg com.android.systemui]
04-29 09:41:20.542  3860  4910 I am_wtf  : [0,3860,system_server,-1,ActivityManager,Sending non-protected broadcast action.com.vlife.provider.sync from system 4538:com.android.systemui/u0a24 pkg com.android.systemui]
04-29 09:41:20.544  3860  4910 I am_wtf  : [0,3860,system_server,-1,ActivityManager,Sending non-protected broadcast action.com.vlife.provider.sync from system 4538:com.android.systemui/u0a24 pkg com.android.systemui]
04-29 09:41:20.544  3860  3872 I am_pss  : [4771,1000,com.vivo.smartmultiwindow,52423680,51261440,0]
04-29 09:41:20.560  3860  3872 I am_pss  : [24863,10041,com.android.BBKClock,15813632,14954496,0]
04-29 09:41:20.581  3860  3872 I am_pss  : [29238,10040,com.bbk.theme,29427712,29106176,0]
04-29 09:41:20.597  3860  3872 I am_pss  : [17286,10214,com.garena.msdk.pushservice2,6336512,5947392,0]
04-29 09:41:20.614  3860  3872 I am_pss  : [2002,10197,com.panda.videoliveplatform,8014848,7585792,0]
04-29 09:41:20.630  3860  3872 I am_pss  : [18414,10197,com.panda.videoliveplatform:ps,6208512,5775360,0]
04-29 09:41:20.652  3860  3872 I am_pss  : [7253,1000,com.android.bbklog,24055808,22052864,0]
04-29 09:41:20.667  3860  3872 I am_pss  : [5831,10081,com.vivo.safecenter,9728000,8941568,0]
04-29 09:41:20.700  3860  3872 I am_pss  : [26919,10218,com.tencent.qqmusic:QQPlayerService,30442496,29810688,0]
04-29 09:41:20.723  3860  3872 I am_pss  : [10273,10193,com.netease.cloudmusic:play,28993536,28454912,0]
04-29 09:41:20.740  3860  3872 I am_pss  : [12587,10213,tv.danmaku.bili:pushservice,9728000,9302016,0]
04-29 09:41:20.759  3860  3872 I am_pss  : [29663,10130,com.tencent.news:PushService,17624064,16830464,0]
04-29 09:41:20.780  3860  3872 I am_pss  : [14987,10139,com.vivo.devicereg,19927040,18825216,0]
04-29 09:41:20.797  3860  3872 I am_pss  : [19847,10184,com.maimiao.live.tv:core,7298048,6873088,0]
04-29 09:41:20.827  3860  3872 I am_pss  : [17029,10194,com.achievo.vipshop.MqttService,26614784,26095616,0]
04-29 09:41:20.854  3860 20072 I notification_expansion: [0|android|10011|null|1000,0,0,4009870,4009870,0]
04-29 09:41:20.855  3860 12153 I notification_expansion: [0|android|110110|null|1000,0,0,4009888,4009888,0]
