05-11 16:19:00.105  3843  3881 I am_pss  : [4382,10132,com.tencent.mm:tools,23602176,19623936,0]
05-11 16:19:00.128  3843  3881 I am_pss  : [7336,10131,com.wuba:downloadapkservice,26986496,25559040,0]
05-11 16:19:00.300  3843  3921 I power_sleep_requested: 0
05-11 16:19:00.301  3843  3843 I power_screen_state: [0,3,0,0]
05-11 16:19:00.301  3843  3843 I screen_toggled: 0
05-11 16:19:00.301  3843  3843 I sysui_histogram: [screen_timeout,30]
05-11 16:19:00.308  3843  3843 I power_screen_broadcast_send: 1
05-11 16:19:00.315  3843  3843 I am_pause_activity: [0,12450827,com.bbk.launcher2/.Launcher]
05-11 16:19:00.317 10606 10606 I am_on_paused_called: [0,com.bbk.launcher2.Launcher,handlePauseActivity]
05-11 16:19:00.326  3843  3843 I sysui_histogram: [fingerprint_token,0]
05-11 16:19:00.339  3843  3882 I am_stop_activity: [0,12450827,com.bbk.launcher2/.Launcher]
05-11 16:19:00.355 10606 10606 I am_on_stop_called: [0,com.bbk.launcher2.Launcher,sleeping]
05-11 16:19:00.635  3843  3881 I am_meminfo: [236544000,61644800,0,368238592,243555328]
05-11 16:19:00.653  3843  3881 I am_pss  : [11668,10009,com.android.dialer,33173504,31072256,0]
05-11 16:19:00.693  3843  3881 I am_pss  : [4735,10171,com.tencent.reading,93018112,85159936,0]
05-11 16:19:00.707  3843  3881 I am_pss  : [10221,1000,com.qti.service.colorservice,5305344,4837376,0]
05-11 16:19:00.731  3843  3881 I am_pss  : [4442,10062,com.baidu.input_bbk.service,53762048,51163136,0]
05-11 16:19:00.732   512   512 I sf_frame_dur: [SurfaceView - ,0,209,0,0,1,0,0]
05-11 16:19:00.751  3843  3881 I am_pss  : [32490,10033,com.android.filemanager,21751808,18886656,0]
05-11 16:19:00.766  3843  3881 I am_pss  : [29700,10011,android.process.media,22031360,20688896,0]
05-11 16:19:00.782  3843  3881 I am_pss  : [11439,10101,com.vivo.sdkplugin,6278144,5738496,0]
05-11 16:19:00.800  3843  3881 I am_pss  : [6903,10128,com.tencent.mobileqq:MSF,20471808,19304448,0]
05-11 16:19:00.844  3843  3881 I am_pss  : [6917,10128,com.tencent.mobileqq,79666176,76414976,0]
05-11 16:19:00.860  3843  3881 I am_pss  : [11585,10085,com.vivo.secime.service,16398336,15224832,0]
05-11 16:19:00.907  3843  3881 I am_pss  : [5143,10064,com.bbk.iqoo.logsystem,29665280,28012544,0]
05-11 16:19:00.924  3843  3881 I am_pss  : [12273,10132,com.tencent.mm:appbrand0,14707712,13975552,0]
05-11 16:19:00.940  3843  3881 I am_pss  : [26258,10229,com.sohu.sohuvideo:sohunews,11438080,10162176,0]
05-11 16:19:00.956  3843  3881 I am_pss  : [25881,10172,com.cubic.autohome,13448192,12292096,0]
05-11 16:19:00.971  3843  3881 I am_pss  : [4302,1000,com.vivo.appfilter,10778624,10166272,0]
05-11 16:19:00.986  3843  3881 I am_pss  : [7402,10087,com.bbk.updater,10115072,8343552,0]
05-11 16:19:01.004  3843  3881 I am_pss  : [23778,10130,com.sina.weibo,16705536,15790080,0]
05-11 16:19:01.029  3843  3881 I am_pss  : [16762,10030,com.bbk.appstore,96652288,91652096,0]
05-11 16:19:01.045  3843  3881 I am_pss  : [30045,10002,android.process.acore,31691776,30838784,0]
05-11 16:19:01.060  3843  3881 I am_pss  : [32096,10018,com.vivo.numbermark,4261888,2908160,0]
05-11 16:19:01.077  3843  3881 I am_pss  : [8155,1000,com.iqoo.engineermode,18608128,15429632,0]
05-11 16:19:01.092  3843  3881 I am_pss  : [28834,10056,com.vivo.doubletimezoneclock,15495168,14495744,0]
05-11 16:19:01.113  3843  3881 I am_pss  : [25978,10097,com.vivo.gallery,69828608,66465792,0]
05-11 16:19:01.134  3843  3881 I am_pss  : [6433,10092,com.android.camera,31893504,27230208,0]
05-11 16:19:01.151  3843  3881 I am_pss  : [6689,10043,com.android.VideoPlayer,15345664,12627968,0]
05-11 16:19:01.165  3843  3881 I am_pss  : [8405,10028,com.vivo.audiofx,6393856,5869568,0]
05-11 16:19:01.184  3843  3881 I am_pss  : [4841,1000,com.vivo.smartmultiwindow,25048064,23257088,0]
05-11 16:19:01.204  3843  3881 I am_pss  : [5939,10041,com.android.BBKClock,16754688,14237696,0]
05-11 16:19:01.219  3843  3881 I am_pss  : [27874,1000,com.vivo.abe:pushservice_v1,12241920,10088448,0]
05-11 16:19:01.238  3843  3881 I am_pss  : [6008,1000,com.android.bbklog,24777728,23040000,0]
05-11 16:19:01.254  3843  3881 I am_pss  : [30514,10179,com.achievo.vipshop,6525952,4894720,0]
05-11 16:19:01.271  3843  3881 I am_pss  : [30442,10179,com.achievo.vipshop:pushservice,9834496,7815168,0]
05-11 16:19:01.285  3843  3881 I am_pss  : [29288,1000,com.qualcomm.qti.appnetaccess,3399680,2932736,0]
05-11 16:19:01.305  3843  3881 I am_pss  : [21437,10172,com.cubic.autohome:pushservice,19942400,18378752,0]
05-11 16:19:01.323  3843  3881 I am_pss  : [5843,10180,com.immomo.momo,15523840,14938112,0]
05-11 16:19:01.341  3843  3881 I am_pss  : [7422,10055,com.vivo.devicereg,50613248,50192384,0]
05-11 16:19:01.356  3843  3881 I am_pss  : [5942,1000,com.vivo.wifi.networkdetect,6433792,6000640,0]
05-11 16:19:01.370  3843  3881 I am_pss  : [23837,1000,com.volte.config,4559872,4128768,0]
05-11 16:19:01.387  3843  3881 I am_pss  : [18317,10179,com.achievo.vipshop.MqttService,12126208,10715136,0]
05-11 16:19:01.406  3843  3881 I am_pss  : [4711,1000,com.android.settings,31859712,30085120,0]
05-11 16:19:01.424  3843  3881 I am_pss  : [6538,10130,com.sina.weibo:remote,16461824,15429632,0]
05-11 16:19:01.438  3843  3881 I am_pss  : [6502,1000,com.qualcomm.display,4802560,4358144,0]
05-11 16:19:01.452  3843  3881 I am_pss  : [6080,1000,org.simalliance.openmobileapi.service:remote,4928512,4481024,0]
05-11 16:19:01.469  3843  3881 I am_pss  : [7995,1000,com.vivo.permissionmanager,23277568,22802432,0]
05-11 16:19:01.483  3843  3881 I am_pss  : [5037,10002,com.vivo.sim.contacts,5737472,5320704,0]
05-11 16:19:01.501  3843  3881 I am_pss  : [8642,1000,com.vivo.intelliengine,21663744,20799488,0]
05-11 16:19:01.516  3843  3881 I am_pss  : [8562,10132,com.tencent.mm:exdevice,12236800,11669504,0]
05-11 16:19:01.534  3843  3881 I am_pss  : [5080,1001,com.qualcomm.qcrilmsgtunnel,6085632,5525504,0]
05-11 16:19:01.550  3843  3881 I am_pss  : [5718,10071,com.oma.drm.server,5094400,4673536,0]
05-11 16:19:01.565  3843  3881 I am_pss  : [5704,10017,com.baidu.map.location,18087936,16871424,0]
05-11 16:19:01.579  3843  3881 I am_pss  : [5692,1001,com.qualcomm.qti.loadcarrier,4696064,4276224,0]
05-11 16:19:01.594  3843  3881 I am_pss  : [5678,1000,com.alps.lcn,7411712,6524928,0]
05-11 16:19:01.611  3843  3881 I am_pss  : [5666,1000,com.vivo.abe,26769408,25165824,0]
05-11 16:19:01.633  3843  3881 I am_pss  : [4805,1001,com.android.phone,41121792,40067072,0]
05-11 16:19:01.656  3843  3881 I am_pss  : [3494,1000,com.vivo.upslide,113997824,111407104,0]
05-11 16:19:01.670  3843  3881 I am_pss  : [4769,1000,com.android.server.telecom,7151616,6668288,0]
05-11 16:19:01.693  3843  3881 I am_pss  : [4758,1000,.dataservices,8483840,8036352,0]
05-11 16:19:01.711  3843  3881 I am_pss  : [4700,1000,com.vivo.daemonService,24554496,23044096,0]
05-11 16:19:01.751  3843  3881 I am_pss  : [4538,10024,com.android.systemui,102279168,98746368,0]
05-11 16:19:01.810  3843  3881 I am_pss  : [3843,1000,system,163713024,159862784,0]
05-11 16:19:01.815  3843  4812 I am_wtf  : [0,3843,system_server,-1,ActivityManager,Sending non-protected broadcast com.vivo.updater.action.SCREEN_OFF from system 4700:com.vivo.daemonService/1000 pkg com.vivo.daemonService]
05-11 16:19:02.071  3843  3843 I power_screen_broadcast_done: [0,1763,1]
05-11 16:19:02.265  3843  4672 I am_create_task: [0,138]
05-11 16:19:02.265  3843  4672 I am_create_activity: [0,102069241,138,com.tencent.reading/com.tencent.news.push.alive.offactivity.HollowActivity,NULL,NULL,NULL,276824064]
05-11 16:19:02.268  3843  4672 I wm_task_created: [138,1]
05-11 16:19:02.269  3843  4672 I wm_task_moved: [138,1,11]
05-11 16:19:02.269  3843  4672 I am_focused_stack: [0,1,0,startedActivity setFocusedActivity]
05-11 16:19:02.270  3843  4672 I wm_task_moved: [138,1,11]
05-11 16:19:02.273  3843  4672 I am_focused_activity: [0,com.tencent.reading/com.tencent.news.push.alive.offactivity.HollowActivity,startedActivity]
05-11 16:19:02.282  3843  4672 I am_restart_activity: [0,102069241,138,com.tencent.reading/com.tencent.news.push.alive.offactivity.HollowActivity]
05-11 16:19:02.284  3843  4672 I am_pause_activity: [0,102069241,com.tencent.reading/com.tencent.news.push.alive.offactivity.HollowActivity]
05-11 16:19:02.287  3843  4672 I sysui_action: [323,com.tencent.reading/com.tencent.news.push.alive.offactivity.HollowActivity]
05-11 16:19:02.288  3843  4672 I sysui_action: [324,true]
05-11 16:19:02.288  3843  4672 I sysui_action: [325,18159]
05-11 16:19:02.296  3843  3915 I sysui_action: [320,3]
05-11 16:19:02.296  3843  3915 I sysui_action: [319,43]
05-11 16:19:02.308  5036  5036 I am_on_resume_called: [0,com.tencent.news.push.alive.offactivity.HollowActivity,LAUNCH_ACTIVITY]
05-11 16:19:02.312  5036  5036 I am_on_paused_called: [0,com.tencent.news.push.alive.offactivity.HollowActivity,handlePauseActivity]
05-11 16:19:02.313  3843  3882 I am_stop_activity: [0,102069241,com.tencent.reading/com.tencent.news.push.alive.offactivity.HollowActivity]
05-11 16:19:02.315  3843  3882 I sysui_count: [window_time_0,32]
05-11 16:19:02.334  5036  5036 I am_on_stop_called: [0,com.tencent.news.push.alive.offactivity.HollowActivity,sleeping]
05-11 16:19:02.358  3843  3915 I sysui_action: [322,104]
05-11 16:19:02.358  3843  3915 I am_activity_launch_time: [0,102069241,com.tencent.reading/com.tencent.news.push.alive.offactivity.HollowActivity,73,81]
05-11 16:19:04.068  3843  8624 I am_new_intent: [0,203532141,138,com.tencent.reading/com.tencent.news.push.alive.offactivity.HollowActivity,NULL,NULL,NULL,276824064]
05-11 16:19:04.070  3843  8624 I wm_task_moved: [138,1,11]
05-11 16:19:04.076  3843  8624 I am_resume_activity: [0,102069241,138,com.tencent.reading/com.tencent.news.push.alive.offactivity.HollowActivity]
05-11 16:19:04.129  3843  8624 I am_pause_activity: [0,102069241,com.tencent.reading/com.tencent.news.push.alive.offactivity.HollowActivity]
05-11 16:19:04.141  3843  8624 I sysui_action: [323,com.tencent.reading/com.tencent.news.push.alive.offactivity.HollowActivity]
05-11 16:19:04.141  3843  8624 I sysui_action: [324,true]
05-11 16:19:04.141  3843  8624 I sysui_action: [325,18160]
05-11 16:19:04.144  3843  3915 I sysui_action: [320,3]
05-11 16:19:04.144  3843  3915 I sysui_action: [319,86]
05-11 16:19:04.148  5036  5036 I am_on_resume_called: [0,com.tencent.news.push.alive.offactivity.HollowActivity,RESUME_ACTIVITY]
05-11 16:19:04.150  5036  5036 I am_on_paused_called: [0,com.tencent.news.push.alive.offactivity.HollowActivity,handlePauseActivity]
05-11 16:19:04.154  3843  3882 I am_stop_activity: [0,102069241,com.tencent.reading/com.tencent.news.push.alive.offactivity.HollowActivity]
05-11 16:19:04.165  5036  5036 I am_on_stop_called: [0,com.tencent.news.push.alive.offactivity.HollowActivity,sleeping]
05-11 16:19:04.189  3843  3881 I am_pss  : [30217,10045,com.vivo.weather.provider,12691456,10706944,0]
05-11 16:19:05.505  4538  4538 I sysui_view_visibility: [111,100]
05-11 16:19:05.591  4538  4538 I sysui_status_bar_state: [1,1,0,0,1,0]
05-11 16:19:05.654  3843  4672 I am_wtf  : [0,3843,system_server,-1,ActivityManager,Sending non-protected broadcast action.com.vlife.provider.sync from system 4538:com.android.systemui/u0a24 pkg com.android.systemui]
05-11 16:19:05.656  3843  4672 I am_wtf  : [0,3843,system_server,-1,ActivityManager,Sending non-protected broadcast action.com.vlife.provider.sync from system 4538:com.android.systemui/u0a24 pkg com.android.systemui]
05-11 16:19:05.660  3843  8740 I am_wtf  : [0,3843,system_server,-1,ActivityManager,Sending non-protected broadcast action.com.vlife.provider.sync from system 4538:com.android.systemui/u0a24 pkg com.android.systemui]
05-11 16:19:05.662  3843  8740 I am_wtf  : [0,3843,system_server,-1,ActivityManager,Sending non-protected broadcast action.com.vlife.provider.sync from system 4538:com.android.systemui/u0a24 pkg com.android.systemui]
05-11 16:19:05.683  3843  8741 I am_wtf  : [0,3843,system_server,-1,ActivityManager,Sending non-protected broadcast action.com.vlife.provider.sync from system 4538:com.android.systemui/u0a24 pkg com.android.systemui]
05-11 16:19:05.685  3843  8741 I am_wtf  : [0,3843,system_server,-1,ActivityManager,Sending non-protected broadcast action.com.vlife.provider.sync from system 4538:com.android.systemui/u0a24 pkg com.android.systemui]
05-11 16:19:05.689  3843  3866 I am_wtf  : [0,3843,system_server,-1,ActivityManager,Sending non-protected broadcast action.com.vlife.provider.sync from system 4538:com.android.systemui/u0a24 pkg com.android.systemui]
05-11 16:19:05.691  3843  3866 I am_wtf  : [0,3843,system_server,-1,ActivityManager,Sending non-protected broadcast action.com.vlife.provider.sync from system 4538:com.android.systemui/u0a24 pkg com.android.systemui]
05-11 16:19:05.733  3843 21037 I notification_expansion: [0|android|10011|null|1000,0,0,1387375,1387375,0]
05-11 16:19:05.734  3843  4812 I notification_expansion: [0|android|110110|null|1000,0,0,1387383,1387383,0]
05-11 16:19:05.735  3843  8741 I notification_expansion: [0|com.android.bbklog|2147483647|group_key_override|1000|ranker_bundle,0,1,2010765,2010765,1507456]
05-11 16:19:05.737  3843  3865 I notification_expansion: [0|com.bbk.facewake|2147483647|group_key_override|1000|ranker_bundle,0,1,6434953,6434953,1507458]
05-11 16:19:05.739  3843 21036 I notification_expansion: [0|com.vivo.abe|2147483647|group_key_override|1000|ranker_bundle,0,1,7045243,7045243,1507460]
05-11 16:19:18.550  3843  4126 I sysui_histogram: [power_double_tap_interval,86624]
05-11 16:19:18.556  3843  3843 I power_screen_state: [1,0,0,0]
05-11 16:19:18.556  3843  3843 I screen_toggled: 1
05-11 16:19:18.558  3843  3843 I power_screen_broadcast_send: 1
05-11 16:19:18.559  4538  4538 I sysui_histogram: [note_load,10]
05-11 16:19:18.559  3843 21037 I notification_panel_revealed: 10
05-11 16:19:18.653  3843  3881 I am_pss  : [7656,10063,com.iqoo.secure:remote,42504192,41549824,0]
05-11 16:19:18.677  3843  4831 I am_wtf  : [0,3843,system_server,-1,ActivityManager,Sending non-protected broadcast com.vivo.updater.action.SCREEN_ON from system 4700:com.vivo.daemonService/1000 pkg com.vivo.daemonService]
05-11 16:19:18.813   512   512 I sf_frame_dur: [ColorFade,2,1,0,0,0,0,0]
05-11 16:19:18.943  3843  5752 I am_finish_activity: [0,102069241,138,com.tencent.reading/com.tencent.news.push.alive.offactivity.HollowActivity,app-request]
05-11 16:19:18.944  3843  5752 I am_focused_stack: [0,0,1,finishActivity adjustFocus setFocusedActivity]
05-11 16:19:18.944  3843  5752 I wm_task_moved: [34,1,1]
05-11 16:19:18.948  3843  5752 I am_focused_activity: [0,com.bbk.launcher2/.Launcher,finishActivity adjustFocus]
05-11 16:19:18.955  3843  5752 I am_destroy_activity: [0,102069241,138,com.tencent.reading/com.tencent.news.push.alive.offactivity.HollowActivity,finish-imm]
05-11 16:19:18.983  3843  8737 I wm_task_removed: [138,removeAppToken: last token]
05-11 16:19:18.983  3843  8737 I wm_task_removed: [138,removeTask]
05-11 16:19:18.991  3843  8737 I am_resume_activity: [0,12450827,34,com.bbk.launcher2/.Launcher]
05-11 16:19:19.013 10606 10606 I am_on_resume_called: [0,com.bbk.launcher2.Launcher,RESUME_ACTIVITY]
05-11 16:19:19.046  3843  3843 I power_screen_broadcast_done: [1,488,1]
05-11 16:19:19.675  3843  3843 I sysui_action: [252,true]
05-11 16:19:19.678  4538  4867 I screen_toggled: 2
05-11 16:19:19.687  4538  4538 I sysui_status_bar_state: [1,0,0,0,1,0]
05-11 16:19:19.702  4538  4538 I sysui_view_visibility: [111,0]
05-11 16:19:19.729  3843  3882 I am_broadcast_discard_app: [0,172322478,android.intent.action.USER_PRESENT,0,ResolveInfo{fdd544f cn.wps.moffice_eng/cn.wps.moffice.service.receivers.MonitorServiceReceiver p=2147483647 m=0x108000}]
05-11 16:19:19.729  3843  3882 I am_broadcast_discard_app: [0,172322478,android.intent.action.USER_PRESENT,1,ResolveInfo{50727dc com.eg.android.AlipayGphone/com.alipay.pushsdk.BroadcastActionReceiver p=2147483647 m=0x108000}]
05-11 16:19:19.729  3843  3882 I am_broadcast_discard_app: [0,172322478,android.intent.action.USER_PRESENT,2,ResolveInfo{25930e5 com.jingdong.app.mall/com.tencent.android.tpush.XGPushReceiver p=2147483647 m=0x108000}]
05-11 16:19:19.730  3843  3882 I am_broadcast_discard_app: [0,172322478,android.intent.action.USER_PRESENT,3,ResolveInfo{2fdc7ba com.qq.ac.android/com.tencent.android.tpush.XGPushReceiver p=2147483647 m=0x108000}]
05-11 16:19:19.730  3843  3882 I am_broadcast_discard_app: [0,172322478,android.intent.action.USER_PRESENT,4,ResolveInfo{cc4e66b com.sina.news/.receiver.UserPresentReceiver p=2147483647 m=0x108000}]
05-11 16:19:19.735  3843 21038 I notification_expansion: [0|android|10011|null|1000,0,1,1401377,1401377,0]
05-11 16:19:19.736  3843  4812 I notification_expansion: [0|android|110110|null|1000,0,1,1401385,1401385,0]
05-11 16:19:19.737  3843 21036 I notification_expansion: [0|com.android.bbklog|2147483647|group_key_override|1000|ranker_bundle,0,1,2024767,2024767,1521458]
05-11 16:19:19.737  3843  8624 I notification_expansion: [0|com.bbk.facewake|2147483647|group_key_override|1000|ranker_bundle,0,1,6448953,6448953,1521458]
05-11 16:19:19.738  3843 21046 I notification_expansion: [0|com.vivo.abe|2147483647|group_key_override|1000|ranker_bundle,0,1,7059243,7059243,1521460]
05-11 16:19:19.741  3843 21037 I am_broadcast_discard_app: [0,172322478,android.intent.action.USER_PRESENT,7,ResolveInfo{fcce5c8 com.audiocn.kalaok/com.eguan.monitor.receiver.SystemStartReceiver p=9999 m=0x108000}]
05-11 16:19:19.742  3843  3882 I am_broadcast_discard_app: [0,172322478,android.intent.action.USER_PRESENT,8,ResolveInfo{9b0a586 com.changba/com.eguan.drivermonitor.receiver.SystemStartReceiver p=1000 m=0x108000}]
05-11 16:19:19.790  3843  4812 I am_broadcast_discard_app: [0,172322478,android.intent.action.USER_PRESENT,17,ResolveInfo{b891099 air.tv.douyu.android/com.taobao.accs.EventReceiver m=0x108000}]
05-11 16:19:19.790  3843  3882 I am_broadcast_discard_app: [0,172322478,android.intent.action.USER_PRESENT,18,ResolveInfo{bc0df5e cn.wps.moffice_eng/com.igexin.sdk.PushReceiver m=0x108000}]
05-11 16:19:19.792  3843  3882 I am_broadcast_discard_app: [0,172322478,android.intent.action.USER_PRESENT,19,ResolveInfo{5e1ef3f com.Qunar/com.igexin.sdk.PushReceiver m=0x108000}]
05-11 16:19:19.793  3843  3882 I am_broadcast_discard_app: [0,172322478,android.intent.action.USER_PRESENT,20,ResolveInfo{1d2400c com.audiocn.kalaok/com.audiocn.karaoke.phone.notification.NotificationReceiver m=0x108000}]
05-11 16:19:19.794  3843  3882 I am_broadcast_discard_app: [0,172322478,android.intent.action.USER_PRESENT,21,ResolveInfo{b511d55 com.audiocn.kalaok/com.igexin.sdk.PushReceiver m=0x108000}]
05-11 16:19:19.794  3843  3882 I am_broadcast_discard_app: [0,172322478,android.intent.action.USER_PRESENT,22,ResolveInfo{d37936a com.audiocn.kalaok/com.taobao.accs.EventReceiver m=0x108000}]
05-11 16:19:19.795  3843  3882 I am_broadcast_discard_app: [0,172322478,android.intent.action.USER_PRESENT,23,ResolveInfo{b6950f8 com.autonavi.minimap/com.taobao.accs.EventReceiver m=0x108000}]
05-11 16:19:19.795  3843  3882 I am_broadcast_discard_app: [0,172322478,android.intent.action.USER_PRESENT,24,ResolveInfo{a5339d1 com.baidu.BaiduMap/com.baidu.android.pushservice.PushServiceReceiver m=0x108000}]
05-11 16:19:19.796  3843  3882 I am_broadcast_discard_app: [0,172322478,android.intent.action.USER_PRESENT,25,ResolveInfo{9b37c36 com.baidu.netdisk/com.baidu.android.pushservice.PushServiceReceiver m=0x108000}]
05-11 16:19:19.796  3843  3882 I am_broadcast_discard_app: [0,172322478,android.intent.action.USER_PRESENT,26,ResolveInfo{9088737 com.baidu.netdisk/com.baidu.devicesecurity.receiver.DSDeviceAdminReceiver m=0x108000}]
05-11 16:19:19.797  3843  3882 I am_broadcast_discard_app: [0,172322478,android.intent.action.USER_PRESENT,27,ResolveInfo{d5e84a4 com.baidu.news/com.baidu.android.pushservice.PushServiceReceiver m=0x108000}]
05-11 16:19:19.797  3843  3882 I am_broadcast_discard_app: [0,172322478,android.intent.action.USER_PRESENT,28,ResolveInfo{880a20d com.campmobile.snowcamera/com.baidu.android.pushservice.PushServiceReceiver m=0x108000}]
05-11 16:19:19.798  3843  3882 I am_broadcast_discard_app: [0,172322478,android.intent.action.USER_PRESENT,29,ResolveInfo{33325c2 com.changba/com.taobao.accs.EventReceiver m=0x108000}]
05-11 16:19:19.802  3843 21043 I am_broadcast_discard_app: [0,172322478,android.intent.action.USER_PRESENT,31,ResolveInfo{8545fd3 com.dianping.v1/com.dianping.base.push.pushservice.PhoneStatusReceiver m=0x108000}]
05-11 16:19:19.804  3843  3882 I am_broadcast_discard_app: [0,172322478,android.intent.action.USER_PRESENT,32,ResolveInfo{9a25209 com.duowan.kiwi/com.yy.pushsvc.WakeUpReceiver m=0x108000}]
05-11 16:19:19.804  3843  3882 I am_broadcast_discard_app: [0,172322478,android.intent.action.USER_PRESENT,33,ResolveInfo{b11dc0e com.ganji.android/com.ganji.im.receiver.NetworkStateBroadcastReceiver m=0x108000}]
05-11 16:19:19.805  3843  3882 I am_broadcast_discard_app: [0,172322478,android.intent.action.USER_PRESENT,34,ResolveInfo{87b262f com.ganji.android/com.igexin.sdk.PushReceiver m=0x108000}]
05-11 16:19:19.806  3843  3882 I am_broadcast_discard_app: [0,172322478,android.intent.action.USER_PRESENT,35,ResolveInfo{b1505c5 com.jm.android.jumei/com.igexin.sdk.PushReceiver m=0x108000}]
05-11 16:19:19.807  3843  3882 I am_broadcast_discard_app: [0,172322478,android.intent.action.USER_PRESENT,37,ResolveInfo{b13ab1a com.jm.android.jumei/.push.JMAliReceiver m=0x108000}]
05-11 16:19:19.807  3843  3882 I am_broadcast_discard_app: [0,172322478,android.intent.action.USER_PRESENT,38,ResolveInfo{59df64b com.jm.android.jumei/com.taobao.accs.EventReceiver m=0x108000}]
05-11 16:19:19.809  3843  3882 I am_broadcast_discard_app: [0,172322478,android.intent.action.USER_PRESENT,39,ResolveInfo{e4ee828 com.juanpi.ui/.push.receiver.JPPushReceiver m=0x108000}]
05-11 16:19:19.810  3843  3882 I am_broadcast_discard_app: [0,172322478,android.intent.action.USER_PRESENT,40,ResolveInfo{9453941 com.juanpi.ui/com.igexin.sdk.PushReceiver m=0x108000}]
05-11 16:19:19.810  3843  3882 I am_broadcast_discard_app: [0,172322478,android.intent.action.USER_PRESENT,41,ResolveInfo{3315ee6 com.letv.android.client/.receiver.LockScreenReceiver m=0x108000}]
05-11 16:19:19.810  3843  3882 I am_broadcast_discard_app: [0,172322478,android.intent.action.USER_PRESENT,42,ResolveInfo{2d3ac27 com.letv.android.client/cn.jpush.android.service.PushReceiver m=0x108000}]
05-11 16:19:19.813  3843  3882 I am_broadcast_discard_app: [0,172322478,android.intent.action.USER_PRESENT,43,ResolveInfo{fbe5ed4 com.meitu.meipaimv/com.igexin.sdk.PushReceiver m=0x108000}]
05-11 16:19:19.814  3843  3882 I am_broadcast_discard_app: [0,172322478,android.intent.action.USER_PRESENT,44,ResolveInfo{eb287d com.meitu.meiyancamera/com.igexin.sdk.PushReceiver m=0x108000}]
05-11 16:19:19.815  3843  3882 I am_broadcast_discard_app: [0,172322478,android.intent.action.USER_PRESENT,45,ResolveInfo{8248372 com.mogujie/com.igexin.sdk.PushReceiver m=0x108000}]
05-11 16:19:19.815  3843  3882 I am_broadcast_discard_app: [0,172322478,android.intent.action.USER_PRESENT,46,ResolveInfo{3c4e3c3 com.sankuai.meituan/com.dianping.base.push.pushservice.PhoneStatusReceiver m=0x108000}]
05-11 16:19:19.816  3843  3882 I am_broadcast_discard_app: [0,172322478,android.intent.action.USER_PRESENT,47,ResolveInfo{40c9440 com.sankuai.meituan.takeoutnew/com.dianping.base.push.pushservice.PhoneStatusReceiver m=0x108000}]
05-11 16:19:19.816  3843  3882 I am_broadcast_discard_app: [0,172322478,android.intent.action.USER_PRESENT,48,ResolveInfo{806cf79 com.sina.news/com.igexin.sdk.PushReceiver m=0x108000}]
05-11 16:19:19.823  3843  4811 I am_broadcast_discard_app: [0,172322478,android.intent.action.USER_PRESENT,50,ResolveInfo{246b46c com.ss.android.article.news/com.ss.android.message.MessageReceiver m=0x108000}]
05-11 16:19:19.823  3843  3882 I am_broadcast_discard_app: [0,172322478,android.intent.action.USER_PRESENT,51,ResolveInfo{a9bea35 com.ss.android.article.news/com.taobao.accs.EventReceiver m=0x108000}]
05-11 16:19:19.824  3843  3882 I am_broadcast_discard_app: [0,172322478,android.intent.action.USER_PRESENT,52,ResolveInfo{fbd0eca com.ss.android.article.news/.AliyunPushMsgReceiver m=0x108000}]
05-11 16:19:19.825  3843  3882 I am_broadcast_discard_app: [0,172322478,android.intent.action.USER_PRESENT,53,ResolveInfo{83d083b com.ss.android.article.news/com.ss.android.message.sswo.SswoReceiver m=0x108000}]
05-11 16:19:19.826  3843  3882 I am_broadcast_discard_app: [0,172322478,android.intent.action.USER_PRESENT,54,ResolveInfo{320ab58 com.ss.android.article.video/com.ss.android.message.MessageReceiver m=0x108000}]
05-11 16:19:19.827  3843  3882 I am_broadcast_discard_app: [0,172322478,android.intent.action.USER_PRESENT,55,ResolveInfo{72df4b1 com.ss.android.article.video/com.taobao.accs.EventReceiver m=0x108000}]
05-11 16:19:19.828  3843  3882 I am_broadcast_discard_app: [0,172322478,android.intent.action.USER_PRESENT,56,ResolveInfo{1054d96 com.ss.android.essay.joke/com.ss.android.message.MessageReceiver m=0x108000}]
05-11 16:19:19.829  3843  3882 I am_broadcast_discard_app: [0,172322478,android.intent.action.USER_PRESENT,57,ResolveInfo{4e9ed17 com.ss.android.essay.joke/com.ss.android.message.sswo.SswoReceiver m=0x108000}]
05-11 16:19:19.829  3843  3882 I am_broadcast_discard_app: [0,172322478,android.intent.action.USER_PRESENT,58,ResolveInfo{4a12504 com.ss.android.essay.joke/com.taobao.accs.EventReceiver m=0x108000}]
05-11 16:19:19.830  3843  3882 I am_broadcast_discard_app: [0,172322478,android.intent.action.USER_PRESENT,59,ResolveInfo{6fc2aed com.tencent.news/.push.alive.offactivity.OffScreenReceiver m=0x108000}]
05-11 16:19:19.830  3843  3882 I am_broadcast_discard_app: [0,172322478,android.intent.action.USER_PRESENT,60,ResolveInfo{ec0ad22 com.tencent.news/com.taobao.accs.EventReceiver m=0x108000}]
05-11 16:19:19.833  3843  4672 I am_broadcast_discard_app: [0,172322478,android.intent.action.USER_PRESENT,62,ResolveInfo{71643b3 com.wepie.snake.vivo/com.wepie.snake.helper.push.NoticeReceiver m=0x108000}]
05-11 16:19:19.837  3843  4788 I am_broadcast_discard_app: [0,172322478,android.intent.action.USER_PRESENT,64,ResolveInfo{c8d8d70 com.youku.phone/com.taobao.accs.EventReceiver m=0x108000}]
05-11 16:19:19.839  3843  3882 I am_broadcast_discard_app: [0,172322478,android.intent.action.USER_PRESENT,65,ResolveInfo{dfd88e9 me.ele/com.igexin.sdk.PushReceiver m=0x108000}]
05-11 16:19:19.893  3843  4812 I notification_panel_hidden: []
05-11 16:19:19.899   512   512 I sf_frame_dur: [SurfaceView - StatusBar,0,0,1,4,3,0,2]
05-11 16:19:20.924  3843  4788 I am_new_intent: [0,31488366,111,com.vivo.upslide/.recents.RecentsActivity,NULL,NULL,NULL,276840448]
05-11 16:19:20.925  3843  4788 I wm_task_moved: [111,1,1]
05-11 16:19:20.929  3843  4788 I am_focused_activity: [0,com.vivo.upslide/.recents.RecentsActivity,bringingFoundTaskToFront]
05-11 16:19:20.930  3843  4788 I am_pause_activity: [0,12450827,com.bbk.launcher2/.Launcher]
05-11 16:19:20.939 10606 10606 I am_on_paused_called: [0,com.bbk.launcher2.Launcher,handlePauseActivity]
05-11 16:19:20.946  3843  4788 I am_resume_activity: [0,108185673,111,com.vivo.upslide/.recents.RecentsActivity]
05-11 16:19:20.950  3843  4788 I am_task_to_front: [0,111]
05-11 16:19:20.954  3843  4788 I sysui_action: [323,com.vivo.upslide/.recents.RecentsActivity]
05-11 16:19:20.954  3843  4788 I sysui_action: [324,true]
05-11 16:19:20.954  3843  4788 I sysui_action: [325,18177]
05-11 16:19:20.967  3843  3882 I am_stop_activity: [0,12450827,com.bbk.launcher2/.Launcher]
05-11 16:19:20.991 10606 10606 I am_on_stop_called: [0,com.bbk.launcher2.Launcher,handleStopActivity]
05-11 16:19:21.019  3843  3881 I am_pss  : [10221,1000,com.qti.service.colorservice,5305344,4837376,0]
05-11 16:19:21.079  3843  3881 I am_pss  : [4442,10062,com.baidu.input_bbk.service,53761024,51163136,0]
05-11 16:19:21.104  3843  3881 I am_pss  : [29700,10011,android.process.media,22031360,20688896,0]
05-11 16:19:21.105  3494  3494 I am_on_resume_called: [0,com.vivo.upslide.recents.RecentsActivity,RESUME_ACTIVITY]
05-11 16:19:21.141  3843  3881 I am_pss  : [26496,10131,com.wuba,44094464,40058880,0]
05-11 16:19:21.159  3843  3881 I am_pss  : [9452,10131,com.wuba.plugin.dawn.process,14253056,13615104,0]
05-11 16:19:21.175  3843  3881 I am_pss  : [11439,10101,com.vivo.sdkplugin,6278144,5738496,0]
05-11 16:19:21.187  3843  3915 I sysui_action: [322,285]
05-11 16:19:21.193  3843  3881 I am_pss  : [6903,10128,com.tencent.mobileqq:MSF,20520960,19353600,0]
05-11 16:19:21.241  3843  3881 I am_pss  : [6917,10128,com.tencent.mobileqq,80034816,76783616,0]
05-11 16:19:21.258  3843  3881 I am_pss  : [11585,10085,com.vivo.secime.service,16398336,15224832,0]
05-11 16:19:21.279  3843  3881 I am_pss  : [7336,10131,com.wuba:downloadapkservice,26986496,25559040,0]
05-11 16:19:21.296  3843  3881 I am_pss  : [26258,10229,com.sohu.sohuvideo:sohunews,11429888,10153984,0]
05-11 16:19:21.313  3843  3881 I am_pss  : [25881,10172,com.cubic.autohome,13449216,12292096,0]
05-11 16:19:21.327  3843  3881 I am_pss  : [4302,1000,com.vivo.appfilter,10935296,10321920,0]
05-11 16:19:21.380  3843  3881 I am_pss  : [5143,10064,com.bbk.iqoo.logsystem,29818880,28135424,0]
05-11 16:19:21.397  3843  3881 I am_pss  : [12273,10132,com.tencent.mm:appbrand0,14705664,13975552,0]
05-11 16:19:21.418  3843  3881 I am_pss  : [4382,10132,com.tencent.mm:tools,23661568,19628032,0]
05-11 16:19:21.435  3843  3881 I am_pss  : [23778,10130,com.sina.weibo,16704512,15790080,0]
05-11 16:19:21.460  3843  3881 I am_pss  : [16762,10030,com.bbk.appstore,96658432,91656192,0]
05-11 16:19:21.479  3843  3881 I am_pss  : [30045,10002,android.process.acore,31690752,30838784,0]
05-11 16:19:21.494  3843  3881 I am_pss  : [28834,10056,com.vivo.doubletimezoneclock,15506432,14508032,0]
05-11 16:19:21.517  3843  3881 I am_pss  : [25978,10097,com.vivo.gallery,69827584,66465792,0]
05-11 16:19:21.531  3843  3881 I am_pss  : [8405,10028,com.vivo.audiofx,6393856,5869568,0]
05-11 16:19:21.546  3843  3881 I am_pss  : [4841,1000,com.vivo.smartmultiwindow,25125888,23273472,0]
05-11 16:19:21.561  3843  3881 I am_pss  : [27874,1000,com.vivo.abe:pushservice_v1,12241920,10088448,0]
05-11 16:19:21.580  3843  3881 I am_pss  : [6008,1000,com.android.bbklog,24777728,23040000,0]
05-11 16:19:21.596  3843  3881 I am_pss  : [30514,10179,com.achievo.vipshop,6525952,4894720,0]
05-11 16:19:21.606   512   512 I sf_frame_dur: [com.bbk.launcher2/com.bbk.launcher2.Launcher,0,1,0,3,0,1,4]
05-11 16:19:21.613  3843  3881 I am_pss  : [30442,10179,com.achievo.vipshop:pushservice,9834496,7815168,0]
05-11 16:19:21.627  3843  3881 I am_pss  : [29288,1000,com.qualcomm.qti.appnetaccess,3399680,2932736,0]
05-11 16:19:21.646  3843  3881 I am_pss  : [21437,10172,com.cubic.autohome:pushservice,20007936,18444288,0]
05-11 16:19:21.665  3843  3881 I am_pss  : [5843,10180,com.immomo.momo,15544320,14958592,0]
05-11 16:19:21.683  3843  3881 I am_pss  : [7422,10055,com.vivo.devicereg,50613248,50192384,0]
05-11 16:19:21.697  3843  3881 I am_pss  : [5942,1000,com.vivo.wifi.networkdetect,6433792,6000640,0]
05-11 16:19:21.711  3843  3881 I am_pss  : [23837,1000,com.volte.config,4559872,4128768,0]
05-11 16:19:21.729  3843  3881 I am_pss  : [18317,10179,com.achievo.vipshop.MqttService,12133376,10723328,0]
05-11 16:19:21.747  3843  3881 I am_pss  : [4711,1000,com.android.settings,31859712,30085120,0]
05-11 16:19:21.765  3843  3881 I am_pss  : [6538,10130,com.sina.weibo:remote,16468992,15437824,0]
05-11 16:19:21.779  3843  3881 I am_pss  : [6502,1000,com.qualcomm.display,4802560,4358144,0]
05-11 16:19:21.793  3843  3881 I am_pss  : [6080,1000,org.simalliance.openmobileapi.service:remote,4928512,4481024,0]
05-11 16:19:21.811  3843  3881 I am_pss  : [7995,1000,com.vivo.permissionmanager,23371776,22896640,0]
05-11 16:19:21.824  3843  3881 I am_pss  : [5037,10002,com.vivo.sim.contacts,5737472,5320704,0]
05-11 16:19:21.842  3843  3881 I am_pss  : [8642,1000,com.vivo.intelliengine,21663744,20799488,0]
05-11 16:19:21.857  3843  3881 I am_pss  : [8562,10132,com.tencent.mm:exdevice,12236800,11669504,0]
05-11 16:19:21.872  3843  3881 I am_pss  : [5080,1001,com.qualcomm.qcrilmsgtunnel,6085632,5525504,0]
05-11 16:19:22.037  3843  5710 I am_new_intent: [0,105531911,34,com.bbk.launcher2/.Launcher,android.intent.action.MAIN,NULL,NULL,278921216]
05-11 16:19:22.038  3843  5710 I wm_task_moved: [34,1,1]
05-11 16:19:22.040  3843  5710 I am_focused_activity: [0,com.bbk.launcher2/.Launcher,bringingFoundTaskToFront]
05-11 16:19:22.041  3843  5710 I am_pause_activity: [0,108185673,com.vivo.upslide/.recents.RecentsActivity]
05-11 16:19:22.043  3843  5710 I am_task_to_front: [0,34]
05-11 16:19:22.046  3843  5710 I sysui_action: [323,com.bbk.launcher2/.Launcher]
05-11 16:19:22.046  3843  5710 I sysui_action: [324,true]
05-11 16:19:22.047  3843  5710 I sysui_action: [325,18178]
05-11 16:19:22.051  3494  3494 I am_on_paused_called: [0,com.vivo.upslide.recents.RecentsActivity,handlePauseActivity]
05-11 16:19:22.063  3843 21038 I am_resume_activity: [0,12450827,34,com.bbk.launcher2/.Launcher]
05-11 16:19:22.073  3843  3882 I sysui_count: [window_time_0,19]
05-11 16:19:22.082 10606 10606 I am_on_resume_called: [0,com.bbk.launcher2.Launcher,RESUME_ACTIVITY]
05-11 16:19:22.139  3843  3915 I sysui_action: [320,2]
05-11 16:19:22.139  3843  3915 I sysui_action: [319,121]
05-11 16:19:22.139  3843  3915 I sysui_action: [322,121]
05-11 16:19:22.565  3843  3882 I am_stop_activity: [0,108185673,com.vivo.upslide/.recents.RecentsActivity]
05-11 16:19:22.597  3494  3494 I am_on_stop_called: [0,com.vivo.upslide.recents.RecentsActivity,handleStopActivity]
05-11 16:19:22.610   512   512 I sf_frame_dur: [com.vivo.upslide/com.vivo.upslide.recents.RecentsActivity,19,0,0,0,0,0,0]
05-11 16:19:29.555  3843  3881 I am_pss  : [7656,10063,com.iqoo.secure:remote,42590208,41635840,0]
05-11 16:19:29.571  3843 21045 I am_proc_died: [0,4382,com.tencent.mm:tools]
05-11 16:19:29.571  3843 21045 I am_broadcast_discard_app: [0,81481462,NULL,0,ResolveInfo{2fb7564 com.tencent.mm/.booter.MMReceivers$ToolsProcessReceiver m=0x0}]
05-11 16:19:42.911  3843  3884 I am_wtf  : [0,3843,system_server,-1,ActivityManager,Sending non-protected broadcast vivo.intent.action.CHECK_ALERT_WINDOW from system 3843:system/1000 pkg android]
05-11 16:19:42.912  3843  3884 I am_wtf  : [0,3843,system_server,-1,ActivityManager,Sending non-protected broadcast vivo.intent.action.CHECK_ALERT_WINDOW from system 3843:system/1000 pkg android]
05-11 16:19:42.969  3843  3881 I am_pss  : [10606,10034,com.bbk.launcher2,104071168,101883904,0]
05-11 16:19:42.997  3843  3881 I am_pss  : [5036,10171,com.tencent.reading:PushService,15216640,10035200,0]
05-11 16:19:43.016  3843  3881 I am_pss  : [11668,10009,com.android.dialer,33202176,31105024,0]
05-11 16:19:43.054  3843  3881 I am_pss  : [4735,10171,com.tencent.reading,93817856,85712896,0]
05-11 16:19:43.073  3843  3881 I am_pss  : [32490,10033,com.android.filemanager,21754880,18890752,0]
05-11 16:19:43.087  3843  3881 I am_pss  : [5814,1000,com.vivo.doubleinstance,5646336,5144576,0]
05-11 16:19:43.101  3843  3881 I am_pss  : [7245,10081,com.vivo.safecenter,8885248,8335360,0]
05-11 16:19:43.116  3843  3881 I am_pss  : [7402,10087,com.bbk.updater,10218496,8441856,0]
05-11 16:19:43.130  3843  3881 I am_pss  : [32096,10018,com.vivo.numbermark,4325376,2908160,0]
05-11 16:19:43.148  3843  3881 I am_pss  : [8155,1000,com.iqoo.engineermode,18594816,15413248,0]
05-11 16:19:43.169  3843  3881 I am_pss  : [6433,10092,com.android.camera,32143360,27328512,0]
05-11 16:19:43.186  3843  3881 I am_pss  : [6689,10043,com.android.VideoPlayer,15346688,12627968,0]
05-11 16:19:43.203  3843  3881 I am_pss  : [5939,10041,com.android.BBKClock,16755712,14237696,0]
05-11 16:19:46.592  3843  3843 I free_storage_changed: 9278943232
05-11 16:19:48.663  3843  4216 I netstats_mobile_sample: [101307364,89639,4479061,53988,101307140,89634,4047157,53988,101307140,89634,4051573,54060,1494490788665]
05-11 16:19:48.664  3843  4216 I netstats_wifi_sample: [23731889108,16403154,577439864,8391070,23731767314,16398432,459963783,8390877,23731695072,16398027,459968319,8390952,1494490788665]
05-11 16:19:51.860  3843  3921 I power_sleep_requested: 0
05-11 16:19:51.866  3843  3843 I power_screen_state: [0,3,0,0]
05-11 16:19:51.866  3843  3843 I screen_toggled: 0
05-11 16:19:51.866  3843  3843 I sysui_histogram: [screen_timeout,30]
05-11 16:19:51.889  3843  3843 I power_screen_broadcast_send: 1
05-11 16:19:51.907  3843  3843 I am_pause_activity: [0,12450827,com.bbk.launcher2/.Launcher]
05-11 16:19:51.913 10606 10606 I am_on_paused_called: [0,com.bbk.launcher2.Launcher,handlePauseActivity]
05-11 16:19:51.969  3843  3882 I am_stop_activity: [0,12450827,com.bbk.launcher2/.Launcher]
05-11 16:19:51.985 10606 10606 I am_on_stop_called: [0,com.bbk.launcher2.Launcher,sleeping]
05-11 16:19:51.986  3843  3881 I am_pss  : [8019,10004,com.android.providers.calendar,5583872,4087808,0]
05-11 16:19:51.998  3843  3843 I sysui_histogram: [fingerprint_token,0]
05-11 16:19:52.031  3843  3881 I am_pss  : [31630,10091,com.bbk.calendar,4214784,3145728,0]
05-11 16:19:52.092  3843  4698 I am_wtf  : [0,3843,system_server,-1,ActivityManager,Sending non-protected broadcast com.vivo.updater.action.SCREEN_OFF from system 4700:com.vivo.daemonService/1000 pkg com.vivo.daemonService]
05-11 16:19:52.407   512   512 I sf_frame_dur: [SurfaceView - ,1,207,2,1,0,0,0]
05-11 16:19:52.447  3843  3881 I am_pss  : [30217,10045,com.vivo.weather.provider,12535808,10547200,0]
05-11 16:19:52.469  3843  3843 I power_screen_broadcast_done: [0,580,1]
05-11 16:19:52.654  3843 21036 I am_create_task: [0,139]
05-11 16:19:52.654  3843 21036 I am_create_activity: [0,147261283,139,com.tencent.reading/com.tencent.news.push.alive.offactivity.HollowActivity,NULL,NULL,NULL,276824064]
05-11 16:19:52.656  3843 21036 I wm_task_created: [139,1]
05-11 16:19:52.657  3843 21036 I wm_task_moved: [139,1,11]
05-11 16:19:52.657  3843 21036 I am_focused_stack: [0,1,0,startedActivity setFocusedActivity]
05-11 16:19:52.657  3843 21036 I wm_task_moved: [139,1,11]
05-11 16:19:52.668  3843 21036 I am_focused_activity: [0,com.tencent.reading/com.tencent.news.push.alive.offactivity.HollowActivity,startedActivity]
05-11 16:19:52.675  3843 21036 I am_restart_activity: [0,147261283,139,com.tencent.reading/com.tencent.news.push.alive.offactivity.HollowActivity]
05-11 16:19:52.677  3843 21036 I am_pause_activity: [0,147261283,com.tencent.reading/com.tencent.news.push.alive.offactivity.HollowActivity]
05-11 16:19:52.680  3843 21036 I sysui_action: [323,com.tencent.reading/com.tencent.news.push.alive.offactivity.HollowActivity]
05-11 16:19:52.680  3843 21036 I sysui_action: [324,true]
05-11 16:19:52.680  3843 21036 I sysui_action: [325,18209]
05-11 16:19:52.690  3843  3915 I sysui_action: [320,3]
05-11 16:19:52.690  3843  3915 I sysui_action: [319,46]
05-11 16:19:52.700  5036  5036 I am_on_resume_called: [0,com.tencent.news.push.alive.offactivity.HollowActivity,LAUNCH_ACTIVITY]
05-11 16:19:52.703  5036  5036 I am_on_paused_called: [0,com.tencent.news.push.alive.offactivity.HollowActivity,handlePauseActivity]
05-11 16:19:52.704  3843  3882 I am_stop_activity: [0,147261283,com.tencent.reading/com.tencent.news.push.alive.offactivity.HollowActivity]
05-11 16:19:52.706  3843  3882 I sysui_count: [window_time_0,31]
05-11 16:19:52.726  5036  5036 I am_on_stop_called: [0,com.tencent.news.push.alive.offactivity.HollowActivity,sleeping]
05-11 16:19:52.749  3843  3915 I sysui_action: [322,105]
05-11 16:19:52.749  3843  3915 I am_activity_launch_time: [0,147261283,com.tencent.reading/com.tencent.news.push.alive.offactivity.HollowActivity,72,78]
05-11 16:19:54.459  3843 21051 I am_new_intent: [0,165723831,139,com.tencent.reading/com.tencent.news.push.alive.offactivity.HollowActivity,NULL,NULL,NULL,276824064]
05-11 16:19:54.460  3843 21051 I wm_task_moved: [139,1,11]
05-11 16:19:54.467  3843 21051 I am_resume_activity: [0,147261283,139,com.tencent.reading/com.tencent.news.push.alive.offactivity.HollowActivity]
05-11 16:19:54.516  3843 21051 I am_pause_activity: [0,147261283,com.tencent.reading/com.tencent.news.push.alive.offactivity.HollowActivity]
05-11 16:19:54.529  3843 21051 I sysui_action: [323,com.tencent.reading/com.tencent.news.push.alive.offactivity.HollowActivity]
05-11 16:19:54.529  3843 21051 I sysui_action: [324,true]
05-11 16:19:54.529  3843 21051 I sysui_action: [325,18211]
05-11 16:19:54.530  3843  3915 I sysui_action: [320,3]
05-11 16:19:54.530  3843  3915 I sysui_action: [319,82]
05-11 16:19:54.534  5036  5036 I am_on_resume_called: [0,com.tencent.news.push.alive.offactivity.HollowActivity,RESUME_ACTIVITY]
05-11 16:19:54.536  5036  5036 I am_on_paused_called: [0,com.tencent.news.push.alive.offactivity.HollowActivity,handlePauseActivity]
05-11 16:19:54.539  3843  3882 I am_stop_activity: [0,147261283,com.tencent.reading/com.tencent.news.push.alive.offactivity.HollowActivity]
05-11 16:19:54.556  5036  5036 I am_on_stop_called: [0,com.tencent.news.push.alive.offactivity.HollowActivity,sleeping]
05-11 16:19:54.647  3843  3866 I am_proc_start: [0,12534,1000,com.alps.lcn:remote,service,com.alps.lcn/com.baidu.location.f]
05-11 16:19:54.935  3843 21051 I am_proc_bound: [0,12534,com.alps.lcn:remote]
05-11 16:19:57.077  4538  4538 I sysui_view_visibility: [111,100]
05-11 16:19:57.094  4538  4538 I sysui_status_bar_state: [1,1,0,0,1,0]
05-11 16:19:57.121  3843  3865 I am_wtf  : [0,3843,system_server,-1,ActivityManager,Sending non-protected broadcast action.com.vlife.provider.sync from system 4538:com.android.systemui/u0a24 pkg com.android.systemui]
05-11 16:19:57.122  3843  3865 I am_wtf  : [0,3843,system_server,-1,ActivityManager,Sending non-protected broadcast action.com.vlife.provider.sync from system 4538:com.android.systemui/u0a24 pkg com.android.systemui]
05-11 16:19:57.125  3843  8736 I am_wtf  : [0,3843,system_server,-1,ActivityManager,Sending non-protected broadcast action.com.vlife.provider.sync from system 4538:com.android.systemui/u0a24 pkg com.android.systemui]
05-11 16:19:57.127  3843  8736 I am_wtf  : [0,3843,system_server,-1,ActivityManager,Sending non-protected broadcast action.com.vlife.provider.sync from system 4538:com.android.systemui/u0a24 pkg com.android.systemui]
05-11 16:19:57.153  3843  4788 I am_wtf  : [0,3843,system_server,-1,ActivityManager,Sending non-protected broadcast action.com.vlife.provider.sync from system 4538:com.android.systemui/u0a24 pkg com.android.systemui]
05-11 16:19:57.155  3843  4788 I am_wtf  : [0,3843,system_server,-1,ActivityManager,Sending non-protected broadcast action.com.vlife.provider.sync from system 4538:com.android.systemui/u0a24 pkg com.android.systemui]
05-11 16:19:57.160  3843  8737 I am_wtf  : [0,3843,system_server,-1,ActivityManager,Sending non-protected broadcast action.com.vlife.provider.sync from system 4538:com.android.systemui/u0a24 pkg com.android.systemui]
05-11 16:19:57.162  3843  8737 I am_wtf  : [0,3843,system_server,-1,ActivityManager,Sending non-protected broadcast action.com.vlife.provider.sync from system 4538:com.android.systemui/u0a24 pkg com.android.systemui]
05-11 16:19:57.198  3843 21037 I notification_expansion: [0|android|10011|null|1000,0,0,1438840,1438840,0]
05-11 16:19:57.199  3843 21047 I notification_expansion: [0|android|110110|null|1000,0,0,1438847,1438847,0]
05-11 16:19:57.200  3843 21036 I notification_expansion: [0|com.android.bbklog|2147483647|group_key_override|1000|ranker_bundle,0,1,2062230,2062230,1558921]
05-11 16:19:57.201  3843  8740 I notification_expansion: [0|com.bbk.facewake|2147483647|group_key_override|1000|ranker_bundle,0,1,6486417,6486417,1558922]
05-11 16:19:57.202  3843 21045 I notification_expansion: [0|com.vivo.abe|2147483647|group_key_override|1000|ranker_bundle,0,1,7096707,7096707,1558924]
05-11 16:20:27.426  3843  3881 I am_pss  : [5036,10171,com.tencent.reading:PushService,15526912,10387456,0]
05-11 16:20:27.457  3843  3881 I am_pss  : [5814,1000,com.vivo.doubleinstance,5646336,5144576,0]
05-11 16:20:27.459  3843 21037 I am_proc_died: [0,12534,com.alps.lcn:remote]
05-11 16:20:27.493  3843  3881 I am_pss  : [5321,1000,com.bbk.facewake,9657344,8060928,0]
05-11 16:20:27.524  3843  3881 I am_pss  : [7656,10063,com.iqoo.secure:remote,42659840,41705472,0]
05-11 16:20:46.593  3843  3843 I free_storage_changed: 9276248064
05-11 16:21:06.867  3843  3843 I notification_enqueue: [10064,5143,com.bbk.iqoo.logsystem,3,NULL,0,Notification(pri=-2 contentView=com.bbk.iqoo.logsystem/0x3030028 vibrate=null sound=null defaults=0x0 flags=0x40 color=0xff607d8b vis=PRIVATE),1]
05-11 16:21:06.877  3843 21048 I notification_autogrouped: 0|com.bbk.iqoo.logsystem|3|null|10064
05-11 16:21:06.878  3843  5752 I notification_autogrouped: 0|com.bbk.iqoo.logsystem|3|null|10064
05-11 16:21:06.984  3843  3881 I am_pss  : [3843,1000,system,157957120,152825856,0]
05-11 16:21:06.998  3843  3881 I am_pss  : [5718,10071,com.oma.drm.server,5094400,4673536,0]
05-11 16:21:07.013  3843  3881 I am_pss  : [5704,10017,com.baidu.map.location,18710528,17489920,0]
05-11 16:21:07.032  3843  3881 I am_pss  : [5692,1001,com.qualcomm.qti.loadcarrier,4696064,4276224,0]
05-11 16:21:07.047  3843  3881 I am_pss  : [5678,1000,com.alps.lcn,7680000,6787072,0]
05-11 16:21:07.063  3843  3881 I am_pss  : [5666,1000,com.vivo.abe,26958848,25358336,0]
05-11 16:21:07.085  3843  3881 I am_pss  : [4805,1001,com.android.phone,38075392,37011456,0]
05-11 16:21:07.107  3843  3881 I am_pss  : [3494,1000,com.vivo.upslide,84334592,80527360,0]
05-11 16:21:07.121  3843  3881 I am_pss  : [4769,1000,com.android.server.telecom,7294976,6815744,0]
05-11 16:21:07.135  3843  3881 I am_pss  : [4758,1000,.dataservices,8487936,8040448,0]
05-11 16:21:07.153  3843  3881 I am_pss  : [4700,1000,com.vivo.daemonService,26237952,24731648,0]
05-11 16:21:07.185  3843  3881 I am_pss  : [4538,10024,com.android.systemui,95641600,92078080,0]
05-11 16:21:07.671  3843  3843 I sysui_histogram: [fingerprint_token,0]
05-11 16:21:13.706  3843  3843 I sysui_histogram: [fingerprint_token,0]
05-11 16:21:15.005  3843  3843 I notification_cancel_all: [1000,3843,com.android.mtp,0,0,0,5,NULL]
05-11 16:21:15.050  3843  4786 I am_broadcast_discard_app: [0,211962462,android.intent.action.PACKAGE_RESTARTED,4,ResolveInfo{6767e3f com.jingdong.app.mall/.broadcastReceiver.AppStateRecevier m=0x208000}]
05-11 16:21:17.469  3843  3843 I notification_cancel_all: [1000,3843,com.oma.drm.server,0,0,0,5,NULL]
05-11 16:21:17.530  3843  4786 I am_broadcast_discard_app: [0,191582417,android.intent.action.PACKAGE_RESTARTED,4,ResolveInfo{1f74736 com.jingdong.app.mall/.broadcastReceiver.AppStateRecevier m=0x208000}]
05-11 16:21:17.790  3843 21047 I am_kill : [0,11475,com.android.printspooler,904,stop com.android.printspooler]
05-11 16:21:17.800  3843  3843 I notification_cancel_all: [1000,3843,com.android.printspooler,0,0,0,5,NULL]
05-11 16:21:17.848  3843  8624 I am_broadcast_discard_app: [0,57188546,android.intent.action.PACKAGE_RESTARTED,4,ResolveInfo{c93bed3 com.jingdong.app.mall/.broadcastReceiver.AppStateRecevier m=0x208000}]
05-11 16:21:20.002  3843 21044 I am_kill : [0,10829,ctrip.android.view:pushsdk.v1,800,stop ctrip.android.view]
05-11 16:21:20.003  3843 21044 I am_schedule_service_restart: [0,ctrip.android.view/ctrip.android.pushsdk.PushService,1000]
05-11 16:21:20.012  3843  3843 I notification_cancel_all: [1000,3843,ctrip.android.view,0,0,0,5,NULL]
05-11 16:21:20.055  3843  4786 I am_broadcast_discard_app: [0,80103689,android.intent.action.PACKAGE_RESTARTED,4,ResolveInfo{8a4070e com.jingdong.app.mall/.broadcastReceiver.AppStateRecevier m=0x208000}]
05-11 16:21:55.197  3843  4126 I sysui_histogram: [power_double_tap_interval,156648]
05-11 16:21:55.202  3843  3843 I power_screen_state: [1,0,0,0]
05-11 16:21:55.202  3843  3843 I screen_toggled: 1
05-11 16:21:55.203  3843  3843 I power_screen_broadcast_send: 1
05-11 16:21:55.204  4538  4538 I sysui_histogram: [note_load,10]
05-11 16:21:55.205  3843  8737 I notification_panel_revealed: 10
05-11 16:21:55.272  3843  3881 I am_pss  : [10606,10034,com.bbk.launcher2,104409088,102199296,0]
05-11 16:21:55.299  3843  3881 I am_pss  : [7422,10055,com.vivo.devicereg,50842624,50266112,0]
05-11 16:21:55.318  3843  3881 I am_pss  : [7245,10081,com.vivo.safecenter,8900608,8339456,0]
05-11 16:21:55.326  3843 21044 I am_wtf  : [0,3843,system_server,-1,ActivityManager,Sending non-protected broadcast com.vivo.updater.action.SCREEN_ON from system 4700:com.vivo.daemonService/1000 pkg com.vivo.daemonService]
05-11 16:21:55.460   512   512 I sf_frame_dur: [ColorFade,3,0,0,0,0,0,0]
05-11 16:21:55.575  3843  4431 I am_finish_activity: [0,147261283,139,com.tencent.reading/com.tencent.news.push.alive.offactivity.HollowActivity,app-request]
05-11 16:21:55.576  3843  4431 I am_focused_stack: [0,0,1,finishActivity adjustFocus setFocusedActivity]
05-11 16:21:55.577  3843  4431 I wm_task_moved: [34,1,1]
05-11 16:21:55.580  3843  4431 I am_focused_activity: [0,com.bbk.launcher2/.Launcher,finishActivity adjustFocus]
05-11 16:21:55.587  3843  4431 I am_destroy_activity: [0,147261283,139,com.tencent.reading/com.tencent.news.push.alive.offactivity.HollowActivity,finish-imm]
05-11 16:21:55.616  3843 21037 I wm_task_removed: [139,removeAppToken: last token]
05-11 16:21:55.616  3843 21037 I wm_task_removed: [139,removeTask]
05-11 16:21:55.624  3843 21037 I am_resume_activity: [0,12450827,34,com.bbk.launcher2/.Launcher]
05-11 16:21:55.641 10606 10606 I am_on_resume_called: [0,com.bbk.launcher2.Launcher,RESUME_ACTIVITY]
05-11 16:21:55.739  3843  3843 I power_screen_broadcast_done: [1,536,1]
05-11 16:21:56.704  3843  3843 I sysui_action: [252,false]
05-11 16:21:58.125  4538  4538 I sysui_status_bar_state: [1,1,0,1,1,0]
