06-26 11:45:31.450  2813  3033 I am_broadcast_discard_app: [0,96646205,android.net.wifi.RSSI_CHANGED,0,ResolveInfo{aff8432 com.tencent.androidqqmail/com.tencent.qqmail.utilities.qmbroadcastreceiver.WifiChangeReceiver m=0x108000}]
06-26 11:45:34.477  2813  3033 I am_broadcast_discard_app: [0,254498617,android.net.wifi.RSSI_CHANGED,0,ResolveInfo{91db17e com.tencent.androidqqmail/com.tencent.qqmail.utilities.qmbroadcastreceiver.WifiChangeReceiver m=0x108000}]
06-26 11:45:37.501  2813  3033 I am_broadcast_discard_app: [0,31534581,android.net.wifi.RSSI_CHANGED,0,ResolveInfo{95f678a com.tencent.androidqqmail/com.tencent.qqmail.utilities.qmbroadcastreceiver.WifiChangeReceiver m=0x108000}]
06-26 11:45:40.527  2813  3033 I am_broadcast_discard_app: [0,98808945,android.net.wifi.RSSI_CHANGED,0,ResolveInfo{3547256 com.tencent.androidqqmail/com.tencent.qqmail.utilities.qmbroadcastreceiver.WifiChangeReceiver m=0x108000}]
06-26 11:45:43.552  2813  3033 I am_broadcast_discard_app: [0,162408109,android.net.wifi.RSSI_CHANGED,0,ResolveInfo{5bd5de2 com.tencent.androidqqmail/com.tencent.qqmail.utilities.qmbroadcastreceiver.WifiChangeReceiver m=0x108000}]
06-26 11:45:46.577  2813  3033 I am_broadcast_discard_app: [0,238256297,android.net.wifi.RSSI_CHANGED,0,ResolveInfo{8d7762e com.tencent.androidqqmail/com.tencent.qqmail.utilities.qmbroadcastreceiver.WifiChangeReceiver m=0x108000}]
06-26 11:45:49.603  2813  3033 I am_broadcast_discard_app: [0,110788197,android.net.wifi.RSSI_CHANGED,0,ResolveInfo{968c73a com.tencent.androidqqmail/com.tencent.qqmail.utilities.qmbroadcastreceiver.WifiChangeReceiver m=0x108000}]
06-26 11:45:52.629  2813  3033 I am_broadcast_discard_app: [0,129604577,android.net.wifi.RSSI_CHANGED,0,ResolveInfo{88c1d06 com.tencent.androidqqmail/com.tencent.qqmail.utilities.qmbroadcastreceiver.WifiChangeReceiver m=0x108000}]
06-26 11:45:55.654  2813  3033 I am_broadcast_discard_app: [0,55776541,android.net.wifi.RSSI_CHANGED,0,ResolveInfo{c3d0392 com.tencent.androidqqmail/com.tencent.qqmail.utilities.qmbroadcastreceiver.WifiChangeReceiver m=0x108000}]
06-26 11:45:58.680  2813  3033 I am_broadcast_discard_app: [0,185656857,android.net.wifi.RSSI_CHANGED,0,ResolveInfo{ca3c6de com.tencent.androidqqmail/com.tencent.qqmail.utilities.qmbroadcastreceiver.WifiChangeReceiver m=0x108000}]
06-26 11:46:00.049  2813  3030 I am_pss  : [5376,10071,com.oma.drm.server,3894272,3014656,0]
06-26 11:46:00.079  2813  3030 I am_pss  : [5362,1001,com.qualcomm.qti.loadcarrier,3204096,2379776,0]
06-26 11:46:00.113  2813  3030 I am_pss  : [5273,1000,com.vivo.abe,31455232,29302784,0]
06-26 11:46:00.139  2813  3030 I am_pss  : [4659,1001,com.android.phone,35650560,32153600,0]
06-26 11:46:00.161  2813  3030 I am_pss  : [4629,1000,com.vivo.upslide,38075392,34381824,0]
06-26 11:46:00.178  2813  3030 I am_pss  : [4615,1000,com.android.server.telecom,6631424,5361664,0]
06-26 11:46:00.194  2813  3030 I am_pss  : [4609,1000,.dataservices,16330752,15253504,0]
06-26 11:46:00.213  2813  3030 I am_pss  : [4428,1000,com.vivo.daemonService,26706944,23855104,0]
06-26 11:46:00.238  2813  3030 I am_pss  : [4255,10024,com.android.systemui,87741440,78811136,0]
06-26 11:46:00.287  2813  3030 I am_pss  : [2813,1000,system,157938688,148459520,0]
06-26 11:46:01.707  2813  3033 I am_broadcast_discard_app: [0,113835128,android.net.wifi.RSSI_CHANGED,0,ResolveInfo{d503f51 com.tencent.androidqqmail/com.tencent.qqmail.utilities.qmbroadcastreceiver.WifiChangeReceiver m=0x108000}]
06-26 11:46:04.731  2813  3033 I am_broadcast_discard_app: [0,164456484,android.net.wifi.RSSI_CHANGED,0,ResolveInfo{2087f8d com.tencent.androidqqmail/com.tencent.qqmail.utilities.qmbroadcastreceiver.WifiChangeReceiver m=0x108000}]
06-26 11:46:07.757  2813  3033 I am_broadcast_discard_app: [0,210428560,android.net.wifi.RSSI_CHANGED,0,ResolveInfo{38a8789 com.tencent.androidqqmail/com.tencent.qqmail.utilities.qmbroadcastreceiver.WifiChangeReceiver m=0x108000}]
06-26 11:46:10.781  2813  3033 I am_broadcast_discard_app: [0,23304124,android.net.wifi.RSSI_CHANGED,0,ResolveInfo{70b1345 com.tencent.androidqqmail/com.tencent.qqmail.utilities.qmbroadcastreceiver.WifiChangeReceiver m=0x108000}]
06-26 11:46:13.807  2813  3033 I am_broadcast_discard_app: [0,212890536,android.net.wifi.RSSI_CHANGED,0,ResolveInfo{64e9ec1 com.tencent.androidqqmail/com.tencent.qqmail.utilities.qmbroadcastreceiver.WifiChangeReceiver m=0x108000}]
06-26 11:46:16.833  2813  3033 I am_broadcast_discard_app: [0,225256020,android.net.wifi.RSSI_CHANGED,0,ResolveInfo{8e565fd com.tencent.androidqqmail/com.tencent.qqmail.utilities.qmbroadcastreceiver.WifiChangeReceiver m=0x108000}]
06-26 11:46:19.858  2813  3033 I am_broadcast_discard_app: [0,77860800,android.net.wifi.RSSI_CHANGED,0,ResolveInfo{52764f9 com.tencent.androidqqmail/com.tencent.qqmail.utilities.qmbroadcastreceiver.WifiChangeReceiver m=0x108000}]
06-26 11:46:22.884  2813  3033 I am_broadcast_discard_app: [0,127559660,android.net.wifi.RSSI_CHANGED,0,ResolveInfo{4f057b5 com.tencent.androidqqmail/com.tencent.qqmail.utilities.qmbroadcastreceiver.WifiChangeReceiver m=0x108000}]
06-26 11:46:25.908  2813  3033 I am_broadcast_discard_app: [0,146544344,android.net.wifi.RSSI_CHANGED,0,ResolveInfo{a1bba31 com.tencent.androidqqmail/com.tencent.qqmail.utilities.qmbroadcastreceiver.WifiChangeReceiver m=0x108000}]
06-26 11:46:28.930  2813  3033 I am_broadcast_discard_app: [0,55036036,android.net.wifi.RSSI_CHANGED,0,ResolveInfo{ec0c86d com.tencent.androidqqmail/com.tencent.qqmail.utilities.qmbroadcastreceiver.WifiChangeReceiver m=0x108000}]
06-26 11:46:31.956  2813  3033 I am_broadcast_discard_app: [0,96135408,android.net.wifi.RSSI_CHANGED,0,ResolveInfo{d2e7e69 com.tencent.androidqqmail/com.tencent.qqmail.utilities.qmbroadcastreceiver.WifiChangeReceiver m=0x108000}]
06-26 11:46:34.980  2813  3033 I am_broadcast_discard_app: [0,117285916,android.net.wifi.RSSI_CHANGED,0,ResolveInfo{ba79825 com.tencent.androidqqmail/com.tencent.qqmail.utilities.qmbroadcastreceiver.WifiChangeReceiver m=0x108000}]
06-26 11:46:38.006  2813  3033 I am_broadcast_discard_app: [0,38725128,android.net.wifi.RSSI_CHANGED,0,ResolveInfo{7de91a1 com.tencent.androidqqmail/com.tencent.qqmail.utilities.qmbroadcastreceiver.WifiChangeReceiver m=0x108000}]
06-26 11:46:41.032  2813  3033 I am_broadcast_discard_app: [0,99637940,android.net.wifi.RSSI_CHANGED,0,ResolveInfo{e31a6dd com.tencent.androidqqmail/com.tencent.qqmail.utilities.qmbroadcastreceiver.WifiChangeReceiver m=0x108000}]
06-26 11:46:44.056  2813  3033 I am_broadcast_discard_app: [0,9596448,android.net.wifi.RSSI_CHANGED,0,ResolveInfo{8a6d3d9 com.tencent.androidqqmail/com.tencent.qqmail.utilities.qmbroadcastreceiver.WifiChangeReceiver m=0x108000}]
06-26 11:46:47.080  2813  3033 I am_broadcast_discard_app: [0,159403084,android.net.wifi.RSSI_CHANGED,0,ResolveInfo{1a7d495 com.tencent.androidqqmail/com.tencent.qqmail.utilities.qmbroadcastreceiver.WifiChangeReceiver m=0x108000}]
06-26 11:46:50.107  2813  3033 I am_broadcast_discard_app: [0,260825400,android.net.wifi.RSSI_CHANGED,0,ResolveInfo{67e2511 com.tencent.androidqqmail/com.tencent.qqmail.utilities.qmbroadcastreceiver.WifiChangeReceiver m=0x108000}]
06-26 11:46:50.155  2813  3030 I am_pss  : [5461,10034,com.bbk.launcher2,106062848,88109056,0]
06-26 11:46:53.132  2813  3033 I am_broadcast_discard_app: [0,179951844,android.net.wifi.RSSI_CHANGED,0,ResolveInfo{58f014d com.tencent.androidqqmail/com.tencent.qqmail.utilities.qmbroadcastreceiver.WifiChangeReceiver m=0x108000}]
06-26 11:46:56.157  2813  3033 I am_broadcast_discard_app: [0,153619717,android.net.wifi.RSSI_CHANGED,0,ResolveInfo{e3415a com.tencent.androidqqmail/com.tencent.qqmail.utilities.qmbroadcastreceiver.WifiChangeReceiver m=0x108000}]
06-26 11:46:59.181  2813  3033 I am_broadcast_discard_app: [0,77689985,android.net.wifi.RSSI_CHANGED,0,ResolveInfo{7041926 com.tencent.androidqqmail/com.tencent.qqmail.utilities.qmbroadcastreceiver.WifiChangeReceiver m=0x108000}]
06-26 11:47:02.206  2813  3033 I am_broadcast_discard_app: [0,139426944,android.net.wifi.RSSI_CHANGED,0,ResolveInfo{cc732b9 com.tencent.androidqqmail/com.tencent.qqmail.utilities.qmbroadcastreceiver.WifiChangeReceiver m=0x108000}]
06-26 11:47:05.229  2813  3033 I am_broadcast_discard_app: [0,225435820,android.net.wifi.RSSI_CHANGED,0,ResolveInfo{1f4175 com.tencent.androidqqmail/com.tencent.qqmail.utilities.qmbroadcastreceiver.WifiChangeReceiver m=0x108000}]
06-26 11:47:08.253  2813  3033 I am_broadcast_discard_app: [0,122706840,android.net.wifi.RSSI_CHANGED,0,ResolveInfo{8af7ff1 com.tencent.androidqqmail/com.tencent.qqmail.utilities.qmbroadcastreceiver.WifiChangeReceiver m=0x108000}]
06-26 11:47:11.279  2813  3033 I am_broadcast_discard_app: [0,96180548,android.net.wifi.RSSI_CHANGED,0,ResolveInfo{82b2a2d com.tencent.androidqqmail/com.tencent.qqmail.utilities.qmbroadcastreceiver.WifiChangeReceiver m=0x108000}]
06-26 11:47:11.285  2813  3033 I am_broadcast_discard_app: [0,258569459,android.net.wifi.RSSI_CHANGED,0,ResolveInfo{87b05b0 com.tencent.androidqqmail/com.tencent.qqmail.utilities.qmbroadcastreceiver.WifiChangeReceiver m=0x108000}]
06-26 11:47:14.309  2813  3033 I am_broadcast_discard_app: [0,8572124,android.net.wifi.RSSI_CHANGED,0,ResolveInfo{4471e5 com.tencent.androidqqmail/com.tencent.qqmail.utilities.qmbroadcastreceiver.WifiChangeReceiver m=0x108000}]
06-26 11:47:14.311  2813  3033 I am_broadcast_discard_app: [0,66483386,android.net.wifi.RSSI_CHANGED,0,ResolveInfo{95c8f6b com.tencent.androidqqmail/com.tencent.qqmail.utilities.qmbroadcastreceiver.WifiChangeReceiver m=0x108000}]
06-26 11:47:17.328  2813  3033 I am_broadcast_discard_app: [0,101130886,android.net.wifi.RSSI_CHANGED,0,ResolveInfo{732b747 com.tencent.androidqqmail/com.tencent.qqmail.utilities.qmbroadcastreceiver.WifiChangeReceiver m=0x108000}]
06-26 11:47:20.354  2813  3033 I am_broadcast_discard_app: [0,170058002,android.net.wifi.RSSI_CHANGED,0,ResolveInfo{75980e3 com.tencent.androidqqmail/com.tencent.qqmail.utilities.qmbroadcastreceiver.WifiChangeReceiver m=0x108000}]
06-26 11:47:20.408  2813  3030 I am_pss  : [6241,10063,com.iqoo.secure:remote,38102016,35995648,0]
06-26 11:47:20.440  2813  3030 I am_pss  : [9979,10081,com.vivo.safecenter,6437888,4784128,0]
06-26 11:47:23.379  2813  3033 I am_broadcast_discard_app: [0,46791774,android.net.wifi.RSSI_CHANGED,0,ResolveInfo{999483f com.tencent.androidqqmail/com.tencent.qqmail.utilities.qmbroadcastreceiver.WifiChangeReceiver m=0x108000}]
06-26 11:47:26.404  2813  3033 I am_broadcast_discard_app: [0,137724010,android.net.wifi.RSSI_CHANGED,0,ResolveInfo{7e4295b com.tencent.androidqqmail/com.tencent.qqmail.utilities.qmbroadcastreceiver.WifiChangeReceiver m=0x108000}]
06-26 11:47:29.429  2813  3033 I am_broadcast_discard_app: [0,186857782,android.net.wifi.RSSI_CHANGED,0,ResolveInfo{f320037 com.tencent.androidqqmail/com.tencent.qqmail.utilities.qmbroadcastreceiver.WifiChangeReceiver m=0x108000}]
06-26 11:47:32.455  2813  3033 I am_broadcast_discard_app: [0,140620482,android.net.wifi.RSSI_CHANGED,0,ResolveInfo{a1c68d3 com.tencent.androidqqmail/com.tencent.qqmail.utilities.qmbroadcastreceiver.WifiChangeReceiver m=0x108000}]
06-26 11:47:35.479  2813  3033 I am_broadcast_discard_app: [0,152844558,android.net.wifi.RSSI_CHANGED,0,ResolveInfo{93abf2f com.tencent.androidqqmail/com.tencent.qqmail.utilities.qmbroadcastreceiver.WifiChangeReceiver m=0x108000}]
06-26 11:47:38.505  2813  3033 I am_broadcast_discard_app: [0,199677978,android.net.wifi.RSSI_CHANGED,0,ResolveInfo{53e1f4b com.tencent.androidqqmail/com.tencent.qqmail.utilities.qmbroadcastreceiver.WifiChangeReceiver m=0x108000}]
06-26 11:47:41.531  2813  3033 I am_broadcast_discard_app: [0,42621926,android.net.wifi.RSSI_CHANGED,0,ResolveInfo{6cd6527 com.tencent.androidqqmail/com.tencent.qqmail.utilities.qmbroadcastreceiver.WifiChangeReceiver m=0x108000}]
06-26 11:47:44.556  2813  3033 I am_broadcast_discard_app: [0,9457778,android.net.wifi.RSSI_CHANGED,0,ResolveInfo{212cc3 com.tencent.androidqqmail/com.tencent.qqmail.utilities.qmbroadcastreceiver.WifiChangeReceiver m=0x108000}]
06-26 11:47:45.258  2813  3033 I am_wtf  : [0,2813,system_server,-1,KernelWakelockReader,neither /proc/wakelocks nor /d/wakeup_sources exists]
06-26 11:47:47.581  2813  3033 I am_broadcast_discard_app: [0,30153068,android.net.wifi.RSSI_CHANGED,0,ResolveInfo{92deb35 com.tencent.androidqqmail/com.tencent.qqmail.utilities.qmbroadcastreceiver.WifiChangeReceiver m=0x108000}]
06-26 11:47:50.607  2813  3033 I am_broadcast_discard_app: [0,102195288,android.net.wifi.RSSI_CHANGED,0,ResolveInfo{35f05b1 com.tencent.androidqqmail/com.tencent.qqmail.utilities.qmbroadcastreceiver.WifiChangeReceiver m=0x108000}]
06-26 11:47:53.633  2813  3033 I am_broadcast_discard_app: [0,147728900,android.net.wifi.RSSI_CHANGED,0,ResolveInfo{3ad4bed com.tencent.androidqqmail/com.tencent.qqmail.utilities.qmbroadcastreceiver.WifiChangeReceiver m=0x108000}]
06-26 11:47:56.657  2813  3033 I am_broadcast_discard_app: [0,117826160,android.net.wifi.RSSI_CHANGED,0,ResolveInfo{b1fb9e9 com.tencent.androidqqmail/com.tencent.qqmail.utilities.qmbroadcastreceiver.WifiChangeReceiver m=0x108000}]
06-26 11:47:59.682  2813  3033 I am_broadcast_discard_app: [0,129938844,android.net.wifi.RSSI_CHANGED,0,ResolveInfo{a310ba5 com.tencent.androidqqmail/com.tencent.qqmail.utilities.qmbroadcastreceiver.WifiChangeReceiver m=0x108000}]
06-26 11:48:02.708  2813  3033 I am_broadcast_discard_app: [0,127173383,android.net.wifi.RSSI_CHANGED,0,ResolveInfo{8921c34 com.tencent.androidqqmail/com.tencent.qqmail.utilities.qmbroadcastreceiver.WifiChangeReceiver m=0x108000}]
06-26 11:48:05.735  2813  3033 I am_broadcast_discard_app: [0,141314211,android.net.wifi.RSSI_CHANGED,0,ResolveInfo{54ec7a0 com.tencent.androidqqmail/com.tencent.qqmail.utilities.qmbroadcastreceiver.WifiChangeReceiver m=0x108000}]
06-26 11:48:08.759  2813  3033 I am_broadcast_discard_app: [0,191941631,android.net.wifi.RSSI_CHANGED,0,ResolveInfo{368bdcc com.tencent.androidqqmail/com.tencent.qqmail.utilities.qmbroadcastreceiver.WifiChangeReceiver m=0x108000}]
06-26 11:48:11.783  2813  3033 I am_broadcast_discard_app: [0,135276827,android.net.wifi.RSSI_CHANGED,0,ResolveInfo{149eab8 com.tencent.androidqqmail/com.tencent.qqmail.utilities.qmbroadcastreceiver.WifiChangeReceiver m=0x108000}]
06-26 11:48:14.808  2813  3033 I am_broadcast_discard_app: [0,75381751,android.net.wifi.RSSI_CHANGED,0,ResolveInfo{80efa64 com.tencent.androidqqmail/com.tencent.qqmail.utilities.qmbroadcastreceiver.WifiChangeReceiver m=0x108000}]
06-26 11:48:17.833  2813  3033 I am_broadcast_discard_app: [0,206610579,android.net.wifi.RSSI_CHANGED,0,ResolveInfo{3f358d0 com.tencent.androidqqmail/com.tencent.qqmail.utilities.qmbroadcastreceiver.WifiChangeReceiver m=0x108000}]
06-26 11:48:20.859  2813  3033 I am_broadcast_discard_app: [0,81441519,android.net.wifi.RSSI_CHANGED,0,ResolveInfo{77d31fc com.tencent.androidqqmail/com.tencent.qqmail.utilities.qmbroadcastreceiver.WifiChangeReceiver m=0x108000}]
06-26 11:48:23.886  2813  3033 I am_broadcast_discard_app: [0,142610663,android.net.wifi.RSSI_CHANGED,0,ResolveInfo{d57c494 com.tencent.androidqqmail/com.tencent.qqmail.utilities.qmbroadcastreceiver.WifiChangeReceiver m=0x108000}]
06-26 11:48:26.911  2813  3033 I am_broadcast_discard_app: [0,112383107,android.net.wifi.RSSI_CHANGED,0,ResolveInfo{7369600 com.tencent.androidqqmail/com.tencent.qqmail.utilities.qmbroadcastreceiver.WifiChangeReceiver m=0x108000}]
06-26 11:48:29.935  2813  3033 I am_broadcast_discard_app: [0,79967711,android.net.wifi.RSSI_CHANGED,0,ResolveInfo{96f122c com.tencent.androidqqmail/com.tencent.qqmail.utilities.qmbroadcastreceiver.WifiChangeReceiver m=0x108000}]
06-26 11:48:32.960  2813  3033 I am_broadcast_discard_app: [0,56643835,android.net.wifi.RSSI_CHANGED,0,ResolveInfo{5d12518 com.tencent.androidqqmail/com.tencent.qqmail.utilities.qmbroadcastreceiver.WifiChangeReceiver m=0x108000}]
06-26 11:48:35.987  2813  3033 I am_broadcast_discard_app: [0,131662295,android.net.wifi.RSSI_CHANGED,0,ResolveInfo{93f7ac4 com.tencent.androidqqmail/com.tencent.qqmail.utilities.qmbroadcastreceiver.WifiChangeReceiver m=0x108000}]
06-26 11:48:39.012  2813  3033 I am_broadcast_discard_app: [0,12706931,android.net.wifi.RSSI_CHANGED,0,ResolveInfo{a1b7f30 com.tencent.androidqqmail/com.tencent.qqmail.utilities.qmbroadcastreceiver.WifiChangeReceiver m=0x108000}]
06-26 11:48:42.038  2813  3033 I am_broadcast_discard_app: [0,139220175,android.net.wifi.RSSI_CHANGED,0,ResolveInfo{1715e5c com.tencent.androidqqmail/com.tencent.qqmail.utilities.qmbroadcastreceiver.WifiChangeReceiver m=0x108000}]
06-26 11:48:45.064  2813  3033 I am_broadcast_discard_app: [0,6516459,android.net.wifi.RSSI_CHANGED,0,ResolveInfo{ae40448 com.tencent.androidqqmail/com.tencent.qqmail.utilities.qmbroadcastreceiver.WifiChangeReceiver m=0x108000}]
06-26 11:48:48.089  2813  3033 I am_broadcast_discard_app: [0,76025543,android.net.wifi.RSSI_CHANGED,0,ResolveInfo{7591cf4 com.tencent.androidqqmail/com.tencent.qqmail.utilities.qmbroadcastreceiver.WifiChangeReceiver m=0x108000}]
06-26 11:48:51.115  2813  3033 I am_broadcast_discard_app: [0,225235043,android.net.wifi.RSSI_CHANGED,0,ResolveInfo{e651460 com.tencent.androidqqmail/com.tencent.qqmail.utilities.qmbroadcastreceiver.WifiChangeReceiver m=0x108000}]
06-26 11:48:51.189  2813  3030 I am_pss  : [5461,10034,com.bbk.launcher2,108119040,90165248,0]
06-26 11:48:54.138  2813  3033 I am_broadcast_discard_app: [0,165376469,android.net.wifi.RSSI_CHANGED,0,ResolveInfo{edc8dea com.tencent.androidqqmail/com.tencent.qqmail.utilities.qmbroadcastreceiver.WifiChangeReceiver m=0x108000}]
06-26 11:48:54.185  2813  3030 I am_pss  : [11216,10002,android.process.acore,17447936,15458304,0]
06-26 11:48:57.164  2813  3033 I am_broadcast_discard_app: [0,152619756,android.net.wifi.RSSI_CHANGED,0,ResolveInfo{bea7eb5 com.tencent.androidqqmail/com.tencent.qqmail.utilities.qmbroadcastreceiver.WifiChangeReceiver m=0x108000}]
06-26 11:49:00.185  2813  3033 I am_broadcast_discard_app: [0,214949271,android.net.wifi.RSSI_CHANGED,0,ResolveInfo{3cf8b84 com.tencent.androidqqmail/com.tencent.qqmail.utilities.qmbroadcastreceiver.WifiChangeReceiver m=0x108000}]
06-26 11:49:03.210  2813  3033 I am_broadcast_discard_app: [0,44743731,android.net.wifi.RSSI_CHANGED,0,ResolveInfo{a7bdbf0 com.tencent.androidqqmail/com.tencent.qqmail.utilities.qmbroadcastreceiver.WifiChangeReceiver m=0x108000}]
06-26 11:49:06.235  2813  3033 I am_broadcast_discard_app: [0,172681359,android.net.wifi.RSSI_CHANGED,0,ResolveInfo{25ac71c com.tencent.androidqqmail/com.tencent.qqmail.utilities.qmbroadcastreceiver.WifiChangeReceiver m=0x108000}]
06-26 11:49:09.258  2813  3033 I am_broadcast_discard_app: [0,68648619,android.net.wifi.RSSI_CHANGED,0,ResolveInfo{9db3908 com.tencent.androidqqmail/com.tencent.qqmail.utilities.qmbroadcastreceiver.WifiChangeReceiver m=0x108000}]
06-26 11:49:12.281  2813  3033 I am_broadcast_discard_app: [0,97344135,android.net.wifi.RSSI_CHANGED,0,ResolveInfo{56eddb4 com.tencent.androidqqmail/com.tencent.qqmail.utilities.qmbroadcastreceiver.WifiChangeReceiver m=0x108000}]
06-26 11:49:15.305  2813  3033 I am_broadcast_discard_app: [0,169547811,android.net.wifi.RSSI_CHANGED,0,ResolveInfo{cf62120 com.tencent.androidqqmail/com.tencent.qqmail.utilities.qmbroadcastreceiver.WifiChangeReceiver m=0x108000}]
06-26 11:49:15.363  2813  3030 I am_pss  : [9511,10192,com.tencent.news:PushService,43255808,35581952,0]
06-26 11:49:18.330  2813  3033 I am_broadcast_discard_app: [0,234689407,android.net.wifi.RSSI_CHANGED,0,ResolveInfo{3ec2f4c com.tencent.androidqqmail/com.tencent.qqmail.utilities.qmbroadcastreceiver.WifiChangeReceiver m=0x108000}]
06-26 11:49:21.356  2813  3033 I am_broadcast_discard_app: [0,131688603,android.net.wifi.RSSI_CHANGED,0,ResolveInfo{852f438 com.tencent.androidqqmail/com.tencent.qqmail.utilities.qmbroadcastreceiver.WifiChangeReceiver m=0x108000}]
06-26 11:49:21.426  2813  3030 I am_pss  : [5673,10133,com.tencent.mm,88108032,70934528,0]
06-26 11:49:21.465  2813  3030 I am_pss  : [11047,10133,com.tencent.mm:push,31766528,19828736,0]
06-26 11:49:21.498  2813  3030 I am_pss  : [10812,10129,com.tencent.mobileqq,69474304,52277248,0]
06-26 11:49:21.521  2813  3030 I am_pss  : [10842,10129,com.tencent.mobileqq:MSF,25543680,17797120,0]
06-26 11:49:21.548  2813  3030 I am_pss  : [10573,10030,com.bbk.appstore,76910592,65187840,0]
06-26 11:49:21.564  2813  3030 I am_pss  : [5959,10056,com.vivo.doubletimezoneclock,15614976,14098432,0]
06-26 11:49:21.578  2813  3030 I am_pss  : [5731,1000,com.vivo.wifi.networkdetect,5547008,4653056,0]
06-26 11:49:21.594  2813  3030 I am_pss  : [6241,10063,com.iqoo.secure:remote,38155264,36048896,0]
06-26 11:49:21.609  2813  3030 I am_pss  : [9979,10081,com.vivo.safecenter,6437888,4784128,0]
06-26 11:49:21.626  2813  3030 I am_pss  : [7989,10025,com.vivo.browser,22838272,18518016,0]
06-26 11:49:21.640  2813  3030 I am_pss  : [7297,1000,com.qualcomm.qti.appnetaccess,3667968,2809856,0]
06-26 11:49:21.654  2813  3030 I am_pss  : [7334,10028,com.vivo.audiofx,4595712,3559424,0]
06-26 11:49:21.668  2813  3030 I am_pss  : [7604,1000,org.simalliance.openmobileapi.service:remote,3878912,2985984,0]
06-26 11:49:21.681  2813  3030 I am_pss  : [7365,10005,com.vivo.childrenmode,4573184,3633152,0]
06-26 11:49:21.695  2813  3030 I am_pss  : [7013,1000,com.qualcomm.qti.qs,3383296,2535424,0]
06-26 11:49:21.709  2813  3030 I am_pss  : [6801,1000,com.android.fuelsummary,5601280,4636672,0]
06-26 11:49:21.723  2813  3030 I am_pss  : [6670,1000,com.qualcomm.display,3179520,2387968,0]
06-26 11:49:24.381  2813  3033 I am_broadcast_discard_app: [0,85086227,android.net.wifi.RSSI_CHANGED,0,ResolveInfo{ee41250 com.tencent.androidqqmail/com.tencent.qqmail.utilities.qmbroadcastreceiver.WifiChangeReceiver m=0x108000}]
06-26 11:49:27.406  2813  3033 I am_broadcast_discard_app: [0,214424175,android.net.wifi.RSSI_CHANGED,0,ResolveInfo{680037c com.tencent.androidqqmail/com.tencent.qqmail.utilities.qmbroadcastreceiver.WifiChangeReceiver m=0x108000}]
06-26 11:49:30.431  2813  3033 I am_broadcast_discard_app: [0,94482059,android.net.wifi.RSSI_CHANGED,0,ResolveInfo{387db68 com.tencent.androidqqmail/com.tencent.qqmail.utilities.qmbroadcastreceiver.WifiChangeReceiver m=0x108000}]
06-26 11:49:33.456  2813  3033 I am_broadcast_discard_app: [0,217753703,android.net.wifi.RSSI_CHANGED,0,ResolveInfo{cb34614 com.tencent.androidqqmail/com.tencent.qqmail.utilities.qmbroadcastreceiver.WifiChangeReceiver m=0x108000}]
06-26 11:49:36.481  2813  3033 I am_broadcast_discard_app: [0,16737283,android.net.wifi.RSSI_CHANGED,0,ResolveInfo{a88af80 com.tencent.androidqqmail/com.tencent.qqmail.utilities.qmbroadcastreceiver.WifiChangeReceiver m=0x108000}]
06-26 11:49:39.505  2813  3033 I am_broadcast_discard_app: [0,201997663,android.net.wifi.RSSI_CHANGED,0,ResolveInfo{58943ac com.tencent.androidqqmail/com.tencent.qqmail.utilities.qmbroadcastreceiver.WifiChangeReceiver m=0x108000}]
06-26 11:49:42.530  2813  3033 I am_broadcast_discard_app: [0,163532923,android.net.wifi.RSSI_CHANGED,0,ResolveInfo{b1cee98 com.tencent.androidqqmail/com.tencent.qqmail.utilities.qmbroadcastreceiver.WifiChangeReceiver m=0x108000}]
06-26 11:49:45.555  2813  3033 I am_broadcast_discard_app: [0,32012631,android.net.wifi.RSSI_CHANGED,0,ResolveInfo{53e5c44 com.tencent.androidqqmail/com.tencent.qqmail.utilities.qmbroadcastreceiver.WifiChangeReceiver m=0x108000}]
06-26 11:49:48.579  2813  3033 I am_broadcast_discard_app: [0,85021683,android.net.wifi.RSSI_CHANGED,0,ResolveInfo{e6f8b0 com.tencent.androidqqmail/com.tencent.qqmail.utilities.qmbroadcastreceiver.WifiChangeReceiver m=0x108000}]
06-26 11:49:48.585  2813  3033 I am_broadcast_discard_app: [0,59897518,android.net.wifi.RSSI_CHANGED,0,ResolveInfo{6e33c4f com.tencent.androidqqmail/com.tencent.qqmail.utilities.qmbroadcastreceiver.WifiChangeReceiver m=0x108000}]
06-26 11:49:51.605  2813  3033 I am_broadcast_discard_app: [0,143314874,android.net.wifi.RSSI_CHANGED,0,ResolveInfo{2414e6b com.tencent.androidqqmail/com.tencent.qqmail.utilities.qmbroadcastreceiver.WifiChangeReceiver m=0x108000}]
06-26 11:49:54.630  2813  3033 I am_broadcast_discard_app: [0,52717127,android.net.wifi.RSSI_CHANGED,0,ResolveInfo{f935e74 com.tencent.androidqqmail/com.tencent.qqmail.utilities.qmbroadcastreceiver.WifiChangeReceiver m=0x108000}]
06-26 11:49:54.632  2813  3033 I am_broadcast_discard_app: [0,171884445,android.net.wifi.RSSI_CHANGED,0,ResolveInfo{b879c12 com.tencent.androidqqmail/com.tencent.qqmail.utilities.qmbroadcastreceiver.WifiChangeReceiver m=0x108000}]
06-26 11:49:57.651  2813  3033 I am_broadcast_discard_app: [0,156022937,android.net.wifi.RSSI_CHANGED,0,ResolveInfo{53f675e com.tencent.androidqqmail/com.tencent.qqmail.utilities.qmbroadcastreceiver.WifiChangeReceiver m=0x108000}]
06-26 11:50:00.677  2813  3033 I am_broadcast_discard_app: [0,129210616,android.net.wifi.RSSI_CHANGED,0,ResolveInfo{7e3e1d1 com.tencent.androidqqmail/com.tencent.qqmail.utilities.qmbroadcastreceiver.WifiChangeReceiver m=0x108000}]
06-26 11:50:00.683  2813  3033 I am_broadcast_discard_app: [0,242052919,android.net.wifi.RSSI_CHANGED,0,ResolveInfo{8054ca4 com.tencent.androidqqmail/com.tencent.qqmail.utilities.qmbroadcastreceiver.WifiChangeReceiver m=0x108000}]
06-26 11:50:03.703  2813  3033 I am_broadcast_discard_app: [0,52414419,android.net.wifi.RSSI_CHANGED,0,ResolveInfo{39c8f10 com.tencent.androidqqmail/com.tencent.qqmail.utilities.qmbroadcastreceiver.WifiChangeReceiver m=0x108000}]
06-26 11:50:06.728  2813  3033 I am_broadcast_discard_app: [0,143986223,android.net.wifi.RSSI_CHANGED,0,ResolveInfo{9238c3c com.tencent.androidqqmail/com.tencent.qqmail.utilities.qmbroadcastreceiver.WifiChangeReceiver m=0x108000}]
06-26 11:50:09.754  2813  3033 I am_broadcast_discard_app: [0,24010315,android.net.wifi.RSSI_CHANGED,0,ResolveInfo{5bb3028 com.tencent.androidqqmail/com.tencent.qqmail.utilities.qmbroadcastreceiver.WifiChangeReceiver m=0x108000}]
06-26 11:50:09.760  2813  3033 I am_broadcast_discard_app: [0,32171750,android.net.wifi.RSSI_CHANGED,0,ResolveInfo{f429427 com.tencent.androidqqmail/com.tencent.qqmail.utilities.qmbroadcastreceiver.WifiChangeReceiver m=0x108000}]
06-26 11:50:12.780  2813  3033 I am_broadcast_discard_app: [0,216959858,android.net.wifi.RSSI_CHANGED,0,ResolveInfo{c3a4bc3 com.tencent.androidqqmail/com.tencent.qqmail.utilities.qmbroadcastreceiver.WifiChangeReceiver m=0x108000}]
06-26 11:50:15.805  2813  3033 I am_broadcast_discard_app: [0,169209022,android.net.wifi.RSSI_CHANGED,0,ResolveInfo{26be11f com.tencent.androidqqmail/com.tencent.qqmail.utilities.qmbroadcastreceiver.WifiChangeReceiver m=0x108000}]
06-26 11:50:16.151  2813  3958 I netstats_mobile_sample: [0,0,0,0,0,0,0,0,0,0,0,0,1498449016162]
06-26 11:50:16.151  2813  3958 I netstats_wifi_sample: [25076156,33806,1163571,15477,24537622,19623,941365,15384,24316710,17638,1029899,16859,1498449016162]
06-26 11:50:18.831  2813  3033 I am_broadcast_discard_app: [0,236762402,android.net.wifi.RSSI_CHANGED,0,ResolveInfo{bb5abb3 com.tencent.androidqqmail/com.tencent.qqmail.utilities.qmbroadcastreceiver.WifiChangeReceiver m=0x108000}]
06-26 11:50:21.858  2813  3033 I am_broadcast_discard_app: [0,250937710,android.net.wifi.RSSI_CHANGED,0,ResolveInfo{dd5500f com.tencent.androidqqmail/com.tencent.qqmail.utilities.qmbroadcastreceiver.WifiChangeReceiver m=0x108000}]
06-26 11:50:24.886  2813  3033 I am_broadcast_discard_app: [0,217302650,android.net.wifi.RSSI_CHANGED,0,ResolveInfo{6a0de2b com.tencent.androidqqmail/com.tencent.qqmail.utilities.qmbroadcastreceiver.WifiChangeReceiver m=0x108000}]
06-26 11:50:27.911  2813  3033 I am_broadcast_discard_app: [0,72167943,android.net.wifi.RSSI_CHANGED,0,ResolveInfo{2869f34 com.tencent.androidqqmail/com.tencent.qqmail.utilities.qmbroadcastreceiver.WifiChangeReceiver m=0x108000}]
06-26 11:50:30.937  2813  3033 I am_broadcast_discard_app: [0,159442851,android.net.wifi.RSSI_CHANGED,0,ResolveInfo{d887aa0 com.tencent.androidqqmail/com.tencent.qqmail.utilities.qmbroadcastreceiver.WifiChangeReceiver m=0x108000}]
06-26 11:50:33.961  2813  3033 I am_broadcast_discard_app: [0,45112063,android.net.wifi.RSSI_CHANGED,0,ResolveInfo{10aa0cc com.tencent.androidqqmail/com.tencent.qqmail.utilities.qmbroadcastreceiver.WifiChangeReceiver m=0x108000}]
06-26 11:50:36.987  2813  3033 I am_broadcast_discard_app: [0,87664667,android.net.wifi.RSSI_CHANGED,0,ResolveInfo{aa6fdb8 com.tencent.androidqqmail/com.tencent.qqmail.utilities.qmbroadcastreceiver.WifiChangeReceiver m=0x108000}]
06-26 11:50:40.012  2813  3033 I am_broadcast_discard_app: [0,71346935,android.net.wifi.RSSI_CHANGED,0,ResolveInfo{5aa3d64 com.tencent.androidqqmail/com.tencent.qqmail.utilities.qmbroadcastreceiver.WifiChangeReceiver m=0x108000}]
06-26 11:50:43.037  2813  3033 I am_broadcast_discard_app: [0,122355603,android.net.wifi.RSSI_CHANGED,0,ResolveInfo{37fcbd0 com.tencent.androidqqmail/com.tencent.qqmail.utilities.qmbroadcastreceiver.WifiChangeReceiver m=0x108000}]
06-26 11:50:43.040  2813  3033 I am_broadcast_discard_app: [0,226610894,android.net.wifi.RSSI_CHANGED,0,ResolveInfo{e9c01ef com.tencent.androidqqmail/com.tencent.qqmail.utilities.qmbroadcastreceiver.WifiChangeReceiver m=0x108000}]
06-26 11:50:46.064  2813  3033 I am_broadcast_discard_app: [0,242223578,android.net.wifi.RSSI_CHANGED,0,ResolveInfo{150ce0b com.tencent.androidqqmail/com.tencent.qqmail.utilities.qmbroadcastreceiver.WifiChangeReceiver m=0x108000}]
06-26 11:50:46.072  2813  3033 I am_broadcast_discard_app: [0,48838401,android.net.wifi.RSSI_CHANGED,0,ResolveInfo{7d4e9a6 com.tencent.androidqqmail/com.tencent.qqmail.utilities.qmbroadcastreceiver.WifiChangeReceiver m=0x108000}]
06-26 11:50:49.091  2813  3033 I am_broadcast_discard_app: [0,36782653,android.net.wifi.RSSI_CHANGED,0,ResolveInfo{955fa32 com.tencent.androidqqmail/com.tencent.qqmail.utilities.qmbroadcastreceiver.WifiChangeReceiver m=0x108000}]
06-26 11:50:52.116  2813  3033 I am_broadcast_discard_app: [0,250922297,android.net.wifi.RSSI_CHANGED,0,ResolveInfo{565877e com.tencent.androidqqmail/com.tencent.qqmail.utilities.qmbroadcastreceiver.WifiChangeReceiver m=0x108000}]
06-26 11:50:52.193  2813  3030 I am_pss  : [5461,10034,com.bbk.launcher2,109965312,92012544,0]
06-26 11:50:55.140  2813  3033 I am_broadcast_discard_app: [0,167839830,android.net.wifi.RSSI_CHANGED,0,ResolveInfo{b7ef0d7 com.tencent.androidqqmail/com.tencent.qqmail.utilities.qmbroadcastreceiver.WifiChangeReceiver m=0x108000}]
06-26 11:50:58.169  2813  3033 I am_broadcast_discard_app: [0,161305570,android.net.wifi.RSSI_CHANGED,0,ResolveInfo{a57c373 com.tencent.androidqqmail/com.tencent.qqmail.utilities.qmbroadcastreceiver.WifiChangeReceiver m=0x108000}]
06-26 11:50:58.174  2813  3033 I am_broadcast_discard_app: [0,36990633,android.net.wifi.RSSI_CHANGED,0,ResolveInfo{9c0cc2e com.tencent.androidqqmail/com.tencent.qqmail.utilities.qmbroadcastreceiver.WifiChangeReceiver m=0x108000}]
06-26 11:51:01.194  2813  3033 I am_broadcast_discard_app: [0,93411144,android.net.wifi.RSSI_CHANGED,0,ResolveInfo{12a49e1 com.tencent.androidqqmail/com.tencent.qqmail.utilities.qmbroadcastreceiver.WifiChangeReceiver m=0x108000}]
06-26 11:51:01.200  2813  3033 I am_broadcast_discard_app: [0,17284551,android.net.wifi.RSSI_CHANGED,0,ResolveInfo{b089ff4 com.tencent.androidqqmail/com.tencent.qqmail.utilities.qmbroadcastreceiver.WifiChangeReceiver m=0x108000}]
06-26 11:51:04.218  2813  3033 I am_broadcast_discard_app: [0,62418787,android.net.wifi.RSSI_CHANGED,0,ResolveInfo{109c760 com.tencent.androidqqmail/com.tencent.qqmail.utilities.qmbroadcastreceiver.WifiChangeReceiver m=0x108000}]
06-26 11:51:04.224  2813  3033 I am_broadcast_discard_app: [0,227450078,android.net.wifi.RSSI_CHANGED,0,ResolveInfo{b389ebf com.tencent.androidqqmail/com.tencent.qqmail.utilities.qmbroadcastreceiver.WifiChangeReceiver m=0x108000}]
06-26 11:51:07.245  2813  3033 I am_broadcast_discard_app: [0,233023722,android.net.wifi.RSSI_CHANGED,0,ResolveInfo{66267db com.tencent.androidqqmail/com.tencent.qqmail.utilities.qmbroadcastreceiver.WifiChangeReceiver m=0x108000}]
06-26 11:51:07.251  2813  3033 I am_broadcast_discard_app: [0,55078225,android.net.wifi.RSSI_CHANGED,0,ResolveInfo{4cb69b6 com.tencent.androidqqmail/com.tencent.qqmail.utilities.qmbroadcastreceiver.WifiChangeReceiver m=0x108000}]
06-26 11:51:10.269  2813  3033 I am_broadcast_discard_app: [0,173378957,android.net.wifi.RSSI_CHANGED,0,ResolveInfo{f9c6b42 com.tencent.androidqqmail/com.tencent.qqmail.utilities.qmbroadcastreceiver.WifiChangeReceiver m=0x108000}]
06-26 11:51:13.299  2813  3033 I am_broadcast_discard_app: [0,143260046,android.net.wifi.RSSI_CHANGED,0,ResolveInfo{e9cb5af com.tencent.androidqqmail/com.tencent.qqmail.utilities.qmbroadcastreceiver.WifiChangeReceiver m=0x108000}]
06-26 11:51:13.301  2813  3033 I am_broadcast_discard_app: [0,208592316,android.net.wifi.RSSI_CHANGED,0,ResolveInfo{e2be145 com.tencent.androidqqmail/com.tencent.qqmail.utilities.qmbroadcastreceiver.WifiChangeReceiver m=0x108000}]
06-26 11:51:14.070  2813  2813 I free_storage_changed: 8855252992
06-26 11:51:16.323  2813  3033 I am_broadcast_discard_app: [0,69867944,android.net.wifi.RSSI_CHANGED,0,ResolveInfo{9ae4cc1 com.tencent.androidqqmail/com.tencent.qqmail.utilities.qmbroadcastreceiver.WifiChangeReceiver m=0x108000}]
06-26 11:51:16.329  2813  3033 I am_broadcast_discard_app: [0,178760615,android.net.wifi.RSSI_CHANGED,0,ResolveInfo{9db2854 com.tencent.androidqqmail/com.tencent.qqmail.utilities.qmbroadcastreceiver.WifiChangeReceiver m=0x108000}]
06-26 11:51:19.346  2813  3033 I am_broadcast_discard_app: [0,26827587,android.net.wifi.RSSI_CHANGED,0,ResolveInfo{ec75c0 com.tencent.androidqqmail/com.tencent.qqmail.utilities.qmbroadcastreceiver.WifiChangeReceiver m=0x108000}]
06-26 11:51:19.351  2813  3033 I am_broadcast_discard_app: [0,120447550,android.net.wifi.RSSI_CHANGED,0,ResolveInfo{36c689f com.tencent.androidqqmail/com.tencent.qqmail.utilities.qmbroadcastreceiver.WifiChangeReceiver m=0x108000}]
06-26 11:51:22.374  2813  3033 I am_broadcast_discard_app: [0,238612411,android.net.wifi.RSSI_CHANGED,0,ResolveInfo{ceb3cd8 com.tencent.androidqqmail/com.tencent.qqmail.utilities.qmbroadcastreceiver.WifiChangeReceiver m=0x108000}]
06-26 11:51:22.375  2813  3033 I am_broadcast_discard_app: [0,63105073,android.net.wifi.RSSI_CHANGED,0,ResolveInfo{3a1fb16 com.tencent.androidqqmail/com.tencent.qqmail.utilities.qmbroadcastreceiver.WifiChangeReceiver m=0x108000}]
06-26 11:51:22.422  2813  3030 I am_pss  : [6241,10063,com.iqoo.secure:remote,38204416,36098048,0]
06-26 11:51:22.454  2813  3030 I am_pss  : [9979,10081,com.vivo.safecenter,6437888,4784128,0]
06-26 11:51:25.397  2813  3033 I am_broadcast_discard_app: [0,111990381,android.net.wifi.RSSI_CHANGED,0,ResolveInfo{63ab2a2 com.tencent.androidqqmail/com.tencent.qqmail.utilities.qmbroadcastreceiver.WifiChangeReceiver m=0x108000}]
06-26 11:51:28.421  2813  3033 I am_broadcast_discard_app: [0,47017065,android.net.wifi.RSSI_CHANGED,0,ResolveInfo{ab556ee com.tencent.androidqqmail/com.tencent.qqmail.utilities.qmbroadcastreceiver.WifiChangeReceiver m=0x108000}]
06-26 11:51:31.447  2813  3033 I am_broadcast_discard_app: [0,122119717,android.net.wifi.RSSI_CHANGED,0,ResolveInfo{23f3fa com.tencent.androidqqmail/com.tencent.qqmail.utilities.qmbroadcastreceiver.WifiChangeReceiver m=0x108000}]
06-26 11:51:34.471  2813  3033 I am_broadcast_discard_app: [0,145571745,android.net.wifi.RSSI_CHANGED,0,ResolveInfo{2ad55c6 com.tencent.androidqqmail/com.tencent.qqmail.utilities.qmbroadcastreceiver.WifiChangeReceiver m=0x108000}]
06-26 11:51:37.496  2813  3033 I am_broadcast_discard_app: [0,138228957,android.net.wifi.RSSI_CHANGED,0,ResolveInfo{8190852 com.tencent.androidqqmail/com.tencent.qqmail.utilities.qmbroadcastreceiver.WifiChangeReceiver m=0x108000}]
06-26 11:51:40.520  2813  3033 I am_broadcast_discard_app: [0,48054745,android.net.wifi.RSSI_CHANGED,0,ResolveInfo{91b579e com.tencent.androidqqmail/com.tencent.qqmail.utilities.qmbroadcastreceiver.WifiChangeReceiver m=0x108000}]
06-26 11:51:43.544  2813  3033 I am_broadcast_discard_app: [0,64430741,android.net.wifi.RSSI_CHANGED,0,ResolveInfo{3614faa com.tencent.androidqqmail/com.tencent.qqmail.utilities.qmbroadcastreceiver.WifiChangeReceiver m=0x108000}]
06-26 11:51:46.570  2813  3033 I am_broadcast_discard_app: [0,122966801,android.net.wifi.RSSI_CHANGED,0,ResolveInfo{5cbc76 com.tencent.androidqqmail/com.tencent.qqmail.utilities.qmbroadcastreceiver.WifiChangeReceiver m=0x108000}]
06-26 11:51:49.595  2813  3033 I am_broadcast_discard_app: [0,144314189,android.net.wifi.RSSI_CHANGED,0,ResolveInfo{cd02a02 com.tencent.androidqqmail/com.tencent.qqmail.utilities.qmbroadcastreceiver.WifiChangeReceiver m=0x108000}]
06-26 11:51:52.620  2813  3033 I am_broadcast_discard_app: [0,134566729,android.net.wifi.RSSI_CHANGED,0,ResolveInfo{d1ae44e com.tencent.androidqqmail/com.tencent.qqmail.utilities.qmbroadcastreceiver.WifiChangeReceiver m=0x108000}]
06-26 11:51:55.645  2813  3033 I am_broadcast_discard_app: [0,80141061,android.net.wifi.RSSI_CHANGED,0,ResolveInfo{a44f75a com.tencent.androidqqmail/com.tencent.qqmail.utilities.qmbroadcastreceiver.WifiChangeReceiver m=0x108000}]
06-26 11:51:58.671  2813  3033 I am_broadcast_discard_app: [0,106898049,android.net.wifi.RSSI_CHANGED,0,ResolveInfo{3cb2f26 com.tencent.androidqqmail/com.tencent.qqmail.utilities.qmbroadcastreceiver.WifiChangeReceiver m=0x108000}]
06-26 11:52:01.697  2813  3033 I am_broadcast_discard_app: [0,107864704,android.net.wifi.RSSI_CHANGED,0,ResolveInfo{6cca0b9 com.tencent.androidqqmail/com.tencent.qqmail.utilities.qmbroadcastreceiver.WifiChangeReceiver m=0x108000}]
06-26 11:52:04.724  2813  3033 I am_broadcast_discard_app: [0,101623468,android.net.wifi.RSSI_CHANGED,0,ResolveInfo{d8f75 com.tencent.androidqqmail/com.tencent.qqmail.utilities.qmbroadcastreceiver.WifiChangeReceiver m=0x108000}]
06-26 11:52:07.750  2813  3033 I am_broadcast_discard_app: [0,34963864,android.net.wifi.RSSI_CHANGED,0,ResolveInfo{434adf1 com.tencent.androidqqmail/com.tencent.qqmail.utilities.qmbroadcastreceiver.WifiChangeReceiver m=0x108000}]
06-26 11:52:10.776  2813  3033 I am_broadcast_discard_app: [0,246226756,android.net.wifi.RSSI_CHANGED,0,ResolveInfo{1d5382d com.tencent.androidqqmail/com.tencent.qqmail.utilities.qmbroadcastreceiver.WifiChangeReceiver m=0x108000}]
06-26 11:52:13.800  2813  3033 I am_broadcast_discard_app: [0,100592560,android.net.wifi.RSSI_CHANGED,0,ResolveInfo{37a2a29 com.tencent.androidqqmail/com.tencent.qqmail.utilities.qmbroadcastreceiver.WifiChangeReceiver m=0x108000}]
06-26 11:52:16.824  2813  3033 I am_broadcast_discard_app: [0,157225692,android.net.wifi.RSSI_CHANGED,0,ResolveInfo{7623fe5 com.tencent.androidqqmail/com.tencent.qqmail.utilities.qmbroadcastreceiver.WifiChangeReceiver m=0x108000}]
06-26 11:52:19.851  2813  3033 I am_broadcast_discard_app: [0,154697928,android.net.wifi.RSSI_CHANGED,0,ResolveInfo{6fbf561 com.tencent.androidqqmail/com.tencent.qqmail.utilities.qmbroadcastreceiver.WifiChangeReceiver m=0x108000}]
06-26 11:52:22.876  2813  3033 I am_broadcast_discard_app: [0,263774580,android.net.wifi.RSSI_CHANGED,0,ResolveInfo{a21869d com.tencent.androidqqmail/com.tencent.qqmail.utilities.qmbroadcastreceiver.WifiChangeReceiver m=0x108000}]
06-26 11:52:25.900  2813  3033 I am_broadcast_discard_app: [0,171745504,android.net.wifi.RSSI_CHANGED,0,ResolveInfo{214ef99 com.tencent.androidqqmail/com.tencent.qqmail.utilities.qmbroadcastreceiver.WifiChangeReceiver m=0x108000}]
06-26 11:52:28.926  2813  3033 I am_broadcast_discard_app: [0,226159372,android.net.wifi.RSSI_CHANGED,0,ResolveInfo{83bec55 com.tencent.androidqqmail/com.tencent.qqmail.utilities.qmbroadcastreceiver.WifiChangeReceiver m=0x108000}]
06-26 11:52:31.952  2813  3033 I am_broadcast_discard_app: [0,7449592,android.net.wifi.RSSI_CHANGED,0,ResolveInfo{c9bf8d1 com.tencent.androidqqmail/com.tencent.qqmail.utilities.qmbroadcastreceiver.WifiChangeReceiver m=0x108000}]
06-26 11:52:34.977  2813  3033 I am_broadcast_discard_app: [0,168923044,android.net.wifi.RSSI_CHANGED,0,ResolveInfo{16510d com.tencent.androidqqmail/com.tencent.qqmail.utilities.qmbroadcastreceiver.WifiChangeReceiver m=0x108000}]
06-26 11:52:37.999  2813  3033 I am_broadcast_discard_app: [0,229245456,android.net.wifi.RSSI_CHANGED,0,ResolveInfo{663f109 com.tencent.androidqqmail/com.tencent.qqmail.utilities.qmbroadcastreceiver.WifiChangeReceiver m=0x108000}]
06-26 11:52:41.026  2813  3033 I am_broadcast_discard_app: [0,34942780,android.net.wifi.RSSI_CHANGED,0,ResolveInfo{bd194c5 com.tencent.androidqqmail/com.tencent.qqmail.utilities.qmbroadcastreceiver.WifiChangeReceiver m=0x108000}]
06-26 11:52:44.051  2813  3033 I am_broadcast_discard_app: [0,262406952,android.net.wifi.RSSI_CHANGED,0,ResolveInfo{abbb841 com.tencent.androidqqmail/com.tencent.qqmail.utilities.qmbroadcastreceiver.WifiChangeReceiver m=0x108000}]
06-26 11:52:47.077  2813  3033 I am_broadcast_discard_app: [0,13248980,android.net.wifi.RSSI_CHANGED,0,ResolveInfo{cca977d com.tencent.androidqqmail/com.tencent.qqmail.utilities.qmbroadcastreceiver.WifiChangeReceiver m=0x108000}]
06-26 11:52:50.103  2813  3033 I am_broadcast_discard_app: [0,25825088,android.net.wifi.RSSI_CHANGED,0,ResolveInfo{3ee2e79 com.tencent.androidqqmail/com.tencent.qqmail.utilities.qmbroadcastreceiver.WifiChangeReceiver m=0x108000}]
06-26 11:52:53.129  2813  3033 I am_broadcast_discard_app: [0,161537900,android.net.wifi.RSSI_CHANGED,0,ResolveInfo{71a3935 com.tencent.androidqqmail/com.tencent.qqmail.utilities.qmbroadcastreceiver.WifiChangeReceiver m=0x108000}]
06-26 11:52:53.206  2813  3030 I am_pss  : [5461,10034,com.bbk.launcher2,107294720,89341952,0]
06-26 11:52:56.154  2813  3033 I am_broadcast_discard_app: [0,225609304,android.net.wifi.RSSI_CHANGED,0,ResolveInfo{ec233b1 com.tencent.androidqqmail/com.tencent.qqmail.utilities.qmbroadcastreceiver.WifiChangeReceiver m=0x108000}]
06-26 11:52:59.177  2813  3033 I am_broadcast_discard_app: [0,28684292,android.net.wifi.RSSI_CHANGED,0,ResolveInfo{d1559ed com.tencent.androidqqmail/com.tencent.qqmail.utilities.qmbroadcastreceiver.WifiChangeReceiver m=0x108000}]
06-26 11:53:02.201  2813  3033 I am_broadcast_discard_app: [0,203366159,android.net.wifi.RSSI_CHANGED,0,ResolveInfo{950fb9c com.tencent.androidqqmail/com.tencent.qqmail.utilities.qmbroadcastreceiver.WifiChangeReceiver m=0x108000}]
06-26 11:53:05.228  2813  3033 I am_broadcast_discard_app: [0,20487467,android.net.wifi.RSSI_CHANGED,0,ResolveInfo{f403588 com.tencent.androidqqmail/com.tencent.qqmail.utilities.qmbroadcastreceiver.WifiChangeReceiver m=0x108000}]
06-26 11:53:08.253  2813  3033 I am_broadcast_discard_app: [0,169992455,android.net.wifi.RSSI_CHANGED,0,ResolveInfo{5672234 com.tencent.androidqqmail/com.tencent.qqmail.utilities.qmbroadcastreceiver.WifiChangeReceiver m=0x108000}]
06-26 11:53:11.279  2813  3033 I am_broadcast_discard_app: [0,158434979,android.net.wifi.RSSI_CHANGED,0,ResolveInfo{16e2da0 com.tencent.androidqqmail/com.tencent.qqmail.utilities.qmbroadcastreceiver.WifiChangeReceiver m=0x108000}]
06-26 11:53:14.305  2813  3033 I am_broadcast_discard_app: [0,176941567,android.net.wifi.RSSI_CHANGED,0,ResolveInfo{91883cc com.tencent.androidqqmail/com.tencent.qqmail.utilities.qmbroadcastreceiver.WifiChangeReceiver m=0x108000}]
06-26 11:53:17.328  2813  3033 I am_broadcast_discard_app: [0,12527387,android.net.wifi.RSSI_CHANGED,0,ResolveInfo{93010b8 com.tencent.androidqqmail/com.tencent.qqmail.utilities.qmbroadcastreceiver.WifiChangeReceiver m=0x108000}]
06-26 11:53:20.354  2813  3033 I am_broadcast_discard_app: [0,203364855,android.net.wifi.RSSI_CHANGED,0,ResolveInfo{f318064 com.tencent.androidqqmail/com.tencent.qqmail.utilities.qmbroadcastreceiver.WifiChangeReceiver m=0x108000}]
06-26 11:53:23.380  2813  3033 I am_broadcast_discard_app: [0,2186899,android.net.wifi.RSSI_CHANGED,0,ResolveInfo{1b83ed0 com.tencent.androidqqmail/com.tencent.qqmail.utilities.qmbroadcastreceiver.WifiChangeReceiver m=0x108000}]
06-26 11:53:23.431  2813  3030 I am_pss  : [6241,10063,com.iqoo.secure:remote,38253568,36147200,0]
06-26 11:53:23.464  2813  3030 I am_pss  : [9979,10081,com.vivo.safecenter,6437888,4784128,0]
06-26 11:53:26.405  2813  3033 I am_broadcast_discard_app: [0,133779695,android.net.wifi.RSSI_CHANGED,0,ResolveInfo{3aa77fc com.tencent.androidqqmail/com.tencent.qqmail.utilities.qmbroadcastreceiver.WifiChangeReceiver m=0x108000}]
06-26 11:53:29.429  2813  3033 I am_broadcast_discard_app: [0,38040742,android.net.wifi.RSSI_CHANGED,0,ResolveInfo{1146ee7 com.tencent.androidqqmail/com.tencent.qqmail.utilities.qmbroadcastreceiver.WifiChangeReceiver m=0x108000}]
06-26 11:53:32.454  2813  3033 I am_broadcast_discard_app: [0,45298994,android.net.wifi.RSSI_CHANGED,0,ResolveInfo{72f1283 com.tencent.androidqqmail/com.tencent.qqmail.utilities.qmbroadcastreceiver.WifiChangeReceiver m=0x108000}]
06-26 11:53:35.477  2813  3033 I am_broadcast_discard_app: [0,115044990,android.net.wifi.RSSI_CHANGED,0,ResolveInfo{3c653df com.tencent.androidqqmail/com.tencent.qqmail.utilities.qmbroadcastreceiver.WifiChangeReceiver m=0x108000}]
06-26 11:53:38.507  2813  3033 I am_broadcast_discard_app: [0,196622474,android.net.wifi.RSSI_CHANGED,0,ResolveInfo{3664efb com.tencent.androidqqmail/com.tencent.qqmail.utilities.qmbroadcastreceiver.WifiChangeReceiver m=0x108000}]
06-26 11:53:38.512  2813  3033 I am_broadcast_discard_app: [0,86735217,android.net.wifi.RSSI_CHANGED,0,ResolveInfo{e95356 com.tencent.androidqqmail/com.tencent.qqmail.utilities.qmbroadcastreceiver.WifiChangeReceiver m=0x108000}]
06-26 11:53:41.532  2813  3033 I am_broadcast_discard_app: [0,103627693,android.net.wifi.RSSI_CHANGED,0,ResolveInfo{e3f4ee2 com.tencent.androidqqmail/com.tencent.qqmail.utilities.qmbroadcastreceiver.WifiChangeReceiver m=0x108000}]
06-26 11:53:44.558  2813  3033 I am_broadcast_discard_app: [0,202302889,android.net.wifi.RSSI_CHANGED,0,ResolveInfo{607772e com.tencent.androidqqmail/com.tencent.qqmail.utilities.qmbroadcastreceiver.WifiChangeReceiver m=0x108000}]
06-26 11:53:47.596  2813  3033 I am_broadcast_discard_app: [0,122106725,android.net.wifi.RSSI_CHANGED,0,ResolveInfo{17d83a com.tencent.androidqqmail/com.tencent.qqmail.utilities.qmbroadcastreceiver.WifiChangeReceiver m=0x108000}]
06-26 11:53:50.610  2813  3033 I am_broadcast_discard_app: [0,251437281,android.net.wifi.RSSI_CHANGED,0,ResolveInfo{99b3e06 com.tencent.androidqqmail/com.tencent.qqmail.utilities.qmbroadcastreceiver.WifiChangeReceiver m=0x108000}]
06-26 11:53:53.326  2813  3030 I sync    : [com.tencent.news.account,0,4,1022781436]
06-26 11:53:53.346  2813  3030 I sync    : [com.tencent.news.account,1,4,1022781436]
06-26 11:53:53.483  2813  3030 I sync    : [com.tencent.mtt.account.sync,0,4,105225487]
06-26 11:53:53.624  2813  3033 I am_broadcast_discard_app: [0,204379809,android.net.wifi.RSSI_CHANGED,0,ResolveInfo{34160c6 com.tencent.androidqqmail/com.tencent.qqmail.utilities.qmbroadcastreceiver.WifiChangeReceiver m=0x108000}]
06-26 11:53:56.653  2813  3033 I am_broadcast_discard_app: [0,12683040,android.net.wifi.RSSI_CHANGED,0,ResolveInfo{c5278d9 com.tencent.androidqqmail/com.tencent.qqmail.utilities.qmbroadcastreceiver.WifiChangeReceiver m=0x108000}]
06-26 11:53:56.656  2813  3033 I am_broadcast_discard_app: [0,12960414,android.net.wifi.RSSI_CHANGED,0,ResolveInfo{9b4317f com.tencent.androidqqmail/com.tencent.qqmail.utilities.qmbroadcastreceiver.WifiChangeReceiver m=0x108000}]
06-26 11:53:59.675  2813  3033 I am_broadcast_discard_app: [0,46623402,android.net.wifi.RSSI_CHANGED,0,ResolveInfo{ae4669b com.tencent.androidqqmail/com.tencent.qqmail.utilities.qmbroadcastreceiver.WifiChangeReceiver m=0x108000}]
06-26 11:54:02.700  2813  3033 I am_broadcast_discard_app: [0,123311693,android.net.wifi.RSSI_CHANGED,0,ResolveInfo{97ea502 com.tencent.androidqqmail/com.tencent.qqmail.utilities.qmbroadcastreceiver.WifiChangeReceiver m=0x108000}]
06-26 11:54:05.725  2813  3033 I am_broadcast_discard_app: [0,11946569,android.net.wifi.RSSI_CHANGED,0,ResolveInfo{5b60f4e com.tencent.androidqqmail/com.tencent.qqmail.utilities.qmbroadcastreceiver.WifiChangeReceiver m=0x108000}]
06-26 11:54:08.751  2813  3033 I am_broadcast_discard_app: [0,219169285,android.net.wifi.RSSI_CHANGED,0,ResolveInfo{8e7d25a com.tencent.androidqqmail/com.tencent.qqmail.utilities.qmbroadcastreceiver.WifiChangeReceiver m=0x108000}]
06-26 11:54:11.775  2813  3033 I am_broadcast_discard_app: [0,123206017,android.net.wifi.RSSI_CHANGED,0,ResolveInfo{940ba26 com.tencent.androidqqmail/com.tencent.qqmail.utilities.qmbroadcastreceiver.WifiChangeReceiver m=0x108000}]
06-26 11:54:14.799  2813  3033 I am_broadcast_discard_app: [0,252292285,android.net.wifi.RSSI_CHANGED,0,ResolveInfo{ee52b2 com.tencent.androidqqmail/com.tencent.qqmail.utilities.qmbroadcastreceiver.WifiChangeReceiver m=0x108000}]
06-26 11:54:17.823  2813  3033 I am_broadcast_discard_app: [0,86595513,android.net.wifi.RSSI_CHANGED,0,ResolveInfo{d6ae7fe com.tencent.androidqqmail/com.tencent.qqmail.utilities.qmbroadcastreceiver.WifiChangeReceiver m=0x108000}]
06-26 11:54:17.830  2813  3033 I am_broadcast_discard_app: [0,251660716,android.net.wifi.RSSI_CHANGED,0,ResolveInfo{cfeb675 com.tencent.androidqqmail/com.tencent.qqmail.utilities.qmbroadcastreceiver.WifiChangeReceiver m=0x108000}]
06-26 11:54:20.848  2813  3033 I am_broadcast_discard_app: [0,205132952,android.net.wifi.RSSI_CHANGED,0,ResolveInfo{c9144f1 com.tencent.androidqqmail/com.tencent.qqmail.utilities.qmbroadcastreceiver.WifiChangeReceiver m=0x108000}]
06-26 11:54:20.851  2813  3033 I am_broadcast_discard_app: [0,23877463,android.net.wifi.RSSI_CHANGED,0,ResolveInfo{207e244 com.tencent.androidqqmail/com.tencent.qqmail.utilities.qmbroadcastreceiver.WifiChangeReceiver m=0x108000}]
06-26 11:54:23.874  2813  3033 I am_broadcast_discard_app: [0,200610291,android.net.wifi.RSSI_CHANGED,0,ResolveInfo{7c2deb0 com.tencent.androidqqmail/com.tencent.qqmail.utilities.qmbroadcastreceiver.WifiChangeReceiver m=0x108000}]
