05-26 14:06:23.601  2923  3243 I am_pss  : [4516,1000,com.android.settings,25967616,25038848,0]
05-26 14:06:23.618  2923  3243 I am_pss  : [8770,1000,com.qti.service.colorservice,5171200,4608000,0]
05-26 14:06:23.640  2923  3243 I am_pss  : [19350,10030,com.bbk.appstore:remote,13505536,11755520,0]
05-26 14:06:23.658  2923  3243 I am_pss  : [30663,10085,com.vivo.secime.service,16800768,15712256,0]
05-26 14:06:23.678  2923  3243 I am_pss  : [4577,1000,com.vivo.smartmultiwindow,55352320,51646464,0]
05-26 14:06:23.710  2923  3243 I am_pss  : [11337,10035,com.android.bbkmusic,63313920,61448192,0]
05-26 14:06:23.729  2923  3243 I am_pss  : [23603,10203,com.eg.android.AlipayGphone:push,38705152,34414592,0]
05-26 14:06:23.744  2923  3243 I am_pss  : [25268,1000,com.vivo.abe:pushservice_v1,8892416,6369280,0]
05-26 14:06:23.761  2923  3243 I am_pss  : [4763,10064,com.bbk.iqoo.logsystem,20593664,18870272,0]
05-26 14:06:23.792  2923  3243 I am_pss  : [18123,10129,com.tencent.mobileqq:tool,51928064,43319296,0]
05-26 14:06:23.817  2923  3243 I am_pss  : [24682,10129,com.tencent.mobileqq:qzone,62227456,53379072,0]
05-26 14:06:23.857  2923  3243 I am_pss  : [8142,10133,com.tencent.mm:tools,66864128,64147456,0]
05-26 14:06:23.875  2923  3243 I am_pss  : [16875,10030,com.bbk.appstore,19059712,16097280,0]
05-26 14:06:23.893  2923  3243 I am_pss  : [14981,10098,com.vivo.gallery,96519168,93925376,0]
05-26 14:06:23.909  2923  3243 I am_pss  : [4289,1000,com.vivo.appfilter,12579840,11870208,0]
05-26 14:06:23.924  2923  3243 I am_pss  : [24327,10013,android.ext.services,4768768,2928640,0]
05-26 14:06:23.942  2923  3243 I am_pss  : [8046,10055,com.vivo.devicereg,47262720,46370816,0]
05-26 14:06:23.958  2923  3243 I am_pss  : [22621,10056,com.vivo.doubletimezoneclock,14003200,11907072,0]
05-26 14:06:23.972  2923  3243 I am_pss  : [9152,1000,com.vivo.wifi.networkdetect,4172800,3338240,0]
05-26 14:06:23.990  2923  3243 I am_pss  : [14205,10133,com.tencent.mm:push,24312832,22233088,0]
05-26 14:06:24.010  2923  3243 I am_pss  : [16713,1000,com.qualcomm.qti.appnetaccess,3600384,2551808,0]
05-26 14:06:24.024  2923  3243 I am_pss  : [16629,1000,org.simalliance.openmobileapi.service:remote,3773440,2568192,0]
05-26 14:06:24.040  2923  3243 I am_pss  : [16234,10102,com.vivo.sdkplugin,5142528,2981888,0]
05-26 14:06:24.054  2923  3243 I am_pss  : [15253,1000,com.qualcomm.display,3329024,2379776,0]
05-26 14:06:24.068  2923  3243 I am_pss  : [14631,1000,com.android.fuelsummary,5877760,4726784,0]
05-26 14:06:24.083  2923  3243 I am_pss  : [4952,10002,com.vivo.sim.contacts,6034432,5513216,0]
05-26 14:06:24.097  2923  3243 I am_pss  : [31001,1000,com.volte.config,3227648,2547712,0]
05-26 14:06:24.114  2923  3243 I am_pss  : [14366,10133,com.tencent.mm:appbrand0,18866176,17690624,0]
05-26 14:06:24.131  2923  3243 I am_pss  : [14422,10133,com.tencent.mm:exdevice,17412096,16269312,0]
05-26 14:06:24.145  2923  3243 I am_pss  : [4993,1001,com.qualcomm.qcrilmsgtunnel,5511168,4968448,0]
05-26 14:06:26.059  2923  3245 I am_broadcast_discard_app: [0,98837008,android.net.wifi.RSSI_CHANGED,0,ResolveInfo{ce39109 com.meelive.ingkee/.socketio.connection.internal.KAReceiver m=0x108000}]
05-26 14:06:26.060  2923  3245 I am_broadcast_discard_app: [0,98837008,android.net.wifi.RSSI_CHANGED,1,ResolveInfo{90baf0e com.qq.ac.android/.receiver.BootReceiver m=0x108000}]
05-26 14:06:26.062  2923  3245 I am_broadcast_discard_app: [0,98837008,android.net.wifi.RSSI_CHANGED,2,ResolveInfo{c23fd2f com.sdu.didi.psnger/com.didi.sdk.receiver.WifiReceiver m=0x108000}]
05-26 14:06:26.122  2923  3243 I am_pss  : [25335,10136,com.tencent.reading:PushService,21177344,17375232,0]
05-26 14:06:26.152  2923  3243 I am_pss  : [22603,10002,android.process.acore,25478144,22650880,0]
05-26 14:06:29.081  2923  3245 I am_broadcast_discard_app: [0,173518362,android.net.wifi.RSSI_CHANGED,0,ResolveInfo{7d3d4b com.meelive.ingkee/.socketio.connection.internal.KAReceiver m=0x108000}]
05-26 14:06:29.082  2923  3245 I am_broadcast_discard_app: [0,173518362,android.net.wifi.RSSI_CHANGED,1,ResolveInfo{1022328 com.qq.ac.android/.receiver.BootReceiver m=0x108000}]
05-26 14:06:29.084  2923  3245 I am_broadcast_discard_app: [0,173518362,android.net.wifi.RSSI_CHANGED,2,ResolveInfo{d8f5841 com.sdu.didi.psnger/com.didi.sdk.receiver.WifiReceiver m=0x108000}]
05-26 14:06:32.108  2923  3245 I am_broadcast_discard_app: [0,166349268,android.net.wifi.RSSI_CHANGED,0,ResolveInfo{938377d com.meelive.ingkee/.socketio.connection.internal.KAReceiver m=0x108000}]
05-26 14:06:32.109  2923  3245 I am_broadcast_discard_app: [0,166349268,android.net.wifi.RSSI_CHANGED,1,ResolveInfo{585e672 com.qq.ac.android/.receiver.BootReceiver m=0x108000}]
05-26 14:06:32.110  2923  3245 I am_broadcast_discard_app: [0,166349268,android.net.wifi.RSSI_CHANGED,2,ResolveInfo{4660ac3 com.sdu.didi.psnger/com.didi.sdk.receiver.WifiReceiver m=0x108000}]
05-26 14:06:32.168  2923  3243 I am_pss  : [24852,10033,com.android.filemanager,25158656,20480000,0]
05-26 14:06:32.203  2923  3243 I am_pss  : [25137,10018,com.vivo.numbermark,5709824,3604480,0]
05-26 14:06:32.257  2923  3243 I am_pss  : [22635,10045,com.vivo.weather.provider,13136896,11042816,0]
05-26 14:06:35.131  2923  3245 I am_broadcast_discard_app: [0,71825342,android.net.wifi.RSSI_CHANGED,0,ResolveInfo{b14901f com.meelive.ingkee/.socketio.connection.internal.KAReceiver m=0x108000}]
05-26 14:06:35.132  2923  3245 I am_broadcast_discard_app: [0,71825342,android.net.wifi.RSSI_CHANGED,1,ResolveInfo{2a4ff6c com.qq.ac.android/.receiver.BootReceiver m=0x108000}]
05-26 14:06:35.134  2923  3245 I am_broadcast_discard_app: [0,71825342,android.net.wifi.RSSI_CHANGED,2,ResolveInfo{f9bd935 com.sdu.didi.psnger/com.didi.sdk.receiver.WifiReceiver m=0x108000}]
05-26 14:06:38.153  2923  3245 I am_broadcast_discard_app: [0,43558488,android.net.wifi.RSSI_CHANGED,0,ResolveInfo{dbdd3b1 com.meelive.ingkee/.socketio.connection.internal.KAReceiver m=0x108000}]
05-26 14:06:38.155  2923  3245 I am_broadcast_discard_app: [0,43558488,android.net.wifi.RSSI_CHANGED,1,ResolveInfo{c394096 com.qq.ac.android/.receiver.BootReceiver m=0x108000}]
05-26 14:06:38.156  2923  3245 I am_broadcast_discard_app: [0,43558488,android.net.wifi.RSSI_CHANGED,2,ResolveInfo{126417 com.sdu.didi.psnger/com.didi.sdk.receiver.WifiReceiver m=0x108000}]
05-26 14:06:38.212  2923  3243 I am_pss  : [25300,1000,com.iqoo.engineermode,13301760,9752576,0]
05-26 14:06:38.249  2923  3243 I am_pss  : [25116,10009,com.android.dialer,26814464,21889024,0]
05-26 14:06:41.159  2923  3245 I am_broadcast_discard_app: [0,79745058,android.net.wifi.RSSI_CHANGED,0,ResolveInfo{1cf2ab3 com.meelive.ingkee/.socketio.connection.internal.KAReceiver m=0x108000}]
05-26 14:06:41.160  2923  3245 I am_broadcast_discard_app: [0,79745058,android.net.wifi.RSSI_CHANGED,1,ResolveInfo{da9e870 com.qq.ac.android/.receiver.BootReceiver m=0x108000}]
05-26 14:06:41.161  2923  3245 I am_broadcast_discard_app: [0,79745058,android.net.wifi.RSSI_CHANGED,2,ResolveInfo{cca47e9 com.sdu.didi.psnger/com.didi.sdk.receiver.WifiReceiver m=0x108000}]
05-26 14:06:44.185  2923  3245 I am_broadcast_discard_app: [0,194845596,android.net.wifi.RSSI_CHANGED,0,ResolveInfo{6f679a5 com.meelive.ingkee/.socketio.connection.internal.KAReceiver m=0x108000}]
05-26 14:06:44.186  2923  3245 I am_broadcast_discard_app: [0,194845596,android.net.wifi.RSSI_CHANGED,1,ResolveInfo{aa0417a com.qq.ac.android/.receiver.BootReceiver m=0x108000}]
05-26 14:06:44.188  2923  3245 I am_broadcast_discard_app: [0,194845596,android.net.wifi.RSSI_CHANGED,2,ResolveInfo{88b3d2b com.sdu.didi.psnger/com.didi.sdk.receiver.WifiReceiver m=0x108000}]
05-26 14:06:44.252  2923  3243 I am_pss  : [25488,10093,com.android.camera,14247936,11522048,0]
05-26 14:06:47.205  2923  3245 I am_broadcast_discard_app: [0,67010823,android.net.wifi.RSSI_CHANGED,0,ResolveInfo{1174234 com.meelive.ingkee/.socketio.connection.internal.KAReceiver m=0x108000}]
05-26 14:06:47.206  2923  3245 I am_broadcast_discard_app: [0,67010823,android.net.wifi.RSSI_CHANGED,1,ResolveInfo{54b385d com.qq.ac.android/.receiver.BootReceiver m=0x108000}]
05-26 14:06:47.207  2923  3245 I am_broadcast_discard_app: [0,67010823,android.net.wifi.RSSI_CHANGED,2,ResolveInfo{12185d2 com.sdu.didi.psnger/com.didi.sdk.receiver.WifiReceiver m=0x108000}]
05-26 14:06:50.214  2923  3245 I am_broadcast_discard_app: [0,159907161,android.net.wifi.RSSI_CHANGED,0,ResolveInfo{9ee2d1e com.meelive.ingkee/.socketio.connection.internal.KAReceiver m=0x108000}]
05-26 14:06:50.215  2923  3245 I am_broadcast_discard_app: [0,159907161,android.net.wifi.RSSI_CHANGED,1,ResolveInfo{f5c89ff com.qq.ac.android/.receiver.BootReceiver m=0x108000}]
05-26 14:06:50.216  2923  3245 I am_broadcast_discard_app: [0,159907161,android.net.wifi.RSSI_CHANGED,2,ResolveInfo{6aca3cc com.sdu.didi.psnger/com.didi.sdk.receiver.WifiReceiver m=0x108000}]
05-26 14:06:53.237  2923  3245 I am_broadcast_discard_app: [0,33146651,android.net.wifi.RSSI_CHANGED,0,ResolveInfo{be630b8 com.meelive.ingkee/.socketio.connection.internal.KAReceiver m=0x108000}]
05-26 14:06:53.239  2923  3245 I am_broadcast_discard_app: [0,33146651,android.net.wifi.RSSI_CHANGED,1,ResolveInfo{a2afe91 com.qq.ac.android/.receiver.BootReceiver m=0x108000}]
05-26 14:06:53.240  2923  3245 I am_broadcast_discard_app: [0,33146651,android.net.wifi.RSSI_CHANGED,2,ResolveInfo{304c1f6 com.sdu.didi.psnger/com.didi.sdk.receiver.WifiReceiver m=0x108000}]
05-26 14:06:56.262  2923  3245 I am_broadcast_discard_app: [0,217051853,android.net.wifi.RSSI_CHANGED,0,ResolveInfo{5b30782 com.meelive.ingkee/.socketio.connection.internal.KAReceiver m=0x108000}]
05-26 14:06:56.264  2923  3245 I am_broadcast_discard_app: [0,217051853,android.net.wifi.RSSI_CHANGED,1,ResolveInfo{a0ffe93 com.qq.ac.android/.receiver.BootReceiver m=0x108000}]
05-26 14:06:56.265  2923  3245 I am_broadcast_discard_app: [0,217051853,android.net.wifi.RSSI_CHANGED,2,ResolveInfo{1125ed0 com.sdu.didi.psnger/com.didi.sdk.receiver.WifiReceiver m=0x108000}]
05-26 14:06:57.038  2923  3245 I am_broadcast_discard_app: [0,36827375,NULL,0,ResolveInfo{e8697fc com.happyelements.AndroidAnimal/com.happyelements.gsp.android.notification.gcn.GcnBroadcastReceiver m=0x0}]
05-26 14:06:59.282  2923  3245 I am_broadcast_discard_app: [0,165063947,android.net.wifi.RSSI_CHANGED,0,ResolveInfo{aa337e8 com.meelive.ingkee/.socketio.connection.internal.KAReceiver m=0x108000}]
05-26 14:06:59.283  2923  3245 I am_broadcast_discard_app: [0,165063947,android.net.wifi.RSSI_CHANGED,1,ResolveInfo{7f7ae01 com.qq.ac.android/.receiver.BootReceiver m=0x108000}]
05-26 14:06:59.284  2923  3245 I am_broadcast_discard_app: [0,165063947,android.net.wifi.RSSI_CHANGED,2,ResolveInfo{13f94a6 com.sdu.didi.psnger/com.didi.sdk.receiver.WifiReceiver m=0x108000}]
05-26 14:07:02.306  2923  3245 I am_broadcast_discard_app: [0,86187008,android.net.wifi.RSSI_CHANGED,0,ResolveInfo{a7b1c39 com.meelive.ingkee/.socketio.connection.internal.KAReceiver m=0x108000}]
05-26 14:07:02.307  2923  3245 I am_broadcast_discard_app: [0,86187008,android.net.wifi.RSSI_CHANGED,1,ResolveInfo{61a927e com.qq.ac.android/.receiver.BootReceiver m=0x108000}]
05-26 14:07:02.308  2923  3245 I am_broadcast_discard_app: [0,86187008,android.net.wifi.RSSI_CHANGED,2,ResolveInfo{d66f3df com.sdu.didi.psnger/com.didi.sdk.receiver.WifiReceiver m=0x108000}]
05-26 14:07:05.323  2923  3245 I am_broadcast_discard_app: [0,264853642,android.net.wifi.RSSI_CHANGED,0,ResolveInfo{670eefb com.meelive.ingkee/.socketio.connection.internal.KAReceiver m=0x108000}]
05-26 14:07:05.324  2923  3245 I am_broadcast_discard_app: [0,264853642,android.net.wifi.RSSI_CHANGED,1,ResolveInfo{8086b18 com.qq.ac.android/.receiver.BootReceiver m=0x108000}]
05-26 14:07:05.325  2923  3245 I am_broadcast_discard_app: [0,264853642,android.net.wifi.RSSI_CHANGED,2,ResolveInfo{8c71971 com.sdu.didi.psnger/com.didi.sdk.receiver.WifiReceiver m=0x108000}]
05-26 14:07:08.346  2923  3245 I am_broadcast_discard_app: [0,58623401,android.net.wifi.RSSI_CHANGED,0,ResolveInfo{34e972e com.meelive.ingkee/.socketio.connection.internal.KAReceiver m=0x108000}]
05-26 14:07:08.348  2923  3245 I am_broadcast_discard_app: [0,58623401,android.net.wifi.RSSI_CHANGED,1,ResolveInfo{61a92cf com.qq.ac.android/.receiver.BootReceiver m=0x108000}]
05-26 14:07:08.349  2923  3245 I am_broadcast_discard_app: [0,58623401,android.net.wifi.RSSI_CHANGED,2,ResolveInfo{d25c45c com.sdu.didi.psnger/com.didi.sdk.receiver.WifiReceiver m=0x108000}]
05-26 14:07:11.366  2923  3245 I am_broadcast_discard_app: [0,265784555,android.net.wifi.RSSI_CHANGED,0,ResolveInfo{478ca48 com.meelive.ingkee/.socketio.connection.internal.KAReceiver m=0x108000}]
05-26 14:07:11.367  2923  3245 I am_broadcast_discard_app: [0,265784555,android.net.wifi.RSSI_CHANGED,1,ResolveInfo{c040e1 com.qq.ac.android/.receiver.BootReceiver m=0x108000}]
05-26 14:07:11.369  2923  3245 I am_broadcast_discard_app: [0,265784555,android.net.wifi.RSSI_CHANGED,2,ResolveInfo{4a65e06 com.sdu.didi.psnger/com.didi.sdk.receiver.WifiReceiver m=0x108000}]
05-26 14:07:14.390  2923  3245 I am_broadcast_discard_app: [0,111086109,android.net.wifi.RSSI_CHANGED,0,ResolveInfo{63a5492 com.meelive.ingkee/.socketio.connection.internal.KAReceiver m=0x108000}]
05-26 14:07:14.391  2923  3245 I am_broadcast_discard_app: [0,111086109,android.net.wifi.RSSI_CHANGED,1,ResolveInfo{786ae63 com.qq.ac.android/.receiver.BootReceiver m=0x108000}]
05-26 14:07:14.392  2923  3245 I am_broadcast_discard_app: [0,111086109,android.net.wifi.RSSI_CHANGED,2,ResolveInfo{10c9a60 com.sdu.didi.psnger/com.didi.sdk.receiver.WifiReceiver m=0x108000}]
05-26 14:07:17.414  2923  3245 I am_broadcast_discard_app: [0,120311231,android.net.wifi.RSSI_CHANGED,0,ResolveInfo{710fc8c com.meelive.ingkee/.socketio.connection.internal.KAReceiver m=0x108000}]
05-26 14:07:17.415  2923  3245 I am_broadcast_discard_app: [0,120311231,android.net.wifi.RSSI_CHANGED,1,ResolveInfo{f765fd5 com.qq.ac.android/.receiver.BootReceiver m=0x108000}]
05-26 14:07:17.417  2923  3245 I am_broadcast_discard_app: [0,120311231,android.net.wifi.RSSI_CHANGED,2,ResolveInfo{a57e3ea com.sdu.didi.psnger/com.didi.sdk.receiver.WifiReceiver m=0x108000}]
05-26 14:07:20.432  2923  3245 I am_broadcast_discard_app: [0,14661047,android.net.wifi.RSSI_CHANGED,0,ResolveInfo{b285124 com.meelive.ingkee/.socketio.connection.internal.KAReceiver m=0x108000}]
05-26 14:07:20.432  2923  3245 I am_broadcast_discard_app: [0,14661047,android.net.wifi.RSSI_CHANGED,1,ResolveInfo{ebbb48d com.qq.ac.android/.receiver.BootReceiver m=0x108000}]
05-26 14:07:20.433  2923  3245 I am_broadcast_discard_app: [0,14661047,android.net.wifi.RSSI_CHANGED,2,ResolveInfo{8fd0642 com.sdu.didi.psnger/com.didi.sdk.receiver.WifiReceiver m=0x108000}]
05-26 14:07:23.456  2923  3245 I am_broadcast_discard_app: [0,12323977,android.net.wifi.RSSI_CHANGED,0,ResolveInfo{6d9448e com.meelive.ingkee/.socketio.connection.internal.KAReceiver m=0x108000}]
05-26 14:07:23.457  2923  3245 I am_broadcast_discard_app: [0,12323977,android.net.wifi.RSSI_CHANGED,1,ResolveInfo{139a4af com.qq.ac.android/.receiver.BootReceiver m=0x108000}]
05-26 14:07:23.458  2923  3245 I am_broadcast_discard_app: [0,12323977,android.net.wifi.RSSI_CHANGED,2,ResolveInfo{412a0bc com.sdu.didi.psnger/com.didi.sdk.receiver.WifiReceiver m=0x108000}]
05-26 14:07:26.477  2923  3245 I am_broadcast_discard_app: [0,33938635,android.net.wifi.RSSI_CHANGED,0,ResolveInfo{5c70ca8 com.meelive.ingkee/.socketio.connection.internal.KAReceiver m=0x108000}]
05-26 14:07:26.479  2923  3245 I am_broadcast_discard_app: [0,33938635,android.net.wifi.RSSI_CHANGED,1,ResolveInfo{d8bc3c1 com.qq.ac.android/.receiver.BootReceiver m=0x108000}]
05-26 14:07:26.480  2923  3245 I am_broadcast_discard_app: [0,33938635,android.net.wifi.RSSI_CHANGED,2,ResolveInfo{26d5766 com.sdu.didi.psnger/com.didi.sdk.receiver.WifiReceiver m=0x108000}]
05-26 14:07:29.492  2923  3245 I am_broadcast_discard_app: [0,122673917,android.net.wifi.RSSI_CHANGED,0,ResolveInfo{e6783f2 com.meelive.ingkee/.socketio.connection.internal.KAReceiver m=0x108000}]
05-26 14:07:29.493  2923  3245 I am_broadcast_discard_app: [0,122673917,android.net.wifi.RSSI_CHANGED,1,ResolveInfo{b731a43 com.qq.ac.android/.receiver.BootReceiver m=0x108000}]
05-26 14:07:29.494  2923  3245 I am_broadcast_discard_app: [0,122673917,android.net.wifi.RSSI_CHANGED,2,ResolveInfo{4d4c8c0 com.sdu.didi.psnger/com.didi.sdk.receiver.WifiReceiver m=0x108000}]
05-26 14:07:32.511  2923  3245 I am_broadcast_discard_app: [0,178460575,android.net.wifi.RSSI_CHANGED,0,ResolveInfo{c9db0ec com.meelive.ingkee/.socketio.connection.internal.KAReceiver m=0x108000}]
05-26 14:07:32.513  2923  3245 I am_broadcast_discard_app: [0,178460575,android.net.wifi.RSSI_CHANGED,1,ResolveInfo{d946cb5 com.qq.ac.android/.receiver.BootReceiver m=0x108000}]
05-26 14:07:32.514  2923  3245 I am_broadcast_discard_app: [0,178460575,android.net.wifi.RSSI_CHANGED,2,ResolveInfo{a4f9f4a com.sdu.didi.psnger/com.didi.sdk.receiver.WifiReceiver m=0x108000}]
05-26 14:07:35.532  2923  3245 I am_broadcast_discard_app: [0,23863089,android.net.wifi.RSSI_CHANGED,0,ResolveInfo{d706616 com.meelive.ingkee/.socketio.connection.internal.KAReceiver m=0x108000}]
05-26 14:07:35.534  2923  3245 I am_broadcast_discard_app: [0,23863089,android.net.wifi.RSSI_CHANGED,1,ResolveInfo{2fa5b97 com.qq.ac.android/.receiver.BootReceiver m=0x108000}]
05-26 14:07:35.535  2923  3245 I am_broadcast_discard_app: [0,23863089,android.net.wifi.RSSI_CHANGED,2,ResolveInfo{a4b3184 com.sdu.didi.psnger/com.didi.sdk.receiver.WifiReceiver m=0x108000}]
05-26 14:07:38.556  2923  3245 I am_broadcast_discard_app: [0,67050035,android.net.wifi.RSSI_CHANGED,0,ResolveInfo{40be1f0 com.meelive.ingkee/.socketio.connection.internal.KAReceiver m=0x108000}]
05-26 14:07:38.557  2923  3245 I am_broadcast_discard_app: [0,67050035,android.net.wifi.RSSI_CHANGED,1,ResolveInfo{7868369 com.qq.ac.android/.receiver.BootReceiver m=0x108000}]
05-26 14:07:38.559  2923  3245 I am_broadcast_discard_app: [0,67050035,android.net.wifi.RSSI_CHANGED,2,ResolveInfo{c8621ee com.sdu.didi.psnger/com.didi.sdk.receiver.WifiReceiver m=0x108000}]
05-26 14:07:41.581  2923  3245 I am_broadcast_discard_app: [0,4388387,android.net.wifi.RSSI_CHANGED,0,ResolveInfo{593a720 com.meelive.ingkee/.socketio.connection.internal.KAReceiver m=0x108000}]
05-26 14:07:41.583  2923  3245 I am_broadcast_discard_app: [0,4388387,android.net.wifi.RSSI_CHANGED,1,ResolveInfo{f8a18d9 com.qq.ac.android/.receiver.BootReceiver m=0x108000}]
05-26 14:07:41.585  2923  3245 I am_broadcast_discard_app: [0,4388387,android.net.wifi.RSSI_CHANGED,2,ResolveInfo{234e29e com.sdu.didi.psnger/com.didi.sdk.receiver.WifiReceiver m=0x108000}]
05-26 14:07:44.606  2923  3245 I am_broadcast_discard_app: [0,66742677,android.net.wifi.RSSI_CHANGED,0,ResolveInfo{c088aaa com.meelive.ingkee/.socketio.connection.internal.KAReceiver m=0x108000}]
05-26 14:07:44.607  2923  3245 I am_broadcast_discard_app: [0,66742677,android.net.wifi.RSSI_CHANGED,1,ResolveInfo{35f069b com.qq.ac.android/.receiver.BootReceiver m=0x108000}]
05-26 14:07:44.608  2923  3245 I am_broadcast_discard_app: [0,66742677,android.net.wifi.RSSI_CHANGED,2,ResolveInfo{a5b3a38 com.sdu.didi.psnger/com.didi.sdk.receiver.WifiReceiver m=0x108000}]
05-26 14:07:47.631  2923  3245 I am_broadcast_discard_app: [0,94204279,android.net.wifi.RSSI_CHANGED,0,ResolveInfo{5a5c1e4 com.meelive.ingkee/.socketio.connection.internal.KAReceiver m=0x108000}]
05-26 14:07:47.633  2923  3245 I am_broadcast_discard_app: [0,94204279,android.net.wifi.RSSI_CHANGED,1,ResolveInfo{2ff364d com.qq.ac.android/.receiver.BootReceiver m=0x108000}]
05-26 14:07:47.634  2923  3245 I am_broadcast_discard_app: [0,94204279,android.net.wifi.RSSI_CHANGED,2,ResolveInfo{5c3c502 com.sdu.didi.psnger/com.didi.sdk.receiver.WifiReceiver m=0x108000}]
05-26 14:07:50.649  2923  3245 I am_broadcast_discard_app: [0,18213449,android.net.wifi.RSSI_CHANGED,0,ResolveInfo{12d2f4e com.meelive.ingkee/.socketio.connection.internal.KAReceiver m=0x108000}]
05-26 14:07:50.651  2923  3245 I am_broadcast_discard_app: [0,18213449,android.net.wifi.RSSI_CHANGED,1,ResolveInfo{8fb186f com.qq.ac.android/.receiver.BootReceiver m=0x108000}]
05-26 14:07:50.652  2923  3245 I am_broadcast_discard_app: [0,18213449,android.net.wifi.RSSI_CHANGED,2,ResolveInfo{935697c com.sdu.didi.psnger/com.didi.sdk.receiver.WifiReceiver m=0x108000}]
05-26 14:07:53.673  2923  3245 I am_broadcast_discard_app: [0,80399499,android.net.wifi.RSSI_CHANGED,0,ResolveInfo{32da168 com.meelive.ingkee/.socketio.connection.internal.KAReceiver m=0x108000}]
05-26 14:07:53.675  2923  3245 I am_broadcast_discard_app: [0,80399499,android.net.wifi.RSSI_CHANGED,1,ResolveInfo{b9981 com.qq.ac.android/.receiver.BootReceiver m=0x108000}]
05-26 14:07:53.676  2923  3245 I am_broadcast_discard_app: [0,80399499,android.net.wifi.RSSI_CHANGED,2,ResolveInfo{87bda26 com.sdu.didi.psnger/com.didi.sdk.receiver.WifiReceiver m=0x108000}]
05-26 14:07:56.679  2923  3245 I am_broadcast_discard_app: [0,257379517,android.net.wifi.RSSI_CHANGED,0,ResolveInfo{8bb72b2 com.meelive.ingkee/.socketio.connection.internal.KAReceiver m=0x108000}]
05-26 14:07:56.680  2923  3245 I am_broadcast_discard_app: [0,257379517,android.net.wifi.RSSI_CHANGED,1,ResolveInfo{c6e4203 com.qq.ac.android/.receiver.BootReceiver m=0x108000}]
05-26 14:07:56.681  2923  3245 I am_broadcast_discard_app: [0,257379517,android.net.wifi.RSSI_CHANGED,2,ResolveInfo{4613580 com.sdu.didi.psnger/com.didi.sdk.receiver.WifiReceiver m=0x108000}]
05-26 14:07:57.037  2923  3245 I am_broadcast_discard_app: [0,42531679,NULL,0,ResolveInfo{b6429ac com.happyelements.AndroidAnimal/com.happyelements.gsp.android.notification.gcn.GcnBroadcastReceiver m=0x0}]
05-26 14:07:59.705  2923  3245 I am_broadcast_discard_app: [0,208399995,android.net.wifi.RSSI_CHANGED,0,ResolveInfo{ac03498 com.meelive.ingkee/.socketio.connection.internal.KAReceiver m=0x108000}]
05-26 14:07:59.706  2923  3245 I am_broadcast_discard_app: [0,208399995,android.net.wifi.RSSI_CHANGED,1,ResolveInfo{96ce4f1 com.qq.ac.android/.receiver.BootReceiver m=0x108000}]
05-26 14:07:59.708  2923  3245 I am_broadcast_discard_app: [0,208399995,android.net.wifi.RSSI_CHANGED,2,ResolveInfo{48518d6 com.sdu.didi.psnger/com.didi.sdk.receiver.WifiReceiver m=0x108000}]
05-26 14:08:02.716  2923  3245 I am_broadcast_discard_app: [0,216858288,android.net.wifi.RSSI_CHANGED,0,ResolveInfo{2a24129 com.meelive.ingkee/.socketio.connection.internal.KAReceiver m=0x108000}]
05-26 14:08:02.717  2923  3245 I am_broadcast_discard_app: [0,216858288,android.net.wifi.RSSI_CHANGED,1,ResolveInfo{da66cae com.qq.ac.android/.receiver.BootReceiver m=0x108000}]
05-26 14:08:02.719  2923  3245 I am_broadcast_discard_app: [0,216858288,android.net.wifi.RSSI_CHANGED,2,ResolveInfo{18d7a4f com.sdu.didi.psnger/com.didi.sdk.receiver.WifiReceiver m=0x108000}]
05-26 14:08:02.779  2923  3243 I am_pss  : [5698,10071,com.oma.drm.server,5269504,4767744,0]
05-26 14:08:02.826  2923  3243 I am_pss  : [5685,10017,com.baidu.map.location,16324608,14700544,0]
05-26 14:08:02.868  2923  3243 I am_pss  : [5672,1001,com.qualcomm.qti.loadcarrier,4857856,4354048,0]
05-26 14:08:02.914  2923  3243 I am_pss  : [5659,1000,com.alps.lcn,7188480,6574080,0]
05-26 14:08:02.955  2923  3243 I am_pss  : [5543,1000,com.vivo.abe,29948928,28151808,0]
05-26 14:08:03.032  2923  3243 I am_pss  : [4667,1001,com.android.phone,40663040,39342080,0]
05-26 14:08:03.113  2923  3243 I am_pss  : [4652,1000,com.vivo.upslide,82214912,79560704,0]
05-26 14:08:03.146  2923  3243 I am_pss  : [4646,1000,com.android.server.telecom,9010176,8368128,0]
05-26 14:08:03.182  2923  3243 I am_pss  : [4634,1000,.dataservices,10097664,9445376,0]
05-26 14:08:03.232  2923  3243 I am_pss  : [4503,1000,com.vivo.daemonService,32001024,30253056,0]
05-26 14:08:03.291  2923  3243 I am_pss  : [4354,10024,com.android.systemui,114521088,108535808,0]
05-26 14:08:03.363  2923  3243 I am_pss  : [2923,1000,system,155116544,151285760,0]
05-26 14:08:04.621  2923 10346 I am_finish_activity: [0,168458142,514,com.android.bbklog/.SettingActivity,app-request]
05-26 14:08:04.623  2923 10346 I wm_task_moved: [514,1,15]
05-26 14:08:04.627  2923 10346 I am_focused_activity: [0,com.android.bbklog/.BbkLogActivity,finishActivity adjustFocus]
05-26 14:08:04.627  2923 10346 I am_pause_activity: [0,168458142,com.android.bbklog/.SettingActivity]
05-26 14:08:04.633  3143  3143 I am_on_paused_called: [0,com.android.bbklog.SettingActivity,handlePauseActivity]
05-26 14:08:04.649  2923 10343 I am_resume_activity: [0,234767133,514,com.android.bbklog/.BbkLogActivity]
05-26 14:08:04.686  3143  3143 I am_on_resume_called: [0,com.android.bbklog.BbkLogActivity,RESUME_ACTIVITY]
05-26 14:08:04.832  2923 10350 I am_finish_activity: [0,234767133,514,com.android.bbklog/.BbkLogActivity,app-request]
05-26 14:08:04.834  2923 10350 I wm_task_moved: [513,1,15]
05-26 14:08:04.841  2923 10350 I am_focused_activity: [0,com.iqoo.engineermode/.verifytest.EngineerVerifyTest,finishActivity adjustFocus]
05-26 14:08:04.880  2923 10350 I am_pause_activity: [0,234767133,com.android.bbklog/.BbkLogActivity]
05-26 14:08:04.907  3143  3143 I am_on_paused_called: [0,com.android.bbklog.BbkLogActivity,handlePauseActivity]
05-26 14:08:04.934  2923 10351 I am_resume_activity: [0,45901113,513,com.iqoo.engineermode/.verifytest.EngineerVerifyTest]
05-26 14:08:04.962 25300 25300 I am_on_resume_called: [0,com.iqoo.engineermode.verifytest.EngineerVerifyTest,RESUME_ACTIVITY]
05-26 14:08:05.363  2923  3245 I am_destroy_activity: [0,234767133,514,com.android.bbklog/.BbkLogActivity,finish-imm]
05-26 14:08:05.363  2923  3245 I am_destroy_activity: [0,168458142,514,com.android.bbklog/.SettingActivity,finish-imm]
05-26 14:08:05.364  3143  3143 I am_on_stop_called: [0,com.android.bbklog.BbkLogActivity,destroy]
05-26 14:08:05.384   513   513 I sf_frame_dur: [com.android.bbklog/com.android.bbklog.BbkLogActivity,1,0,0,1,0,0,0]
05-26 14:08:05.392  3143  3143 I am_on_stop_called: [0,com.android.bbklog.SettingActivity,destroy]
05-26 14:08:05.400   513   513 I sf_frame_dur: [com.android.bbklog/com.android.bbklog.SettingActivity,18,0,0,2,1,1,0]
05-26 14:08:05.402  2923  9670 I wm_task_removed: [514,removeAppToken: last token]
05-26 14:08:05.402  2923  9670 I wm_task_removed: [514,removeTask]
05-26 14:08:05.731  2923  3245 I am_broadcast_discard_app: [0,97381900,android.net.wifi.RSSI_CHANGED,0,ResolveInfo{7e3355 com.meelive.ingkee/.socketio.connection.internal.KAReceiver m=0x108000}]
05-26 14:08:05.732  2923  3245 I am_broadcast_discard_app: [0,97381900,android.net.wifi.RSSI_CHANGED,1,ResolveInfo{21df16a com.qq.ac.android/.receiver.BootReceiver m=0x108000}]
05-26 14:08:05.733  2923  3245 I am_broadcast_discard_app: [0,97381900,android.net.wifi.RSSI_CHANGED,2,ResolveInfo{84a465b com.sdu.didi.psnger/com.didi.sdk.receiver.WifiReceiver m=0x108000}]
05-26 14:08:08.745  2923  3245 I am_broadcast_discard_app: [0,161593910,android.net.wifi.RSSI_CHANGED,0,ResolveInfo{c5ced37 com.meelive.ingkee/.socketio.connection.internal.KAReceiver m=0x108000}]
05-26 14:08:08.746  2923  3245 I am_broadcast_discard_app: [0,161593910,android.net.wifi.RSSI_CHANGED,1,ResolveInfo{361f2a4 com.qq.ac.android/.receiver.BootReceiver m=0x108000}]
05-26 14:08:08.748  2923  3245 I am_broadcast_discard_app: [0,161593910,android.net.wifi.RSSI_CHANGED,2,ResolveInfo{77a780d com.sdu.didi.psnger/com.didi.sdk.receiver.WifiReceiver m=0x108000}]
05-26 14:08:11.770  2923  3245 I am_broadcast_discard_app: [0,253596944,android.net.wifi.RSSI_CHANGED,0,ResolveInfo{d638809 com.meelive.ingkee/.socketio.connection.internal.KAReceiver m=0x108000}]
05-26 14:08:11.771  2923  3245 I am_broadcast_discard_app: [0,253596944,android.net.wifi.RSSI_CHANGED,1,ResolveInfo{6c9da0e com.qq.ac.android/.receiver.BootReceiver m=0x108000}]
05-26 14:08:11.772  2923  3245 I am_broadcast_discard_app: [0,253596944,android.net.wifi.RSSI_CHANGED,2,ResolveInfo{9364c2f com.sdu.didi.psnger/com.didi.sdk.receiver.WifiReceiver m=0x108000}]
05-26 14:08:11.836  2923  3243 I am_pss  : [8757,10081,com.vivo.safecenter,10519552,9883648,0]
05-26 14:08:11.882  2923  3243 I am_pss  : [6935,10063,com.iqoo.secure:remote,37166080,35602432,0]
05-26 14:08:14.784  2923  3245 I am_broadcast_discard_app: [0,233143371,android.net.wifi.RSSI_CHANGED,0,ResolveInfo{396f628 com.meelive.ingkee/.socketio.connection.internal.KAReceiver m=0x108000}]
05-26 14:08:14.785  2923  3245 I am_broadcast_discard_app: [0,233143371,android.net.wifi.RSSI_CHANGED,1,ResolveInfo{1372f41 com.qq.ac.android/.receiver.BootReceiver m=0x108000}]
05-26 14:08:14.788  2923  3245 I am_broadcast_discard_app: [0,233143371,android.net.wifi.RSSI_CHANGED,2,ResolveInfo{22b1ce6 com.sdu.didi.psnger/com.didi.sdk.receiver.WifiReceiver m=0x108000}]
05-26 14:08:14.791  2923  3245 I am_broadcast_discard_app: [0,252547623,android.net.wifi.RSSI_CHANGED,0,ResolveInfo{c794cd4 com.meelive.ingkee/.socketio.connection.internal.KAReceiver m=0x108000}]
05-26 14:08:14.793  2923  3245 I am_broadcast_discard_app: [0,252547623,android.net.wifi.RSSI_CHANGED,1,ResolveInfo{5067e7d com.qq.ac.android/.receiver.BootReceiver m=0x108000}]
05-26 14:08:14.794  2923  3245 I am_broadcast_discard_app: [0,252547623,android.net.wifi.RSSI_CHANGED,2,ResolveInfo{ffc2172 com.sdu.didi.psnger/com.didi.sdk.receiver.WifiReceiver m=0x108000}]
05-26 14:08:15.562  2923  3245 I am_wtf  : [0,2923,system_server,-1,KernelWakelockReader,neither /proc/wakelocks nor /d/wakeup_sources exists]
05-26 14:08:17.795  2923  3245 I am_broadcast_discard_app: [0,81305375,android.net.wifi.RSSI_CHANGED,0,ResolveInfo{1b1626c com.meelive.ingkee/.socketio.connection.internal.KAReceiver m=0x108000}]
05-26 14:08:17.799  2923  3245 I am_broadcast_discard_app: [0,81305375,android.net.wifi.RSSI_CHANGED,1,ResolveInfo{c0035 com.qq.ac.android/.receiver.BootReceiver m=0x108000}]
05-26 14:08:17.800  2923  3245 I am_broadcast_discard_app: [0,81305375,android.net.wifi.RSSI_CHANGED,2,ResolveInfo{b2a6cca com.sdu.didi.psnger/com.didi.sdk.receiver.WifiReceiver m=0x108000}]
05-26 14:08:17.804  2923  3245 I am_broadcast_discard_app: [0,159922520,android.net.wifi.RSSI_CHANGED,0,ResolveInfo{2896ab1 com.meelive.ingkee/.socketio.connection.internal.KAReceiver m=0x108000}]
05-26 14:08:17.806  2923  3245 I am_broadcast_discard_app: [0,159922520,android.net.wifi.RSSI_CHANGED,1,ResolveInfo{8ea8b96 com.qq.ac.android/.receiver.BootReceiver m=0x108000}]
05-26 14:08:17.808  2923  3245 I am_broadcast_discard_app: [0,159922520,android.net.wifi.RSSI_CHANGED,2,ResolveInfo{e695317 com.sdu.didi.psnger/com.didi.sdk.receiver.WifiReceiver m=0x108000}]
05-26 14:08:17.868  2923  3243 I am_pss  : [25300,1000,com.iqoo.engineermode,16698368,13115392,0]
05-26 14:08:20.822  2923  3245 I am_broadcast_discard_app: [0,45861666,android.net.wifi.RSSI_CHANGED,0,ResolveInfo{2609b3 com.meelive.ingkee/.socketio.connection.internal.KAReceiver m=0x108000}]
05-26 14:08:20.823  2923  3245 I am_broadcast_discard_app: [0,45861666,android.net.wifi.RSSI_CHANGED,1,ResolveInfo{a98db70 com.qq.ac.android/.receiver.BootReceiver m=0x108000}]
05-26 14:08:20.824  2923  3245 I am_broadcast_discard_app: [0,45861666,android.net.wifi.RSSI_CHANGED,2,ResolveInfo{e91bee9 com.sdu.didi.psnger/com.didi.sdk.receiver.WifiReceiver m=0x108000}]
05-26 14:08:23.832  2923  3245 I am_broadcast_discard_app: [0,67649180,android.net.wifi.RSSI_CHANGED,0,ResolveInfo{33e60a5 com.meelive.ingkee/.socketio.connection.internal.KAReceiver m=0x108000}]
05-26 14:08:23.834  2923  3245 I am_broadcast_discard_app: [0,67649180,android.net.wifi.RSSI_CHANGED,1,ResolveInfo{79f9c7a com.qq.ac.android/.receiver.BootReceiver m=0x108000}]
05-26 14:08:23.835  2923  3245 I am_broadcast_discard_app: [0,67649180,android.net.wifi.RSSI_CHANGED,2,ResolveInfo{fefc2b com.sdu.didi.psnger/com.didi.sdk.receiver.WifiReceiver m=0x108000}]
05-26 14:08:25.736  2923 10346 I am_proc_died: [0,24682,com.tencent.mobileqq:qzone]
05-26 14:08:25.810  2923  3243 I am_pss  : [3143,1000,com.android.bbklog,28186624,25559040,0]
05-26 14:08:26.859  2923  3245 I am_broadcast_discard_app: [0,223428818,android.net.wifi.RSSI_CHANGED,0,ResolveInfo{1c4c5a3 com.meelive.ingkee/.socketio.connection.internal.KAReceiver m=0x108000}]
05-26 14:08:26.860  2923  3245 I am_broadcast_discard_app: [0,223428818,android.net.wifi.RSSI_CHANGED,1,ResolveInfo{41200a0 com.qq.ac.android/.receiver.BootReceiver m=0x108000}]
05-26 14:08:26.862  2923  3245 I am_broadcast_discard_app: [0,223428818,android.net.wifi.RSSI_CHANGED,2,ResolveInfo{39b3459 com.sdu.didi.psnger/com.didi.sdk.receiver.WifiReceiver m=0x108000}]
05-26 14:08:29.882  2923  3245 I am_broadcast_discard_app: [0,229017292,android.net.wifi.RSSI_CHANGED,0,ResolveInfo{ac1bd15 com.meelive.ingkee/.socketio.connection.internal.KAReceiver m=0x108000}]
05-26 14:08:29.883  2923  3245 I am_broadcast_discard_app: [0,229017292,android.net.wifi.RSSI_CHANGED,1,ResolveInfo{f58182a com.qq.ac.android/.receiver.BootReceiver m=0x108000}]
05-26 14:08:29.884  2923  3245 I am_broadcast_discard_app: [0,229017292,android.net.wifi.RSSI_CHANGED,2,ResolveInfo{a5b461b com.sdu.didi.psnger/com.didi.sdk.receiver.WifiReceiver m=0x108000}]
05-26 14:08:32.563  2923  4302 I am_finish_activity: [0,45901113,513,com.iqoo.engineermode/.verifytest.EngineerVerifyTest,app-request]
05-26 14:08:32.565  2923  4302 I wm_task_moved: [513,1,14]
05-26 14:08:32.570  2923  4302 I am_focused_activity: [0,com.iqoo.engineermode/.EngineerMode,finishActivity adjustFocus]
05-26 14:08:32.571  2923  4302 I am_pause_activity: [0,45901113,com.iqoo.engineermode/.verifytest.EngineerVerifyTest]
05-26 14:08:32.573 25300 25300 I am_on_paused_called: [0,com.iqoo.engineermode.verifytest.EngineerVerifyTest,handlePauseActivity]
05-26 14:08:32.587  2923  4570 I am_resume_activity: [0,12447759,513,com.iqoo.engineermode/.EngineerMode]
05-26 14:08:32.600 25300 25300 I am_on_resume_called: [0,com.iqoo.engineermode.EngineerMode,RESUME_ACTIVITY]
05-26 14:08:32.902  2923  3245 I am_broadcast_discard_app: [0,256007571,android.net.wifi.RSSI_CHANGED,0,ResolveInfo{a76d1d0 com.meelive.ingkee/.socketio.connection.internal.KAReceiver m=0x108000}]
05-26 14:08:32.903  2923  3245 I am_broadcast_discard_app: [0,256007571,android.net.wifi.RSSI_CHANGED,1,ResolveInfo{f64e5c9 com.qq.ac.android/.receiver.BootReceiver m=0x108000}]
05-26 14:08:32.905  2923  3245 I am_broadcast_discard_app: [0,256007571,android.net.wifi.RSSI_CHANGED,2,ResolveInfo{e6f44ce com.sdu.didi.psnger/com.didi.sdk.receiver.WifiReceiver m=0x108000}]
05-26 14:08:32.952  2923 31160 I am_finish_activity: [0,12447759,513,com.iqoo.engineermode/.EngineerMode,app-request]
05-26 14:08:32.954  2923 31160 I wm_task_moved: [20,1,14]
05-26 14:08:32.962  2923 31160 I am_focused_activity: [0,com.android.dialer/.TwelveKeyDialer,finishActivity adjustFocus]
05-26 14:08:33.009  2923 31160 I am_pause_activity: [0,12447759,com.iqoo.engineermode/.EngineerMode]
05-26 14:08:33.025 25300 25300 I am_on_paused_called: [0,com.iqoo.engineermode.EngineerMode,handlePauseActivity]
05-26 14:08:33.059  2923 10358 I am_resume_activity: [0,188625422,20,com.android.dialer/.TwelveKeyDialer]
05-26 14:08:33.153 25116 25116 I am_on_resume_called: [0,com.android.dialer.TwelveKeyDialer,RESUME_ACTIVITY]
05-26 14:08:33.491  2923 10340 I am_wtf  : [0,2923,system_server,-1,ActivityManager,Sending non-protected broadcast launcher.action.CHANGE_APPLICATION_NOTIFICATION_NUM from system 4667:com.android.phone/1001 pkg com.android.phone]
05-26 14:08:33.496  2923  4690 I am_wtf  : [0,2923,system_server,-1,ActivityManager,Sending non-protected broadcast android.no.read.BBKLockScreen.INCALL from system 4667:com.android.phone/1001 pkg com.android.phone]
05-26 14:08:33.497  2923  4690 I am_wtf  : [0,2923,system_server,-1,ActivityManager,Sending non-protected broadcast android.no.read.BBKLockScreen.INCALL from system 4667:com.android.phone/1001 pkg com.android.phone]
05-26 14:08:33.536  2923 10348 I wm_task_moved: [20,0,0]
05-26 14:08:33.539  2923 10348 I am_focused_stack: [0,0,1,moveTaskToBackAndShowHome resumeHomeStackTask setFocusedActivity]
05-26 14:08:33.539  2923 10348 I wm_task_moved: [2,1,1]
05-26 14:08:33.541  2923 10348 I am_focused_activity: [0,com.bbk.launcher2/.Launcher,moveTaskToBackAndShowHome resumeHomeStackTask]
05-26 14:08:33.562  2923 10348 I am_pause_activity: [0,188625422,com.android.dialer/.TwelveKeyDialer]
05-26 14:08:33.573 25116 25116 I am_on_paused_called: [0,com.android.dialer.TwelveKeyDialer,handlePauseActivity]
05-26 14:08:33.588  2923  3103 I am_resume_activity: [0,78072557,2,com.bbk.launcher2/.Launcher]
05-26 14:08:33.600  2923  3245 I sysui_count: [window_time_0,146]
05-26 14:08:33.611  2923  3245 I am_stop_activity: [0,188625422,com.android.dialer/.TwelveKeyDialer]
05-26 14:08:33.612  2923  3245 I am_destroy_activity: [0,12447759,513,com.iqoo.engineermode/.EngineerMode,finish-imm]
05-26 14:08:33.612  2923  3245 I am_destroy_activity: [0,45901113,513,com.iqoo.engineermode/.verifytest.EngineerVerifyTest,finish-imm]
05-26 14:08:33.618  5754  5754 I am_on_resume_called: [0,com.bbk.launcher2.Launcher,RESUME_ACTIVITY]
05-26 14:08:33.629 25300 25300 I am_on_stop_called: [0,com.iqoo.engineermode.EngineerMode,destroy]
05-26 14:08:33.634 25116 25116 I am_on_stop_called: [0,com.android.dialer.TwelveKeyDialer,handleStopActivity]
05-26 14:08:33.661   513   513 I sf_frame_dur: [com.iqoo.engineermode/com.iqoo.engineermode.EngineerMode,0,0,0,0,1,0,0]
05-26 14:08:33.670 25300 25300 I am_on_stop_called: [0,com.iqoo.engineermode.verifytest.EngineerVerifyTest,destroy]
05-26 14:08:33.678   513   513 I sf_frame_dur: [com.iqoo.engineermode/com.iqoo.engineermode.verifytest.EngineerVerifyTest,15,1,0,0,0,3,0]
05-26 14:08:33.697  2923  9670 I wm_task_removed: [513,removeAppToken: last token]
05-26 14:08:33.697  2923  9670 I wm_task_removed: [513,removeTask]
05-26 14:08:35.925  2923  3245 I am_broadcast_discard_app: [0,97482800,android.net.wifi.RSSI_CHANGED,0,ResolveInfo{514fca9 com.meelive.ingkee/.socketio.connection.internal.KAReceiver m=0x108000}]
05-26 14:08:35.928  2923  3245 I am_broadcast_discard_app: [0,97482800,android.net.wifi.RSSI_CHANGED,1,ResolveInfo{2a1422e com.qq.ac.android/.receiver.BootReceiver m=0x108000}]
05-26 14:08:35.929  2923  3245 I am_broadcast_discard_app: [0,97482800,android.net.wifi.RSSI_CHANGED,2,ResolveInfo{e6761cf com.sdu.didi.psnger/com.didi.sdk.receiver.WifiReceiver m=0x108000}]
05-26 14:08:36.755  2923  3103 I am_proc_died: [0,18123,com.tencent.mobileqq:tool]
05-26 14:08:36.760  2923  3103 I am_mem_factor: [3,2]
05-26 14:08:38.937  2923  3245 I am_broadcast_discard_app: [0,260656480,android.net.wifi.RSSI_CHANGED,0,ResolveInfo{b496219 com.meelive.ingkee/.socketio.connection.internal.KAReceiver m=0x108000}]
05-26 14:08:38.938  2923  3245 I am_broadcast_discard_app: [0,260656480,android.net.wifi.RSSI_CHANGED,1,ResolveInfo{27892de com.qq.ac.android/.receiver.BootReceiver m=0x108000}]
05-26 14:08:38.939  2923  3245 I am_broadcast_discard_app: [0,260656480,android.net.wifi.RSSI_CHANGED,2,ResolveInfo{fca5cbf com.sdu.didi.psnger/com.didi.sdk.receiver.WifiReceiver m=0x108000}]
05-26 14:08:41.958  2923  3245 I am_broadcast_discard_app: [0,108461802,android.net.wifi.RSSI_CHANGED,0,ResolveInfo{55205db com.meelive.ingkee/.socketio.connection.internal.KAReceiver m=0x108000}]
05-26 14:08:41.959  2923  3245 I am_broadcast_discard_app: [0,108461802,android.net.wifi.RSSI_CHANGED,1,ResolveInfo{4176878 com.qq.ac.android/.receiver.BootReceiver m=0x108000}]
05-26 14:08:41.961  2923  3245 I am_broadcast_discard_app: [0,108461802,android.net.wifi.RSSI_CHANGED,2,ResolveInfo{49c3b51 com.sdu.didi.psnger/com.didi.sdk.receiver.WifiReceiver m=0x108000}]
05-26 14:08:44.970  2923  3245 I am_broadcast_discard_app: [0,194417700,android.net.wifi.RSSI_CHANGED,0,ResolveInfo{8183b8d com.meelive.ingkee/.socketio.connection.internal.KAReceiver m=0x108000}]
05-26 14:08:44.972  2923  3245 I am_broadcast_discard_app: [0,194417700,android.net.wifi.RSSI_CHANGED,1,ResolveInfo{848142 com.qq.ac.android/.receiver.BootReceiver m=0x108000}]
05-26 14:08:44.974  2923  3245 I am_broadcast_discard_app: [0,194417700,android.net.wifi.RSSI_CHANGED,2,ResolveInfo{2d95553 com.sdu.didi.psnger/com.didi.sdk.receiver.WifiReceiver m=0x108000}]
05-26 14:08:45.081  2923  3243 I am_pss  : [5754,10034,com.bbk.launcher2,119336960,117469184,0]
05-26 14:08:45.123  2923  3243 I am_pss  : [19350,10030,com.bbk.appstore:remote,13508608,11755520,0]
05-26 14:08:47.994  2923  3245 I am_broadcast_discard_app: [0,249393038,android.net.wifi.RSSI_CHANGED,0,ResolveInfo{219f3af com.meelive.ingkee/.socketio.connection.internal.KAReceiver m=0x108000}]
05-26 14:08:47.995  2923  3245 I am_broadcast_discard_app: [0,249393038,android.net.wifi.RSSI_CHANGED,1,ResolveInfo{5a643bc com.qq.ac.android/.receiver.BootReceiver m=0x108000}]
05-26 14:08:47.997  2923  3245 I am_broadcast_discard_app: [0,249393038,android.net.wifi.RSSI_CHANGED,2,ResolveInfo{fd64f45 com.sdu.didi.psnger/com.didi.sdk.receiver.WifiReceiver m=0x108000}]
05-26 14:08:51.025  2923  3245 I am_broadcast_discard_app: [0,7462824,android.net.wifi.RSSI_CHANGED,0,ResolveInfo{6919ac1 com.meelive.ingkee/.socketio.connection.internal.KAReceiver m=0x108000}]
05-26 14:08:51.026  2923  3245 I am_broadcast_discard_app: [0,7462824,android.net.wifi.RSSI_CHANGED,1,ResolveInfo{b6be266 com.qq.ac.android/.receiver.BootReceiver m=0x108000}]
05-26 14:08:51.027  2923  3245 I am_broadcast_discard_app: [0,7462824,android.net.wifi.RSSI_CHANGED,2,ResolveInfo{ccea9a7 com.sdu.didi.psnger/com.didi.sdk.receiver.WifiReceiver m=0x108000}]
05-26 14:08:54.042  2923  3245 I am_broadcast_discard_app: [0,4439794,android.net.wifi.RSSI_CHANGED,0,ResolveInfo{2323943 com.meelive.ingkee/.socketio.connection.internal.KAReceiver m=0x108000}]
05-26 14:08:54.043  2923  3245 I am_broadcast_discard_app: [0,4439794,android.net.wifi.RSSI_CHANGED,1,ResolveInfo{9a6fbc0 com.qq.ac.android/.receiver.BootReceiver m=0x108000}]
05-26 14:08:54.045  2923  3245 I am_broadcast_discard_app: [0,4439794,android.net.wifi.RSSI_CHANGED,2,ResolveInfo{34de0f9 com.sdu.didi.psnger/com.didi.sdk.receiver.WifiReceiver m=0x108000}]
05-26 14:08:54.049  2923  3245 I am_mem_factor: [2,3]
05-26 14:08:54.522  2923  3243 I am_meminfo: [349790208,202264576,0,344604672,243324928]
05-26 14:08:54.550  2923  3243 I am_pss  : [5754,10034,com.bbk.launcher2,119336960,117469184,0]
05-26 14:08:54.566  2923  3243 I am_pss  : [25116,10009,com.android.dialer,28402688,23453696,0]
05-26 14:08:54.581  2923  3243 I am_pss  : [5611,1000,com.vivo.doubleinstance,6324224,5677056,0]
05-26 14:08:54.598  2923  3243 I am_pss  : [24852,10033,com.android.filemanager,25111552,20422656,0]
05-26 14:08:54.615  2923  3243 I am_pss  : [6141,10011,android.process.media,36766720,35934208,0]
05-26 14:08:54.674  2923  3243 I am_pss  : [6417,10129,com.tencent.mobileqq,111350784,104894464,0]
05-26 14:08:54.695  2923  3243 I am_pss  : [6369,10129,com.tencent.mobileqq:MSF,23566336,20234240,0]
05-26 14:08:54.738  2923  3243 I am_pss  : [20911,10133,com.tencent.mm,149113856,142315520,0]
05-26 14:08:54.766  2923  3243 I am_pss  : [4303,10062,com.baidu.input_bbk.service,53694464,48922624,0]
05-26 14:08:54.785  2923  3243 I am_pss  : [9794,1001,com.android.incallui,33160192,32190464,0]
05-26 14:08:54.807  2923  3243 I am_pss  : [6692,1000,com.vivo.permissionmanager,34028544,32858112,0]
05-26 14:08:54.825  2923  3243 I am_pss  : [4516,1000,com.android.settings,25967616,25038848,0]
05-26 14:08:54.839  2923  3243 I am_pss  : [8770,1000,com.qti.service.colorservice,5172224,4608000,0]
05-26 14:08:54.857  2923  3243 I am_pss  : [19350,10030,com.bbk.appstore:remote,13508608,11755520,0]
05-26 14:08:54.874  2923  3243 I am_pss  : [30663,10085,com.vivo.secime.service,16801792,15712256,0]
05-26 14:08:54.894  2923  3243 I am_pss  : [4577,1000,com.vivo.smartmultiwindow,55448576,51560448,0]
05-26 14:08:54.926  2923  3243 I am_pss  : [11337,10035,com.android.bbkmusic,63476736,61325312,0]
05-26 14:08:54.943  2923  3243 I am_pss  : [4763,10064,com.bbk.iqoo.logsystem,20780032,18911232,0]
05-26 14:08:54.958  2923  3243 I am_pss  : [22635,10045,com.vivo.weather.provider,13160448,11046912,0]
05-26 14:08:54.973  2923  3243 I am_pss  : [25300,1000,com.iqoo.engineermode,14008320,10391552,0]
05-26 14:08:54.989  2923  3243 I am_pss  : [25137,10018,com.vivo.numbermark,6100992,3633152,0]
05-26 14:08:55.004  2923  3243 I am_pss  : [22603,10002,android.process.acore,25626624,22802432,0]
05-26 14:08:55.023  2923  3243 I am_pss  : [3143,1000,com.android.bbklog,28181504,25559040,0]
05-26 14:08:55.039  2923  3243 I am_pss  : [25488,10093,com.android.camera,14919680,11665408,0]
05-26 14:08:55.057  2923  3243 I am_pss  : [25335,10136,com.tencent.reading:PushService,25486336,20709376,0]
05-26 14:08:55.077  2923  3243 I am_pss  : [23603,10203,com.eg.android.AlipayGphone:push,40763392,35831808,0]
05-26 14:08:55.091  2923  3243 I am_pss  : [25268,1000,com.vivo.abe:pushservice_v1,8924160,6397952,0]
05-26 14:08:55.125  2923  3243 I am_pss  : [8142,10133,com.tencent.mm:tools,67159040,63959040,0]
05-26 14:08:55.142  2923  3243 I am_pss  : [16875,10030,com.bbk.appstore,19077120,16097280,0]
05-26 14:08:55.160  2923  3243 I am_pss  : [14981,10098,com.vivo.gallery,97156096,94060544,0]
05-26 14:08:55.174  2923  3243 I am_pss  : [8757,10081,com.vivo.safecenter,10520576,9883648,0]
05-26 14:08:55.189  2923  3243 I am_pss  : [4289,1000,com.vivo.appfilter,12580864,11870208,0]
05-26 14:08:55.203  2923  3243 I am_pss  : [24327,10013,android.ext.services,4770816,2928640,0]
05-26 14:08:55.237  2923  3243 I am_pss  : [8046,10055,com.vivo.devicereg,47263744,46370816,0]
05-26 14:08:55.253  2923  3243 I am_pss  : [22621,10056,com.vivo.doubletimezoneclock,16052224,13950976,0]
05-26 14:08:55.268  2923  3243 I am_pss  : [9152,1000,com.vivo.wifi.networkdetect,4173824,3338240,0]
05-26 14:08:55.286  2923  3243 I am_pss  : [14205,10133,com.tencent.mm:push,24579072,22261760,0]
05-26 14:08:55.300  2923  3243 I am_pss  : [16713,1000,com.qualcomm.qti.appnetaccess,3603456,2551808,0]
05-26 14:08:55.315  2923  3243 I am_pss  : [16629,1000,org.simalliance.openmobileapi.service:remote,3775488,2568192,0]
05-26 14:08:55.330  2923  3243 I am_pss  : [16234,10102,com.vivo.sdkplugin,5524480,2985984,0]
05-26 14:08:55.344  2923  3243 I am_pss  : [15253,1000,com.qualcomm.display,3331072,2379776,0]
05-26 14:08:55.359  2923  3243 I am_pss  : [14631,1000,com.android.fuelsummary,6169600,5017600,0]
05-26 14:08:55.373  2923  3243 I am_pss  : [4952,10002,com.vivo.sim.contacts,6035456,5513216,0]
05-26 14:08:55.387  2923  3243 I am_pss  : [31001,1000,com.volte.config,3228672,2547712,0]
05-26 14:08:55.404  2923  3243 I am_pss  : [6935,10063,com.iqoo.secure:remote,37233664,35667968,0]
05-26 14:08:55.422  2923  3243 I am_pss  : [14366,10133,com.tencent.mm:appbrand0,19042304,17690624,0]
05-26 14:08:55.438  2923  3243 I am_pss  : [14422,10133,com.tencent.mm:exdevice,17583104,16269312,0]
05-26 14:08:55.453  2923  3243 I am_pss  : [4993,1001,com.qualcomm.qcrilmsgtunnel,5512192,4968448,0]
05-26 14:08:55.467  2923  3243 I am_pss  : [5698,10071,com.oma.drm.server,5270528,4767744,0]
05-26 14:08:55.483  2923  3243 I am_pss  : [5685,10017,com.baidu.map.location,16320512,14696448,0]
05-26 14:08:55.497  2923  3243 I am_pss  : [5672,1001,com.qualcomm.qti.loadcarrier,4858880,4354048,0]
05-26 14:08:55.511  2923  3243 I am_pss  : [5659,1000,com.alps.lcn,7189504,6574080,0]
05-26 14:08:55.529  2923  3243 I am_pss  : [5543,1000,com.vivo.abe,30034944,28237824,0]
05-26 14:08:55.553  2923  3243 I am_pss  : [4667,1001,com.android.phone,40695808,39374848,0]
05-26 14:08:55.576  2923  3243 I am_pss  : [4652,1000,com.vivo.upslide,82239488,79527936,0]
05-26 14:08:55.590  2923  3243 I am_pss  : [4646,1000,com.android.server.telecom,9011200,8368128,0]
05-26 14:08:55.606  2923  3243 I am_pss  : [4634,1000,.dataservices,10291200,9637888,0]
05-26 14:08:55.629  2923  3243 I am_pss  : [4503,1000,com.vivo.daemonService,32010240,30265344,0]
05-26 14:08:55.661  2923  3243 I am_pss  : [4354,10024,com.android.systemui,114788352,108793856,0]
05-26 14:08:55.719  2923  3243 I am_pss  : [2923,1000,system,153007104,149184512,0]
05-26 14:08:57.037  2923  3245 I am_broadcast_discard_app: [0,132125676,NULL,0,ResolveInfo{50293b5 com.happyelements.AndroidAnimal/com.happyelements.gsp.android.notification.gcn.GcnBroadcastReceiver m=0x0}]
05-26 14:08:57.063  2923  3245 I am_broadcast_discard_app: [0,95453912,android.net.wifi.RSSI_CHANGED,0,ResolveInfo{f15b631 com.meelive.ingkee/.socketio.connection.internal.KAReceiver m=0x108000}]
05-26 14:08:57.064  2923  3245 I am_broadcast_discard_app: [0,95453912,android.net.wifi.RSSI_CHANGED,1,ResolveInfo{4a7b116 com.qq.ac.android/.receiver.BootReceiver m=0x108000}]
05-26 14:08:57.065  2923  3245 I am_broadcast_discard_app: [0,95453912,android.net.wifi.RSSI_CHANGED,2,ResolveInfo{5f4a97 com.sdu.didi.psnger/com.didi.sdk.receiver.WifiReceiver m=0x108000}]
05-26 14:09:00.075  2923  3245 I am_broadcast_discard_app: [0,267123305,android.net.wifi.RSSI_CHANGED,0,ResolveInfo{3fbccee com.meelive.ingkee/.socketio.connection.internal.KAReceiver m=0x108000}]
05-26 14:09:00.076  2923  3245 I am_broadcast_discard_app: [0,267123305,android.net.wifi.RSSI_CHANGED,1,ResolveInfo{8baf58f com.qq.ac.android/.receiver.BootReceiver m=0x108000}]
05-26 14:09:00.076  2923  3245 I am_broadcast_discard_app: [0,267123305,android.net.wifi.RSSI_CHANGED,2,ResolveInfo{a06501c com.sdu.didi.psnger/com.didi.sdk.receiver.WifiReceiver m=0x108000}]
05-26 14:09:03.100  2923  3245 I am_broadcast_discard_app: [0,234576811,android.net.wifi.RSSI_CHANGED,0,ResolveInfo{b365208 com.meelive.ingkee/.socketio.connection.internal.KAReceiver m=0x108000}]
05-26 14:09:03.101  2923  3245 I am_broadcast_discard_app: [0,234576811,android.net.wifi.RSSI_CHANGED,1,ResolveInfo{d4f8da1 com.qq.ac.android/.receiver.BootReceiver m=0x108000}]
