05-26 13:17:39.043  2923 10360 I notification_autogrouped: 0|com.qq.reader|24|null|10212
05-26 13:17:39.043  2923 10360 I notification_autogrouped: 0|com.qq.reader|1977936656|null|10212
05-26 13:17:39.048  2923  9670 I notification_autogrouped: 0|com.android.bbklog|1|null|1000
05-26 13:17:39.052  2923 10343 I notification_autogrouped: 0|com.android.bbklog|1|null|1000
05-26 13:17:39.056  2923 10346 I notification_autogrouped: 0|com.bbk.appstore|100000|null|10030
05-26 13:17:39.060  2923 10351 I notification_autogrouped: 0|com.bbk.appstore|100000|null|10030
05-26 13:17:39.064  2923 10335 I notification_autogrouped: 0|com.vivo.browser|20000000|null|10025
05-26 13:17:39.067  2923  4690 I notification_autogrouped: 0|com.vivo.browser|20000000|null|10025
05-26 13:17:39.071  2923  4432 I notification_autogrouped: 0|com.vivo.abe|1002001|null|1000
05-26 13:17:39.074  2923 31160 I notification_autogrouped: 0|com.vivo.abe|1002001|null|1000
05-26 13:17:39.079  2923 31026 I notification_autogrouped: 0|com.bbk.iqoo.logsystem|3|null|10064
05-26 13:17:39.082  2923  4693 I notification_autogrouped: 0|com.bbk.iqoo.logsystem|3|null|10064
05-26 13:17:39.111  2923  3243 I am_pss  : [20911,10133,com.tencent.mm,146743296,141832192,0]
05-26 13:17:39.137  2923  3243 I am_pss  : [5611,1000,com.vivo.doubleinstance,6320128,5672960,0]
05-26 13:17:39.163  2923  3243 I am_pss  : [6369,10129,com.tencent.mobileqq:MSF,22204416,19738624,0]
05-26 13:17:39.200  2923  3243 I am_pss  : [5754,10034,com.bbk.launcher2,112977920,111001600,0]
05-26 13:17:39.260  2923  3243 I am_pss  : [6417,10129,com.tencent.mobileqq,110767104,106078208,0]
05-26 13:17:39.288  2923  3243 I am_pss  : [4303,10062,com.baidu.input_bbk.service,51232768,46198784,0]
05-26 13:17:39.310  2923  3243 I am_pss  : [9794,1001,com.android.incallui,33197056,32174080,0]
05-26 13:17:39.331  2923  3243 I am_pss  : [6692,1000,com.vivo.permissionmanager,33200128,31969280,0]
05-26 13:17:39.350  2923  3243 I am_pss  : [4516,1000,com.android.settings,26126336,25137152,0]
05-26 13:17:39.364  2923  3243 I am_pss  : [8770,1000,com.qti.service.colorservice,5182464,4624384,0]
05-26 13:17:39.381  2923  3243 I am_pss  : [19350,10030,com.bbk.appstore:remote,13586432,11792384,0]
05-26 13:17:39.398  2923  3243 I am_pss  : [30663,10085,com.vivo.secime.service,16854016,15732736,0]
05-26 13:17:39.418  2923  3243 I am_pss  : [4577,1000,com.vivo.smartmultiwindow,55234560,51359744,0]
05-26 13:17:39.449  2923  3243 I am_pss  : [11337,10035,com.android.bbkmusic,58697728,57057280,0]
05-26 13:17:39.465  2923  3243 I am_pss  : [14414,10212,com.qq.reader:pushservice,9359360,6705152,0]
05-26 13:17:39.482  2923  3243 I am_pss  : [4763,10064,com.bbk.iqoo.logsystem,19326976,18219008,0]
05-26 13:17:39.497  2923  3243 I am_pss  : [4289,1000,com.vivo.appfilter,12323840,11599872,0]
05-26 13:17:39.514  2923  3243 I am_pss  : [16875,10030,com.bbk.appstore,17263616,14557184,0]
05-26 13:17:39.528  2923  3243 I am_pss  : [9152,1000,com.vivo.wifi.networkdetect,4216832,3375104,0]
05-26 13:17:39.544  2923  3243 I am_pss  : [22621,10056,com.vivo.doubletimezoneclock,15244288,13406208,0]
05-26 13:17:39.559  2923  3243 I am_pss  : [22603,10002,android.process.acore,30546944,27860992,0]
05-26 13:17:39.578  2923  3243 I am_pss  : [3143,1000,com.android.bbklog,21084160,20008960,0]
05-26 13:17:39.594  2923  3243 I am_pss  : [6141,10011,android.process.media,35542016,34795520,0]
05-26 13:17:39.611  2923  3243 I am_pss  : [14800,10141,com.qileyx.ddz.vivo,9627648,6983680,0]
05-26 13:17:39.627  2923  3243 I am_pss  : [12044,1000,com.vivo.abe:pushservice_v1,17101824,13742080,0]
05-26 13:17:39.642  2923  3243 I am_pss  : [14981,10098,com.vivo.gallery,6234112,4288512,0]
05-26 13:17:39.657  2923  3243 I am_pss  : [14785,10141,com.qileyx.ddz.vivo:pushservice,7118848,4784128,0]
05-26 13:17:39.698  2923  3243 I am_pss  : [8142,10133,com.tencent.mm:tools,65464320,63033344,0]
05-26 13:17:39.729  2923  3243 I am_pss  : [18123,10129,com.tencent.mobileqq:tool,44753920,39895040,0]
05-26 13:17:39.747  2923  3243 I am_pss  : [14205,10133,com.tencent.mm:push,27030528,25214976,0]
05-26 13:17:39.761  2923  3243 I am_pss  : [16713,1000,com.qualcomm.qti.appnetaccess,3610624,2551808,0]
05-26 13:17:39.775  2923  3243 I am_pss  : [16629,1000,org.simalliance.openmobileapi.service:remote,3821568,2572288,0]
05-26 13:17:39.790  2923  3243 I am_pss  : [16234,10102,com.vivo.sdkplugin,4699136,2969600,0]
05-26 13:17:39.804  2923  3243 I am_pss  : [15253,1000,com.qualcomm.display,3332096,2379776,0]
05-26 13:17:39.820  2923  3243 I am_pss  : [14934,10141,com.qileyx.ddz.vivo:egameCore,5971968,3452928,0]
05-26 13:17:39.834  2923  3243 I am_pss  : [14631,1000,com.android.fuelsummary,4884480,3620864,0]
05-26 13:17:39.851  2923  3243 I am_pss  : [13498,10212,com.qq.reader:QS,10491904,7864320,0]
05-26 13:17:39.865  2923  3243 I am_pss  : [4952,10002,com.vivo.sim.contacts,6038528,5513216,0]
05-26 13:17:39.879  2923  3243 I am_pss  : [31001,1000,com.volte.config,3227648,2547712,0]
05-26 13:17:39.897  2923  3243 I am_pss  : [14366,10133,com.tencent.mm:appbrand0,18504704,17510400,0]
05-26 13:17:39.913  2923  3243 I am_pss  : [14422,10133,com.tencent.mm:exdevice,17058816,16093184,0]
05-26 13:17:39.928  2923  3243 I am_pss  : [4993,1001,com.qualcomm.qcrilmsgtunnel,5508096,4968448,0]
05-26 13:18:04.525  2923  4013 I am_wtf  : [0,2923,system_server,-1,ActivityManager,Sending non-protected broadcast com.vivo.pem.bigdata from system uid 1000 pkg com.vivo.pem]
05-26 13:18:04.534  2923  3243 I am_pss  : [8046,10055,com.vivo.devicereg,75485184,72400896,0]
05-26 13:18:04.540  2923  3245 I am_wtf  : [0,2923,system_server,-1,KernelWakelockReader,neither /proc/wakelocks nor /d/wakeup_sources exists]
05-26 13:18:04.576  2923  3245 I am_wtf  : [0,4503,system_server,-1,KernelWakelockReader,neither /proc/wakelocks nor /d/wakeup_sources exists]
05-26 13:18:04.621  2923  4693 I am_broadcast_discard_app: [0,115156212,NULL,0,ResolveInfo{623441d com.happyelements.AndroidAnimal/com.happyelements.gsp.android.notification.gcn.GcnBroadcastReceiver m=0x0}]
05-26 13:18:04.635  2923  3245 I am_wtf  : [0,2923,system_server,-1,KernelWakelockReader,neither /proc/wakelocks nor /d/wakeup_sources exists]
05-26 13:19:10.574  2923  3245 I am_wtf  : [0,2923,system_server,-1,KernelWakelockReader,neither /proc/wakelocks nor /d/wakeup_sources exists]
05-26 13:22:23.116  2923  3245 I am_broadcast_discard_app: [0,8707472,NULL,0,ResolveInfo{1746689 com.happyelements.AndroidAnimal/com.happyelements.gsp.android.notification.gcn.GcnBroadcastReceiver m=0x0}]
05-26 13:22:23.244  2923  4692 I am_create_task: [0,508]
05-26 13:22:23.244  2923  4692 I am_create_activity: [0,158930173,508,com.tencent.reading/com.tencent.news.push.alive.offactivity.HollowActivity,NULL,NULL,NULL,276824064]
05-26 13:22:23.245  2923  4692 I wm_task_created: [508,1]
05-26 13:22:23.245  2923  4692 I wm_task_moved: [508,1,14]
05-26 13:22:23.246  2923  4692 I wm_task_moved: [508,1,14]
05-26 13:22:23.247  2923  4692 I am_focused_activity: [0,com.tencent.reading/com.tencent.news.push.alive.offactivity.HollowActivity,startedActivity]
05-26 13:22:23.258  2923  4692 I am_restart_activity: [0,158930173,508,com.tencent.reading/com.tencent.news.push.alive.offactivity.HollowActivity]
05-26 13:22:23.263  2923  4692 I am_pause_activity: [0,158930173,com.tencent.reading/com.tencent.news.push.alive.offactivity.HollowActivity]
05-26 13:22:23.268  2923  4692 I sysui_action: [323,com.tencent.reading/com.tencent.news.push.alive.offactivity.HollowActivity]
05-26 13:22:23.268  2923  4692 I sysui_action: [324,true]
05-26 13:22:23.268  2923  4692 I sysui_action: [325,82551]
05-26 13:22:23.274  2923  3420 I sysui_action: [320,3]
05-26 13:22:23.274  2923  3420 I sysui_action: [319,36]
05-26 13:22:23.295 23409 23409 I am_on_resume_called: [0,com.tencent.news.push.alive.offactivity.HollowActivity,LAUNCH_ACTIVITY]
05-26 13:22:23.336 23409 23409 I am_on_paused_called: [0,com.tencent.news.push.alive.offactivity.HollowActivity,handlePauseActivity]
05-26 13:22:23.339  2923  3245 I am_stop_activity: [0,158930173,com.tencent.reading/com.tencent.news.push.alive.offactivity.HollowActivity]
05-26 13:22:23.342  2923  3245 I sysui_count: [window_time_0,578]
05-26 13:22:23.369 23409 23409 I am_on_stop_called: [0,com.tencent.news.push.alive.offactivity.HollowActivity,sleeping]
05-26 13:22:23.390  2923  3420 I sysui_action: [322,151]
05-26 13:22:23.390  2923  3420 I am_activity_launch_time: [0,158930173,com.tencent.reading/com.tencent.news.push.alive.offactivity.HollowActivity,126,6344]
05-26 13:22:23.866  2923  3245 I am_wtf  : [0,2923,system_server,-1,KernelWakelockReader,neither /proc/wakelocks nor /d/wakeup_sources exists]
05-26 13:22:41.894  2923  4013 I am_wtf  : [0,2923,system_server,-1,ActivityManager,Sending non-protected broadcast com.vivo.pem.power from system uid 1000 pkg com.vivo.pem]
05-26 13:22:41.899  2923  4013 I am_wtf  : [0,2923,system_server,-1,ActivityManager,Sending non-protected broadcast com.vivo.push.AlarmAciton.Retry from system uid 1000 pkg com.vivo.abe]
05-26 13:22:41.919  2923  3245 I am_wtf  : [0,2923,system_server,-1,KernelWakelockReader,neither /proc/wakelocks nor /d/wakeup_sources exists]
05-26 13:22:41.932  2923  3243 I sync    : [com.tencent.mtt.account.sync,0,4,105225487]
05-26 13:22:41.954  2923  3245 I am_wtf  : [0,4503,system_server,-1,KernelWakelockReader,neither /proc/wakelocks nor /d/wakeup_sources exists]
05-26 13:22:42.093  2923  3243 I sync    : [com.tencent.reading.account,0,4,702700858]
05-26 13:22:42.124  2923  3243 I sync    : [com.tencent.reading.account,1,4,702700858]
05-26 13:22:42.214  2923 31160 I am_kill : [0,23487,android.ext.services,100,stop android.ext.services]
05-26 13:22:42.215  2923 31160 I am_schedule_service_restart: [0,android.ext.services/.notification.Ranker,14715]
05-26 13:22:42.225  2923  2923 I notification_cancel_all: [1000,2923,android.ext.services,0,0,0,5,NULL]
05-26 13:22:42.246  2923  2923 I am_proc_start: [0,23519,10013,android.ext.services,service,android.ext.services/.notification.Ranker]
05-26 13:22:42.279  2923  4665 I am_proc_bound: [0,23519,android.ext.services]
05-26 13:22:42.291  2923  9685 I am_broadcast_discard_app: [0,206198411,android.intent.action.PACKAGE_RESTARTED,4,ResolveInfo{a234e14 com.jingdong.app.mall/.broadcastReceiver.AppStateRecevier m=0x208000}]
05-26 13:22:42.375  2923 10358 I notification_autogrouped: 0|com.qq.reader|1977936656|null|10212
05-26 13:22:42.379  2923  4432 I notification_autogrouped: 0|com.qq.reader|1977936656|null|10212
05-26 13:22:42.383  2923 10347 I notification_autogrouped: 0|com.qq.reader|24|null|10212
05-26 13:22:42.387  2923  9670 I notification_autogrouped: 0|com.qq.reader|24|null|10212
05-26 13:22:42.387  2923  9670 I notification_autogrouped: 0|com.qq.reader|1977936656|null|10212
05-26 13:22:42.391  2923 10329 I notification_autogrouped: 0|com.android.bbklog|1|null|1000
05-26 13:22:42.395  2923  4569 I notification_autogrouped: 0|com.android.bbklog|1|null|1000
05-26 13:22:42.398  2923  4515 I notification_autogrouped: 0|com.bbk.appstore|100000|null|10030
05-26 13:22:42.402  2923 10351 I notification_autogrouped: 0|com.bbk.appstore|100000|null|10030
05-26 13:22:42.405  2923  4570 I notification_autogrouped: 0|com.vivo.browser|20000000|null|10025
05-26 13:22:42.408  2923  4692 I notification_autogrouped: 0|com.vivo.browser|20000000|null|10025
05-26 13:22:42.411  2923  4690 I notification_autogrouped: 0|com.vivo.abe|1002001|null|1000
05-26 13:22:42.414  2923 10354 I notification_autogrouped: 0|com.vivo.abe|1002001|null|1000
05-26 13:22:42.417  2923 10340 I notification_autogrouped: 0|com.bbk.iqoo.logsystem|3|null|10064
05-26 13:22:42.420  2923  4665 I notification_autogrouped: 0|com.bbk.iqoo.logsystem|3|null|10064
05-26 13:22:42.503  2923  4658 I am_kill : [0,23409,com.tencent.reading:PushService,0,stop com.tencent.reading]
05-26 13:22:42.503  2923  4658 I am_schedule_service_restart: [0,com.tencent.reading/.push.PushService,14426]
05-26 13:22:42.504  2923  4658 I am_focused_activity: [-1,NULL,resetFocusedActivityIfNeeded]
05-26 13:22:42.517  2923  4658 I am_proc_start: [0,23532,10136,com.tencent.reading:PushService,activity,com.tencent.reading/com.tencent.news.push.alive.offactivity.HollowActivity]
05-26 13:22:42.525  2923  4658 I am_finish_activity: [0,158930173,508,com.tencent.reading/com.tencent.news.push.alive.offactivity.HollowActivity,force-stop]
05-26 13:22:42.551  2923  4658 I am_resume_activity: [0,142576045,258,com.tencent.mm/.ui.LauncherUI]
05-26 13:22:42.595  2923  4658 I am_pause_activity: [0,142576045,com.tencent.mm/.ui.LauncherUI]
05-26 13:22:42.596  2923  4658 I wm_task_moved: [258,1,14]
05-26 13:22:42.598  2923  4658 I am_focused_activity: [0,com.tencent.mm/.ui.LauncherUI,completeResume]
05-26 13:22:42.608  2923 31159 I am_proc_bound: [0,23532,com.tencent.reading:PushService]
05-26 13:22:42.646  2923  3245 I am_destroy_activity: [0,158930173,508,com.tencent.reading/com.tencent.news.push.alive.offactivity.HollowActivity,finish-idle]
05-26 13:22:42.646  2923  3245 I wm_task_removed: [508,removeAppToken: last token]
05-26 13:22:42.646  2923  3245 I wm_task_removed: [508,removeTask]
05-26 13:22:42.658  2923  2923 I notification_cancel_all: [1000,2923,com.tencent.reading,0,0,0,5,NULL]
05-26 13:22:42.725  2923  9670 I am_broadcast_discard_app: [0,167191730,android.intent.action.PACKAGE_RESTARTED,4,ResolveInfo{c9dd1b9 com.jingdong.app.mall/.broadcastReceiver.AppStateRecevier m=0x208000}]
05-26 13:22:42.824 20911 20911 I am_on_resume_called: [0,com.tencent.mm.ui.LauncherUI,RESUME_ACTIVITY]
05-26 13:22:42.856 20911 20911 I am_on_paused_called: [0,com.tencent.mm.ui.LauncherUI,handlePauseActivity]
05-26 13:22:42.859  2923  3245 I am_stop_activity: [0,142576045,com.tencent.mm/.ui.LauncherUI]
05-26 13:22:42.910 20911 20911 I am_on_stop_called: [0,com.tencent.mm.ui.LauncherUI,sleeping]
05-26 13:22:53.294  2923  3243 I am_pss  : [22227,10212,com.qq.reader,16836608,12369920,0]
05-26 13:22:53.327  2923  3243 I am_pss  : [23103,10093,com.android.camera,14210048,11739136,0]
05-26 13:22:53.358  2923  3243 I am_pss  : [22635,10045,com.vivo.weather.provider,10123264,8822784,0]
05-26 13:22:53.380  2923  3243 I am_pss  : [21985,10088,com.bbk.updater,11826176,10141696,0]
05-26 13:22:53.400  2923  3243 I am_pss  : [22036,10004,com.android.providers.calendar,5069824,3620864,0]
05-26 13:22:53.419  2923  3243 I am_pss  : [22016,10092,com.bbk.calendar,4722688,3481600,0]
05-26 13:26:13.745  2923  4028 I netstats_mobile_sample: [40197807,59564,14768617,50048,40196407,59529,14368233,50048,40196407,59529,14412535,50791,1495776373581]
05-26 13:26:13.746  2923  4028 I netstats_wifi_sample: [4340468840,4282086,411440898,2040677,4333623764,4071848,385079206,2058035,4329921342,4046039,387723902,2101857,1495776373581]
05-26 13:26:13.790  2923  4658 I am_broadcast_discard_app: [0,221893490,NULL,0,ResolveInfo{c37f3c3 com.happyelements.AndroidAnimal/com.happyelements.gsp.android.notification.gcn.GcnBroadcastReceiver m=0x0}]
05-26 13:26:13.839  2923  3245 I am_wtf  : [0,2923,system_server,-1,KernelWakelockReader,neither /proc/wakelocks nor /d/wakeup_sources exists]
05-26 13:27:39.676  2923  3245 I am_wtf  : [0,2923,system_server,-1,KernelWakelockReader,neither /proc/wakelocks nor /d/wakeup_sources exists]
05-26 13:27:39.696  2923  3245 I am_wtf  : [0,2923,system_server,-1,KernelWakelockReader,neither /proc/wakelocks nor /d/wakeup_sources exists]
05-26 13:27:39.823  2923  3245 I am_proc_start: [0,23603,10203,com.eg.android.AlipayGphone:push,service,com.eg.android.AlipayGphone/com.alipay.pushsdk.push.NotificationService]
05-26 13:27:39.835  2923  4569 I am_proc_bound: [0,23603,com.eg.android.AlipayGphone:push]
05-26 13:27:40.117  2923 10348 I am_proc_start: [0,23640,10203,com.eg.android.AlipayGphone:tools,service,com.eg.android.AlipayGphone/com.alipay.mobile.common.logging.process.LogServiceInToolsProcess]
05-26 13:27:40.128  2923  3101 I am_proc_bound: [0,23640,com.eg.android.AlipayGphone:tools]
05-26 13:27:40.857  2923  4013 I am_wtf  : [0,2923,system_server,-1,ActivityManager,Sending non-protected broadcast com.vivo.pem.power from system uid 1000 pkg com.vivo.pem]
05-26 13:27:40.868  2923 10348 I am_broadcast_discard_app: [0,206300149,NULL,0,ResolveInfo{42e58a com.happyelements.AndroidAnimal/com.happyelements.gsp.android.notification.gcn.GcnBroadcastReceiver m=0x0}]
05-26 13:27:40.894  2923  3243 I sync    : [com.huajiao.account.syncprovider,0,4,1064065]
05-26 13:27:40.914  2923  3245 I am_wtf  : [0,4503,system_server,-1,KernelWakelockReader,neither /proc/wakelocks nor /d/wakeup_sources exists]
05-26 13:27:41.022  2923  3243 I sync    : [com.ss.android.account.AccountProvider32,0,4,706872568]
05-26 13:27:41.171  2923  9670 I am_kill : [0,23519,android.ext.services,100,stop android.ext.services]
05-26 13:27:41.172  2923  9670 I am_schedule_service_restart: [0,android.ext.services/.notification.Ranker,1000]
05-26 13:27:41.182  2923  2923 I notification_cancel_all: [1000,2923,android.ext.services,0,0,0,5,NULL]
05-26 13:27:41.250  2923  2923 I am_proc_start: [0,23705,10013,android.ext.services,service,android.ext.services/.notification.Ranker]
05-26 13:27:41.282  2923  4570 I am_proc_bound: [0,23705,android.ext.services]
05-26 13:27:41.294  2923  9685 I am_broadcast_discard_app: [0,17090239,android.intent.action.PACKAGE_RESTARTED,4,ResolveInfo{8735551 com.jingdong.app.mall/.broadcastReceiver.AppStateRecevier m=0x208000}]
05-26 13:27:41.344  2923  4665 I notification_autogrouped: 0|com.qq.reader|1977936656|null|10212
05-26 13:27:41.348  2923 31160 I notification_autogrouped: 0|com.qq.reader|1977936656|null|10212
05-26 13:27:41.353  2923  4515 I notification_autogrouped: 0|com.qq.reader|24|null|10212
05-26 13:27:41.356  2923  4688 I notification_autogrouped: 0|com.qq.reader|24|null|10212
05-26 13:27:41.356  2923  4688 I notification_autogrouped: 0|com.qq.reader|1977936656|null|10212
05-26 13:27:41.360  2923 31159 I notification_autogrouped: 0|com.android.bbklog|1|null|1000
05-26 13:27:41.364  2923  3101 I notification_autogrouped: 0|com.android.bbklog|1|null|1000
05-26 13:27:41.368  2923  4302 I notification_autogrouped: 0|com.bbk.appstore|100000|null|10030
05-26 13:27:41.373  2923  4569 I notification_autogrouped: 0|com.bbk.appstore|100000|null|10030
05-26 13:27:41.378  2923 10336 I notification_autogrouped: 0|com.vivo.browser|20000000|null|10025
05-26 13:27:41.378  2923  9670 I notification_autogrouped: 0|com.vivo.browser|20000000|null|10025
05-26 13:27:41.379  2923 10349 I notification_autogrouped: 0|com.vivo.abe|1002001|null|1000
05-26 13:27:41.380  2923 10350 I notification_autogrouped: 0|com.vivo.abe|1002001|null|1000
05-26 13:27:41.380  2923  4690 I notification_autogrouped: 0|com.bbk.iqoo.logsystem|3|null|10064
05-26 13:27:41.381  2923 10346 I notification_autogrouped: 0|com.bbk.iqoo.logsystem|3|null|10064
05-26 13:27:41.439  2923  4432 I am_kill : [0,14785,com.qileyx.ddz.vivo:pushservice,800,stop com.qileyx.ddz.vivo]
05-26 13:27:41.440  2923  4432 I am_schedule_service_restart: [0,com.qileyx.ddz.vivo/com.igexin.sdk.PushService,1000]
05-26 13:27:41.441  2923  4432 I am_kill : [0,14934,com.qileyx.ddz.vivo:egameCore,800,stop com.qileyx.ddz.vivo]
05-26 13:27:41.441  2923  4432 I am_schedule_service_restart: [0,com.qileyx.ddz.vivo/cn.egame.terminal.sdk.EgameCoreService,10998]
05-26 13:27:41.442  2923  4432 I am_kill : [0,14800,com.qileyx.ddz.vivo,0,stop com.qileyx.ddz.vivo]
05-26 13:27:41.456  2923  2923 I notification_cancel_all: [1000,2923,com.qileyx.ddz.vivo,0,0,0,5,NULL]
05-26 13:27:41.499  2923 10358 I am_broadcast_discard_app: [0,197391908,android.intent.action.PACKAGE_RESTARTED,4,ResolveInfo{b46f58d com.jingdong.app.mall/.broadcastReceiver.AppStateRecevier m=0x208000}]
05-26 13:27:41.831  2923  2923 I notification_canceled: [0|com.bbk.appstore|100000|null|10030,8,16238468,16238468,11070264]
05-26 13:27:41.839  2923 10351 I notification_canceled: [0|com.bbk.appstore|2147483647|group_key_override|10030|ranker_bundle,16,16238435,16238435,11070272]
05-26 13:27:42.042  2923  2923 I notification_enqueue: [10030,16875,com.bbk.appstore,100000,NULL,0,Notification(pri=0 contentView=com.bbk.appstore/0x7f030091 vibrate=null sound=null defaults=0x0 flags=0x10 color=0x00000000 vis=PRIVATE),0]
05-26 13:27:42.058  2923  3101 I notification_autogrouped: 0|com.bbk.appstore|100000|null|10030
05-26 13:27:42.063  2923  2923 I notification_enqueue: [10030,16875,com.bbk.appstore,2147483647,group_key_override,0,Notification(pri=0 contentView=null vibrate=null sound=null defaults=0x0 flags=0x700 color=0x00000000 groupKey=ranker_bundle vis=PRIVATE),0]
05-26 13:27:42.069  2923  9670 I notification_autogrouped: 0|com.bbk.appstore|100000|null|10030
05-26 13:27:42.070  2923  2923 I notification_canceled: [0|com.bbk.appstore|100000|null|10030,8,28,28,0]
05-26 13:27:42.078  2923 31160 I notification_canceled: [0|com.bbk.appstore|2147483647|group_key_override|10030|ranker_bundle,16,20,20,0]
05-26 13:30:15.298  2923  4013 I am_wtf  : [0,2923,system_server,-1,ActivityManager,Sending non-protected broadcast com.vivo.push.AlarmAciton.Retry from system uid 1000 pkg com.vivo.abe]
05-26 13:30:15.321  2923  3245 I am_wtf  : [0,2923,system_server,-1,KernelWakelockReader,neither /proc/wakelocks nor /d/wakeup_sources exists]
05-26 13:30:15.356  2923 10354 I am_broadcast_discard_app: [0,55692837,NULL,0,ResolveInfo{c423bfa com.happyelements.AndroidAnimal/com.happyelements.gsp.android.notification.gcn.GcnBroadcastReceiver m=0x0}]
05-26 13:30:15.455  2923  4515 I am_create_task: [0,509]
05-26 13:30:15.455  2923  4515 I am_create_activity: [0,207301081,509,com.tencent.reading/com.tencent.news.push.alive.offactivity.HollowActivity,NULL,NULL,NULL,276824064]
05-26 13:30:15.456  2923  4515 I wm_task_created: [509,1]
05-26 13:30:15.457  2923  4515 I wm_task_moved: [509,1,14]
05-26 13:30:15.458  2923  4515 I wm_task_moved: [509,1,14]
05-26 13:30:15.459  2923  4515 I am_focused_activity: [0,com.tencent.reading/com.tencent.news.push.alive.offactivity.HollowActivity,startedActivity]
05-26 13:30:15.474  2923  4515 I am_restart_activity: [0,207301081,509,com.tencent.reading/com.tencent.news.push.alive.offactivity.HollowActivity]
05-26 13:30:15.478  2923  4515 I am_pause_activity: [0,207301081,com.tencent.reading/com.tencent.news.push.alive.offactivity.HollowActivity]
05-26 13:30:15.483  2923  4515 I sysui_action: [323,com.tencent.reading/com.tencent.news.push.alive.offactivity.HollowActivity]
05-26 13:30:15.483  2923  4515 I sysui_action: [324,true]
05-26 13:30:15.483  2923  4515 I sysui_action: [325,82565]
05-26 13:30:15.485  2923  3420 I sysui_action: [320,3]
05-26 13:30:15.485  2923  3420 I sysui_action: [319,39]
05-26 13:30:15.506 23532 23532 I am_on_resume_called: [0,com.tencent.news.push.alive.offactivity.HollowActivity,LAUNCH_ACTIVITY]
05-26 13:30:15.523 23532 23532 I am_on_paused_called: [0,com.tencent.news.push.alive.offactivity.HollowActivity,handlePauseActivity]
05-26 13:30:15.525  2923  3245 I am_stop_activity: [0,207301081,com.tencent.reading/com.tencent.news.push.alive.offactivity.HollowActivity]
05-26 13:30:15.527  2923  3245 I sysui_count: [window_time_0,473]
05-26 13:30:15.558  2923  3245 I am_wtf  : [0,2923,system_server,-1,KernelWakelockReader,neither /proc/wakelocks nor /d/wakeup_sources exists]
05-26 13:30:15.587 23532 23532 I am_on_stop_called: [0,com.tencent.news.push.alive.offactivity.HollowActivity,sleeping]
05-26 13:30:15.602  2923  3420 I sysui_action: [322,156]
05-26 13:30:15.602  2923  3420 I am_activity_launch_time: [0,207301081,com.tencent.reading/com.tencent.news.push.alive.offactivity.HollowActivity,123,7730]
05-26 13:30:15.970  2923  9670 I am_proc_start: [0,23750,10203,com.eg.android.AlipayGphone,service,com.eg.android.AlipayGphone/com.alipay.mobile.rome.pushservice.integration.RecvMsgIntentService]
05-26 13:30:15.995  2923  3101 I am_proc_bound: [0,23750,com.eg.android.AlipayGphone]
05-26 13:32:41.246  2923  4013 I am_wtf  : [0,2923,system_server,-1,ActivityManager,Sending non-protected broadcast com.vivo.pem.power from system uid 1000 pkg com.vivo.pem]
05-26 13:32:41.319  2923  3245 I am_wtf  : [0,2923,system_server,-1,KernelWakelockReader,neither /proc/wakelocks nor /d/wakeup_sources exists]
05-26 13:32:41.354  2923  3245 I am_wtf  : [0,2923,system_server,-1,KernelWakelockReader,neither /proc/wakelocks nor /d/wakeup_sources exists]
05-26 13:32:41.440  2923 10358 I am_broadcast_discard_app: [0,109068791,NULL,0,ResolveInfo{4bf8864 com.happyelements.AndroidAnimal/com.happyelements.gsp.android.notification.gcn.GcnBroadcastReceiver m=0x0}]
05-26 13:32:41.525  2923  3245 I am_wtf  : [0,4503,system_server,-1,KernelWakelockReader,neither /proc/wakelocks nor /d/wakeup_sources exists]
05-26 13:32:41.813  2923 10350 I am_kill : [0,23705,android.ext.services,100,stop android.ext.services]
05-26 13:32:41.814  2923 10350 I am_schedule_service_restart: [0,android.ext.services/.notification.Ranker,1000]
05-26 13:32:41.832  2923  2923 I notification_cancel_all: [1000,2923,android.ext.services,0,0,0,5,NULL]
05-26 13:32:41.848  2923  2923 I am_proc_start: [0,23955,10013,android.ext.services,service,android.ext.services/.notification.Ranker]
05-26 13:32:41.878  2923 10358 I am_proc_bound: [0,23955,android.ext.services]
05-26 13:32:41.897  2923 10329 I am_broadcast_discard_app: [0,43180076,android.intent.action.PACKAGE_RESTARTED,4,ResolveInfo{6fa1b56 com.jingdong.app.mall/.broadcastReceiver.AppStateRecevier m=0x208000}]
05-26 13:32:41.974  2923 10354 I notification_autogrouped: 0|com.qq.reader|1977936656|null|10212
05-26 13:32:41.980  2923  4569 I notification_autogrouped: 0|com.qq.reader|1977936656|null|10212
05-26 13:32:41.983  2923  4692 I notification_autogrouped: 0|com.qq.reader|24|null|10212
05-26 13:32:41.986  2923 10348 I notification_autogrouped: 0|com.qq.reader|24|null|10212
05-26 13:32:41.987  2923 10348 I notification_autogrouped: 0|com.qq.reader|1977936656|null|10212
05-26 13:32:41.987  2923 10343 I notification_autogrouped: 0|com.android.bbklog|1|null|1000
05-26 13:32:41.988  2923  4515 I notification_autogrouped: 0|com.android.bbklog|1|null|1000
05-26 13:32:41.989  2923  4688 I notification_autogrouped: 0|com.vivo.browser|20000000|null|10025
05-26 13:32:41.992  2923 31026 I notification_autogrouped: 0|com.vivo.browser|20000000|null|10025
05-26 13:32:41.996  2923  3103 I notification_autogrouped: 0|com.vivo.abe|1002001|null|1000
05-26 13:32:41.999  2923 10336 I notification_autogrouped: 0|com.vivo.abe|1002001|null|1000
05-26 13:32:42.002  2923  4570 I notification_autogrouped: 0|com.bbk.iqoo.logsystem|3|null|10064
05-26 13:32:42.005  2923 10350 I notification_autogrouped: 0|com.bbk.iqoo.logsystem|3|null|10064
05-26 13:32:42.125  2923 10351 I am_kill : [0,23532,com.tencent.reading:PushService,0,stop com.tencent.reading]
05-26 13:32:42.126  2923 10351 I am_schedule_service_restart: [0,com.tencent.reading/.push.PushService,1000]
05-26 13:32:42.126  2923 10351 I am_focused_activity: [-1,NULL,resetFocusedActivityIfNeeded]
05-26 13:32:42.141  2923 10351 I am_proc_start: [0,23971,10136,com.tencent.reading:PushService,activity,com.tencent.reading/com.tencent.news.push.alive.offactivity.HollowActivity]
05-26 13:32:42.146  2923 10351 I am_finish_activity: [0,207301081,509,com.tencent.reading/com.tencent.news.push.alive.offactivity.HollowActivity,force-stop]
05-26 13:32:42.186  2923 10351 I am_resume_activity: [0,142576045,258,com.tencent.mm/.ui.LauncherUI]
05-26 13:32:42.222  2923 10351 I am_pause_activity: [0,142576045,com.tencent.mm/.ui.LauncherUI]
05-26 13:32:42.225  2923 10351 I wm_task_moved: [258,1,14]
05-26 13:32:42.227  2923 10351 I am_focused_activity: [0,com.tencent.mm/.ui.LauncherUI,completeResume]
05-26 13:32:42.237  2923  3245 I am_destroy_activity: [0,207301081,509,com.tencent.reading/com.tencent.news.push.alive.offactivity.HollowActivity,finish-idle]
05-26 13:32:42.241  2923  3245 I wm_task_removed: [509,removeAppToken: last token]
05-26 13:32:42.241  2923  3245 I wm_task_removed: [509,removeTask]
05-26 13:32:42.246  2923 10329 I am_proc_bound: [0,23971,com.tencent.reading:PushService]
05-26 13:32:42.272  2923 10329 I am_mem_factor: [0,1]
05-26 13:32:42.278  2923  2923 I notification_cancel_all: [1000,2923,com.tencent.reading,0,0,0,5,NULL]
05-26 13:32:42.305  2923  4693 I am_broadcast_discard_app: [0,143955682,android.intent.action.PACKAGE_RESTARTED,4,ResolveInfo{33acda9 com.jingdong.app.mall/.broadcastReceiver.AppStateRecevier m=0x208000}]
05-26 13:32:42.393 20911 20911 I am_on_resume_called: [0,com.tencent.mm.ui.LauncherUI,RESUME_ACTIVITY]
05-26 13:32:42.431 20911 20911 I am_on_paused_called: [0,com.tencent.mm.ui.LauncherUI,handlePauseActivity]
05-26 13:32:42.434  2923  3245 I am_stop_activity: [0,142576045,com.tencent.mm/.ui.LauncherUI]
05-26 13:32:42.523 20911 20911 I am_on_stop_called: [0,com.tencent.mm.ui.LauncherUI,sleeping]
05-26 13:32:42.552  2923 10350 I am_kill : [0,14414,com.qq.reader:pushservice,500,stop com.qq.reader]
05-26 13:32:42.553  2923 10350 I am_schedule_service_restart: [0,com.qq.reader/com.xiaomi.push.service.XMPushService,1000]
05-26 13:32:42.553  2923 10350 I am_kill : [0,13498,com.qq.reader:QS,800,stop com.qq.reader]
05-26 13:32:42.554  2923 10350 I am_schedule_service_restart: [0,com.qq.reader/com.q.m.QS,10999]
05-26 13:32:42.554  2923 10350 I am_kill : [0,22227,com.qq.reader,902,stop com.qq.reader]
05-26 13:32:42.557  2923 10350 I am_mem_factor: [1,0]
05-26 13:32:42.578  2923  2923 I notification_cancel_all: [1000,2923,com.qq.reader,0,0,0,5,NULL]
05-26 13:32:42.579  2923  2923 I notification_canceled: [0|com.qq.reader|24|null|10212,5,5420134,5420134,5418996]
05-26 13:32:42.587  2923  2923 I notification_canceled: [0|com.qq.reader|1977936656|null|10212,5,5539813,5539813,0]
05-26 13:32:42.588  2923  2923 I notification_canceled: [0|com.qq.reader|2147483647|group_key_override|10212|ranker_bundle,5,5539726,5539726,0]
05-26 13:32:42.634  2923  4658 I am_broadcast_discard_app: [0,22479456,android.intent.action.PACKAGE_RESTARTED,4,ResolveInfo{8b9cfde com.jingdong.app.mall/.broadcastReceiver.AppStateRecevier m=0x208000}]
05-26 13:32:56.703  2923  3243 I am_proc_start: [0,24060,10077,com.android.printspooler,service,com.android.printspooler/.model.PrintSpoolerService]
05-26 13:32:56.715  2923 10349 I am_proc_bound: [0,24060,com.android.printspooler]
05-26 13:34:26.682  2923  3245 I am_wtf  : [0,2923,system_server,-1,KernelWakelockReader,neither /proc/wakelocks nor /d/wakeup_sources exists]
05-26 13:34:26.709  2923  3245 I am_wtf  : [0,2923,system_server,-1,KernelWakelockReader,neither /proc/wakelocks nor /d/wakeup_sources exists]
05-26 13:37:59.122  2923  3245 I am_wtf  : [0,2923,system_server,-1,KernelWakelockReader,neither /proc/wakelocks nor /d/wakeup_sources exists]
05-26 13:37:59.142  2923  3245 I am_wtf  : [0,2923,system_server,-1,KernelWakelockReader,neither /proc/wakelocks nor /d/wakeup_sources exists]
05-26 13:37:59.151  2923  4013 I am_wtf  : [0,2923,system_server,-1,ActivityManager,Sending non-protected broadcast com.vivo.push.AlarmAciton.Retry from system uid 1000 pkg com.vivo.abe]
05-26 13:37:59.154  2923  4013 I am_wtf  : [0,2923,system_server,-1,ActivityManager,Sending non-protected broadcast com.vivo.pem.power from system uid 1000 pkg com.vivo.pem]
05-26 13:37:59.173  2923 10340 I am_broadcast_discard_app: [0,95671343,NULL,0,ResolveInfo{391da3c com.happyelements.AndroidAnimal/com.happyelements.gsp.android.notification.gcn.GcnBroadcastReceiver m=0x0}]
05-26 13:37:59.310  2923 31159 I am_create_task: [0,510]
05-26 13:37:59.310  2923 31159 I am_create_activity: [0,202734340,510,com.tencent.reading/com.tencent.news.push.alive.offactivity.HollowActivity,NULL,NULL,NULL,276824064]
05-26 13:37:59.312  2923 31159 I wm_task_created: [510,1]
05-26 13:37:59.312  2923 31159 I wm_task_moved: [510,1,14]
05-26 13:37:59.313  2923 31159 I wm_task_moved: [510,1,14]
05-26 13:37:59.314  2923 31159 I am_focused_activity: [0,com.tencent.reading/com.tencent.news.push.alive.offactivity.HollowActivity,startedActivity]
05-26 13:37:59.324  2923 31159 I am_restart_activity: [0,202734340,510,com.tencent.reading/com.tencent.news.push.alive.offactivity.HollowActivity]
05-26 13:37:59.328  2923 31159 I am_pause_activity: [0,202734340,com.tencent.reading/com.tencent.news.push.alive.offactivity.HollowActivity]
05-26 13:37:59.333  2923 31159 I sysui_action: [323,com.tencent.reading/com.tencent.news.push.alive.offactivity.HollowActivity]
05-26 13:37:59.333  2923 31159 I sysui_action: [324,true]
05-26 13:37:59.333  2923 31159 I sysui_action: [325,82576]
05-26 13:37:59.334  2923  3420 I sysui_action: [320,3]
05-26 13:37:59.334  2923  3420 I sysui_action: [319,30]
05-26 13:37:59.366 23971 23971 I am_on_resume_called: [0,com.tencent.news.push.alive.offactivity.HollowActivity,LAUNCH_ACTIVITY]
05-26 13:37:59.386  2923  3245 I am_wtf  : [0,4503,system_server,-1,KernelWakelockReader,neither /proc/wakelocks nor /d/wakeup_sources exists]
05-26 13:37:59.412 23971 23971 I am_on_paused_called: [0,com.tencent.news.push.alive.offactivity.HollowActivity,handlePauseActivity]
05-26 13:37:59.428  2923  3245 I am_stop_activity: [0,202734340,com.tencent.reading/com.tencent.news.push.alive.offactivity.HollowActivity]
05-26 13:37:59.430  2923  3245 I sysui_count: [window_time_0,463]
05-26 13:37:59.456 23971 23971 I am_on_stop_called: [0,com.tencent.news.push.alive.offactivity.HollowActivity,sleeping]
05-26 13:37:59.470  2923  3420 I sysui_action: [322,166]
05-26 13:37:59.470  2923  3420 I am_activity_launch_time: [0,202734340,com.tencent.reading/com.tencent.news.push.alive.offactivity.HollowActivity,142,4615]
05-26 13:37:59.651  2923 31026 I am_kill : [0,23955,android.ext.services,100,stop android.ext.services]
05-26 13:37:59.652  2923 31026 I am_schedule_service_restart: [0,android.ext.services/.notification.Ranker,1000]
05-26 13:37:59.663  2923  2923 I notification_cancel_all: [1000,2923,android.ext.services,0,0,0,5,NULL]
05-26 13:37:59.717  2923  2923 I am_proc_start: [0,24091,10013,android.ext.services,service,android.ext.services/.notification.Ranker]
05-26 13:37:59.722  2923  4690 I am_broadcast_discard_app: [0,124767651,android.intent.action.PACKAGE_RESTARTED,4,ResolveInfo{9a76ecc com.jingdong.app.mall/.broadcastReceiver.AppStateRecevier m=0x208000}]
05-26 13:37:59.736  2923  3101 I am_proc_bound: [0,24091,android.ext.services]
05-26 13:37:59.803  2923 10360 I notification_autogrouped: 0|com.android.bbklog|1|null|1000
05-26 13:37:59.806  2923  4692 I notification_autogrouped: 0|com.android.bbklog|1|null|1000
05-26 13:37:59.808  2923 10358 I notification_autogrouped: 0|com.vivo.browser|20000000|null|10025
05-26 13:37:59.811  2923  4570 I notification_autogrouped: 0|com.vivo.browser|20000000|null|10025
05-26 13:37:59.813  2923  4665 I notification_autogrouped: 0|com.vivo.abe|1002001|null|1000
05-26 13:37:59.816  2923 31159 I notification_autogrouped: 0|com.vivo.abe|1002001|null|1000
05-26 13:37:59.818  2923 10343 I notification_autogrouped: 0|com.bbk.iqoo.logsystem|3|null|10064
05-26 13:37:59.821  2923 31026 I notification_autogrouped: 0|com.bbk.iqoo.logsystem|3|null|10064
05-26 13:37:59.940  2923 10346 I am_kill : [0,24060,com.android.printspooler,100,stop com.android.printspooler]
05-26 13:37:59.941  2923 10346 I am_schedule_service_restart: [0,com.android.printspooler/.model.PrintSpoolerService,1000]
05-26 13:37:59.950  2923  2923 I notification_cancel_all: [1000,2923,com.android.printspooler,0,0,0,5,NULL]
05-26 13:37:59.999  2923  4692 I am_broadcast_discard_app: [0,157240859,android.intent.action.PACKAGE_RESTARTED,4,ResolveInfo{b42abb8 com.jingdong.app.mall/.broadcastReceiver.AppStateRecevier m=0x208000}]
05-26 13:38:00.216  2923 10335 I am_kill : [0,23971,com.tencent.reading:PushService,0,stop com.tencent.reading]
05-26 13:38:00.217  2923 10335 I am_schedule_service_restart: [0,com.tencent.reading/.push.PushService,1000]
05-26 13:38:00.217  2923 10335 I am_focused_activity: [-1,NULL,resetFocusedActivityIfNeeded]
05-26 13:38:00.231  2923 10335 I am_proc_start: [0,24106,10136,com.tencent.reading:PushService,activity,com.tencent.reading/com.tencent.news.push.alive.offactivity.HollowActivity]
05-26 13:38:00.237  2923 10335 I am_finish_activity: [0,202734340,510,com.tencent.reading/com.tencent.news.push.alive.offactivity.HollowActivity,force-stop]
05-26 13:38:00.260  2923 10335 I am_resume_activity: [0,142576045,258,com.tencent.mm/.ui.LauncherUI]
05-26 13:38:00.295  2923 10335 I am_pause_activity: [0,142576045,com.tencent.mm/.ui.LauncherUI]
05-26 13:38:00.297  2923 10335 I wm_task_moved: [258,1,14]
05-26 13:38:00.299  2923 10335 I am_focused_activity: [0,com.tencent.mm/.ui.LauncherUI,completeResume]
05-26 13:38:00.309  2923  4692 I am_proc_bound: [0,24106,com.tencent.reading:PushService]
05-26 13:38:00.315  2923  3245 I am_destroy_activity: [0,202734340,510,com.tencent.reading/com.tencent.news.push.alive.offactivity.HollowActivity,finish-idle]
05-26 13:38:00.316  2923  3245 I wm_task_removed: [510,removeAppToken: last token]
05-26 13:38:00.316  2923  3245 I wm_task_removed: [510,removeTask]
05-26 13:38:00.347  2923  2923 I notification_cancel_all: [1000,2923,com.tencent.reading,0,0,0,5,NULL]
05-26 13:38:00.373  2923  9685 I am_broadcast_discard_app: [0,59851213,android.intent.action.PACKAGE_RESTARTED,4,ResolveInfo{a2339d0 com.jingdong.app.mall/.broadcastReceiver.AppStateRecevier m=0x208000}]
05-26 13:38:00.464 20911 20911 I am_on_resume_called: [0,com.tencent.mm.ui.LauncherUI,RESUME_ACTIVITY]
05-26 13:38:19.841 20911 20911 I am_on_paused_called: [0,com.tencent.mm.ui.LauncherUI,handlePauseActivity]
05-26 13:38:19.858  2923  3245 I am_stop_activity: [0,142576045,com.tencent.mm/.ui.LauncherUI]
05-26 13:38:19.860  2923  3245 I am_wtf  : [0,2923,system_server,-1,KernelWakelockReader,neither /proc/wakelocks nor /d/wakeup_sources exists]
05-26 13:38:19.919 20911 20911 I am_on_stop_called: [0,com.tencent.mm.ui.LauncherUI,sleeping]
05-26 13:42:45.605  2923  3245 I am_broadcast_discard_app: [0,185174751,NULL,0,ResolveInfo{2da432c com.happyelements.AndroidAnimal/com.happyelements.gsp.android.notification.gcn.GcnBroadcastReceiver m=0x0}]
05-26 13:42:45.634  2923  3243 I sync    : [com.ss.android.account.AccountProvider32,0,4,706872568]
05-26 13:42:45.684  2923  3243 I sync    : [com.tencent.reading.account,0,4,702700858]
05-26 13:42:45.711  2923  3243 I sync    : [com.tencent.mtt.account.sync,0,4,105225487]
05-26 13:42:45.729  2923  3245 I am_wtf  : [0,2923,system_server,-1,KernelWakelockReader,neither /proc/wakelocks nor /d/wakeup_sources exists]
05-26 13:42:45.742  2923  3243 I sync    : [com.huajiao.account.syncprovider,0,4,1064065]
05-26 13:42:46.636  2923  3243 I sync    : [com.tencent.reading.account,1,4,702700858]
05-26 13:44:39.521  2923  4013 I am_wtf  : [0,2923,system_server,-1,ActivityManager,Sending non-protected broadcast com.vivo.pem.power from system uid 1000 pkg com.vivo.pem]
05-26 13:44:39.528  2923  4013 I am_wtf  : [0,2923,system_server,-1,ActivityManager,Sending non-protected broadcast com.vivo.push.AlarmAciton.Retry from system uid 1000 pkg com.vivo.abe]
05-26 13:44:39.545  2923  3245 I am_wtf  : [0,2923,system_server,-1,KernelWakelockReader,neither /proc/wakelocks nor /d/wakeup_sources exists]
05-26 13:44:39.564  2923  3245 I am_broadcast_discard_app: [0,146905049,NULL,0,ResolveInfo{9ede87f com.happyelements.AndroidAnimal/com.happyelements.gsp.android.notification.gcn.GcnBroadcastReceiver m=0x0}]
05-26 13:44:39.574  2923  3245 I am_wtf  : [0,2923,system_server,-1,KernelWakelockReader,neither /proc/wakelocks nor /d/wakeup_sources exists]
05-26 13:44:39.611  2923  3245 I am_wtf  : [0,4503,system_server,-1,KernelWakelockReader,neither /proc/wakelocks nor /d/wakeup_sources exists]
05-26 13:44:39.818  2923  4302 I am_kill : [0,24091,android.ext.services,100,stop android.ext.services]
05-26 13:44:39.819  2923  4302 I am_schedule_service_restart: [0,android.ext.services/.notification.Ranker,1000]
05-26 13:44:39.832  2923  2923 I notification_cancel_all: [1000,2923,android.ext.services,0,0,0,5,NULL]
05-26 13:44:39.890  2923  2923 I am_proc_start: [0,24180,10013,android.ext.services,service,android.ext.services/.notification.Ranker]
05-26 13:44:39.903  2923 10358 I am_broadcast_discard_app: [0,153729153,android.intent.action.PACKAGE_RESTARTED,4,ResolveInfo{ca0d5b2 com.jingdong.app.mall/.broadcastReceiver.AppStateRecevier m=0x208000}]
05-26 13:44:39.908  2923 10349 I am_proc_bound: [0,24180,android.ext.services]
05-26 13:44:39.982  2923  4665 I notification_autogrouped: 0|com.android.bbklog|1|null|1000
05-26 13:44:39.985  2923  3103 I notification_autogrouped: 0|com.android.bbklog|1|null|1000
05-26 13:44:39.988  2923 31159 I notification_autogrouped: 0|com.vivo.browser|20000000|null|10025
05-26 13:44:39.992  2923  9685 I notification_autogrouped: 0|com.vivo.browser|20000000|null|10025
05-26 13:44:39.996  2923  9670 I notification_autogrouped: 0|com.vivo.abe|1002001|null|1000
05-26 13:44:39.997  2923  4690 I notification_autogrouped: 0|com.vivo.abe|1002001|null|1000
05-26 13:44:40.001  2923 10350 I notification_autogrouped: 0|com.bbk.iqoo.logsystem|3|null|10064
05-26 13:44:40.009  2923 10346 I notification_autogrouped: 0|com.bbk.iqoo.logsystem|3|null|10064
05-26 13:47:44.280  2923  3245 I am_broadcast_discard_app: [0,251464662,NULL,0,ResolveInfo{8dd6e57 com.happyelements.AndroidAnimal/com.happyelements.gsp.android.notification.gcn.GcnBroadcastReceiver m=0x0}]
05-26 13:47:44.314  2923  3245 I am_wtf  : [0,2923,system_server,-1,KernelWakelockReader,neither /proc/wakelocks nor /d/wakeup_sources exists]
05-26 13:47:44.346  2923  3245 I am_wtf  : [0,2923,system_server,-1,KernelWakelockReader,neither /proc/wakelocks nor /d/wakeup_sources exists]
05-26 13:47:44.391  2923 10354 I am_create_task: [0,511]
05-26 13:47:44.391  2923 10354 I am_create_activity: [0,213230165,511,com.tencent.reading/com.tencent.news.push.alive.offactivity.HollowActivity,NULL,NULL,NULL,276824064]
05-26 13:47:44.392  2923 10354 I wm_task_created: [511,1]
05-26 13:47:44.393  2923 10354 I wm_task_moved: [511,1,14]
05-26 13:47:44.393  2923 10354 I wm_task_moved: [511,1,14]
05-26 13:47:44.394  2923 10354 I am_focused_activity: [0,com.tencent.reading/com.tencent.news.push.alive.offactivity.HollowActivity,startedActivity]
05-26 13:47:44.405  2923 10354 I am_restart_activity: [0,213230165,511,com.tencent.reading/com.tencent.news.push.alive.offactivity.HollowActivity]
05-26 13:47:44.409  2923 10354 I am_pause_activity: [0,213230165,com.tencent.reading/com.tencent.news.push.alive.offactivity.HollowActivity]
05-26 13:47:44.414  2923 10354 I sysui_action: [323,com.tencent.reading/com.tencent.news.push.alive.offactivity.HollowActivity]
05-26 13:47:44.414  2923 10354 I sysui_action: [324,true]
05-26 13:47:44.414  2923 10354 I sysui_action: [325,82580]
05-26 13:47:44.414  2923  3420 I sysui_action: [320,3]
05-26 13:47:44.414  2923  3420 I sysui_action: [319,29]
05-26 13:47:44.439 24106 24106 I am_on_resume_called: [0,com.tencent.news.push.alive.offactivity.HollowActivity,LAUNCH_ACTIVITY]
05-26 13:47:44.475 24106 24106 I am_on_paused_called: [0,com.tencent.news.push.alive.offactivity.HollowActivity,handlePauseActivity]
05-26 13:47:44.478  2923  3245 I am_stop_activity: [0,213230165,com.tencent.reading/com.tencent.news.push.alive.offactivity.HollowActivity]
05-26 13:47:44.480  2923  3245 I sysui_count: [window_time_0,585]
05-26 13:47:44.509 24106 24106 I am_on_stop_called: [0,com.tencent.news.push.alive.offactivity.HollowActivity,sleeping]
05-26 13:47:44.520  2923  3420 I sysui_action: [322,135]
05-26 13:47:44.520  2923  3420 I am_activity_launch_time: [0,213230165,com.tencent.reading/com.tencent.news.push.alive.offactivity.HollowActivity,111,3400]
05-26 13:50:15.071  2923  4013 I am_wtf  : [0,2923,system_server,-1,ActivityManager,Sending non-protected broadcast com.bbk.updater.action.AUTO_CHECK from system uid 1000 pkg com.vivo.daemonService]
05-26 13:50:15.100  2923  3245 I am_wtf  : [0,2923,system_server,-1,KernelWakelockReader,neither /proc/wakelocks nor /d/wakeup_sources exists]
05-26 13:50:15.108  2923  4013 I am_wtf  : [0,2923,system_server,-1,ActivityManager,Sending non-protected broadcast com.vivo.pem.power from system uid 1000 pkg com.vivo.pem]
05-26 13:50:15.111  2923  4013 I am_wtf  : [0,2923,system_server,-1,ActivityManager,Sending non-protected broadcast com.vivo.push.AlarmAciton.Retry from system uid 1000 pkg com.vivo.abe]
05-26 13:50:15.124  2923 10340 I am_broadcast_discard_app: [0,197399867,NULL,0,ResolveInfo{7973458 com.happyelements.AndroidAnimal/com.happyelements.gsp.android.notification.gcn.GcnBroadcastReceiver m=0x0}]
05-26 13:50:15.161  2923  3245 I am_wtf  : [0,4503,system_server,-1,KernelWakelockReader,neither /proc/wakelocks nor /d/wakeup_sources exists]
05-26 13:50:15.198  2923  3243 I am_pss  : [23603,10203,com.eg.android.AlipayGphone:push,33542144,24711168,0]
05-26 13:50:15.430  2923  4302 I am_kill : [0,24180,android.ext.services,100,stop android.ext.services]
05-26 13:50:15.431  2923  4302 I am_schedule_service_restart: [0,android.ext.services/.notification.Ranker,1000]
05-26 13:50:15.447  2923  2923 I notification_cancel_all: [1000,2923,android.ext.services,0,0,0,5,NULL]
05-26 13:50:15.486  2923  2923 I am_proc_start: [0,24204,10013,android.ext.services,service,android.ext.services/.notification.Ranker]
05-26 13:50:15.506  2923  4658 I am_broadcast_discard_app: [0,140559147,android.intent.action.PACKAGE_RESTARTED,4,ResolveInfo{aa83034 com.jingdong.app.mall/.broadcastReceiver.AppStateRecevier m=0x208000}]
05-26 13:50:15.512  2923 10336 I am_proc_bound: [0,24204,android.ext.services]
05-26 13:50:15.589  2923  4688 I notification_autogrouped: 0|com.android.bbklog|1|null|1000
05-26 13:50:15.592  2923 10340 I notification_autogrouped: 0|com.android.bbklog|1|null|1000
05-26 13:50:15.595  2923 10350 I notification_autogrouped: 0|com.vivo.browser|20000000|null|10025
05-26 13:50:15.598  2923  4693 I notification_autogrouped: 0|com.vivo.browser|20000000|null|10025
05-26 13:50:15.601  2923 10343 I notification_autogrouped: 0|com.vivo.abe|1002001|null|1000
05-26 13:50:15.604  2923  4665 I notification_autogrouped: 0|com.vivo.abe|1002001|null|1000
05-26 13:50:15.606  2923  3103 I notification_autogrouped: 0|com.bbk.iqoo.logsystem|3|null|10064
05-26 13:50:15.609  2923  3101 I notification_autogrouped: 0|com.bbk.iqoo.logsystem|3|null|10064
05-26 13:50:15.718  2923 10348 I am_kill : [0,24106,com.tencent.reading:PushService,0,stop com.tencent.reading]
05-26 13:50:15.719  2923 10348 I am_schedule_service_restart: [0,com.tencent.reading/.push.PushService,1000]
05-26 13:50:15.720  2923 10348 I am_focused_activity: [-1,NULL,resetFocusedActivityIfNeeded]
05-26 13:50:15.737  2923 10348 I am_proc_start: [0,24217,10136,com.tencent.reading:PushService,activity,com.tencent.reading/com.tencent.news.push.alive.offactivity.HollowActivity]
05-26 13:50:15.742  2923 10348 I am_finish_activity: [0,213230165,511,com.tencent.reading/com.tencent.news.push.alive.offactivity.HollowActivity,force-stop]
05-26 13:50:15.769  2923 10348 I am_resume_activity: [0,142576045,258,com.tencent.mm/.ui.LauncherUI]
05-26 13:50:15.809  2923 10348 I am_pause_activity: [0,142576045,com.tencent.mm/.ui.LauncherUI]
05-26 13:50:15.818  2923 10348 I wm_task_moved: [258,1,14]
05-26 13:50:15.821  2923 10348 I am_focused_activity: [0,com.tencent.mm/.ui.LauncherUI,completeResume]
05-26 13:50:15.833  2923  3245 I am_destroy_activity: [0,213230165,511,com.tencent.reading/com.tencent.news.push.alive.offactivity.HollowActivity,finish-idle]
05-26 13:50:15.836  2923  3245 I wm_task_removed: [511,removeAppToken: last token]
05-26 13:50:15.836  2923  3245 I wm_task_removed: [511,removeTask]
05-26 13:50:15.841  2923  2923 I notification_cancel_all: [1000,2923,com.tencent.reading,0,0,0,5,NULL]
05-26 13:50:15.877  2923 10347 I am_proc_bound: [0,24217,com.tencent.reading:PushService]
05-26 13:50:15.971  2923  4569 I am_broadcast_discard_app: [0,78781344,android.intent.action.PACKAGE_RESTARTED,4,ResolveInfo{25b2fff com.jingdong.app.mall/.broadcastReceiver.AppStateRecevier m=0x208000}]
05-26 13:50:16.033 20911 20911 I am_on_resume_called: [0,com.tencent.mm.ui.LauncherUI,RESUME_ACTIVITY]
05-26 13:51:20.444 20911 20911 I am_on_paused_called: [0,com.tencent.mm.ui.LauncherUI,handlePauseActivity]
05-26 13:51:20.456  2923  3245 I am_stop_activity: [0,142576045,com.tencent.mm/.ui.LauncherUI]
05-26 13:51:20.459  2923  3245 I am_wtf  : [0,2923,system_server,-1,KernelWakelockReader,neither /proc/wakelocks nor /d/wakeup_sources exists]
05-26 13:51:20.473  2923  3245 I am_wtf  : [0,2923,system_server,-1,KernelWakelockReader,neither /proc/wakelocks nor /d/wakeup_sources exists]
05-26 13:51:20.493  2923  3245 I am_wtf  : [0,2923,system_server,-1,KernelWakelockReader,neither /proc/wakelocks nor /d/wakeup_sources exists]
05-26 13:51:20.523 20911 20911 I am_on_stop_called: [0,com.tencent.mm.ui.LauncherUI,sleeping]
05-26 13:52:20.868  2923  4302 I am_broadcast_discard_app: [0,17101618,NULL,0,ResolveInfo{be0f883 com.happyelements.AndroidAnimal/com.happyelements.gsp.android.notification.gcn.GcnBroadcastReceiver m=0x0}]
05-26 13:52:20.905  2923  3245 I am_wtf  : [0,2923,system_server,-1,KernelWakelockReader,neither /proc/wakelocks nor /d/wakeup_sources exists]
05-26 13:52:20.918  2923  3245 I am_wtf  : [0,2923,system_server,-1,KernelWakelockReader,neither /proc/wakelocks nor /d/wakeup_sources exists]
05-26 13:54:41.005  2923  3245 I am_wtf  : [0,2923,system_server,-1,KernelWakelockReader,neither /proc/wakelocks nor /d/wakeup_sources exists]
05-26 13:55:09.033  2923  3245 I am_wtf  : [0,2923,system_server,-1,KernelWakelockReader,neither /proc/wakelocks nor /d/wakeup_sources exists]
05-26 13:56:58.679  2923  3245 I am_wtf  : [0,2923,system_server,-1,KernelWakelockReader,neither /proc/wakelocks nor /d/wakeup_sources exists]
05-26 13:56:58.738  2923  3245 I am_wtf  : [0,2923,system_server,-1,KernelWakelockReader,neither /proc/wakelocks nor /d/wakeup_sources exists]
