05-27 09:50:11.190  2584  4177 I am_proc_start: [0,13168,1000,com.bbk.facewake,service,com.bbk.facewake/.FaceWakeService]
05-27 09:50:11.270  2584 28968 I am_proc_bound: [0,13168,com.bbk.facewake]
05-27 09:50:11.410  2584  2874 I am_wtf  : [0,2584,system_server,-1,ActivityManager,Sending non-protected broadcast vivo.intent.action.CHECK_ALERT_WINDOW from system 2584:system/1000 pkg android]
05-27 09:50:11.411  2584  2874 I am_wtf  : [0,2584,system_server,-1,ActivityManager,Sending non-protected broadcast vivo.intent.action.CHECK_ALERT_WINDOW from system 2584:system/1000 pkg android]
05-27 09:50:11.415  2584 28967 I am_kill : [0,13168,com.bbk.facewake,0,stop com.bbk.facewake]
05-27 09:50:11.444  2584  2584 I notification_cancel_all: [1000,2584,com.bbk.facewake,0,0,0,5,NULL]
05-27 09:50:11.466  2584 28973 I am_broadcast_discard_app: [0,28948940,android.intent.action.PACKAGE_RESTARTED,4,ResolveInfo{de6032a com.suning.mobile.ebuy/com.suning.cloud.push.pushservice.RegistrationReceiver m=0x208000}]
05-27 09:50:11.843  2584 28968 I am_finish_activity: [0,80883985,157,com.tencent.mm/.ui.chatting.gallery.ImageGalleryUI,app-request]
05-27 09:50:11.848  2584 28968 I wm_task_moved: [157,1,19]
05-27 09:50:11.869  2584 28968 I am_focused_activity: [0,com.tencent.mm/.ui.LauncherUI,finishActivity adjustFocus]
05-27 09:50:11.871  2584 28968 I am_pause_activity: [0,80883985,com.tencent.mm/.ui.chatting.gallery.ImageGalleryUI]
05-27 09:50:11.889 16161 16161 I am_on_paused_called: [0,com.tencent.mm.ui.chatting.gallery.ImageGalleryUI,handlePauseActivity]
05-27 09:50:11.924  2584  7700 I am_mem_factor: [2,3]
05-27 09:50:11.932  2584  7700 I am_resume_activity: [0,203073403,157,com.tencent.mm/.ui.LauncherUI]
05-27 09:50:11.972   511   511 I sf_frame_dur: [com.tencent.mm/com.tencent.mm.ui.chatting.gallery.ImageGalleryUI,56,0,3,2,0,2,1]
05-27 09:50:12.107 16161 16161 I am_on_resume_called: [0,com.tencent.mm.ui.LauncherUI,RESUME_ACTIVITY]
05-27 09:50:12.235  2584 28969 I am_destroy_activity: [0,80883985,157,com.tencent.mm/.ui.chatting.gallery.ImageGalleryUI,finish-idle]
05-27 09:50:12.238 16161 16161 I am_on_stop_called: [0,com.tencent.mm.ui.chatting.gallery.ImageGalleryUI,destroy]
05-27 09:50:14.657  2584  2872 I am_pss  : [12389,2000,com.mushroom.systrace:trace,80414720,75841536,0]
05-27 09:50:17.321  2584  4177 I am_proc_start: [0,13215,1000,com.bbk.facewake,service,com.bbk.facewake/.FaceWakeService]
05-27 09:50:17.391  2584  5627 I am_proc_bound: [0,13215,com.bbk.facewake]
05-27 09:50:17.445  2584  2872 I am_pss  : [12404,2000,com.mushroom.systrace:log,11627520,8052736,0]
05-27 09:50:17.461  2584  2874 I am_wtf  : [0,2584,system_server,-1,ActivityManager,Sending non-protected broadcast vivo.intent.action.CHECK_ALERT_WINDOW from system 2584:system/1000 pkg android]
05-27 09:50:17.463  2584  2874 I am_wtf  : [0,2584,system_server,-1,ActivityManager,Sending non-protected broadcast vivo.intent.action.CHECK_ALERT_WINDOW from system 2584:system/1000 pkg android]
05-27 09:50:17.597  2584 28970 I am_proc_died: [0,12070,com.bbk.updater]
05-27 09:50:17.601  2584 28970 I am_mem_factor: [3,2]
05-27 09:50:17.996  2584  4796 I am_proc_died: [0,12298,com.android.providers.calendar]
05-27 09:50:18.485  2584 28967 I am_proc_died: [0,11259,com.bbk.calendar]
05-27 09:50:18.514  2584  7700 I am_proc_died: [0,11727,com.svox.pico]
05-27 09:50:18.517  2584  7700 I am_low_memory: 72
05-27 09:50:18.674  2584  2872 I am_pss  : [16801,10133,com.tencent.mm:exdevice,16956416,15872000,0]
05-27 09:50:18.705  2584  4121 I am_new_intent: [0,38183322,2,com.bbk.launcher2/.Launcher,android.intent.action.MAIN,NULL,NULL,278921216]
05-27 09:50:18.706  2584  4121 I am_focused_stack: [0,0,1,bringingFoundTaskToFront setFocusedActivity]
05-27 09:50:18.706  2584  4121 I wm_task_moved: [2,1,1]
05-27 09:50:18.729  2584  4121 I am_focused_activity: [0,com.bbk.launcher2/.Launcher,bringingFoundTaskToFront]
05-27 09:50:18.778  2584  4121 I am_pause_activity: [0,203073403,com.tencent.mm/.ui.LauncherUI]
05-27 09:50:18.782  2584  4121 I am_task_to_front: [0,2]
05-27 09:50:18.788  2584  4121 I sysui_action: [323,com.bbk.launcher2/.Launcher]
05-27 09:50:18.788  2584  4121 I sysui_action: [324,true]
05-27 09:50:18.788  2584  4121 I sysui_action: [325,172650]
05-27 09:50:18.788  2584  2872 I am_pss  : [9305,10133,com.tencent.mm:push,22726656,21483520,0]
05-27 09:50:18.909   511   511 I sf_frame_dur: [SurfaceView - ,3,15,1,0,0,0,0]
05-27 09:50:19.032 16161 16161 I am_on_paused_called: [0,com.tencent.mm.ui.LauncherUI,handlePauseActivity]
05-27 09:50:19.054  2584  4622 I am_resume_activity: [0,20409518,2,com.bbk.launcher2/.Launcher]
05-27 09:50:19.077  2584  2873 I sysui_count: [window_time_0,13]
05-27 09:50:19.093  5672  5672 I am_on_resume_called: [0,com.bbk.launcher2.Launcher,RESUME_ACTIVITY]
05-27 09:50:19.160  2584  3140 I sysui_action: [320,2]
05-27 09:50:19.160  2584  3140 I sysui_action: [319,471]
05-27 09:50:19.160  2584  3140 I sysui_action: [322,471]
05-27 09:50:19.256  2584  4276 I am_proc_died: [0,13215,com.bbk.facewake]
05-27 09:50:19.259  2584  4276 I am_low_memory: 71
05-27 09:50:19.404  2584  2873 I am_stop_activity: [0,203073403,com.tencent.mm/.ui.LauncherUI]
05-27 09:50:19.415 16161 16161 I am_on_stop_called: [0,com.tencent.mm.ui.LauncherUI,handleStopActivity]
05-27 09:50:19.478   511   511 I sf_frame_dur: [com.tencent.mm/com.tencent.mm.ui.LauncherUI,141,4,15,8,4,5,3]
05-27 09:50:22.404  2584 28971 I am_focused_stack: [0,1,0,bringingFoundTaskToFront setFocusedActivity]
05-27 09:50:22.404  2584 28971 I wm_task_moved: [216,1,19]
05-27 09:50:22.408  2584 28971 I am_focused_activity: [0,com.mushroom.systrace/.MainActivity,bringingFoundTaskToFront]
05-27 09:50:22.409  2584 28971 I am_pause_activity: [0,20409518,com.bbk.launcher2/.Launcher]
05-27 09:50:22.413  2584 28971 I am_task_to_front: [0,216]
05-27 09:50:22.413  2584 28971 I am_new_intent: [0,153807549,216,com.mushroom.systrace/.MainActivity,android.intent.action.MAIN,NULL,NULL,811597824]
05-27 09:50:22.418  2584 28971 I sysui_action: [323,com.mushroom.systrace/.MainActivity]
05-27 09:50:22.418  2584 28971 I sysui_action: [324,true]
05-27 09:50:22.418  2584 28971 I sysui_action: [325,172653]
05-27 09:50:22.422  5672  5672 I am_on_paused_called: [0,com.bbk.launcher2.Launcher,handlePauseActivity]
05-27 09:50:22.433  2584  4796 I am_resume_activity: [0,144106669,216,com.mushroom.systrace/.MainActivity]
05-27 09:50:22.460  2584  2873 I sysui_count: [window_time_0,4]
05-27 09:50:22.488 12371 12371 I am_on_resume_called: [0,com.mushroom.systrace.MainActivity,RESUME_ACTIVITY]
05-27 09:50:22.572  2584  3140 I sysui_action: [320,2]
05-27 09:50:22.572  2584  3140 I sysui_action: [319,172]
05-27 09:50:22.572  2584  3140 I sysui_action: [322,172]
05-27 09:50:22.848  2584  2873 I am_stop_activity: [0,20409518,com.bbk.launcher2/.Launcher]
05-27 09:50:22.853  5672  5672 I am_on_stop_called: [0,com.bbk.launcher2.Launcher,handleStopActivity]
05-27 09:50:22.872   511   511 I sf_frame_dur: [com.bbk.launcher2/com.bbk.launcher2.Launcher,118,6,0,2,2,0,0]
05-27 09:50:24.608  2584  2872 I am_pss  : [13051,10133,com.tencent.mm:tools,62753792,54640640,0]
05-27 09:50:26.613  2584  2872 I am_pss  : [5609,10071,com.oma.drm.server,5385216,4902912,0]
05-27 09:50:26.672  2584  2872 I am_pss  : [5588,10017,com.baidu.map.location,13410304,12120064,0]
05-27 09:50:26.727  2584  2872 I am_pss  : [5582,1001,com.qualcomm.qti.loadcarrier,4918272,4435968,0]
05-27 09:50:26.781  2584  2872 I am_pss  : [5568,1000,com.alps.lcn,7947264,7340032,0]
05-27 09:50:26.838  2584  2872 I am_pss  : [5479,1000,com.vivo.abe,22652928,21729280,0]
05-27 09:50:26.926  2584  2872 I am_pss  : [4782,1001,com.android.phone,34097152,32710656,0]
05-27 09:50:27.011  2584  2872 I am_pss  : [4764,1000,com.vivo.upslide,107538432,104308736,0]
05-27 09:50:27.062  2584  2872 I am_pss  : [4748,1000,com.android.server.telecom,8577024,8015872,0]
05-27 09:50:27.118  2584  2872 I am_pss  : [4736,1000,.dataservices,8627200,8032256,0]
05-27 09:50:27.193  2584  2872 I am_pss  : [4607,1000,com.vivo.daemonService,49200128,48037888,0]
05-27 09:50:27.283  2584  2872 I am_pss  : [4277,10024,com.android.systemui,114686976,111312896,0]
05-27 09:50:27.502  2584  2872 I am_pss  : [2584,1000,system,144395264,139644928,0]
05-27 09:50:29.751  2584  4121 I am_new_intent: [0,238297121,2,com.bbk.launcher2/.Launcher,android.intent.action.MAIN,NULL,NULL,278921216]
05-27 09:50:29.752  2584  4121 I am_focused_stack: [0,0,1,bringingFoundTaskToFront setFocusedActivity]
05-27 09:50:29.753  2584  4121 I wm_task_moved: [2,1,1]
05-27 09:50:29.761  2584  4121 I am_focused_activity: [0,com.bbk.launcher2/.Launcher,bringingFoundTaskToFront]
05-27 09:50:29.816  2584  4121 I am_pause_activity: [0,144106669,com.mushroom.systrace/.MainActivity]
05-27 09:50:29.823  2584  4121 I am_task_to_front: [0,2]
05-27 09:50:29.836  2584  4121 I sysui_action: [323,com.bbk.launcher2/.Launcher]
05-27 09:50:29.836  2584  4121 I sysui_action: [324,true]
05-27 09:50:29.836  2584  4121 I sysui_action: [325,172661]
05-27 09:50:29.844 12371 12371 I am_on_paused_called: [0,com.mushroom.systrace.MainActivity,handlePauseActivity]
05-27 09:50:29.863  2584 28973 I am_resume_activity: [0,20409518,2,com.bbk.launcher2/.Launcher]
05-27 09:50:29.883  2584  2873 I sysui_count: [window_time_0,7]
05-27 09:50:29.886  5672  5672 I am_on_resume_called: [0,com.bbk.launcher2.Launcher,RESUME_ACTIVITY]
05-27 09:50:29.959  2584  3140 I sysui_action: [320,2]
05-27 09:50:29.959  2584  3140 I sysui_action: [319,220]
05-27 09:50:29.961  2584  3140 I sysui_action: [322,222]
05-27 09:50:30.200  2584  2873 I am_stop_activity: [0,144106669,com.mushroom.systrace/.MainActivity]
05-27 09:50:30.204 12371 12371 I am_on_stop_called: [0,com.mushroom.systrace.MainActivity,handleStopActivity]
05-27 09:50:30.226   511   511 I sf_frame_dur: [ Trace,73,3,1,2,7,2,0]
05-27 09:50:30.277   511   511 I sf_frame_dur: [com.mushroom.systrace/com.mushroom.systrace.MainActivity,59,3,1,0,2,0,0]
05-27 09:50:30.637  2584  4797 I am_proc_died: [0,11744,com.vivo.game]
05-27 09:50:30.637  2584  4797 I am_schedule_service_restart: [0,com.vivo.game/.update.GameReceiverService,1000]
05-27 09:50:31.358  4277  4277 I sysui_count: [panel_open,1]
05-27 09:50:31.469  4277  4277 I sysui_histogram: [note_load,8]
05-27 09:50:31.469  2584 12269 I notification_panel_revealed: 8
05-27 09:50:31.570  2584  2584 I free_storage_changed: 8518103040
05-27 09:50:31.662  2584  4779 I notification_visibility: [0|android|2147483647|group_key_override|1000|ranker_bundle,1,211722,211722,0,1]
05-27 09:50:31.662  2584  4779 I notification_visibility: [0|android|110110|null|1000,1,211738,211738,0,3]
05-27 09:50:31.663  2584  4779 I notification_visibility: [0|android|10011|null|1000,1,211723,211723,0,2]
05-27 09:50:32.164  2584  2714 I notification_visibility: [0|com.android.bbklog|1|null|1000,1,59406567,59406567,0,7]
05-27 09:50:32.164  2584  2714 I notification_visibility: [0|com.mushroom.systrace|2147483647|group_key_override|2000|ranker_bundle,1,88331,88331,0,4]
05-27 09:50:32.164  2584  2714 I notification_visibility: [0|com.android.bbklog|2147483647|group_key_override|1000|ranker_bundle,1,59406541,59406541,0,6]
05-27 09:50:32.164  2584  2714 I notification_visibility: [0|com.mushroom.systrace|666|null|2000,1,88351,88339,0,5]
05-27 09:50:34.282  2584  5622 I am_proc_died: [0,11792,com.bbk.appstore]
05-27 09:50:37.448  2584  4177 I am_proc_start: [0,13483,1000,com.bbk.facewake,service,com.bbk.facewake/.FaceWakeService]
05-27 09:50:37.479  2584  5627 I am_proc_bound: [0,13483,com.bbk.facewake]
05-27 09:50:37.573  2584  2874 I am_wtf  : [0,2584,system_server,-1,ActivityManager,Sending non-protected broadcast vivo.intent.action.CHECK_ALERT_WINDOW from system 2584:system/1000 pkg android]
05-27 09:50:37.575  2584  2874 I am_wtf  : [0,2584,system_server,-1,ActivityManager,Sending non-protected broadcast vivo.intent.action.CHECK_ALERT_WINDOW from system 2584:system/1000 pkg android]
05-27 09:50:38.383  2584  4114 I am_wtf  : [0,2584,system_server,-1,ActivityManager,Sending non-protected broadcast MqttService.pingSender.446150076815884430 from system uid 1000 pkg com.vivo.abe]
05-27 09:50:38.667  2584  2872 I am_pss  : [19915,10129,com.tencent.mobileqq,257283072,255066112,0]
05-27 09:50:38.716  2584  2872 I am_pss  : [32543,10129,com.tencent.mobileqq:MSF,25978880,24662016,0]
05-27 09:50:38.759  2584  2872 I am_pss  : [12275,10129,com.tencent.mobileqq:TMAssistantDownloadSDKService,14042112,13246464,0]
05-27 09:50:41.016  2584  2872 I am_pss  : [5672,10034,com.bbk.launcher2,91092992,88641536,0]
05-27 09:50:41.071  2584  2872 I am_pss  : [16161,10133,com.tencent.mm,204933120,199446528,0]
05-27 09:50:41.088  2584  2872 I am_pss  : [16801,10133,com.tencent.mm:exdevice,15459328,14159872,0]
05-27 09:50:41.104  2584  2872 I am_pss  : [9305,10133,com.tencent.mm:push,19093504,17649664,0]
05-27 09:50:41.126   511   511 I sf_frame_dur: [SurfaceView - ,5,78,0,0,1,0,0]
05-27 09:50:41.128  2584 28968 I notification_action_clicked: [0|com.mushroom.systrace|666|null|2000,-1,97315,97303,8964]
05-27 09:50:41.153  2584  2584 I notification_enqueue: [2000,12389,com.mushroom.systrace,666,NULL,0,Notification(pri=0 contentView=com.mushroom.systrace/0x7f030002 vibrate=null sound=null tick defaults=0x0 flags=0x20 color=0x00000000 vis=PRIVATE),1]
05-27 09:50:41.179  2584 28974 I notification_autogrouped: 0|com.mushroom.systrace|666|null|2000
05-27 09:50:41.186  2584  4780 I notification_autogrouped: 0|com.mushroom.systrace|666|null|2000
05-27 09:50:42.210  2584 12269 I notification_visibility: [0|com.android.bbklog|1|null|1000,0,59416614,59416614,0,7]
05-27 09:50:42.210  2584 12269 I notification_visibility: [0|com.mushroom.systrace|2147483647|group_key_override|2000|ranker_bundle,0,98377,98377,0,4]
05-27 09:50:42.210  2584 12269 I notification_visibility: [0|android|2147483647|group_key_override|1000|ranker_bundle,0,222270,222270,0,1]
05-27 09:50:42.211  2584 12269 I notification_visibility: [0|com.android.bbklog|2147483647|group_key_override|1000|ranker_bundle,0,59416588,59416588,0,6]
05-27 09:50:42.211  2584 12269 I notification_visibility: [0|android|110110|null|1000,0,222287,222287,0,3]
05-27 09:50:42.211  2584 12269 I notification_visibility: [0|com.mushroom.systrace|666|null|2000,0,98398,1059,0,5]
05-27 09:50:42.211  2584 12269 I notification_visibility: [0|android|10011|null|1000,0,222272,222272,0,2]
05-27 09:50:42.211  2584 28971 I notification_panel_hidden: []
05-27 09:50:45.827  2584  5627 I am_focused_stack: [0,1,0,bringingFoundTaskToFront setFocusedActivity]
05-27 09:50:45.827  2584  5627 I wm_task_moved: [123,1,19]
05-27 09:50:45.830  2584  5627 I am_focused_activity: [0,com.android.filemanager/.FileManagerListActivity,bringingFoundTaskToFront]
05-27 09:50:45.831  2584  5627 I am_pause_activity: [0,20409518,com.bbk.launcher2/.Launcher]
05-27 09:50:45.833  2584  5627 I am_task_to_front: [0,123]
05-27 09:50:45.837  2584  5627 I sysui_action: [323,com.android.filemanager/.FileManagerListActivity]
05-27 09:50:45.837  2584  5627 I sysui_action: [324,true]
05-27 09:50:45.837  2584  5627 I sysui_action: [325,172677]
05-27 09:50:45.841  5672  5672 I am_on_paused_called: [0,com.bbk.launcher2.Launcher,handlePauseActivity]
05-27 09:50:45.867  2584  4278 I am_resume_activity: [0,210672731,123,com.android.filemanager/.FileManagerListActivity]
05-27 09:50:45.876  2584  2873 I sysui_count: [window_time_0,16]
05-27 09:50:45.914  8931  8931 I am_on_resume_called: [0,com.android.filemanager.FileManagerListActivity,RESUME_ACTIVITY]
05-27 09:50:45.980  2584  3140 I sysui_action: [320,2]
05-27 09:50:45.980  2584  3140 I sysui_action: [319,168]
05-27 09:50:45.980  2584  3140 I sysui_action: [322,168]
05-27 09:50:46.251  2584  2873 I am_stop_activity: [0,20409518,com.bbk.launcher2/.Launcher]
05-27 09:50:46.256  5672  5672 I am_on_stop_called: [0,com.bbk.launcher2.Launcher,handleStopActivity]
05-27 09:50:46.275   511   511 I sf_frame_dur: [com.bbk.launcher2/com.bbk.launcher2.Launcher,162,3,3,3,3,1,1]
05-27 09:51:00.034  2584  2872 I am_pss  : [8931,10033,com.android.filemanager,28748800,25399296,0]
05-27 09:51:00.078  2584  2872 I am_pss  : [5975,10011,android.process.media,28672000,27795456,0]
05-27 09:51:00.107  2584  2872 I am_pss  : [12389,2000,com.mushroom.systrace:trace,87655424,82886656,0]
05-27 09:51:00.127  2584  2872 I am_pss  : [12404,2000,com.mushroom.systrace:log,11834368,8081408,0]
05-27 09:51:16.962  4277  4277 I sysui_count: [panel_open,1]
05-27 09:51:16.994  4277  4277 I sysui_histogram: [note_load,8]
05-27 09:51:16.995  2584  5626 I notification_panel_revealed: 8
05-27 09:51:17.076  2584  5627 I notification_visibility: [0|android|2147483647|group_key_override|1000|ranker_bundle,1,257136,257136,0,1]
05-27 09:51:17.076  2584  5627 I notification_visibility: [0|android|110110|null|1000,1,257152,257152,0,3]
05-27 09:51:17.076  2584  5627 I notification_visibility: [0|android|10011|null|1000,1,257137,257137,0,2]
05-27 09:51:17.577  2584  4276 I notification_visibility: [0|com.android.bbklog|1|null|1000,1,59451981,59451981,0,7]
05-27 09:51:17.577  2584  4276 I notification_visibility: [0|com.mushroom.systrace|2147483647|group_key_override|2000|ranker_bundle,1,133744,133744,0,4]
05-27 09:51:17.577  2584  4276 I notification_visibility: [0|com.android.bbklog|2147483647|group_key_override|1000|ranker_bundle,1,59451954,59451954,0,6]
05-27 09:51:17.577  2584  4276 I notification_visibility: [0|com.mushroom.systrace|666|null|2000,1,133764,36425,0,5]
05-27 09:51:21.007  2584  7697 I notification_visibility: [0|com.android.bbklog|1|null|1000,0,59455411,59455411,0,7]
05-27 09:51:21.007  2584  7697 I notification_visibility: [0|com.mushroom.systrace|2147483647|group_key_override|2000|ranker_bundle,0,137174,137174,0,4]
05-27 09:51:21.007  2584  7697 I notification_visibility: [0|android|2147483647|group_key_override|1000|ranker_bundle,0,261067,261067,0,1]
05-27 09:51:21.007  2584  7697 I notification_visibility: [0|com.android.bbklog|2147483647|group_key_override|1000|ranker_bundle,0,59455384,59455384,0,6]
05-27 09:51:21.008  2584  7697 I notification_visibility: [0|android|110110|null|1000,0,261083,261083,0,3]
05-27 09:51:21.008  2584  7697 I notification_visibility: [0|com.mushroom.systrace|666|null|2000,0,137195,39856,0,5]
05-27 09:51:21.008  2584  7697 I notification_visibility: [0|android|10011|null|1000,0,261069,261069,0,2]
05-27 09:51:21.008  2584  2714 I notification_panel_hidden: []
05-27 09:51:21.457  4277  4277 I sysui_count: [panel_open,1]
05-27 09:51:21.506  4277  4277 I sysui_histogram: [note_load,8]
05-27 09:51:21.506  2584  4278 I notification_panel_revealed: 8
05-27 09:51:22.065  2584  4622 I notification_visibility: [0|com.android.bbklog|1|null|1000,1,59456469,59456469,0,7]
05-27 09:51:22.065  2584  4622 I notification_visibility: [0|com.mushroom.systrace|2147483647|group_key_override|2000|ranker_bundle,1,138232,138232,0,4]
05-27 09:51:22.065  2584  4622 I notification_visibility: [0|android|2147483647|group_key_override|1000|ranker_bundle,1,262125,262125,0,1]
05-27 09:51:22.065  2584  4622 I notification_visibility: [0|com.android.bbklog|2147483647|group_key_override|1000|ranker_bundle,1,59456442,59456442,0,6]
05-27 09:51:22.066  2584  4622 I notification_visibility: [0|android|110110|null|1000,1,262141,262141,0,3]
05-27 09:51:22.066  2584  4622 I notification_visibility: [0|com.mushroom.systrace|666|null|2000,1,138253,40914,0,5]
05-27 09:51:22.066  2584  4622 I notification_visibility: [0|android|10011|null|1000,1,262127,262127,0,2]
05-27 09:51:22.271  2584 28967 I notification_action_clicked: [0|com.mushroom.systrace|666|null|2000,-1,138458,41119,205]
05-27 09:51:24.799  2584 28975 I notification_visibility: [0|com.android.bbklog|1|null|1000,0,59459203,59459203,0,7]
05-27 09:51:24.799  2584 28975 I notification_visibility: [0|com.mushroom.systrace|2147483647|group_key_override|2000|ranker_bundle,0,140966,140966,0,4]
05-27 09:51:24.799  2584 28975 I notification_visibility: [0|android|2147483647|group_key_override|1000|ranker_bundle,0,264859,264859,0,1]
05-27 09:51:24.799  2584 28975 I notification_visibility: [0|com.android.bbklog|2147483647|group_key_override|1000|ranker_bundle,0,59459176,59459176,0,6]
05-27 09:51:24.799  2584 28975 I notification_visibility: [0|android|110110|null|1000,0,264875,264875,0,3]
05-27 09:51:24.799  2584 28975 I notification_visibility: [0|com.mushroom.systrace|666|null|2000,0,140986,43647,0,5]
05-27 09:51:24.799  2584 28975 I notification_visibility: [0|android|10011|null|1000,0,264860,264860,0,2]
05-27 09:51:24.801  2584  5624 I notification_panel_hidden: []
05-27 09:51:25.486  4277  4277 I sysui_count: [panel_open,1]
05-27 09:51:25.573  4277  4277 I sysui_histogram: [note_load,8]
05-27 09:51:25.574  2584  4276 I notification_panel_revealed: 8
05-27 09:51:26.152  2584  2712 I notification_visibility: [0|com.android.bbklog|1|null|1000,1,59460556,59460556,0,7]
05-27 09:51:26.152  2584  2712 I notification_visibility: [0|com.mushroom.systrace|2147483647|group_key_override|2000|ranker_bundle,1,142319,142319,0,4]
05-27 09:51:26.152  2584  2712 I notification_visibility: [0|android|2147483647|group_key_override|1000|ranker_bundle,1,266212,266212,0,1]
05-27 09:51:26.153  2584  2712 I notification_visibility: [0|com.android.bbklog|2147483647|group_key_override|1000|ranker_bundle,1,59460529,59460529,0,6]
05-27 09:51:26.153  2584  2712 I notification_visibility: [0|android|110110|null|1000,1,266229,266229,0,3]
05-27 09:51:26.153  2584  2712 I notification_visibility: [0|com.mushroom.systrace|666|null|2000,1,142340,45001,0,5]
05-27 09:51:26.153  2584  2712 I notification_visibility: [0|android|10011|null|1000,1,266214,266214,0,2]
05-27 09:51:28.122  2584  8348 I am_proc_died: [0,11278,com.vivo.weather.provider]
05-27 09:51:28.186  2584 28967 I notification_visibility: [0|com.android.bbklog|1|null|1000,0,59462590,59462590,0,7]
05-27 09:51:28.187  2584 28967 I notification_visibility: [0|com.mushroom.systrace|2147483647|group_key_override|2000|ranker_bundle,0,144353,144353,0,4]
05-27 09:51:28.187  2584 28967 I notification_visibility: [0|android|2147483647|group_key_override|1000|ranker_bundle,0,268247,268247,0,1]
05-27 09:51:28.187  2584 28967 I notification_visibility: [0|com.android.bbklog|2147483647|group_key_override|1000|ranker_bundle,0,59462564,59462564,0,6]
05-27 09:51:28.187  2584 28967 I notification_visibility: [0|android|110110|null|1000,0,268263,268263,0,3]
05-27 09:51:28.187  2584 28967 I notification_visibility: [0|com.mushroom.systrace|666|null|2000,0,144374,47035,0,5]
05-27 09:51:28.187  2584 28967 I notification_visibility: [0|android|10011|null|1000,0,268248,268248,0,2]
05-27 09:51:28.188  2584  4779 I notification_panel_hidden: []
05-27 09:51:28.194  2584  2872 I am_pss  : [5672,10034,com.bbk.launcher2,71756800,69287936,0]
05-27 09:51:28.245  2584 28971 I am_proc_start: [0,13897,10025,com.vivo.browser,broadcast,com.vivo.browser/.pendant.PendantWidgetProvider]
05-27 09:51:28.253  2584  2872 I am_pss  : [12371,2000,com.mushroom.systrace,19787776,13926400,0]
05-27 09:51:28.280  2584  7700 I am_proc_bound: [0,13897,com.vivo.browser]
05-27 09:51:28.291  2584  2872 I am_pss  : [5553,1000,com.vivo.doubleinstance,6144000,5554176,0]
05-27 09:51:28.331  2584  2872 I am_pss  : [13483,1000,com.bbk.facewake,7600128,5545984,0]
05-27 09:51:28.828  2584  5627 I am_proc_died: [0,13483,com.bbk.facewake]
05-27 09:51:28.830  2584  5627 I am_low_memory: 69
05-27 09:51:30.457  2584  4796 I am_proc_died: [0,11403,com.vivo.doubletimezoneclock]
05-27 09:51:30.457  2584  4796 I am_schedule_service_restart: [0,com.vivo.doubletimezoneclock/.clock.ClockWidgetService,1000]
05-27 09:51:30.458  2584  4796 I am_low_memory: 68
05-27 09:51:31.469  2584  2873 I am_proc_start: [0,13981,10056,com.vivo.doubletimezoneclock,service,com.vivo.doubletimezoneclock/.clock.ClockWidgetService]
05-27 09:51:31.496  2584  2712 I am_proc_bound: [0,13981,com.vivo.doubletimezoneclock]
05-27 09:51:31.570  2584  2584 I free_storage_changed: 8515207168
05-27 09:51:31.579  2584  5626 I am_proc_start: [0,13994,10045,com.vivo.weather.provider,content provider,com.vivo.weather.provider/.WeatherProvider]
05-27 09:51:31.591  2584  2714 I am_proc_bound: [0,13994,com.vivo.weather.provider]
05-27 09:51:31.786  2584  5626 I am_proc_died: [0,10979,com.chaozh.iReader]
05-27 09:51:31.786  2584  5626 I am_schedule_service_restart: [0,com.chaozh.iReader/com.zhangyue.iReader.fileDownload.ServiceDownloadNC,1000]
05-27 09:51:31.787  2584  5626 I am_low_memory: 69
05-27 09:51:32.805  2584  2873 I am_proc_start: [0,14018,10111,com.chaozh.iReader,service,com.chaozh.iReader/com.zhangyue.iReader.fileDownload.ServiceDownloadNC]
05-27 09:51:32.856  2584 28975 I am_proc_died: [0,10709,android.process.acore]
05-27 09:51:32.857  2584 28975 I am_schedule_service_restart: [0,com.android.providers.contacts/.smartdialer.BBKDialerInitService,1000]
05-27 09:51:32.859  2584 28975 I am_low_memory: 68
05-27 09:51:32.864  2584  2712 I am_proc_bound: [0,14018,com.chaozh.iReader]
05-27 09:51:33.869  2584  2873 I am_proc_start: [0,14043,10002,android.process.acore,service,com.android.providers.contacts/.smartdialer.BBKDialerInitService]
05-27 09:51:33.883  2584 28974 I am_proc_bound: [0,14043,android.process.acore]
05-27 09:51:34.258  8931  8931 I menu_item_selected: [1,]
05-27 09:51:34.328  2584  5627 I am_proc_died: [0,10924,com.android.fuelsummary]
05-27 09:51:34.328  2584  5627 I am_schedule_service_restart: [0,com.android.fuelsummary/.FuelSummaryService,1000]
05-27 09:51:34.330  2584  5627 I am_low_memory: 69
05-27 09:51:34.687   511   511 I sf_frame_dur: [com.android.filemanager/com.android.filemanager.FileManagerListActivity,0,0,0,0,1,0,0]
05-27 09:51:35.350  2584  2873 I am_proc_start: [0,14081,1000,com.android.fuelsummary,service,com.android.fuelsummary/.FuelSummaryService]
05-27 09:51:35.379  2584  5626 I am_proc_bound: [0,14081,com.android.fuelsummary]
05-27 09:51:35.422   511   511 I sf_frame_dur: [com.android.filemanager/com.android.filemanager.FileManagerListActivity,2,0,0,0,1,0,0]
05-27 09:51:35.920  2584  4121 I am_new_intent: [0,114475586,2,com.bbk.launcher2/.Launcher,android.intent.action.MAIN,NULL,NULL,278921216]
05-27 09:51:35.921  2584  4121 I am_focused_stack: [0,0,1,bringingFoundTaskToFront setFocusedActivity]
05-27 09:51:35.922  2584  4121 I wm_task_moved: [2,1,1]
05-27 09:51:35.931  2584  4121 I am_focused_activity: [0,com.bbk.launcher2/.Launcher,bringingFoundTaskToFront]
05-27 09:51:35.973  2584  4121 I am_pause_activity: [0,210672731,com.android.filemanager/.FileManagerListActivity]
05-27 09:51:35.974  8931  8931 I am_on_paused_called: [0,com.android.filemanager.FileManagerListActivity,handlePauseActivity]
05-27 09:51:35.979  2584  4121 I am_task_to_front: [0,2]
05-27 09:51:35.987  2584  4121 I sysui_action: [323,com.bbk.launcher2/.Launcher]
05-27 09:51:35.987  2584  4121 I sysui_action: [324,true]
05-27 09:51:35.987  2584  4121 I sysui_action: [325,172727]
05-27 09:51:36.006  2584 12269 I am_resume_activity: [0,20409518,2,com.bbk.launcher2/.Launcher]
05-27 09:51:36.013  2584  2873 I sysui_count: [window_time_0,50]
05-27 09:51:36.031  5672  5672 I am_on_resume_called: [0,com.bbk.launcher2.Launcher,RESUME_ACTIVITY]
05-27 09:51:36.122  2584  3140 I sysui_action: [320,2]
05-27 09:51:36.122  2584  3140 I sysui_action: [319,213]
05-27 09:51:36.123  2584  3140 I sysui_action: [322,214]
05-27 09:51:36.266  4277  4277 I sysui_count: [panel_open,1]
05-27 09:51:36.312  4277  4277 I sysui_histogram: [note_load,8]
05-27 09:51:36.313  2584  7700 I notification_panel_revealed: 8
05-27 09:51:36.373  2584  2873 I am_stop_activity: [0,210672731,com.android.filemanager/.FileManagerListActivity]
05-27 09:51:36.374  8931  8931 I am_on_stop_called: [0,com.android.filemanager.FileManagerListActivity,handleStopActivity]
05-27 09:51:36.426   511   511 I sf_frame_dur: [com.android.filemanager/com.android.filemanager.FileManagerListActivity,764,19,15,12,23,11,9]
05-27 09:51:36.858  2584  4278 I notification_visibility: [0|com.android.bbklog|1|null|1000,1,59471262,59471262,0,7]
05-27 09:51:36.858  2584  4278 I notification_visibility: [0|com.mushroom.systrace|2147483647|group_key_override|2000|ranker_bundle,1,153025,153025,0,4]
05-27 09:51:36.858  2584  4278 I notification_visibility: [0|android|2147483647|group_key_override|1000|ranker_bundle,1,276918,276918,0,1]
05-27 09:51:36.858  2584  4278 I notification_visibility: [0|com.android.bbklog|2147483647|group_key_override|1000|ranker_bundle,1,59471235,59471235,0,6]
05-27 09:51:36.858  2584  4278 I notification_visibility: [0|android|110110|null|1000,1,276934,276934,0,3]
05-27 09:51:36.858  2584  4278 I notification_visibility: [0|com.mushroom.systrace|666|null|2000,1,153045,55706,0,5]
05-27 09:51:36.858  2584  4278 I notification_visibility: [0|android|10011|null|1000,1,276919,276919,0,2]
05-27 09:51:37.115  2584  5622 I notification_action_clicked: [0|com.mushroom.systrace|666|null|2000,-1,153302,55963,257]
05-27 09:51:37.125  2584  2584 I notification_enqueue: [2000,12389,com.mushroom.systrace,666,NULL,0,Notification(pri=0 contentView=com.mushroom.systrace/0x7f030002 vibrate=null sound=null tick defaults=0x0 flags=0x20 color=0x00000000 vis=PRIVATE),1]
05-27 09:51:37.145  2584 28972 I notification_autogrouped: 0|com.mushroom.systrace|666|null|2000
05-27 09:51:37.151  2584  8348 I notification_autogrouped: 0|com.mushroom.systrace|666|null|2000
05-27 09:51:41.381  2584  8348 I notification_visibility: [0|com.android.bbklog|1|null|1000,0,59475785,59475785,0,7]
05-27 09:51:41.381  2584  8348 I notification_visibility: [0|com.mushroom.systrace|2147483647|group_key_override|2000|ranker_bundle,0,157548,157548,0,4]
05-27 09:51:41.381  2584  8348 I notification_visibility: [0|android|2147483647|group_key_override|1000|ranker_bundle,0,281441,281441,0,1]
05-27 09:51:41.381  2584  8348 I notification_visibility: [0|com.android.bbklog|2147483647|group_key_override|1000|ranker_bundle,0,59475758,59475758,0,6]
05-27 09:51:41.381  2584  8348 I notification_visibility: [0|android|110110|null|1000,0,281457,281457,0,3]
05-27 09:51:41.381  2584  8348 I notification_visibility: [0|com.mushroom.systrace|666|null|2000,0,157568,4258,0,5]
05-27 09:51:41.381  2584  8348 I notification_visibility: [0|android|10011|null|1000,0,281442,281442,0,2]
05-27 09:51:41.382  2584 28971 I notification_panel_hidden: []
05-27 09:51:42.092  2584 28967 I am_focused_stack: [0,1,0,bringingFoundTaskToFront setFocusedActivity]
05-27 09:51:42.092  2584 28967 I wm_task_moved: [123,1,19]
05-27 09:51:42.097  2584 28967 I am_focused_activity: [0,com.android.filemanager/.FileManagerListActivity,bringingFoundTaskToFront]
05-27 09:51:42.098  2584 28967 I am_pause_activity: [0,20409518,com.bbk.launcher2/.Launcher]
05-27 09:51:42.100  2584 28967 I am_task_to_front: [0,123]
05-27 09:51:42.104  2584 28967 I sysui_action: [323,com.android.filemanager/.FileManagerListActivity]
05-27 09:51:42.104  2584 28967 I sysui_action: [324,true]
05-27 09:51:42.104  2584 28967 I sysui_action: [325,172733]
05-27 09:51:42.110  5672  5672 I am_on_paused_called: [0,com.bbk.launcher2.Launcher,handlePauseActivity]
05-27 09:51:42.120  2584 28973 I am_resume_activity: [0,210672731,123,com.android.filemanager/.FileManagerListActivity]
05-27 09:51:42.127  2584  2873 I sysui_count: [window_time_0,7]
05-27 09:51:42.149  8931  8931 I am_on_resume_called: [0,com.android.filemanager.FileManagerListActivity,RESUME_ACTIVITY]
05-27 09:51:42.208  2584  3140 I sysui_action: [320,2]
05-27 09:51:42.208  2584  3140 I sysui_action: [319,123]
05-27 09:51:42.208  2584  3140 I sysui_action: [322,123]
05-27 09:51:42.489  2584  2873 I am_stop_activity: [0,20409518,com.bbk.launcher2/.Launcher]
05-27 09:51:42.494  5672  5672 I am_on_stop_called: [0,com.bbk.launcher2.Launcher,handleStopActivity]
05-27 09:51:42.528   511   511 I sf_frame_dur: [com.bbk.launcher2/com.bbk.launcher2.Launcher,0,0,1,1,2,0,1]
05-27 09:51:59.993  2584  4114 I am_proc_start: [0,14248,10030,com.bbk.appstore,service,com.bbk.appstore/.update.UpdateService]
05-27 09:52:00.007  2584  8348 I am_proc_bound: [0,14248,com.bbk.appstore]
05-27 09:52:00.060  2584  2872 I am_pss  : [8931,10033,com.android.filemanager,32059392,28004352,0]
05-27 09:52:00.083  2584  2872 I am_pss  : [5975,10011,android.process.media,28665856,27783168,0]
05-27 09:52:00.113  2584  2872 I am_pss  : [14081,1000,com.android.fuelsummary,4960256,3076096,0]
05-27 09:52:00.136  2584  2872 I am_pss  : [14043,10002,android.process.acore,13807616,11218944,0]
05-27 09:52:00.154  2584  2872 I am_pss  : [14018,10111,com.chaozh.iReader,14913536,11849728,0]
05-27 09:52:00.198  2584  2872 I am_pss  : [13981,10056,com.vivo.doubletimezoneclock,7999488,6017024,0]
05-27 09:52:00.218  2584  2872 I am_pss  : [13897,10025,com.vivo.browser,21597184,17039360,0]
05-27 09:52:00.476  2584  2712 I am_proc_died: [0,13994,com.vivo.weather.provider]
05-27 09:52:00.479  2584  2712 I am_low_memory: 70
05-27 09:52:05.383  2584  2872 I am_pss  : [5553,1000,com.vivo.doubleinstance,6138880,5554176,0]
05-27 09:52:05.403  2584  2872 I am_pss  : [8354,10081,com.vivo.safecenter,7810048,7274496,0]
05-27 09:52:05.428  2584  2872 I am_pss  : [6591,10063,com.iqoo.secure:remote,46129152,44208128,0]
05-27 09:52:10.747  2584  4278 I am_proc_died: [0,14248,com.bbk.appstore]
05-27 09:52:10.755  2584  4278 I am_low_memory: 69
05-27 09:52:12.057  2584  5622 I am_finish_activity: [0,210672731,123,com.android.filemanager/.FileManagerListActivity,app-request]
05-27 09:52:12.059  2584  5622 I wm_task_moved: [123,1,19]
05-27 09:52:12.065  2584  5622 I am_focused_activity: [0,com.android.filemanager/.FileManagerActivity,finishActivity adjustFocus]
05-27 09:52:12.067  2584  5622 I am_pause_activity: [0,210672731,com.android.filemanager/.FileManagerListActivity]
05-27 09:52:12.090  8931  8931 I am_on_paused_called: [0,com.android.filemanager.FileManagerListActivity,handlePauseActivity]
05-27 09:52:12.106  2584 28974 I am_restart_activity: [0,107074190,123,com.android.filemanager/.FileManagerActivity]
05-27 09:52:12.130  2584  2873 I sysui_count: [window_time_0,30]
05-27 09:52:12.340  8931  8931 I am_on_resume_called: [0,com.android.filemanager.FileManagerActivity,LAUNCH_ACTIVITY]
05-27 09:52:12.375  2584  4121 I am_new_intent: [0,217352679,2,com.bbk.launcher2/.Launcher,android.intent.action.MAIN,NULL,NULL,278921216]
05-27 09:52:12.375  2584  4121 I am_focused_stack: [0,0,1,bringingFoundTaskToFront setFocusedActivity]
05-27 09:52:12.376  2584  4121 I wm_task_moved: [2,1,1]
05-27 09:52:12.378  2584  4121 I am_focused_activity: [0,com.bbk.launcher2/.Launcher,bringingFoundTaskToFront]
05-27 09:52:12.405  2584  4121 I am_pause_activity: [0,107074190,com.android.filemanager/.FileManagerActivity]
05-27 09:52:12.412  2584  4121 I am_task_to_front: [0,2]
05-27 09:52:12.423  2584  4121 I sysui_action: [323,com.bbk.launcher2/.Launcher]
05-27 09:52:12.423  2584  4121 I sysui_action: [324,true]
05-27 09:52:12.423  2584  4121 I sysui_action: [325,172763]
05-27 09:52:12.424  2584  3140 I sysui_action: [321,59]
05-27 09:52:12.550  2584 28969 I am_proc_died: [0,12404,com.mushroom.systrace:log]
05-27 09:52:12.551  2584 28969 I am_schedule_service_restart: [0,com.mushroom.systrace/.LogService,1000]
05-27 09:52:12.552   511   511 I sf_frame_dur: [com.android.filemanager/com.android.filemanager.FileManagerListActivity,970,43,14,19,11,4,1]
05-27 09:52:12.556  2584 28969 I am_low_memory: 68
05-27 09:52:12.559  2584  3140 I sysui_action: [322,194]
05-27 09:52:12.565  8931  8931 I am_on_paused_called: [0,com.android.filemanager.FileManagerActivity,handlePauseActivity]
05-27 09:52:12.614  2584  5622 I am_resume_activity: [0,20409518,2,com.bbk.launcher2/.Launcher]
05-27 09:52:12.632  2584  2873 I sysui_count: [window_time_0,0]
05-27 09:52:12.637  5672  5672 I am_on_resume_called: [0,com.bbk.launcher2.Launcher,RESUME_ACTIVITY]
05-27 09:52:12.729  2584  3140 I sysui_action: [320,2]
05-27 09:52:12.729  2584  3140 I sysui_action: [319,364]
05-27 09:52:12.853  2584  4276 I am_proc_start: [0,14353,10045,com.vivo.weather.provider,content provider,com.vivo.weather.provider/.WeatherProvider]
05-27 09:52:12.868  2584 28968 I am_proc_bound: [0,14353,com.vivo.weather.provider]
05-27 09:52:12.913  4277  4277 I sysui_count: [panel_open,1]
05-27 09:52:12.960  2584  2873 I am_stop_activity: [0,107074190,com.android.filemanager/.FileManagerActivity]
05-27 09:52:12.960  2584  2873 I am_destroy_activity: [0,210672731,123,com.android.filemanager/.FileManagerListActivity,finish-imm]
05-27 09:52:12.962  8931  8931 I am_on_stop_called: [0,com.android.filemanager.FileManagerActivity,handleStopActivity]
05-27 09:52:12.965  8931  8931 I am_on_stop_called: [0,com.android.filemanager.FileManagerListActivity,destroy]
05-27 09:52:12.976  4277  4277 I sysui_histogram: [note_load,8]
05-27 09:52:12.976  2584 28971 I notification_panel_revealed: 8
05-27 09:52:13.036   511   511 I sf_frame_dur: [com.android.filemanager/com.android.filemanager.FileManagerActivity,0,0,0,1,0,0,0]
05-27 09:52:13.530  2584  4780 I notification_visibility: [0|com.android.bbklog|1|null|1000,1,59507934,59507934,0,7]
05-27 09:52:13.530  2584  4780 I notification_visibility: [0|com.mushroom.systrace|2147483647|group_key_override|2000|ranker_bundle,1,189697,189697,0,4]
05-27 09:52:13.531  2584  4780 I notification_visibility: [0|android|2147483647|group_key_override|1000|ranker_bundle,1,313590,313590,0,1]
05-27 09:52:13.531  2584  4780 I notification_visibility: [0|com.android.bbklog|2147483647|group_key_override|1000|ranker_bundle,1,59507908,59507908,0,6]
05-27 09:52:13.531  2584  4780 I notification_visibility: [0|android|110110|null|1000,1,313607,313607,0,3]
05-27 09:52:13.531  2584  4780 I notification_visibility: [0|com.mushroom.systrace|666|null|2000,1,189718,36408,0,5]
05-27 09:52:13.531  2584  4780 I notification_visibility: [0|android|10011|null|1000,1,313592,313592,0,2]
05-27 09:52:13.574  2584  2873 I am_proc_start: [0,14371,2000,com.mushroom.systrace:log,service,com.mushroom.systrace/.LogService]
05-27 09:52:13.593  2584  4389 I am_proc_bound: [0,14371,com.mushroom.systrace:log]
05-27 09:52:17.121  2584  5624 I notification_visibility: [0|com.android.bbklog|1|null|1000,0,59511524,59511524,0,7]
05-27 09:52:17.121  2584  5624 I notification_visibility: [0|com.mushroom.systrace|2147483647|group_key_override|2000|ranker_bundle,0,193288,193288,0,4]
05-27 09:52:17.121  2584  5624 I notification_visibility: [0|android|2147483647|group_key_override|1000|ranker_bundle,0,317181,317181,0,1]
05-27 09:52:17.121  2584  5624 I notification_visibility: [0|com.android.bbklog|2147483647|group_key_override|1000|ranker_bundle,0,59511498,59511498,0,6]
05-27 09:52:17.121  2584  5624 I notification_visibility: [0|android|110110|null|1000,0,317197,317197,0,3]
05-27 09:52:17.121  2584  5624 I notification_visibility: [0|com.mushroom.systrace|666|null|2000,0,193308,39998,0,5]
05-27 09:52:17.121  2584  5624 I notification_visibility: [0|android|10011|null|1000,0,317182,317182,0,2]
05-27 09:52:17.122  2584  4278 I notification_panel_hidden: []
05-27 09:52:17.464  4277  4277 I sysui_count: [panel_open,1]
05-27 09:52:17.515  4277  4277 I sysui_histogram: [note_load,8]
05-27 09:52:17.516  2584 28966 I notification_panel_revealed: 8
05-27 09:52:18.107  2584 28966 I notification_visibility: [0|com.android.bbklog|1|null|1000,1,59512511,59512511,0,7]
05-27 09:52:18.107  2584 28966 I notification_visibility: [0|com.mushroom.systrace|2147483647|group_key_override|2000|ranker_bundle,1,194274,194274,0,4]
05-27 09:52:18.107  2584 28966 I notification_visibility: [0|android|2147483647|group_key_override|1000|ranker_bundle,1,318167,318167,0,1]
05-27 09:52:18.107  2584 28966 I notification_visibility: [0|com.android.bbklog|2147483647|group_key_override|1000|ranker_bundle,1,59512484,59512484,0,6]
05-27 09:52:18.107  2584 28966 I notification_visibility: [0|android|110110|null|1000,1,318183,318183,0,3]
05-27 09:52:18.107  2584 28966 I notification_visibility: [0|com.mushroom.systrace|666|null|2000,1,194294,40984,0,5]
05-27 09:52:18.107  2584 28966 I notification_visibility: [0|android|10011|null|1000,1,318168,318168,0,2]
05-27 09:52:18.866  2584  5626 I notification_visibility: [0|com.android.bbklog|1|null|1000,0,59513269,59513269,0,7]
05-27 09:52:18.866  2584  5626 I notification_visibility: [0|com.mushroom.systrace|2147483647|group_key_override|2000|ranker_bundle,0,195033,195033,0,4]
05-27 09:52:18.866  2584  5626 I notification_visibility: [0|android|2147483647|group_key_override|1000|ranker_bundle,0,318926,318926,0,1]
05-27 09:52:18.866  2584  5626 I notification_visibility: [0|com.android.bbklog|2147483647|group_key_override|1000|ranker_bundle,0,59513243,59513243,0,6]
05-27 09:52:18.866  2584  5626 I notification_visibility: [0|android|110110|null|1000,0,318942,318942,0,3]
05-27 09:52:18.866  2584  5626 I notification_visibility: [0|com.mushroom.systrace|666|null|2000,0,195053,41743,0,5]
05-27 09:52:18.866  2584  5626 I notification_visibility: [0|android|10011|null|1000,0,318927,318927,0,2]
05-27 09:52:18.867  2584 28968 I notification_panel_hidden: []
05-27 09:52:18.906  2584  9744 I am_new_intent: [0,138473712,12,com.android.bbklog/.BbkLogActivity,android.intent.action.MAIN,NULL,NULL,276856832]
05-27 09:52:18.906  2584  9744 I am_focused_stack: [0,1,0,intentActivityFound]
05-27 09:52:18.908  2584  9744 I wm_task_moved: [123,1,19]
05-27 09:52:18.912  2584  9744 I am_focused_activity: [0,com.android.filemanager/.FileManagerActivity,intentActivityFound setFocusStack]
05-27 09:52:18.912  2584  9744 I wm_task_moved: [123,1,19]
05-27 09:52:18.915  2584  9744 I am_finish_activity: [0,194801724,12,com.android.bbklog/.BbkLogActivity,clear-task-index]
05-27 09:52:18.918  2584  9744 I am_destroy_activity: [0,194801724,12,com.android.bbklog/.BbkLogActivity,finish-imm]
05-27 09:52:18.926  2584  9744 I am_create_task: [0,12]
05-27 09:52:18.926  2584  9744 I am_create_activity: [0,138473712,12,com.android.bbklog/.BbkLogActivity,android.intent.action.MAIN,NULL,NULL,281051136]
05-27 09:52:18.927  2584  9744 I wm_task_moved: [12,1,19]
05-27 09:52:18.937  2584  9744 I wm_task_moved: [12,1,19]
05-27 09:52:18.942  2584  9744 I am_focused_activity: [0,com.android.bbklog/.BbkLogActivity,startedActivity]
05-27 09:52:18.944  2584  9744 I am_pause_activity: [0,20409518,com.bbk.launcher2/.Launcher]
05-27 09:52:18.945  5672  5672 I am_on_paused_called: [0,com.bbk.launcher2.Launcher,handlePauseActivity]
05-27 09:52:18.958  2584  9744 I sysui_action: [323,com.android.bbklog/.BbkLogActivity]
05-27 09:52:18.958  2584  9744 I sysui_action: [324,true]
05-27 09:52:18.958  2584  9744 I sysui_action: [325,172770]
05-27 09:52:18.960  2584  8348 I notification_clicked: [0|com.android.bbklog|1|null|1000,59513364,59513364,853]
05-27 09:52:18.960  2584  2584 I sysui_histogram: [note_click_longevity,991]
05-27 09:52:18.974  2584  5627 I am_restart_activity: [0,138473712,12,com.android.bbklog/.BbkLogActivity]
05-27 09:52:18.987  2584  2873 I sysui_count: [window_time_0,6]
05-27 09:52:19.053  2584  3140 I sysui_action: [321,168]
05-27 09:52:19.053  2584  3140 I sysui_action: [320,1]
05-27 09:52:19.053  2584  3140 I sysui_action: [319,168]
05-27 09:52:19.117  6746  6746 I am_on_resume_called: [0,com.android.bbklog.BbkLogActivity,LAUNCH_ACTIVITY]
05-27 09:52:19.263  2584  3140 I sysui_action: [322,378]
05-27 09:52:19.263  2584  3140 I am_activity_launch_time: [0,138473712,com.android.bbklog/.BbkLogActivity,298,7167]
05-27 09:52:19.358  2584  2873 I am_stop_activity: [0,20409518,com.bbk.launcher2/.Launcher]
05-27 09:52:19.362  5672  5672 I am_on_stop_called: [0,com.bbk.launcher2.Launcher,handleStopActivity]
05-27 09:52:19.391   511   511 I sf_frame_dur: [com.bbk.launcher2/com.bbk.launcher2.Launcher,0,1,2,1,1,0,1]
05-27 09:52:20.058  2584 28970 I am_proc_died: [0,12371,com.mushroom.systrace]
05-27 09:52:20.074  2584 28970 I am_low_memory: 69
05-27 09:52:20.078  2584 28967 I wm_task_moved: [12,1,19]
05-27 09:52:20.079  2584 28967 I wm_task_moved: [12,1,19]
05-27 09:52:20.080  2584 28967 I am_create_activity: [0,56208652,12,com.android.bbklog/.SettingActivity,NULL,NULL,NULL,276824064]
05-27 09:52:20.081  2584 28967 I wm_task_moved: [12,1,19]
05-27 09:52:20.085  2584 28967 I am_focused_activity: [0,com.android.bbklog/.SettingActivity,startedActivity]
05-27 09:52:20.086  2584 28967 I am_pause_activity: [0,138473712,com.android.bbklog/.BbkLogActivity]
05-27 09:52:20.091  2584 28967 I sysui_action: [323,com.android.bbklog/.BbkLogActivity]
05-27 09:52:20.091  2584 28967 I sysui_action: [324,true]
05-27 09:52:20.091  2584 28967 I sysui_action: [325,172771]
05-27 09:52:20.095  6746  6746 I am_on_paused_called: [0,com.android.bbklog.BbkLogActivity,handlePauseActivity]
05-27 09:52:20.107  2584  8348 I am_restart_activity: [0,56208652,12,com.android.bbklog/.SettingActivity]
05-27 09:52:20.120  2584  2873 I sysui_count: [window_time_0,2]
05-27 09:52:20.157  6746  6746 I am_on_resume_called: [0,com.android.bbklog.SettingActivity,LAUNCH_ACTIVITY]
05-27 09:52:20.252  2584  3140 I sysui_action: [320,2]
05-27 09:52:20.253  2584  3140 I sysui_action: [319,196]
05-27 09:52:20.254  2584  3140 I sysui_action: [322,197]
05-27 09:52:20.254  2584  3140 I am_activity_launch_time: [0,56208652,com.android.bbklog/.SettingActivity,156,156]
05-27 09:52:20.553  2584  2873 I am_stop_activity: [0,138473712,com.android.bbklog/.BbkLogActivity]
05-27 09:52:20.553  6746  6746 I am_on_stop_called: [0,com.android.bbklog.BbkLogActivity,handleStopActivity]
05-27 09:52:20.577   511   511 I sf_frame_dur: [com.android.bbklog/com.android.bbklog.BbkLogActivity,0,0,1,0,2,0,0]
05-27 09:52:22.014   511   511 I sf_frame_dur: [com.android.bbklog/com.android.bbklog.SettingActivity,0,0,0,0,0,1,0]
05-27 09:52:22.113  2584  2584 I notification_canceled: [0|com.android.bbklog|1|null|1000,8,59516517,59516517,4006]
05-27 09:52:22.126  2584  7697 I notification_canceled: [0|com.android.bbklog|2147483647|group_key_override|1000|ranker_bundle,16,59516502,59516502,4018]
05-27 09:52:22.246  2584  2584 I notification_enqueue: [1000,6746,com.android.bbklog,1,NULL,0,Notification(pri=0 contentView=com.android.bbklog/0x3030028 vibrate=null sound=null defaults=0x0 flags=0x40 color=0x00000000 vis=PRIVATE),0]
05-27 09:52:22.259  2584  4276 I notification_autogrouped: 0|com.android.bbklog|1|null|1000
05-27 09:52:22.261  2584  2714 I notification_autogrouped: 0|com.android.bbklog|1|null|1000
05-27 09:52:22.271  2584  2584 I notification_enqueue: [1000,6746,com.android.bbklog,2147483647,group_key_override,0,Notification(pri=0 contentView=null vibrate=null sound=null defaults=0x0 flags=0x700 color=0x00000000 groupKey=ranker_bundle vis=PRIVATE),0]
05-27 09:52:22.932  2584  4121 I am_new_intent: [0,62423652,2,com.bbk.launcher2/.Launcher,android.intent.action.MAIN,NULL,NULL,278921216]
05-27 09:52:22.936  2584  4121 I am_focused_stack: [0,0,1,bringingFoundTaskToFront setFocusedActivity]
05-27 09:52:22.937  2584  4121 I wm_task_moved: [2,1,1]
05-27 09:52:22.947  2584  4121 I am_focused_activity: [0,com.bbk.launcher2/.Launcher,bringingFoundTaskToFront]
05-27 09:52:22.989  2584  4121 I am_pause_activity: [0,56208652,com.android.bbklog/.SettingActivity]
05-27 09:52:23.022  2584  4121 I am_task_to_front: [0,2]
05-27 09:52:23.033  2584  4121 I sysui_action: [323,com.bbk.launcher2/.Launcher]
05-27 09:52:23.033  2584  4121 I sysui_action: [324,true]
05-27 09:52:23.033  2584  4121 I sysui_action: [325,172774]
05-27 09:52:23.044  6746  6746 I am_on_paused_called: [0,com.android.bbklog.SettingActivity,handlePauseActivity]
05-27 09:52:23.063  2584  7700 I am_resume_activity: [0,20409518,2,com.bbk.launcher2/.Launcher]
05-27 09:52:23.080  2584  2873 I sysui_count: [window_time_0,2]
05-27 09:52:23.092  5672  5672 I am_on_resume_called: [0,com.bbk.launcher2.Launcher,RESUME_ACTIVITY]
05-27 09:52:23.177  2584  3140 I sysui_action: [320,2]
05-27 09:52:23.177  2584  3140 I sysui_action: [319,266]
05-27 09:52:23.182  2584  3140 I sysui_action: [322,271]
05-27 09:52:23.409  2584  2873 I am_stop_activity: [0,56208652,com.android.bbklog/.SettingActivity]
05-27 09:52:23.435  6746  6746 I am_on_stop_called: [0,com.android.bbklog.SettingActivity,handleStopActivity]
05-27 09:52:23.481  4277  4277 I sysui_count: [panel_open,1]
05-27 09:52:23.485   511   511 I sf_frame_dur: [com.android.bbklog/com.android.bbklog.SettingActivity,17,1,1,0,2,1,1]
05-27 09:52:23.522  4277  4277 I sysui_histogram: [note_load,8]
05-27 09:52:23.522  2584  9744 I notification_panel_revealed: 8
05-27 09:52:24.067  2584  7697 I notification_visibility: [0|com.android.bbklog|1|null|1000,1,1822,1822,0,5]
05-27 09:52:24.068  2584  7697 I notification_visibility: [0|com.mushroom.systrace|2147483647|group_key_override|2000|ranker_bundle,1,200234,200234,0,6]
05-27 09:52:24.068  2584  7697 I notification_visibility: [0|android|2147483647|group_key_override|1000|ranker_bundle,1,324128,324128,0,1]
05-27 09:52:24.068  2584  7697 I notification_visibility: [0|com.android.bbklog|2147483647|group_key_override|1000|ranker_bundle,1,1808,1808,0,4]
05-27 09:52:24.068  2584  7697 I notification_visibility: [0|android|110110|null|1000,1,324144,324144,0,3]
05-27 09:52:24.068  2584  7697 I notification_visibility: [0|com.mushroom.systrace|666|null|2000,1,200255,46945,0,7]
05-27 09:52:24.068  2584  7697 I notification_visibility: [0|android|10011|null|1000,1,324129,324129,0,2]
05-27 09:52:25.220  2584  5624 I notification_visibility: [0|com.android.bbklog|1|null|1000,0,2975,2975,0,5]
05-27 09:52:25.220  2584  5624 I notification_visibility: [0|com.mushroom.systrace|2147483647|group_key_override|2000|ranker_bundle,0,201387,201387,0,6]
05-27 09:52:25.220  2584  5624 I notification_visibility: [0|android|2147483647|group_key_override|1000|ranker_bundle,0,325280,325280,0,1]
05-27 09:52:25.220  2584  5624 I notification_visibility: [0|com.android.bbklog|2147483647|group_key_override|1000|ranker_bundle,0,2960,2960,0,4]
