05-13 15:38:13.095  3666  3933 I am_broadcast_discard_filter: [0,57940260,android.intent.action.SCREEN_ON,21,248552062]
05-13 15:38:13.193  3666  8547 I am_finish_activity: [0,42617341,451,com.android.bbklog/.SettingActivity,app-request]
05-13 15:38:13.194  3666  8547 I wm_task_moved: [451,1,20]
05-13 15:38:13.197  3666  8547 I am_focused_activity: [0,com.android.bbklog/.BbkLogActivity,finishActivity adjustFocus]
05-13 15:38:13.198  3666  8547 I am_pause_activity: [0,42617341,com.android.bbklog/.SettingActivity]
05-13 15:38:13.208  5994  5994 I am_on_paused_called: [0,com.android.bbklog.SettingActivity,handlePauseActivity]
05-13 15:38:13.215  3666  4532 I am_resume_activity: [0,185054187,451,com.android.bbklog/.BbkLogActivity]
05-13 15:38:13.266  5994  5994 I am_on_resume_called: [0,com.android.bbklog.BbkLogActivity,RESUME_ACTIVITY]
05-13 15:38:13.302  3666  3666 I power_screen_broadcast_done: [1,10365,1]
05-13 15:38:13.333  3666  3666 I notification_enqueue: [10064,8611,com.bbk.iqoo.logsystem,3,NULL,0,Notification(pri=-2 contentView=com.bbk.iqoo.logsystem/0x3030028 vibrate=null sound=null defaults=0x0 flags=0x40 color=0xff607d8b vis=PRIVATE),1]
05-13 15:38:13.348  3666  4308 I notification_autogrouped: 0|com.bbk.iqoo.logsystem|3|null|10064
05-13 15:38:13.367  3666  4959 I notification_autogrouped: 0|com.bbk.iqoo.logsystem|3|null|10064
05-13 15:38:13.606  3666  5871 I am_finish_activity: [0,185054187,451,com.android.bbklog/.BbkLogActivity,app-request]
05-13 15:38:13.607  3666  5871 I wm_task_moved: [450,1,20]
05-13 15:38:13.613  3666  5871 I am_focused_activity: [0,com.iqoo.engineermode/.verifytest.EngineerVerifyTest,finishActivity adjustFocus]
05-13 15:38:13.635  3666  5871 I am_pause_activity: [0,185054187,com.android.bbklog/.BbkLogActivity]
05-13 15:38:13.642  3666  3933 I am_destroy_activity: [0,42617341,451,com.android.bbklog/.SettingActivity,finish-imm]
05-13 15:38:13.646  5994  5994 I am_on_paused_called: [0,com.android.bbklog.BbkLogActivity,handlePauseActivity]
05-13 15:38:13.663  3666  8542 I am_resume_activity: [0,213553653,450,com.iqoo.engineermode/.verifytest.EngineerVerifyTest]
05-13 15:38:13.673  5994  5994 I am_on_stop_called: [0,com.android.bbklog.SettingActivity,destroy]
05-13 15:38:13.676 16736 16736 I am_on_resume_called: [0,com.iqoo.engineermode.verifytest.EngineerVerifyTest,RESUME_ACTIVITY]
05-13 15:38:13.689   510   510 I sf_frame_dur: [com.android.bbklog/com.android.bbklog.SettingActivity,16,1,1,0,2,1,0]
05-13 15:38:14.029  3666  3933 I am_destroy_activity: [0,185054187,451,com.android.bbklog/.BbkLogActivity,finish-imm]
05-13 15:38:14.031  5994  5994 I am_on_stop_called: [0,com.android.bbklog.BbkLogActivity,destroy]
05-13 15:38:14.039  3666  4532 I wm_task_removed: [451,removeAppToken: last token]
05-13 15:38:14.039  3666  4532 I wm_task_removed: [451,removeTask]
05-13 15:38:14.040   510   510 I sf_frame_dur: [com.android.bbklog/com.android.bbklog.BbkLogActivity,0,0,0,0,1,0,0]
05-13 15:38:14.137  3666  4308 I am_finish_activity: [0,213553653,450,com.iqoo.engineermode/.verifytest.EngineerVerifyTest,app-request]
05-13 15:38:14.138  3666  4308 I wm_task_moved: [450,1,19]
05-13 15:38:14.140  3666  4308 I am_focused_activity: [0,com.iqoo.engineermode/.EngineerMode,finishActivity adjustFocus]
05-13 15:38:14.140  3666  4308 I am_pause_activity: [0,213553653,com.iqoo.engineermode/.verifytest.EngineerVerifyTest]
05-13 15:38:14.147 16736 16736 I am_on_paused_called: [0,com.iqoo.engineermode.verifytest.EngineerVerifyTest,handlePauseActivity]
05-13 15:38:14.152  3666  4959 I am_resume_activity: [0,12947014,450,com.iqoo.engineermode/.EngineerMode]
05-13 15:38:14.163 16736 16736 I am_on_resume_called: [0,com.iqoo.engineermode.EngineerMode,RESUME_ACTIVITY]
05-13 15:38:14.528  3666  3933 I am_destroy_activity: [0,213553653,450,com.iqoo.engineermode/.verifytest.EngineerVerifyTest,finish-imm]
05-13 15:38:14.529 16736 16736 I am_on_stop_called: [0,com.iqoo.engineermode.verifytest.EngineerVerifyTest,destroy]
05-13 15:38:14.735  3666  3780 I am_finish_activity: [0,12947014,450,com.iqoo.engineermode/.EngineerMode,app-request]
05-13 15:38:14.736  3666  3780 I wm_task_moved: [72,1,19]
05-13 15:38:14.740  3666  3780 I am_focused_activity: [0,com.android.dialer/.TwelveKeyDialer,finishActivity adjustFocus]
05-13 15:38:14.769  3666  3780 I am_pause_activity: [0,12947014,com.iqoo.engineermode/.EngineerMode]
05-13 15:38:14.783 16736 16736 I am_on_paused_called: [0,com.iqoo.engineermode.EngineerMode,handlePauseActivity]
05-13 15:38:14.824  3666  8540 I am_resume_activity: [0,141471921,72,com.android.dialer/.TwelveKeyDialer]
05-13 15:38:14.889 16580 16580 I am_on_resume_called: [0,com.android.dialer.TwelveKeyDialer,RESUME_ACTIVITY]
05-13 15:38:15.056  3666  3933 I am_broadcast_discard_app: [0,112785030,android.net.wifi.RSSI_CHANGED,0,ResolveInfo{981fb47 com.sdu.didi.psnger/com.didi.sdk.receiver.WifiReceiver m=0x108000}]
05-13 15:38:15.253  3666  3778 I am_wtf  : [0,3666,system_server,-1,ActivityManager,Sending non-protected broadcast launcher.action.CHANGE_APPLICATION_NOTIFICATION_NUM from system 4953:com.android.phone/1001 pkg com.android.phone]
05-13 15:38:15.257  3666 10259 I am_wtf  : [0,3666,system_server,-1,ActivityManager,Sending non-protected broadcast android.no.read.BBKLockScreen.INCALL from system 4953:com.android.phone/1001 pkg com.android.phone]
05-13 15:38:15.258  3666 10259 I am_wtf  : [0,3666,system_server,-1,ActivityManager,Sending non-protected broadcast android.no.read.BBKLockScreen.INCALL from system 4953:com.android.phone/1001 pkg com.android.phone]
05-13 15:38:15.266  3666  3933 I am_destroy_activity: [0,12947014,450,com.iqoo.engineermode/.EngineerMode,finish-imm]
05-13 15:38:15.280 16736 16736 I am_on_stop_called: [0,com.iqoo.engineermode.EngineerMode,destroy]
05-13 15:38:15.301  3666  4803 I wm_task_removed: [450,removeAppToken: last token]
05-13 15:38:15.301  3666  4803 I wm_task_removed: [450,removeTask]
05-13 15:38:15.310   510   510 I sf_frame_dur: [com.iqoo.engineermode/com.iqoo.engineermode.EngineerMode,0,0,0,0,0,1,0]
05-13 15:38:15.491  3666  4308 I wm_task_moved: [72,0,0]
05-13 15:38:15.493  3666  4308 I am_focused_stack: [0,0,1,moveTaskToBackAndShowHome resumeHomeStackTask setFocusedActivity]
05-13 15:38:15.494  3666  4308 I wm_task_moved: [2,1,1]
05-13 15:38:15.496  3666  4308 I am_focused_activity: [0,com.bbk.launcher2/.Launcher,moveTaskToBackAndShowHome resumeHomeStackTask]
05-13 15:38:15.529  3666  4308 I am_pause_activity: [0,141471921,com.android.dialer/.TwelveKeyDialer]
05-13 15:38:15.538 16580 16580 I am_on_paused_called: [0,com.android.dialer.TwelveKeyDialer,handlePauseActivity]
05-13 15:38:15.555  3666  8550 I am_resume_activity: [0,101232021,2,com.bbk.launcher2/.Launcher]
05-13 15:38:15.570  3666  3933 I sysui_count: [window_time_0,5]
05-13 15:38:15.577  5874  5874 I am_on_resume_called: [0,com.bbk.launcher2.Launcher,RESUME_ACTIVITY]
05-13 15:38:15.882  3666  3933 I am_stop_activity: [0,141471921,com.android.dialer/.TwelveKeyDialer]
05-13 15:38:15.883 16580 16580 I am_on_stop_called: [0,com.android.dialer.TwelveKeyDialer,handleStopActivity]
05-13 15:38:16.136  3666  3666 I free_storage_changed: 19260530688
05-13 15:38:18.086  3666  3933 I am_broadcast_discard_app: [0,203775292,android.net.wifi.RSSI_CHANGED,0,ResolveInfo{6b92ac5 com.sdu.didi.psnger/com.didi.sdk.receiver.WifiReceiver m=0x108000}]
05-13 15:38:21.102  3666  3933 I am_broadcast_discard_app: [0,193375809,android.net.wifi.RSSI_CHANGED,0,ResolveInfo{8b62fe6 com.sdu.didi.psnger/com.didi.sdk.receiver.WifiReceiver m=0x108000}]
05-13 15:38:24.122  3666  3933 I am_broadcast_discard_app: [0,3322051,android.net.wifi.RSSI_CHANGED,0,ResolveInfo{142dd40 com.sdu.didi.psnger/com.didi.sdk.receiver.WifiReceiver m=0x108000}]
05-13 15:38:27.146  3666  3933 I am_broadcast_discard_app: [0,235247135,android.net.wifi.RSSI_CHANGED,0,ResolveInfo{7188d6c com.sdu.didi.psnger/com.didi.sdk.receiver.WifiReceiver m=0x108000}]
05-13 15:38:30.167  3666  3933 I am_broadcast_discard_app: [0,95884376,android.net.wifi.RSSI_CHANGED,0,ResolveInfo{b36a9b1 com.sdu.didi.psnger/com.didi.sdk.receiver.WifiReceiver m=0x108000}]
05-13 15:38:33.190  3666  3933 I am_broadcast_discard_app: [0,78978564,android.net.wifi.RSSI_CHANGED,0,ResolveInfo{b5b2fed com.sdu.didi.psnger/com.didi.sdk.receiver.WifiReceiver m=0x108000}]
05-13 15:38:33.635  3666  4530 I am_proc_died: [0,16512,com.vivo.weather.location]
05-13 15:38:33.636  3666  4530 I am_schedule_service_restart: [0,com.vivo.weather/.LocalCityLocateService,1000]
05-13 15:38:36.213  3666  3933 I am_broadcast_discard_app: [0,209844174,android.net.wifi.RSSI_CHANGED,0,ResolveInfo{42b76ef com.sdu.didi.psnger/com.didi.sdk.receiver.WifiReceiver m=0x108000}]
05-13 15:38:36.401  3666  4339 I am_proc_start: [0,17028,1000,com.bbk.facewake,service,com.bbk.facewake/.FaceWakeService]
05-13 15:38:36.430  3666  3778 I am_proc_bound: [0,17028,com.bbk.facewake]
05-13 15:38:36.515  3666  3934 I am_wtf  : [0,3666,system_server,-1,ActivityManager,Sending non-protected broadcast vivo.intent.action.CHECK_ALERT_WINDOW from system 3666:system/1000 pkg android]
05-13 15:38:36.516  3666  3934 I am_wtf  : [0,3666,system_server,-1,ActivityManager,Sending non-protected broadcast vivo.intent.action.CHECK_ALERT_WINDOW from system 3666:system/1000 pkg android]
05-13 15:38:39.234  3666  3933 I am_broadcast_discard_app: [0,198048223,android.net.wifi.RSSI_CHANGED,0,ResolveInfo{a4f862c com.sdu.didi.psnger/com.didi.sdk.receiver.WifiReceiver m=0x108000}]
05-13 15:38:42.261  3666  3933 I am_broadcast_discard_app: [0,188896507,android.net.wifi.RSSI_CHANGED,0,ResolveInfo{644d918 com.sdu.didi.psnger/com.didi.sdk.receiver.WifiReceiver m=0x108000}]
05-13 15:38:45.284  3666  3933 I am_broadcast_discard_app: [0,97994199,android.net.wifi.RSSI_CHANGED,0,ResolveInfo{f3a6ec4 com.sdu.didi.psnger/com.didi.sdk.receiver.WifiReceiver m=0x108000}]
05-13 15:38:45.343  3666  3959 I power_sleep_requested: 0
05-13 15:38:45.343  3666  3666 I power_screen_state: [0,3,0,0]
05-13 15:38:45.343  3666  3666 I screen_toggled: 0
05-13 15:38:45.343  3666  3666 I sysui_histogram: [screen_timeout,30]
05-13 15:38:45.346  3666  3666 I power_screen_broadcast_send: 1
05-13 15:38:45.351  3666  3666 I am_pause_activity: [0,101232021,com.bbk.launcher2/.Launcher]
05-13 15:38:45.365  5874  5874 I am_on_paused_called: [0,com.bbk.launcher2.Launcher,handlePauseActivity]
05-13 15:38:45.424  3666  3666 I sysui_histogram: [fingerprint_token,0]
05-13 15:38:45.432  3666  3933 I am_stop_activity: [0,101232021,com.bbk.launcher2/.Launcher]
05-13 15:38:45.455  5874  5874 I am_on_stop_called: [0,com.bbk.launcher2.Launcher,sleeping]
05-13 15:38:45.520  3666  8550 I am_wtf  : [0,3666,system_server,-1,ActivityManager,Sending non-protected broadcast com.vivo.updater.action.SCREEN_OFF from system 4786:com.vivo.daemonService/1000 pkg com.vivo.daemonService]
05-13 15:38:45.868   510   510 I sf_frame_dur: [SurfaceView - ,7,240,1,0,1,0,0]
05-13 15:38:55.536  3666  3933 I am_broadcast_discard_filter: [0,174090355,android.intent.action.SCREEN_OFF,20,248552062]
05-13 15:38:55.543  3666  5871 I am_mem_factor: [0,1]
05-13 15:38:55.778  3666  3666 I power_screen_broadcast_done: [0,10432,1]
05-13 15:38:55.955  4603  4603 I sysui_view_visibility: [111,100]
05-13 15:38:55.982  4603  4603 I sysui_status_bar_state: [1,1,0,0,1,0]
05-13 15:38:56.001  3666  5840 I notification_expansion: [0|android|10011|null|1000,0,0,20593755,14838857,2576574]
05-13 15:38:56.002  3666  8546 I notification_expansion: [0|android|110110|null|1000,0,0,20593760,20593760,2576575]
05-13 15:38:56.002  3666  3780 I notification_expansion: [0|com.android.bbklog|2147483647|group_key_override|1000|ranker_bundle,0,1,43459,43459,0]
05-13 15:38:56.004  3666  6400 I notification_expansion: [0|com.tencent.mm|2147483647|group_key_override|10132|ranker_bundle,0,1,3901695,3901695,2576577]
05-13 15:38:56.005  3666  4945 I notification_expansion: [0|com.vivo.appfilter|2147483647|group_key_override|1000|ranker_bundle,0,1,9330293,9330293,2576578]
05-13 15:38:56.006  3666  4959 I notification_expansion: [0|com.vivo.game|2147483647|group_key_override|10113|ranker_bundle,0,1,63487629,63487629,0]
05-13 15:38:56.007  3666  5871 I notification_expansion: [0|com.vivo.intelliengine|2147483647|group_key_override|1000|ranker_bundle,0,1,163804474,163804474,85957752]
05-13 15:39:07.165  3666  3666 I sysui_action: [252,true]
05-13 15:39:07.170  4603 25919 I screen_toggled: 2
05-13 15:39:07.232  3666  3666 I power_screen_state: [1,0,0,0]
05-13 15:39:07.232  3666  3666 I screen_toggled: 1
05-13 15:39:07.234  3666  3666 I power_screen_broadcast_send: 1
05-13 15:39:07.258   510   510 I sf_frame_dur: [ColorFade,3,0,0,0,0,0,0]
05-13 15:39:07.268  3666  3666 I notification_enqueue: [10064,8611,com.bbk.iqoo.logsystem,3,NULL,0,Notification(pri=-2 contentView=com.bbk.iqoo.logsystem/0x3030028 vibrate=null sound=null defaults=0x0 flags=0x40 color=0xff607d8b vis=PRIVATE),1]
05-13 15:39:07.277  4603  4603 I sysui_status_bar_state: [1,0,0,0,1,0]
05-13 15:39:07.290  3666 10259 I notification_autogrouped: 0|com.bbk.iqoo.logsystem|3|null|10064
05-13 15:39:07.293  3666  8547 I am_wtf  : [0,3666,system_server,-1,ActivityManager,Sending non-protected broadcast com.vivo.updater.action.SCREEN_ON from system 4786:com.vivo.daemonService/1000 pkg com.vivo.daemonService]
05-13 15:39:07.294  3666 10255 I notification_autogrouped: 0|com.bbk.iqoo.logsystem|3|null|10064
05-13 15:39:07.297  4603  4603 I sysui_view_visibility: [111,0]
05-13 15:39:07.319  3666  8550 I am_resume_activity: [0,101232021,2,com.bbk.launcher2/.Launcher]
05-13 15:39:07.363  3666 10253 I am_broadcast_discard_app: [0,189985979,android.intent.action.USER_PRESENT,0,ResolveInfo{c855dd8 com.happyelements.AndroidAnimal/cn.egame.terminal.sdk.EgameCoreReceiver p=2147483647 m=0x108000}]
05-13 15:39:07.368  3666  3933 I am_broadcast_discard_app: [0,189985979,android.intent.action.USER_PRESENT,1,ResolveInfo{3b38416 com.qileyx.ddz.vivo/cn.egame.terminal.sdk.EgameCoreReceiver p=2147483647 m=0x108000}]
05-13 15:39:07.369  3666  3933 I am_broadcast_discard_app: [0,189985979,android.intent.action.USER_PRESENT,2,ResolveInfo{4b22197 com.rainhope.scmj.wmwzb/cn.egame.terminal.sdk.EgameCoreReceiver p=2147483647 m=0x108000}]
05-13 15:39:07.370  5874  5874 I am_on_resume_called: [0,com.bbk.launcher2.Launcher,RESUME_ACTIVITY]
05-13 15:39:07.377  3666 10261 I notification_expansion: [0|com.android.systemui|2147483647|group_key_override|10024|ranker_bundle,0,1,20238452,20238452,2587950]
05-13 15:39:07.378  3666 10257 I notification_expansion: [0|com.android.systemui|10000|null|10024,0,1,20238465,20238465,2587951]
05-13 15:39:07.379  3666  4969 I am_broadcast_discard_app: [0,189985979,android.intent.action.USER_PRESENT,4,ResolveInfo{5bcba2 com.jingdong.app.mall/com.tencent.android.tpush.XGPushReceiver p=2147483647 m=0x108000}]
05-13 15:39:07.379  3666  5845 I notification_expansion: [0|android|2147483647|group_key_override|1000|ranker_bundle,0,1,20605121,20605121,2587952]
05-13 15:39:07.380  3666  5849 I notification_expansion: [0|android|10011|null|1000,0,1,20605134,14850236,2587953]
05-13 15:39:07.381  3666  8542 I notification_expansion: [0|android|110110|null|1000,0,1,20605139,20605139,2587954]
05-13 15:39:07.381  3666  3933 I am_broadcast_discard_app: [0,189985979,android.intent.action.USER_PRESENT,5,ResolveInfo{2860ff0 com.sdu.didi.psnger/com.igexin.sdk.PushReceiver p=2147483647 m=0x108000}]
05-13 15:39:07.382  3666 10253 I notification_expansion: [0|com.android.bbklog|2147483647|group_key_override|1000|ranker_bundle,0,1,54839,54839,0]
05-13 15:39:07.382  3666  4803 I notification_expansion: [0|com.tencent.mm|2147483647|group_key_override|10132|ranker_bundle,0,1,3913073,3913073,2587955]
05-13 15:39:07.383  3666  4959 I notification_expansion: [0|com.vivo.appfilter|2147483647|group_key_override|1000|ranker_bundle,0,1,9341671,9341671,2587956]
05-13 15:39:07.384  3666  8550 I notification_expansion: [0|com.vivo.game|2147483647|group_key_override|10113|ranker_bundle,0,1,63499007,63499007,0]
05-13 15:39:07.384  3666  3933 I am_broadcast_discard_app: [0,189985979,android.intent.action.USER_PRESENT,7,ResolveInfo{f901969 com.yiche.price/com.sijla.common.HBL p=2147483647 m=0x108000}]
05-13 15:39:07.385  3666  8549 I notification_expansion: [0|com.vivo.intelliengine|2147483647|group_key_override|1000|ranker_bundle,0,1,163815852,163815852,85969130]
05-13 15:39:07.388  4603  4603 I sysui_histogram: [note_load,16]
05-13 15:39:07.388  3666  4308 I notification_panel_revealed: 16
05-13 15:39:07.405  3666  8543 I am_broadcast_discard_app: [0,189985979,android.intent.action.USER_PRESENT,9,ResolveInfo{2d43b1c com.UCMobile/com.pp.plugin.appstore.receiver.PPNetworkReceiver p=1000 m=0x108000}]
05-13 15:39:07.410  3666  3933 I am_broadcast_discard_app: [0,189985979,android.intent.action.USER_PRESENT,10,ResolveInfo{82f2cfa com.dangdang.buy2/cn.xiaoneng.xpush.XPushReceiver p=1000 m=0x108000}]
05-13 15:39:07.419  3666  5849 I notification_panel_hidden: []
05-13 15:39:07.462  3666  4530 I am_broadcast_discard_app: [0,189985979,android.intent.action.USER_PRESENT,19,ResolveInfo{cc89e87 cn.xiaochuankeji.tieba/cn.xc_common.push.service.PushReceiver m=0x108000}]
05-13 15:39:07.462  3666  3933 I am_broadcast_discard_app: [0,189985979,android.intent.action.USER_PRESENT,20,ResolveInfo{522d1b4 com.Qunar/com.igexin.sdk.PushReceiver m=0x108000}]
05-13 15:39:07.464  3666  3933 I am_broadcast_discard_app: [0,189985979,android.intent.action.USER_PRESENT,21,ResolveInfo{d326152 com.UCMobile/com.taobao.accs.EventReceiver m=0x108000}]
05-13 15:39:07.470  3666  3933 I am_broadcast_discard_app: [0,189985979,android.intent.action.USER_PRESENT,22,ResolveInfo{f869c23 com.autonavi.minimap/com.taobao.accs.EventReceiver m=0x108000}]
05-13 15:39:07.471  3666  3933 I am_broadcast_discard_app: [0,189985979,android.intent.action.USER_PRESENT,23,ResolveInfo{5f55520 com.baidu.BaiduMap/com.baidu.android.pushservice.PushServiceReceiver m=0x108000}]
05-13 15:39:07.472  3666  3933 I am_broadcast_discard_app: [0,189985979,android.intent.action.USER_PRESENT,24,ResolveInfo{8f1409e com.chengzivr.android/.push.PushWakeReceiver m=0x108000}]
05-13 15:39:07.473  3666  3933 I am_broadcast_discard_app: [0,189985979,android.intent.action.USER_PRESENT,25,ResolveInfo{faaa34c com.cubic.autohome/com.igexin.sdk.PushReceiver m=0x108000}]
05-13 15:39:07.473  3666  3933 I am_broadcast_discard_app: [0,189985979,android.intent.action.USER_PRESENT,26,ResolveInfo{230df95 com.dianping.v1/com.dianping.base.push.pushservice.PhoneStatusReceiver m=0x108000}]
05-13 15:39:07.474  3666  3933 I am_broadcast_discard_app: [0,189985979,android.intent.action.USER_PRESENT,27,ResolveInfo{52cc8aa com.duowan.groundhog.mctools/com.taobao.accs.EventReceiver m=0x108000}]
05-13 15:39:07.479  3666  5849 I am_broadcast_discard_app: [0,189985979,android.intent.action.USER_PRESENT,29,ResolveInfo{384a838 com.gameabc.zhanqiAndroid/com.igexin.sdk.PushReceiver m=0x108000}]
05-13 15:39:07.480  3666  3933 I am_broadcast_discard_app: [0,189985979,android.intent.action.USER_PRESENT,30,ResolveInfo{e0ce011 com.gbits.atm.vivo/com.igexin.sdk.PushReceiver m=0x108000}]
05-13 15:39:07.480  3666  3933 I am_broadcast_discard_app: [0,189985979,android.intent.action.USER_PRESENT,31,ResolveInfo{5e6c576 com.happyelements.AndroidAnimal/com.happyelements.gsp.android.notification.gcn.GcnBroadcastReceiver m=0x108000}]
05-13 15:39:07.481  3666  3933 I am_broadcast_discard_app: [0,189985979,android.intent.action.USER_PRESENT,32,ResolveInfo{2b03777 com.meitu.meiyancamera/com.igexin.sdk.PushReceiver m=0x108000}]
05-13 15:39:07.482  3666  3933 I am_broadcast_discard_app: [0,189985979,android.intent.action.USER_PRESENT,33,ResolveInfo{6ce6c4d com.meitu.wheecam/com.meitu.pushkit.InnerReceiver m=0x108000}]
05-13 15:39:07.482  3666  3933 I am_broadcast_discard_app: [0,189985979,android.intent.action.USER_PRESENT,34,ResolveInfo{b71c302 com.meitu.wheecam/com.igexin.sdk.PushReceiver m=0x108000}]
05-13 15:39:07.484  3666  3933 I am_broadcast_discard_app: [0,189985979,android.intent.action.USER_PRESENT,35,ResolveInfo{e66d413 com.mobike.mobikeapp/com.igexin.sdk.PushReceiver m=0x108000}]
05-13 15:39:07.485  3666  3933 I am_broadcast_discard_app: [0,189985979,android.intent.action.USER_PRESENT,36,ResolveInfo{184650 com.mobike.mobikeapp/com.hyphenate.chat.EMMonitorReceiver m=0x108000}]
05-13 15:39:07.486  3666  3933 I am_broadcast_discard_app: [0,189985979,android.intent.action.USER_PRESENT,37,ResolveInfo{1a28049 com.mogujie/com.igexin.sdk.PushReceiver m=0x108000}]
05-13 15:39:07.486  3666  3933 I am_broadcast_discard_app: [0,189985979,android.intent.action.USER_PRESENT,38,ResolveInfo{e09e6f com.mt.mtxx.mtxx/com.igexin.sdk.PushReceiver m=0x108000}]
05-13 15:39:07.487  3666  3933 I am_broadcast_discard_app: [0,189985979,android.intent.action.USER_PRESENT,40,ResolveInfo{8c3777c com.p1.mobile.putong/.api.push.keep.OnePixelReceiver m=0x108000}]
05-13 15:39:07.487  3666  3933 I am_broadcast_discard_app: [0,189985979,android.intent.action.USER_PRESENT,41,ResolveInfo{f89d805 com.p1.mobile.putong/com.igexin.sdk.PushReceiver m=0x108000}]
05-13 15:39:07.488  3666  3933 I am_broadcast_discard_app: [0,189985979,android.intent.action.USER_PRESENT,42,ResolveInfo{660b05a com.qileyx.ddz.vivo/com.nearme.ddz.util.ConnectionChangeReceiver m=0x108000}]
05-13 15:39:07.488  3666  3933 I am_broadcast_discard_app: [0,189985979,android.intent.action.USER_PRESENT,43,ResolveInfo{c82b28b com.qileyx.ddz.vivo/com.igexin.sdk.PushReceiver m=0x108000}]
05-13 15:39:07.489  3666  3933 I am_broadcast_discard_app: [0,189985979,android.intent.action.USER_PRESENT,44,ResolveInfo{88e8f68 com.qzone/com.tencent.wns.export.AutoStartReceiver m=0x108000}]
05-13 15:39:07.489  3666  3933 I am_broadcast_discard_app: [0,189985979,android.intent.action.USER_PRESENT,45,ResolveInfo{6d4ef81 com.rainhope.scmj.wmwzb/com.unicom.xiaowo.SecurityReceiver m=0x108000}]
05-13 15:39:07.490  3666  3933 I am_broadcast_discard_app: [0,189985979,android.intent.action.USER_PRESENT,46,ResolveInfo{8697826 com.smile.gifmaker/com.igexin.sdk.PushReceiver m=0x108000}]
05-13 15:39:07.490  3666  3933 I am_broadcast_discard_app: [0,189985979,android.intent.action.USER_PRESENT,47,ResolveInfo{ae7ec67 com.ss.android.article.news/com.ss.android.message.MessageReceiver m=0x108000}]
05-13 15:39:07.491  3666  3933 I am_broadcast_discard_app: [0,189985979,android.intent.action.USER_PRESENT,48,ResolveInfo{d713a14 com.ss.android.article.news/com.taobao.accs.EventReceiver m=0x108000}]
05-13 15:39:07.491  3666  3933 I am_broadcast_discard_app: [0,189985979,android.intent.action.USER_PRESENT,49,ResolveInfo{86002bd com.ss.android.article.news/.AliyunPushMsgReceiver m=0x108000}]
05-13 15:39:07.492  3666  3933 I am_broadcast_discard_app: [0,189985979,android.intent.action.USER_PRESENT,50,ResolveInfo{ce4f0b2 com.ss.android.article.news/com.ss.android.message.sswo.SswoReceiver m=0x108000}]
05-13 15:39:07.492  3666  3933 I am_broadcast_discard_app: [0,189985979,android.intent.action.USER_PRESENT,51,ResolveInfo{a7ce803 com.ss.android.article.video/com.ss.android.message.MessageReceiver m=0x108000}]
05-13 15:39:07.493  3666  3933 I am_broadcast_discard_app: [0,189985979,android.intent.action.USER_PRESENT,52,ResolveInfo{b31e380 com.ss.android.article.video/com.taobao.accs.EventReceiver m=0x108000}]
05-13 15:39:07.493  3666  3933 I am_broadcast_discard_app: [0,189985979,android.intent.action.USER_PRESENT,53,ResolveInfo{c8f0db9 com.ss.android.essay.joke/com.ss.android.message.MessageReceiver m=0x108000}]
05-13 15:39:07.494  3666  3933 I am_broadcast_discard_app: [0,189985979,android.intent.action.USER_PRESENT,54,ResolveInfo{52d65fe com.ss.android.essay.joke/com.ss.android.message.sswo.SswoReceiver m=0x108000}]
05-13 15:39:07.494  3666  3933 I am_broadcast_discard_app: [0,189985979,android.intent.action.USER_PRESENT,55,ResolveInfo{9dc015f com.ss.android.essay.joke/com.taobao.accs.EventReceiver m=0x108000}]
05-13 15:39:07.495  3666  3933 I am_broadcast_discard_app: [0,189985979,android.intent.action.USER_PRESENT,56,ResolveInfo{991b7ac com.ss.android.ugc.live/com.ss.android.message.MessageReceiver m=0x108000}]
05-13 15:39:07.495  3666  3933 I am_broadcast_discard_app: [0,189985979,android.intent.action.USER_PRESENT,57,ResolveInfo{409cc75 com.ss.android.ugc.live/com.ss.android.message.sswo.SswoReceiver m=0x108000}]
05-13 15:39:07.495  3666  3933 I am_broadcast_discard_app: [0,189985979,android.intent.action.USER_PRESENT,58,ResolveInfo{bf5e40a com.ss.android.ugc.live/com.taobao.accs.EventReceiver m=0x108000}]
05-13 15:39:07.496  3666  3933 I am_broadcast_discard_app: [0,189985979,android.intent.action.USER_PRESENT,59,ResolveInfo{ce9547b com.taobao.taobao/com.taobao.accs.EventReceiver m=0x108000}]
05-13 15:39:07.496  3666  3933 I am_broadcast_discard_app: [0,189985979,android.intent.action.USER_PRESENT,60,ResolveInfo{938a298 com.tencent.androidqqmail/com.tencent.qqmail.utilities.qmbroadcastreceiver.QMPushReceiver m=0x108000}]
05-13 15:39:07.497  3666  3933 I am_broadcast_discard_app: [0,189985979,android.intent.action.USER_PRESENT,61,ResolveInfo{837baf1 com.tencent.news/.push.alive.offactivity.OffScreenReceiver m=0x108000}]
05-13 15:39:07.497  3666  3933 I am_broadcast_discard_app: [0,189985979,android.intent.action.USER_PRESENT,62,ResolveInfo{21636d6 com.tencent.news/com.taobao.accs.EventReceiver m=0x108000}]
05-13 15:39:07.497  3666  3933 I am_broadcast_discard_app: [0,189985979,android.intent.action.USER_PRESENT,63,ResolveInfo{7aebd57 com.yiche.price/com.taobao.accs.EventReceiver m=0x108000}]
05-13 15:39:07.498  3666  3933 I am_broadcast_discard_app: [0,189985979,android.intent.action.USER_PRESENT,64,ResolveInfo{b615044 com.yiche.price/io.rong.push.PushReceiver m=0x108000}]
05-13 15:39:07.498  3666  3933 I am_broadcast_discard_app: [0,189985979,android.intent.action.USER_PRESENT,65,ResolveInfo{77c152d com.yixia.videoeditor/com.igexin.sdk.PushReceiver m=0x108000}]
05-13 15:39:07.499  3666  3933 I am_broadcast_discard_app: [0,189985979,android.intent.action.USER_PRESENT,66,ResolveInfo{c16ea62 com.youku.phone/com.taobao.accs.EventReceiver m=0x108000}]
05-13 15:39:10.310  3666  3933 I am_broadcast_discard_app: [0,151235143,android.net.wifi.RSSI_CHANGED,0,ResolveInfo{e5b5274 com.sdu.didi.psnger/com.didi.sdk.receiver.WifiReceiver m=0x108000}]
05-13 15:39:13.333  3666  3933 I am_broadcast_discard_app: [0,13018083,android.net.wifi.RSSI_CHANGED,0,ResolveInfo{f1521e0 com.sdu.didi.psnger/com.didi.sdk.receiver.WifiReceiver m=0x108000}]
05-13 15:39:13.477  3666  8547 I am_broadcast_discard_app: [0,145764202,NULL,0,ResolveInfo{772ac5b com.happyelements.AndroidAnimal/com.happyelements.gsp.android.notification.gcn.GcnBroadcastReceiver m=0x0}]
05-13 15:39:16.136  3666  3666 I free_storage_changed: 19257905152
05-13 15:39:16.345  3666  3933 I am_broadcast_discard_app: [0,141536781,android.net.wifi.RSSI_CHANGED,0,ResolveInfo{9a341c2 com.sdu.didi.psnger/com.didi.sdk.receiver.WifiReceiver m=0x108000}]
05-13 15:39:17.334  3666  3933 I am_broadcast_discard_filter: [0,233494938,android.intent.action.SCREEN_ON,21,248552062]
05-13 15:39:17.544  3666  3666 I power_screen_broadcast_done: [1,10311,1]
05-13 15:39:17.589  3666  3666 I notification_enqueue: [10064,8611,com.bbk.iqoo.logsystem,3,NULL,0,Notification(pri=-2 contentView=com.bbk.iqoo.logsystem/0x3030028 vibrate=null sound=null defaults=0x0 flags=0x40 color=0xff607d8b vis=PRIVATE),1]
05-13 15:39:17.604  3666  5840 I notification_autogrouped: 0|com.bbk.iqoo.logsystem|3|null|10064
05-13 15:39:17.609  3666  8542 I notification_autogrouped: 0|com.bbk.iqoo.logsystem|3|null|10064
05-13 15:39:18.495  3666  3666 I notification_enqueue: [1000,3666,android,17040449,NULL,-1,Notification(pri=0 contentView=null vibrate=null sound=null defaults=0x0 flags=0x2 color=0xff06005b category=sys vis=PRIVATE),0]
05-13 15:39:18.500  3666  3666 I notification_enqueue: [1000,3666,android,17040449,NULL,-1,Notification(pri=0 contentView=null vibrate=null sound=null defaults=0x0 flags=0x2 color=0xff06005b category=sys vis=PRIVATE),1]
05-13 15:39:18.502  3666  5871 I notification_autogrouped: -1|android|17040449|null|1000
05-13 15:39:18.503  3666  3666 I notification_enqueue: [1000,3666,android,2147483647,group_key_override,-1,Notification(pri=0 contentView=null vibrate=null sound=null defaults=0x0 flags=0x700 color=0xff06005b groupKey=ranker_bundle vis=PRIVATE),0]
05-13 15:39:18.508  3666  8543 I notification_autogrouped: -1|android|17040449|null|1000
05-13 15:39:18.520  3666  4945 I notification_autogrouped: -1|android|17040449|null|1000
05-13 15:39:18.527  3666  8550 I notification_autogrouped: -1|android|17040449|null|1000
05-13 15:39:18.573  3666  4959 I notification_expansion: [-1|android|17040449|null|1000,0,1,79,73,0]
05-13 15:39:19.358  3666  3933 I am_broadcast_discard_app: [0,197765526,android.net.wifi.RSSI_CHANGED,0,ResolveInfo{68d1917 com.sdu.didi.psnger/com.didi.sdk.receiver.WifiReceiver m=0x108000}]
05-13 15:39:19.463  3666  3666 I notification_enqueue: [1000,3666,android,17040449,NULL,-1,Notification(pri=0 contentView=null vibrate=null sound=null defaults=0x0 flags=0x2 color=0xff06005b category=sys vis=PRIVATE),1]
05-13 15:39:19.473  3666  3666 I notification_canceled: [-1|android|17040449|null|1000,8,979,11,0]
05-13 15:39:19.488  3666 10253 I notification_canceled: [-1|android|2147483647|group_key_override|1000|ranker_bundle,16,985,985,0]
05-13 15:39:19.694   510   510 I sf_frame_dur: [InputMethod,1,0,0,0,0,0,0]
05-13 15:39:22.032  3666  5871 I am_create_task: [0,452]
05-13 15:39:22.032  3666  5871 I am_create_activity: [0,66345594,452,com.p1.mobile.putong/.ui.splash.SplashAct,android.intent.action.MAIN,NULL,NULL,807403520]
05-13 15:39:22.033  3666  5871 I wm_task_created: [452,1]
05-13 15:39:22.033  3666  5871 I wm_task_moved: [452,1,19]
05-13 15:39:22.033  3666  5871 I am_focused_stack: [0,1,0,startedActivity setFocusedActivity]
05-13 15:39:22.034  3666  5871 I wm_task_moved: [452,1,19]
05-13 15:39:22.035  3666  5871 I am_focused_activity: [0,com.p1.mobile.putong/.ui.splash.SplashAct,startedActivity]
05-13 15:39:22.035  3666  5871 I am_pause_activity: [0,101232021,com.bbk.launcher2/.Launcher]
05-13 15:39:22.043  3666  5871 I sysui_action: [323,com.p1.mobile.putong/.ui.splash.SplashAct]
05-13 15:39:22.043  3666  5871 I sysui_action: [324,false]
05-13 15:39:22.043  3666  5871 I sysui_action: [325,178003]
05-13 15:39:22.046  5874  5874 I am_on_paused_called: [0,com.bbk.launcher2.Launcher,handlePauseActivity]
05-13 15:39:22.058  3666  5849 I am_proc_start: [0,17371,10187,com.p1.mobile.putong,activity,com.p1.mobile.putong/.ui.splash.SplashAct]
05-13 15:39:22.065  3666  5840 I am_proc_bound: [0,17371,com.p1.mobile.putong]
05-13 15:39:22.076  3666  5840 I am_restart_activity: [0,66345594,452,com.p1.mobile.putong/.ui.splash.SplashAct]
05-13 15:39:22.367  3666  8542 I am_proc_start: [0,17418,10187,com.p1.mobile.putong:pushservice,service,com.p1.mobile.putong/.api.push.GtPushService]
05-13 15:39:22.369  3666  3933 I am_broadcast_discard_app: [0,197407509,android.net.wifi.RSSI_CHANGED,0,ResolveInfo{158562a com.sdu.didi.psnger/com.didi.sdk.receiver.WifiReceiver m=0x108000}]
05-13 15:39:22.377  3666  4308 I am_proc_bound: [0,17418,com.p1.mobile.putong:pushservice]
05-13 15:39:22.428  3666  8547 I wm_task_moved: [452,1,19]
05-13 15:39:22.428  3666  8547 I wm_task_moved: [452,1,19]
05-13 15:39:22.431  3666  8547 I am_create_activity: [0,260092344,452,com.p1.mobile.putong/.ui.welcome.WelcomeAct,NULL,NULL,NULL,268435456]
05-13 15:39:22.433  3666  8547 I wm_task_moved: [452,1,19]
05-13 15:39:22.434  3666  8547 I am_focused_activity: [0,com.p1.mobile.putong/.ui.welcome.WelcomeAct,startedActivity]
05-13 15:39:22.434  3666  8547 I am_pause_activity: [0,66345594,com.p1.mobile.putong/.ui.splash.SplashAct]
05-13 15:39:22.442  3666  8547 I sysui_action: [323,com.p1.mobile.putong/.ui.splash.SplashAct]
05-13 15:39:22.442  3666  8547 I sysui_action: [324,true]
05-13 15:39:22.442  3666  8547 I sysui_action: [325,178003]
05-13 15:39:22.443  3666  4532 I am_finish_activity: [0,66345594,452,com.p1.mobile.putong/.ui.splash.SplashAct,app-request]
05-13 15:39:22.478  3666  8540 I am_restart_activity: [0,260092344,452,com.p1.mobile.putong/.ui.welcome.WelcomeAct]
05-13 15:39:22.489  3666  3933 I sysui_count: [window_time_0,67]
05-13 15:39:22.593 17371 17371 I am_on_resume_called: [0,com.p1.mobile.putong.ui.welcome.WelcomeAct,LAUNCH_ACTIVITY]
05-13 15:39:22.998  3666  3956 I sysui_action: [320,2]
05-13 15:39:22.998  3666  3956 I sysui_action: [319,573]
05-13 15:39:22.998  3666  3956 I sysui_action: [322,573]
05-13 15:39:22.998  3666  3956 I am_activity_launch_time: [0,260092344,com.p1.mobile.putong/.ui.welcome.WelcomeAct,524,951]
05-13 15:39:23.274  3666  3933 I am_stop_activity: [0,101232021,com.bbk.launcher2/.Launcher]
05-13 15:39:23.274  3666  3933 I am_destroy_activity: [0,66345594,452,com.p1.mobile.putong/.ui.splash.SplashAct,finish-imm]
05-13 15:39:23.277  5874  5874 I am_on_stop_called: [0,com.bbk.launcher2.Launcher,handleStopActivity]
05-13 15:39:23.304   510   510 I sf_frame_dur: [com.bbk.launcher2/com.bbk.launcher2.Launcher,205,5,3,6,5,2,4]
05-13 15:39:24.180  3666  8542 I wm_task_moved: [452,1,19]
05-13 15:39:24.181  3666  8542 I am_create_activity: [0,23459601,452,com.p1.mobile.putong/.ui.accountnew.PhoneNumberInputAct,NULL,NULL,NULL,0]
05-13 15:39:24.182  3666  8542 I wm_task_moved: [452,1,19]
05-13 15:39:24.185  3666  8542 I am_focused_activity: [0,com.p1.mobile.putong/.ui.accountnew.PhoneNumberInputAct,startedActivity]
05-13 15:39:24.186  3666  8542 I am_pause_activity: [0,260092344,com.p1.mobile.putong/.ui.welcome.WelcomeAct]
05-13 15:39:24.206 17371 17371 I am_on_paused_called: [0,com.p1.mobile.putong.ui.welcome.WelcomeAct,handlePauseActivity]
05-13 15:39:24.216  3666  6400 I am_restart_activity: [0,23459601,452,com.p1.mobile.putong/.ui.accountnew.PhoneNumberInputAct]
05-13 15:39:24.229  3666  3933 I sysui_count: [window_time_0,1]
05-13 15:39:24.393 17371 17371 I am_on_resume_called: [0,com.p1.mobile.putong.ui.accountnew.PhoneNumberInputAct,LAUNCH_ACTIVITY]
05-13 15:39:24.476  3666  3956 I am_activity_launch_time: [0,23459601,com.p1.mobile.putong/.ui.accountnew.PhoneNumberInputAct,266,266]
05-13 15:39:24.538  3666  3666 I notification_enqueue: [1000,3666,android,17040449,NULL,-1,Notification(pri=0 contentView=null vibrate=null sound=null defaults=0x0 flags=0x2 color=0xff06005b category=sys vis=PRIVATE),0]
05-13 15:39:24.544  3666  3666 I notification_enqueue: [1000,3666,android,17040449,NULL,-1,Notification(pri=0 contentView=null vibrate=null sound=null defaults=0x0 flags=0x2 color=0xff06005b category=sys vis=PRIVATE),1]
05-13 15:39:24.547  3666  8540 I notification_autogrouped: -1|android|17040449|null|1000
05-13 15:39:24.554  3666  8547 I notification_autogrouped: -1|android|17040449|null|1000
05-13 15:39:24.554  3666  3666 I notification_enqueue: [1000,3666,android,2147483647,group_key_override,-1,Notification(pri=0 contentView=null vibrate=null sound=null defaults=0x0 flags=0x700 color=0xff06005b groupKey=ranker_bundle vis=PRIVATE),0]
05-13 15:39:24.565  3666  4938 I notification_autogrouped: -1|android|17040449|null|1000
05-13 15:39:24.569  3666  3780 I notification_autogrouped: -1|android|17040449|null|1000
05-13 15:39:24.600  3666  8549 I notification_expansion: [-1|android|17040449|null|1000,0,1,62,58,0]
05-13 15:39:24.764  3666  3933 I am_stop_activity: [0,260092344,com.p1.mobile.putong/.ui.welcome.WelcomeAct]
05-13 15:39:24.774 17371 17371 I am_on_stop_called: [0,com.p1.mobile.putong.ui.welcome.WelcomeAct,handleStopActivity]
05-13 15:39:24.792   510   510 I sf_frame_dur: [com.p1.mobile.putong/com.p1.mobile.putong.ui.welcome.WelcomeAct,22,1,0,0,1,1,0]
05-13 15:39:25.394  3666  3933 I am_broadcast_discard_app: [0,62899385,android.net.wifi.RSSI_CHANGED,0,ResolveInfo{6ad50fe com.sdu.didi.psnger/com.didi.sdk.receiver.WifiReceiver m=0x108000}]
05-13 15:39:27.213  3666  4959 I wm_task_moved: [452,1,19]
05-13 15:39:27.215  3666  4959 I am_create_activity: [0,226251643,452,com.p1.mobile.putong/.ui.accountnew.PhoneNumberInputAct,NULL,NULL,NULL,0]
05-13 15:39:27.219  3666  4959 I wm_task_moved: [452,1,19]
05-13 15:39:27.225  3666  4959 I am_focused_activity: [0,com.p1.mobile.putong/.ui.accountnew.PhoneNumberInputAct,startedActivity]
05-13 15:39:27.227  3666  4959 I am_pause_activity: [0,23459601,com.p1.mobile.putong/.ui.accountnew.PhoneNumberInputAct]
05-13 15:39:27.261 17371 17371 I am_on_paused_called: [0,com.p1.mobile.putong.ui.accountnew.PhoneNumberInputAct,handlePauseActivity]
05-13 15:39:27.277  3666  4944 I am_restart_activity: [0,226251643,452,com.p1.mobile.putong/.ui.accountnew.PhoneNumberInputAct]
05-13 15:39:27.291  3666  3933 I sysui_count: [window_time_0,4]
05-13 15:39:27.344 17371 17371 I am_on_resume_called: [0,com.p1.mobile.putong.ui.accountnew.PhoneNumberInputAct,LAUNCH_ACTIVITY]
05-13 15:39:27.424  3666  3666 I notification_canceled: [-1|android|17040449|null|1000,8,2886,2882,0]
05-13 15:39:27.428  3666  8547 I notification_canceled: [-1|android|2147483647|group_key_override|1000|ranker_bundle,16,2880,2880,0]
05-13 15:39:27.430  3666  3956 I am_activity_launch_time: [0,226251643,com.p1.mobile.putong/.ui.accountnew.PhoneNumberInputAct,161,161]
05-13 15:39:27.449   510   510 I sf_frame_dur: [com.p1.mobile.putong/com.p1.mobile.putong.ui.accountnew.PhoneNumberInputAct,52,0,0,0,0,0,0]
05-13 15:39:27.707  3666  3933 I am_stop_activity: [0,23459601,com.p1.mobile.putong/.ui.accountnew.PhoneNumberInputAct]
05-13 15:39:27.709 17371 17371 I am_on_stop_called: [0,com.p1.mobile.putong.ui.accountnew.PhoneNumberInputAct,handleStopActivity]
05-13 15:39:27.734   510   510 I sf_frame_dur: [com.p1.mobile.putong/com.p1.mobile.putong.ui.accountnew.PhoneNumberInputAct,72,4,1,1,2,0,0]
05-13 15:39:28.418  3666  3933 I am_broadcast_discard_app: [0,259074907,android.net.wifi.RSSI_CHANGED,0,ResolveInfo{1c75ff8 com.sdu.didi.psnger/com.didi.sdk.receiver.WifiReceiver m=0x108000}]
05-13 15:39:31.439  3666  3933 I am_broadcast_discard_app: [0,88741129,android.net.wifi.RSSI_CHANGED,0,ResolveInfo{e9e30e com.sdu.didi.psnger/com.didi.sdk.receiver.WifiReceiver m=0x108000}]
05-13 15:39:34.464  3666  3933 I am_broadcast_discard_app: [0,250075669,android.net.wifi.RSSI_CHANGED,0,ResolveInfo{e68712a com.sdu.didi.psnger/com.didi.sdk.receiver.WifiReceiver m=0x108000}]
05-13 15:39:35.771  3666  8546 I am_proc_died: [0,9841,com.eg.android.AlipayGphone]
05-13 15:39:35.772  3666  8546 I am_schedule_service_restart: [0,com.eg.android.AlipayGphone/com.alipay.android.launcher.service.LauncherService,1000]
05-13 15:39:37.485  3666  3933 I am_broadcast_discard_app: [0,37909604,android.net.wifi.RSSI_CHANGED,0,ResolveInfo{f1a36cd com.sdu.didi.psnger/com.didi.sdk.receiver.WifiReceiver m=0x108000}]
05-13 15:39:38.115   510   510 I sf_frame_dur: [com.p1.mobile.putong/com.p1.mobile.putong.ui.accountnew.PhoneNumberInputAct,3,0,0,0,0,0,0]
05-13 15:39:40.503  3666  3933 I am_broadcast_discard_app: [0,53464202,android.net.wifi.RSSI_CHANGED,0,ResolveInfo{86852fb com.sdu.didi.psnger/com.didi.sdk.receiver.WifiReceiver m=0x108000}]
05-13 15:39:41.290   510   510 I sf_frame_dur: [InputMethod,42,24,43,16,3,1,2]
05-13 15:39:42.303  3666  8550 I wm_task_moved: [452,1,19]
05-13 15:39:42.304  3666  8550 I am_create_activity: [0,127601065,452,com.p1.mobile.putong/.ui.accountnew.VerifyCodeInputAct,NULL,NULL,NULL,0]
05-13 15:39:42.306  3666  8550 I wm_task_moved: [452,1,19]
05-13 15:39:42.307  3666  8550 I am_focused_activity: [0,com.p1.mobile.putong/.ui.accountnew.VerifyCodeInputAct,startedActivity]
05-13 15:39:42.308  3666  8550 I am_pause_activity: [0,226251643,com.p1.mobile.putong/.ui.accountnew.PhoneNumberInputAct]
05-13 15:39:42.317 17371 17371 I am_on_paused_called: [0,com.p1.mobile.putong.ui.accountnew.PhoneNumberInputAct,handlePauseActivity]
05-13 15:39:42.323  3666 10260 I am_restart_activity: [0,127601065,452,com.p1.mobile.putong/.ui.accountnew.VerifyCodeInputAct]
05-13 15:39:42.336  3666  3933 I sysui_count: [window_time_0,15]
05-13 15:39:42.373 17371 17371 I am_on_resume_called: [0,com.p1.mobile.putong.ui.accountnew.VerifyCodeInputAct,LAUNCH_ACTIVITY]
05-13 15:39:42.474  3666  3956 I am_activity_launch_time: [0,127601065,com.p1.mobile.putong/.ui.accountnew.VerifyCodeInputAct,155,155]
05-13 15:39:42.527  3666  3666 I notification_enqueue: [1000,3666,android,17040449,NULL,-1,Notification(pri=0 contentView=null vibrate=null sound=null defaults=0x0 flags=0x2 color=0xff06005b category=sys vis=PRIVATE),0]
05-13 15:39:42.531  3666  3666 I notification_enqueue: [1000,3666,android,17040449,NULL,-1,Notification(pri=0 contentView=null vibrate=null sound=null defaults=0x0 flags=0x2 color=0xff06005b category=sys vis=PRIVATE),1]
05-13 15:39:42.540  3666  4530 I notification_autogrouped: -1|android|17040449|null|1000
05-13 15:39:42.542  3666  5871 I notification_autogrouped: -1|android|17040449|null|1000
05-13 15:39:42.543  3666  3666 I notification_enqueue: [1000,3666,android,2147483647,group_key_override,-1,Notification(pri=0 contentView=null vibrate=null sound=null defaults=0x0 flags=0x700 color=0xff06005b groupKey=ranker_bundle vis=PRIVATE),0]
05-13 15:39:42.551  3666  8540 I notification_autogrouped: -1|android|17040449|null|1000
05-13 15:39:42.555  3666  4938 I notification_autogrouped: -1|android|17040449|null|1000
05-13 15:39:42.582  3666  6400 I notification_expansion: [-1|android|17040449|null|1000,0,1,55,53,0]
05-13 15:39:42.678   510   510 I sf_frame_dur: [com.p1.mobile.putong/com.p1.mobile.putong.ui.accountnew.VerifyCodeInputAct,1,0,0,0,0,0,0]
05-13 15:39:42.767  3666  3933 I am_stop_activity: [0,226251643,com.p1.mobile.putong/.ui.accountnew.PhoneNumberInputAct]
05-13 15:39:42.769 17371 17371 I am_on_stop_called: [0,com.p1.mobile.putong.ui.accountnew.PhoneNumberInputAct,handleStopActivity]
05-13 15:39:42.795   510   510 I sf_frame_dur: [com.p1.mobile.putong/com.p1.mobile.putong.ui.accountnew.PhoneNumberInputAct,141,9,7,31,9,4,0]
05-13 15:39:43.516  3666  3933 I am_broadcast_discard_app: [0,53571472,android.net.wifi.RSSI_CHANGED,0,ResolveInfo{56a9089 com.sdu.didi.psnger/com.didi.sdk.receiver.WifiReceiver m=0x108000}]
05-13 15:39:44.041  3666  8543 I am_wtf  : [0,3666,system_server,-1,ActivityManager,Sending non-protected broadcast android.intent.action.START_FLASH_ACTION from system 4953:com.android.phone/1001 pkg com.android.phone]
05-13 15:39:44.049  3666  3934 I am_wtf  : [0,3666,system_server,-1,ActivityManager,Sending non-protected broadcast vivo.intent.action.CHECK_ALERT_WINDOW from system 3666:system/1000 pkg android]
05-13 15:39:44.051  3666  3934 I am_wtf  : [0,3666,system_server,-1,ActivityManager,Sending non-protected broadcast vivo.intent.action.CHECK_ALERT_WINDOW from system 3666:system/1000 pkg android]
05-13 15:39:44.068  3666  4532 I am_wtf  : [0,3666,system_server,-1,ActivityManager,Sending non-protected broadcast launcher.action.CHANGE_APPLICATION_NOTIFICATION_NUM from system 4953:com.android.phone/1001 pkg com.android.phone]
05-13 15:39:44.126  3666  4969 I am_wtf  : [0,3666,system_server,-1,ActivityManager,Sending non-protected broadcast android.no.read.BBKLockScreen.MSG from system 4953:com.android.phone/1001 pkg com.android.phone]
05-13 15:39:44.128  3666  4969 I am_wtf  : [0,3666,system_server,-1,ActivityManager,Sending non-protected broadcast android.no.read.BBKLockScreen.MSG from system 4953:com.android.phone/1001 pkg com.android.phone]
05-13 15:39:44.265  3666  4944 I am_proc_start: [0,17747,10016,com.android.mms,content provider,com.android.mms/.provider.ConfigProvider]
05-13 15:39:44.265  3666  5840 I am_proc_died: [0,16736,com.iqoo.engineermode]
05-13 15:39:44.270  3666  5840 I am_mem_factor: [1,0]
05-13 15:39:44.287  3666  4959 I am_proc_bound: [0,17747,com.android.mms]
05-13 15:39:44.589  3666 10255 I am_proc_died: [0,15511,com.vivo.weather.provider]
05-13 15:39:44.656  3666  5849 I am_proc_died: [0,17028,com.bbk.facewake]
05-13 15:39:44.671  3666  4532 I am_proc_died: [0,15246,com.bbk.updater]
05-13 15:39:44.690  3666  3666 I notification_enqueue: [1001,4953,com.android.mms.service,10001,NULL,0,Notification(pri=0 contentView=null vibrate=default sound=content://media/internal/audio/media/26 tick defaults=0x6 flags=0x1 color=0x00000000 category=msg actions=2 vis=PRIVATE),0]
05-13 15:39:44.690  3666  3666 I sysui_histogram: [validate_people_cache_latency,0]
05-13 15:39:44.718  3666  3666 I notification_alert: [0|com.android.mms.service|10001|null|1001,1,1,1]
05-13 15:39:44.753  3666  4945 I notification_autogrouped: 0|com.android.mms.service|10001|null|1001
05-13 15:39:44.754  3666  3666 I notification_enqueue: [1001,4953,com.android.mms.service,2147483647,group_key_override,0,Notification(pri=0 contentView=null vibrate=null sound=null defaults=0x0 flags=0x700 color=0x00000000 groupKey=ranker_bundle vis=PRIVATE),0]
05-13 15:39:44.760  3666  8545 I notification_autogrouped: 0|com.android.mms.service|10001|null|1001
05-13 15:39:44.813  3666  4300 I sysui_histogram: [validate_people_lookup_latency,123]
05-13 15:39:44.816  3666  4300 I sysui_histogram: [validate_people_cache_latency,0]
05-13 15:39:44.838  3666  8546 I am_proc_died: [0,22245,com.bbk.appstore]
05-13 15:39:44.840  3666  8546 I am_schedule_service_restart: [0,com.bbk.appstore/.openinterface.OpenRemoteService,1000]
05-13 15:39:44.840  3666  8546 I am_schedule_service_restart: [0,com.bbk.appstore/.update.PushService,11000]
05-13 15:39:44.861  4603  4603 I sysui_count: [note_peek,1]
05-13 15:39:44.870  3666  4530 I notification_panel_revealed: 1
05-13 15:39:44.917  3666  8550 I notification_expansion: [0|com.android.mms.service|10001|null|1001,0,1,227,227,0]
05-13 15:39:45.375  3666  8549 I am_proc_died: [0,15676,com.vivo.weather:remote]
05-13 15:39:45.637   510   510 I sf_frame_dur: [,0,0,0,1,0,1,0]
05-13 15:39:45.743  3666  8546 I notification_visibility: [0|com.android.mms.service|10001|null|1001,1,1053,1053,0,1]
05-13 15:39:45.936  3666  3933 I am_proc_start: [0,17802,10030,com.bbk.appstore,service,com.bbk.appstore/.openinterface.OpenRemoteService]
05-13 15:39:45.949  3666  5840 I am_proc_bound: [0,17802,com.bbk.appstore]
05-13 15:39:46.527  3666  3933 I am_broadcast_discard_app: [0,181158412,android.net.wifi.RSSI_CHANGED,0,ResolveInfo{65ff755 com.sdu.didi.psnger/com.didi.sdk.receiver.WifiReceiver m=0x108000}]
05-13 15:39:49.546  3666  3933 I am_broadcast_discard_app: [0,7713745,android.net.wifi.RSSI_CHANGED,0,ResolveInfo{38d6e36 com.sdu.didi.psnger/com.didi.sdk.receiver.WifiReceiver m=0x108000}]
05-13 15:39:49.992  3666  3666 I notification_canceled: [-1|android|17040449|null|1000,8,7465,7463,0]
05-13 15:39:50.000  3666  8546 I notification_canceled: [-1|android|2147483647|group_key_override|1000|ranker_bundle,16,7460,7460,0]
05-13 15:39:50.002  3666  4300 I sysui_histogram: [validate_people_cache_latency,0]
05-13 15:39:50.014  3666  4300 I sysui_histogram: [validate_people_cache_latency,0]
05-13 15:39:50.020  3666  8545 I wm_task_moved: [452,1,19]
05-13 15:39:50.022  3666  8545 I am_create_activity: [0,96090050,452,com.p1.mobile.putong/.ui.accountnew.PasswordResetNewAct,NULL,NULL,NULL,0]
05-13 15:39:50.042  3666  8545 I wm_task_moved: [452,1,19]
05-13 15:39:50.045  3666  8545 I am_focused_activity: [0,com.p1.mobile.putong/.ui.accountnew.PasswordResetNewAct,startedActivity]
05-13 15:39:50.046  3666  8545 I am_pause_activity: [0,127601065,com.p1.mobile.putong/.ui.accountnew.VerifyCodeInputAct]
05-13 15:39:50.064  3666  4803 I am_finish_activity: [0,127601065,452,com.p1.mobile.putong/.ui.accountnew.VerifyCodeInputAct,app-request]
05-13 15:39:50.082 17371 17371 I am_on_paused_called: [0,com.p1.mobile.putong.ui.accountnew.VerifyCodeInputAct,handlePauseActivity]
05-13 15:39:50.116  3666  5849 I am_restart_activity: [0,96090050,452,com.p1.mobile.putong/.ui.accountnew.PasswordResetNewAct]
05-13 15:39:50.128  3666  3933 I sysui_count: [window_time_0,7]
05-13 15:39:50.162 17371 17371 I am_on_resume_called: [0,com.p1.mobile.putong.ui.accountnew.PasswordResetNewAct,LAUNCH_ACTIVITY]
05-13 15:39:50.184   510   510 I sf_frame_dur: [com.p1.mobile.putong/com.p1.mobile.putong.ui.accountnew.VerifyCodeInputAct,3,0,0,0,0,0,0]
05-13 15:39:50.234   510   510 I sf_frame_dur: [InputMethod,1,0,4,0,1,1,1]
05-13 15:39:50.236  3666  3956 I am_activity_launch_time: [0,96090050,com.p1.mobile.putong/.ui.accountnew.PasswordResetNewAct,126,126]
05-13 15:39:50.525  3666  3933 I am_destroy_activity: [0,127601065,452,com.p1.mobile.putong/.ui.accountnew.VerifyCodeInputAct,finish-imm]
05-13 15:39:50.528 17371 17371 I am_on_stop_called: [0,com.p1.mobile.putong.ui.accountnew.VerifyCodeInputAct,destroy]
05-13 15:39:50.537   510   510 I sf_frame_dur: [com.p1.mobile.putong/com.p1.mobile.putong.ui.accountnew.VerifyCodeInputAct,19,2,4,1,2,4,2]
05-13 15:39:50.588  3666  8544 I notification_expansion: [0|com.android.mms.service|10001|null|1001,0,0,5898,5898,4845]
05-13 15:39:50.620  3666  3780 I notification_visibility: [0|com.android.mms.service|10001|null|1001,0,5929,5929,0,1]
05-13 15:39:50.621  3666  5871 I notification_panel_hidden: []
05-13 15:39:52.571  3666  3933 I am_broadcast_discard_app: [0,158453080,android.net.wifi.RSSI_CHANGED,0,ResolveInfo{c156eb1 com.sdu.didi.psnger/com.didi.sdk.receiver.WifiReceiver m=0x108000}]
05-13 15:39:55.595  3666  3933 I am_broadcast_discard_app: [0,246541747,android.net.wifi.RSSI_CHANGED,0,ResolveInfo{3a0ef70 com.sdu.didi.psnger/com.didi.sdk.receiver.WifiReceiver m=0x108000}]
05-13 15:39:57.370  3666  3778 I am_finish_activity: [0,260092344,452,com.p1.mobile.putong/.ui.welcome.WelcomeAct,app-request]
05-13 15:39:57.373  3666  3778 I am_destroy_activity: [0,260092344,452,com.p1.mobile.putong/.ui.welcome.WelcomeAct,finish-imm]
05-13 15:39:57.375  3666 10261 I am_finish_activity: [0,23459601,452,com.p1.mobile.putong/.ui.accountnew.PhoneNumberInputAct,app-request]
