05-11 16:24:40.625  3843  8736 I am_restart_activity: [0,146428071,143,com.tencent.reading/com.tencent.news.push.alive.offactivity.HollowActivity]
05-11 16:24:40.627  3843  8736 I am_pause_activity: [0,146428071,com.tencent.reading/com.tencent.news.push.alive.offactivity.HollowActivity]
05-11 16:24:40.630  3843  8736 I sysui_action: [323,com.tencent.reading/com.tencent.news.push.alive.offactivity.HollowActivity]
05-11 16:24:40.630  3843  8736 I sysui_action: [324,true]
05-11 16:24:40.630  3843  8736 I sysui_action: [325,18497]
05-11 16:24:40.648  5036  5036 I am_on_resume_called: [0,com.tencent.news.push.alive.offactivity.HollowActivity,LAUNCH_ACTIVITY]
05-11 16:24:40.652  5036  5036 I am_on_paused_called: [0,com.tencent.news.push.alive.offactivity.HollowActivity,handlePauseActivity]
05-11 16:24:40.653  3843  3882 I am_stop_activity: [0,146428071,com.tencent.reading/com.tencent.news.push.alive.offactivity.HollowActivity]
05-11 16:24:40.655  3843  3882 I sysui_count: [window_time_0,88]
05-11 16:24:40.675  5036  5036 I am_on_stop_called: [0,com.tencent.news.push.alive.offactivity.HollowActivity,sleeping]
05-11 16:24:40.699  3843  3915 I sysui_action: [322,101]
05-11 16:24:40.699  3843  3915 I am_activity_launch_time: [0,146428071,com.tencent.reading/com.tencent.news.push.alive.offactivity.HollowActivity,71,78]
05-11 16:24:42.413  3843  8736 I am_new_intent: [0,230327483,143,com.tencent.reading/com.tencent.news.push.alive.offactivity.HollowActivity,NULL,NULL,NULL,276824064]
05-11 16:24:42.414  3843  8736 I wm_task_moved: [143,1,11]
05-11 16:24:42.421  3843  8736 I am_resume_activity: [0,146428071,143,com.tencent.reading/com.tencent.news.push.alive.offactivity.HollowActivity]
05-11 16:24:42.481  3843  8736 I am_pause_activity: [0,146428071,com.tencent.reading/com.tencent.news.push.alive.offactivity.HollowActivity]
05-11 16:24:42.493  3843  8736 I sysui_action: [323,com.tencent.reading/com.tencent.news.push.alive.offactivity.HollowActivity]
05-11 16:24:42.493  3843  8736 I sysui_action: [324,true]
05-11 16:24:42.494  3843  8736 I sysui_action: [325,18499]
05-11 16:24:42.495  3843  3915 I sysui_action: [320,3]
05-11 16:24:42.495  3843  3915 I sysui_action: [319,93]
05-11 16:24:42.498  5036  5036 I am_on_resume_called: [0,com.tencent.news.push.alive.offactivity.HollowActivity,RESUME_ACTIVITY]
05-11 16:24:42.500  5036  5036 I am_on_paused_called: [0,com.tencent.news.push.alive.offactivity.HollowActivity,handlePauseActivity]
05-11 16:24:42.504  3843  3882 I am_stop_activity: [0,146428071,com.tencent.reading/com.tencent.news.push.alive.offactivity.HollowActivity]
05-11 16:24:42.517  5036  5036 I am_on_stop_called: [0,com.tencent.news.push.alive.offactivity.HollowActivity,sleeping]
05-11 16:24:44.977  3843  3881 I am_pss  : [30217,10045,com.vivo.weather.provider,12631040,10596352,0]
05-11 16:24:45.097  4538  4538 I sysui_view_visibility: [111,100]
05-11 16:24:45.118  4538  4538 I sysui_status_bar_state: [1,1,0,0,1,0]
05-11 16:24:45.147  3843  3866 I am_wtf  : [0,3843,system_server,-1,ActivityManager,Sending non-protected broadcast action.com.vlife.provider.sync from system 4538:com.android.systemui/u0a24 pkg com.android.systemui]
05-11 16:24:45.148  3843  3866 I am_wtf  : [0,3843,system_server,-1,ActivityManager,Sending non-protected broadcast action.com.vlife.provider.sync from system 4538:com.android.systemui/u0a24 pkg com.android.systemui]
05-11 16:24:45.151  3843 21049 I am_wtf  : [0,3843,system_server,-1,ActivityManager,Sending non-protected broadcast action.com.vlife.provider.sync from system 4538:com.android.systemui/u0a24 pkg com.android.systemui]
05-11 16:24:45.153  3843 21049 I am_wtf  : [0,3843,system_server,-1,ActivityManager,Sending non-protected broadcast action.com.vlife.provider.sync from system 4538:com.android.systemui/u0a24 pkg com.android.systemui]
05-11 16:24:45.176  3843 21044 I am_proc_start: [0,14036,10089,com.vlife.vivo.wallpaper:main,service,com.vlife.vivo.wallpaper/com.vlife.TService]
05-11 16:24:45.196  3843  8737 I am_wtf  : [0,3843,system_server,-1,ActivityManager,Sending non-protected broadcast action.com.vlife.provider.sync from system 4538:com.android.systemui/u0a24 pkg com.android.systemui]
05-11 16:24:45.198  3843  8737 I am_wtf  : [0,3843,system_server,-1,ActivityManager,Sending non-protected broadcast action.com.vlife.provider.sync from system 4538:com.android.systemui/u0a24 pkg com.android.systemui]
05-11 16:24:45.199  3843 21046 I am_proc_bound: [0,14036,com.vlife.vivo.wallpaper:main]
05-11 16:24:45.208  3843  3865 I am_wtf  : [0,3843,system_server,-1,ActivityManager,Sending non-protected broadcast action.com.vlife.provider.sync from system 4538:com.android.systemui/u0a24 pkg com.android.systemui]
05-11 16:24:45.210  3843  3865 I am_wtf  : [0,3843,system_server,-1,ActivityManager,Sending non-protected broadcast action.com.vlife.provider.sync from system 4538:com.android.systemui/u0a24 pkg com.android.systemui]
05-11 16:24:45.254  3843 21046 I notification_expansion: [0|android|10011|null|1000,0,0,1726896,1726896,0]
05-11 16:24:45.255  3843  8736 I notification_expansion: [0|android|110110|null|1000,0,0,1726904,1726904,0]
05-11 16:24:45.257  3843  4788 I notification_expansion: [0|com.android.bbklog|2147483647|group_key_override|1000|ranker_bundle,0,1,2350287,2350287,1846978]
05-11 16:24:45.259  3843 21050 I notification_expansion: [0|com.bbk.facewake|2147483647|group_key_override|1000|ranker_bundle,0,1,6774475,6774475,1846980]
05-11 16:24:45.260  3843 21038 I notification_expansion: [0|com.vivo.abe|2147483647|group_key_override|1000|ranker_bundle,0,1,7384765,7384765,1846982]
05-11 16:24:46.597  3843  3843 I free_storage_changed: 9256226816
05-11 16:24:49.462  3843  3843 I sysui_histogram: [fingerprint_token,0]
05-11 16:24:51.529  3843  3881 I am_pss  : [7656,10063,com.iqoo.secure:remote,38483968,37482496,0]
05-11 16:25:24.730  3843  3843 I sysui_histogram: [fingerprint_token,0]
05-11 16:25:26.017  3843  3881 I am_pss  : [5036,10171,com.tencent.reading:PushService,15595520,10461184,0]
05-11 16:25:26.067  3843  3881 I am_pss  : [5814,1000,com.vivo.doubleinstance,5656576,5144576,0]
05-11 16:25:26.106  3843  3881 I am_pss  : [5321,1000,com.bbk.facewake,10589184,8953856,0]
05-11 16:25:58.182  3843  4812 I battery_level: [100,4374,330]
05-11 16:26:16.040  3843  3843 I notification_cancel_all: [1000,3843,com.android.mtp,0,0,0,5,NULL]
05-11 16:26:16.083  3843  3881 I am_pss  : [14036,10089,com.vlife.vivo.wallpaper:main,9357312,7311360,0]
05-11 16:26:16.093  3843 21321 I am_broadcast_discard_app: [0,77041828,android.intent.action.PACKAGE_RESTARTED,4,ResolveInfo{572be0d com.jingdong.app.mall/.broadcastReceiver.AppStateRecevier m=0x208000}]
05-11 16:26:16.412  3843 21038 I am_kill : [0,11566,android.ext.services,100,stop android.ext.services]
05-11 16:26:16.413  3843 21038 I am_schedule_service_restart: [0,android.ext.services/.notification.Ranker,1000]
05-11 16:26:16.421  3843  3843 I notification_cancel_all: [1000,3843,android.ext.services,0,0,0,5,NULL]
05-11 16:26:16.478  3843  3843 I am_proc_start: [0,14273,10013,android.ext.services,service,android.ext.services/.notification.Ranker]
05-11 16:26:16.483  3843  8740 I am_broadcast_discard_app: [0,75094995,android.intent.action.PACKAGE_RESTARTED,4,ResolveInfo{77c622f com.jingdong.app.mall/.broadcastReceiver.AppStateRecevier m=0x208000}]
05-11 16:26:16.507  3843 21045 I am_proc_bound: [0,14273,android.ext.services]
05-11 16:26:16.588  3843  4788 I notification_autogrouped: 0|android|10011|null|1000
05-11 16:26:16.591  3843  4812 I notification_autogrouped: 0|android|10011|null|1000
05-11 16:26:16.594  3843 21037 I notification_autogrouped: 0|android|110110|null|1000
05-11 16:26:16.596  3843  8739 I notification_autogrouped: 0|android|110110|null|1000
05-11 16:26:16.596  3843  8739 I notification_autogrouped: 0|android|10011|null|1000
05-11 16:26:16.600  3843 21043 I notification_autogrouped: 0|com.android.bbklog|1|null|1000
05-11 16:26:16.602  3843  8741 I notification_autogrouped: 0|com.android.bbklog|1|null|1000
05-11 16:26:16.605  3843  4698 I notification_autogrouped: 0|com.bbk.facewake|10001|null|1000
05-11 16:26:16.608  3843  8740 I notification_autogrouped: 0|com.bbk.facewake|10001|null|1000
05-11 16:26:16.612  3843 21047 I notification_autogrouped: 0|com.vivo.abe|1002001|null|1000
05-11 16:26:16.615  3843 21044 I notification_autogrouped: 0|com.vivo.abe|1002001|null|1000
05-11 16:26:16.619  3843 21048 I notification_autogrouped: 0|com.bbk.iqoo.logsystem|3|null|10064
05-11 16:26:16.622  3843  8737 I notification_autogrouped: 0|com.bbk.iqoo.logsystem|3|null|10064
05-11 16:26:18.999  3843  3843 I notification_cancel_all: [1000,3843,com.oma.drm.server,0,0,0,5,NULL]
05-11 16:26:19.048  3843  4699 I am_broadcast_discard_app: [0,184751898,android.intent.action.PACKAGE_RESTARTED,4,ResolveInfo{976f24b com.jingdong.app.mall/.broadcastReceiver.AppStateRecevier m=0x208000}]
05-11 16:26:34.734  3843  3881 I am_pss  : [10606,10034,com.bbk.launcher2,102277120,99606528,0]
05-11 16:26:34.766  3843  3881 I am_pss  : [7245,10081,com.vivo.safecenter,8801280,8241152,0]
05-11 16:26:37.487  3843  3881 I am_pss  : [14273,10013,android.ext.services,4270080,2617344,0]
05-11 16:27:10.937  3843  3843 I notification_enqueue: [10064,5143,com.bbk.iqoo.logsystem,3,NULL,0,Notification(pri=-2 contentView=com.bbk.iqoo.logsystem/0x3030028 vibrate=null sound=null defaults=0x0 flags=0x40 color=0xff607d8b vis=PRIVATE),1]
05-11 16:27:10.963  3843  4699 I notification_autogrouped: 0|com.bbk.iqoo.logsystem|3|null|10064
05-11 16:27:10.964  3843  3881 I am_pss  : [7656,10063,com.iqoo.secure:remote,38489088,37486592,0]
05-11 16:27:10.966  3843 21043 I notification_autogrouped: 0|com.bbk.iqoo.logsystem|3|null|10064
05-11 16:27:11.028  3843  8741 I am_new_intent: [0,156598007,143,com.tencent.reading/com.tencent.news.push.alive.offactivity.HollowActivity,NULL,NULL,NULL,276824064]
05-11 16:27:11.029  3843  8741 I wm_task_moved: [143,1,11]
05-11 16:27:11.033  3843  8741 I am_resume_activity: [0,146428071,143,com.tencent.reading/com.tencent.news.push.alive.offactivity.HollowActivity]
05-11 16:27:11.072  3843  8741 I am_pause_activity: [0,146428071,com.tencent.reading/com.tencent.news.push.alive.offactivity.HollowActivity]
05-11 16:27:11.080  3843  8741 I sysui_action: [323,com.tencent.reading/com.tencent.news.push.alive.offactivity.HollowActivity]
05-11 16:27:11.080  3843  8741 I sysui_action: [324,true]
05-11 16:27:11.080  3843  8741 I sysui_action: [325,18647]
05-11 16:27:11.091  5036  5036 I am_on_resume_called: [0,com.tencent.news.push.alive.offactivity.HollowActivity,RESUME_ACTIVITY]
05-11 16:27:11.103  5036  5036 I am_on_paused_called: [0,com.tencent.news.push.alive.offactivity.HollowActivity,handlePauseActivity]
05-11 16:27:11.109  3843  3882 I am_stop_activity: [0,146428071,com.tencent.reading/com.tencent.news.push.alive.offactivity.HollowActivity]
05-11 16:27:11.110  5036  5036 I am_on_stop_called: [0,com.tencent.news.push.alive.offactivity.HollowActivity,sleeping]
05-11 16:27:14.439  3843  4126 I sysui_histogram: [power_double_tap_interval,186201]
05-11 16:27:14.443  3843  3843 I power_screen_state: [1,0,0,0]
05-11 16:27:14.443  3843  3843 I screen_toggled: 1
05-11 16:27:14.447  3843  3843 I power_screen_broadcast_send: 1
05-11 16:27:14.450  4538  4538 I sysui_histogram: [note_load,10]
05-11 16:27:14.451  3843  8624 I notification_panel_revealed: 10
05-11 16:27:14.572  3843 21050 I am_wtf  : [0,3843,system_server,-1,ActivityManager,Sending non-protected broadcast com.vivo.updater.action.SCREEN_ON from system 4700:com.vivo.daemonService/1000 pkg com.vivo.daemonService]
05-11 16:27:14.701   512   512 I sf_frame_dur: [ColorFade,2,0,0,0,0,0,0]
05-11 16:27:14.819  3843  5710 I am_finish_activity: [0,146428071,143,com.tencent.reading/com.tencent.news.push.alive.offactivity.HollowActivity,app-request]
05-11 16:27:14.820  3843  5710 I am_focused_stack: [0,0,1,finishActivity adjustFocus setFocusedActivity]
05-11 16:27:14.820  3843  5710 I wm_task_moved: [34,1,1]
05-11 16:27:14.823  3843  5710 I am_focused_activity: [0,com.bbk.launcher2/.Launcher,finishActivity adjustFocus]
05-11 16:27:14.830  3843  5710 I am_destroy_activity: [0,146428071,143,com.tencent.reading/com.tencent.news.push.alive.offactivity.HollowActivity,finish-imm]
05-11 16:27:14.854  3843 21321 I wm_task_removed: [143,removeAppToken: last token]
05-11 16:27:14.854  3843 21321 I wm_task_removed: [143,removeTask]
05-11 16:27:14.862  3843 21321 I am_resume_activity: [0,12450827,34,com.bbk.launcher2/.Launcher]
05-11 16:27:14.890 10606 10606 I am_on_resume_called: [0,com.bbk.launcher2.Launcher,RESUME_ACTIVITY]
05-11 16:27:14.913  3843  3843 I power_screen_broadcast_done: [1,466,1]
05-11 16:27:15.438  3843  3843 I sysui_action: [252,true]
05-11 16:27:15.503  4538  4554 I screen_toggled: 2
05-11 16:27:15.515  4538  4538 I sysui_status_bar_state: [1,0,0,0,1,0]
05-11 16:27:15.527  4538  4538 I sysui_view_visibility: [111,0]
05-11 16:27:15.547  3843  3882 I am_broadcast_discard_app: [0,27432561,android.intent.action.USER_PRESENT,0,ResolveInfo{876ac56 cn.wps.moffice_eng/cn.wps.moffice.service.receivers.MonitorServiceReceiver p=2147483647 m=0x108000}]
05-11 16:27:15.548  3843  3882 I am_broadcast_discard_app: [0,27432561,android.intent.action.USER_PRESENT,1,ResolveInfo{38dc4d7 com.eg.android.AlipayGphone/com.alipay.pushsdk.BroadcastActionReceiver p=2147483647 m=0x108000}]
05-11 16:27:15.551  3843  3882 I am_broadcast_discard_app: [0,27432561,android.intent.action.USER_PRESENT,2,ResolveInfo{f7928ad com.jingdong.app.mall/com.tencent.android.tpush.XGPushReceiver p=2147483647 m=0x108000}]
05-11 16:27:15.552  3843  3882 I am_broadcast_discard_app: [0,27432561,android.intent.action.USER_PRESENT,3,ResolveInfo{3c937e2 com.qq.ac.android/com.tencent.android.tpush.XGPushReceiver p=2147483647 m=0x108000}]
05-11 16:27:15.553  3843  3882 I am_broadcast_discard_app: [0,27432561,android.intent.action.USER_PRESENT,4,ResolveInfo{67fd773 com.sina.news/.receiver.UserPresentReceiver p=2147483647 m=0x108000}]
05-11 16:27:15.556  3843  3866 I notification_expansion: [0|android|10011|null|1000,0,1,1877198,1877198,0]
05-11 16:27:15.556  3843  4786 I notification_expansion: [0|android|110110|null|1000,0,1,1877205,1877205,0]
05-11 16:27:15.557  3843  8624 I notification_expansion: [0|com.android.bbklog|2147483647|group_key_override|1000|ranker_bundle,0,1,2500587,2500587,1997278]
05-11 16:27:15.557  3843  4812 I notification_expansion: [0|com.bbk.facewake|2147483647|group_key_override|1000|ranker_bundle,0,1,6924773,6924773,1997278]
05-11 16:27:15.558  3843  8740 I notification_expansion: [0|com.vivo.abe|2147483647|group_key_override|1000|ranker_bundle,0,1,7535063,7535063,1997280]
05-11 16:27:15.562  3843 21043 I am_broadcast_discard_app: [0,27432561,android.intent.action.USER_PRESENT,7,ResolveInfo{2aca2a9 com.audiocn.kalaok/com.eguan.monitor.receiver.SystemStartReceiver p=9999 m=0x108000}]
05-11 16:27:15.565  3843  3882 I am_broadcast_discard_app: [0,27432561,android.intent.action.USER_PRESENT,8,ResolveInfo{4c6f02e com.changba/com.eguan.drivermonitor.receiver.SystemStartReceiver p=1000 m=0x108000}]
05-11 16:27:15.602  3843  8624 I am_broadcast_discard_app: [0,27432561,android.intent.action.USER_PRESENT,17,ResolveInfo{9f4fde1 air.tv.douyu.android/com.taobao.accs.EventReceiver m=0x108000}]
05-11 16:27:15.602  3843  3882 I am_broadcast_discard_app: [0,27432561,android.intent.action.USER_PRESENT,18,ResolveInfo{fb0d706 cn.wps.moffice_eng/com.igexin.sdk.PushReceiver m=0x108000}]
05-11 16:27:15.604  3843  3882 I am_broadcast_discard_app: [0,27432561,android.intent.action.USER_PRESENT,19,ResolveInfo{47391c7 com.Qunar/com.igexin.sdk.PushReceiver m=0x108000}]
05-11 16:27:15.606  3843  3882 I am_broadcast_discard_app: [0,27432561,android.intent.action.USER_PRESENT,20,ResolveInfo{289e3f4 com.audiocn.kalaok/com.audiocn.karaoke.phone.notification.NotificationReceiver m=0x108000}]
05-11 16:27:15.607  3843  3882 I am_broadcast_discard_app: [0,27432561,android.intent.action.USER_PRESENT,21,ResolveInfo{ae2971d com.audiocn.kalaok/com.igexin.sdk.PushReceiver m=0x108000}]
05-11 16:27:15.607  3843  3882 I am_broadcast_discard_app: [0,27432561,android.intent.action.USER_PRESENT,22,ResolveInfo{9f35d92 com.audiocn.kalaok/com.taobao.accs.EventReceiver m=0x108000}]
05-11 16:27:15.608  3843  3882 I am_broadcast_discard_app: [0,27432561,android.intent.action.USER_PRESENT,23,ResolveInfo{40d8363 com.autonavi.minimap/com.taobao.accs.EventReceiver m=0x108000}]
05-11 16:27:15.609  3843  3882 I am_broadcast_discard_app: [0,27432561,android.intent.action.USER_PRESENT,24,ResolveInfo{9168819 com.baidu.BaiduMap/com.baidu.android.pushservice.PushServiceReceiver m=0x108000}]
05-11 16:27:15.609  3843  3882 I am_broadcast_discard_app: [0,27432561,android.intent.action.USER_PRESENT,25,ResolveInfo{865c0de com.baidu.netdisk/com.baidu.android.pushservice.PushServiceReceiver m=0x108000}]
05-11 16:27:15.610  3843  3882 I am_broadcast_discard_app: [0,27432561,android.intent.action.USER_PRESENT,26,ResolveInfo{dcaf2bf com.baidu.netdisk/com.baidu.devicesecurity.receiver.DSDeviceAdminReceiver m=0x108000}]
05-11 16:27:15.610  3843  3882 I am_broadcast_discard_app: [0,27432561,android.intent.action.USER_PRESENT,27,ResolveInfo{419bd8c com.baidu.news/com.baidu.android.pushservice.PushServiceReceiver m=0x108000}]
05-11 16:27:15.610  3843  3882 I am_broadcast_discard_app: [0,27432561,android.intent.action.USER_PRESENT,28,ResolveInfo{cfe8cd5 com.campmobile.snowcamera/com.baidu.android.pushservice.PushServiceReceiver m=0x108000}]
05-11 16:27:15.611  3843  3882 I am_broadcast_discard_app: [0,27432561,android.intent.action.USER_PRESENT,29,ResolveInfo{9090cea com.changba/com.taobao.accs.EventReceiver m=0x108000}]
05-11 16:27:15.614  3843  4831 I am_broadcast_discard_app: [0,27432561,android.intent.action.USER_PRESENT,31,ResolveInfo{1c5fbdb com.dianping.v1/com.dianping.base.push.pushservice.PhoneStatusReceiver m=0x108000}]
05-11 16:27:15.616  3843  3882 I am_broadcast_discard_app: [0,27432561,android.intent.action.USER_PRESENT,32,ResolveInfo{e282151 com.duowan.kiwi/com.yy.pushsvc.WakeUpReceiver m=0x108000}]
05-11 16:27:15.616  3843  3882 I am_broadcast_discard_app: [0,27432561,android.intent.action.USER_PRESENT,33,ResolveInfo{6e30db6 com.ganji.android/com.ganji.im.receiver.NetworkStateBroadcastReceiver m=0x108000}]
05-11 16:27:15.617  3843  3882 I am_broadcast_discard_app: [0,27432561,android.intent.action.USER_PRESENT,34,ResolveInfo{d9e7ab7 com.ganji.android/com.igexin.sdk.PushReceiver m=0x108000}]
05-11 16:27:15.618  3843  3882 I am_broadcast_discard_app: [0,27432561,android.intent.action.USER_PRESENT,35,ResolveInfo{6683224 com.jm.android.jumei/com.igexin.sdk.PushReceiver m=0x108000}]
05-11 16:27:15.619  3843  3882 I am_broadcast_discard_app: [0,27432561,android.intent.action.USER_PRESENT,37,ResolveInfo{58a4f42 com.jm.android.jumei/.push.JMAliReceiver m=0x108000}]
05-11 16:27:15.621  3843  3882 I am_broadcast_discard_app: [0,27432561,android.intent.action.USER_PRESENT,38,ResolveInfo{f160b53 com.jm.android.jumei/com.taobao.accs.EventReceiver m=0x108000}]
05-11 16:27:15.621  3843  3882 I am_broadcast_discard_app: [0,27432561,android.intent.action.USER_PRESENT,39,ResolveInfo{9084c90 com.juanpi.ui/.push.receiver.JPPushReceiver m=0x108000}]
05-11 16:27:15.622  3843  3882 I am_broadcast_discard_app: [0,27432561,android.intent.action.USER_PRESENT,40,ResolveInfo{73ca989 com.juanpi.ui/com.igexin.sdk.PushReceiver m=0x108000}]
05-11 16:27:15.623  3843  3882 I am_broadcast_discard_app: [0,27432561,android.intent.action.USER_PRESENT,41,ResolveInfo{9721d8e com.letv.android.client/.receiver.LockScreenReceiver m=0x108000}]
05-11 16:27:15.623  3843  3882 I am_broadcast_discard_app: [0,27432561,android.intent.action.USER_PRESENT,42,ResolveInfo{46c09af com.letv.android.client/cn.jpush.android.service.PushReceiver m=0x108000}]
05-11 16:27:15.624  3843  3882 I am_broadcast_discard_app: [0,27432561,android.intent.action.USER_PRESENT,43,ResolveInfo{94da1bc com.meitu.meipaimv/com.igexin.sdk.PushReceiver m=0x108000}]
05-11 16:27:15.624  3843  3882 I am_broadcast_discard_app: [0,27432561,android.intent.action.USER_PRESENT,44,ResolveInfo{bd5545 com.meitu.meiyancamera/com.igexin.sdk.PushReceiver m=0x108000}]
05-11 16:27:15.625  3843  3882 I am_broadcast_discard_app: [0,27432561,android.intent.action.USER_PRESENT,45,ResolveInfo{8f6849a com.mogujie/com.igexin.sdk.PushReceiver m=0x108000}]
05-11 16:27:15.625  3843  3882 I am_broadcast_discard_app: [0,27432561,android.intent.action.USER_PRESENT,46,ResolveInfo{67991cb com.sankuai.meituan/com.dianping.base.push.pushservice.PhoneStatusReceiver m=0x108000}]
05-11 16:27:15.626  3843  3882 I am_broadcast_discard_app: [0,27432561,android.intent.action.USER_PRESENT,47,ResolveInfo{a311da8 com.sankuai.meituan.takeoutnew/com.dianping.base.push.pushservice.PhoneStatusReceiver m=0x108000}]
05-11 16:27:15.626  3843  3882 I am_broadcast_discard_app: [0,27432561,android.intent.action.USER_PRESENT,48,ResolveInfo{5e300c1 com.sina.news/com.igexin.sdk.PushReceiver m=0x108000}]
05-11 16:27:15.630  3843  5710 I am_broadcast_discard_app: [0,27432561,android.intent.action.USER_PRESENT,50,ResolveInfo{88d7fa7 com.ss.android.article.news/com.ss.android.message.MessageReceiver m=0x108000}]
05-11 16:27:15.632  3843  3882 I am_broadcast_discard_app: [0,27432561,android.intent.action.USER_PRESENT,51,ResolveInfo{34e6c54 com.ss.android.article.news/com.taobao.accs.EventReceiver m=0x108000}]
05-11 16:27:15.632  3843  3882 I am_broadcast_discard_app: [0,27432561,android.intent.action.USER_PRESENT,52,ResolveInfo{a5de7fd com.ss.android.article.news/.AliyunPushMsgReceiver m=0x108000}]
05-11 16:27:15.632  3843  3882 I am_broadcast_discard_app: [0,27432561,android.intent.action.USER_PRESENT,53,ResolveInfo{a086f43 com.ss.android.article.news/com.ss.android.message.sswo.SswoReceiver m=0x108000}]
05-11 16:27:15.633  3843  3882 I am_broadcast_discard_app: [0,27432561,android.intent.action.USER_PRESENT,54,ResolveInfo{84ff9c0 com.ss.android.article.video/com.ss.android.message.MessageReceiver m=0x108000}]
05-11 16:27:15.634  3843  3882 I am_broadcast_discard_app: [0,27432561,android.intent.action.USER_PRESENT,55,ResolveInfo{2a606f9 com.ss.android.article.video/com.taobao.accs.EventReceiver m=0x108000}]
05-11 16:27:15.634  3843  3882 I am_broadcast_discard_app: [0,27432561,android.intent.action.USER_PRESENT,56,ResolveInfo{467063e com.ss.android.essay.joke/com.ss.android.message.MessageReceiver m=0x108000}]
05-11 16:27:15.635  3843  3882 I am_broadcast_discard_app: [0,27432561,android.intent.action.USER_PRESENT,57,ResolveInfo{5b8bc9f com.ss.android.essay.joke/com.ss.android.message.sswo.SswoReceiver m=0x108000}]
05-11 16:27:15.636  3843  3882 I am_broadcast_discard_app: [0,27432561,android.intent.action.USER_PRESENT,58,ResolveInfo{b1af1ec com.ss.android.essay.joke/com.taobao.accs.EventReceiver m=0x108000}]
05-11 16:27:15.636  3843  3882 I am_broadcast_discard_app: [0,27432561,android.intent.action.USER_PRESENT,59,ResolveInfo{8b719b5 com.tencent.news/.push.alive.offactivity.OffScreenReceiver m=0x108000}]
05-11 16:27:15.636  3843  3882 I am_broadcast_discard_app: [0,27432561,android.intent.action.USER_PRESENT,60,ResolveInfo{6c9484a com.tencent.news/com.taobao.accs.EventReceiver m=0x108000}]
05-11 16:27:15.639  3843 21045 I am_broadcast_discard_app: [0,27432561,android.intent.action.USER_PRESENT,62,ResolveInfo{af683bb com.wepie.snake.vivo/com.wepie.snake.helper.push.NoticeReceiver m=0x108000}]
05-11 16:27:15.643  3843  8740 I am_broadcast_discard_app: [0,27432561,android.intent.action.USER_PRESENT,64,ResolveInfo{4bb40d8 com.youku.phone/com.taobao.accs.EventReceiver m=0x108000}]
05-11 16:27:15.645  3843  3882 I am_broadcast_discard_app: [0,27432561,android.intent.action.USER_PRESENT,65,ResolveInfo{8c9c31 me.ele/com.igexin.sdk.PushReceiver m=0x108000}]
05-11 16:27:15.771   512   512 I sf_frame_dur: [SurfaceView - StatusBar,0,0,2,6,0,0,2]
05-11 16:27:15.777  3843 21048 I am_proc_start: [0,14523,10044,com.vivo.weather.location,service,com.vivo.weather/.LocalCityLocateService]
05-11 16:27:15.779  3843  3866 I notification_panel_hidden: []
05-11 16:27:15.789  3843  4788 I am_proc_bound: [0,14523,com.vivo.weather.location]
05-11 16:27:16.819  3843 21045 I am_focused_stack: [0,1,0,bringingFoundTaskToFront setFocusedActivity]
05-11 16:27:16.820  3843 21045 I wm_task_moved: [6,1,10]
05-11 16:27:16.821  3843 21045 I am_focused_activity: [0,com.tencent.mm/.ui.LauncherUI,bringingFoundTaskToFront]
05-11 16:27:16.822  3843 21045 I am_pause_activity: [0,12450827,com.bbk.launcher2/.Launcher]
05-11 16:27:16.823  3843 21045 I am_task_to_front: [0,6]
05-11 16:27:16.823  3843 21045 I am_new_intent: [0,154489584,6,com.tencent.mm/.ui.LauncherUI,android.intent.action.MAIN,NULL,NULL,811597824]
05-11 16:27:16.825  3843 21045 I sysui_action: [323,com.tencent.mm/.ui.LauncherUI]
05-11 16:27:16.825  3843 21045 I sysui_action: [324,true]
05-11 16:27:16.825  3843 21045 I sysui_action: [325,18653]
05-11 16:27:16.830 10606 10606 I am_on_paused_called: [0,com.bbk.launcher2.Launcher,handlePauseActivity]
05-11 16:27:16.837  3843  8736 I am_resume_activity: [0,253962453,6,com.tencent.mm/.ui.LauncherUI]
05-11 16:27:16.845  3843  3882 I sysui_count: [window_time_0,156]
05-11 16:27:16.917  6030  6030 I am_on_resume_called: [0,com.tencent.mm.ui.LauncherUI,RESUME_ACTIVITY]
05-11 16:27:17.008  3843  3915 I sysui_action: [322,198]
05-11 16:27:17.281  3843  3882 I am_stop_activity: [0,12450827,com.bbk.launcher2/.Launcher]
05-11 16:27:17.285 10606 10606 I am_on_stop_called: [0,com.bbk.launcher2.Launcher,handleStopActivity]
05-11 16:27:17.310   512   512 I sf_frame_dur: [com.bbk.launcher2/com.bbk.launcher2.Launcher,1,2,3,4,0,1,10]
05-11 16:27:17.990  3843 21050 I am_new_intent: [0,82887443,111,com.vivo.upslide/.recents.RecentsActivity,NULL,NULL,NULL,276840448]
05-11 16:27:17.991  3843 21050 I am_focused_stack: [0,0,1,bringingFoundTaskToFront setFocusedActivity]
05-11 16:27:17.991  3843 21050 I wm_task_moved: [111,1,1]
05-11 16:27:17.993  3843 21050 I am_focused_activity: [0,com.vivo.upslide/.recents.RecentsActivity,bringingFoundTaskToFront]
05-11 16:27:18.032  3843 21050 I am_pause_activity: [0,253962453,com.tencent.mm/.ui.LauncherUI]
05-11 16:27:18.042  3843 21050 I am_resume_activity: [0,108185673,111,com.vivo.upslide/.recents.RecentsActivity]
05-11 16:27:18.044  3843 21050 I am_task_to_front: [0,111]
05-11 16:27:18.048  3843 21050 I sysui_action: [323,com.vivo.upslide/.recents.RecentsActivity]
05-11 16:27:18.048  3843 21050 I sysui_action: [324,true]
05-11 16:27:18.048  3843 21050 I sysui_action: [325,18654]
05-11 16:27:18.051  3843  3882 I am_stop_activity: [0,253962453,com.tencent.mm/.ui.LauncherUI]
05-11 16:27:18.095  3494  3494 I am_on_resume_called: [0,com.vivo.upslide.recents.RecentsActivity,RESUME_ACTIVITY]
05-11 16:27:18.159  6030  6030 I am_on_paused_called: [0,com.tencent.mm.ui.LauncherUI,handlePauseActivity]
05-11 16:27:18.174  6030  6030 I am_on_stop_called: [0,com.tencent.mm.ui.LauncherUI,handleStopActivity]
05-11 16:27:18.209  3843  3915 I sysui_action: [320,2]
05-11 16:27:18.209  3843  3915 I sysui_action: [319,238]
05-11 16:27:18.209  3843  3915 I sysui_action: [322,238]
05-11 16:27:18.230   512   512 I sf_frame_dur: [com.tencent.mm/com.tencent.mm.ui.LauncherUI,0,1,0,0,0,1,0]
05-11 16:27:18.249  3843 21043 I am_proc_died: [0,14523,com.vivo.weather.location]
05-11 16:27:18.249  3843 21043 I am_schedule_service_restart: [0,com.vivo.weather/.LocalCityLocateService,1000]
05-11 16:27:27.949  3843  3881 I am_pss  : [7245,10081,com.vivo.safecenter,8809472,8249344,0]
05-11 16:27:27.990  3843  3881 I am_pss  : [7656,10063,com.iqoo.secure:remote,38520832,37519360,0]
05-11 16:27:38.891  3843  3884 I am_wtf  : [0,3843,system_server,-1,ActivityManager,Sending non-protected broadcast vivo.intent.action.CHECK_ALERT_WINDOW from system 3843:system/1000 pkg android]
05-11 16:27:38.892  3843  3884 I am_wtf  : [0,3843,system_server,-1,ActivityManager,Sending non-protected broadcast vivo.intent.action.CHECK_ALERT_WINDOW from system 3843:system/1000 pkg android]
05-11 16:27:38.973  3843  3881 I am_pss  : [6030,10132,com.tencent.mm,156805120,150863872,0]
05-11 16:27:38.995  3843  3881 I am_pss  : [10606,10034,com.bbk.launcher2,97600512,95158272,0]
05-11 16:27:39.014  3843  3881 I am_pss  : [5036,10171,com.tencent.reading:PushService,15350784,10178560,0]
05-11 16:27:39.027  3843  3881 I am_pss  : [5814,1000,com.vivo.doubleinstance,5656576,5144576,0]
05-11 16:27:39.044  3843  3881 I am_pss  : [7483,10132,com.tencent.mm:push,18102272,16834560,0]
05-11 16:27:46.599  3843  3843 I free_storage_changed: 9252405248
05-11 16:27:47.841  3843  3921 I power_sleep_requested: 0
05-11 16:27:47.841  3843  3843 I power_screen_state: [0,3,0,0]
05-11 16:27:47.841  3843  3843 I screen_toggled: 0
05-11 16:27:47.841  3843  3843 I sysui_histogram: [screen_timeout,30]
05-11 16:27:47.845  3843  3843 I power_screen_broadcast_send: 1
05-11 16:27:47.855  3843  3843 I am_pause_activity: [0,108185673,com.vivo.upslide/.recents.RecentsActivity]
05-11 16:27:47.858  3494  3494 I am_on_paused_called: [0,com.vivo.upslide.recents.RecentsActivity,handlePauseActivity]
05-11 16:27:47.904  3843  3843 I sysui_histogram: [fingerprint_token,0]
05-11 16:27:47.906  3843  3882 I am_stop_activity: [0,108185673,com.vivo.upslide/.recents.RecentsActivity]
05-11 16:27:47.912  3843  3882 I sysui_count: [window_time_0,31]
05-11 16:27:47.921  3494  3494 I am_on_stop_called: [0,com.vivo.upslide.recents.RecentsActivity,sleeping]
05-11 16:27:47.934  3843  3881 I am_pss  : [31630,10091,com.bbk.calendar,4316160,3207168,0]
05-11 16:27:47.948  3843  3881 I am_pss  : [8019,10004,com.android.providers.calendar,5241856,3702784,0]
05-11 16:27:48.018  3843  5752 I am_wtf  : [0,3843,system_server,-1,ActivityManager,Sending non-protected broadcast com.vivo.updater.action.SCREEN_OFF from system 4700:com.vivo.daemonService/1000 pkg com.vivo.daemonService]
05-11 16:27:48.319  3843  8741 I am_new_intent: [0,183699240,34,com.bbk.launcher2/.Launcher,android.intent.action.MAIN,NULL,NULL,278921216]
05-11 16:27:48.320  3843  8741 I wm_task_moved: [34,1,1]
05-11 16:27:48.321   512   512 I sf_frame_dur: [SurfaceView - ,1,198,2,0,1,0,0]
05-11 16:27:48.323  3843  8741 I am_focused_activity: [0,com.bbk.launcher2/.Launcher,bringingFoundTaskToFront]
05-11 16:27:48.333  3843  8741 I am_resume_activity: [0,12450827,34,com.bbk.launcher2/.Launcher]
05-11 16:27:48.334  3843  8741 I am_pause_activity: [0,12450827,com.bbk.launcher2/.Launcher]
05-11 16:27:48.335  3843  8741 I am_task_to_front: [0,34]
05-11 16:27:48.341  3843  8741 I sysui_action: [323,com.bbk.launcher2/.Launcher]
05-11 16:27:48.341  3843  8741 I sysui_action: [324,true]
05-11 16:27:48.341  3843  8741 I sysui_action: [325,18685]
05-11 16:27:48.371  3843  3915 I sysui_action: [320,3]
05-11 16:27:48.372  3843  3915 I sysui_action: [319,67]
05-11 16:27:48.395 10606 10606 I am_on_resume_called: [0,com.bbk.launcher2.Launcher,RESUME_ACTIVITY]
05-11 16:27:48.399 10606 10606 I am_on_paused_called: [0,com.bbk.launcher2.Launcher,handlePauseActivity]
05-11 16:27:48.406   512   512 I sf_frame_dur: [com.vivo.upslide/com.vivo.upslide.recents.RecentsActivity,21,0,0,0,0,0,0]
05-11 16:27:48.412  3843  3882 I am_stop_activity: [0,12450827,com.bbk.launcher2/.Launcher]
05-11 16:27:48.415  3843  3882 I sysui_count: [window_time_0,1]
05-11 16:27:48.434 10606 10606 I am_on_stop_called: [0,com.bbk.launcher2.Launcher,sleeping]
05-11 16:27:48.476  3843  3843 I power_screen_broadcast_done: [0,631,1]
05-11 16:27:48.491  3843  3915 I sysui_action: [322,186]
05-11 16:27:48.662  3843  5752 I am_create_task: [0,144]
05-11 16:27:48.662  3843  5752 I am_create_activity: [0,169389365,144,com.tencent.reading/com.tencent.news.push.alive.offactivity.HollowActivity,NULL,NULL,NULL,276824064]
05-11 16:27:48.663  3843  5752 I wm_task_created: [144,1]
05-11 16:27:48.663  3843  5752 I wm_task_moved: [144,1,11]
05-11 16:27:48.664  3843  5752 I am_focused_stack: [0,1,0,startedActivity setFocusedActivity]
05-11 16:27:48.664  3843  5752 I wm_task_moved: [144,1,11]
05-11 16:27:48.666  3843  5752 I am_focused_activity: [0,com.tencent.reading/com.tencent.news.push.alive.offactivity.HollowActivity,startedActivity]
05-11 16:27:48.676  3843  5752 I am_restart_activity: [0,169389365,144,com.tencent.reading/com.tencent.news.push.alive.offactivity.HollowActivity]
05-11 16:27:48.679  3843  5752 I am_pause_activity: [0,169389365,com.tencent.reading/com.tencent.news.push.alive.offactivity.HollowActivity]
05-11 16:27:48.682  3843  5752 I sysui_action: [323,com.tencent.reading/com.tencent.news.push.alive.offactivity.HollowActivity]
05-11 16:27:48.682  3843  5752 I sysui_action: [324,true]
05-11 16:27:48.682  3843  5752 I sysui_action: [325,18685]
05-11 16:27:48.684  3843  3915 I sysui_action: [320,3]
05-11 16:27:48.684  3843  3915 I sysui_action: [319,44]
05-11 16:27:48.702  5036  5036 I am_on_resume_called: [0,com.tencent.news.push.alive.offactivity.HollowActivity,LAUNCH_ACTIVITY]
05-11 16:27:48.709  5036  5036 I am_on_paused_called: [0,com.tencent.news.push.alive.offactivity.HollowActivity,handlePauseActivity]
05-11 16:27:48.711  3843  3882 I am_stop_activity: [0,169389365,com.tencent.reading/com.tencent.news.push.alive.offactivity.HollowActivity]
05-11 16:27:48.713  3843  3882 I sysui_count: [window_time_0,0]
05-11 16:27:48.728  5036  5036 I am_on_stop_called: [0,com.tencent.news.push.alive.offactivity.HollowActivity,sleeping]
05-11 16:27:48.751  3843  3915 I sysui_action: [322,111]
05-11 16:27:48.751  3843  3915 I am_activity_launch_time: [0,169389365,com.tencent.reading/com.tencent.news.push.alive.offactivity.HollowActivity,72,83]
05-11 16:27:50.452  3843 21048 I am_new_intent: [0,53195168,144,com.tencent.reading/com.tencent.news.push.alive.offactivity.HollowActivity,NULL,NULL,NULL,276824064]
05-11 16:27:50.453  3843 21048 I wm_task_moved: [144,1,11]
05-11 16:27:50.461  3843 21048 I am_resume_activity: [0,169389365,144,com.tencent.reading/com.tencent.news.push.alive.offactivity.HollowActivity]
05-11 16:27:50.518  3843 21048 I am_pause_activity: [0,169389365,com.tencent.reading/com.tencent.news.push.alive.offactivity.HollowActivity]
05-11 16:27:50.529  3843 21048 I sysui_action: [323,com.tencent.reading/com.tencent.news.push.alive.offactivity.HollowActivity]
05-11 16:27:50.530  3843 21048 I sysui_action: [324,true]
05-11 16:27:50.530  3843 21048 I sysui_action: [325,18687]
05-11 16:27:50.531  3843  3915 I sysui_action: [320,3]
05-11 16:27:50.531  3843  3915 I sysui_action: [319,88]
05-11 16:27:50.539  5036  5036 I am_on_resume_called: [0,com.tencent.news.push.alive.offactivity.HollowActivity,RESUME_ACTIVITY]
05-11 16:27:50.540  5036  5036 I am_on_paused_called: [0,com.tencent.news.push.alive.offactivity.HollowActivity,handlePauseActivity]
05-11 16:27:50.544  3843  3882 I am_stop_activity: [0,169389365,com.tencent.reading/com.tencent.news.push.alive.offactivity.HollowActivity]
05-11 16:27:50.557  5036  5036 I am_on_stop_called: [0,com.tencent.news.push.alive.offactivity.HollowActivity,sleeping]
05-11 16:27:52.857  3843  4118 I am_wtf  : [0,3843,system_server,-1,ActivityManager,Sending non-protected broadcast MqttService.pingSender.102750607066235440 from system uid 1000 pkg com.vivo.abe]
05-11 16:27:53.042  4538  4538 I sysui_view_visibility: [111,100]
05-11 16:27:53.058  4538  4538 I sysui_status_bar_state: [1,1,0,0,1,0]
05-11 16:27:53.096  3843  4699 I am_wtf  : [0,3843,system_server,-1,ActivityManager,Sending non-protected broadcast action.com.vlife.provider.sync from system 4538:com.android.systemui/u0a24 pkg com.android.systemui]
05-11 16:27:53.097  3843  4699 I am_wtf  : [0,3843,system_server,-1,ActivityManager,Sending non-protected broadcast action.com.vlife.provider.sync from system 4538:com.android.systemui/u0a24 pkg com.android.systemui]
05-11 16:27:53.100  3843 21036 I am_wtf  : [0,3843,system_server,-1,ActivityManager,Sending non-protected broadcast action.com.vlife.provider.sync from system 4538:com.android.systemui/u0a24 pkg com.android.systemui]
05-11 16:27:53.102  3843 21036 I am_wtf  : [0,3843,system_server,-1,ActivityManager,Sending non-protected broadcast action.com.vlife.provider.sync from system 4538:com.android.systemui/u0a24 pkg com.android.systemui]
05-11 16:27:53.122  3843  8624 I am_wtf  : [0,3843,system_server,-1,ActivityManager,Sending non-protected broadcast action.com.vlife.provider.sync from system 4538:com.android.systemui/u0a24 pkg com.android.systemui]
05-11 16:27:53.123  3843  8624 I am_wtf  : [0,3843,system_server,-1,ActivityManager,Sending non-protected broadcast action.com.vlife.provider.sync from system 4538:com.android.systemui/u0a24 pkg com.android.systemui]
05-11 16:27:53.126  3843  8741 I am_wtf  : [0,3843,system_server,-1,ActivityManager,Sending non-protected broadcast action.com.vlife.provider.sync from system 4538:com.android.systemui/u0a24 pkg com.android.systemui]
05-11 16:27:53.127  3843  8741 I am_wtf  : [0,3843,system_server,-1,ActivityManager,Sending non-protected broadcast action.com.vlife.provider.sync from system 4538:com.android.systemui/u0a24 pkg com.android.systemui]
05-11 16:27:53.160  3843  4811 I notification_expansion: [0|android|10011|null|1000,0,0,1914802,1914802,0]
05-11 16:27:53.162  3843 21044 I notification_expansion: [0|android|110110|null|1000,0,0,1914810,1914810,0]
05-11 16:27:53.163  3843  3865 I notification_expansion: [0|com.android.bbklog|2147483647|group_key_override|1000|ranker_bundle,0,1,2538193,2538193,2034884]
05-11 16:27:53.165  3843  5752 I notification_expansion: [0|com.bbk.facewake|2147483647|group_key_override|1000|ranker_bundle,0,1,6962381,6962381,2034886]
05-11 16:27:53.166  3843  4699 I notification_expansion: [0|com.vivo.abe|2147483647|group_key_override|1000|ranker_bundle,0,1,7572671,7572671,2034888]
05-11 16:29:41.003  3843  4126 I sysui_histogram: [power_double_tap_interval,146567]
05-11 16:29:41.007  3843  3843 I power_screen_state: [1,0,0,0]
05-11 16:29:41.007  3843  3843 I screen_toggled: 1
05-11 16:29:41.010  3843  3843 I power_screen_broadcast_send: 1
05-11 16:29:41.011  4538  4538 I sysui_histogram: [note_load,10]
05-11 16:29:41.011  3843 21045 I notification_panel_revealed: 10
05-11 16:29:41.141  3843  3843 I notification_enqueue: [10064,5143,com.bbk.iqoo.logsystem,3,NULL,0,Notification(pri=-2 contentView=com.bbk.iqoo.logsystem/0x3030028 vibrate=null sound=null defaults=0x0 flags=0x40 color=0xff607d8b vis=PRIVATE),1]
05-11 16:29:41.155  3843  3865 I notification_autogrouped: 0|com.bbk.iqoo.logsystem|3|null|10064
05-11 16:29:41.157  3843 21321 I notification_autogrouped: 0|com.bbk.iqoo.logsystem|3|null|10064
05-11 16:29:41.271   512   512 I sf_frame_dur: [ColorFade,3,0,0,0,0,0,0]
05-11 16:29:41.409  3843  3881 I am_meminfo: [84897792,204115968,0,356257792,238412800]
05-11 16:29:41.427  3843  3881 I am_pss  : [11668,10009,com.android.dialer,32631808,30519296,0]
05-11 16:29:41.465  3843  3881 I am_pss  : [4735,10171,com.tencent.reading,92081152,84000768,0]
05-11 16:29:41.490  3843  3881 I am_pss  : [4442,10062,com.baidu.input_bbk.service,53794816,51142656,0]
05-11 16:29:41.510  3843  3881 I am_pss  : [32490,10033,com.android.filemanager,21791744,18898944,0]
05-11 16:29:41.539  3843  3881 I am_pss  : [26496,10131,com.wuba,44080128,39845888,0]
05-11 16:29:41.555  3843  3881 I am_pss  : [9452,10131,com.wuba.plugin.dawn.process,14402560,13631488,0]
05-11 16:29:41.571  3843  3881 I am_pss  : [11439,10101,com.vivo.sdkplugin,6307840,5754880,0]
05-11 16:29:41.589  3843  3881 I am_pss  : [6903,10128,com.tencent.mobileqq:MSF,21923840,20738048,0]
05-11 16:29:41.633  3843  3881 I am_pss  : [6917,10128,com.tencent.mobileqq,80268288,76972032,0]
05-11 16:29:41.650  3843  3881 I am_pss  : [11585,10085,com.vivo.secime.service,16427008,15241216,0]
05-11 16:29:41.664  3843  3881 I am_pss  : [7402,10087,com.bbk.updater,9524224,7688192,0]
05-11 16:29:41.681  3843  3881 I am_pss  : [12273,10132,com.tencent.mm:appbrand0,14567424,13819904,0]
05-11 16:29:41.702  3843  3881 I am_pss  : [7336,10131,com.wuba:downloadapkservice,28447744,26865664,0]
05-11 16:29:41.718  3843  3881 I am_pss  : [26258,10229,com.sohu.sohuvideo:sohunews,11531264,10104832,0]
05-11 16:29:41.734  3843  3881 I am_pss  : [25881,10172,com.cubic.autohome,13492224,12283904,0]
05-11 16:29:41.748  3843  3881 I am_pss  : [4302,1000,com.vivo.appfilter,12054528,11415552,0]
05-11 16:29:41.765  3843  3881 I am_pss  : [23778,10130,com.sina.weibo,16890880,15958016,0]
05-11 16:29:41.788  3843  3881 I am_pss  : [11319,10229,com.sohu.sohuvideo,51380224,48160768,0]
05-11 16:29:41.816  3843  3881 I am_pss  : [16762,10030,com.bbk.appstore,96680960,91656192,0]
05-11 16:29:41.840  3843  3881 I am_pss  : [30045,10002,android.process.acore,31551488,30691328,0]
05-11 16:29:41.861  3843  3881 I am_pss  : [32096,10018,com.vivo.numbermark,4272128,2875392,0]
05-11 16:29:41.882  3843  3881 I am_pss  : [8155,1000,com.iqoo.engineermode,16411648,13172736,0]
05-11 16:29:41.901  3843  3881 I am_pss  : [28834,10056,com.vivo.doubletimezoneclock,15270912,14258176,0]
05-11 16:29:41.921  3843  3881 I am_pss  : [6689,10043,com.android.VideoPlayer,15461376,12779520,0]
05-11 16:29:41.935  3843  3881 I am_pss  : [8405,10028,com.vivo.audiofx,6403072,5869568,0]
05-11 16:29:41.950  3843  3881 I am_pss  : [4841,1000,com.vivo.smartmultiwindow,25381888,23547904,0]
05-11 16:29:41.967  3843  3881 I am_pss  : [5939,10041,com.android.BBKClock,16822272,14245888,0]
05-11 16:29:41.982  3843  3881 I am_pss  : [27874,1000,com.vivo.abe:pushservice_v1,12386304,10207232,0]
05-11 16:29:42.001  3843  3881 I am_pss  : [6008,1000,com.android.bbklog,24832000,23089152,0]
05-11 16:29:42.017  3843  3881 I am_pss  : [30514,10179,com.achievo.vipshop,6605824,4902912,0]
05-11 16:29:42.034  3843  3881 I am_pss  : [30442,10179,com.achievo.vipshop:pushservice,9795584,7688192,0]
05-11 16:29:42.048  3843  3881 I am_pss  : [29288,1000,com.qualcomm.qti.appnetaccess,3425280,2945024,0]
05-11 16:29:42.076  3843  3881 I am_pss  : [21437,10172,com.cubic.autohome:pushservice,22319104,20623360,0]
05-11 16:29:42.097  3843  3881 I am_pss  : [5843,10180,com.immomo.momo,16160768,15380480,0]
05-11 16:29:42.113  3843  3881 I am_pss  : [5942,1000,com.vivo.wifi.networkdetect,6440960,6000640,0]
05-11 16:29:42.127  3843  3881 I am_pss  : [23837,1000,com.volte.config,4572160,4128768,0]
05-11 16:29:42.145  3843  3881 I am_pss  : [18317,10179,com.achievo.vipshop.MqttService,12712960,11251712,0]
05-11 16:29:42.163  3843  3881 I am_pss  : [4711,1000,com.android.settings,31867904,30085120,0]
05-11 16:29:42.181  3843  3881 I am_pss  : [6538,10130,com.sina.weibo:remote,17223680,16158720,0]
05-11 16:29:42.195  3843  3881 I am_pss  : [6502,1000,com.qualcomm.display,4814848,4358144,0]
05-11 16:29:42.209  3843  3881 I am_pss  : [6080,1000,org.simalliance.openmobileapi.service:remote,4941824,4481024,0]
05-11 16:29:42.226  3843  3881 I am_pss  : [7995,1000,com.vivo.permissionmanager,24152064,23666688,0]
05-11 16:29:42.240  3843  3881 I am_pss  : [5037,10002,com.vivo.sim.contacts,5746688,5320704,0]
05-11 16:29:42.257  3843  3881 I am_pss  : [8642,1000,com.vivo.intelliengine,21859328,20983808,0]
05-11 16:29:42.273  3843  3881 I am_pss  : [8562,10132,com.tencent.mm:exdevice,12282880,11689984,0]
05-11 16:29:42.287  3843  3881 I am_pss  : [5080,1001,com.qualcomm.qcrilmsgtunnel,6123520,5550080,0]
05-11 16:29:42.301  3843  3881 I am_pss  : [5718,10071,com.oma.drm.server,5106688,4673536,0]
05-11 16:29:42.316  3843  3881 I am_pss  : [5704,10017,com.baidu.map.location,14737408,13430784,0]
05-11 16:29:42.330  3843  3881 I am_pss  : [5692,1001,com.qualcomm.qti.loadcarrier,4707328,4276224,0]
05-11 16:29:42.345  3843  3881 I am_pss  : [5678,1000,com.alps.lcn,7683072,6778880,0]
05-11 16:29:42.362  3843  3881 I am_pss  : [5666,1000,com.vivo.abe,26169344,24535040,0]
05-11 16:29:42.385  3843  3881 I am_pss  : [4805,1001,com.android.phone,41204736,40071168,0]
05-11 16:29:42.408  3843  3881 I am_pss  : [3494,1000,com.vivo.upslide,88680448,84340736,0]
05-11 16:29:42.422  3843  3881 I am_pss  : [4769,1000,com.android.server.telecom,7579648,7086080,0]
05-11 16:29:42.438  3843  3881 I am_pss  : [4758,1000,.dataservices,8519680,8060928,0]
05-11 16:29:42.457  3843  3881 I am_pss  : [4700,1000,com.vivo.daemonService,24061952,22491136,0]
05-11 16:29:42.490  3843  3881 I am_pss  : [4538,10024,com.android.systemui,94670848,91095040,0]
05-11 16:29:42.554  3843  3881 I am_pss  : [3843,1000,system,157201408,151625728,0]
05-11 16:29:42.560  3843 21048 I am_wtf  : [0,3843,system_server,-1,ActivityManager,Sending non-protected broadcast com.vivo.updater.action.SCREEN_ON from system 4700:com.vivo.daemonService/1000 pkg com.vivo.daemonService]
05-11 16:29:42.683  3843  4812 I am_finish_activity: [0,169389365,144,com.tencent.reading/com.tencent.news.push.alive.offactivity.HollowActivity,app-request]
05-11 16:29:42.683  3843  4812 I am_focused_stack: [0,0,1,finishActivity adjustFocus setFocusedActivity]
05-11 16:29:42.684  3843  4812 I wm_task_moved: [34,1,1]
05-11 16:29:42.685  3843  4812 I am_focused_activity: [0,com.bbk.launcher2/.Launcher,finishActivity adjustFocus]
05-11 16:29:42.690  3843  4812 I am_destroy_activity: [0,169389365,144,com.tencent.reading/com.tencent.news.push.alive.offactivity.HollowActivity,finish-imm]
05-11 16:29:42.701  3843  3843 I sysui_action: [252,true]
05-11 16:29:42.703  3843 21036 I wm_task_removed: [144,removeAppToken: last token]
05-11 16:29:42.703  3843 21036 I wm_task_removed: [144,removeTask]
05-11 16:29:42.706  4538  4554 I screen_toggled: 2
05-11 16:29:42.707  3843 21036 I am_resume_activity: [0,12450827,34,com.bbk.launcher2/.Launcher]
05-11 16:29:42.728  4538  4538 I sysui_status_bar_state: [1,0,0,0,1,0]
05-11 16:29:42.735 10606 10606 I am_on_resume_called: [0,com.bbk.launcher2.Launcher,RESUME_ACTIVITY]
05-11 16:29:42.745  4538  4538 I sysui_view_visibility: [111,0]
05-11 16:29:42.788  3843  3882 I am_broadcast_discard_app: [0,89502458,android.intent.action.USER_PRESENT,0,ResolveInfo{96190ab cn.wps.moffice_eng/cn.wps.moffice.service.receivers.MonitorServiceReceiver p=2147483647 m=0x108000}]
05-11 16:29:42.788  3843  3882 I am_broadcast_discard_app: [0,89502458,android.intent.action.USER_PRESENT,1,ResolveInfo{7e0e308 com.eg.android.AlipayGphone/com.alipay.pushsdk.BroadcastActionReceiver p=2147483647 m=0x108000}]
05-11 16:29:42.791  3843  3882 I am_broadcast_discard_app: [0,89502458,android.intent.action.USER_PRESENT,2,ResolveInfo{2bc04c6 com.jingdong.app.mall/com.tencent.android.tpush.XGPushReceiver p=2147483647 m=0x108000}]
05-11 16:29:42.794  3843  3882 I am_broadcast_discard_app: [0,89502458,android.intent.action.USER_PRESENT,3,ResolveInfo{aa68c87 com.qq.ac.android/com.tencent.android.tpush.XGPushReceiver p=2147483647 m=0x108000}]
05-11 16:29:42.795  3843  3882 I am_broadcast_discard_app: [0,89502458,android.intent.action.USER_PRESENT,4,ResolveInfo{f2527b4 com.sina.news/.receiver.UserPresentReceiver p=2147483647 m=0x108000}]
05-11 16:29:42.798  3843  8736 I notification_expansion: [0|android|10011|null|1000,0,1,2024440,2024440,0]
05-11 16:29:42.799  3843 21036 I notification_expansion: [0|android|110110|null|1000,0,1,2024448,2024448,0]
05-11 16:29:42.800  3843  8741 I notification_expansion: [0|com.android.bbklog|2147483647|group_key_override|1000|ranker_bundle,0,1,2647830,2647830,2144521]
05-11 16:29:42.801  3843 21044 I notification_expansion: [0|com.bbk.facewake|2147483647|group_key_override|1000|ranker_bundle,0,1,7072017,7072017,2144522]
05-11 16:29:42.801  3843  4672 I notification_expansion: [0|com.vivo.abe|2147483647|group_key_override|1000|ranker_bundle,0,1,7682306,7682306,2144523]
05-11 16:29:42.808  3843 21050 I am_broadcast_discard_app: [0,89502458,android.intent.action.USER_PRESENT,7,ResolveInfo{8556a23 com.audiocn.kalaok/com.eguan.monitor.receiver.SystemStartReceiver p=9999 m=0x108000}]
05-11 16:29:42.810  3843  3882 I am_broadcast_discard_app: [0,89502458,android.intent.action.USER_PRESENT,8,ResolveInfo{cc70b20 com.changba/com.eguan.drivermonitor.receiver.SystemStartReceiver p=1000 m=0x108000}]
05-11 16:29:42.844   512   512 I sf_frame_dur: [SurfaceView - StatusBar,0,2,2,8,0,0,2]
05-11 16:29:42.849  3843  4831 I notification_panel_hidden: []
05-11 16:29:42.874  3843  3843 I power_screen_broadcast_done: [1,1864,1]
05-11 16:29:42.885  3843 21047 I am_broadcast_discard_app: [0,89502458,android.intent.action.USER_PRESENT,17,ResolveInfo{53be5e4 air.tv.douyu.android/com.taobao.accs.EventReceiver m=0x108000}]
05-11 16:29:42.885  3843  3882 I am_broadcast_discard_app: [0,89502458,android.intent.action.USER_PRESENT,18,ResolveInfo{ce48a4d cn.wps.moffice_eng/com.igexin.sdk.PushReceiver m=0x108000}]
05-11 16:29:42.886  3843  3882 I am_broadcast_discard_app: [0,89502458,android.intent.action.USER_PRESENT,19,ResolveInfo{4008902 com.Qunar/com.igexin.sdk.PushReceiver m=0x108000}]
05-11 16:29:42.886  3843  3882 I am_broadcast_discard_app: [0,89502458,android.intent.action.USER_PRESENT,20,ResolveInfo{7852213 com.audiocn.kalaok/com.audiocn.karaoke.phone.notification.NotificationReceiver m=0x108000}]
05-11 16:29:42.888  3843  3882 I am_broadcast_discard_app: [0,89502458,android.intent.action.USER_PRESENT,21,ResolveInfo{1c37c50 com.audiocn.kalaok/com.igexin.sdk.PushReceiver m=0x108000}]
05-11 16:29:42.889  3843  3882 I am_broadcast_discard_app: [0,89502458,android.intent.action.USER_PRESENT,22,ResolveInfo{5fc7e49 com.audiocn.kalaok/com.taobao.accs.EventReceiver m=0x108000}]
05-11 16:29:42.894  3843  3882 I am_broadcast_discard_app: [0,89502458,android.intent.action.USER_PRESENT,23,ResolveInfo{72334e com.autonavi.minimap/com.taobao.accs.EventReceiver m=0x108000}]
05-11 16:29:42.896  3843  3882 I am_broadcast_discard_app: [0,89502458,android.intent.action.USER_PRESENT,24,ResolveInfo{895cc6f com.baidu.BaiduMap/com.baidu.android.pushservice.PushServiceReceiver m=0x108000}]
