05-13 12:52:30.985  4060  4100 I am_pss  : [5389,1000,com.vivo.daemonService,27442176,25550848,0]
05-13 12:52:31.015  4060  4100 I am_pss  : [5202,10024,com.android.systemui,93814784,89448448,0]
05-13 12:52:31.073  4060  4100 I am_pss  : [4060,1000,system,148147200,144289792,0]
05-13 12:52:31.466  4060 19040 I am_proc_died: [0,28544,com.tencent.mobileqq:qzone]
05-13 12:52:31.467  4060 19040 I am_schedule_service_restart: [0,com.tencent.mobileqq/cooperation.qzone.remote.logic.QzoneWebPluginProxyService,1000]
05-13 12:52:32.490  4060  4102 I am_proc_start: [0,28653,10128,com.tencent.mobileqq:qzone,service,com.tencent.mobileqq/cooperation.qzone.remote.logic.QzoneWebPluginProxyService]
05-13 12:52:32.518  4060  4077 I am_proc_bound: [0,28653,com.tencent.mobileqq:qzone]
05-13 12:52:53.097  4060 17968 I am_kill : [0,28428,android.ext.services,100,stop android.ext.services]
05-13 12:52:53.098  4060 17968 I am_schedule_service_restart: [0,android.ext.services/.notification.Ranker,1000]
05-13 12:52:53.107  4060  4060 I notification_cancel_all: [1000,4060,android.ext.services,0,0,0,5,NULL]
05-13 12:52:53.162  4060  4060 I am_proc_start: [0,28727,10013,android.ext.services,service,android.ext.services/.notification.Ranker]
05-13 12:52:53.172  4060  5536 I am_broadcast_discard_app: [0,80125926,android.intent.action.PACKAGE_RESTARTED,4,ResolveInfo{f9d60c3 com.jingdong.app.mall/.broadcastReceiver.AppStateRecevier m=0x208000}]
05-13 12:52:53.186  4060 23054 I am_proc_bound: [0,28727,android.ext.services]
05-13 12:52:53.213  4060  4100 I am_pss  : [28653,10128,com.tencent.mobileqq:qzone,35509248,30916608,0]
05-13 12:52:53.251  4060  5554 I notification_autogrouped: 0|com.android.bbklog|1|null|1000
05-13 12:52:53.253  4060  5137 I notification_autogrouped: 0|com.android.bbklog|1|null|1000
05-13 12:52:53.254  4060 17967 I notification_autogrouped: 0|com.bbk.iqoo.logsystem|3|null|10064
05-13 12:52:53.256  4060 23155 I notification_autogrouped: 0|com.bbk.iqoo.logsystem|3|null|10064
05-13 12:54:41.641  4060  4300 I am_wtf  : [0,4060,system_server,-1,ActivityManager,Sending non-protected broadcast com.vivo.pem.power from system uid 1000 pkg com.vivo.pem]
05-13 12:54:41.646  4060  4300 I am_wtf  : [0,4060,system_server,-1,ActivityManager,Sending non-protected broadcast com.vivo.push.AlarmAciton.Retry from system uid 1000 pkg com.vivo.abe]
05-13 12:54:41.690  4060 17965 I am_broadcast_discard_app: [0,44245452,NULL,0,ResolveInfo{389bc15 com.happyelements.AndroidAnimal/com.happyelements.gsp.android.notification.gcn.GcnBroadcastReceiver m=0x0}]
05-13 12:54:41.692  4060  4102 I am_broadcast_discard_app: [0,103918378,NULL,0,ResolveInfo{1c8dd1b com.happyelements.AndroidAnimal/com.happyelements.gsp.android.notification.gcn.GcnBroadcastReceiver m=0x0}]
05-13 12:54:41.729  4060  4100 I am_pss  : [28727,10013,android.ext.services,4503552,2490368,0]
05-13 12:54:41.742  4060  5137 I am_broadcast_discard_app: [0,115373442,NULL,0,ResolveInfo{5ebd493 com.happyelements.AndroidAnimal/com.happyelements.gsp.android.notification.gcn.GcnBroadcastReceiver m=0x0}]
05-13 12:54:41.769  4060  4100 I am_pss  : [11158,10081,com.vivo.safecenter,6345728,5545984,0]
05-13 12:54:41.818  4060  4100 I am_pss  : [8885,10063,com.iqoo.secure:remote,34371584,32866304,0]
05-13 12:54:41.973  4060  5421 I am_kill : [0,28727,android.ext.services,100,stop android.ext.services]
05-13 12:54:41.974  4060  5421 I am_schedule_service_restart: [0,android.ext.services/.notification.Ranker,1000]
05-13 12:54:41.989  4060  4060 I notification_cancel_all: [1000,4060,android.ext.services,0,0,0,5,NULL]
05-13 12:54:42.027  4060  4060 I am_proc_start: [0,28769,10013,android.ext.services,service,android.ext.services/.notification.Ranker]
05-13 12:54:42.040  4060  5565 I am_broadcast_discard_app: [0,20001793,android.intent.action.PACKAGE_RESTARTED,4,ResolveInfo{ca54332 com.jingdong.app.mall/.broadcastReceiver.AppStateRecevier m=0x208000}]
05-13 12:54:42.043  4060  4076 I am_proc_bound: [0,28769,android.ext.services]
05-13 12:54:42.108  4060 17975 I notification_autogrouped: 0|com.android.bbklog|1|null|1000
05-13 12:54:42.110  4060 17973 I notification_autogrouped: 0|com.android.bbklog|1|null|1000
05-13 12:54:42.111  4060 17974 I notification_autogrouped: 0|com.bbk.iqoo.logsystem|3|null|10064
05-13 12:54:42.113  4060  5309 I notification_autogrouped: 0|com.bbk.iqoo.logsystem|3|null|10064
05-13 12:55:30.712  4060  4100 I am_pss  : [28769,10013,android.ext.services,4533248,2514944,0]
05-13 12:55:31.714  4060  5421 I am_proc_died: [0,28653,com.tencent.mobileqq:qzone]
05-13 12:55:31.715  4060  5421 I am_schedule_service_restart: [0,com.tencent.mobileqq/cooperation.qzone.remote.logic.QzoneWebPluginProxyService,1000]
05-13 12:55:32.738  4060  4102 I am_proc_start: [0,28793,10128,com.tencent.mobileqq:qzone,service,com.tencent.mobileqq/cooperation.qzone.remote.logic.QzoneWebPluginProxyService]
05-13 12:55:32.765  4060 23054 I am_proc_bound: [0,28793,com.tencent.mobileqq:qzone]
05-13 12:57:59.347  4060  4102 I am_broadcast_discard_app: [0,241781795,NULL,0,ResolveInfo{e1a4520 com.happyelements.AndroidAnimal/com.happyelements.gsp.android.notification.gcn.GcnBroadcastReceiver m=0x0}]
05-13 12:57:59.436  4060  4100 I am_pss  : [28793,10128,com.tencent.mobileqq:qzone,37402624,32784384,0]
05-13 12:57:59.469  4060  4100 I am_pss  : [11158,10081,com.vivo.safecenter,6345728,5545984,0]
05-13 12:57:59.506  4060  4100 I am_pss  : [8885,10063,com.iqoo.secure:remote,34428928,32923648,0]
05-13 12:58:04.676  4060  4100 I sync    : [com.huajiao.account.syncprovider,0,4,1064065]
05-13 12:58:30.831  4060  4100 I am_pss  : [8522,10055,com.vivo.devicereg,41362432,40275968,0]
05-13 12:58:31.702  4060 17974 I am_proc_died: [0,28793,com.tencent.mobileqq:qzone]
05-13 12:58:31.703  4060 17974 I am_schedule_service_restart: [0,com.tencent.mobileqq/cooperation.qzone.remote.logic.QzoneWebPluginProxyService,1000]
05-13 12:58:32.726  4060  4102 I am_proc_start: [0,28915,10128,com.tencent.mobileqq:qzone,service,com.tencent.mobileqq/cooperation.qzone.remote.logic.QzoneWebPluginProxyService]
05-13 12:58:32.751  4060  6521 I am_proc_bound: [0,28915,com.tencent.mobileqq:qzone]
05-13 12:58:40.560  4060  4100 I sync    : [com.UCMobile.syssync,0,4,2702]
05-13 12:58:40.587  4060  6521 I am_broadcast_discard_app: [0,264751993,NULL,0,ResolveInfo{a6b0be com.happyelements.AndroidAnimal/com.happyelements.gsp.android.notification.gcn.GcnBroadcastReceiver m=0x0}]
05-13 12:59:17.528  4060  4060 I free_storage_changed: 22785024000
05-13 12:59:42.232  4060  5309 I am_kill : [0,28769,android.ext.services,100,stop android.ext.services]
05-13 12:59:42.233  4060  5309 I am_schedule_service_restart: [0,android.ext.services/.notification.Ranker,1000]
05-13 12:59:42.242  4060  4060 I notification_cancel_all: [1000,4060,android.ext.services,0,0,0,5,NULL]
05-13 12:59:42.280  4060  4060 I am_proc_start: [0,28997,10013,android.ext.services,service,android.ext.services/.notification.Ranker]
05-13 12:59:42.294  4060 19040 I am_broadcast_discard_app: [0,99976425,android.intent.action.PACKAGE_RESTARTED,4,ResolveInfo{15ca7a com.jingdong.app.mall/.broadcastReceiver.AppStateRecevier m=0x208000}]
05-13 12:59:42.310  4060 23154 I am_proc_bound: [0,28997,android.ext.services]
05-13 12:59:42.339  4060  4100 I am_pss  : [28915,10128,com.tencent.mobileqq:qzone,36420608,31805440,0]
05-13 12:59:42.377  4060 17966 I notification_autogrouped: 0|com.android.bbklog|1|null|1000
05-13 12:59:42.379  4060  5539 I notification_autogrouped: 0|com.android.bbklog|1|null|1000
05-13 12:59:42.381  4060 17967 I notification_autogrouped: 0|com.bbk.iqoo.logsystem|3|null|10064
05-13 12:59:42.383  4060 17968 I notification_autogrouped: 0|com.bbk.iqoo.logsystem|3|null|10064
05-13 13:01:30.916  4060  4100 I am_pss  : [28997,10013,android.ext.services,4539392,2519040,0]
05-13 13:01:30.969  4060  4100 I am_pss  : [11158,10081,com.vivo.safecenter,6345728,5545984,0]
05-13 13:01:31.012  4060  4100 I am_pss  : [8885,10063,com.iqoo.secure:remote,34486272,32980992,0]
05-13 13:01:31.808  4060 23154 I am_proc_died: [0,28915,com.tencent.mobileqq:qzone]
05-13 13:01:31.809  4060 23154 I am_schedule_service_restart: [0,com.tencent.mobileqq/cooperation.qzone.remote.logic.QzoneWebPluginProxyService,1000]
05-13 13:01:32.831  4060  4102 I am_proc_start: [0,29046,10128,com.tencent.mobileqq:qzone,service,com.tencent.mobileqq/cooperation.qzone.remote.logic.QzoneWebPluginProxyService]
05-13 13:01:32.860  4060 19040 I am_proc_bound: [0,29046,com.tencent.mobileqq:qzone]
05-13 13:02:59.038  4060  4102 I am_broadcast_discard_app: [0,121950756,NULL,0,ResolveInfo{c2ca18d com.happyelements.AndroidAnimal/com.happyelements.gsp.android.notification.gcn.GcnBroadcastReceiver m=0x0}]
05-13 13:02:59.042  4060  4300 I am_wtf  : [0,4060,system_server,-1,ActivityManager,Sending non-protected broadcast com.vivo.pem.power from system uid 1000 pkg com.vivo.pem]
05-13 13:02:59.050  4060  4300 I am_wtf  : [0,4060,system_server,-1,ActivityManager,Sending non-protected broadcast com.vivo.push.AlarmAciton.Retry from system uid 1000 pkg com.vivo.abe]
05-13 13:02:59.140  4060  4100 I am_pss  : [29046,10128,com.tencent.mobileqq:qzone,36938752,32288768,0]
05-13 13:02:59.160  4060  4076 I am_broadcast_discard_app: [0,125869991,NULL,0,ResolveInfo{4930c54 com.happyelements.AndroidAnimal/com.happyelements.gsp.android.notification.gcn.GcnBroadcastReceiver m=0x0}]
05-13 13:02:59.320  4060 17971 I am_kill : [0,28997,android.ext.services,100,stop android.ext.services]
05-13 13:02:59.321  4060 17971 I am_schedule_service_restart: [0,android.ext.services/.notification.Ranker,1000]
05-13 13:02:59.333  4060  4060 I notification_cancel_all: [1000,4060,android.ext.services,0,0,0,5,NULL]
05-13 13:02:59.372  4060  4060 I am_proc_start: [0,29137,10013,android.ext.services,service,android.ext.services/.notification.Ranker]
05-13 13:02:59.387  4060 17974 I am_broadcast_discard_app: [0,244529589,android.intent.action.PACKAGE_RESTARTED,4,ResolveInfo{cf3f16 com.jingdong.app.mall/.broadcastReceiver.AppStateRecevier m=0x208000}]
05-13 13:02:59.393  4060  6521 I am_proc_bound: [0,29137,android.ext.services]
05-13 13:02:59.461  4060 17965 I notification_autogrouped: 0|com.android.bbklog|1|null|1000
05-13 13:02:59.462  4060 17973 I notification_autogrouped: 0|com.android.bbklog|1|null|1000
05-13 13:02:59.464  4060 23035 I notification_autogrouped: 0|com.bbk.iqoo.logsystem|3|null|10064
05-13 13:02:59.465  4060  4077 I notification_autogrouped: 0|com.bbk.iqoo.logsystem|3|null|10064
05-13 13:03:02.198  4060  4100 I sync    : [com.tencent.news.account,0,4,1022781436]
05-13 13:03:40.598  4060  9064 I am_broadcast_discard_app: [0,249042559,NULL,0,ResolveInfo{e16764c com.happyelements.AndroidAnimal/com.happyelements.gsp.android.notification.gcn.GcnBroadcastReceiver m=0x0}]
05-13 13:03:40.620  4060  4100 I am_pss  : [29137,10013,android.ext.services,4539392,2514944,0]
05-13 13:03:40.654  4060  4100 I am_pss  : [11158,10081,com.vivo.safecenter,6345728,5545984,0]
05-13 13:03:40.695  4060  4100 I am_pss  : [8885,10063,com.iqoo.secure:remote,34527232,33021952,0]
05-13 13:04:31.207  4060  4100 I am_pss  : [10441,10128,com.tencent.mobileqq,209469440,201510912,0]
05-13 13:04:31.237  4060  4100 I am_pss  : [7786,10128,com.tencent.mobileqq:MSF,27596800,25100288,0]
05-13 13:04:31.265  4060  4100 I am_pss  : [6631,1000,com.android.bbklog,27347968,25169920,0]
05-13 13:04:31.304  4060  4100 I am_pss  : [5085,10062,com.baidu.input_bbk.service,60751872,56041472,0]
05-13 13:04:31.322  4060  4100 I am_pss  : [12412,10128,com.tencent.mobileqq:TMAssistantDownloadSDKService,19193856,17289216,0]
05-13 13:04:31.340  4060  4100 I am_pss  : [5403,1000,com.android.settings,20793344,19451904,0]
05-13 13:04:31.356  4060  4100 I am_pss  : [16602,10085,com.vivo.secime.service,17358848,11038720,0]
05-13 13:04:31.871  4060  4100 I am_pss  : [5857,10064,com.bbk.iqoo.logsystem,59375616,57434112,0]
05-13 13:04:31.886  4060  4100 I am_pss  : [15831,1000,com.qti.service.colorservice,3731456,2985984,0]
05-13 13:04:31.900  4060  4100 I am_pss  : [4971,1000,com.vivo.appfilter,8037376,7155712,0]
05-13 13:04:31.916  4060  4100 I am_pss  : [5482,1000,com.vivo.smartmultiwindow,20681728,19120128,0]
05-13 13:04:31.931  4060  4100 I am_pss  : [9272,1000,com.vivo.permissionmanager,12312576,11448320,0]
05-13 13:04:31.950  4060  4100 I am_pss  : [19927,1001,com.android.incallui,17307648,15929344,0]
05-13 13:04:31.964  4060  4100 I am_pss  : [5788,10002,com.vivo.sim.contacts,4324352,3530752,0]
05-13 13:04:31.982  4060  4100 I am_pss  : [5066,1002,com.android.bluetooth,9101312,7569408,0]
05-13 13:04:31.994  4060 23155 I am_proc_died: [0,29046,com.tencent.mobileqq:qzone]
05-13 13:04:31.996  4060 23155 I am_schedule_service_restart: [0,com.tencent.mobileqq/cooperation.qzone.remote.logic.QzoneWebPluginProxyService,1000]
05-13 13:04:32.000  4060  4100 I am_pss  : [9962,1000,com.vivo.intelliengine,10090496,8900608,0]
05-13 13:04:32.014  4060  4100 I am_pss  : [5803,1001,com.qualcomm.qcrilmsgtunnel,3803136,3080192,0]
05-13 13:04:33.018  4060  4102 I am_proc_start: [0,29167,10128,com.tencent.mobileqq:qzone,service,com.tencent.mobileqq/cooperation.qzone.remote.logic.QzoneWebPluginProxyService]
05-13 13:04:33.045  4060  5536 I am_proc_bound: [0,29167,com.tencent.mobileqq:qzone]
05-13 13:04:56.284  4060  4102 I am_broadcast_discard_app: [0,112170590,NULL,0,ResolveInfo{347da3f com.happyelements.AndroidAnimal/com.happyelements.gsp.android.notification.gcn.GcnBroadcastReceiver m=0x0}]
05-13 13:04:56.368  4060  4100 I am_pss  : [29167,10128,com.tencent.mobileqq:qzone,36101120,31498240,0]
05-13 13:04:56.371  4060  4100 I sync    : [com.tencent.mtt.account.sync,0,4,105225487]
05-13 13:07:31.213  4060  4100 I am_pss  : [11158,10081,com.vivo.safecenter,6345728,5545984,0]
05-13 13:07:31.259  4060  4100 I am_pss  : [8885,10063,com.iqoo.secure:remote,34592768,33087488,0]
05-13 13:07:31.291  4060  4100 I am_pss  : [6494,10071,com.oma.drm.server,3664896,2945024,0]
05-13 13:07:31.327  4060  4100 I am_pss  : [6478,10017,com.baidu.map.location,13351936,11767808,0]
05-13 13:07:31.358  4060  4100 I am_pss  : [6467,1001,com.qualcomm.qti.loadcarrier,3384320,2674688,0]
05-13 13:07:31.390  4060  4100 I am_pss  : [6452,1000,com.alps.lcn,6690816,5763072,0]
05-13 13:07:31.422  4060  4100 I am_pss  : [6440,1000,com.vivo.abe,25458688,23703552,0]
05-13 13:07:31.452  4060  4100 I am_pss  : [5547,1001,com.android.phone,33079296,31440896,0]
05-13 13:07:31.482  4060  4100 I am_pss  : [7389,1000,com.vivo.upslide,115020800,112685056,0]
05-13 13:07:31.500  4060  4100 I am_pss  : [5513,1000,com.android.server.telecom,7678976,6815744,0]
05-13 13:07:31.517  4060  4100 I am_pss  : [5507,1000,.dataservices,7035904,6201344,0]
05-13 13:07:31.539  4060  4100 I am_pss  : [5389,1000,com.vivo.daemonService,26482688,24592384,0]
05-13 13:07:31.569  4060  4100 I am_pss  : [5202,10024,com.android.systemui,93828096,89448448,0]
05-13 13:07:31.625  4060  4100 I am_pss  : [4060,1000,system,152314880,148455424,0]
05-13 13:07:32.119  4060  5564 I am_proc_died: [0,29167,com.tencent.mobileqq:qzone]
05-13 13:07:32.119  4060  5564 I am_schedule_service_restart: [0,com.tencent.mobileqq/cooperation.qzone.remote.logic.QzoneWebPluginProxyService,1000]
05-13 13:07:33.143  4060  4102 I am_proc_start: [0,29280,10128,com.tencent.mobileqq:qzone,service,com.tencent.mobileqq/cooperation.qzone.remote.logic.QzoneWebPluginProxyService]
05-13 13:07:33.168  4060 17971 I am_proc_bound: [0,29280,com.tencent.mobileqq:qzone]
05-13 13:07:36.610 10441 28864 I force_gc: Binder
05-13 13:07:59.456  4060 23035 I am_kill : [0,29137,android.ext.services,100,stop android.ext.services]
05-13 13:07:59.457  4060 23035 I am_schedule_service_restart: [0,android.ext.services/.notification.Ranker,1000]
05-13 13:07:59.470  4060  4060 I notification_cancel_all: [1000,4060,android.ext.services,0,0,0,5,NULL]
05-13 13:07:59.526  4060  4060 I am_proc_start: [0,29358,10013,android.ext.services,service,android.ext.services/.notification.Ranker]
05-13 13:07:59.540  4060  5564 I am_broadcast_discard_app: [0,27205632,android.intent.action.PACKAGE_RESTARTED,4,ResolveInfo{2d63c2c com.jingdong.app.mall/.broadcastReceiver.AppStateRecevier m=0x208000}]
05-13 13:07:59.545  4060  5536 I am_proc_bound: [0,29358,android.ext.services]
05-13 13:07:59.563  4060  4100 I am_pss  : [29280,10128,com.tencent.mobileqq:qzone,35853312,31244288,0]
05-13 13:07:59.593  4060 17973 I notification_autogrouped: 0|com.android.bbklog|1|null|1000
05-13 13:07:59.595  4060 17968 I notification_autogrouped: 0|com.android.bbklog|1|null|1000
05-13 13:07:59.596  4060 17970 I notification_autogrouped: 0|com.bbk.iqoo.logsystem|3|null|10064
05-13 13:07:59.598  4060 17974 I notification_autogrouped: 0|com.bbk.iqoo.logsystem|3|null|10064
05-13 13:10:31.423  4060  4100 I am_pss  : [7375,10034,com.bbk.launcher2,98378752,95350784,0]
05-13 13:10:31.455  4060  4100 I am_pss  : [6575,1000,com.vivo.doubleinstance,4307968,3571712,0]
05-13 13:10:31.573  4060  4100 I am_pss  : [7930,10132,com.tencent.mm,118048768,112971776,0]
05-13 13:10:31.606  4060  4100 I am_pss  : [29358,10013,android.ext.services,4540416,2510848,0]
05-13 13:10:31.640  4060  4100 I am_pss  : [16654,10056,com.vivo.doubletimezoneclock,13716480,12292096,0]
05-13 13:10:31.673  4060  4100 I am_pss  : [15967,10030,com.bbk.appstore,12606464,10723328,0]
05-13 13:10:31.694  4060  4100 I am_pss  : [6950,1000,com.vivo.wifi.networkdetect,4832256,3919872,0]
05-13 13:10:31.714  4060  4100 I am_pss  : [12702,10028,com.vivo.audiofx,5255168,4333568,0]
05-13 13:10:31.731  4060  4100 I am_pss  : [25708,1000,com.volte.config,3298304,2379776,0]
05-13 13:10:31.748  4060  4100 I am_pss  : [25684,1000,com.qualcomm.display,3406848,2494464,0]
05-13 13:10:31.765  4060  4100 I am_pss  : [21539,10011,android.process.media,7222272,5763072,0]
05-13 13:10:31.779  4060  4100 I am_pss  : [25551,1000,com.qualcomm.qti.appnetaccess,3667968,2686976,0]
05-13 13:10:31.795  4060  4100 I am_pss  : [20210,10002,android.process.acore,16153600,14123008,0]
05-13 13:10:31.810  4060  4100 I am_pss  : [14795,10097,com.vivo.gallery,6218752,4198400,0]
05-13 13:10:31.825  4060  4100 I am_pss  : [25271,1000,org.simalliance.openmobileapi.service:remote,4591616,3297280,0]
05-13 13:10:31.853  4060  4100 I am_pss  : [24614,10155,com.eg.android.AlipayGphone,68860928,59047936,0]
05-13 13:10:31.873  4060  4100 I am_pss  : [23624,10155,com.eg.android.AlipayGphone:push,34214912,25419776,0]
05-13 13:10:31.887  4060  4100 I am_pss  : [18605,10041,com.android.BBKClock,4975616,3751936,0]
05-13 13:10:31.904  4060  4100 I am_pss  : [17284,10110,com.chaozh.iReader,13481984,11362304,0]
05-13 13:10:31.919  4060  4100 I am_pss  : [16755,1000,com.vivo.abe:pushservice_v1,13699072,11603968,0]
05-13 13:10:31.934  4060  4100 I am_pss  : [11158,10081,com.vivo.safecenter,6343680,5545984,0]
05-13 13:10:31.949  4060  4100 I am_pss  : [14966,10101,com.vivo.sdkplugin,5141504,3264512,0]
05-13 13:10:31.970  4060  4100 I am_pss  : [20188,10132,com.tencent.mm:tools,21175296,17944576,0]
05-13 13:10:31.988  4060  4100 I am_pss  : [7740,10132,com.tencent.mm:push,20378624,18067456,0]
05-13 13:10:32.010  4060  4100 I am_pss  : [9134,10128,com.tencent.mobileqq:openSdk,26423296,21229568,0]
05-13 13:10:32.027  4060  4100 I am_pss  : [8885,10063,com.iqoo.secure:remote,34649088,33144832,0]
05-13 13:10:32.043  4060  4100 I am_pss  : [9904,10132,com.tencent.mm:exdevice,10077184,8638464,0]
05-13 13:10:32.060  4060  4100 I am_pss  : [7978,10132,com.tencent.mm:recovery,7478272,5996544,0]
05-13 13:10:32.247  4060  5309 I am_proc_died: [0,29280,com.tencent.mobileqq:qzone]
05-13 13:10:32.247  4060  5309 I am_schedule_service_restart: [0,com.tencent.mobileqq/cooperation.qzone.remote.logic.QzoneWebPluginProxyService,1000]
05-13 13:10:33.270  4060  4102 I am_proc_start: [0,29404,10128,com.tencent.mobileqq:qzone,service,com.tencent.mobileqq/cooperation.qzone.remote.logic.QzoneWebPluginProxyService]
05-13 13:10:33.295  4060 17971 I am_proc_bound: [0,29404,com.tencent.mobileqq:qzone]
05-13 13:10:41.637  4060  4300 I am_wtf  : [0,4060,system_server,-1,ActivityManager,Sending non-protected broadcast com.vivo.pem.power from system uid 1000 pkg com.vivo.pem]
05-13 13:10:41.644  4060  4300 I am_wtf  : [0,4060,system_server,-1,ActivityManager,Sending non-protected broadcast com.bbk.updater.action.AUTO_CHECK from system uid 1000 pkg com.vivo.daemonService]
05-13 13:10:41.656  4060  4300 I am_wtf  : [0,4060,system_server,-1,ActivityManager,Sending non-protected broadcast com.vivo.pem.bigdata from system uid 1000 pkg com.vivo.pem]
05-13 13:10:41.673  4060  4102 I am_broadcast_discard_app: [0,96519662,NULL,0,ResolveInfo{376fa8f com.happyelements.AndroidAnimal/com.happyelements.gsp.android.notification.gcn.GcnBroadcastReceiver m=0x0}]
05-13 13:10:41.733  4060  4300 I am_wtf  : [0,4060,system_server,-1,ActivityManager,Sending non-protected broadcast com.vivo.push.AlarmAciton.Retry from system uid 1000 pkg com.vivo.abe]
05-13 13:10:41.806  4060 17973 I am_broadcast_discard_app: [0,82479651,NULL,0,ResolveInfo{805ab20 com.happyelements.AndroidAnimal/com.happyelements.gsp.android.notification.gcn.GcnBroadcastReceiver m=0x0}]
05-13 13:10:41.807  4060  4102 I am_broadcast_discard_app: [0,256756953,NULL,0,ResolveInfo{160869e com.happyelements.AndroidAnimal/com.happyelements.gsp.android.notification.gcn.GcnBroadcastReceiver m=0x0}]
05-13 13:10:41.922  4060  6527 I am_kill : [0,29358,android.ext.services,100,stop android.ext.services]
05-13 13:10:41.923  4060  6527 I am_schedule_service_restart: [0,android.ext.services/.notification.Ranker,1000]
05-13 13:10:41.931  4060  4060 I notification_cancel_all: [1000,4060,android.ext.services,0,0,0,5,NULL]
05-13 13:10:41.975  4060  4060 I am_proc_start: [0,29478,10013,android.ext.services,service,android.ext.services/.notification.Ranker]
05-13 13:10:41.983  4060  5143 I am_broadcast_discard_app: [0,24167799,android.intent.action.PACKAGE_RESTARTED,4,ResolveInfo{9ea1c50 com.jingdong.app.mall/.broadcastReceiver.AppStateRecevier m=0x208000}]
05-13 13:10:41.991  4060  5309 I am_proc_bound: [0,29478,android.ext.services]
05-13 13:10:42.049  4060 17969 I notification_autogrouped: 0|com.android.bbklog|1|null|1000
05-13 13:10:42.051  4060  4077 I notification_autogrouped: 0|com.android.bbklog|1|null|1000
05-13 13:10:42.052  4060  5554 I notification_autogrouped: 0|com.bbk.iqoo.logsystem|3|null|10064
05-13 13:10:42.054  4060  5565 I notification_autogrouped: 0|com.bbk.iqoo.logsystem|3|null|10064
05-13 13:12:17.976  4060  4060 I free_storage_changed: 22782857216
05-13 13:13:02.176  4060  4102 I am_broadcast_discard_app: [0,64078013,NULL,0,ResolveInfo{836d6b2 com.happyelements.AndroidAnimal/com.happyelements.gsp.android.notification.gcn.GcnBroadcastReceiver m=0x0}]
05-13 13:13:02.240  4060  4100 I am_pss  : [29404,10128,com.tencent.mobileqq:qzone,37926912,33280000,0]
05-13 13:13:02.270  4060  4100 I am_pss  : [29478,10013,android.ext.services,4523008,2494464,0]
05-13 13:13:02.301  4060  4100 I am_pss  : [11158,10081,com.vivo.safecenter,6343680,5545984,0]
05-13 13:13:02.330  4060  4100 I am_pss  : [8885,10063,com.iqoo.secure:remote,34690048,33185792,0]
05-13 13:13:02.332  4060  4100 I sync    : [com.huajiao.account.syncprovider,0,4,1064065]
05-13 13:13:32.357  4060  6521 I am_proc_died: [0,29404,com.tencent.mobileqq:qzone]
05-13 13:13:32.358  4060  6521 I am_schedule_service_restart: [0,com.tencent.mobileqq/cooperation.qzone.remote.logic.QzoneWebPluginProxyService,1000]
05-13 13:13:33.382  4060  4102 I am_proc_start: [0,29537,10128,com.tencent.mobileqq:qzone,service,com.tencent.mobileqq/cooperation.qzone.remote.logic.QzoneWebPluginProxyService]
05-13 13:13:33.406  4060 17969 I am_proc_bound: [0,29537,com.tencent.mobileqq:qzone]
05-13 13:15:01.305  4060 17966 I am_broadcast_discard_app: [0,72111269,NULL,0,ResolveInfo{2e8807a com.happyelements.AndroidAnimal/com.happyelements.gsp.android.notification.gcn.GcnBroadcastReceiver m=0x0}]
05-13 13:15:01.334  4060  4100 I am_pss  : [29537,10128,com.tencent.mobileqq:qzone,37156864,32509952,0]
05-13 13:15:01.337  4060  4100 I sync    : [com.youku.auth.provider,0,4,-1645982301]
05-13 13:15:42.101  4060  5564 I am_kill : [0,29478,android.ext.services,100,stop android.ext.services]
05-13 13:15:42.102  4060  5564 I am_schedule_service_restart: [0,android.ext.services/.notification.Ranker,1000]
05-13 13:15:42.111  4060  4060 I notification_cancel_all: [1000,4060,android.ext.services,0,0,0,5,NULL]
05-13 13:15:42.165  4060  4060 I am_proc_start: [0,29629,10013,android.ext.services,service,android.ext.services/.notification.Ranker]
05-13 13:15:42.180  4060 19040 I am_broadcast_discard_app: [0,10615850,android.intent.action.PACKAGE_RESTARTED,4,ResolveInfo{7997cf7 com.jingdong.app.mall/.broadcastReceiver.AppStateRecevier m=0x208000}]
05-13 13:15:42.188  4060  5554 I am_proc_bound: [0,29629,android.ext.services]
05-13 13:15:42.212  4060  4100 I am_pss  : [11158,10081,com.vivo.safecenter,6347776,5545984,0]
05-13 13:15:42.252  4060  4100 I am_pss  : [8885,10063,com.iqoo.secure:remote,34748416,33243136,0]
05-13 13:15:42.253  4060  5539 I notification_autogrouped: 0|com.android.bbklog|1|null|1000
05-13 13:15:42.255  4060  9064 I notification_autogrouped: 0|com.android.bbklog|1|null|1000
05-13 13:15:42.256  4060 23155 I notification_autogrouped: 0|com.bbk.iqoo.logsystem|3|null|10064
05-13 13:15:42.258  4060 17975 I notification_autogrouped: 0|com.bbk.iqoo.logsystem|3|null|10064
05-13 13:16:31.588  4060  4100 I am_pss  : [29629,10013,android.ext.services,4537344,2502656,0]
05-13 13:16:32.477  4060 19040 I am_proc_died: [0,29537,com.tencent.mobileqq:qzone]
05-13 13:16:32.478  4060 19040 I am_schedule_service_restart: [0,com.tencent.mobileqq/cooperation.qzone.remote.logic.QzoneWebPluginProxyService,1000]
05-13 13:16:33.502  4060  4102 I am_proc_start: [0,29667,10128,com.tencent.mobileqq:qzone,service,com.tencent.mobileqq/cooperation.qzone.remote.logic.QzoneWebPluginProxyService]
05-13 13:16:33.527  4060  5137 I am_proc_bound: [0,29667,com.tencent.mobileqq:qzone]
05-13 13:16:48.278  4060  4300 I am_wtf  : [0,4060,system_server,-1,ActivityManager,Sending non-protected broadcast com.vivo.pem.power from system uid 1000 pkg com.vivo.pem]
05-13 13:16:48.282  4060  4300 I am_wtf  : [0,4060,system_server,-1,ActivityManager,Sending non-protected broadcast com.vivo.push.AlarmAciton.Retry from system uid 1000 pkg com.vivo.abe]
05-13 13:16:48.315  4060  4880 I netstats_mobile_sample: [52502677,225781,17298375,128908,52418629,225279,16265347,128871,52414373,225275,16265175,128867,1494652608202]
05-13 13:16:48.316  4060  4880 I netstats_wifi_sample: [3202271371,2548646,110726461,1380635,3198736748,2406509,91739058,1381668,3195533152,2386886,91458906,1380847,1494652608202]
05-13 13:16:48.345  4060 23154 I am_broadcast_discard_app: [0,46702231,NULL,0,ResolveInfo{f87b884 com.happyelements.AndroidAnimal/com.happyelements.gsp.android.notification.gcn.GcnBroadcastReceiver m=0x0}]
05-13 13:16:48.415  4060  6527 I am_broadcast_discard_app: [0,172388590,NULL,0,ResolveInfo{c7ac98f com.happyelements.AndroidAnimal/com.happyelements.gsp.android.notification.gcn.GcnBroadcastReceiver m=0x0}]
05-13 13:16:48.569  4060  5143 I am_kill : [0,29629,android.ext.services,100,stop android.ext.services]
05-13 13:16:48.569  4060  5143 I am_schedule_service_restart: [0,android.ext.services/.notification.Ranker,1000]
05-13 13:16:48.580  4060  4060 I notification_cancel_all: [1000,4060,android.ext.services,0,0,0,5,NULL]
05-13 13:16:48.628  4060  4060 I am_proc_start: [0,29737,10013,android.ext.services,service,android.ext.services/.notification.Ranker]
05-13 13:16:48.637  4060  5565 I am_broadcast_discard_app: [0,20371165,android.intent.action.PACKAGE_RESTARTED,4,ResolveInfo{426f19e com.jingdong.app.mall/.broadcastReceiver.AppStateRecevier m=0x208000}]
05-13 13:16:48.645  4060 17973 I am_proc_bound: [0,29737,android.ext.services]
05-13 13:16:48.705  4060 23153 I notification_autogrouped: 0|com.android.bbklog|1|null|1000
05-13 13:16:48.706  4060  6521 I notification_autogrouped: 0|com.android.bbklog|1|null|1000
05-13 13:16:48.708  4060 17969 I notification_autogrouped: 0|com.bbk.iqoo.logsystem|3|null|10064
05-13 13:16:48.710  4060  5555 I notification_autogrouped: 0|com.bbk.iqoo.logsystem|3|null|10064
05-13 13:18:02.219  4060 23153 I am_broadcast_discard_app: [0,120885072,NULL,0,ResolveInfo{ceb9549 com.happyelements.AndroidAnimal/com.happyelements.gsp.android.notification.gcn.GcnBroadcastReceiver m=0x0}]
05-13 13:18:02.257  4060  4100 I am_pss  : [29667,10128,com.tencent.mobileqq:qzone,37011456,32391168,0]
05-13 13:18:02.300  4060  4100 I am_pss  : [29737,10013,android.ext.services,4544512,2506752,0]
05-13 13:18:02.334  4060  4100 I am_pss  : [11158,10081,com.vivo.safecenter,6343680,5545984,0]
05-13 13:18:02.380  4060  4100 I am_pss  : [8885,10063,com.iqoo.secure:remote,34800640,33296384,0]
05-13 13:18:14.550  4060 17974 I am_proc_start: [0,29771,1000,com.alps.lcn:remote,service,com.alps.lcn/com.baidu.location.f]
05-13 13:18:14.573  4060 23154 I am_proc_bound: [0,29771,com.alps.lcn:remote]
05-13 13:18:47.664  4060 17966 I am_mem_factor: [2,3]
05-13 13:18:47.759  4060 17975 I am_proc_died: [0,29771,com.alps.lcn:remote]
05-13 13:18:47.761  4060 17975 I am_mem_factor: [3,2]
05-13 13:18:48.042  4060  4100 I am_meminfo: [610017280,406851584,0,345505792,229974016]
05-13 13:18:48.115  4060  4100 I am_pss  : [10441,10128,com.tencent.mobileqq,206912512,198955008,0]
05-13 13:18:48.134  4060  4100 I am_pss  : [7786,10128,com.tencent.mobileqq:MSF,27579392,25088000,0]
05-13 13:18:48.160  4060  4100 I am_pss  : [7375,10034,com.bbk.launcher2,98906112,95879168,0]
05-13 13:18:48.180  4060  4100 I am_pss  : [29667,10128,com.tencent.mobileqq:qzone,37515264,32894976,0]
05-13 13:18:48.194  4060  4100 I am_pss  : [6575,1000,com.vivo.doubleinstance,4307968,3571712,0]
05-13 13:18:48.233  4060  4100 I am_pss  : [7930,10132,com.tencent.mm,118185984,113057792,0]
05-13 13:18:48.253  4060  4100 I am_pss  : [6631,1000,com.android.bbklog,27490304,25313280,0]
05-13 13:18:48.285  4060  4100 I am_pss  : [5085,10062,com.baidu.input_bbk.service,60751872,56041472,0]
05-13 13:18:48.302  4060  4100 I am_pss  : [12412,10128,com.tencent.mobileqq:TMAssistantDownloadSDKService,18527232,16625664,0]
05-13 13:18:48.320  4060  4100 I am_pss  : [5403,1000,com.android.settings,20792320,19451904,0]
05-13 13:18:48.337  4060  4100 I am_pss  : [16602,10085,com.vivo.secime.service,17358848,11038720,0]
05-13 13:18:48.847  4060  4100 I am_pss  : [5857,10064,com.bbk.iqoo.logsystem,59352064,57450496,0]
05-13 13:18:48.860  4060  4100 I am_pss  : [29737,10013,android.ext.services,4579328,2576384,0]
05-13 13:18:48.875  4060  4100 I am_pss  : [15831,1000,com.qti.service.colorservice,3729408,2985984,0]
05-13 13:18:48.889  4060  4100 I am_pss  : [4971,1000,com.vivo.appfilter,8129536,7249920,0]
05-13 13:18:48.904  4060  4100 I am_pss  : [16654,10056,com.vivo.doubletimezoneclock,13619200,12197888,0]
05-13 13:18:48.919  4060  4100 I am_pss  : [25602,10087,com.bbk.updater,11971584,10461184,0]
05-13 13:18:48.934  4060  4100 I am_pss  : [21539,10011,android.process.media,7221248,5763072,0]
05-13 13:18:48.952  4060  4100 I am_pss  : [8522,10055,com.vivo.devicereg,41360384,40275968,0]
05-13 13:18:48.969  4060  4100 I am_pss  : [15967,10030,com.bbk.appstore,12604416,10719232,0]
05-13 13:18:48.983  4060  4100 I am_pss  : [6950,1000,com.vivo.wifi.networkdetect,4832256,3919872,0]
05-13 13:18:48.998  4060  4100 I am_pss  : [12702,10028,com.vivo.audiofx,5256192,4333568,0]
05-13 13:18:49.012  4060  4100 I am_pss  : [25708,1000,com.volte.config,3299328,2379776,0]
05-13 13:18:49.027  4060  4100 I am_pss  : [25684,1000,com.qualcomm.display,3408896,2494464,0]
05-13 13:18:49.043  4060  4100 I am_pss  : [25633,10092,com.android.camera,14189568,11636736,0]
05-13 13:18:49.057  4060  4100 I am_pss  : [25551,1000,com.qualcomm.qti.appnetaccess,3667968,2686976,0]
05-13 13:18:49.072  4060  4100 I am_pss  : [20210,10002,android.process.acore,16151552,14123008,0]
05-13 13:18:49.087  4060  4100 I am_pss  : [25218,10045,com.vivo.weather.provider,12856320,11051008,0]
05-13 13:18:49.102  4060  4100 I am_pss  : [14795,10097,com.vivo.gallery,6219776,4198400,0]
05-13 13:18:49.117  4060  4100 I am_pss  : [25271,1000,org.simalliance.openmobileapi.service:remote,4591616,3297280,0]
05-13 13:18:49.145  4060  4100 I am_pss  : [24614,10155,com.eg.android.AlipayGphone,68818944,59047936,0]
05-13 13:18:49.165  4060  4100 I am_pss  : [23624,10155,com.eg.android.AlipayGphone:push,32822272,24047616,0]
05-13 13:18:49.179  4060  4100 I am_pss  : [18605,10041,com.android.BBKClock,4974592,3751936,0]
05-13 13:18:49.195  4060  4100 I am_pss  : [17284,10110,com.chaozh.iReader,13490176,11370496,0]
05-13 13:18:49.210  4060  4100 I am_pss  : [16755,1000,com.vivo.abe:pushservice_v1,14033920,11939840,0]
05-13 13:18:49.227  4060  4100 I am_pss  : [5482,1000,com.vivo.smartmultiwindow,20680704,19120128,0]
05-13 13:18:49.242  4060  4100 I am_pss  : [11158,10081,com.vivo.safecenter,6343680,5545984,0]
05-13 13:18:49.257  4060  4100 I am_pss  : [14966,10101,com.vivo.sdkplugin,5142528,3264512,0]
05-13 13:18:49.278  4060  4100 I am_pss  : [20188,10132,com.tencent.mm:tools,21152768,17936384,0]
05-13 13:18:49.296  4060  4100 I am_pss  : [7740,10132,com.tencent.mm:push,17817600,15519744,0]
05-13 13:18:49.318  4060  4100 I am_pss  : [9134,10128,com.tencent.mobileqq:openSdk,26715136,21508096,0]
05-13 13:18:49.333  4060  4100 I am_pss  : [9272,1000,com.vivo.permissionmanager,12356608,11493376,0]
05-13 13:18:49.351  4060  4100 I am_pss  : [19927,1001,com.android.incallui,17307648,15929344,0]
05-13 13:18:49.369  4060  4100 I am_pss  : [8885,10063,com.iqoo.secure:remote,34825216,33320960,0]
05-13 13:18:49.383  4060  4100 I am_pss  : [5788,10002,com.vivo.sim.contacts,4322304,3530752,0]
05-13 13:18:49.402  4060  4100 I am_pss  : [5066,1002,com.android.bluetooth,9001984,7573504,0]
05-13 13:18:49.417  4060  4100 I am_pss  : [9962,1000,com.vivo.intelliengine,10192896,9003008,0]
05-13 13:18:49.433  4060  4100 I am_pss  : [9904,10132,com.tencent.mm:exdevice,10223616,8798208,0]
05-13 13:18:49.447  4060  4100 I am_pss  : [5803,1001,com.qualcomm.qcrilmsgtunnel,3801088,3080192,0]
05-13 13:18:49.463  4060  4100 I am_pss  : [7978,10132,com.tencent.mm:recovery,7464960,5996544,0]
05-13 13:18:49.477  4060  4100 I am_pss  : [6494,10071,com.oma.drm.server,3662848,2945024,0]
05-13 13:18:49.493  4060  4100 I am_pss  : [6478,10017,com.baidu.map.location,13821952,12238848,0]
05-13 13:18:49.507  4060  4100 I am_pss  : [6467,1001,com.qualcomm.qti.loadcarrier,3382272,2674688,0]
05-13 13:18:49.522  4060  4100 I am_pss  : [6452,1000,com.alps.lcn,6800384,5873664,0]
05-13 13:18:49.539  4060  4100 I am_pss  : [6440,1000,com.vivo.abe,27681792,25477120,0]
05-13 13:18:49.562  4060  4100 I am_pss  : [5547,1001,com.android.phone,33565696,31924224,0]
05-13 13:18:49.586  4060  4100 I am_pss  : [7389,1000,com.vivo.upslide,115103744,112803840,0]
05-13 13:18:49.600  4060  4100 I am_pss  : [5513,1000,com.android.server.telecom,7676928,6815744,0]
05-13 13:18:49.616  4060  4100 I am_pss  : [5507,1000,.dataservices,7035904,6201344,0]
05-13 13:18:49.638  4060  4100 I am_pss  : [5389,1000,com.vivo.daemonService,28700672,26787840,0]
05-13 13:18:49.669  4060  4100 I am_pss  : [5202,10024,com.android.systemui,93834240,89473024,0]
05-13 13:18:49.725  4060  4100 I am_pss  : [4060,1000,system,153561088,149716992,0]
05-13 13:19:18.098  4060  4060 I free_storage_changed: 22779715584
05-13 13:19:31.797  4060  4100 I am_pss  : [10441,10128,com.tencent.mobileqq,207080448,199122944,0]
05-13 13:19:31.821  4060  4100 I am_pss  : [7786,10128,com.tencent.mobileqq:MSF,27726848,25235456,0]
05-13 13:19:31.850  4060  4100 I am_pss  : [7375,10034,com.bbk.launcher2,98906112,95879168,0]
05-13 13:19:31.872  4060  4100 I am_pss  : [29667,10128,com.tencent.mobileqq:qzone,38854656,34226176,0]
05-13 13:19:31.886  4060  4100 I am_pss  : [6575,1000,com.vivo.doubleinstance,4307968,3571712,0]
05-13 13:19:31.924  4060  4100 I am_pss  : [7930,10132,com.tencent.mm,118190080,113061888,0]
05-13 13:19:31.945  4060  4100 I am_pss  : [6631,1000,com.android.bbklog,27502592,25325568,0]
05-13 13:19:31.976  4060  4100 I am_pss  : [5085,10062,com.baidu.input_bbk.service,60751872,56041472,0]
05-13 13:19:31.994  4060  4100 I am_pss  : [12412,10128,com.tencent.mobileqq:TMAssistantDownloadSDKService,18895872,16994304,0]
05-13 13:19:32.012  4060  4100 I am_pss  : [5403,1000,com.android.settings,20792320,19451904,0]
05-13 13:19:32.029  4060  4100 I am_pss  : [16602,10085,com.vivo.secime.service,17358848,11038720,0]
05-13 13:19:32.542  4060  4100 I am_pss  : [5857,10064,com.bbk.iqoo.logsystem,59352064,57450496,0]
05-13 13:19:32.556  4060  4100 I am_pss  : [29737,10013,android.ext.services,4579328,2576384,0]
05-13 13:19:32.570  4060  4100 I am_pss  : [15831,1000,com.qti.service.colorservice,3729408,2985984,0]
05-13 13:19:32.584  4060  4100 I am_pss  : [4971,1000,com.vivo.appfilter,8129536,7249920,0]
05-13 13:19:32.599  4060  4100 I am_pss  : [16654,10056,com.vivo.doubletimezoneclock,13619200,12197888,0]
05-13 13:19:32.614  4060  4100 I am_pss  : [25602,10087,com.bbk.updater,12004352,10493952,0]
05-13 13:19:32.630  4060  4100 I am_pss  : [21539,10011,android.process.media,7221248,5763072,0]
05-13 13:19:32.648  4060  4100 I am_pss  : [8522,10055,com.vivo.devicereg,41360384,40275968,0]
05-13 13:19:32.664  4060  4100 I am_pss  : [15967,10030,com.bbk.appstore,12609536,10719232,0]
05-13 13:19:32.679  4060  4100 I am_pss  : [6950,1000,com.vivo.wifi.networkdetect,4832256,3919872,0]
05-13 13:19:32.694  4060 17965 I am_proc_died: [0,29667,com.tencent.mobileqq:qzone]
05-13 13:19:32.694  4060 17965 I am_schedule_service_restart: [0,com.tencent.mobileqq/cooperation.qzone.remote.logic.QzoneWebPluginProxyService,1000]
05-13 13:19:32.699  4060  4100 I am_pss  : [12702,10028,com.vivo.audiofx,5257216,4333568,0]
05-13 13:19:32.713  4060  4100 I am_pss  : [25708,1000,com.volte.config,3299328,2379776,0]
05-13 13:19:32.728  4060  4100 I am_pss  : [25684,1000,com.qualcomm.display,3408896,2494464,0]
05-13 13:19:32.744  4060  4100 I am_pss  : [25633,10092,com.android.camera,14395392,11657216,0]
05-13 13:19:32.758  4060  4100 I am_pss  : [25551,1000,com.qualcomm.qti.appnetaccess,3667968,2686976,0]
05-13 13:19:32.774  4060  4100 I am_pss  : [20210,10002,android.process.acore,16152576,14123008,0]
05-13 13:19:32.789  4060  4100 I am_pss  : [25218,10045,com.vivo.weather.provider,12861440,11051008,0]
05-13 13:19:32.804  4060  4100 I am_pss  : [14795,10097,com.vivo.gallery,6403072,4206592,0]
05-13 13:19:32.819  4060  4100 I am_pss  : [25271,1000,org.simalliance.openmobileapi.service:remote,4591616,3297280,0]
05-13 13:19:32.847  4060  4100 I am_pss  : [24614,10155,com.eg.android.AlipayGphone,69323776,59199488,0]
05-13 13:19:32.866  4060  4100 I am_pss  : [23624,10155,com.eg.android.AlipayGphone:push,33234944,24113152,0]
05-13 13:19:32.881  4060  4100 I am_pss  : [18605,10041,com.android.BBKClock,4976640,3751936,0]
05-13 13:19:32.897  4060  4100 I am_pss  : [17284,10110,com.chaozh.iReader,13702144,11411456,0]
05-13 13:19:32.912  4060  4100 I am_pss  : [16755,1000,com.vivo.abe:pushservice_v1,14033920,11939840,0]
05-13 13:19:32.929  4060  4100 I am_pss  : [5482,1000,com.vivo.smartmultiwindow,20681728,19120128,0]
05-13 13:19:32.943  4060  4100 I am_pss  : [11158,10081,com.vivo.safecenter,6343680,5545984,0]
05-13 13:19:32.958  4060  4100 I am_pss  : [14966,10101,com.vivo.sdkplugin,5289984,3264512,0]
05-13 13:19:32.979  4060  4100 I am_pss  : [20188,10132,com.tencent.mm:tools,21366784,17940480,0]
05-13 13:19:32.996  4060  4100 I am_pss  : [7740,10132,com.tencent.mm:push,17923072,15519744,0]
05-13 13:19:33.018  4060  4100 I am_pss  : [9134,10128,com.tencent.mobileqq:openSdk,28421120,23908352,0]
05-13 13:19:33.034  4060  4100 I am_pss  : [9272,1000,com.vivo.permissionmanager,12360704,11497472,0]
05-13 13:19:33.052  4060  4100 I am_pss  : [19927,1001,com.android.incallui,17308672,15929344,0]
05-13 13:19:33.069  4060  4100 I am_pss  : [8885,10063,com.iqoo.secure:remote,34837504,33333248,0]
05-13 13:19:33.083  4060  4100 I am_pss  : [5788,10002,com.vivo.sim.contacts,4322304,3530752,0]
05-13 13:19:33.102  4060  4100 I am_pss  : [5066,1002,com.android.bluetooth,9105408,7573504,0]
05-13 13:19:33.117  4060  4100 I am_pss  : [9962,1000,com.vivo.intelliengine,10192896,9003008,0]
05-13 13:19:33.133  4060  4100 I am_pss  : [9904,10132,com.tencent.mm:exdevice,10310656,8798208,0]
05-13 13:19:33.147  4060  4100 I am_pss  : [5803,1001,com.qualcomm.qcrilmsgtunnel,3801088,3080192,0]
05-13 13:19:33.163  4060  4100 I am_pss  : [7978,10132,com.tencent.mm:recovery,7557120,5996544,0]
05-13 13:19:33.719  4060  4102 I am_proc_start: [0,29844,10128,com.tencent.mobileqq:qzone,service,com.tencent.mobileqq/cooperation.qzone.remote.logic.QzoneWebPluginProxyService]
05-13 13:19:33.745  4060  5565 I am_proc_bound: [0,29844,com.tencent.mobileqq:qzone]
05-13 13:21:20.776  4060  4060 I am_broadcast_discard_app: [0,21224314,NULL,0,ResolveInfo{11fcf2b com.happyelements.AndroidAnimal/com.happyelements.gsp.android.notification.gcn.GcnBroadcastReceiver m=0x0}]
05-13 13:21:20.784  4060  4102 I am_broadcast_discard_app: [0,32276360,NULL,0,ResolveInfo{bbded21 com.happyelements.AndroidAnimal/com.happyelements.gsp.android.notification.gcn.GcnBroadcastReceiver m=0x0}]
05-13 13:21:20.786  4060  4102 I am_broadcast_discard_app: [0,111424838,NULL,0,ResolveInfo{64a3307 com.happyelements.AndroidAnimal/com.happyelements.gsp.android.notification.gcn.GcnBroadcastReceiver m=0x0}]
05-13 13:21:20.948  4060  4100 I am_pss  : [4060,1000,system,154224640,150380544,0]
05-13 13:21:20.996  4060  4100 I am_pss  : [5202,10024,com.android.systemui,93838336,89477120,0]
05-13 13:21:21.022  4060  4100 I am_pss  : [29844,10128,com.tencent.mobileqq:qzone,37217280,32600064,0]
05-13 13:21:21.039  4060  4100 I am_pss  : [6494,10071,com.oma.drm.server,3662848,2945024,0]
05-13 13:21:21.058  4060  4100 I am_pss  : [6478,10017,com.baidu.map.location,13821952,12238848,0]
05-13 13:21:21.072  4060  4100 I am_pss  : [6467,1001,com.qualcomm.qti.loadcarrier,3382272,2674688,0]
05-13 13:21:21.087  4060  4100 I am_pss  : [6452,1000,com.alps.lcn,6788096,5861376,0]
05-13 13:21:21.104  4060  4100 I am_pss  : [6440,1000,com.vivo.abe,32179200,29974528,0]
05-13 13:21:21.127  4060  4100 I am_pss  : [5547,1001,com.android.phone,33569792,31928320,0]
05-13 13:21:21.151  4060  4100 I am_pss  : [7389,1000,com.vivo.upslide,115103744,112803840,0]
05-13 13:21:21.165  4060  4100 I am_pss  : [5513,1000,com.android.server.telecom,7676928,6815744,0]
05-13 13:21:21.181  4060  4100 I am_pss  : [5507,1000,.dataservices,7035904,6201344,0]
05-13 13:21:21.203  4060  4100 I am_pss  : [5389,1000,com.vivo.daemonService,29081600,27168768,0]
05-13 13:21:48.833  4060 17970 I am_kill : [0,29737,android.ext.services,100,stop android.ext.services]
05-13 13:21:48.833  4060 17970 I am_schedule_service_restart: [0,android.ext.services/.notification.Ranker,1000]
05-13 13:21:48.844  4060  4060 I notification_cancel_all: [1000,4060,android.ext.services,0,0,0,5,NULL]
05-13 13:21:48.894  4060  4060 I am_proc_start: [0,29946,10013,android.ext.services,service,android.ext.services/.notification.Ranker]
05-13 13:21:48.899  4060  4100 I am_pss  : [11158,10081,com.vivo.safecenter,6359040,5545984,0]
05-13 13:21:48.900  4060  5421 I am_broadcast_discard_app: [0,169781022,android.intent.action.PACKAGE_RESTARTED,4,ResolveInfo{9d6d91b com.jingdong.app.mall/.broadcastReceiver.AppStateRecevier m=0x208000}]
05-13 13:21:48.911  4060  6521 I am_proc_bound: [0,29946,android.ext.services]
05-13 13:21:48.936  4060  4100 I am_pss  : [8885,10063,com.iqoo.secure:remote,34889728,33382400,0]
05-13 13:21:48.968  4060 17975 I notification_autogrouped: 0|com.android.bbklog|1|null|1000
05-13 13:21:48.970  4060 17974 I notification_autogrouped: 0|com.android.bbklog|1|null|1000
05-13 13:21:48.971  4060 17967 I notification_autogrouped: 0|com.bbk.iqoo.logsystem|3|null|10064
05-13 13:21:48.973  4060  5539 I notification_autogrouped: 0|com.bbk.iqoo.logsystem|3|null|10064
05-13 13:22:31.883  4060  4100 I am_pss  : [29946,10013,android.ext.services,4545536,2498560,0]
05-13 13:22:32.784  4060 17970 I am_proc_died: [0,29844,com.tencent.mobileqq:qzone]
05-13 13:22:32.785  4060 17970 I am_schedule_service_restart: [0,com.tencent.mobileqq/cooperation.qzone.remote.logic.QzoneWebPluginProxyService,1000]
05-13 13:22:33.806  4060  4102 I am_proc_start: [0,29973,10128,com.tencent.mobileqq:qzone,service,com.tencent.mobileqq/cooperation.qzone.remote.logic.QzoneWebPluginProxyService]
05-13 13:22:33.833  4060  5421 I am_proc_bound: [0,29973,com.tencent.mobileqq:qzone]
05-13 13:23:02.097  4060  4300 I am_wtf  : [0,4060,system_server,-1,ActivityManager,Sending non-protected broadcast com.vivo.pem.power from system uid 1000 pkg com.vivo.pem]
05-13 13:23:02.105  4060  4300 I am_wtf  : [0,4060,system_server,-1,ActivityManager,Sending non-protected broadcast com.vivo.push.AlarmAciton.Retry from system uid 1000 pkg com.vivo.abe]
05-13 13:23:02.189  4060  4100 I am_pss  : [29973,10128,com.tencent.mobileqq:qzone,36185088,31584256,0]
05-13 13:23:02.193  4060  6527 I am_broadcast_discard_app: [0,86863563,NULL,0,ResolveInfo{81c36a8 com.happyelements.AndroidAnimal/com.happyelements.gsp.android.notification.gcn.GcnBroadcastReceiver m=0x0}]
05-13 13:23:02.195  4060  4100 I sync    : [com.tencent.news.account,0,4,1022781436]
05-13 13:23:02.350  4060  5554 I am_kill : [0,29946,android.ext.services,100,stop android.ext.services]
05-13 13:23:02.350  4060  5554 I am_schedule_service_restart: [0,android.ext.services/.notification.Ranker,1000]
05-13 13:23:02.361  4060  4060 I notification_cancel_all: [1000,4060,android.ext.services,0,0,0,5,NULL]
05-13 13:23:02.407  4060  4060 I am_proc_start: [0,30050,10013,android.ext.services,service,android.ext.services/.notification.Ranker]
05-13 13:23:02.423  4060 19040 I am_broadcast_discard_app: [0,150438193,android.intent.action.PACKAGE_RESTARTED,4,ResolveInfo{7cb27a2 com.jingdong.app.mall/.broadcastReceiver.AppStateRecevier m=0x208000}]
05-13 13:23:02.435  4060 23054 I am_proc_bound: [0,30050,android.ext.services]
05-13 13:23:02.517  4060  5536 I notification_autogrouped: 0|com.android.bbklog|1|null|1000
05-13 13:23:02.519  4060 17966 I notification_autogrouped: 0|com.android.bbklog|1|null|1000
05-13 13:23:02.520  4060  4076 I notification_autogrouped: 0|com.bbk.iqoo.logsystem|3|null|10064
05-13 13:23:02.522  4060 19040 I notification_autogrouped: 0|com.bbk.iqoo.logsystem|3|null|10064
05-13 13:24:56.285  4060  4102 I am_broadcast_discard_app: [0,71547590,NULL,0,ResolveInfo{ee30a87 com.happyelements.AndroidAnimal/com.happyelements.gsp.android.notification.gcn.GcnBroadcastReceiver m=0x0}]
05-13 13:24:56.358  4060  4100 I am_pss  : [30050,10013,android.ext.services,4558848,2498560,0]
05-13 13:24:56.391  4060  4100 I am_pss  : [11158,10081,com.vivo.safecenter,6343680,5545984,0]
05-13 13:24:56.431  4060  4100 I am_pss  : [8885,10063,com.iqoo.secure:remote,34956288,33452032,0]
05-13 13:24:56.434  4060  4100 I sync    : [com.tencent.mtt.account.sync,0,4,105225487]
05-13 13:25:32.910  4060  4076 I am_proc_died: [0,29973,com.tencent.mobileqq:qzone]
05-13 13:25:32.911  4060  4076 I am_schedule_service_restart: [0,com.tencent.mobileqq/cooperation.qzone.remote.logic.QzoneWebPluginProxyService,1000]
05-13 13:25:33.936  4060  4102 I am_proc_start: [0,30088,10128,com.tencent.mobileqq:qzone,service,com.tencent.mobileqq/cooperation.qzone.remote.logic.QzoneWebPluginProxyService]
05-13 13:25:33.961  4060 17968 I am_proc_bound: [0,30088,com.tencent.mobileqq:qzone]
05-13 13:25:38.069 10441 11461 I force_gc: Binder
05-13 13:28:02.095  4060  4102 I am_broadcast_discard_app: [0,44313097,NULL,0,ResolveInfo{aad40e com.happyelements.AndroidAnimal/com.happyelements.gsp.android.notification.gcn.GcnBroadcastReceiver m=0x0}]
05-13 13:28:02.098  4060  4102 I am_broadcast_discard_app: [0,103595567,NULL,0,ResolveInfo{a597c3c com.happyelements.AndroidAnimal/com.happyelements.gsp.android.notification.gcn.GcnBroadcastReceiver m=0x0}]
05-13 13:28:02.101  4060  4300 I am_wtf  : [0,4060,system_server,-1,ActivityManager,Sending non-protected broadcast com.vivo.pem.power from system uid 1000 pkg com.vivo.pem]
05-13 13:28:02.193  4060  4100 I am_pss  : [30088,10128,com.tencent.mobileqq:qzone,37917696,33275904,0]
05-13 13:28:02.242  4060  4100 I am_pss  : [11158,10081,com.vivo.safecenter,6343680,5545984,0]
05-13 13:28:02.287  4060  4100 I am_pss  : [8885,10063,com.iqoo.secure:remote,35030016,33525760,0]
05-13 13:28:02.310  4060  4100 I sync    : [com.huajiao.account.syncprovider,0,4,1064065]
05-13 13:28:02.352  4060  6527 I am_kill : [0,30050,android.ext.services,100,stop android.ext.services]
05-13 13:28:02.353  4060  6527 I am_schedule_service_restart: [0,android.ext.services/.notification.Ranker,1000]
05-13 13:28:02.362  4060  4060 I notification_cancel_all: [1000,4060,android.ext.services,0,0,0,5,NULL]
05-13 13:28:02.401  4060  4060 I am_proc_start: [0,30196,10013,android.ext.services,service,android.ext.services/.notification.Ranker]
05-13 13:28:02.414  4060  5137 I am_broadcast_discard_app: [0,174465083,android.intent.action.PACKAGE_RESTARTED,4,ResolveInfo{f2bdd04 com.jingdong.app.mall/.broadcastReceiver.AppStateRecevier m=0x208000}]
05-13 13:28:02.419  4060 23054 I am_proc_bound: [0,30196,android.ext.services]
05-13 13:28:02.486  4060  5555 I notification_autogrouped: 0|com.android.bbklog|1|null|1000
05-13 13:28:02.488  4060  5554 I notification_autogrouped: 0|com.android.bbklog|1|null|1000
05-13 13:28:02.490  4060  6521 I notification_autogrouped: 0|com.bbk.iqoo.logsystem|3|null|10064
05-13 13:28:02.491  4060 17971 I notification_autogrouped: 0|com.bbk.iqoo.logsystem|3|null|10064
05-13 13:28:32.169  4060  4100 I am_pss  : [30196,10013,android.ext.services,4562944,2498560,0]
