05-27 09:45:02.845  2584  2714 I sysui_action: [325,172334]
05-27 09:45:02.848  5672  5672 I am_on_paused_called: [0,com.bbk.launcher2.Launcher,handlePauseActivity]
05-27 09:45:02.860  2584  5627 I am_proc_start: [0,8931,10033,com.android.filemanager,activity,com.android.filemanager/.FileManagerListActivity]
05-27 09:45:02.876  2584  4278 I am_proc_bound: [0,8931,com.android.filemanager]
05-27 09:45:02.891  2584  4278 I am_restart_activity: [0,210672731,123,com.android.filemanager/.FileManagerListActivity]
05-27 09:45:02.922  2584  3140 I sysui_action: [321,94]
05-27 09:45:02.922  2584  3140 I sysui_action: [320,1]
05-27 09:45:02.922  2584  3140 I sysui_action: [319,94]
05-27 09:45:03.179  8931  8931 I am_on_resume_called: [0,com.android.filemanager.FileManagerListActivity,LAUNCH_ACTIVITY]
05-27 09:45:03.216  2584 28974 I am_proc_died: [0,7792,tv.danmaku.bili:download]
05-27 09:45:03.216  2584 28974 I am_schedule_service_restart: [0,tv.danmaku.bili/com.bilibili.videodownloader.service.VideoDownloadService,1000]
05-27 09:45:03.217  2584 28974 I am_low_memory: 65
05-27 09:45:03.316  2584  3140 I sysui_action: [322,488]
05-27 09:45:03.316  2584  3140 I am_activity_launch_time: [0,210672731,com.android.filemanager/.FileManagerListActivity,467,467]
05-27 09:45:03.353  2584  7697 I am_stop_activity: [0,20409518,com.bbk.launcher2/.Launcher]
05-27 09:45:03.355  5672  5672 I am_on_stop_called: [0,com.bbk.launcher2.Launcher,handleStopActivity]
05-27 09:45:03.375   511   511 I sf_frame_dur: [com.bbk.launcher2/com.bbk.launcher2.Launcher,186,5,1,5,3,1,1]
05-27 09:45:04.228  2584  2873 I am_proc_start: [0,8972,10137,tv.danmaku.bili:download,service,tv.danmaku.bili/com.bilibili.videodownloader.service.VideoDownloadService]
05-27 09:45:04.245  2584 28968 I am_proc_bound: [0,8972,tv.danmaku.bili:download]
05-27 09:45:04.500  2584  5622 I am_proc_start: [0,9005,10137,tv.danmaku.bili,content provider,tv.danmaku.bili/.preferences.multiprocess.DefaultPreferencesProvider]
05-27 09:45:04.506  2584  7700 I am_proc_bound: [0,9005,tv.danmaku.bili]
05-27 09:45:04.715  2584  2712 I am_proc_died: [0,7984,android.process.acore]
05-27 09:45:04.716  2584  2712 I am_schedule_service_restart: [0,com.android.providers.contacts/.smartdialer.BBKDialerInitService,1000]
05-27 09:45:04.718  2584  2712 I am_low_memory: 66
05-27 09:45:05.741  2584  2873 I am_proc_start: [0,9056,10002,android.process.acore,service,com.android.providers.contacts/.smartdialer.BBKDialerInitService]
05-27 09:45:05.754  2584  7701 I am_proc_bound: [0,9056,android.process.acore]
05-27 09:45:05.985  2584  2714 I am_proc_died: [0,7703,com.chaozh.iReader]
05-27 09:45:05.985  2584  2714 I am_schedule_service_restart: [0,com.chaozh.iReader/com.zhangyue.iReader.fileDownload.ServiceDownloadNC,1000]
05-27 09:45:05.987  2584  2714 I am_low_memory: 66
05-27 09:45:06.999  2584  2873 I am_proc_start: [0,9082,10111,com.chaozh.iReader,service,com.chaozh.iReader/com.zhangyue.iReader.fileDownload.ServiceDownloadNC]
05-27 09:45:07.016  2584  4622 I am_proc_bound: [0,9082,com.chaozh.iReader]
05-27 09:45:07.257  2584 28972 I am_proc_died: [0,8225,com.android.bbkmusic]
05-27 09:45:07.258  2584 28972 I am_schedule_service_restart: [0,com.android.bbkmusic/.service.MusicService,1000]
05-27 09:45:07.260  2584 28972 I am_low_memory: 66
05-27 09:45:08.270  2584  2873 I am_proc_start: [0,9107,10035,com.android.bbkmusic,service,com.android.bbkmusic/.service.MusicService]
05-27 09:45:08.289  2584 28974 I am_proc_bound: [0,9107,com.android.bbkmusic]
05-27 09:45:16.012  2584  2872 I am_pss  : [8931,10033,com.android.filemanager,30380032,25124864,0]
05-27 09:45:16.034  2584  2872 I am_pss  : [5975,10011,android.process.media,30582784,29548544,0]
05-27 09:45:16.060  2584  2872 I am_pss  : [8451,2000,com.mushroom.systrace,17605632,12963840,0]
05-27 09:45:16.087  2584  2872 I am_pss  : [6591,10063,com.iqoo.secure:remote,50939904,48357376,0]
05-27 09:45:16.107  2584  2872 I am_pss  : [8354,10081,com.vivo.safecenter,7821312,7258112,0]
05-27 09:45:27.849  2584  2872 I am_pss  : [5553,1000,com.vivo.doubleinstance,6246400,5591040,0]
05-27 09:45:27.872  2584  2872 I am_pss  : [9082,10111,com.chaozh.iReader,14743552,11988992,0]
05-27 09:45:27.896  2584  2872 I am_pss  : [9056,10002,android.process.acore,13547520,10604544,0]
05-27 09:45:27.921  2584  2872 I am_pss  : [8972,10137,tv.danmaku.bili:download,13993984,8425472,0]
05-27 09:45:27.950  2584  2872 I am_pss  : [4809,10064,com.bbk.iqoo.logsystem,22196224,21159936,0]
05-27 09:45:30.210  2584  2872 I am_pss  : [9107,10035,com.android.bbkmusic,14457856,11386880,0]
05-27 09:45:31.547  2584  2584 I free_storage_changed: 8539729920
05-27 09:45:35.151  2584  9744 I battery_status: [3,2,1,2,Li-ion]
05-27 09:45:35.206  2584  4276 I battery_status: [3,2,1,0,Li-ion]
05-27 09:45:35.225  2584  2873 I am_broadcast_discard_app: [0,20935747,android.intent.action.ACTION_POWER_DISCONNECTED,0,ResolveInfo{c431ac0 com.tencent.clover/com.tencent.android.tpush.XGPushReceiver p=2147483647 m=0x108000}]
05-27 09:45:35.225  2584  2873 I am_broadcast_discard_app: [0,20935747,android.intent.action.ACTION_POWER_DISCONNECTED,1,ResolveInfo{b3913f9 com.tencent.feiji/com.tencent.android.tpush.XGPushReceiver p=2147483647 m=0x108000}]
05-27 09:45:35.225  2584  2873 I am_broadcast_discard_app: [0,20935747,android.intent.action.ACTION_POWER_DISCONNECTED,2,ResolveInfo{6f98f3e com.tencent.game.SSGame/com.tencent.android.tpush.XGPushReceiver p=2147483647 m=0x108000}]
05-27 09:45:35.226  2584  2873 I am_broadcast_discard_app: [0,20935747,android.intent.action.ACTION_POWER_DISCONNECTED,3,ResolveInfo{9db119f com.tencent.game.VXDGame/com.tencent.android.tpush.XGPushReceiver p=2147483647 m=0x108000}]
05-27 09:45:35.241  2584  2873 I am_proc_start: [0,9280,10030,com.bbk.appstore,broadcast,com.bbk.appstore/com.vivo.push.sdk.service.PushServiceReceiver]
05-27 09:45:35.341  2584  4796 I am_proc_bound: [0,9280,com.bbk.appstore]
05-27 09:45:35.358  2584  2873 I am_wtf  : [0,2584,system_server,-1,KernelWakelockReader,neither /proc/wakelocks nor /d/wakeup_sources exists]
05-27 09:45:35.441  2584  2872 I am_pss  : [5672,10034,com.bbk.launcher2,75810816,72769536,0]
05-27 09:45:35.467  2584  2872 I am_pss  : [9005,10137,tv.danmaku.bili,34751488,28356608,0]
05-27 09:45:35.488  2584  2872 I am_pss  : [7462,10045,com.vivo.weather.provider,10471424,8937472,0]
05-27 09:45:35.759  2584  7697 I am_broadcast_discard_app: [0,20935747,android.intent.action.ACTION_POWER_DISCONNECTED,7,ResolveInfo{a6e35b4 com.baidu.BaiduMap/com.baidu.android.pushservice.PushServiceReceiver m=0x108000}]
05-27 09:45:35.761  2584  2873 I am_broadcast_discard_app: [0,20935747,android.intent.action.ACTION_POWER_DISCONNECTED,8,ResolveInfo{281e5dd com.gameabc.zhanqiAndroid/com.igexin.sdk.PushReceiver m=0x108000}]
05-27 09:45:35.766  2584  2873 I am_broadcast_discard_app: [0,20935747,android.intent.action.ACTION_POWER_DISCONNECTED,9,ResolveInfo{b466552 com.jm.android.jumei/com.igexin.sdk.PushReceiver m=0x108000}]
05-27 09:45:35.767  2584  2873 I am_broadcast_discard_app: [0,20935747,android.intent.action.ACTION_POWER_DISCONNECTED,10,ResolveInfo{f445023 com.meitu.meiyancamera/com.igexin.sdk.PushReceiver m=0x108000}]
05-27 09:45:35.769  2584  2873 I am_broadcast_discard_app: [0,20935747,android.intent.action.ACTION_POWER_DISCONNECTED,11,ResolveInfo{e92f920 com.mogujie/com.igexin.sdk.PushReceiver m=0x108000}]
05-27 09:45:35.770  2584  2873 I am_broadcast_discard_app: [0,20935747,android.intent.action.ACTION_POWER_DISCONNECTED,12,ResolveInfo{b3c02d9 com.smile.gifmaker/com.igexin.sdk.PushReceiver m=0x108000}]
05-27 09:45:35.772  2584  2873 I am_broadcast_discard_app: [0,20935747,android.intent.action.ACTION_POWER_DISCONNECTED,13,ResolveInfo{e41849e com.ztgame.bob/com.igexin.sdk.PushReceiver m=0x108000}]
05-27 09:45:36.137  2584  2873 I am_broadcast_discard_app: [0,65303524,android.media.AUDIO_BECOMING_NOISY,0,ResolveInfo{9ed004d cn.kuwo.player/cn.kuwo.mod.playcontrol.HeadsetControlReceiver p=2147483647 m=0x108000}]
05-27 09:45:36.224  2584  2584 I notification_canceled: [0|android|110110|null|1000,8,866271,866271,40345]
05-27 09:45:36.226  2584  2584 I notification_canceled: [0|android|10011|null|1000,8,866270,866270,40347]
05-27 09:45:36.250  2584 28971 I notification_canceled: [0|android|2147483647|group_key_override|1000|ranker_bundle,16,866283,866283,40371]
05-27 09:45:36.288  2584  2584 I notification_enqueue: [10035,9107,com.android.bbkmusic,10001,NULL,0,Notification(pri=0 contentView=null vibrate=null sound=null defaults=0x0 flags=0x0 color=0x00000000 vis=PRIVATE),0]
05-27 09:45:36.330  2584  4780 I notification_expansion: [0|com.mushroom.systrace|2147483647|group_key_override|2000|ranker_bundle,0,1,76593,76593,40451]
05-27 09:45:36.494  2584 28973 I notification_expansion: [0|com.android.bbkmusic|10001|null|10035,0,1,207,207,0]
05-27 09:45:36.874  2584  4145 I stream_devices_changed: [0,4,1]
05-27 09:45:36.879  2584  4145 I stream_devices_changed: [2,6,2]
05-27 09:45:36.880  2584  4145 I stream_devices_changed: [4,6,2]
05-27 09:45:36.885  2584  4145 I stream_devices_changed: [6,4,1]
05-27 09:45:36.892  2584  4145 I stream_devices_changed: [3,4,2]
05-27 09:45:41.283  2584  4177 I am_proc_start: [0,9380,1000,com.bbk.facewake,service,com.bbk.facewake/.FaceWakeService]
05-27 09:45:41.351  2584  4621 I am_proc_bound: [0,9380,com.bbk.facewake]
05-27 09:45:41.446  2584  2874 I am_wtf  : [0,2584,system_server,-1,ActivityManager,Sending non-protected broadcast vivo.intent.action.CHECK_ALERT_WINDOW from system 2584:system/1000 pkg android]
05-27 09:45:41.448  2584  2874 I am_wtf  : [0,2584,system_server,-1,ActivityManager,Sending non-protected broadcast vivo.intent.action.CHECK_ALERT_WINDOW from system 2584:system/1000 pkg android]
05-27 09:45:44.622  2584  9744 I am_mem_factor: [2,3]
05-27 09:45:44.897   511   511 I sf_frame_dur: [SurfaceView - ,0,77,0,0,0,0,0]
05-27 09:45:44.984  2584  2872 I am_meminfo: [-86134784,188641280,0,401334272,293572608]
05-27 09:45:45.018  2584  2872 I am_pss  : [8931,10033,com.android.filemanager,32114688,27262976,0]
05-27 09:45:45.046  2584  2872 I am_pss  : [5975,10011,android.process.media,30431232,29446144,0]
05-27 09:45:45.078  2584  2872 I am_pss  : [5672,10034,com.bbk.launcher2,75618304,72753152,0]
05-27 09:45:45.128  2584  2872 I am_pss  : [4237,10062,com.baidu.input_bbk.service,67018752,64204800,0]
05-27 09:45:45.158  2584  2872 I am_pss  : [8451,2000,com.mushroom.systrace,17451008,13205504,0]
05-27 09:45:45.183  2584  2872 I am_pss  : [5553,1000,com.vivo.doubleinstance,6222848,5607424,0]
05-27 09:45:45.275  2584  2872 I am_pss  : [27980,10129,com.tencent.mobileqq:qzone,204076032,201023488,0]
05-27 09:45:45.380  2584  2872 I am_pss  : [19915,10129,com.tencent.mobileqq,257035264,253665280,0]
05-27 09:45:45.399  2584  2872 I am_pss  : [32543,10129,com.tencent.mobileqq:MSF,26869760,25432064,0]
05-27 09:45:45.402  2584  2873 I am_wtf  : [0,4607,system_server,-1,KernelWakelockReader,neither /proc/wakelocks nor /d/wakeup_sources exists]
05-27 09:45:45.414  2584  2872 I am_pss  : [5471,1000,com.qti.service.colorservice,5133312,4620288,0]
05-27 09:45:45.464  2584  2872 I am_pss  : [16161,10133,com.tencent.mm,187058176,185712640,0]
05-27 09:45:45.481  2584  2872 I am_pss  : [12275,10129,com.tencent.mobileqq:TMAssistantDownloadSDKService,13159424,12275712,0]
05-27 09:45:45.518  2584  2872 I am_pss  : [32362,99910129,com.tencent.mobileqq,65044480,63774720,0]
05-27 09:45:45.538  2584  2872 I am_pss  : [32383,99910129,com.tencent.mobileqq:MSF,18156544,16424960,0]
05-27 09:45:45.555  2584  2872 I am_pss  : [20384,10085,com.vivo.secime.service,18871296,18001920,0]
05-27 09:45:45.574  2584  2872 I am_pss  : [6746,1000,com.android.bbklog,24550400,23756800,0]
05-27 09:45:45.593  2584  2872 I am_pss  : [24742,1001,com.android.incallui,31034368,30261248,0]
05-27 09:45:45.614  2584  2872 I am_pss  : [6799,1000,com.vivo.permissionmanager,71848960,70045696,0]
05-27 09:45:45.631  2584  2872 I am_pss  : [16801,10133,com.tencent.mm:exdevice,17533952,16605184,0]
05-27 09:45:45.649  2584  2872 I am_pss  : [9305,10133,com.tencent.mm:push,21469184,20430848,0]
05-27 09:45:45.663  2584  2872 I am_pss  : [9380,1000,com.bbk.facewake,8426496,5853184,0]
05-27 09:45:45.679  2584  2872 I am_pss  : [2984,1000,com.vivo.abe:pushservice_v1,16404480,12988416,0]
05-27 09:45:45.695  2584  2872 I am_pss  : [9280,10030,com.bbk.appstore,13987840,10960896,0]
05-27 09:45:45.709  2584  2872 I am_pss  : [6230,10098,com.vivo.gallery,6776832,4055040,0]
05-27 09:45:45.724  2584  2872 I am_pss  : [3216,10028,com.vivo.audiofx,4773888,3518464,0]
05-27 09:45:45.740  2584  2872 I am_pss  : [9107,10035,com.android.bbkmusic,14577664,11571200,0]
05-27 09:45:45.755  2584  2872 I am_pss  : [9082,10111,com.chaozh.iReader,14563328,11685888,0]
05-27 09:45:45.769  2584  2872 I am_pss  : [9056,10002,android.process.acore,13030400,10436608,0]
05-27 09:45:45.788  2584  2872 I am_pss  : [9005,10137,tv.danmaku.bili,34711552,28352512,0]
05-27 09:45:45.804  2584  2872 I am_pss  : [8972,10137,tv.danmaku.bili:download,13956096,8421376,0]
05-27 09:45:45.820  2584  2872 I am_pss  : [4809,10064,com.bbk.iqoo.logsystem,22227968,21221376,0]
05-27 09:45:45.835  2584  2872 I am_pss  : [7462,10045,com.vivo.weather.provider,10328064,8929280,0]
05-27 09:45:45.849  2584  2872 I am_pss  : [8132,10056,com.vivo.doubletimezoneclock,12199936,10203136,0]
05-27 09:45:45.865  2584  2872 I am_pss  : [6613,10137,tv.danmaku.bili:pushservice,11366400,7962624,0]
05-27 09:45:45.879  2584  2872 I am_pss  : [4205,1000,com.vivo.appfilter,9421824,8773632,0]
05-27 09:45:45.898  2584  2872 I am_pss  : [6591,10063,com.iqoo.secure:remote,50339840,48009216,0]
05-27 09:45:45.929  2584  2872 I am_pss  : [24299,10129,com.tencent.mobileqq:tool,37108736,34668544,0]
05-27 09:45:45.944  2584  2872 I am_pss  : [8354,10081,com.vivo.safecenter,7769088,7233536,0]
05-27 09:45:45.958  2584  2872 I am_pss  : [6759,1000,org.simalliance.openmobileapi.service:remote,4432896,2957312,0]
05-27 09:45:45.973  2584  2872 I am_pss  : [6092,1000,com.android.fuelsummary,6298624,4591616,0]
05-27 09:45:45.988  2584  2872 I am_pss  : [2359,10102,com.vivo.sdkplugin,5152768,3051520,0]
05-27 09:45:46.002  2584  2872 I am_pss  : [1466,1000,com.volte.config,3236864,2408448,0]
05-27 09:45:46.017  2584  2872 I am_pss  : [1386,1000,com.qualcomm.display,3290112,2461696,0]
05-27 09:45:46.031  2584  2872 I am_pss  : [1339,1000,com.vivo.wifi.networkdetect,3340288,2465792,0]
05-27 09:45:46.045  2584  2872 I am_pss  : [1230,1000,com.qualcomm.qti.appnetaccess,3562496,2650112,0]
05-27 09:45:46.063  2584  2872 I am_pss  : [4640,1000,com.vivo.smartmultiwindow,29750272,28749824,0]
05-27 09:45:46.079  2584  2872 I am_pss  : [29680,10129,com.tencent.mobileqq:qqfav,11242496,10346496,0]
05-27 09:45:46.102  2584  2872 I am_pss  : [23603,10129,com.tencent.mobileqq:peak,35419136,34533376,0]
05-27 09:45:46.116  2584  2872 I am_pss  : [23214,10013,android.ext.services,4084736,3174400,0]
05-27 09:45:46.131  2584  2872 I am_pss  : [4999,10066,com.vivo.magazine,13444096,12865536,0]
05-27 09:45:46.154  2584  2872 I am_pss  : [6434,10055,com.vivo.devicereg,56070144,55234560,0]
05-27 09:45:46.169  2584  2872 I am_pss  : [4974,10002,com.vivo.sim.contacts,6048768,5529600,0]
05-27 09:45:46.190  2584  2872 I am_pss  : [15528,10133,com.tencent.mm:appbrand0,22937600,21917696,0]
05-27 09:45:46.213  2584  2872 I am_pss  : [27925,10133,com.tencent.mm:appbrand1,22368256,21356544,0]
05-27 09:45:46.229  2584  2872 I am_pss  : [9323,10133,com.tencent.mm:recovery,10150912,9478144,0]
05-27 09:45:46.243  2584  2872 I am_pss  : [5004,1001,com.qualcomm.qcrilmsgtunnel,5479424,4964352,0]
05-27 09:45:46.258  2584  2872 I am_pss  : [5609,10071,com.oma.drm.server,5407744,4902912,0]
05-27 09:45:46.274  2584  2872 I am_pss  : [5588,10017,com.baidu.map.location,13056000,11595776,0]
05-27 09:45:46.288  2584  2872 I am_pss  : [5582,1001,com.qualcomm.qti.loadcarrier,4939776,4435968,0]
05-27 09:45:46.304  2584  2872 I am_pss  : [5568,1000,com.alps.lcn,8052736,7340032,0]
05-27 09:45:46.320  2584  2872 I am_pss  : [5479,1000,com.vivo.abe,21633024,20500480,0]
05-27 09:45:46.344  2584  2872 I am_pss  : [4782,1001,com.android.phone,32582656,31121408,0]
05-27 09:45:46.368  2584  2872 I am_pss  : [4764,1000,com.vivo.upslide,109294592,103845888,0]
05-27 09:45:46.383  2584  2872 I am_pss  : [4748,1000,com.android.server.telecom,8561664,7970816,0]
05-27 09:45:46.398  2584  2872 I am_pss  : [4736,1000,.dataservices,10502144,9928704,0]
05-27 09:45:46.421  2584  2872 I am_pss  : [4607,1000,com.vivo.daemonService,53744640,52441088,0]
05-27 09:45:46.451  2584  2872 I am_pss  : [4277,10024,com.android.systemui,100796416,96563200,0]
05-27 09:45:46.509  2584  2872 I am_pss  : [2584,1000,system,140190720,133644288,0]
05-27 09:45:47.280  2584  4121 I am_new_intent: [0,104949830,2,com.bbk.launcher2/.Launcher,android.intent.action.MAIN,NULL,NULL,278921216]
05-27 09:45:47.281  2584  4121 I am_focused_stack: [0,0,1,bringingFoundTaskToFront setFocusedActivity]
05-27 09:45:47.282  2584  4121 I wm_task_moved: [2,1,1]
05-27 09:45:47.292  2584  4121 I am_focused_activity: [0,com.bbk.launcher2/.Launcher,bringingFoundTaskToFront]
05-27 09:45:47.334  2584  4121 I am_pause_activity: [0,210672731,com.android.filemanager/.FileManagerListActivity]
05-27 09:45:47.337  8931  8931 I am_on_paused_called: [0,com.android.filemanager.FileManagerListActivity,handlePauseActivity]
05-27 09:45:47.340  2584  4121 I am_task_to_front: [0,2]
05-27 09:45:47.349  2584  4121 I sysui_action: [323,com.bbk.launcher2/.Launcher]
05-27 09:45:47.349  2584  4121 I sysui_action: [324,true]
05-27 09:45:47.349  2584  4121 I sysui_action: [325,172378]
05-27 09:45:47.378  2584  4389 I am_resume_activity: [0,20409518,2,com.bbk.launcher2/.Launcher]
05-27 09:45:47.393  2584  2873 I sysui_count: [window_time_0,53]
05-27 09:45:47.398  5672  5672 I am_on_resume_called: [0,com.bbk.launcher2.Launcher,RESUME_ACTIVITY]
05-27 09:45:47.469  2584  3140 I sysui_action: [320,2]
05-27 09:45:47.469  2584  3140 I sysui_action: [319,203]
05-27 09:45:47.469  2584  3140 I sysui_action: [322,203]
05-27 09:45:47.730  2584  2873 I am_stop_activity: [0,210672731,com.android.filemanager/.FileManagerListActivity]
05-27 09:45:47.733  8931  8931 I am_on_stop_called: [0,com.android.filemanager.FileManagerListActivity,handleStopActivity]
05-27 09:45:47.807   511   511 I sf_frame_dur: [com.android.filemanager/com.android.filemanager.FileManagerListActivity,787,60,29,9,13,10,2]
05-27 09:45:50.489  2584  4276 I am_focused_stack: [0,1,0,bringingFoundTaskToFront setFocusedActivity]
05-27 09:45:50.489  2584  4276 I wm_task_moved: [215,1,19]
05-27 09:45:50.493  2584  4276 I am_focused_activity: [0,com.mushroom.systrace/.MainActivity,bringingFoundTaskToFront]
05-27 09:45:50.494  2584  4276 I am_pause_activity: [0,20409518,com.bbk.launcher2/.Launcher]
05-27 09:45:50.496  2584  4276 I am_task_to_front: [0,215]
05-27 09:45:50.496  2584  4276 I am_new_intent: [0,109890860,215,com.mushroom.systrace/.MainActivity,android.intent.action.MAIN,NULL,NULL,811597824]
05-27 09:45:50.500  2584  4276 I sysui_action: [323,com.mushroom.systrace/.MainActivity]
05-27 09:45:50.500  2584  4276 I sysui_action: [324,true]
05-27 09:45:50.500  2584  4276 I sysui_action: [325,172381]
05-27 09:45:50.502  5672  5672 I am_on_paused_called: [0,com.bbk.launcher2.Launcher,handlePauseActivity]
05-27 09:45:50.527  2584 28974 I am_resume_activity: [0,10332673,215,com.mushroom.systrace/.MainActivity]
05-27 09:45:50.539  2584  2873 I sysui_count: [window_time_0,3]
05-27 09:45:50.542  8451  8451 I am_on_resume_called: [0,com.mushroom.systrace.MainActivity,RESUME_ACTIVITY]
05-27 09:45:50.587  2584  3140 I sysui_action: [320,2]
05-27 09:45:50.587  2584  3140 I sysui_action: [319,128]
05-27 09:45:50.587  2584  3140 I sysui_action: [322,128]
05-27 09:45:50.860  2584  2873 I am_stop_activity: [0,20409518,com.bbk.launcher2/.Launcher]
05-27 09:45:50.863  5672  5672 I am_on_stop_called: [0,com.bbk.launcher2.Launcher,handleStopActivity]
05-27 09:45:50.883   511   511 I sf_frame_dur: [com.bbk.launcher2/com.bbk.launcher2.Launcher,128,0,3,2,1,0,0]
05-27 09:45:50.927  2584  4797 I am_proc_died: [0,9280,com.bbk.appstore]
05-27 09:45:50.928  2584  4797 I am_mem_factor: [3,2]
05-27 09:45:56.454  2584  2874 I am_wtf  : [0,2584,system_server,-1,ActivityManager,Sending non-protected broadcast vivo.intent.action.CHECK_ALERT_WINDOW from system 2584:system/1000 pkg android]
05-27 09:45:56.456  2584  2874 I am_wtf  : [0,2584,system_server,-1,ActivityManager,Sending non-protected broadcast vivo.intent.action.CHECK_ALERT_WINDOW from system 2584:system/1000 pkg android]
05-27 09:45:56.680  2584  2872 I am_pss  : [19915,10129,com.tencent.mobileqq,257179648,253726720,0]
05-27 09:45:56.699  2584  2872 I am_pss  : [32543,10129,com.tencent.mobileqq:MSF,26842112,25214976,0]
05-27 09:45:56.715  2584  2872 I am_pss  : [12275,10129,com.tencent.mobileqq:TMAssistantDownloadSDKService,13176832,12292096,0]
05-27 09:45:56.733  2584  2872 I am_pss  : [6591,10063,com.iqoo.secure:remote,50560000,48144384,0]
05-27 09:45:56.747  2584  2872 I am_pss  : [8354,10081,com.vivo.safecenter,7783424,7233536,0]
05-27 09:46:00.041  2584  7700 I am_proc_died: [0,9005,tv.danmaku.bili]
05-27 09:46:00.159  2584  4121 I am_new_intent: [0,176456855,2,com.bbk.launcher2/.Launcher,android.intent.action.MAIN,NULL,NULL,278921216]
05-27 09:46:00.159  2584  4121 I am_focused_stack: [0,0,1,bringingFoundTaskToFront setFocusedActivity]
05-27 09:46:00.159  2584  4121 I wm_task_moved: [2,1,1]
05-27 09:46:00.165  2584  4121 I am_focused_activity: [0,com.bbk.launcher2/.Launcher,bringingFoundTaskToFront]
05-27 09:46:00.197  2584  4121 I am_pause_activity: [0,10332673,com.mushroom.systrace/.MainActivity]
05-27 09:46:00.197  8451  8451 I am_on_paused_called: [0,com.mushroom.systrace.MainActivity,handlePauseActivity]
05-27 09:46:00.201  2584  4121 I am_task_to_front: [0,2]
05-27 09:46:00.206  2584  4121 I sysui_action: [323,com.bbk.launcher2/.Launcher]
05-27 09:46:00.206  2584  4121 I sysui_action: [324,true]
05-27 09:46:00.206  2584  4121 I sysui_action: [325,172391]
05-27 09:46:00.224  2584 28969 I am_resume_activity: [0,20409518,2,com.bbk.launcher2/.Launcher]
05-27 09:46:00.236  2584  2873 I sysui_count: [window_time_0,10]
05-27 09:46:00.242  5672  5672 I am_on_resume_called: [0,com.bbk.launcher2.Launcher,RESUME_ACTIVITY]
05-27 09:46:00.244   511   511 I sf_frame_dur: [SurfaceView - ,8,81,0,0,0,0,0]
05-27 09:46:00.326  2584  3140 I sysui_action: [320,2]
05-27 09:46:00.326  2584  3140 I sysui_action: [319,174]
05-27 09:46:00.326  2584  3140 I sysui_action: [322,174]
05-27 09:46:00.568  2584  2873 I am_stop_activity: [0,10332673,com.mushroom.systrace/.MainActivity]
05-27 09:46:00.569  8451  8451 I am_on_stop_called: [0,com.mushroom.systrace.MainActivity,handleStopActivity]
05-27 09:46:00.622  4277  4277 I sysui_count: [panel_open,1]
05-27 09:46:00.645   511   511 I sf_frame_dur: [com.mushroom.systrace/com.mushroom.systrace.MainActivity,0,0,3,0,16,2,0]
05-27 09:46:00.714  4277  4277 I sysui_histogram: [note_load,6]
05-27 09:46:00.715  2584  4797 I notification_panel_revealed: 6
05-27 09:46:00.757  2584  5624 I notification_visibility: [0|com.android.bbkmusic|10001|null|10035,1,24470,24470,0,1]
05-27 09:46:01.258  2584 28970 I notification_visibility: [0|com.android.bbklog|1|null|1000,1,59135662,59135662,0,5]
05-27 09:46:01.258  2584 28970 I notification_visibility: [0|com.mushroom.systrace|2147483647|group_key_override|2000|ranker_bundle,1,101521,101521,0,2]
05-27 09:46:01.258  2584 28970 I notification_visibility: [0|com.android.bbklog|2147483647|group_key_override|1000|ranker_bundle,1,59135635,59135635,0,4]
05-27 09:46:01.259  2584 28970 I notification_visibility: [0|com.mushroom.systrace|1|null|2000,1,101525,101525,0,3]
05-27 09:46:02.261  2584  4779 I notification_visibility: [0|com.android.bbklog|1|null|1000,0,59136665,59136665,0,5]
05-27 09:46:02.261  2584  4779 I notification_visibility: [0|com.android.bbkmusic|10001|null|10035,0,25974,25974,0,1]
05-27 09:46:02.261  2584  4779 I notification_visibility: [0|com.mushroom.systrace|2147483647|group_key_override|2000|ranker_bundle,0,102524,102524,0,2]
05-27 09:46:02.261  2584  4779 I notification_visibility: [0|com.android.bbklog|2147483647|group_key_override|1000|ranker_bundle,0,59136638,59136638,0,4]
05-27 09:46:02.261  2584  4779 I notification_visibility: [0|com.mushroom.systrace|1|null|2000,0,102528,102528,0,3]
05-27 09:46:02.263  2584 28972 I notification_panel_hidden: []
05-27 09:46:03.956   511   511 I sf_frame_dur: [UpSlideTransparentView,16,0,0,1,1,4,16]
05-27 09:46:04.207   511   511 I sf_frame_dur: [UpSlideTransparentView,0,1,0,0,0,0,0]
05-27 09:46:04.659  2584  4121 I am_new_intent: [0,140722874,2,com.bbk.launcher2/.Launcher,android.intent.action.MAIN,NULL,NULL,278921216]
05-27 09:46:04.661  2584  4121 I wm_task_moved: [2,1,1]
05-27 09:46:04.669  2584  4121 I sysui_action: [323,com.bbk.launcher2/.Launcher]
05-27 09:46:04.669  2584  4121 I sysui_action: [324,true]
05-27 09:46:04.669  2584  4121 I sysui_action: [325,172395]
05-27 09:46:05.080  2584  2872 I am_pss  : [4237,10062,com.baidu.input_bbk.service,66954240,64131072,0]
05-27 09:46:05.301  2584  2872 I am_pss  : [27980,10129,com.tencent.mobileqq:qzone,205026304,201887744,0]
05-27 09:46:05.351  2584  2872 I am_pss  : [5471,1000,com.qti.service.colorservice,5148672,4620288,0]
05-27 09:46:05.494  2584  2872 I am_pss  : [16161,10133,com.tencent.mm,186872832,185430016,0]
05-27 09:46:05.517  2584  4389 I am_proc_start: [0,9695,10044,com.vivo.weather.location,service,com.vivo.weather/.LocalCityLocateService]
05-27 09:46:05.541  2584 28975 I am_proc_bound: [0,9695,com.vivo.weather.location]
05-27 09:46:05.546  2584  2872 I am_pss  : [32362,99910129,com.tencent.mobileqq,65474560,63946752,0]
05-27 09:46:05.570  2584  2872 I am_pss  : [32383,99910129,com.tencent.mobileqq:MSF,19002368,16773120,0]
05-27 09:46:05.587  2584  2872 I am_pss  : [20384,10085,com.vivo.secime.service,18888704,18006016,0]
05-27 09:46:05.607  2584  2872 I am_pss  : [6746,1000,com.android.bbklog,24572928,23756800,0]
05-27 09:46:05.626  2584  2872 I am_pss  : [24742,1001,com.android.incallui,31049728,30261248,0]
05-27 09:46:05.647  2584  2872 I am_pss  : [6799,1000,com.vivo.permissionmanager,71959552,70123520,0]
05-27 09:46:05.669  2584  2872 I am_pss  : [16801,10133,com.tencent.mm:exdevice,17716224,16732160,0]
05-27 09:46:05.693  2584  2872 I am_pss  : [9305,10133,com.tencent.mm:push,21451776,20393984,0]
05-27 09:46:05.717  2584  2872 I am_pss  : [4809,10064,com.bbk.iqoo.logsystem,22286336,21241856,0]
05-27 09:46:05.738  2584  2872 I am_pss  : [2984,1000,com.vivo.abe:pushservice_v1,16852992,13529088,0]
05-27 09:46:05.759  2584  2872 I am_pss  : [6230,10098,com.vivo.gallery,6913024,4104192,0]
05-27 09:46:05.774  2584  2872 I am_pss  : [3216,10028,com.vivo.audiofx,4826112,3522560,0]
05-27 09:46:05.791  2584  2872 I am_pss  : [9107,10035,com.android.bbkmusic,14784512,11685888,0]
05-27 09:46:05.812  2584  2872 I am_pss  : [9082,10111,com.chaozh.iReader,14785536,11886592,0]
05-27 09:46:05.835  2584  2872 I am_pss  : [9056,10002,android.process.acore,13246464,10473472,0]
05-27 09:46:05.861  2584  2872 I am_pss  : [8972,10137,tv.danmaku.bili:download,16652288,12648448,0]
05-27 09:46:05.882  2584  2872 I am_pss  : [8132,10056,com.vivo.doubletimezoneclock,13640704,11567104,0]
05-27 09:46:05.905  2584  2872 I am_pss  : [6613,10137,tv.danmaku.bili:pushservice,11752448,7905280,0]
05-27 09:46:05.924  2584  2872 I am_pss  : [4205,1000,com.vivo.appfilter,9449472,8781824,0]
05-27 09:46:05.962  2584  2872 I am_pss  : [24299,10129,com.tencent.mobileqq:tool,37963776,35495936,0]
05-27 09:46:05.976  2584  2872 I am_pss  : [6759,1000,org.simalliance.openmobileapi.service:remote,4594688,3137536,0]
05-27 09:46:05.991  2584  2872 I am_pss  : [6092,1000,com.android.fuelsummary,6358016,4587520,0]
05-27 09:46:06.006  2584  2872 I am_pss  : [2359,10102,com.vivo.sdkplugin,5203968,3055616,0]
05-27 09:46:06.020  2584  2872 I am_pss  : [1466,1000,com.volte.config,3267584,2408448,0]
05-27 09:46:06.034  2584  2872 I am_pss  : [1386,1000,com.qualcomm.display,3321856,2461696,0]
05-27 09:46:06.049  2584  2872 I am_pss  : [1339,1000,com.vivo.wifi.networkdetect,3374080,2465792,0]
05-27 09:46:06.070  2584  2872 I am_pss  : [1230,1000,com.qualcomm.qti.appnetaccess,3602432,2650112,0]
05-27 09:46:06.088  2584  2872 I am_pss  : [4640,1000,com.vivo.smartmultiwindow,30173184,29155328,0]
05-27 09:46:06.103  2584  2872 I am_pss  : [29680,10129,com.tencent.mobileqq:qqfav,11442176,10539008,0]
05-27 09:46:06.119  2584  4622 I am_focused_stack: [0,1,0,bringingFoundTaskToFront setFocusedActivity]
05-27 09:46:06.120  2584  4622 I wm_task_moved: [123,1,19]
05-27 09:46:06.128  2584  4622 I am_focused_activity: [0,com.android.filemanager/.FileManagerListActivity,bringingFoundTaskToFront]
05-27 09:46:06.130  2584  4622 I am_pause_activity: [0,20409518,com.bbk.launcher2/.Launcher]
05-27 09:46:06.131  2584  4622 I am_task_to_front: [0,123]
05-27 09:46:06.135  2584  4622 I sysui_action: [323,com.android.filemanager/.FileManagerListActivity]
05-27 09:46:06.135  2584  4622 I sysui_action: [324,true]
05-27 09:46:06.135  2584  4622 I sysui_action: [325,172397]
05-27 09:46:06.135  2584  2872 I am_pss  : [23603,10129,com.tencent.mobileqq:peak,35615744,34721792,0]
05-27 09:46:06.138  5672  5672 I am_on_paused_called: [0,com.bbk.launcher2.Launcher,handlePauseActivity]
05-27 09:46:06.153  2584  5627 I am_resume_activity: [0,210672731,123,com.android.filemanager/.FileManagerListActivity]
05-27 09:46:06.175  2584  2873 I sysui_count: [window_time_0,6]
05-27 09:46:06.176  2584  2872 I am_pss  : [23214,10013,android.ext.services,4234240,3174400,0]
05-27 09:46:06.188  8931  8931 I am_on_resume_called: [0,com.android.filemanager.FileManagerListActivity,RESUME_ACTIVITY]
05-27 09:46:06.193  2584  2872 I am_pss  : [4999,10066,com.vivo.magazine,13459456,12865536,0]
05-27 09:46:06.215  2584  2872 I am_pss  : [6434,10055,com.vivo.devicereg,56068096,55218176,0]
05-27 09:46:06.228  2584  2872 I am_pss  : [4974,10002,com.vivo.sim.contacts,6061056,5529600,0]
05-27 09:46:06.249  2584  2872 I am_pss  : [15528,10133,com.tencent.mm:appbrand0,22953984,21921792,0]
05-27 09:46:06.260  2584  3140 I sysui_action: [320,2]
05-27 09:46:06.260  2584  3140 I sysui_action: [319,146]
05-27 09:46:06.260  2584  3140 I sysui_action: [322,146]
05-27 09:46:06.275  2584  2872 I am_pss  : [27925,10133,com.tencent.mm:appbrand1,22395904,21372928,0]
05-27 09:46:06.294  2584  2872 I am_pss  : [9323,10133,com.tencent.mm:recovery,10155008,9482240,0]
05-27 09:46:06.310  2584  2872 I am_pss  : [5004,1001,com.qualcomm.qcrilmsgtunnel,5493760,4964352,0]
05-27 09:46:06.477  2584  7700 I am_proc_died: [0,9695,com.vivo.weather.location]
05-27 09:46:06.478  2584  7700 I am_schedule_service_restart: [0,com.vivo.weather/.LocalCityLocateService,1000]
05-27 09:46:06.538  2584  2873 I am_stop_activity: [0,20409518,com.bbk.launcher2/.Launcher]
05-27 09:46:06.542  5672  5672 I am_on_stop_called: [0,com.bbk.launcher2.Launcher,handleStopActivity]
05-27 09:46:06.564   511   511 I sf_frame_dur: [com.bbk.launcher2/com.bbk.launcher2.Launcher,108,2,2,2,4,1,1]
05-27 09:46:10.733  2584  4114 I am_proc_start: [0,9741,10030,com.bbk.appstore,service,com.bbk.appstore/.update.UpdateService]
05-27 09:46:10.761  2584  8348 I am_proc_bound: [0,9741,com.bbk.appstore]
05-27 09:46:12.075  2584  2874 I am_wtf  : [0,2584,system_server,-1,ActivityManager,Sending non-protected broadcast vivo.intent.action.CHECK_ALERT_WINDOW from system 2584:system/1000 pkg android]
05-27 09:46:12.077  2584  2874 I am_wtf  : [0,2584,system_server,-1,ActivityManager,Sending non-protected broadcast vivo.intent.action.CHECK_ALERT_WINDOW from system 2584:system/1000 pkg android]
05-27 09:46:16.208  2584  2872 I am_pss  : [8931,10033,com.android.filemanager,27064320,22167552,0]
05-27 09:46:16.232  2584  2872 I am_pss  : [5975,10011,android.process.media,30432256,29446144,0]
05-27 09:46:20.489   511   511 I sf_frame_dur: [SurfaceView - ,9,219,0,0,1,0,0]
05-27 09:46:26.232  2584  2712 I am_proc_died: [0,9741,com.bbk.appstore]
05-27 09:46:26.319  2584  2872 I am_pss  : [8451,2000,com.mushroom.systrace,17213440,12894208,0]
05-27 09:46:26.982  2584  2874 I am_wtf  : [0,2584,system_server,-1,ActivityManager,Sending non-protected broadcast vivo.intent.action.CHECK_ALERT_WINDOW from system 2584:system/1000 pkg android]
05-27 09:46:26.987  2584  2874 I am_wtf  : [0,2584,system_server,-1,ActivityManager,Sending non-protected broadcast vivo.intent.action.CHECK_ALERT_WINDOW from system 2584:system/1000 pkg android]
05-27 09:46:27.023  2584  2872 I am_pss  : [5553,1000,com.vivo.doubleinstance,6220800,5591040,0]
05-27 09:46:27.445  2584 28974 I am_proc_start: [0,9941,10025,com.vivo.browser,broadcast,com.vivo.browser/.pendant.PendantWidgetProvider]
05-27 09:46:27.482  2584  4622 I am_proc_died: [0,7462,com.vivo.weather.provider]
05-27 09:46:27.485  2584  4622 I am_low_memory: 66
05-27 09:46:27.509  2584  4778 I am_proc_bound: [0,9941,com.vivo.browser]
05-27 09:46:29.370  4277  4277 I sysui_count: [panel_open,1]
05-27 09:46:29.422  4277  4277 I sysui_histogram: [note_load,6]
05-27 09:46:29.423  2584  4622 I notification_panel_revealed: 6
05-27 09:46:29.487  2584  5626 I notification_visibility: [0|com.android.bbkmusic|10001|null|10035,1,53200,53200,0,1]
05-27 09:46:29.632   511   511 I sf_frame_dur: [SurfaceView - ,2,53,0,0,1,0,0]
05-27 09:46:29.989  2584 28975 I notification_visibility: [0|com.android.bbklog|1|null|1000,1,59164393,59164393,0,5]
05-27 09:46:29.989  2584 28975 I notification_visibility: [0|com.mushroom.systrace|2147483647|group_key_override|2000|ranker_bundle,1,130252,130252,0,2]
05-27 09:46:29.989  2584 28975 I notification_visibility: [0|com.android.bbklog|2147483647|group_key_override|1000|ranker_bundle,1,59164366,59164366,0,4]
05-27 09:46:29.989  2584 28975 I notification_visibility: [0|com.mushroom.systrace|1|null|2000,1,130256,130256,0,3]
05-27 09:46:30.239  2584  4797 I notification_action_clicked: [0|com.mushroom.systrace|1|null|2000,-1,130506,130506,250]
05-27 09:46:31.548  2584  2584 I free_storage_changed: 8527912960
05-27 09:46:32.272  2584  7700 I notification_visibility: [0|com.android.bbklog|1|null|1000,0,59166676,59166676,0,5]
05-27 09:46:32.272  2584  7700 I notification_visibility: [0|com.android.bbkmusic|10001|null|10035,0,55985,55985,0,1]
05-27 09:46:32.272  2584  7700 I notification_visibility: [0|com.mushroom.systrace|2147483647|group_key_override|2000|ranker_bundle,0,132535,132535,0,2]
05-27 09:46:32.272  2584  7700 I notification_visibility: [0|com.android.bbklog|2147483647|group_key_override|1000|ranker_bundle,0,59166649,59166649,0,4]
05-27 09:46:32.272  2584  7700 I notification_visibility: [0|com.mushroom.systrace|1|null|2000,0,132539,132539,0,3]
05-27 09:46:32.274  2584  9744 I notification_panel_hidden: []
05-27 09:46:33.862  2584  4121 I am_new_intent: [0,65938621,2,com.bbk.launcher2/.Launcher,android.intent.action.MAIN,NULL,NULL,278921216]
05-27 09:46:33.863  2584  4121 I am_focused_stack: [0,0,1,bringingFoundTaskToFront setFocusedActivity]
05-27 09:46:33.863  2584  4121 I wm_task_moved: [2,1,1]
05-27 09:46:33.869  2584  4121 I am_focused_activity: [0,com.bbk.launcher2/.Launcher,bringingFoundTaskToFront]
05-27 09:46:33.901  2584  4121 I am_pause_activity: [0,210672731,com.android.filemanager/.FileManagerListActivity]
05-27 09:46:33.902  8931  8931 I am_on_paused_called: [0,com.android.filemanager.FileManagerListActivity,handlePauseActivity]
05-27 09:46:33.906  2584  4121 I am_task_to_front: [0,2]
05-27 09:46:33.912  2584  4121 I sysui_action: [323,com.bbk.launcher2/.Launcher]
05-27 09:46:33.912  2584  4121 I sysui_action: [324,true]
05-27 09:46:33.912  2584  4121 I sysui_action: [325,172425]
05-27 09:46:33.927  2584  4796 I am_resume_activity: [0,20409518,2,com.bbk.launcher2/.Launcher]
05-27 09:46:33.939  2584  2873 I sysui_count: [window_time_0,27]
05-27 09:46:33.942  5672  5672 I am_on_resume_called: [0,com.bbk.launcher2.Launcher,RESUME_ACTIVITY]
05-27 09:46:34.039  2584  3140 I sysui_action: [320,2]
05-27 09:46:34.039  2584  3140 I sysui_action: [319,185]
05-27 09:46:34.039  2584  3140 I sysui_action: [322,185]
05-27 09:46:34.156  2584  4622 I am_proc_start: [0,10025,10045,com.vivo.weather.provider,content provider,com.vivo.weather.provider/.WeatherProvider]
05-27 09:46:34.170  2584 28970 I am_proc_bound: [0,10025,com.vivo.weather.provider]
05-27 09:46:34.269  2584  2873 I am_stop_activity: [0,210672731,com.android.filemanager/.FileManagerListActivity]
05-27 09:46:34.271  8931  8931 I am_on_stop_called: [0,com.android.filemanager.FileManagerListActivity,handleStopActivity]
05-27 09:46:34.345   511   511 I sf_frame_dur: [com.android.filemanager/com.android.filemanager.FileManagerListActivity,100,2,0,1,2,1,4]
05-27 09:46:34.825  2584 28966 I am_proc_died: [0,9380,com.bbk.facewake]
05-27 09:46:34.826  2584 28966 I am_low_memory: 67
05-27 09:46:37.201  2584  2714 I am_focused_stack: [0,1,0,bringingFoundTaskToFront setFocusedActivity]
05-27 09:46:37.201  2584  2714 I wm_task_moved: [186,1,19]
05-27 09:46:37.204  2584  2714 I am_focused_activity: [0,com.tencent.mobileqq/cooperation.qzone.QzoneFeedsPluginProxyActivity,bringingFoundTaskToFront]
05-27 09:46:37.205  2584  2714 I am_pause_activity: [0,20409518,com.bbk.launcher2/.Launcher]
05-27 09:46:37.207  2584  2714 I am_task_to_front: [0,186]
05-27 09:46:37.211  2584  2714 I sysui_action: [323,com.tencent.mobileqq/cooperation.qzone.QzoneFeedsPluginProxyActivity]
05-27 09:46:37.211  2584  2714 I sysui_action: [324,true]
05-27 09:46:37.211  2584  2714 I sysui_action: [325,172428]
05-27 09:46:37.215  5672  5672 I am_on_paused_called: [0,com.bbk.launcher2.Launcher,handlePauseActivity]
05-27 09:46:37.231  2584 28972 I am_resume_activity: [0,28203104,186,com.tencent.mobileqq/cooperation.qzone.QzoneFeedsPluginProxyActivity]
05-27 09:46:37.252  2584  2873 I sysui_count: [window_time_0,4]
05-27 09:46:37.463 27980 27980 I am_on_resume_called: [0,cooperation.qzone.QzoneFeedsPluginProxyActivity,RESUME_ACTIVITY]
05-27 09:46:37.693  2584  3140 I sysui_action: [320,2]
05-27 09:46:37.693  2584  3140 I sysui_action: [319,513]
05-27 09:46:37.693  2584  3140 I sysui_action: [322,513]
05-27 09:46:38.204  2584 28970 I am_stop_activity: [0,20409518,com.bbk.launcher2/.Launcher]
05-27 09:46:38.212  5672  5672 I am_on_stop_called: [0,com.bbk.launcher2.Launcher,handleStopActivity]
05-27 09:46:38.241   511   511 I sf_frame_dur: [com.bbk.launcher2/com.bbk.launcher2.Launcher,58,2,0,2,1,2,0]
05-27 09:46:39.473  2584  4121 I am_new_intent: [0,169584143,2,com.bbk.launcher2/.Launcher,android.intent.action.MAIN,NULL,NULL,278921216]
05-27 09:46:39.474  2584  4121 I am_focused_stack: [0,0,1,bringingFoundTaskToFront setFocusedActivity]
05-27 09:46:39.475  2584  4121 I wm_task_moved: [2,1,1]
05-27 09:46:39.487  2584  4121 I am_focused_activity: [0,com.bbk.launcher2/.Launcher,bringingFoundTaskToFront]
05-27 09:46:39.522  2584  4121 I am_pause_activity: [0,28203104,com.tencent.mobileqq/cooperation.qzone.QzoneFeedsPluginProxyActivity]
05-27 09:46:39.531  2584  4121 I am_task_to_front: [0,2]
05-27 09:46:39.541  2584  4121 I sysui_action: [323,com.bbk.launcher2/.Launcher]
05-27 09:46:39.541  2584  4121 I sysui_action: [324,true]
05-27 09:46:39.541  2584  4121 I sysui_action: [325,172430]
05-27 09:46:39.551 27980 27980 I am_on_paused_called: [0,cooperation.qzone.QzoneFeedsPluginProxyActivity,handlePauseActivity]
05-27 09:46:39.594  2584 28973 I am_resume_activity: [0,20409518,2,com.bbk.launcher2/.Launcher]
05-27 09:46:39.621  2584  2873 I sysui_count: [window_time_0,2]
05-27 09:46:39.633  5672  5672 I am_on_resume_called: [0,com.bbk.launcher2.Launcher,RESUME_ACTIVITY]
05-27 09:46:39.714  2584  3140 I sysui_action: [320,2]
05-27 09:46:39.714  2584  3140 I sysui_action: [319,256]
05-27 09:46:39.714  2584  3140 I sysui_action: [322,256]
05-27 09:46:39.952  2584  2873 I am_stop_activity: [0,28203104,com.tencent.mobileqq/cooperation.qzone.QzoneFeedsPluginProxyActivity]
05-27 09:46:39.959 27980 27980 I am_on_stop_called: [0,cooperation.qzone.QzoneFeedsPluginProxyActivity,handleStopActivity]
05-27 09:46:40.030   511   511 I sf_frame_dur: [com.tencent.mobileqq/cooperation.qzone.QzoneFeedsPluginProxyActivity,73,7,2,0,0,0,0]
05-27 09:46:40.030   511   511 I sf_frame_dur: [SurfaceView - com.tencent.mobileqq/cooperation.qzone.QzoneFeedsPluginProxyActivity,26,36,0,0,0,0,0]
05-27 09:46:40.427  2584  4779 I am_proc_start: [0,10108,10129,com.tencent.mobileqq:picture,service,com.tencent.mobileqq/cooperation.qzone.QzonePictureViewerProxyService]
05-27 09:46:40.438  2584  4797 I am_proc_bound: [0,10108,com.tencent.mobileqq:picture]
05-27 09:46:40.779  2584  4780 I am_focused_stack: [0,1,0,bringingFoundTaskToFront setFocusedActivity]
05-27 09:46:40.779  2584  4780 I wm_task_moved: [123,1,19]
05-27 09:46:40.782  2584  4780 I am_focused_activity: [0,com.android.filemanager/.FileManagerListActivity,bringingFoundTaskToFront]
05-27 09:46:40.783  2584  4780 I am_pause_activity: [0,20409518,com.bbk.launcher2/.Launcher]
05-27 09:46:40.785  2584  4780 I am_task_to_front: [0,123]
05-27 09:46:40.788  2584  4780 I sysui_action: [323,com.android.filemanager/.FileManagerListActivity]
05-27 09:46:40.788  2584  4780 I sysui_action: [324,true]
05-27 09:46:40.789  2584  4780 I sysui_action: [325,172432]
05-27 09:46:40.792  5672  5672 I am_on_paused_called: [0,com.bbk.launcher2.Launcher,handlePauseActivity]
05-27 09:46:40.801  2584 28971 I am_resume_activity: [0,210672731,123,com.android.filemanager/.FileManagerListActivity]
05-27 09:46:40.819  2584  2873 I sysui_count: [window_time_0,1]
05-27 09:46:40.830  8931  8931 I am_on_resume_called: [0,com.android.filemanager.FileManagerListActivity,RESUME_ACTIVITY]
05-27 09:46:40.893  2584  3140 I sysui_action: [320,2]
05-27 09:46:40.893  2584  3140 I sysui_action: [319,118]
05-27 09:46:40.895  2584  3140 I sysui_action: [322,120]
05-27 09:46:41.161  2584  2873 I am_stop_activity: [0,20409518,com.bbk.launcher2/.Launcher]
05-27 09:46:41.165  5672  5672 I am_on_stop_called: [0,com.bbk.launcher2.Launcher,handleStopActivity]
05-27 09:46:41.199   511   511 I sf_frame_dur: [com.bbk.launcher2/com.bbk.launcher2.Launcher,20,1,0,3,1,0,0]
05-27 09:46:44.341   511   511 I sf_frame_dur: [com.android.filemanager/com.android.filemanager.FileManagerListActivity,1,0,0,0,0,1,0]
05-27 09:46:45.490  2584  4121 I am_new_intent: [0,119218055,2,com.bbk.launcher2/.Launcher,android.intent.action.MAIN,NULL,NULL,278921216]
05-27 09:46:45.491  2584  4121 I am_focused_stack: [0,0,1,bringingFoundTaskToFront setFocusedActivity]
05-27 09:46:45.492  2584  4121 I wm_task_moved: [2,1,1]
05-27 09:46:45.501  2584  4121 I am_focused_activity: [0,com.bbk.launcher2/.Launcher,bringingFoundTaskToFront]
05-27 09:46:45.532  2584  4121 I am_pause_activity: [0,210672731,com.android.filemanager/.FileManagerListActivity]
05-27 09:46:45.533  8931  8931 I am_on_paused_called: [0,com.android.filemanager.FileManagerListActivity,handlePauseActivity]
05-27 09:46:45.561  2584  4121 I am_task_to_front: [0,2]
05-27 09:46:45.568  2584  4121 I sysui_action: [323,com.bbk.launcher2/.Launcher]
05-27 09:46:45.568  2584  4121 I sysui_action: [324,true]
05-27 09:46:45.568  2584  4121 I sysui_action: [325,172436]
05-27 09:46:45.583  2584  5624 I am_resume_activity: [0,20409518,2,com.bbk.launcher2/.Launcher]
05-27 09:46:45.598  2584  2873 I sysui_count: [window_time_0,5]
05-27 09:46:45.606  5672  5672 I am_on_resume_called: [0,com.bbk.launcher2.Launcher,RESUME_ACTIVITY]
05-27 09:46:45.678  2584  3140 I sysui_action: [320,2]
05-27 09:46:45.678  2584  3140 I sysui_action: [319,199]
05-27 09:46:45.678  2584  3140 I sysui_action: [322,199]
05-27 09:46:45.893  4277  4277 I sysui_count: [panel_open,1]
05-27 09:46:45.920  2584  2873 I am_stop_activity: [0,210672731,com.android.filemanager/.FileManagerListActivity]
05-27 09:46:45.921  8931  8931 I am_on_stop_called: [0,com.android.filemanager.FileManagerListActivity,handleStopActivity]
05-27 09:46:45.949  4277  4277 I sysui_histogram: [note_load,6]
05-27 09:46:45.949  2584 12269 I notification_panel_revealed: 6
05-27 09:46:45.995  2584  4389 I notification_visibility: [0|com.android.bbkmusic|10001|null|10035,1,69707,69707,0,1]
05-27 09:46:46.013   511   511 I sf_frame_dur: [com.android.filemanager/com.android.filemanager.FileManagerListActivity,67,1,4,3,4,2,0]
05-27 09:46:46.384  2584  2872 I sync    : [com.huajiao.account.syncprovider,0,4,1064065]
05-27 09:46:46.496  2584  9744 I notification_visibility: [0|com.android.bbklog|1|null|1000,1,59180900,59180900,0,5]
05-27 09:46:46.496  2584  9744 I notification_visibility: [0|com.mushroom.systrace|2147483647|group_key_override|2000|ranker_bundle,1,146759,146759,0,2]
05-27 09:46:46.496  2584  9744 I notification_visibility: [0|com.android.bbklog|2147483647|group_key_override|1000|ranker_bundle,1,59180873,59180873,0,4]
05-27 09:46:46.496  2584  9744 I notification_visibility: [0|com.mushroom.systrace|1|null|2000,1,146763,146763,0,3]
05-27 09:46:47.008  2584 28966 I notification_visibility: [0|com.android.bbklog|1|null|1000,0,59181412,59181412,0,5]
05-27 09:46:47.008  2584 28966 I notification_visibility: [0|com.mushroom.systrace|2147483647|group_key_override|2000|ranker_bundle,0,147271,147271,0,2]
05-27 09:46:47.008  2584 28966 I notification_visibility: [0|com.android.bbklog|2147483647|group_key_override|1000|ranker_bundle,0,59181385,59181385,0,4]
05-27 09:46:47.008  2584 28966 I notification_visibility: [0|com.mushroom.systrace|1|null|2000,0,147275,147275,0,3]
05-27 09:46:47.077  2584  5622 I notification_visibility: [0|com.android.bbkmusic|10001|null|10035,0,70789,70789,0,1]
05-27 09:46:47.079  2584 28975 I notification_panel_hidden: []
05-27 09:46:49.017  2584  9744 I am_proc_died: [0,10108,com.tencent.mobileqq:picture]
05-27 09:46:49.018  2584  9744 I am_low_memory: 67
05-27 09:46:49.049  2584  2872 I am_pss  : [9941,10025,com.vivo.browser,22505472,18948096,0]
05-27 09:46:52.409  2584  2872 I am_pss  : [19915,10129,com.tencent.mobileqq,257902592,254050304,0]
05-27 09:46:52.429  2584  2872 I am_pss  : [12275,10129,com.tencent.mobileqq:TMAssistantDownloadSDKService,13206528,12324864,0]
05-27 09:46:54.604  2584  2873 I am_kill : [0,8451,com.mushroom.systrace,900,stop com.mushroom.systrace]
05-27 09:46:54.608  2584  2873 I am_schedule_service_restart: [0,com.mushroom.systrace/.TraceService,1000]
05-27 09:46:54.610  2584  2873 I am_finish_activity: [0,10332673,215,com.mushroom.systrace/.MainActivity,proc died without state saved]
05-27 09:46:54.625  2584  2873 I wm_task_removed: [215,removeAppToken: last token]
05-27 09:46:54.628  2584  2873 I wm_task_removed: [215,removeTask]
05-27 09:46:54.806   511   511 I sf_frame_dur: [com.bbk.launcher2/com.bbk.launcher2.Launcher,0,0,0,0,0,1,0]
05-27 09:46:55.474  2584  3508 I am_proc_start: [0,10268,10008,com.android.defcontainer,service,com.android.defcontainer/.DefaultContainerService]
05-27 09:46:55.490  4277  4277 I force_gc: bg
05-27 09:46:55.578  2584  2873 I am_proc_start: [0,10284,1000,com.android.keychain,broadcast,com.android.keychain/.KeyChainBroadcastReceiver]
05-27 09:46:55.599  2584  4780 I am_proc_bound: [0,10268,com.android.defcontainer]
05-27 09:46:55.607  2584  4622 I am_proc_bound: [0,10284,com.android.keychain]
05-27 09:46:55.716  2584 28968 I am_proc_start: [0,10301,1001,com.android.vendors.bridge.softsim,broadcast,com.android.vendors.bridge.softsim/.SoftSimReceiver]
05-27 09:46:55.739  2584  2712 I am_proc_bound: [0,10301,com.android.vendors.bridge.softsim]
05-27 09:46:55.844  2584  2584 I notification_cancel_all: [1000,2584,com.mushroom.systrace,0,0,0,5,NULL]
05-27 09:46:55.847  2584  2584 I notification_canceled: [0|com.mushroom.systrace|1|null|2000,5,156114,156114,9351]
05-27 09:46:55.847  2584  2584 I notification_canceled: [0|com.mushroom.systrace|2147483647|group_key_override|2000|ranker_bundle,5,156110,156110,9351]
05-27 09:46:55.889  2584 28973 I am_proc_start: [0,10318,10030,com.bbk.appstore,broadcast,com.bbk.appstore/.download.PackageChangeReceiver]
05-27 09:46:55.903  2584  2584 I am_wtf  : [0,2584,system_server,-1,ActivityManager,Sending non-protected broadcast com.vivo.services.security.client.PACKAGE_PERMISSION_REMOVED from system 2584:system/1000 pkg android]
05-27 09:46:55.913  2584 28967 I am_proc_bound: [0,10318,com.bbk.appstore]
05-27 09:46:56.247  2584  2872 I am_proc_start: [0,10335,10077,com.android.printspooler,service,com.android.printspooler/.model.PrintSpoolerService]
05-27 09:46:56.252  2584  2712 I am_proc_died: [0,10284,com.android.keychain]
05-27 09:46:56.288  2584  7697 I am_proc_bound: [0,10335,com.android.printspooler]
05-27 09:46:56.390  2584  4796 I am_proc_start: [0,10356,1000,com.iqoo.engineermode,broadcast,com.iqoo.engineermode/.AppInstallReceiver]
05-27 09:46:56.409  2584 28968 I am_proc_bound: [0,10356,com.iqoo.engineermode]
05-27 09:46:56.459  2584  2872 I am_pss  : [5672,10034,com.bbk.launcher2,109001728,104996864,0]
05-27 09:46:56.662  2584 28966 I am_proc_start: [0,10377,10088,com.bbk.updater,service,com.bbk.updater/com.vivo.push.sdk.service.CommandService]
05-27 09:46:56.734  2584  4622 I am_proc_start: [0,10392,10114,com.vivo.game,service,com.vivo.game/com.vivo.push.sdk.service.CommandService]
05-27 09:46:56.738  2584 28975 I am_proc_bound: [0,10377,com.bbk.updater]
05-27 09:46:56.831  2584  4389 I am_proc_start: [0,10404,10115,com.vivo.space,service,com.vivo.space/com.vivo.push.sdk.service.CommandService]
05-27 09:46:56.838  2584  9744 I am_proc_bound: [0,10392,com.vivo.game]
05-27 09:46:56.859  2584  4278 I am_wtf  : [0,2584,system_server,-1,ActivityManager,Sending non-protected broadcast com.vivo.behavior.app.removed from system 5479:com.vivo.abe/1000 pkg com.vivo.abe]
