05-13 15:17:22.973  3666  3933 I am_broadcast_discard_app: [0,12072678,android.net.wifi.RSSI_CHANGED,0,ResolveInfo{b0da427 com.sdu.didi.psnger/com.didi.sdk.receiver.WifiReceiver m=0x108000}]
05-13 15:17:24.103  3666  4286 I netstats_mobile_sample: [0,0,0,0,0,0,0,0,0,0,0,0,1494659845559]
05-13 15:17:24.103  3666  4286 I netstats_wifi_sample: [3196330675,2838364,222815724,1485688,3192823721,2734159,201998518,1484928,3190051474,2713928,202020814,1485443,1494659845559]
05-13 15:17:25.981  3666  3933 I am_broadcast_discard_app: [0,166864278,android.net.wifi.RSSI_CHANGED,0,ResolveInfo{b91e517 com.sdu.didi.psnger/com.didi.sdk.receiver.WifiReceiver m=0x108000}]
05-13 15:17:28.996  3666  3933 I am_broadcast_discard_app: [0,94569762,android.net.wifi.RSSI_CHANGED,0,ResolveInfo{c45bbb3 com.sdu.didi.psnger/com.didi.sdk.receiver.WifiReceiver m=0x108000}]
05-13 15:17:32.010  3666  3933 I am_broadcast_discard_app: [0,9458030,android.net.wifi.RSSI_CHANGED,0,ResolveInfo{f56600f com.sdu.didi.psnger/com.didi.sdk.receiver.WifiReceiver m=0x108000}]
05-13 15:17:35.023  3666  3933 I am_broadcast_discard_app: [0,83105402,android.net.wifi.RSSI_CHANGED,0,ResolveInfo{722ee2b com.sdu.didi.psnger/com.didi.sdk.receiver.WifiReceiver m=0x108000}]
05-13 15:17:38.045  3666  3933 I am_broadcast_discard_app: [0,77406278,android.net.wifi.RSSI_CHANGED,0,ResolveInfo{2e04207 com.sdu.didi.psnger/com.didi.sdk.receiver.WifiReceiver m=0x108000}]
05-13 15:17:41.055  3666  3933 I am_broadcast_discard_app: [0,226163410,android.net.wifi.RSSI_CHANGED,0,ResolveInfo{634f7a3 com.sdu.didi.psnger/com.didi.sdk.receiver.WifiReceiver m=0x108000}]
05-13 15:17:44.069  3666  3933 I am_broadcast_discard_app: [0,244673279,android.net.wifi.RSSI_CHANGED,0,ResolveInfo{c7270cc com.sdu.didi.psnger/com.didi.sdk.receiver.WifiReceiver m=0x108000}]
05-13 15:17:47.078  3666  3933 I am_broadcast_discard_app: [0,39827483,android.net.wifi.RSSI_CHANGED,0,ResolveInfo{cbbcdb8 com.sdu.didi.psnger/com.didi.sdk.receiver.WifiReceiver m=0x108000}]
05-13 15:17:50.091  3666  3933 I am_broadcast_discard_app: [0,205262180,android.net.wifi.RSSI_CHANGED,0,ResolveInfo{fe5bcd com.sdu.didi.psnger/com.didi.sdk.receiver.WifiReceiver m=0x108000}]
05-13 15:17:53.109  3666  3933 I am_broadcast_discard_app: [0,157195216,android.net.wifi.RSSI_CHANGED,0,ResolveInfo{3a1e7c9 com.sdu.didi.psnger/com.didi.sdk.receiver.WifiReceiver m=0x108000}]
05-13 15:17:56.136  3666  3933 I am_broadcast_discard_app: [0,198812924,android.net.wifi.RSSI_CHANGED,0,ResolveInfo{2d83785 com.sdu.didi.psnger/com.didi.sdk.receiver.WifiReceiver m=0x108000}]
05-13 15:17:58.192  3666  4532 I am_broadcast_discard_app: [0,110579687,NULL,0,ResolveInfo{c6f9794 com.happyelements.AndroidAnimal/com.happyelements.gsp.android.notification.gcn.GcnBroadcastReceiver m=0x0}]
05-13 15:17:59.158  3666  3933 I am_broadcast_discard_app: [0,142541699,android.net.wifi.RSSI_CHANGED,0,ResolveInfo{b789900 com.sdu.didi.psnger/com.didi.sdk.receiver.WifiReceiver m=0x108000}]
05-13 15:18:00.033  3666  3666 I notification_enqueue: [10064,8611,com.bbk.iqoo.logsystem,3,NULL,0,Notification(pri=-2 contentView=com.bbk.iqoo.logsystem/0x3030028 vibrate=null sound=null defaults=0x0 flags=0x40 color=0xff607d8b vis=PRIVATE),1]
05-13 15:18:00.077  3666  4977 I notification_autogrouped: 0|com.bbk.iqoo.logsystem|3|null|10064
05-13 15:18:00.082  3666 10257 I notification_autogrouped: 0|com.bbk.iqoo.logsystem|3|null|10064
05-13 15:18:02.160  3666  3933 I am_broadcast_discard_app: [0,40562058,android.net.wifi.RSSI_CHANGED,0,ResolveInfo{ea35ffb com.sdu.didi.psnger/com.didi.sdk.receiver.WifiReceiver m=0x108000}]
05-13 15:18:05.177  3666  3933 I am_broadcast_discard_app: [0,143808598,android.net.wifi.RSSI_CHANGED,0,ResolveInfo{5be00d7 com.sdu.didi.psnger/com.didi.sdk.receiver.WifiReceiver m=0x108000}]
05-13 15:18:08.193  3666  3933 I am_broadcast_discard_app: [0,133407714,android.net.wifi.RSSI_CHANGED,0,ResolveInfo{177d373 com.sdu.didi.psnger/com.didi.sdk.receiver.WifiReceiver m=0x108000}]
05-13 15:18:11.203  3666  3933 I am_broadcast_discard_app: [0,254549038,android.net.wifi.RSSI_CHANGED,0,ResolveInfo{ff233cf com.sdu.didi.psnger/com.didi.sdk.receiver.WifiReceiver m=0x108000}]
05-13 15:18:14.209  3666  3933 I am_broadcast_discard_app: [0,123850042,android.net.wifi.RSSI_CHANGED,0,ResolveInfo{6083deb com.sdu.didi.psnger/com.didi.sdk.receiver.WifiReceiver m=0x108000}]
05-13 15:18:16.163  3666  4273 I am_wtf  : [0,3666,system_server,-1,ActivityManager,Sending non-protected broadcast MqttService.pingSender.446150076815884430 from system uid 1000 pkg com.vivo.abe]
05-13 15:18:17.226  3666  3933 I am_broadcast_discard_app: [0,59820434,android.net.wifi.RSSI_CHANGED,0,ResolveInfo{afc7f63 com.sdu.didi.psnger/com.didi.sdk.receiver.WifiReceiver m=0x108000}]
05-13 15:18:20.250  3666  3933 I am_broadcast_discard_app: [0,179154623,android.net.wifi.RSSI_CHANGED,0,ResolveInfo{debc98c com.sdu.didi.psnger/com.didi.sdk.receiver.WifiReceiver m=0x108000}]
05-13 15:18:23.250  3666  3933 I am_broadcast_discard_app: [0,1603547,android.net.wifi.RSSI_CHANGED,0,ResolveInfo{d51f278 com.sdu.didi.psnger/com.didi.sdk.receiver.WifiReceiver m=0x108000}]
05-13 15:18:26.257  3666  3933 I am_broadcast_discard_app: [0,77379255,android.net.wifi.RSSI_CHANGED,0,ResolveInfo{eefbe24 com.sdu.didi.psnger/com.didi.sdk.receiver.WifiReceiver m=0x108000}]
05-13 15:18:29.268  3666  3933 I am_broadcast_discard_app: [0,230426451,android.net.wifi.RSSI_CHANGED,0,ResolveInfo{7c9890 com.sdu.didi.psnger/com.didi.sdk.receiver.WifiReceiver m=0x108000}]
05-13 15:18:32.280  3666  3933 I am_broadcast_discard_app: [0,29011388,android.net.wifi.RSSI_CHANGED,0,ResolveInfo{8d37145 com.sdu.didi.psnger/com.didi.sdk.receiver.WifiReceiver m=0x108000}]
05-13 15:18:35.299  3666  3933 I am_broadcast_discard_app: [0,174254504,android.net.wifi.RSSI_CHANGED,0,ResolveInfo{f3edcc1 com.sdu.didi.psnger/com.didi.sdk.receiver.WifiReceiver m=0x108000}]
05-13 15:18:38.304  3666  3933 I am_broadcast_discard_app: [0,47249492,android.net.wifi.RSSI_CHANGED,0,ResolveInfo{39b83fd com.sdu.didi.psnger/com.didi.sdk.receiver.WifiReceiver m=0x108000}]
05-13 15:18:41.315  3666  3933 I am_broadcast_discard_app: [0,191841728,android.net.wifi.RSSI_CHANGED,0,ResolveInfo{82162f9 com.sdu.didi.psnger/com.didi.sdk.receiver.WifiReceiver m=0x108000}]
05-13 15:18:44.328  3666  3933 I am_broadcast_discard_app: [0,249757164,android.net.wifi.RSSI_CHANGED,0,ResolveInfo{8c35b5 com.sdu.didi.psnger/com.didi.sdk.receiver.WifiReceiver m=0x108000}]
05-13 15:18:47.340  3666  3933 I am_broadcast_discard_app: [0,184028376,android.net.wifi.RSSI_CHANGED,0,ResolveInfo{6977831 com.sdu.didi.psnger/com.didi.sdk.receiver.WifiReceiver m=0x108000}]
05-13 15:18:50.363  3666  3933 I am_broadcast_discard_app: [0,171599469,android.net.wifi.RSSI_CHANGED,0,ResolveInfo{b6102a2 com.sdu.didi.psnger/com.didi.sdk.receiver.WifiReceiver m=0x108000}]
05-13 15:18:53.372  3666  3933 I am_broadcast_discard_app: [0,161741929,android.net.wifi.RSSI_CHANGED,0,ResolveInfo{3f0a6ee com.sdu.didi.psnger/com.didi.sdk.receiver.WifiReceiver m=0x108000}]
05-13 15:18:56.404  3666  3933 I am_broadcast_discard_app: [0,242506760,android.net.wifi.RSSI_CHANGED,0,ResolveInfo{1c5cfa1 com.sdu.didi.psnger/com.didi.sdk.receiver.WifiReceiver m=0x108000}]
05-13 15:18:58.151  3666  5849 I am_broadcast_discard_app: [0,19964960,NULL,0,ResolveInfo{477d1d9 com.happyelements.AndroidAnimal/com.happyelements.gsp.android.notification.gcn.GcnBroadcastReceiver m=0x0}]
05-13 15:18:59.414  3666  3933 I am_broadcast_discard_app: [0,210416277,android.net.wifi.RSSI_CHANGED,0,ResolveInfo{db59faa com.sdu.didi.psnger/com.didi.sdk.receiver.WifiReceiver m=0x108000}]
05-13 15:18:59.560  3666  4286 I netstats_mobile_sample: [0,0,0,0,0,0,0,0,0,0,0,0,1494659941017]
05-13 15:18:59.561  3666  4286 I netstats_wifi_sample: [3216924484,2855241,223331950,1494197,3213411727,2750892,202395738,1493440,3210624753,2730605,202419093,1493955,1494659941017]
05-13 15:19:00.075  3666  3666 I notification_enqueue: [10064,8611,com.bbk.iqoo.logsystem,3,NULL,0,Notification(pri=-2 contentView=com.bbk.iqoo.logsystem/0x3030028 vibrate=null sound=null defaults=0x0 flags=0x40 color=0xff607d8b vis=PRIVATE),1]
05-13 15:19:00.099  3666  5871 I notification_autogrouped: 0|com.bbk.iqoo.logsystem|3|null|10064
05-13 15:19:00.104  3666 10253 I notification_autogrouped: 0|com.bbk.iqoo.logsystem|3|null|10064
05-13 15:19:02.435  3666  3933 I am_broadcast_discard_app: [0,36675405,android.net.wifi.RSSI_CHANGED,0,ResolveInfo{35e7a02 com.sdu.didi.psnger/com.didi.sdk.receiver.WifiReceiver m=0x108000}]
05-13 15:19:05.443  3666  3933 I am_broadcast_discard_app: [0,224650057,android.net.wifi.RSSI_CHANGED,0,ResolveInfo{63e344e com.sdu.didi.psnger/com.didi.sdk.receiver.WifiReceiver m=0x108000}]
05-13 15:19:08.452  3666  3933 I am_broadcast_discard_app: [0,159279877,android.net.wifi.RSSI_CHANGED,0,ResolveInfo{a4d475a com.sdu.didi.psnger/com.didi.sdk.receiver.WifiReceiver m=0x108000}]
05-13 15:19:11.467  3666  3933 I am_broadcast_discard_app: [0,117420673,android.net.wifi.RSSI_CHANGED,0,ResolveInfo{4087f26 com.sdu.didi.psnger/com.didi.sdk.receiver.WifiReceiver m=0x108000}]
05-13 15:19:14.473  3666  3933 I am_broadcast_discard_app: [0,66319805,android.net.wifi.RSSI_CHANGED,0,ResolveInfo{ed67b2 com.sdu.didi.psnger/com.didi.sdk.receiver.WifiReceiver m=0x108000}]
05-13 15:19:16.106  3666  3666 I free_storage_changed: 18677657600
05-13 15:19:17.485  3666  3933 I am_broadcast_discard_app: [0,149893305,android.net.wifi.RSSI_CHANGED,0,ResolveInfo{6c64cfe com.sdu.didi.psnger/com.didi.sdk.receiver.WifiReceiver m=0x108000}]
05-13 15:19:20.501  3666  3933 I am_broadcast_discard_app: [0,196492042,android.net.wifi.RSSI_CHANGED,0,ResolveInfo{6505f7b com.sdu.didi.psnger/com.didi.sdk.receiver.WifiReceiver m=0x108000}]
05-13 15:19:23.520  3666  3933 I am_broadcast_discard_app: [0,50658774,android.net.wifi.RSSI_CHANGED,0,ResolveInfo{7fb7857 com.sdu.didi.psnger/com.didi.sdk.receiver.WifiReceiver m=0x108000}]
05-13 15:19:26.538  3666  3933 I am_broadcast_discard_app: [0,178987362,android.net.wifi.RSSI_CHANGED,0,ResolveInfo{2d542f3 com.sdu.didi.psnger/com.didi.sdk.receiver.WifiReceiver m=0x108000}]
05-13 15:19:29.559  3666  3933 I am_broadcast_discard_app: [0,94237102,android.net.wifi.RSSI_CHANGED,0,ResolveInfo{e771b4f com.sdu.didi.psnger/com.didi.sdk.receiver.WifiReceiver m=0x108000}]
05-13 15:19:32.562  3666  3933 I am_broadcast_discard_app: [0,249264826,android.net.wifi.RSSI_CHANGED,0,ResolveInfo{8b41d6b com.sdu.didi.psnger/com.didi.sdk.receiver.WifiReceiver m=0x108000}]
05-13 15:19:35.572  3666  3933 I am_broadcast_discard_app: [0,20351110,android.net.wifi.RSSI_CHANGED,0,ResolveInfo{f752547 com.sdu.didi.psnger/com.didi.sdk.receiver.WifiReceiver m=0x108000}]
05-13 15:19:38.581  3666  3933 I am_broadcast_discard_app: [0,266512146,android.net.wifi.RSSI_CHANGED,0,ResolveInfo{c54cee3 com.sdu.didi.psnger/com.didi.sdk.receiver.WifiReceiver m=0x108000}]
05-13 15:19:41.597  3666  3933 I am_broadcast_discard_app: [0,234583615,android.net.wifi.RSSI_CHANGED,0,ResolveInfo{5d2bb0c com.sdu.didi.psnger/com.didi.sdk.receiver.WifiReceiver m=0x108000}]
05-13 15:19:44.606  3666  3933 I am_broadcast_discard_app: [0,188430171,android.net.wifi.RSSI_CHANGED,0,ResolveInfo{e767bf8 com.sdu.didi.psnger/com.didi.sdk.receiver.WifiReceiver m=0x108000}]
05-13 15:19:47.624  3666  3933 I am_broadcast_discard_app: [0,200011319,android.net.wifi.RSSI_CHANGED,0,ResolveInfo{b935fa4 com.sdu.didi.psnger/com.didi.sdk.receiver.WifiReceiver m=0x108000}]
05-13 15:19:50.634  3666  3933 I am_broadcast_discard_app: [0,226021904,android.net.wifi.RSSI_CHANGED,0,ResolveInfo{4d28109 com.sdu.didi.psnger/com.didi.sdk.receiver.WifiReceiver m=0x108000}]
05-13 15:19:53.658  3666  3933 I am_broadcast_discard_app: [0,134283068,android.net.wifi.RSSI_CHANGED,0,ResolveInfo{a9924c5 com.sdu.didi.psnger/com.didi.sdk.receiver.WifiReceiver m=0x108000}]
05-13 15:19:56.665  3666  3933 I am_broadcast_discard_app: [0,8180520,android.net.wifi.RSSI_CHANGED,0,ResolveInfo{66c4841 com.sdu.didi.psnger/com.didi.sdk.receiver.WifiReceiver m=0x108000}]
05-13 15:19:58.197  3666 10261 I am_broadcast_discard_app: [0,179101504,NULL,0,ResolveInfo{320be79 com.happyelements.AndroidAnimal/com.happyelements.gsp.android.notification.gcn.GcnBroadcastReceiver m=0x0}]
05-13 15:19:59.673  3666  3933 I am_broadcast_discard_app: [0,169914220,android.net.wifi.RSSI_CHANGED,0,ResolveInfo{ee5c935 com.sdu.didi.psnger/com.didi.sdk.receiver.WifiReceiver m=0x108000}]
05-13 15:20:00.046  3666  3666 I notification_enqueue: [10064,8611,com.bbk.iqoo.logsystem,3,NULL,0,Notification(pri=-2 contentView=com.bbk.iqoo.logsystem/0x3030028 vibrate=null sound=null defaults=0x0 flags=0x40 color=0xff607d8b vis=PRIVATE),1]
05-13 15:20:00.093  3666  4938 I notification_autogrouped: 0|com.bbk.iqoo.logsystem|3|null|10064
05-13 15:20:00.100  3666  8546 I notification_autogrouped: 0|com.bbk.iqoo.logsystem|3|null|10064
05-13 15:20:02.697  3666  3933 I am_broadcast_discard_app: [0,260887575,android.net.wifi.RSSI_CHANGED,0,ResolveInfo{85f8004 com.sdu.didi.psnger/com.didi.sdk.receiver.WifiReceiver m=0x108000}]
05-13 15:20:05.706  3666  3933 I am_broadcast_discard_app: [0,109091507,android.net.wifi.RSSI_CHANGED,0,ResolveInfo{d569870 com.sdu.didi.psnger/com.didi.sdk.receiver.WifiReceiver m=0x108000}]
05-13 15:20:08.717  3666  3933 I am_broadcast_discard_app: [0,77359525,android.net.wifi.RSSI_CHANGED,0,ResolveInfo{967717a com.sdu.didi.psnger/com.didi.sdk.receiver.WifiReceiver m=0x108000}]
05-13 15:20:11.728  3666  3933 I am_broadcast_discard_app: [0,219085601,android.net.wifi.RSSI_CHANGED,0,ResolveInfo{c6b2b46 com.sdu.didi.psnger/com.didi.sdk.receiver.WifiReceiver m=0x108000}]
05-13 15:20:14.737  3666  3933 I am_broadcast_discard_app: [0,62859357,android.net.wifi.RSSI_CHANGED,0,ResolveInfo{b9eb5d2 com.sdu.didi.psnger/com.didi.sdk.receiver.WifiReceiver m=0x108000}]
05-13 15:20:17.756  3666  3933 I am_broadcast_discard_app: [0,55242073,android.net.wifi.RSSI_CHANGED,0,ResolveInfo{70e5d1e com.sdu.didi.psnger/com.didi.sdk.receiver.WifiReceiver m=0x108000}]
05-13 15:20:20.761  3666  3933 I am_broadcast_discard_app: [0,137627157,android.net.wifi.RSSI_CHANGED,0,ResolveInfo{13f2d2a com.sdu.didi.psnger/com.didi.sdk.receiver.WifiReceiver m=0x108000}]
05-13 15:20:23.777  3666  3933 I am_broadcast_discard_app: [0,190574225,android.net.wifi.RSSI_CHANGED,0,ResolveInfo{dfaf1f6 com.sdu.didi.psnger/com.didi.sdk.receiver.WifiReceiver m=0x108000}]
05-13 15:20:26.795  3666  3933 I am_broadcast_discard_app: [0,31694469,android.net.wifi.RSSI_CHANGED,0,ResolveInfo{81534da com.sdu.didi.psnger/com.didi.sdk.receiver.WifiReceiver m=0x108000}]
05-13 15:20:29.812  3666  3933 I am_broadcast_discard_app: [0,256155137,android.net.wifi.RSSI_CHANGED,0,ResolveInfo{e21c4a6 com.sdu.didi.psnger/com.didi.sdk.receiver.WifiReceiver m=0x108000}]
05-13 15:20:32.820  3666  3933 I am_broadcast_discard_app: [0,106699069,android.net.wifi.RSSI_CHANGED,0,ResolveInfo{7158532 com.sdu.didi.psnger/com.didi.sdk.receiver.WifiReceiver m=0x108000}]
05-13 15:20:35.843  3666  3933 I am_broadcast_discard_app: [0,7736377,android.net.wifi.RSSI_CHANGED,0,ResolveInfo{712c27e com.sdu.didi.psnger/com.didi.sdk.receiver.WifiReceiver m=0x108000}]
05-13 15:20:38.851  3666  3933 I am_broadcast_discard_app: [0,94515957,android.net.wifi.RSSI_CHANGED,0,ResolveInfo{14888a com.sdu.didi.psnger/com.didi.sdk.receiver.WifiReceiver m=0x108000}]
05-13 15:20:41.548  3666  4286 I netstats_mobile_sample: [0,0,0,0,0,0,0,0,0,0,0,0,1494660043004]
05-13 15:20:41.549  3666  4286 I netstats_wifi_sample: [3237504017,2872334,223841230,1502658,3233986637,2767781,202786524,1501900,3231199913,2747460,202809919,1502416,1494660043004]
05-13 15:20:41.867  3666  3933 I am_broadcast_discard_app: [0,112894806,android.net.wifi.RSSI_CHANGED,0,ResolveInfo{5bfefd7 com.sdu.didi.psnger/com.didi.sdk.receiver.WifiReceiver m=0x108000}]
05-13 15:20:44.878  3666  3933 I am_broadcast_discard_app: [0,131440354,android.net.wifi.RSSI_CHANGED,0,ResolveInfo{129b273 com.sdu.didi.psnger/com.didi.sdk.receiver.WifiReceiver m=0x108000}]
05-13 15:20:47.887  3666  3933 I am_broadcast_discard_app: [0,179488558,android.net.wifi.RSSI_CHANGED,0,ResolveInfo{26302cf com.sdu.didi.psnger/com.didi.sdk.receiver.WifiReceiver m=0x108000}]
05-13 15:20:50.897  3666  3933 I am_broadcast_discard_app: [0,179434228,android.net.wifi.RSSI_CHANGED,0,ResolveInfo{282fa1d com.sdu.didi.psnger/com.didi.sdk.receiver.WifiReceiver m=0x108000}]
05-13 15:20:53.910  3666  3933 I am_broadcast_discard_app: [0,232397593,android.net.wifi.RSSI_CHANGED,0,ResolveInfo{87557de com.sdu.didi.psnger/com.didi.sdk.receiver.WifiReceiver m=0x108000}]
05-13 15:20:56.922  3666  3933 I am_broadcast_discard_app: [0,268112874,android.net.wifi.RSSI_CHANGED,0,ResolveInfo{ef4f6db com.sdu.didi.psnger/com.didi.sdk.receiver.WifiReceiver m=0x108000}]
05-13 15:20:58.194  3666  8543 I am_broadcast_discard_app: [0,52431760,NULL,0,ResolveInfo{98afc89 com.happyelements.AndroidAnimal/com.happyelements.gsp.android.notification.gcn.GcnBroadcastReceiver m=0x0}]
05-13 15:20:59.938  3666  3933 I am_broadcast_discard_app: [0,85841989,android.net.wifi.RSSI_CHANGED,0,ResolveInfo{ff84b9a com.sdu.didi.psnger/com.didi.sdk.receiver.WifiReceiver m=0x108000}]
05-13 15:21:00.036  3666  3666 I notification_enqueue: [10064,8611,com.bbk.iqoo.logsystem,3,NULL,0,Notification(pri=-2 contentView=com.bbk.iqoo.logsystem/0x3030028 vibrate=null sound=null defaults=0x0 flags=0x40 color=0xff607d8b vis=PRIVATE),1]
05-13 15:21:00.055  3666  4938 I notification_autogrouped: 0|com.bbk.iqoo.logsystem|3|null|10064
05-13 15:21:00.059  3666 10260 I notification_autogrouped: 0|com.bbk.iqoo.logsystem|3|null|10064
05-13 15:21:02.949  3666  3933 I am_broadcast_discard_app: [0,44694356,android.net.wifi.RSSI_CHANGED,0,ResolveInfo{3ebcafd com.sdu.didi.psnger/com.didi.sdk.receiver.WifiReceiver m=0x108000}]
05-13 15:21:05.969  3666  3933 I am_broadcast_discard_app: [0,55933120,android.net.wifi.RSSI_CHANGED,0,ResolveInfo{aaf19f9 com.sdu.didi.psnger/com.didi.sdk.receiver.WifiReceiver m=0x108000}]
05-13 15:21:08.989  3666  3933 I am_broadcast_discard_app: [0,175726828,android.net.wifi.RSSI_CHANGED,0,ResolveInfo{3be5cb5 com.sdu.didi.psnger/com.didi.sdk.receiver.WifiReceiver m=0x108000}]
05-13 15:21:12.003  3666  3933 I am_broadcast_discard_app: [0,219258840,android.net.wifi.RSSI_CHANGED,0,ResolveInfo{8450f31 com.sdu.didi.psnger/com.didi.sdk.receiver.WifiReceiver m=0x108000}]
05-13 15:21:15.017  3666  3933 I am_broadcast_discard_app: [0,32301444,android.net.wifi.RSSI_CHANGED,0,ResolveInfo{eaa6d6d com.sdu.didi.psnger/com.didi.sdk.receiver.WifiReceiver m=0x108000}]
05-13 15:21:16.106  3666  3666 I free_storage_changed: 18674925568
05-13 15:21:18.025  3666  3933 I am_broadcast_discard_app: [0,202936816,android.net.wifi.RSSI_CHANGED,0,ResolveInfo{28d7369 com.sdu.didi.psnger/com.didi.sdk.receiver.WifiReceiver m=0x108000}]
05-13 15:21:21.040  3666  3933 I am_broadcast_discard_app: [0,8445221,android.net.wifi.RSSI_CHANGED,0,ResolveInfo{9dd9efa com.sdu.didi.psnger/com.didi.sdk.receiver.WifiReceiver m=0x108000}]
05-13 15:21:24.055  3666  3933 I am_broadcast_discard_app: [0,25634465,android.net.wifi.RSSI_CHANGED,0,ResolveInfo{5d6b0c6 com.sdu.didi.psnger/com.didi.sdk.receiver.WifiReceiver m=0x108000}]
05-13 15:21:27.065  3666  3933 I am_broadcast_discard_app: [0,112530078,android.net.wifi.RSSI_CHANGED,0,ResolveInfo{af9417f com.sdu.didi.psnger/com.didi.sdk.receiver.WifiReceiver m=0x108000}]
05-13 15:21:30.079  3666  3933 I am_broadcast_discard_app: [0,57308827,android.net.wifi.RSSI_CHANGED,0,ResolveInfo{b59ea38 com.sdu.didi.psnger/com.didi.sdk.receiver.WifiReceiver m=0x108000}]
05-13 15:21:33.104  3666  3933 I am_broadcast_discard_app: [0,49275255,android.net.wifi.RSSI_CHANGED,0,ResolveInfo{fdf71e4 com.sdu.didi.psnger/com.didi.sdk.receiver.WifiReceiver m=0x108000}]
05-13 15:21:36.104  3666  3933 I am_broadcast_discard_app: [0,66526739,android.net.wifi.RSSI_CHANGED,0,ResolveInfo{113c850 com.sdu.didi.psnger/com.didi.sdk.receiver.WifiReceiver m=0x108000}]
05-13 15:21:39.122  3666  3933 I am_broadcast_discard_app: [0,2852975,android.net.wifi.RSSI_CHANGED,0,ResolveInfo{af5197c com.sdu.didi.psnger/com.didi.sdk.receiver.WifiReceiver m=0x108000}]
05-13 15:21:42.135  3666  3933 I am_broadcast_discard_app: [0,110247051,android.net.wifi.RSSI_CHANGED,0,ResolveInfo{9385168 com.sdu.didi.psnger/com.didi.sdk.receiver.WifiReceiver m=0x108000}]
05-13 15:21:45.146  3666  3933 I am_broadcast_discard_app: [0,124130919,android.net.wifi.RSSI_CHANGED,0,ResolveInfo{bf51c14 com.sdu.didi.psnger/com.didi.sdk.receiver.WifiReceiver m=0x108000}]
05-13 15:21:48.153  3666  3933 I am_broadcast_discard_app: [0,28553731,android.net.wifi.RSSI_CHANGED,0,ResolveInfo{b11e580 com.sdu.didi.psnger/com.didi.sdk.receiver.WifiReceiver m=0x108000}]
05-13 15:21:51.163  3666  3933 I am_broadcast_discard_app: [0,74439084,android.net.wifi.RSSI_CHANGED,0,ResolveInfo{efa4675 com.sdu.didi.psnger/com.didi.sdk.receiver.WifiReceiver m=0x108000}]
05-13 15:21:54.178  3666  3933 I am_broadcast_discard_app: [0,14083224,android.net.wifi.RSSI_CHANGED,0,ResolveInfo{ab5d4f1 com.sdu.didi.psnger/com.didi.sdk.receiver.WifiReceiver m=0x108000}]
05-13 15:21:57.184  3666  3933 I am_broadcast_discard_app: [0,195146308,android.net.wifi.RSSI_CHANGED,0,ResolveInfo{cc1cf2d com.sdu.didi.psnger/com.didi.sdk.receiver.WifiReceiver m=0x108000}]
05-13 15:21:58.199  3666  5840 I am_broadcast_discard_app: [0,88593850,NULL,0,ResolveInfo{a90dc6b com.happyelements.AndroidAnimal/com.happyelements.gsp.android.notification.gcn.GcnBroadcastReceiver m=0x0}]
05-13 15:22:00.050  3666  3666 I notification_enqueue: [10064,8611,com.bbk.iqoo.logsystem,3,NULL,0,Notification(pri=-2 contentView=com.bbk.iqoo.logsystem/0x3030028 vibrate=null sound=null defaults=0x0 flags=0x40 color=0xff607d8b vis=PRIVATE),1]
05-13 15:22:00.069  3666  8544 I notification_autogrouped: 0|com.bbk.iqoo.logsystem|3|null|10064
05-13 15:22:00.074  3666  5849 I notification_autogrouped: 0|com.bbk.iqoo.logsystem|3|null|10064
05-13 15:22:00.197  3666  3933 I am_broadcast_discard_app: [0,14802333,android.net.wifi.RSSI_CHANGED,0,ResolveInfo{61f6212 com.sdu.didi.psnger/com.didi.sdk.receiver.WifiReceiver m=0x108000}]
05-13 15:22:03.211  3666  3933 I am_broadcast_discard_app: [0,168015513,android.net.wifi.RSSI_CHANGED,0,ResolveInfo{88d8d5e com.sdu.didi.psnger/com.didi.sdk.receiver.WifiReceiver m=0x108000}]
05-13 15:22:06.223  3666  3933 I am_broadcast_discard_app: [0,231744341,android.net.wifi.RSSI_CHANGED,0,ResolveInfo{521216a com.sdu.didi.psnger/com.didi.sdk.receiver.WifiReceiver m=0x108000}]
05-13 15:22:09.235  3666  3933 I am_broadcast_discard_app: [0,213688273,android.net.wifi.RSSI_CHANGED,0,ResolveInfo{1a7ea36 com.sdu.didi.psnger/com.didi.sdk.receiver.WifiReceiver m=0x108000}]
05-13 15:22:12.252  3666  3933 I am_broadcast_discard_app: [0,253388813,android.net.wifi.RSSI_CHANGED,0,ResolveInfo{10073c2 com.sdu.didi.psnger/com.didi.sdk.receiver.WifiReceiver m=0x108000}]
05-13 15:22:15.262  3666  3933 I am_broadcast_discard_app: [0,118650889,android.net.wifi.RSSI_CHANGED,0,ResolveInfo{3660a0e com.sdu.didi.psnger/com.didi.sdk.receiver.WifiReceiver m=0x108000}]
05-13 15:22:18.271  3666  3933 I am_broadcast_discard_app: [0,107056069,android.net.wifi.RSSI_CHANGED,0,ResolveInfo{f7cb91a com.sdu.didi.psnger/com.didi.sdk.receiver.WifiReceiver m=0x108000}]
05-13 15:22:21.281  3666  3933 I am_broadcast_discard_app: [0,64233281,android.net.wifi.RSSI_CHANGED,0,ResolveInfo{1d4ce6 com.sdu.didi.psnger/com.didi.sdk.receiver.WifiReceiver m=0x108000}]
05-13 15:22:23.259  3666  4286 I netstats_mobile_sample: [0,0,0,0,0,0,0,0,0,0,0,0,1494660144714]
05-13 15:22:23.260  3666  4286 I netstats_wifi_sample: [3258102845,2889380,224347501,1511110,3254576082,2784587,203174467,1510352,3251785679,2764235,203197862,1510868,1494660144714]
05-13 15:22:24.293  3666  3933 I am_broadcast_discard_app: [0,48320882,android.net.wifi.RSSI_CHANGED,0,ResolveInfo{ec99c3 com.sdu.didi.psnger/com.didi.sdk.receiver.WifiReceiver m=0x108000}]
05-13 15:22:27.309  3666  3933 I am_broadcast_discard_app: [0,57610942,android.net.wifi.RSSI_CHANGED,0,ResolveInfo{af50f1f com.sdu.didi.psnger/com.didi.sdk.receiver.WifiReceiver m=0x108000}]
05-13 15:22:30.326  3666  3933 I am_broadcast_discard_app: [0,260414666,android.net.wifi.RSSI_CHANGED,0,ResolveInfo{fe57e3b com.sdu.didi.psnger/com.didi.sdk.receiver.WifiReceiver m=0x108000}]
05-13 15:22:33.342  3666  3933 I am_broadcast_discard_app: [0,228836119,android.net.wifi.RSSI_CHANGED,0,ResolveInfo{ef54304 com.sdu.didi.psnger/com.didi.sdk.receiver.WifiReceiver m=0x108000}]
05-13 15:22:36.358  3666  3933 I am_broadcast_discard_app: [0,9927091,android.net.wifi.RSSI_CHANGED,0,ResolveInfo{b058b70 com.sdu.didi.psnger/com.didi.sdk.receiver.WifiReceiver m=0x108000}]
05-13 15:22:39.370  3666  3933 I am_broadcast_discard_app: [0,168164879,android.net.wifi.RSSI_CHANGED,0,ResolveInfo{68fee9c com.sdu.didi.psnger/com.didi.sdk.receiver.WifiReceiver m=0x108000}]
05-13 15:22:42.399  3666  3933 I am_broadcast_discard_app: [0,3042347,android.net.wifi.RSSI_CHANGED,0,ResolveInfo{cfb5888 com.sdu.didi.psnger/com.didi.sdk.receiver.WifiReceiver m=0x108000}]
05-13 15:22:45.402  3666  3933 I am_broadcast_discard_app: [0,69574663,android.net.wifi.RSSI_CHANGED,0,ResolveInfo{7317534 com.sdu.didi.psnger/com.didi.sdk.receiver.WifiReceiver m=0x108000}]
05-13 15:22:48.416  3666  3933 I am_broadcast_discard_app: [0,158479779,android.net.wifi.RSSI_CHANGED,0,ResolveInfo{10ab0a0 com.sdu.didi.psnger/com.didi.sdk.receiver.WifiReceiver m=0x108000}]
05-13 15:22:51.428  3666  3933 I am_broadcast_discard_app: [0,159004364,android.net.wifi.RSSI_CHANGED,0,ResolveInfo{383ad15 com.sdu.didi.psnger/com.didi.sdk.receiver.WifiReceiver m=0x108000}]
05-13 15:22:54.440  3666  3933 I am_broadcast_discard_app: [0,158987192,android.net.wifi.RSSI_CHANGED,0,ResolveInfo{97f0591 com.sdu.didi.psnger/com.didi.sdk.receiver.WifiReceiver m=0x108000}]
05-13 15:22:57.449  3666  3933 I am_broadcast_discard_app: [0,230069092,android.net.wifi.RSSI_CHANGED,0,ResolveInfo{afd69cd com.sdu.didi.psnger/com.didi.sdk.receiver.WifiReceiver m=0x108000}]
05-13 15:22:58.158  3666  4803 I am_broadcast_discard_app: [0,180057294,NULL,0,ResolveInfo{4bbafef com.happyelements.AndroidAnimal/com.happyelements.gsp.android.notification.gcn.GcnBroadcastReceiver m=0x0}]
05-13 15:23:00.048  3666  3666 I notification_enqueue: [10064,8611,com.bbk.iqoo.logsystem,3,NULL,0,Notification(pri=-2 contentView=com.bbk.iqoo.logsystem/0x3030028 vibrate=null sound=null defaults=0x0 flags=0x40 color=0xff607d8b vis=PRIVATE),1]
05-13 15:23:00.074  3666  3778 I notification_autogrouped: 0|com.bbk.iqoo.logsystem|3|null|10064
05-13 15:23:00.076  3666 10257 I notification_autogrouped: 0|com.bbk.iqoo.logsystem|3|null|10064
05-13 15:23:00.466  3666  3933 I am_broadcast_discard_app: [0,64713985,android.net.wifi.RSSI_CHANGED,0,ResolveInfo{1dd4fa6 com.sdu.didi.psnger/com.didi.sdk.receiver.WifiReceiver m=0x108000}]
05-13 15:23:03.480  3666  3933 I am_broadcast_discard_app: [0,50946109,android.net.wifi.RSSI_CHANGED,0,ResolveInfo{27ec032 com.sdu.didi.psnger/com.didi.sdk.receiver.WifiReceiver m=0x108000}]
05-13 15:23:06.495  3666  3933 I am_broadcast_discard_app: [0,137413433,android.net.wifi.RSSI_CHANGED,0,ResolveInfo{f54ad7e com.sdu.didi.psnger/com.didi.sdk.receiver.WifiReceiver m=0x108000}]
05-13 15:23:09.504  3666  3933 I am_broadcast_discard_app: [0,64051701,android.net.wifi.RSSI_CHANGED,0,ResolveInfo{20a238a com.sdu.didi.psnger/com.didi.sdk.receiver.WifiReceiver m=0x108000}]
05-13 15:23:12.522  3666  3933 I am_broadcast_discard_app: [0,78291057,android.net.wifi.RSSI_CHANGED,0,ResolveInfo{1eeee56 com.sdu.didi.psnger/com.didi.sdk.receiver.WifiReceiver m=0x108000}]
05-13 15:23:15.534  3666  3933 I am_broadcast_discard_app: [0,200790701,android.net.wifi.RSSI_CHANGED,0,ResolveInfo{98399e2 com.sdu.didi.psnger/com.didi.sdk.receiver.WifiReceiver m=0x108000}]
05-13 15:23:16.110  3666  3666 I free_storage_changed: 18672230400
05-13 15:23:18.549  3666  3933 I am_broadcast_discard_app: [0,10721116,android.net.wifi.RSSI_CHANGED,0,ResolveInfo{aedaa65 com.sdu.didi.psnger/com.didi.sdk.receiver.WifiReceiver m=0x108000}]
05-13 15:23:21.559  3666  3933 I am_broadcast_discard_app: [0,202606561,android.net.wifi.RSSI_CHANGED,0,ResolveInfo{bd9906 com.sdu.didi.psnger/com.didi.sdk.receiver.WifiReceiver m=0x108000}]
05-13 15:23:24.570  3666  3933 I am_broadcast_discard_app: [0,23052573,android.net.wifi.RSSI_CHANGED,0,ResolveInfo{c0a3f92 com.sdu.didi.psnger/com.didi.sdk.receiver.WifiReceiver m=0x108000}]
05-13 15:23:27.579  3666  3933 I am_broadcast_discard_app: [0,188502553,android.net.wifi.RSSI_CHANGED,0,ResolveInfo{208c2de com.sdu.didi.psnger/com.didi.sdk.receiver.WifiReceiver m=0x108000}]
05-13 15:23:30.597  3666  3933 I am_broadcast_discard_app: [0,213317333,android.net.wifi.RSSI_CHANGED,0,ResolveInfo{6da2eea com.sdu.didi.psnger/com.didi.sdk.receiver.WifiReceiver m=0x108000}]
05-13 15:23:33.612  3666  3933 I am_broadcast_discard_app: [0,33368913,android.net.wifi.RSSI_CHANGED,0,ResolveInfo{da44fb6 com.sdu.didi.psnger/com.didi.sdk.receiver.WifiReceiver m=0x108000}]
05-13 15:23:36.622  3666  3933 I am_broadcast_discard_app: [0,129156435,android.net.wifi.RSSI_CHANGED,0,ResolveInfo{6f7e90 com.sdu.didi.psnger/com.didi.sdk.receiver.WifiReceiver m=0x108000}]
05-13 15:23:39.639  3666  3933 I am_broadcast_discard_app: [0,52061103,android.net.wifi.RSSI_CHANGED,0,ResolveInfo{4f5f3bc com.sdu.didi.psnger/com.didi.sdk.receiver.WifiReceiver m=0x108000}]
05-13 15:23:42.649  3666  3933 I am_broadcast_discard_app: [0,179538891,android.net.wifi.RSSI_CHANGED,0,ResolveInfo{d0c8fa8 com.sdu.didi.psnger/com.didi.sdk.receiver.WifiReceiver m=0x108000}]
05-13 15:23:45.664  3666  3933 I am_broadcast_discard_app: [0,258808231,android.net.wifi.RSSI_CHANGED,0,ResolveInfo{d6efe54 com.sdu.didi.psnger/com.didi.sdk.receiver.WifiReceiver m=0x108000}]
05-13 15:23:48.674  3666  3933 I am_broadcast_discard_app: [0,138914115,android.net.wifi.RSSI_CHANGED,0,ResolveInfo{8e7abc0 com.sdu.didi.psnger/com.didi.sdk.receiver.WifiReceiver m=0x108000}]
05-13 15:23:51.683  3666  3933 I am_broadcast_discard_app: [0,41665516,android.net.wifi.RSSI_CHANGED,0,ResolveInfo{8ec83b5 com.sdu.didi.psnger/com.didi.sdk.receiver.WifiReceiver m=0x108000}]
05-13 15:23:54.699  3666  3933 I am_broadcast_discard_app: [0,106377944,android.net.wifi.RSSI_CHANGED,0,ResolveInfo{faea631 com.sdu.didi.psnger/com.didi.sdk.receiver.WifiReceiver m=0x108000}]
05-13 15:23:57.705  3666  3933 I am_broadcast_discard_app: [0,91792516,android.net.wifi.RSSI_CHANGED,0,ResolveInfo{896746d com.sdu.didi.psnger/com.didi.sdk.receiver.WifiReceiver m=0x108000}]
05-13 15:23:58.160  3666  4945 I am_broadcast_discard_app: [0,30407918,NULL,0,ResolveInfo{2b3658f com.happyelements.AndroidAnimal/com.happyelements.gsp.android.notification.gcn.GcnBroadcastReceiver m=0x0}]
05-13 15:23:59.619  3666  4286 I netstats_mobile_sample: [0,0,0,0,0,0,0,0,0,0,0,0,1494660241075]
05-13 15:23:59.620  3666  4286 I netstats_wifi_sample: [3278469849,2906031,225147245,1522878,3274941076,2801050,203809499,1522121,3272142990,2780670,203832774,1522634,1494660241075]
05-13 15:24:00.071  3666  3666 I notification_enqueue: [10064,8611,com.bbk.iqoo.logsystem,3,NULL,0,Notification(pri=-2 contentView=com.bbk.iqoo.logsystem/0x3030028 vibrate=null sound=null defaults=0x0 flags=0x40 color=0xff607d8b vis=PRIVATE),1]
05-13 15:24:00.122  3666 10255 I notification_autogrouped: 0|com.bbk.iqoo.logsystem|3|null|10064
05-13 15:24:00.127  3666  4959 I notification_autogrouped: 0|com.bbk.iqoo.logsystem|3|null|10064
05-13 15:24:00.718  3666  3933 I am_broadcast_discard_app: [0,28752838,android.net.wifi.RSSI_CHANGED,0,ResolveInfo{9287787 com.sdu.didi.psnger/com.didi.sdk.receiver.WifiReceiver m=0x108000}]
05-13 15:24:03.734  3666  3933 I am_broadcast_discard_app: [0,89312850,android.net.wifi.RSSI_CHANGED,0,ResolveInfo{48b0523 com.sdu.didi.psnger/com.didi.sdk.receiver.WifiReceiver m=0x108000}]
05-13 15:24:06.759  3666  3933 I am_broadcast_discard_app: [0,67031167,android.net.wifi.RSSI_CHANGED,0,ResolveInfo{83fa84c com.sdu.didi.psnger/com.didi.sdk.receiver.WifiReceiver m=0x108000}]
05-13 15:24:09.763  3666  3933 I am_broadcast_discard_app: [0,146404763,android.net.wifi.RSSI_CHANGED,0,ResolveInfo{e4fd38 com.sdu.didi.psnger/com.didi.sdk.receiver.WifiReceiver m=0x108000}]
05-13 15:24:11.636  3666  4532 I configuration_changed: 1152
05-13 15:24:11.787  3666  3934 I am_wtf  : [0,3666,system_server,-1,ActivityManager,Sending non-protected broadcast vivo.intent.action.CHECK_ALERT_WINDOW from system 3666:system/1000 pkg android]
05-13 15:24:11.790  3666  3934 I am_wtf  : [0,3666,system_server,-1,ActivityManager,Sending non-protected broadcast vivo.intent.action.CHECK_ALERT_WINDOW from system 3666:system/1000 pkg android]
05-13 15:24:11.936   510   510 I sf_frame_dur: [UpSlideTransparentView,0,1,0,0,0,0,0]
05-13 15:24:12.267  3666  4280 I am_new_intent: [0,171932555,2,com.bbk.launcher2/.Launcher,android.intent.action.MAIN,NULL,NULL,278921216]
05-13 15:24:12.268  3666  4280 I am_focused_stack: [0,0,1,bringingFoundTaskToFront setFocusedActivity]
05-13 15:24:12.269  3666  4280 I wm_task_moved: [2,1,0]
05-13 15:24:12.271  3666  4280 I am_focused_activity: [0,com.bbk.launcher2/.Launcher,bringingFoundTaskToFront]
05-13 15:24:12.322  3666  4280 I am_pause_activity: [0,60088405,com.duowan.kiwi/.channelpage.ChannelPage]
05-13 15:24:12.331  3666  4280 I am_task_to_front: [0,2]
05-13 15:24:12.340  3666  4280 I sysui_action: [323,com.bbk.launcher2/.Launcher]
05-13 15:24:12.340  3666  4280 I sysui_action: [324,true]
05-13 15:24:12.340  3666  4280 I sysui_action: [325,177093]
05-13 15:24:12.399  6758  6758 I am_on_paused_called: [0,com.duowan.kiwi.channelpage.ChannelPage,handlePauseActivity]
05-13 15:24:12.444  3666  8547 I am_resume_activity: [0,101232021,2,com.bbk.launcher2/.Launcher]
05-13 15:24:12.478  3666  3933 I sysui_count: [window_time_0,796]
05-13 15:24:12.495  5874  5874 I am_on_resume_called: [0,com.bbk.launcher2.Launcher,RESUME_ACTIVITY]
05-13 15:24:12.720  3666 10261 I am_proc_start: [0,13872,10045,com.vivo.weather.provider,content provider,com.vivo.weather.provider/.WeatherProvider]
05-13 15:24:12.753  3666  4803 I am_proc_bound: [0,13872,com.vivo.weather.provider]
05-13 15:24:12.786  3666  3933 I am_broadcast_discard_app: [0,73703097,android.net.wifi.RSSI_CHANGED,0,ResolveInfo{34a22fe com.sdu.didi.psnger/com.didi.sdk.receiver.WifiReceiver m=0x108000}]
05-13 15:24:12.819  3666  3956 I sysui_action: [320,2]
05-13 15:24:12.819  3666  3956 I sysui_action: [319,574]
05-13 15:24:12.824  3666  3956 I sysui_action: [322,579]
05-13 15:24:13.013  3666  4532 I am_proc_start: [0,13898,10044,com.vivo.weather.location,service,com.vivo.weather/.LocalCityLocateService]
05-13 15:24:13.051  3666  3933 I am_stop_activity: [0,60088405,com.duowan.kiwi/.channelpage.ChannelPage]
05-13 15:24:13.062  3666  5849 I am_proc_bound: [0,13898,com.vivo.weather.location]
05-13 15:24:13.080  6758  6758 I am_on_stop_called: [0,com.duowan.kiwi.channelpage.ChannelPage,handleStopActivity]
05-13 15:24:13.092  3666  8550 I am_mem_factor: [1,2]
05-13 15:24:13.123   510   510 I sf_frame_dur: [SurfaceView - com.duowan.kiwi/com.duowan.kiwi.channelpage.ChannelPage,229,18763,746,0,0,0,1]
05-13 15:24:13.123   510   510 I sf_frame_dur: [SurfaceView - com.duowan.kiwi/com.duowan.kiwi.channelpage.ChannelPage,46961,20,0,0,0,0,1]
05-13 15:24:13.123   510   510 I sf_frame_dur: [com.duowan.kiwi/com.duowan.kiwi.channelpage.ChannelPage,76,14,105,8,3,3,188]
05-13 15:24:13.168  3666  3956 I am_wtf  : [0,3666,system_server,-1,ActivityManager,Sending non-protected broadcast FLOAT_WINDOW_CHANGE_TO_HIDE from system 3666:system/1000 pkg android]
05-13 15:24:13.170  3666  3956 I am_wtf  : [0,3666,system_server,-1,ActivityManager,Sending non-protected broadcast FLOAT_WINDOW_CHANGE_TO_HIDE from system 3666:system/1000 pkg android]
05-13 15:24:15.791  3666  3933 I am_broadcast_discard_app: [0,179868735,android.net.wifi.RSSI_CHANGED,0,ResolveInfo{57c810c com.sdu.didi.psnger/com.didi.sdk.receiver.WifiReceiver m=0x108000}]
05-13 15:24:18.800  3666  3933 I am_broadcast_discard_app: [0,162280795,android.net.wifi.RSSI_CHANGED,0,ResolveInfo{5f6a1f8 com.sdu.didi.psnger/com.didi.sdk.receiver.WifiReceiver m=0x108000}]
05-13 15:24:21.812  3666  3933 I am_broadcast_discard_app: [0,32499108,android.net.wifi.RSSI_CHANGED,0,ResolveInfo{bf4ef0d com.sdu.didi.psnger/com.didi.sdk.receiver.WifiReceiver m=0x108000}]
05-13 15:24:24.823  3666  3933 I am_broadcast_discard_app: [0,113576751,android.net.wifi.RSSI_CHANGED,0,ResolveInfo{a8453c com.sdu.didi.psnger/com.didi.sdk.receiver.WifiReceiver m=0x108000}]
05-13 15:24:27.837  3666  3933 I am_broadcast_discard_app: [0,253832011,android.net.wifi.RSSI_CHANGED,0,ResolveInfo{3527928 com.sdu.didi.psnger/com.didi.sdk.receiver.WifiReceiver m=0x108000}]
05-13 15:24:30.846  3666  3933 I am_broadcast_discard_app: [0,266993620,android.net.wifi.RSSI_CHANGED,0,ResolveInfo{48cb57d com.sdu.didi.psnger/com.didi.sdk.receiver.WifiReceiver m=0x108000}]
05-13 15:24:33.351  3666  5840 I am_focused_stack: [0,1,0,bringingFoundTaskToFront setFocusedActivity]
05-13 15:24:33.351  3666  5840 I wm_task_moved: [159,1,19]
05-13 15:24:33.353  3666  5840 I am_focused_activity: [0,com.tencent.mobileqq/.activity.NotificationActivity,bringingFoundTaskToFront]
05-13 15:24:33.353  3666  5840 I am_pause_activity: [0,101232021,com.bbk.launcher2/.Launcher]
05-13 15:24:33.361  3666  5840 I am_task_to_front: [0,159]
05-13 15:24:33.363  3666  5840 I sysui_action: [323,com.tencent.mobileqq/.activity.NotificationActivity]
05-13 15:24:33.363  3666  5840 I sysui_action: [324,true]
05-13 15:24:33.363  3666  5840 I sysui_action: [325,177114]
05-13 15:24:33.367  5874  5874 I am_on_paused_called: [0,com.bbk.launcher2.Launcher,handlePauseActivity]
05-13 15:24:33.374  3666  4945 I am_resume_activity: [0,61796029,159,com.tencent.mobileqq/.activity.NotificationActivity]
05-13 15:24:33.393  3666  3933 I sysui_count: [window_time_0,21]
05-13 15:24:33.457 17448 17448 I am_on_resume_called: [0,com.tencent.mobileqq.activity.NotificationActivity,RESUME_ACTIVITY]
05-13 15:24:33.588  3666  3956 I sysui_action: [320,2]
05-13 15:24:33.588  3666  3956 I sysui_action: [319,247]
05-13 15:24:33.588  3666  3956 I sysui_action: [322,247]
05-13 15:24:33.853  3666  3933 I am_broadcast_discard_app: [0,172633042,android.net.wifi.RSSI_CHANGED,0,ResolveInfo{15ad4a3 com.sdu.didi.psnger/com.didi.sdk.receiver.WifiReceiver m=0x108000}]
05-13 15:24:33.865  3666  3933 I am_stop_activity: [0,101232021,com.bbk.launcher2/.Launcher]
05-13 15:24:33.869  5874  5874 I am_on_stop_called: [0,com.bbk.launcher2.Launcher,handleStopActivity]
05-13 15:24:33.893   510   510 I sf_frame_dur: [com.bbk.launcher2/com.bbk.launcher2.Launcher,29,3,1,1,0,1,1]
05-13 15:24:34.405  3666  8547 I am_finish_activity: [0,61796029,159,com.tencent.mobileqq/.activity.NotificationActivity,app-request]
05-13 15:24:34.407  3666  8547 I wm_task_moved: [159,1,19]
05-13 15:24:34.412  3666  8547 I am_focused_activity: [0,com.tencent.mobileqq/.activity.SplashActivity,finishActivity adjustFocus]
05-13 15:24:34.412  3666  8547 I am_pause_activity: [0,61796029,com.tencent.mobileqq/.activity.NotificationActivity]
05-13 15:24:34.437 17448 17448 I am_on_paused_called: [0,com.tencent.mobileqq.activity.NotificationActivity,handlePauseActivity]
05-13 15:24:34.446  3666  5849 I am_resume_activity: [0,53878050,159,com.tencent.mobileqq/.activity.SplashActivity]
05-13 15:24:34.499 17448 17448 I am_on_resume_called: [0,com.tencent.mobileqq.activity.SplashActivity,RESUME_ACTIVITY]
05-13 15:24:34.645   510   510 I sf_frame_dur: [com.tencent.mobileqq/com.tencent.mobileqq.activity.NotificationActivity,0,0,0,0,1,0,0]
05-13 15:24:34.767  3666  4803 I am_destroy_activity: [0,61796029,159,com.tencent.mobileqq/.activity.NotificationActivity,finish-idle]
05-13 15:24:34.793 17448 17448 I am_on_stop_called: [0,com.tencent.mobileqq.activity.NotificationActivity,destroy]
05-13 15:24:34.910  3666  3778 I am_proc_died: [0,13872,com.vivo.weather.provider]
05-13 15:24:35.593  3666  3933 I am_proc_start: [0,14035,10128,com.tencent.mobileqq:tool,broadcast,com.tencent.mobileqq/.webprocess.WebProcessReceiver]
05-13 15:24:35.617  3666  4959 I am_proc_bound: [0,14035,com.tencent.mobileqq:tool]
05-13 15:24:36.680  3666  6400 I am_proc_died: [0,14035,com.tencent.mobileqq:tool]
05-13 15:24:36.681  3666  6400 I am_broadcast_discard_app: [0,12093469,com.tencent.mobileqq.webprocess.preload_web_process,0,ResolveInfo{c488aab com.tencent.mobileqq/.webprocess.WebProcessReceiver m=0x108000}]
05-13 15:24:36.862  3666  3933 I am_broadcast_discard_app: [0,235087495,android.net.wifi.RSSI_CHANGED,0,ResolveInfo{7eb9b4 com.sdu.didi.psnger/com.didi.sdk.receiver.WifiReceiver m=0x108000}]
05-13 15:24:39.184  3666  3933 I am_proc_start: [0,14114,10128,com.tencent.mobileqq:tool,broadcast,com.tencent.mobileqq/.webprocess.WebProcessReceiver]
05-13 15:24:39.201  3666  4969 I am_proc_bound: [0,14114,com.tencent.mobileqq:tool]
05-13 15:24:39.762  3666  8540 I am_proc_died: [0,14114,com.tencent.mobileqq:tool]
05-13 15:24:39.763  3666  8540 I am_broadcast_discard_app: [0,94396287,com.tencent.mobileqq.webprocess.preload_web_process,0,ResolveInfo{3509475 com.tencent.mobileqq/.webprocess.WebProcessReceiver m=0x108000}]
05-13 15:24:39.780  3666  3933 I am_proc_start: [0,14157,10128,com.tencent.mobileqq:tool,broadcast,com.tencent.mobileqq/.webprocess.WebProcessReceiver]
05-13 15:24:39.796  3666  6400 I am_proc_bound: [0,14157,com.tencent.mobileqq:tool]
05-13 15:24:40.711  3666  4959 I am_broadcast_discard_app: [0,51575933,android.net.wifi.RSSI_CHANGED,0,ResolveInfo{db1c772 com.sdu.didi.psnger/com.didi.sdk.receiver.WifiReceiver m=0x108000}]
05-13 15:24:41.838  3666  8547 I am_proc_start: [0,14300,10128,com.tencent.mobileqq:qzone,service,com.tencent.mobileqq/cooperation.qzone.QzonePluginProxyService]
05-13 15:24:41.859  3666 10259 I am_proc_bound: [0,14300,com.tencent.mobileqq:qzone]
05-13 15:24:42.891  3666  3933 I am_broadcast_discard_app: [0,264257273,android.net.wifi.RSSI_CHANGED,0,ResolveInfo{5a0de3e com.sdu.didi.psnger/com.didi.sdk.receiver.WifiReceiver m=0x108000}]
05-13 15:24:42.940  3666 10253 I am_proc_died: [0,11894,com.android.bbk.lockscreen3]
05-13 15:24:42.943  3666 10253 I am_mem_factor: [2,1]
05-13 15:24:43.253  3666  4304 I am_wtf  : [0,3666,system_server,-1,ActivityManager,Sending non-protected broadcast com.vivo.audiofx.maxxaudio.effect from system 3666:system/1000 pkg android]
05-13 15:24:43.382  3666  8545 I am_proc_died: [0,7383,org.simalliance.openmobileapi.service:remote]
05-13 15:24:43.382  3666  8545 I am_schedule_service_restart: [0,org.simalliance.openmobileapi.service/.SmartcardService,1000]
05-13 15:24:43.647  3666  3933 I am_proc_start: [0,14443,10045,com.vivo.weather.provider,broadcast,com.vivo.weather.provider/.dataParse.WeatherReceiver]
05-13 15:24:43.665  3666  4938 I am_proc_bound: [0,14443,com.vivo.weather.provider]
05-13 15:24:43.680  3666  4969 I am_proc_died: [0,13898,com.vivo.weather.location]
05-13 15:24:43.681  3666  4969 I am_schedule_service_restart: [0,com.vivo.weather/.LocalCityLocateService,10702]
05-13 15:24:43.765  3666  8540 I am_mem_factor: [1,2]
05-13 15:24:44.409  3666  3933 I am_proc_start: [0,14475,1000,org.simalliance.openmobileapi.service:remote,service,org.simalliance.openmobileapi.service/.SmartcardService]
05-13 15:24:44.421  3666  8545 I am_proc_bound: [0,14475,org.simalliance.openmobileapi.service:remote]
05-13 15:24:45.903  3666  3933 I am_broadcast_discard_app: [0,49519089,android.net.wifi.RSSI_CHANGED,0,ResolveInfo{c0629d6 com.sdu.didi.psnger/com.didi.sdk.receiver.WifiReceiver m=0x108000}]
05-13 15:24:48.927  3666  3933 I am_broadcast_discard_app: [0,9637218,android.net.wifi.RSSI_CHANGED,0,ResolveInfo{87cbef3 com.sdu.didi.psnger/com.didi.sdk.receiver.WifiReceiver m=0x108000}]
05-13 15:24:51.937  3666  3933 I am_broadcast_discard_app: [0,219830095,android.net.wifi.RSSI_CHANGED,0,ResolveInfo{eb6edc com.sdu.didi.psnger/com.didi.sdk.receiver.WifiReceiver m=0x108000}]
05-13 15:24:54.950  3666  3933 I am_broadcast_discard_app: [0,72292715,android.net.wifi.RSSI_CHANGED,0,ResolveInfo{32e9cc8 com.sdu.didi.psnger/com.didi.sdk.receiver.WifiReceiver m=0x108000}]
05-13 15:24:55.324  3666  4339 I am_proc_start: [0,14506,1000,com.bbk.facewake,service,com.bbk.facewake/.FaceWakeService]
05-13 15:24:55.351  3666  3780 I am_proc_bound: [0,14506,com.bbk.facewake]
05-13 15:24:55.451  3666  3934 I am_wtf  : [0,3666,system_server,-1,ActivityManager,Sending non-protected broadcast vivo.intent.action.CHECK_ALERT_WINDOW from system 3666:system/1000 pkg android]
05-13 15:24:55.453  3666  3934 I am_wtf  : [0,3666,system_server,-1,ActivityManager,Sending non-protected broadcast vivo.intent.action.CHECK_ALERT_WINDOW from system 3666:system/1000 pkg android]
05-13 15:24:57.632  3666  5871 I am_proc_died: [0,12895,com.vivo.weather:remote]
05-13 15:24:57.634  3666  5871 I am_mem_factor: [2,1]
05-13 15:24:57.967  3666  3933 I am_broadcast_discard_app: [0,36095992,android.net.wifi.RSSI_CHANGED,0,ResolveInfo{d40e4d1 com.sdu.didi.psnger/com.didi.sdk.receiver.WifiReceiver m=0x108000}]
05-13 15:24:58.172  3666  4977 I am_broadcast_discard_app: [0,90611216,NULL,0,ResolveInfo{13a5d09 com.happyelements.AndroidAnimal/com.happyelements.gsp.android.notification.gcn.GcnBroadcastReceiver m=0x0}]
05-13 15:25:00.032  3666  3666 I notification_enqueue: [10064,8611,com.bbk.iqoo.logsystem,3,NULL,0,Notification(pri=-2 contentView=com.bbk.iqoo.logsystem/0x3030028 vibrate=null sound=null defaults=0x0 flags=0x40 color=0xff607d8b vis=PRIVATE),1]
05-13 15:25:00.053  3666  8545 I notification_autogrouped: 0|com.bbk.iqoo.logsystem|3|null|10064
05-13 15:25:00.057  3666  5840 I notification_autogrouped: 0|com.bbk.iqoo.logsystem|3|null|10064
05-13 15:25:00.975  3666  3933 I am_broadcast_discard_app: [0,138258763,android.net.wifi.RSSI_CHANGED,0,ResolveInfo{6d81f28 com.sdu.didi.psnger/com.didi.sdk.receiver.WifiReceiver m=0x108000}]
05-13 15:25:04.004  3666  3933 I am_broadcast_discard_app: [0,188452647,android.net.wifi.RSSI_CHANGED,0,ResolveInfo{d2405d4 com.sdu.didi.psnger/com.didi.sdk.receiver.WifiReceiver m=0x108000}]
05-13 15:25:04.299  3666  3959 I power_sleep_requested: 0
05-13 15:25:04.301  3666  3666 I power_screen_state: [0,3,0,0]
05-13 15:25:04.301  3666  3666 I screen_toggled: 0
05-13 15:25:04.301  3666  3666 I sysui_histogram: [screen_timeout,30]
05-13 15:25:04.319  3666  3666 I power_screen_broadcast_send: 1
05-13 15:25:04.357  3666  3666 I am_pause_activity: [0,53878050,com.tencent.mobileqq/.activity.SplashActivity]
05-13 15:25:04.391  3666  3666 I am_mem_factor: [1,2]
05-13 15:25:04.441 17448 17448 I am_on_paused_called: [0,com.tencent.mobileqq.activity.SplashActivity,handlePauseActivity]
05-13 15:25:04.447  3666  3933 I am_stop_activity: [0,53878050,com.tencent.mobileqq/.activity.SplashActivity]
05-13 15:25:04.455  3666  3666 I sysui_histogram: [fingerprint_token,0]
05-13 15:25:04.593  3666  8545 I am_wtf  : [0,3666,system_server,-1,ActivityManager,Sending non-protected broadcast com.vivo.updater.action.SCREEN_OFF from system 4786:com.vivo.daemonService/1000 pkg com.vivo.daemonService]
05-13 15:25:04.618  3666  3933 I am_proc_start: [0,14598,10087,com.bbk.updater,broadcast,com.bbk.updater/.receiver.AutoDownloadReceiver]
05-13 15:25:04.635  3666 10260 I am_proc_bound: [0,14598,com.bbk.updater]
05-13 15:25:04.928   510   510 I sf_frame_dur: [SurfaceView - ,17,235,0,0,1,0,0]
05-13 15:25:14.625  3666  3933 I am_broadcast_discard_filter: [0,64633708,android.intent.action.SCREEN_OFF,20,248552062]
05-13 15:25:14.858  3666  3666 I power_screen_broadcast_done: [0,10539,1]
05-13 15:25:15.053  4603  4603 I sysui_view_visibility: [111,100]
05-13 15:25:15.081  4603  4603 I sysui_status_bar_state: [1,1,0,0,1,0]
05-13 15:25:15.101  3666  4308 I notification_expansion: [0|android|10011|null|1000,0,0,19772855,14017957,1755674]
05-13 15:25:15.102  3666 10255 I notification_expansion: [0|android|110110|null|1000,0,0,19772860,19772860,1755675]
05-13 15:25:15.102  3666  8542 I notification_expansion: [0|com.tencent.mm|2147483647|group_key_override|10132|ranker_bundle,0,1,3080793,3080793,1755675]
05-13 15:25:15.103  3666 10253 I notification_expansion: [0|com.vivo.appfilter|2147483647|group_key_override|1000|ranker_bundle,0,1,8509391,8509391,1755676]
05-13 15:25:15.105  3666 10257 I notification_expansion: [0|com.android.bbklog|2147483647|group_key_override|1000|ranker_bundle,0,1,17789702,17789702,14019912]
05-13 15:25:15.106  3666  8549 I notification_expansion: [0|com.vivo.game|2147483647|group_key_override|10113|ranker_bundle,0,1,62666729,62666729,0]
05-13 15:25:15.107  3666  8543 I notification_expansion: [0|com.vivo.intelliengine|2147483647|group_key_override|1000|ranker_bundle,0,1,162983574,162983574,85136852]
05-13 15:25:16.113  3666  3666 I free_storage_changed: 18666610688
05-13 15:25:25.893  3666  3666 I sysui_action: [252,true]
05-13 15:25:25.898  4603 25919 I screen_toggled: 2
05-13 15:25:25.937  3666  3666 I power_screen_state: [1,0,0,0]
05-13 15:25:25.937  3666  3666 I screen_toggled: 1
05-13 15:25:25.941  3666  3666 I power_screen_broadcast_send: 1
05-13 15:25:25.986   510   510 I sf_frame_dur: [ColorFade,3,0,0,0,0,0,0]
05-13 15:25:25.986  3666  8545 I am_wtf  : [0,3666,system_server,-1,ActivityManager,Sending non-protected broadcast com.vivo.updater.action.SCREEN_ON from system 4786:com.vivo.daemonService/1000 pkg com.vivo.daemonService]
05-13 15:25:25.990  4603  4603 I sysui_status_bar_state: [1,0,0,0,1,0]
05-13 15:25:26.005  4603  4603 I sysui_view_visibility: [111,0]
05-13 15:25:26.014  3666  5840 I am_resume_activity: [0,53878050,159,com.tencent.mobileqq/.activity.SplashActivity]
05-13 15:25:26.029 17448 17448 I am_on_resume_called: [0,com.tencent.mobileqq.activity.SplashActivity,RESUME_ACTIVITY]
