05-26 12:45:30.473  2923  3245 I am_wtf  : [0,2923,system_server,-1,KernelWakelockReader,neither /proc/wakelocks nor /d/wakeup_sources exists]
05-26 12:45:30.994  2923  3245 I am_proc_start: [0,23000,10136,com.tencent.reading:PushService,service,com.tencent.reading/.push.PushService]
05-26 12:45:49.757  2923 10346 I am_proc_bound: [0,23000,com.tencent.reading:PushService]
05-26 12:45:49.786  2923  3245 I am_wtf  : [0,2923,system_server,-1,KernelWakelockReader,neither /proc/wakelocks nor /d/wakeup_sources exists]
05-26 12:46:12.470  2923  4013 I am_wtf  : [0,2923,system_server,-1,ActivityManager,Sending non-protected broadcast MqttService.pingSender.102750607066235440 from system uid 1000 pkg com.vivo.abe]
05-26 12:46:12.527  2923  4569 I am_broadcast_discard_app: [0,160545245,NULL,0,ResolveInfo{79ba952 com.happyelements.AndroidAnimal/com.happyelements.gsp.android.notification.gcn.GcnBroadcastReceiver m=0x0}]
05-26 12:46:12.540  2923  3245 I am_wtf  : [0,2923,system_server,-1,KernelWakelockReader,neither /proc/wakelocks nor /d/wakeup_sources exists]
05-26 12:46:38.633  2923  3245 I am_wtf  : [0,2923,system_server,-1,KernelWakelockReader,neither /proc/wakelocks nor /d/wakeup_sources exists]
05-26 12:46:38.656  2923  3245 I am_wtf  : [0,2923,system_server,-1,KernelWakelockReader,neither /proc/wakelocks nor /d/wakeup_sources exists]
05-26 12:47:27.482  2923  3245 I am_wtf  : [0,2923,system_server,-1,KernelWakelockReader,neither /proc/wakelocks nor /d/wakeup_sources exists]
05-26 12:47:39.968  2923  4013 I am_wtf  : [0,2923,system_server,-1,ActivityManager,Sending non-protected broadcast com.vivo.pem.power from system uid 1000 pkg com.vivo.pem]
05-26 12:47:40.013  2923  3243 I am_pss  : [22635,10045,com.vivo.weather.provider,10115072,8810496,0]
05-26 12:47:40.024  2923  3245 I am_wtf  : [0,4503,system_server,-1,KernelWakelockReader,neither /proc/wakelocks nor /d/wakeup_sources exists]
05-26 12:47:40.275  2923  4690 I am_kill : [0,22987,android.ext.services,100,stop android.ext.services]
05-26 12:47:40.276  2923  4690 I am_schedule_service_restart: [0,android.ext.services/.notification.Ranker,1000]
05-26 12:47:40.293  2923  2923 I notification_cancel_all: [1000,2923,android.ext.services,0,0,0,5,NULL]
05-26 12:47:40.345  2923  2923 I am_proc_start: [0,23049,10013,android.ext.services,service,android.ext.services/.notification.Ranker]
05-26 12:47:40.357  2923  4690 I am_broadcast_discard_app: [0,73761630,android.intent.action.PACKAGE_RESTARTED,4,ResolveInfo{eeb545b com.jingdong.app.mall/.broadcastReceiver.AppStateRecevier m=0x208000}]
05-26 12:47:40.366  2923  4302 I am_proc_bound: [0,23049,android.ext.services]
05-26 12:47:40.454  2923 31160 I notification_autogrouped: 0|com.qq.reader|1977936656|null|10212
05-26 12:47:40.460  2923  3101 I notification_autogrouped: 0|com.qq.reader|1977936656|null|10212
05-26 12:47:40.461  2923 10336 I notification_autogrouped: 0|com.qq.reader|24|null|10212
05-26 12:47:40.462  2923  4690 I notification_autogrouped: 0|com.qq.reader|24|null|10212
05-26 12:47:40.462  2923  4690 I notification_autogrouped: 0|com.qq.reader|1977936656|null|10212
05-26 12:47:40.463  2923  4515 I notification_autogrouped: 0|com.vivo.game|1001051|null|10114
05-26 12:47:40.464  2923  9670 I notification_autogrouped: 0|com.vivo.game|1001051|null|10114
05-26 12:47:40.466  2923 10349 I notification_autogrouped: 0|com.android.bbklog|1|null|1000
05-26 12:47:40.467  2923 10335 I notification_autogrouped: 0|com.android.bbklog|1|null|1000
05-26 12:47:40.468  2923 10351 I notification_autogrouped: 0|com.bbk.appstore|100000|null|10030
05-26 12:47:40.469  2923 10346 I notification_autogrouped: 0|com.bbk.appstore|100000|null|10030
05-26 12:47:40.469  2923 31026 I notification_autogrouped: 0|com.vivo.browser|20000000|null|10025
05-26 12:47:40.470  2923 10347 I notification_autogrouped: 0|com.vivo.browser|20000000|null|10025
05-26 12:47:40.472  2923 10358 I notification_autogrouped: 0|com.vivo.abe|1002001|null|1000
05-26 12:47:40.473  2923  4432 I notification_autogrouped: 0|com.vivo.abe|1002001|null|1000
05-26 12:47:40.475  2923 10343 I notification_autogrouped: 0|com.bbk.iqoo.logsystem|3|null|10064
05-26 12:47:40.475  2923  3103 I notification_autogrouped: 0|com.bbk.iqoo.logsystem|3|null|10064
05-26 12:47:40.477  2923  3245 I am_wtf  : [0,2923,system_server,-1,KernelWakelockReader,neither /proc/wakelocks nor /d/wakeup_sources exists]
05-26 12:47:40.524  2923  3243 I sync    : [com.tencent.mtt.account.sync,0,4,105225487]
05-26 12:47:40.552  2923  3243 I sync    : [com.huajiao.account.syncprovider,0,4,1064065]
05-26 12:47:40.578  2923  3243 I sync    : [com.ss.android.account.AccountProvider32,0,4,706872568]
05-26 12:47:40.599  2923  3243 I sync    : [com.tencent.reading.account,0,4,702700858]
05-26 12:47:40.635  2923  3243 I sync    : [com.tencent.reading.account,1,4,702700858]
05-26 12:48:15.402  2923  3245 I am_wtf  : [0,2923,system_server,-1,KernelWakelockReader,neither /proc/wakelocks nor /d/wakeup_sources exists]
05-26 12:50:14.777  2923 31159 I am_broadcast_discard_app: [0,263869467,NULL,0,ResolveInfo{fd839b8 com.happyelements.AndroidAnimal/com.happyelements.gsp.android.notification.gcn.GcnBroadcastReceiver m=0x0}]
05-26 12:50:14.815  2923  3245 I am_wtf  : [0,2923,system_server,-1,KernelWakelockReader,neither /proc/wakelocks nor /d/wakeup_sources exists]
05-26 12:50:33.642  2923  3245 I am_wtf  : [0,2923,system_server,-1,KernelWakelockReader,neither /proc/wakelocks nor /d/wakeup_sources exists]
05-26 12:52:21.789  2923  4013 I am_wtf  : [0,2923,system_server,-1,ActivityManager,Sending non-protected broadcast com.vivo.push.AlarmAciton.Retry from system uid 1000 pkg com.vivo.abe]
05-26 12:52:21.808  2923 10349 I am_broadcast_discard_app: [0,202625337,NULL,0,ResolveInfo{945a37e com.happyelements.AndroidAnimal/com.happyelements.gsp.android.notification.gcn.GcnBroadcastReceiver m=0x0}]
05-26 12:52:21.824  2923  3245 I am_wtf  : [0,2923,system_server,-1,KernelWakelockReader,neither /proc/wakelocks nor /d/wakeup_sources exists]
05-26 12:52:22.024  2923 10360 I am_create_task: [0,505]
05-26 12:52:22.024  2923 10360 I am_create_activity: [0,166776582,505,com.tencent.reading/com.tencent.news.push.alive.offactivity.HollowActivity,NULL,NULL,NULL,276824064]
05-26 12:52:22.056  2923 10360 I wm_task_created: [505,1]
05-26 12:52:22.057  2923 10360 I wm_task_moved: [505,1,15]
05-26 12:52:22.058  2923 10360 I wm_task_moved: [505,1,15]
05-26 12:52:22.059  2923 10360 I am_focused_activity: [0,com.tencent.reading/com.tencent.news.push.alive.offactivity.HollowActivity,startedActivity]
05-26 12:52:22.075  2923 10360 I am_restart_activity: [0,166776582,505,com.tencent.reading/com.tencent.news.push.alive.offactivity.HollowActivity]
05-26 12:52:22.080  2923 10360 I am_pause_activity: [0,166776582,com.tencent.reading/com.tencent.news.push.alive.offactivity.HollowActivity]
05-26 12:52:22.086  2923 10360 I sysui_action: [323,com.tencent.reading/com.tencent.news.push.alive.offactivity.HollowActivity]
05-26 12:52:22.086  2923 10360 I sysui_action: [324,true]
05-26 12:52:22.086  2923 10360 I sysui_action: [325,82526]
05-26 12:52:22.097  2923  3420 I sysui_action: [320,3]
05-26 12:52:22.097  2923  3420 I sysui_action: [319,126]
05-26 12:52:22.135 23000 23000 I am_on_resume_called: [0,com.tencent.news.push.alive.offactivity.HollowActivity,LAUNCH_ACTIVITY]
05-26 12:52:22.172 23000 23000 I am_on_paused_called: [0,com.tencent.news.push.alive.offactivity.HollowActivity,handlePauseActivity]
05-26 12:52:22.175  2923  3245 I am_stop_activity: [0,166776582,com.tencent.reading/com.tencent.news.push.alive.offactivity.HollowActivity]
05-26 12:52:22.178  2923  3245 I sysui_count: [window_time_0,2565]
05-26 12:52:22.212 23000 23000 I am_on_stop_called: [0,com.tencent.news.push.alive.offactivity.HollowActivity,sleeping]
05-26 12:52:22.221  2923  3420 I sysui_action: [322,250]
05-26 12:52:22.221  2923  3420 I am_activity_launch_time: [0,166776582,com.tencent.reading/com.tencent.news.push.alive.offactivity.HollowActivity,142,160]
05-26 12:52:23.130  2923  4665 I am_wtf  : [0,2923,system_server,-1,ActivityManager,Sending non-protected broadcast vivo.intent.action.PRELOAD_VIVOCAM from system 4503:com.vivo.daemonService/1000 pkg com.vivo.daemonService]
05-26 12:52:23.153  2923  3245 I am_proc_start: [0,23103,10093,com.android.camera,broadcast,com.android.camera/.PreloadCameraReceiver]
05-26 12:52:23.178  2923 31026 I am_proc_bound: [0,23103,com.android.camera]
05-26 12:52:23.440  2923  9670 I notification_cancel_all: [10093,23103,com.android.camera,0,0,64,9,NULL]
05-26 12:52:23.797  2923  4569 I am_mem_factor: [1,2]
05-26 12:52:24.130  2923  3243 I am_meminfo: [474034176,253534208,0,339578880,242563072]
05-26 12:52:24.149  2923  3243 I am_pss  : [23000,10136,com.tencent.reading:PushService,27897856,24117248,0]
05-26 12:52:24.198  2923  3243 I am_pss  : [20911,10133,com.tencent.mm,143661056,139075584,0]
05-26 12:52:24.213  2923  3243 I am_pss  : [5611,1000,com.vivo.doubleinstance,6320128,5672960,0]
05-26 12:52:24.241  2923  3243 I am_pss  : [6369,10129,com.tencent.mobileqq:MSF,24099840,21770240,0]
05-26 12:52:24.272  2923  3243 I am_pss  : [5754,10034,com.bbk.launcher2,113895424,111919104,0]
05-26 12:52:24.325  2923  3243 I am_pss  : [6417,10129,com.tencent.mobileqq,110166016,105730048,0]
05-26 12:52:24.353  2923  3243 I am_pss  : [4303,10062,com.baidu.input_bbk.service,50973696,46166016,0]
05-26 12:52:24.373  2923  3243 I am_pss  : [9794,1001,com.android.incallui,33196032,32174080,0]
05-26 12:52:24.402  2923  3243 I am_pss  : [6692,1000,com.vivo.permissionmanager,33016832,31784960,0]
05-26 12:52:24.421  2923  3243 I am_pss  : [4516,1000,com.android.settings,26126336,25137152,0]
05-26 12:52:24.435  2923  3243 I am_pss  : [8770,1000,com.qti.service.colorservice,5183488,4624384,0]
05-26 12:52:24.454  2923  3243 I am_pss  : [19350,10030,com.bbk.appstore:remote,13587456,11792384,0]
05-26 12:52:24.485  2923  3243 I am_pss  : [30663,10085,com.vivo.secime.service,16852992,15732736,0]
05-26 12:52:24.505  2923  3243 I am_pss  : [4577,1000,com.vivo.smartmultiwindow,55235584,51359744,0]
05-26 12:52:24.537  2923  3243 I am_pss  : [11337,10035,com.android.bbkmusic,58558464,57024512,0]
05-26 12:52:24.553  2923  3243 I am_pss  : [23103,10093,com.android.camera,14692352,12333056,0]
05-26 12:52:24.569  2923  3243 I am_pss  : [14414,10212,com.qq.reader:pushservice,8758272,6316032,0]
05-26 12:52:24.586  2923  3243 I am_pss  : [4763,10064,com.bbk.iqoo.logsystem,19404800,18202624,0]
05-26 12:52:24.601  2923  3243 I am_pss  : [22621,10056,com.vivo.doubletimezoneclock,13358080,11526144,0]
05-26 12:52:24.620  2923  3243 I am_pss  : [22227,10212,com.qq.reader,16296960,12161024,0]
05-26 12:52:24.634  2923  3243 I am_pss  : [23049,10013,android.ext.services,5098496,3235840,0]
05-26 12:52:24.649  2923  3243 I am_pss  : [4289,1000,com.vivo.appfilter,12142592,11419648,0]
05-26 12:52:24.664  2923  3243 I am_pss  : [22635,10045,com.vivo.weather.provider,10126336,8822784,0]
05-26 12:52:24.679  2923  3243 I am_pss  : [22603,10002,android.process.acore,30641152,27873280,0]
05-26 12:52:24.699  2923  3243 I am_pss  : [3143,1000,com.android.bbklog,21070848,19996672,0]
05-26 12:52:24.714  2923  3243 I am_pss  : [21985,10088,com.bbk.updater,10405888,8687616,0]
05-26 12:52:24.731  2923  3243 I am_pss  : [6141,10011,android.process.media,35540992,34795520,0]
05-26 12:52:24.748  2923  3243 I am_pss  : [16875,10030,com.bbk.appstore,14176256,10874880,0]
05-26 12:52:24.763  2923  3243 I am_pss  : [22036,10004,com.android.providers.calendar,5386240,3932160,0]
05-26 12:52:24.779  2923  3243 I am_pss  : [14800,10141,com.qileyx.ddz.vivo,9416704,6963200,0]
05-26 12:52:24.794  2923  3243 I am_pss  : [8757,10081,com.vivo.safecenter,10523648,9883648,0]
05-26 12:52:24.808  2923  3243 I am_pss  : [22016,10092,com.bbk.calendar,4789248,3543040,0]
05-26 12:52:24.824  2923  3243 I am_pss  : [12044,1000,com.vivo.abe:pushservice_v1,16559104,13160448,0]
05-26 12:52:24.839  2923  3243 I am_pss  : [14981,10098,com.vivo.gallery,6063104,4284416,0]
05-26 12:52:24.856  2923  3243 I am_pss  : [21040,10119,com.baidu.BaiduMap:MapCoreService,13062144,10592256,0]
05-26 12:52:24.870  2923  3243 I am_pss  : [9152,1000,com.vivo.wifi.networkdetect,4123648,3305472,0]
05-26 12:52:24.886  2923  3243 I am_pss  : [14785,10141,com.qileyx.ddz.vivo:pushservice,6856704,4718592,0]
05-26 12:52:24.907  2923  3243 I am_pss  : [8046,10055,com.vivo.devicereg,72591360,67538944,0]
05-26 12:52:24.942  2923  3243 I am_pss  : [8142,10133,com.tencent.mm:tools,65276928,63033344,0]
05-26 12:52:24.973  2923  3243 I am_pss  : [18123,10129,com.tencent.mobileqq:tool,45386752,40632320,0]
05-26 12:52:24.992  2923  3243 I am_pss  : [14205,10133,com.tencent.mm:push,26126336,24436736,0]
05-26 12:52:25.006  2923  3243 I am_pss  : [16713,1000,com.qualcomm.qti.appnetaccess,3609600,2551808,0]
05-26 12:52:25.021  2923  3243 I am_pss  : [16629,1000,org.simalliance.openmobileapi.service:remote,3824640,2572288,0]
05-26 12:52:25.036  2923  3243 I am_pss  : [16234,10102,com.vivo.sdkplugin,4531200,2969600,0]
05-26 12:52:25.050  2923  3243 I am_pss  : [15253,1000,com.qualcomm.display,3329024,2375680,0]
05-26 12:52:25.066  2923  3243 I am_pss  : [14934,10141,com.qileyx.ddz.vivo:egameCore,5800960,3452928,0]
05-26 12:52:25.081  2923  3243 I am_pss  : [14631,1000,com.android.fuelsummary,4785152,3461120,0]
05-26 12:52:25.097  2923  3243 I am_pss  : [13510,10119,com.baidu.BaiduMap:QS,10349568,8568832,0]
05-26 12:52:25.114  2923  3243 I am_pss  : [13498,10212,com.qq.reader:QS,10205184,7761920,0]
05-26 12:52:25.129  2923  3243 I am_pss  : [4952,10002,com.vivo.sim.contacts,6037504,5513216,0]
05-26 12:52:25.143  2923  3243 I am_pss  : [31001,1000,com.volte.config,3226624,2547712,0]
05-26 12:52:25.160  2923  3243 I am_pss  : [6935,10063,com.iqoo.secure:remote,37142528,35581952,0]
05-26 12:52:25.178  2923  3243 I am_pss  : [14366,10133,com.tencent.mm:appbrand0,18432000,17510400,0]
05-26 12:52:25.195  2923  3243 I am_pss  : [14422,10133,com.tencent.mm:exdevice,16987136,16093184,0]
05-26 12:52:25.210  2923  3243 I am_pss  : [4993,1001,com.qualcomm.qcrilmsgtunnel,5507072,4968448,0]
05-26 12:52:25.224  2923  3243 I am_pss  : [5698,10071,com.oma.drm.server,5265408,4767744,0]
05-26 12:52:25.240  2923  3243 I am_pss  : [5685,10017,com.baidu.map.location,15312896,13774848,0]
05-26 12:52:25.254  2923  3243 I am_pss  : [5672,1001,com.qualcomm.qti.loadcarrier,4854784,4354048,0]
05-26 12:52:25.269  2923  3243 I am_pss  : [5659,1000,com.alps.lcn,7192576,6574080,0]
05-26 12:52:25.287  2923  3243 I am_pss  : [5543,1000,com.vivo.abe,26795008,24915968,0]
05-26 12:52:25.311  2923  3243 I am_pss  : [4667,1001,com.android.phone,44147712,42766336,0]
05-26 12:52:25.335  2923  3243 I am_pss  : [4652,1000,com.vivo.upslide,89320448,85766144,0]
05-26 12:52:25.350  2923  3243 I am_pss  : [4646,1000,com.android.server.telecom,8973312,8318976,0]
05-26 12:52:25.365  2923  3243 I am_pss  : [4634,1000,.dataservices,9307136,8654848,0]
05-26 12:52:25.386  2923  3243 I am_pss  : [4503,1000,com.vivo.daemonService,35216384,33632256,0]
05-26 12:52:25.418  2923  3243 I am_pss  : [4354,10024,com.android.systemui,104750080,98676736,0]
05-26 12:52:25.478  2923  3243 I am_pss  : [2923,1000,system,174954496,169693184,0]
05-26 12:55:08.571  2923  3245 I am_wtf  : [0,2923,system_server,-1,KernelWakelockReader,neither /proc/wakelocks nor /d/wakeup_sources exists]
05-26 12:55:08.596  2923  3245 I am_wtf  : [0,2923,system_server,-1,KernelWakelockReader,neither /proc/wakelocks nor /d/wakeup_sources exists]
05-26 12:56:34.906  2923  3245 I am_wtf  : [0,2923,system_server,-1,KernelWakelockReader,neither /proc/wakelocks nor /d/wakeup_sources exists]
05-26 12:57:24.861  2923  4013 I am_wtf  : [0,2923,system_server,-1,ActivityManager,Sending non-protected broadcast com.vivo.pem.power from system uid 1000 pkg com.vivo.pem]
05-26 12:57:24.883  2923  4013 I am_wtf  : [0,2923,system_server,-1,ActivityManager,Sending non-protected broadcast com.vivo.push.AlarmAciton.Retry from system uid 1000 pkg com.vivo.abe]
05-26 12:57:24.897  2923  4028 I netstats_mobile_sample: [40197807,59564,14768617,50048,40196407,59529,14368233,50048,40196407,59529,14412535,50791,1495774644734]
05-26 12:57:24.899  2923  4028 I netstats_wifi_sample: [4340439488,4281993,411423767,2040582,4333594588,4071758,385063405,2057940,4329892166,4045949,387703021,2101673,1495774644734]
05-26 12:57:24.943  2923 31160 I am_broadcast_discard_app: [0,162618084,NULL,0,ResolveInfo{a8d5b4d com.happyelements.AndroidAnimal/com.happyelements.gsp.android.notification.gcn.GcnBroadcastReceiver m=0x0}]
05-26 12:57:24.951  2923  3245 I am_broadcast_discard_app: [0,177178114,NULL,0,ResolveInfo{17cdb13 com.happyelements.AndroidAnimal/com.happyelements.gsp.android.notification.gcn.GcnBroadcastReceiver m=0x0}]
05-26 12:57:24.978  2923  3245 I am_wtf  : [0,4503,system_server,-1,KernelWakelockReader,neither /proc/wakelocks nor /d/wakeup_sources exists]
05-26 12:57:25.074  2923 31026 I am_new_intent: [0,5744389,505,com.tencent.reading/com.tencent.news.push.alive.offactivity.HollowActivity,NULL,NULL,NULL,276824064]
05-26 12:57:25.075  2923 31026 I wm_task_moved: [505,1,15]
05-26 12:57:25.081  2923 31026 I am_resume_activity: [0,166776582,505,com.tencent.reading/com.tencent.news.push.alive.offactivity.HollowActivity]
05-26 12:57:25.117  2923 31026 I am_pause_activity: [0,166776582,com.tencent.reading/com.tencent.news.push.alive.offactivity.HollowActivity]
05-26 12:57:25.126  2923 31026 I sysui_action: [323,com.tencent.reading/com.tencent.news.push.alive.offactivity.HollowActivity]
05-26 12:57:25.126  2923 31026 I sysui_action: [324,true]
05-26 12:57:25.126  2923 31026 I sysui_action: [325,82533]
05-26 12:57:25.128  2923  3420 I sysui_action: [320,3]
05-26 12:57:25.128  2923  3420 I sysui_action: [319,61]
05-26 12:57:25.137 23000 23000 I am_on_resume_called: [0,com.tencent.news.push.alive.offactivity.HollowActivity,RESUME_ACTIVITY]
05-26 12:57:25.138 23000 23000 I am_on_paused_called: [0,com.tencent.news.push.alive.offactivity.HollowActivity,handlePauseActivity]
05-26 12:57:25.141  2923  3245 I am_stop_activity: [0,166776582,com.tencent.reading/com.tencent.news.push.alive.offactivity.HollowActivity]
05-26 12:57:25.147 23000 23000 I am_on_stop_called: [0,com.tencent.news.push.alive.offactivity.HollowActivity,sleeping]
05-26 12:57:25.258  2923  4665 I am_kill : [0,23049,android.ext.services,100,stop android.ext.services]
05-26 12:57:25.258  2923  4665 I am_schedule_service_restart: [0,android.ext.services/.notification.Ranker,1000]
05-26 12:57:25.271  2923  2923 I notification_cancel_all: [1000,2923,android.ext.services,0,0,0,5,NULL]
05-26 12:57:25.314  2923  2923 I am_proc_start: [0,23132,10013,android.ext.services,service,android.ext.services/.notification.Ranker]
05-26 12:57:25.328  2923 31026 I am_broadcast_discard_app: [0,53987082,android.intent.action.PACKAGE_RESTARTED,4,ResolveInfo{d39d457 com.jingdong.app.mall/.broadcastReceiver.AppStateRecevier m=0x208000}]
05-26 12:57:25.334  2923  4692 I am_proc_bound: [0,23132,android.ext.services]
05-26 12:57:25.420  2923  4515 I notification_autogrouped: 0|com.qq.reader|1977936656|null|10212
05-26 12:57:25.424  2923  3101 I notification_autogrouped: 0|com.qq.reader|1977936656|null|10212
05-26 12:57:25.429  2923 10351 I notification_autogrouped: 0|com.qq.reader|24|null|10212
05-26 12:57:25.434  2923 10360 I notification_autogrouped: 0|com.qq.reader|24|null|10212
05-26 12:57:25.434  2923 10360 I notification_autogrouped: 0|com.qq.reader|1977936656|null|10212
05-26 12:57:25.438  2923  4569 I notification_autogrouped: 0|com.vivo.game|1001051|null|10114
05-26 12:57:25.443  2923  4302 I notification_autogrouped: 0|com.vivo.game|1001051|null|10114
05-26 12:57:25.447  2923 10346 I notification_autogrouped: 0|com.android.bbklog|1|null|1000
05-26 12:57:25.452  2923 31026 I notification_autogrouped: 0|com.android.bbklog|1|null|1000
05-26 12:57:25.456  2923 10354 I notification_autogrouped: 0|com.bbk.appstore|100000|null|10030
05-26 12:57:25.461  2923  9670 I notification_autogrouped: 0|com.bbk.appstore|100000|null|10030
05-26 12:57:25.465  2923  4692 I notification_autogrouped: 0|com.vivo.browser|20000000|null|10025
05-26 12:57:25.470  2923  9685 I notification_autogrouped: 0|com.vivo.browser|20000000|null|10025
05-26 12:57:25.475  2923  4658 I notification_autogrouped: 0|com.vivo.abe|1002001|null|1000
05-26 12:57:25.480  2923  4693 I notification_autogrouped: 0|com.vivo.abe|1002001|null|1000
05-26 12:57:25.486  2923  4690 I notification_autogrouped: 0|com.bbk.iqoo.logsystem|3|null|10064
05-26 12:57:25.490  2923 10350 I notification_autogrouped: 0|com.bbk.iqoo.logsystem|3|null|10064
05-26 12:57:25.544  2923  2923 I notification_cancel_all: [1000,2923,com.oma.drm.server,0,0,0,5,NULL]
05-26 12:57:25.587  2923  4302 I am_broadcast_discard_app: [0,122826082,android.intent.action.PACKAGE_RESTARTED,4,ResolveInfo{39d5ef3 com.jingdong.app.mall/.broadcastReceiver.AppStateRecevier m=0x208000}]
05-26 12:57:25.862  2923  4570 I am_kill : [0,23000,com.tencent.reading:PushService,0,stop com.tencent.reading]
05-26 12:57:25.864  2923  4570 I am_schedule_service_restart: [0,com.tencent.reading/.push.PushService,1000]
05-26 12:57:25.865  2923  4570 I am_focused_activity: [-1,NULL,resetFocusedActivityIfNeeded]
05-26 12:57:25.885  2923  4570 I am_proc_start: [0,23146,10136,com.tencent.reading:PushService,activity,com.tencent.reading/com.tencent.news.push.alive.offactivity.HollowActivity]
05-26 12:57:25.982  2923  4570 I am_finish_activity: [0,166776582,505,com.tencent.reading/com.tencent.news.push.alive.offactivity.HollowActivity,force-stop]
05-26 12:57:26.000  2923  4570 I am_resume_activity: [0,142576045,258,com.tencent.mm/.ui.LauncherUI]
05-26 12:57:26.037  2923  4570 I am_pause_activity: [0,142576045,com.tencent.mm/.ui.LauncherUI]
05-26 12:57:26.039  2923  4570 I wm_task_moved: [258,1,15]
05-26 12:57:26.042  2923  4570 I am_focused_activity: [0,com.tencent.mm/.ui.LauncherUI,completeResume]
05-26 12:57:26.052  2923 31159 I am_proc_bound: [0,23146,com.tencent.reading:PushService]
05-26 12:57:26.061  2923  3245 I am_destroy_activity: [0,166776582,505,com.tencent.reading/com.tencent.news.push.alive.offactivity.HollowActivity,finish-idle]
05-26 12:57:26.062  2923  3245 I wm_task_removed: [505,removeAppToken: last token]
05-26 12:57:26.062  2923  3245 I wm_task_removed: [505,removeTask]
05-26 12:57:26.103  2923  2923 I notification_cancel_all: [1000,2923,com.tencent.reading,0,0,0,5,NULL]
05-26 12:57:26.114  2923  4432 I am_broadcast_discard_app: [0,105657897,android.intent.action.PACKAGE_RESTARTED,4,ResolveInfo{3a9bdae com.jingdong.app.mall/.broadcastReceiver.AppStateRecevier m=0x208000}]
05-26 12:57:26.215 20911 20911 I am_on_resume_called: [0,com.tencent.mm.ui.LauncherUI,RESUME_ACTIVITY]
05-26 12:57:41.667  2923  3243 I sync    : [com.huajiao.account.syncprovider,0,4,1064065]
05-26 12:57:41.675 20911 20911 I am_on_paused_called: [0,com.tencent.mm.ui.LauncherUI,handlePauseActivity]
05-26 12:57:41.678  2923  3245 I am_stop_activity: [0,142576045,com.tencent.mm/.ui.LauncherUI]
05-26 12:57:41.699  2923  3243 I sync    : [com.ss.android.account.AccountProvider32,0,4,706872568]
05-26 12:57:41.754 20911 20911 I am_on_stop_called: [0,com.tencent.mm.ui.LauncherUI,sleeping]
05-26 12:58:12.490  2923  3245 I am_wtf  : [0,2923,system_server,-1,KernelWakelockReader,neither /proc/wakelocks nor /d/wakeup_sources exists]
05-26 12:58:12.497  2923 10340 I am_broadcast_discard_app: [0,89449341,NULL,0,ResolveInfo{2232272 com.happyelements.AndroidAnimal/com.happyelements.gsp.android.notification.gcn.GcnBroadcastReceiver m=0x0}]
05-26 13:01:09.543  2923  3245 I am_wtf  : [0,2923,system_server,-1,KernelWakelockReader,neither /proc/wakelocks nor /d/wakeup_sources exists]
05-26 13:01:09.569  2923  3245 I am_wtf  : [0,2923,system_server,-1,KernelWakelockReader,neither /proc/wakelocks nor /d/wakeup_sources exists]
05-26 13:02:42.490  2923 31026 I am_broadcast_discard_app: [0,187537921,NULL,0,ResolveInfo{51d10a6 com.happyelements.AndroidAnimal/com.happyelements.gsp.android.notification.gcn.GcnBroadcastReceiver m=0x0}]
05-26 13:02:42.501  2923  3245 I am_wtf  : [0,2923,system_server,-1,KernelWakelockReader,neither /proc/wakelocks nor /d/wakeup_sources exists]
05-26 13:02:42.508  2923  4013 I am_wtf  : [0,2923,system_server,-1,ActivityManager,Sending non-protected broadcast com.vivo.pem.power from system uid 1000 pkg com.vivo.pem]
05-26 13:02:42.511  2923  4013 I am_wtf  : [0,2923,system_server,-1,ActivityManager,Sending non-protected broadcast com.vivo.push.AlarmAciton.Retry from system uid 1000 pkg com.vivo.abe]
05-26 13:02:42.552  2923  3245 I am_wtf  : [0,4503,system_server,-1,KernelWakelockReader,neither /proc/wakelocks nor /d/wakeup_sources exists]
05-26 13:02:42.606  2923  3243 I sync    : [com.tencent.mtt.account.sync,0,4,105225487]
05-26 13:02:42.643  2923 10351 I am_create_task: [0,506]
05-26 13:02:42.643  2923 10351 I am_create_activity: [0,240424729,506,com.tencent.reading/com.tencent.news.push.alive.offactivity.HollowActivity,NULL,NULL,NULL,276824064]
05-26 13:02:42.644  2923 10351 I wm_task_created: [506,1]
05-26 13:02:42.645  2923 10351 I wm_task_moved: [506,1,15]
05-26 13:02:42.646  2923 10351 I wm_task_moved: [506,1,15]
05-26 13:02:42.647  2923 10351 I am_focused_activity: [0,com.tencent.reading/com.tencent.news.push.alive.offactivity.HollowActivity,startedActivity]
05-26 13:02:42.660  2923 10351 I am_restart_activity: [0,240424729,506,com.tencent.reading/com.tencent.news.push.alive.offactivity.HollowActivity]
05-26 13:02:42.664  2923 10351 I am_pause_activity: [0,240424729,com.tencent.reading/com.tencent.news.push.alive.offactivity.HollowActivity]
05-26 13:02:42.671  2923 10351 I sysui_action: [323,com.tencent.reading/com.tencent.news.push.alive.offactivity.HollowActivity]
05-26 13:02:42.671  2923 10351 I sysui_action: [324,true]
05-26 13:02:42.671  2923 10351 I sysui_action: [325,82537]
05-26 13:02:42.693  2923  3243 I sync    : [com.tencent.reading.account,0,4,702700858]
05-26 13:02:42.703 23146 23146 I am_on_resume_called: [0,com.tencent.news.push.alive.offactivity.HollowActivity,LAUNCH_ACTIVITY]
05-26 13:02:42.747 23146 23146 I am_on_paused_called: [0,com.tencent.news.push.alive.offactivity.HollowActivity,handlePauseActivity]
05-26 13:02:42.750  2923  3245 I am_stop_activity: [0,240424729,com.tencent.reading/com.tencent.news.push.alive.offactivity.HollowActivity]
05-26 13:02:42.753  2923  3245 I sysui_count: [window_time_0,621]
05-26 13:02:42.767  2923  3243 I sync    : [com.tencent.reading.account,1,4,702700858]
05-26 13:02:42.799 23146 23146 I am_on_stop_called: [0,com.tencent.news.push.alive.offactivity.HollowActivity,sleeping]
05-26 13:02:42.818  2923 10343 I am_kill : [0,23132,android.ext.services,100,stop android.ext.services]
05-26 13:02:42.818  2923 10343 I am_schedule_service_restart: [0,android.ext.services/.notification.Ranker,1000]
05-26 13:02:42.825  2923  3420 I sysui_action: [322,197]
05-26 13:02:42.825  2923  3420 I am_activity_launch_time: [0,240424729,com.tencent.reading/com.tencent.news.push.alive.offactivity.HollowActivity,161,3150]
05-26 13:02:42.828  2923  2923 I notification_cancel_all: [1000,2923,android.ext.services,0,0,0,5,NULL]
05-26 13:02:42.868  2923  2923 I am_proc_start: [0,23225,10013,android.ext.services,service,android.ext.services/.notification.Ranker]
05-26 13:02:42.883  2923  4515 I am_broadcast_discard_app: [0,226862659,android.intent.action.PACKAGE_RESTARTED,4,ResolveInfo{e690cec com.jingdong.app.mall/.broadcastReceiver.AppStateRecevier m=0x208000}]
05-26 13:02:42.887  2923  4515 I am_proc_bound: [0,23225,android.ext.services]
05-26 13:02:42.964  2923  4432 I notification_autogrouped: 0|com.qq.reader|1977936656|null|10212
05-26 13:02:42.967  2923  4693 I notification_autogrouped: 0|com.qq.reader|1977936656|null|10212
05-26 13:02:42.971  2923  4692 I notification_autogrouped: 0|com.qq.reader|24|null|10212
05-26 13:02:42.975  2923  9670 I notification_autogrouped: 0|com.qq.reader|24|null|10212
05-26 13:02:42.975  2923  9670 I notification_autogrouped: 0|com.qq.reader|1977936656|null|10212
05-26 13:02:42.979  2923  4515 I notification_autogrouped: 0|com.vivo.game|1001051|null|10114
05-26 13:02:42.982  2923  4665 I notification_autogrouped: 0|com.vivo.game|1001051|null|10114
05-26 13:02:42.986  2923 10346 I notification_autogrouped: 0|com.android.bbklog|1|null|1000
05-26 13:02:42.990  2923 31026 I notification_autogrouped: 0|com.android.bbklog|1|null|1000
05-26 13:02:42.994  2923 10350 I notification_autogrouped: 0|com.bbk.appstore|100000|null|10030
05-26 13:02:42.998  2923  9685 I notification_autogrouped: 0|com.bbk.appstore|100000|null|10030
05-26 13:02:43.002  2923  4570 I notification_autogrouped: 0|com.vivo.browser|20000000|null|10025
05-26 13:02:43.006  2923 10360 I notification_autogrouped: 0|com.vivo.browser|20000000|null|10025
05-26 13:02:43.010  2923 31160 I notification_autogrouped: 0|com.vivo.abe|1002001|null|1000
05-26 13:02:43.014  2923  3101 I notification_autogrouped: 0|com.vivo.abe|1002001|null|1000
05-26 13:02:43.018  2923  4569 I notification_autogrouped: 0|com.bbk.iqoo.logsystem|3|null|10064
05-26 13:02:43.022  2923  3103 I notification_autogrouped: 0|com.bbk.iqoo.logsystem|3|null|10064
05-26 13:02:43.076  2923  3103 I am_kill : [0,23146,com.tencent.reading:PushService,0,stop com.tencent.reading]
05-26 13:02:43.076  2923  3103 I am_schedule_service_restart: [0,com.tencent.reading/.push.PushService,1000]
05-26 13:02:43.077  2923  3103 I am_focused_activity: [-1,NULL,resetFocusedActivityIfNeeded]
05-26 13:02:43.089  2923  3103 I am_proc_start: [0,23238,10136,com.tencent.reading:PushService,activity,com.tencent.reading/com.tencent.news.push.alive.offactivity.HollowActivity]
05-26 13:02:43.094  2923  3103 I am_finish_activity: [0,240424729,506,com.tencent.reading/com.tencent.news.push.alive.offactivity.HollowActivity,force-stop]
05-26 13:02:43.116  2923  3103 I am_resume_activity: [0,142576045,258,com.tencent.mm/.ui.LauncherUI]
05-26 13:02:43.158  2923  3103 I am_pause_activity: [0,142576045,com.tencent.mm/.ui.LauncherUI]
05-26 13:02:43.160  2923  3103 I wm_task_moved: [258,1,15]
05-26 13:02:43.163  2923  3103 I am_focused_activity: [0,com.tencent.mm/.ui.LauncherUI,completeResume]
05-26 13:02:43.174  2923  4665 I am_proc_bound: [0,23238,com.tencent.reading:PushService]
05-26 13:02:43.211  2923  3245 I am_destroy_activity: [0,240424729,506,com.tencent.reading/com.tencent.news.push.alive.offactivity.HollowActivity,finish-idle]
05-26 13:02:43.214  2923  3245 I wm_task_removed: [506,removeAppToken: last token]
05-26 13:02:43.214  2923  3245 I wm_task_removed: [506,removeTask]
05-26 13:02:43.220  2923  2923 I notification_cancel_all: [1000,2923,com.tencent.reading,0,0,0,5,NULL]
05-26 13:02:43.221  2923  3245 I am_wtf  : [0,2923,system_server,-1,KernelWakelockReader,neither /proc/wakelocks nor /d/wakeup_sources exists]
05-26 13:02:43.257  2923 10350 I am_broadcast_discard_app: [0,240126936,android.intent.action.PACKAGE_RESTARTED,4,ResolveInfo{6c72797 com.jingdong.app.mall/.broadcastReceiver.AppStateRecevier m=0x208000}]
05-26 13:02:43.367 20911 20911 I am_on_resume_called: [0,com.tencent.mm.ui.LauncherUI,RESUME_ACTIVITY]
05-26 13:02:43.408 20911 20911 I am_on_paused_called: [0,com.tencent.mm.ui.LauncherUI,handlePauseActivity]
05-26 13:02:43.415  2923  3245 I am_stop_activity: [0,142576045,com.tencent.mm/.ui.LauncherUI]
05-26 13:06:16.235  2923  3245 I am_wtf  : [0,2923,system_server,-1,KernelWakelockReader,neither /proc/wakelocks nor /d/wakeup_sources exists]
05-26 13:06:16.249 20911 20911 I am_on_stop_called: [0,com.tencent.mm.ui.LauncherUI,sleeping]
05-26 13:06:16.271  2923  3245 I am_wtf  : [0,2923,system_server,-1,KernelWakelockReader,neither /proc/wakelocks nor /d/wakeup_sources exists]
05-26 13:06:16.281  2923  3243 I am_pss  : [8757,10081,com.vivo.safecenter,10523648,9883648,0]
05-26 13:06:16.304  2923  4692 I am_broadcast_discard_app: [0,187393135,NULL,0,ResolveInfo{6edc57c com.happyelements.AndroidAnimal/com.happyelements.gsp.android.notification.gcn.GcnBroadcastReceiver m=0x0}]
05-26 13:06:16.328  2923  3243 I am_pss  : [6935,10063,com.iqoo.secure:remote,37146624,35590144,0]
05-26 13:07:42.422  2923  3245 I am_wtf  : [0,2923,system_server,-1,KernelWakelockReader,neither /proc/wakelocks nor /d/wakeup_sources exists]
05-26 13:07:42.432  2923  4013 I am_wtf  : [0,2923,system_server,-1,ActivityManager,Sending non-protected broadcast com.vivo.pem.power from system uid 1000 pkg com.vivo.pem]
05-26 13:07:42.444  2923 31159 I am_broadcast_discard_app: [0,30481217,NULL,0,ResolveInfo{19c98e6 com.happyelements.AndroidAnimal/com.happyelements.gsp.android.notification.gcn.GcnBroadcastReceiver m=0x0}]
05-26 13:07:42.482  2923  3245 I am_wtf  : [0,4503,system_server,-1,KernelWakelockReader,neither /proc/wakelocks nor /d/wakeup_sources exists]
05-26 13:07:42.715  2923  3103 I am_kill : [0,23225,android.ext.services,100,stop android.ext.services]
05-26 13:07:42.716  2923  3103 I am_schedule_service_restart: [0,android.ext.services/.notification.Ranker,1000]
05-26 13:07:42.724  2923  2923 I notification_cancel_all: [1000,2923,android.ext.services,0,0,0,5,NULL]
05-26 13:07:42.769  2923  2923 I am_proc_start: [0,23317,10013,android.ext.services,service,android.ext.services/.notification.Ranker]
05-26 13:07:42.779  2923 10360 I am_broadcast_discard_app: [0,230829109,android.intent.action.PACKAGE_RESTARTED,4,ResolveInfo{5b30796 com.jingdong.app.mall/.broadcastReceiver.AppStateRecevier m=0x208000}]
05-26 13:07:42.789  2923 10347 I am_proc_bound: [0,23317,android.ext.services]
05-26 13:07:42.864  2923 31159 I notification_autogrouped: 0|com.qq.reader|1977936656|null|10212
05-26 13:07:42.869  2923  4692 I notification_autogrouped: 0|com.qq.reader|1977936656|null|10212
05-26 13:07:42.873  2923 10346 I notification_autogrouped: 0|com.qq.reader|24|null|10212
05-26 13:07:42.878  2923 10336 I notification_autogrouped: 0|com.qq.reader|24|null|10212
05-26 13:07:42.878  2923 10336 I notification_autogrouped: 0|com.qq.reader|1977936656|null|10212
05-26 13:07:42.884  2923 10349 I notification_autogrouped: 0|com.vivo.game|1001051|null|10114
05-26 13:07:42.890  2923  3103 I notification_autogrouped: 0|com.vivo.game|1001051|null|10114
05-26 13:07:42.895  2923 10360 I notification_autogrouped: 0|com.android.bbklog|1|null|1000
05-26 13:07:42.901  2923  9670 I notification_autogrouped: 0|com.android.bbklog|1|null|1000
05-26 13:07:42.906  2923 10347 I notification_autogrouped: 0|com.bbk.appstore|100000|null|10030
05-26 13:07:42.911  2923  4570 I notification_autogrouped: 0|com.bbk.appstore|100000|null|10030
05-26 13:07:42.917  2923 10343 I notification_autogrouped: 0|com.vivo.browser|20000000|null|10025
05-26 13:07:42.923  2923 31026 I notification_autogrouped: 0|com.vivo.browser|20000000|null|10025
05-26 13:07:42.928  2923 10348 I notification_autogrouped: 0|com.vivo.abe|1002001|null|1000
05-26 13:07:42.933  2923  4515 I notification_autogrouped: 0|com.vivo.abe|1002001|null|1000
05-26 13:07:42.937  2923 10340 I notification_autogrouped: 0|com.bbk.iqoo.logsystem|3|null|10064
05-26 13:07:42.943  2923  4302 I notification_autogrouped: 0|com.bbk.iqoo.logsystem|3|null|10064
05-26 13:07:42.980  2923 10358 I am_kill : [0,21040,com.baidu.BaiduMap:MapCoreService,800,stop com.baidu.BaiduMap]
05-26 13:07:42.981  2923 10358 I am_schedule_service_restart: [0,com.baidu.BaiduMap/com.baidu.location.f,1000]
05-26 13:07:42.982  2923 10358 I am_kill : [0,13510,com.baidu.BaiduMap:QS,800,stop com.baidu.BaiduMap]
05-26 13:07:42.983  2923 10358 I am_schedule_service_restart: [0,com.baidu.BaiduMap/com.q.m.QS,10999]
05-26 13:07:42.987  2923 10358 I am_finish_activity: [0,22172155,488,com.baidu.BaiduMap/com.baidu.baidumaps.MapsActivity,force-stop]
05-26 13:07:42.997  2923  3245 I am_destroy_activity: [0,22172155,488,com.baidu.BaiduMap/com.baidu.baidumaps.MapsActivity,finish-idle]
05-26 13:07:42.999  2923  3245 I wm_task_removed: [488,removeAppToken: last token]
05-26 13:07:42.999  2923  3245 I wm_task_removed: [488,removeTask]
05-26 13:07:43.007  2923  2923 I notification_cancel_all: [1000,2923,com.baidu.BaiduMap,0,0,0,5,NULL]
05-26 13:07:43.042  2923  4570 I am_broadcast_discard_app: [0,208186605,android.intent.action.PACKAGE_RESTARTED,4,ResolveInfo{acb95b3 com.jingdong.app.mall/.broadcastReceiver.AppStateRecevier m=0x208000}]
05-26 13:09:37.874  2923  4013 I am_wtf  : [0,2923,system_server,-1,ActivityManager,Sending non-protected broadcast com.vivo.push.AlarmAciton.Retry from system uid 1000 pkg com.vivo.abe]
05-26 13:09:37.916  2923 10343 I am_broadcast_discard_app: [0,164094668,NULL,0,ResolveInfo{6fde915 com.happyelements.AndroidAnimal/com.happyelements.gsp.android.notification.gcn.GcnBroadcastReceiver m=0x0}]
05-26 13:09:37.927  2923 10343 I am_broadcast_discard_app: [0,159470107,NULL,0,ResolveInfo{610191 com.happyelements.AndroidAnimal/com.happyelements.gsp.android.notification.gcn.GcnBroadcastReceiver m=0x0}]
05-26 13:09:38.690  2923  3245 I am_wtf  : [0,2923,system_server,-1,KernelWakelockReader,neither /proc/wakelocks nor /d/wakeup_sources exists]
05-26 13:09:39.124  2923  3245 I am_broadcast_discard_app: [0,93440404,android.net.wifi.RSSI_CHANGED,0,ResolveInfo{6f61c3d com.meelive.ingkee/.socketio.connection.internal.KAReceiver m=0x108000}]
05-26 13:09:39.125  2923  3245 I am_broadcast_discard_app: [0,93440404,android.net.wifi.RSSI_CHANGED,1,ResolveInfo{792cc32 com.qq.ac.android/.receiver.BootReceiver m=0x108000}]
05-26 13:09:39.126  2923  3245 I am_broadcast_discard_app: [0,93440404,android.net.wifi.RSSI_CHANGED,2,ResolveInfo{4645d83 com.sdu.didi.psnger/com.didi.sdk.receiver.WifiReceiver m=0x108000}]
05-26 13:09:39.137  2923  3245 I am_broadcast_discard_app: [0,70074169,android.net.wifi.STATE_CHANGE,0,ResolveInfo{f9d797e com.UCMobile/com.uc.browser.business.openwifi.NetworkConnectReceiver p=1000 m=0x108000}]
05-26 13:09:39.151  2923  3245 I am_proc_start: [0,23336,10114,com.vivo.game,broadcast,com.vivo.game/.update.UpdateDownloadReceiver]
05-26 13:09:39.172  2923  9670 I am_proc_bound: [0,23336,com.vivo.game]
05-26 13:12:44.572  2923  3245 I am_wtf  : [0,2923,system_server,-1,KernelWakelockReader,neither /proc/wakelocks nor /d/wakeup_sources exists]
05-26 13:12:44.586  2923  4013 I am_wtf  : [0,2923,system_server,-1,ActivityManager,Sending non-protected broadcast com.vivo.pem.power from system uid 1000 pkg com.vivo.pem]
05-26 13:12:44.627  2923  3243 I sync    : [com.huajiao.account.syncprovider,0,4,1064065]
05-26 13:12:44.658  2923  3245 I am_wtf  : [0,2923,system_server,-1,KernelWakelockReader,neither /proc/wakelocks nor /d/wakeup_sources exists]
05-26 13:12:44.689  2923  3243 I sync    : [com.ss.android.account.AccountProvider32,0,4,706872568]
05-26 13:12:44.850  2923  9670 I am_broadcast_discard_app: [0,70074169,android.net.wifi.STATE_CHANGE,3,ResolveInfo{ac927cb com.baidu.searchbox/com.baidu.bottom.service.BottomReceiver m=0x108000}]
05-26 13:12:44.851  2923  3245 I am_broadcast_discard_app: [0,70074169,android.net.wifi.STATE_CHANGE,4,ResolveInfo{3c7fba8 com.qq.ac.android/.receiver.BootReceiver m=0x108000}]
05-26 13:12:44.853  2923  3245 I am_broadcast_discard_app: [0,70074169,android.net.wifi.STATE_CHANGE,5,ResolveInfo{6c386c1 com.sdu.didi.psnger/com.didi.sdk.receiver.WifiReceiver m=0x108000}]
05-26 13:12:44.854  2923  3245 I am_broadcast_discard_app: [0,70074169,android.net.wifi.STATE_CHANGE,6,ResolveInfo{e955e66 com.tencent.mtt/.browser.engine.ServiceProcessReceiver m=0x108000}]
05-26 13:12:44.855  2923  3245 I am_broadcast_discard_app: [0,70074169,android.net.wifi.STATE_CHANGE,7,ResolveInfo{14075a7 wb.gc.xmxx.zxb/com.google.extra.remind.RemindReceiver m=0x108000}]
05-26 13:12:44.920  2923  4693 I am_broadcast_discard_app: [0,42531570,NULL,0,ResolveInfo{9f4c543 com.happyelements.AndroidAnimal/com.happyelements.gsp.android.notification.gcn.GcnBroadcastReceiver m=0x0}]
05-26 13:12:44.985  2923  4570 I am_create_task: [0,507]
05-26 13:12:44.985  2923  4570 I am_create_activity: [0,71890506,507,com.tencent.reading/com.tencent.news.push.alive.offactivity.HollowActivity,NULL,NULL,NULL,276824064]
05-26 13:12:44.986  2923  4570 I wm_task_created: [507,1]
05-26 13:12:44.987  2923  4570 I wm_task_moved: [507,1,14]
05-26 13:12:44.987  2923  4570 I wm_task_moved: [507,1,14]
05-26 13:12:44.988  2923  4570 I am_focused_activity: [0,com.tencent.reading/com.tencent.news.push.alive.offactivity.HollowActivity,startedActivity]
05-26 13:12:45.040  2923  4570 I am_restart_activity: [0,71890506,507,com.tencent.reading/com.tencent.news.push.alive.offactivity.HollowActivity]
05-26 13:12:45.044  2923  4570 I am_pause_activity: [0,71890506,com.tencent.reading/com.tencent.news.push.alive.offactivity.HollowActivity]
05-26 13:12:45.050  2923  4570 I sysui_action: [323,com.tencent.reading/com.tencent.news.push.alive.offactivity.HollowActivity]
05-26 13:12:45.050  2923  4570 I sysui_action: [324,true]
05-26 13:12:45.050  2923  4570 I sysui_action: [325,82544]
05-26 13:12:45.060  2923  3420 I sysui_action: [320,3]
05-26 13:12:45.060  2923  3420 I sysui_action: [319,82]
05-26 13:12:45.083 23238 23238 I am_on_resume_called: [0,com.tencent.news.push.alive.offactivity.HollowActivity,LAUNCH_ACTIVITY]
05-26 13:12:45.127  2923  3245 I am_wtf  : [0,4503,system_server,-1,KernelWakelockReader,neither /proc/wakelocks nor /d/wakeup_sources exists]
05-26 13:12:45.178 23238 23238 I am_on_paused_called: [0,com.tencent.news.push.alive.offactivity.HollowActivity,handlePauseActivity]
05-26 13:12:45.182  2923  3245 I am_stop_activity: [0,71890506,com.tencent.reading/com.tencent.news.push.alive.offactivity.HollowActivity]
05-26 13:12:45.185  2923  3245 I sysui_count: [window_time_0,602]
05-26 13:12:45.209 23238 23238 I am_on_stop_called: [0,com.tencent.news.push.alive.offactivity.HollowActivity,sleeping]
05-26 13:12:45.220  2923  3420 I sysui_action: [322,242]
05-26 13:12:45.221  2923  3420 I am_activity_launch_time: [0,71890506,com.tencent.reading/com.tencent.news.push.alive.offactivity.HollowActivity,176,7044]
05-26 13:12:45.346  2923  4515 I am_kill : [0,23317,android.ext.services,100,stop android.ext.services]
05-26 13:12:45.347  2923  4515 I am_schedule_service_restart: [0,android.ext.services/.notification.Ranker,1000]
05-26 13:12:45.360  2923  2923 I notification_cancel_all: [1000,2923,android.ext.services,0,0,0,5,NULL]
05-26 13:12:45.395  2923  2923 I am_proc_start: [0,23396,10013,android.ext.services,service,android.ext.services/.notification.Ranker]
05-26 13:12:45.399  2923 10347 I am_broadcast_discard_app: [0,115412701,android.intent.action.PACKAGE_RESTARTED,4,ResolveInfo{576499e com.jingdong.app.mall/.broadcastReceiver.AppStateRecevier m=0x208000}]
05-26 13:12:45.408  2923  4432 I am_proc_bound: [0,23396,android.ext.services]
05-26 13:12:45.476  2923  4658 I notification_autogrouped: 0|com.qq.reader|1977936656|null|10212
05-26 13:12:45.478  2923 10348 I notification_autogrouped: 0|com.qq.reader|1977936656|null|10212
05-26 13:12:45.480  2923  4665 I notification_autogrouped: 0|com.qq.reader|24|null|10212
05-26 13:12:45.483  2923  3103 I notification_autogrouped: 0|com.qq.reader|24|null|10212
05-26 13:12:45.483  2923  3103 I notification_autogrouped: 0|com.qq.reader|1977936656|null|10212
05-26 13:12:45.485  2923 31160 I notification_autogrouped: 0|com.vivo.game|1001051|null|10114
05-26 13:12:45.488  2923 10354 I notification_autogrouped: 0|com.vivo.game|1001051|null|10114
05-26 13:12:45.490  2923 31026 I notification_autogrouped: 0|com.android.bbklog|1|null|1000
05-26 13:12:45.492  2923 10350 I notification_autogrouped: 0|com.android.bbklog|1|null|1000
05-26 13:12:45.495  2923 10347 I notification_autogrouped: 0|com.bbk.appstore|100000|null|10030
05-26 13:12:45.499  2923  4690 I notification_autogrouped: 0|com.bbk.appstore|100000|null|10030
05-26 13:12:45.501  2923  4515 I notification_autogrouped: 0|com.vivo.browser|20000000|null|10025
05-26 13:12:45.504  2923  4432 I notification_autogrouped: 0|com.vivo.browser|20000000|null|10025
05-26 13:12:45.506  2923 10360 I notification_autogrouped: 0|com.vivo.abe|1002001|null|1000
05-26 13:12:45.509  2923  4302 I notification_autogrouped: 0|com.vivo.abe|1002001|null|1000
05-26 13:12:45.511  2923  4692 I notification_autogrouped: 0|com.bbk.iqoo.logsystem|3|null|10064
05-26 13:12:45.513  2923 10340 I notification_autogrouped: 0|com.bbk.iqoo.logsystem|3|null|10064
05-26 13:12:45.574  2923 10350 I am_kill : [0,23336,com.vivo.game,500,stop com.vivo.game]
05-26 13:12:45.575  2923 10350 I am_schedule_service_restart: [0,com.vivo.game/.update.GameReceiverService,1000]
05-26 13:12:45.580  2923  2923 I notification_cancel_all: [1000,2923,com.vivo.game,0,0,0,5,NULL]
05-26 13:12:45.581  2923  2923 I notification_canceled: [0|com.vivo.game|1001051|null|10114,5,6323740,6323740,4519310]
05-26 13:12:45.581  2923  2923 I notification_canceled: [0|com.vivo.game|2147483647|group_key_override|10114|ranker_bundle,5,6323600,6323600,4519310]
05-26 13:12:45.617  2923  4692 I am_broadcast_discard_app: [0,64765077,android.intent.action.PACKAGE_RESTARTED,4,ResolveInfo{5ec919b com.jingdong.app.mall/.broadcastReceiver.AppStateRecevier m=0x208000}]
05-26 13:12:45.846  2923  4569 I am_kill : [0,23238,com.tencent.reading:PushService,0,stop com.tencent.reading]
05-26 13:12:45.847  2923  4569 I am_schedule_service_restart: [0,com.tencent.reading/.push.PushService,1000]
05-26 13:12:45.848  2923  4569 I am_focused_activity: [-1,NULL,resetFocusedActivityIfNeeded]
05-26 13:12:45.865  2923  4569 I am_proc_start: [0,23409,10136,com.tencent.reading:PushService,activity,com.tencent.reading/com.tencent.news.push.alive.offactivity.HollowActivity]
05-26 13:12:45.871  2923  4569 I am_finish_activity: [0,71890506,507,com.tencent.reading/com.tencent.news.push.alive.offactivity.HollowActivity,force-stop]
05-26 13:12:45.902  2923  4569 I am_resume_activity: [0,142576045,258,com.tencent.mm/.ui.LauncherUI]
05-26 13:12:45.936  2923  4569 I am_pause_activity: [0,142576045,com.tencent.mm/.ui.LauncherUI]
05-26 13:12:45.937  2923  4569 I wm_task_moved: [258,1,14]
05-26 13:12:45.940  2923  4569 I am_focused_activity: [0,com.tencent.mm/.ui.LauncherUI,completeResume]
05-26 13:12:45.949  2923  3245 I am_destroy_activity: [0,71890506,507,com.tencent.reading/com.tencent.news.push.alive.offactivity.HollowActivity,finish-idle]
05-26 13:12:45.950  2923  3245 I wm_task_removed: [507,removeAppToken: last token]
05-26 13:12:45.950  2923  3245 I wm_task_removed: [507,removeTask]
05-26 13:12:45.953  2923  4515 I am_proc_bound: [0,23409,com.tencent.reading:PushService]
05-26 13:12:45.993  2923  2923 I notification_cancel_all: [1000,2923,com.tencent.reading,0,0,0,5,NULL]
05-26 13:12:46.040  2923 10354 I am_broadcast_discard_app: [0,194055441,android.intent.action.PACKAGE_RESTARTED,4,ResolveInfo{ce8694d com.jingdong.app.mall/.broadcastReceiver.AppStateRecevier m=0x208000}]
05-26 13:12:46.105 20911 20911 I am_on_resume_called: [0,com.tencent.mm.ui.LauncherUI,RESUME_ACTIVITY]
05-26 13:12:46.145 20911 20911 I am_on_paused_called: [0,com.tencent.mm.ui.LauncherUI,handlePauseActivity]
05-26 13:12:46.148  2923  3245 I am_stop_activity: [0,142576045,com.tencent.mm/.ui.LauncherUI]
05-26 13:12:46.198 20911 20911 I am_on_stop_called: [0,com.tencent.mm.ui.LauncherUI,sleeping]
05-26 13:13:04.715  2923  3245 I am_wtf  : [0,2923,system_server,-1,KernelWakelockReader,neither /proc/wakelocks nor /d/wakeup_sources exists]
05-26 13:13:04.791  2923  3245 I am_wtf  : [0,2923,system_server,-1,KernelWakelockReader,neither /proc/wakelocks nor /d/wakeup_sources exists]
05-26 13:13:18.374  2923  2923 I am_broadcast_discard_app: [0,55947863,NULL,0,ResolveInfo{e1da144 com.happyelements.AndroidAnimal/com.happyelements.gsp.android.notification.gcn.GcnBroadcastReceiver m=0x0}]
05-26 13:17:37.219  2923  4013 I am_wtf  : [0,2923,system_server,-1,ActivityManager,Sending non-protected broadcast com.vivo.push.AlarmAciton.Retry from system uid 1000 pkg com.vivo.abe]
05-26 13:17:37.221  2923  3245 I am_broadcast_discard_app: [0,221208733,NULL,0,ResolveInfo{30a2912 com.happyelements.AndroidAnimal/com.happyelements.gsp.android.notification.gcn.GcnBroadcastReceiver m=0x0}]
05-26 13:17:37.247  2923  3245 I am_wtf  : [0,2923,system_server,-1,KernelWakelockReader,neither /proc/wakelocks nor /d/wakeup_sources exists]
05-26 13:17:37.263  2923  4013 I am_wtf  : [0,2923,system_server,-1,ActivityManager,Sending non-protected broadcast com.vivo.pem.power from system uid 1000 pkg com.vivo.pem]
05-26 13:17:37.280  2923  3243 I sync    : [com.UCMobile.syssync,0,4,2702]
05-26 13:17:37.299  2923  3245 I am_wtf  : [0,2923,system_server,-1,KernelWakelockReader,neither /proc/wakelocks nor /d/wakeup_sources exists]
05-26 13:17:38.425  2923  2923 I free_storage_changed: 5271617536
05-26 13:17:38.553  2923  3245 I am_wtf  : [0,4503,system_server,-1,KernelWakelockReader,neither /proc/wakelocks nor /d/wakeup_sources exists]
05-26 13:17:38.769  2923 10336 I am_kill : [0,23396,android.ext.services,100,stop android.ext.services]
05-26 13:17:38.770  2923 10336 I am_schedule_service_restart: [0,android.ext.services/.notification.Ranker,1000]
05-26 13:17:38.784  2923  2923 I notification_cancel_all: [1000,2923,android.ext.services,0,0,0,5,NULL]
05-26 13:17:38.854  2923  2923 I am_proc_start: [0,23487,10013,android.ext.services,service,android.ext.services/.notification.Ranker]
05-26 13:17:38.884  2923  4690 I am_proc_bound: [0,23487,android.ext.services]
05-26 13:17:38.901  2923 10347 I am_broadcast_discard_app: [0,226769404,android.intent.action.PACKAGE_RESTARTED,4,ResolveInfo{26a6 com.jingdong.app.mall/.broadcastReceiver.AppStateRecevier m=0x208000}]
05-26 13:17:39.030  2923 10354 I notification_autogrouped: 0|com.qq.reader|1977936656|null|10212
05-26 13:17:39.035  2923  9685 I notification_autogrouped: 0|com.qq.reader|1977936656|null|10212
05-26 13:17:39.039  2923  3103 I notification_autogrouped: 0|com.qq.reader|24|null|10212
