05-11 14:26:33.701  3843  3843 I notification_enqueue: [10030,5956,com.bbk.appstore,583,NULL,0,Notification(pri=0 contentView=null vibrate=null sound=null defaults=0x0 flags=0x10 color=0x00000000 vis=PRIVATE),0]
05-11 14:26:33.735  3843  5710 I notification_autogrouped: 0|com.bbk.appstore|583|null|10030
05-11 14:26:33.739  3843  3843 I notification_enqueue: [10030,5956,com.bbk.appstore,2147483647,group_key_override,0,Notification(pri=0 contentView=null vibrate=null sound=null defaults=0x0 flags=0x700 color=0x00000000 groupKey=ranker_bundle vis=PRIVATE),0]
05-11 14:26:33.752  3843 15840 I am_wtf  : [0,3843,system_server,-1,ActivityManager,Sending non-protected broadcast vivo.bigdata.action.COLLECT from system 3843:system/1000 pkg android]
05-11 14:26:33.753  3843 15840 I am_wtf  : [0,3843,system_server,-1,ActivityManager,Sending non-protected broadcast vivo.bigdata.action.COLLECT from system 3843:system/1000 pkg android]
05-11 14:26:33.762  3843  4699 I notification_autogrouped: 0|com.bbk.appstore|583|null|10030
05-11 14:26:33.856  3843 21049 I am_broadcast_discard_app: [0,55921926,android.intent.action.PACKAGE_REPLACED,7,ResolveInfo{162f6de com.ss.android.article.news/com.ss.android.download.DownloadReceiver m=0x208000}]
05-11 14:26:33.856  3843  3882 I am_broadcast_discard_app: [0,55921926,android.intent.action.PACKAGE_REPLACED,8,ResolveInfo{c0ef0bf com.ss.android.article.video/com.ss.android.download.DownloadReceiver m=0x208000}]
05-11 14:26:33.860  3843  3882 I am_broadcast_discard_app: [0,55921926,android.intent.action.PACKAGE_REPLACED,9,ResolveInfo{270e38c com.ss.android.essay.joke/com.ss.android.download.DownloadReceiver m=0x208000}]
05-11 14:26:33.861  3843  3882 I am_broadcast_discard_app: [0,55921926,android.intent.action.PACKAGE_REPLACED,10,ResolveInfo{9adbad5 com.supercell.clashofclans.vivo/com.vivo.sdkplugin.accounts.VivoApkInstallRecevier m=0x208000}]
05-11 14:26:33.886  3843 21037 I am_broadcast_discard_app: [0,55921926,android.intent.action.PACKAGE_REPLACED,13,ResolveInfo{3a3a2ea com.wepie.snake.vivo/com.vivo.sdkplugin.accounts.VivoApkInstallRecevier m=0x208000}]
05-11 14:26:33.944  3843  4431 I am_proc_died: [0,15782,com.vivo.game]
05-11 14:26:33.945  3843  4431 I am_schedule_service_restart: [0,com.vivo.game/.update.GameReceiverService,1000]
05-11 14:26:35.089  3843  3865 I wm_task_moved: [6,1,7]
05-11 14:26:35.089  3843  3865 I am_create_activity: [0,147022267,6,com.tencent.mm/.plugin.sns.ui.En_424b8e16,NULL,NULL,NULL,0]
05-11 14:26:35.090  3843  3865 I wm_task_moved: [6,1,7]
05-11 14:26:35.093  3843  3865 I am_focused_activity: [0,com.tencent.mm/.plugin.sns.ui.En_424b8e16,startedActivity]
05-11 14:26:35.094  3843  3865 I am_pause_activity: [0,253962453,com.tencent.mm/.ui.LauncherUI]
05-11 14:26:35.264  6030  6030 I am_on_paused_called: [0,com.tencent.mm.ui.LauncherUI,handlePauseActivity]
05-11 14:26:35.270  3843  8736 I am_restart_activity: [0,147022267,6,com.tencent.mm/.plugin.sns.ui.En_424b8e16]
05-11 14:26:35.275  3843  3882 I sysui_count: [window_time_0,5]
05-11 14:26:37.046  6030  6030 I am_on_resume_called: [0,com.tencent.mm.plugin.sns.ui.En_424b8e16,LAUNCH_ACTIVITY]
05-11 14:26:37.331  3843  3915 I am_activity_launch_time: [0,147022267,com.tencent.mm/.plugin.sns.ui.En_424b8e16,2064,2064]
05-11 14:26:38.374  3843 21047 I wm_task_moved: [6,1,7]
05-11 14:26:38.374  3843 21047 I am_create_activity: [0,134385836,6,com.tencent.mm/.plugin.sns.ui.SnsMsgUI,NULL,NULL,NULL,0]
05-11 14:26:38.376  3843 21047 I wm_task_moved: [6,1,7]
05-11 14:26:38.377  3843 21047 I am_focused_activity: [0,com.tencent.mm/.plugin.sns.ui.SnsMsgUI,startedActivity]
05-11 14:26:38.378  3843 21047 I am_pause_activity: [0,147022267,com.tencent.mm/.plugin.sns.ui.En_424b8e16]
05-11 14:26:38.493  6030  6030 I am_on_paused_called: [0,com.tencent.mm.plugin.sns.ui.En_424b8e16,handlePauseActivity]
05-11 14:26:38.502  3843  4431 I am_restart_activity: [0,134385836,6,com.tencent.mm/.plugin.sns.ui.SnsMsgUI]
05-11 14:26:38.508  3843  3882 I sysui_count: [window_time_0,3]
05-11 14:26:38.776  6030  6030 I am_on_resume_called: [0,com.tencent.mm.plugin.sns.ui.SnsMsgUI,LAUNCH_ACTIVITY]
05-11 14:26:38.979  3843  3882 I am_stop_activity: [0,253962453,com.tencent.mm/.ui.LauncherUI]
05-11 14:26:39.029  3843  3915 I am_activity_launch_time: [0,134385836,com.tencent.mm/.plugin.sns.ui.SnsMsgUI,533,533]
05-11 14:26:39.040  6030  6030 I am_on_stop_called: [0,com.tencent.mm.ui.LauncherUI,handleStopActivity]
05-11 14:26:39.068   512   512 I sf_frame_dur: [com.tencent.mm/com.tencent.mm.ui.LauncherUI,19,3,1,2,3,1,2]
05-11 14:26:39.294  3843  3882 I am_stop_activity: [0,147022267,com.tencent.mm/.plugin.sns.ui.En_424b8e16]
05-11 14:26:39.315  6030  6030 I am_on_stop_called: [0,com.tencent.mm.plugin.sns.ui.En_424b8e16,handleStopActivity]
05-11 14:26:39.336   512   512 I sf_frame_dur: [com.tencent.mm/com.tencent.mm.plugin.sns.ui.En_424b8e16,63,2,1,0,1,0,0]
05-11 14:26:40.499  3843  3881 I am_pss  : [6030,10132,com.tencent.mm,150717440,143867904,0]
05-11 14:26:41.426  3843  3843 I free_storage_changed: 5693042688
05-11 14:26:41.490  3843  8624 I am_finish_activity: [0,134385836,6,com.tencent.mm/.plugin.sns.ui.SnsMsgUI,app-request]
05-11 14:26:41.492  3843  8624 I wm_task_moved: [6,1,7]
05-11 14:26:41.496  3843  8624 I am_focused_activity: [0,com.tencent.mm/.plugin.sns.ui.En_424b8e16,finishActivity adjustFocus]
05-11 14:26:41.497  3843  8624 I am_pause_activity: [0,134385836,com.tencent.mm/.plugin.sns.ui.SnsMsgUI]
05-11 14:26:41.505  6030  6030 I am_on_paused_called: [0,com.tencent.mm.plugin.sns.ui.SnsMsgUI,handlePauseActivity]
05-11 14:26:41.512  3843 21038 I am_resume_activity: [0,147022267,6,com.tencent.mm/.plugin.sns.ui.En_424b8e16]
05-11 14:26:41.518  3843  3882 I sysui_count: [window_time_0,3]
05-11 14:26:41.539  6030  6030 I am_on_resume_called: [0,com.tencent.mm.plugin.sns.ui.En_424b8e16,RESUME_ACTIVITY]
05-11 14:26:42.548  3843 21321 I am_finish_activity: [0,147022267,6,com.tencent.mm/.plugin.sns.ui.En_424b8e16,app-request]
05-11 14:26:42.550  3843 21321 I wm_task_moved: [6,1,7]
05-11 14:26:42.553  3843 21321 I am_focused_activity: [0,com.tencent.mm/.ui.LauncherUI,finishActivity adjustFocus]
05-11 14:26:42.553  3843 21321 I am_pause_activity: [0,147022267,com.tencent.mm/.plugin.sns.ui.En_424b8e16]
05-11 14:26:42.568  6030  6030 I am_on_paused_called: [0,com.tencent.mm.plugin.sns.ui.En_424b8e16,handlePauseActivity]
05-11 14:26:42.575  3843  4811 I am_resume_activity: [0,253962453,6,com.tencent.mm/.ui.LauncherUI]
05-11 14:26:42.652  6030  6030 I am_on_resume_called: [0,com.tencent.mm.ui.LauncherUI,RESUME_ACTIVITY]
05-11 14:26:42.819  3843  4699 I am_destroy_activity: [0,134385836,6,com.tencent.mm/.plugin.sns.ui.SnsMsgUI,finish-imm]
05-11 14:26:42.823  6030  6030 I am_on_stop_called: [0,com.tencent.mm.plugin.sns.ui.SnsMsgUI,destroy]
05-11 14:26:42.833   512   512 I sf_frame_dur: [com.tencent.mm/com.tencent.mm.plugin.sns.ui.SnsMsgUI,9,2,0,0,0,2,0]
05-11 14:26:43.044  3843  3882 I am_destroy_activity: [0,147022267,6,com.tencent.mm/.plugin.sns.ui.En_424b8e16,finish-imm]
05-11 14:26:43.053  6030  6030 I am_on_stop_called: [0,com.tencent.mm.plugin.sns.ui.En_424b8e16,destroy]
05-11 14:26:43.117   512   512 I sf_frame_dur: [com.tencent.mm/com.tencent.mm.plugin.sns.ui.En_424b8e16,19,0,1,0,0,0,0]
05-11 14:26:43.240  3843  8740 I wm_task_moved: [6,0,0]
05-11 14:26:43.243  3843  8740 I am_focused_stack: [0,0,1,moveTaskToBackAndShowHome resumeHomeStackTask setFocusedActivity]
05-11 14:26:43.244  3843  8740 I wm_task_moved: [34,1,1]
05-11 14:26:43.246  3843  8740 I am_focused_activity: [0,com.bbk.launcher2/.Launcher,moveTaskToBackAndShowHome resumeHomeStackTask]
05-11 14:26:43.277  3843  8740 I am_pause_activity: [0,253962453,com.tencent.mm/.ui.LauncherUI]
05-11 14:26:43.311  6030  6030 I am_on_paused_called: [0,com.tencent.mm.ui.LauncherUI,handlePauseActivity]
05-11 14:26:43.326  3843  8741 I am_resume_activity: [0,12450827,34,com.bbk.launcher2/.Launcher]
05-11 14:26:43.338  3843  3882 I sysui_count: [window_time_0,2]
05-11 14:26:43.350 10606 10606 I am_on_resume_called: [0,com.bbk.launcher2.Launcher,RESUME_ACTIVITY]
05-11 14:26:43.678  3843  3882 I am_stop_activity: [0,253962453,com.tencent.mm/.ui.LauncherUI]
05-11 14:26:43.692  6030  6030 I am_on_stop_called: [0,com.tencent.mm.ui.LauncherUI,handleStopActivity]
05-11 14:26:43.753   512   512 I sf_frame_dur: [com.tencent.mm/com.tencent.mm.ui.LauncherUI,0,0,0,2,0,0,0]
05-11 14:26:44.022  3843  3881 I am_pss  : [7245,10081,com.vivo.safecenter,8928256,8187904,0]
05-11 14:26:44.241  3843  3881 I am_pss  : [7656,10063,com.iqoo.secure:remote,56472576,52998144,0]
05-11 14:26:45.190  3843  3929 I unknown_sources_enabled: 0
05-11 14:26:45.406  7995  7995 I force_gc: bg
05-11 14:26:45.511  4442  4442 I force_gc: bg
05-11 14:26:45.605  3843  8739 I am_wtf  : [0,3843,system_server,-1,ActivityManager,Sending non-protected broadcast com.vivo.behavior.app.removed from system 5666:com.vivo.abe/1000 pkg com.vivo.abe]
05-11 14:26:45.607  3843  8739 I am_wtf  : [0,3843,system_server,-1,ActivityManager,Sending non-protected broadcast com.vivo.behavior.app.removed from system 5666:com.vivo.abe/1000 pkg com.vivo.abe]
05-11 14:26:45.630  3843  8740 I am_proc_start: [0,15949,10113,com.vivo.game,broadcast,com.vivo.game/.model.GameReceiver]
05-11 14:26:45.646  3843 21050 I am_wtf  : [0,3843,system_server,-1,ActivityManager,Sending non-protected broadcast com.vivo.applicationbehaviorengine.power.refreshList from system 5666:com.vivo.abe/1000 pkg com.vivo.abe]
05-11 14:26:45.732  3843  4812 I am_proc_bound: [0,15949,com.vivo.game]
05-11 14:26:45.814  3843  3843 I notification_cancel_all: [1000,3843,com.baidu.searchbox,0,0,0,5,NULL]
05-11 14:26:45.818  3843  3843 I am_wtf  : [0,3843,system_server,-1,ActivityManager,Sending non-protected broadcast com.vivo.services.security.client.PACKAGE_PERMISSION_REMOVED from system 3843:system/1000 pkg android]
05-11 14:26:45.831  3843  3843 I notification_cancel_all: [1000,3843,com.baidu.searchbox,0,0,0,7,NULL]
05-11 14:26:45.831  3843  3843 I notification_cancel_all: [1000,3843,com.baidu.searchbox,0,0,0,5,NULL]
05-11 14:26:45.838  3843  3843 I am_wtf  : [0,3843,system_server,-1,ActivityManager,Sending non-protected broadcast com.vivo.services.security.client.PACKAGE_PERMISSION_ADDED from system 3843:system/1000 pkg android]
05-11 14:26:45.867  3843  3843 I am_wtf  : [0,3843,system_server,-1,ActivityManager,Sending non-protected broadcast com.vivo.services.security.client.PACKAGE_PERMISSION_REPLACED from system 3843:system/1000 pkg android]
05-11 14:26:45.868  3843  3843 I notification_canceled: [0|com.bbk.appstore|583|null|10030,8,12167,12167,0]
05-11 14:26:45.872  3843  4698 I notification_canceled: [0|com.bbk.appstore|2147483647|group_key_override|10030|ranker_bundle,16,12134,12134,0]
05-11 14:26:46.318  3843  8741 I am_proc_start: [0,15990,1000,com.vivo.vivokaraoke,broadcast,com.vivo.vivokaraoke/.floatview.KaraokeBroadcastReceiver]
05-11 14:26:46.345  3843  3865 I am_proc_bound: [0,15990,com.vivo.vivokaraoke]
05-11 14:26:46.413  3843  4811 I am_proc_died: [0,15949,com.vivo.game]
05-11 14:26:46.413  3843  4811 I am_schedule_service_restart: [0,com.vivo.game/.update.GameReceiverService,1000]
05-11 14:26:46.476  3843  4788 I am_proc_died: [0,15990,com.vivo.vivokaraoke]
05-11 14:26:46.476  3843  4788 I am_broadcast_discard_app: [0,210185233,android.intent.action.PACKAGE_REMOVED,13,ResolveInfo{606b4df com.vivo.vivokaraoke/.floatview.KaraokeBroadcastReceiver m=0x208000}]
05-11 14:26:46.479  3843  3882 I am_broadcast_discard_app: [0,210185233,android.intent.action.PACKAGE_REMOVED,14,ResolveInfo{f71252c com.baidu.BaiduMap/com.baidu.android.pushservice.RegistrationReceiver m=0x208000}]
05-11 14:26:46.480  3843  3882 I am_broadcast_discard_app: [0,210185233,android.intent.action.PACKAGE_REMOVED,15,ResolveInfo{8886bf5 com.campmobile.snowcamera/com.baidu.android.pushservice.RegistrationReceiver m=0x208000}]
05-11 14:26:46.481  3843  3882 I am_broadcast_discard_app: [0,210185233,android.intent.action.PACKAGE_REMOVED,16,ResolveInfo{778cd8a com.jingdong.app.mall/.broadcastReceiver.AppStateRecevier m=0x208000}]
05-11 14:26:46.481  3843  3882 I am_broadcast_discard_app: [0,210185233,android.intent.action.PACKAGE_REMOVED,17,ResolveInfo{fcbbffb com.jingdong.app.mall/com.huawei.android.pushagent.PushEventReceiver m=0x208000}]
05-11 14:26:46.482  3843  3882 I am_broadcast_discard_app: [0,210185233,android.intent.action.PACKAGE_REMOVED,18,ResolveInfo{5616818 com.jm.android.jumei/cn.jpush.android.service.PushReceiver m=0x208000}]
05-11 14:26:46.483  3843  3882 I am_broadcast_discard_app: [0,210185233,android.intent.action.PACKAGE_REMOVED,19,ResolveInfo{2c0d271 com.jm.android.jumei/.push.JMAliReceiver m=0x208000}]
05-11 14:26:46.484  3843  3882 I am_broadcast_discard_app: [0,210185233,android.intent.action.PACKAGE_REMOVED,20,ResolveInfo{9e3856 com.jm.android.jumei/com.taobao.accs.EventReceiver m=0x208000}]
05-11 14:26:46.485  3843  3882 I am_broadcast_discard_app: [0,210185233,android.intent.action.PACKAGE_REMOVED,21,ResolveInfo{10c60d7 com.jm.android.jumei/com.taobao.agoo.AgooCommondReceiver m=0x208000}]
05-11 14:26:46.486  3843  3882 I am_broadcast_discard_app: [0,210185233,android.intent.action.PACKAGE_REMOVED,22,ResolveInfo{510edc4 com.sina.weibo/.bundlemanager.WBBroadcastDeliver m=0x208000}]
05-11 14:26:46.487  3843  3882 I am_broadcast_discard_app: [0,210185233,android.intent.action.PACKAGE_REMOVED,23,ResolveInfo{a3f24ad com.sina.weibo/com.huawei.android.pushagent.PushEventReceiver m=0x208000}]
05-11 14:26:46.488  3843  3882 I am_broadcast_discard_app: [0,210185233,android.intent.action.PACKAGE_REMOVED,24,ResolveInfo{4dd83e2 com.ss.android.article.news/com.ss.android.message.MessageReceiver m=0x208000}]
05-11 14:26:46.490  3843  3882 I am_broadcast_discard_app: [0,210185233,android.intent.action.PACKAGE_REMOVED,25,ResolveInfo{34c3373 com.ss.android.article.news/com.baidu.android.pushservice.RegistrationReceiver m=0x208000}]
05-11 14:26:46.491  3843  3882 I am_broadcast_discard_app: [0,210185233,android.intent.action.PACKAGE_REMOVED,26,ResolveInfo{d112230 com.ss.android.article.news/com.taobao.accs.EventReceiver m=0x208000}]
05-11 14:26:46.491  3843  3882 I am_broadcast_discard_app: [0,210185233,android.intent.action.PACKAGE_REMOVED,27,ResolveInfo{9d65ea9 com.ss.android.article.news/com.taobao.agoo.AgooCommondReceiver m=0x208000}]
05-11 14:26:46.492  3843  3882 I am_broadcast_discard_app: [0,210185233,android.intent.action.PACKAGE_REMOVED,28,ResolveInfo{d3fc2e com.ss.android.article.news/.AliyunPushMsgReceiver m=0x208000}]
05-11 14:26:46.493  3843  3882 I am_broadcast_discard_app: [0,210185233,android.intent.action.PACKAGE_REMOVED,29,ResolveInfo{aac93cf com.ss.android.article.news/com.huawei.android.pushagent.PushEventReceiver m=0x208000}]
05-11 14:26:46.495  3843  3882 I am_broadcast_discard_app: [0,210185233,android.intent.action.PACKAGE_REMOVED,30,ResolveInfo{19e315c com.ss.android.article.video/com.ss.android.message.MessageReceiver m=0x208000}]
05-11 14:26:46.495  3843  3882 I am_broadcast_discard_app: [0,210185233,android.intent.action.PACKAGE_REMOVED,31,ResolveInfo{c8d3c65 com.ss.android.article.video/com.baidu.android.pushservice.RegistrationReceiver m=0x208000}]
05-11 14:26:46.497  3843  3882 I am_broadcast_discard_app: [0,210185233,android.intent.action.PACKAGE_REMOVED,32,ResolveInfo{ba7ad3a com.ss.android.article.video/com.taobao.accs.EventReceiver m=0x208000}]
05-11 14:26:46.497  3843  3882 I am_broadcast_discard_app: [0,210185233,android.intent.action.PACKAGE_REMOVED,33,ResolveInfo{2089deb com.ss.android.article.video/com.taobao.agoo.AgooCommondReceiver m=0x208000}]
05-11 14:26:46.499  3843  3882 I am_broadcast_discard_app: [0,210185233,android.intent.action.PACKAGE_REMOVED,34,ResolveInfo{c8b0748 com.ss.android.article.video/com.huawei.android.pushagent.PushEventReceiver m=0x208000}]
05-11 14:26:46.500  3843  3882 I am_broadcast_discard_app: [0,210185233,android.intent.action.PACKAGE_REMOVED,35,ResolveInfo{d1a39e1 com.ss.android.essay.joke/com.ss.android.message.MessageReceiver m=0x208000}]
05-11 14:26:46.501  3843  3882 I am_broadcast_discard_app: [0,210185233,android.intent.action.PACKAGE_REMOVED,36,ResolveInfo{6d36306 com.ss.android.essay.joke/com.baidu.android.pushservice.RegistrationReceiver m=0x208000}]
05-11 14:26:46.502  3843  3882 I am_broadcast_discard_app: [0,210185233,android.intent.action.PACKAGE_REMOVED,37,ResolveInfo{cd12dc7 com.ss.android.essay.joke/com.taobao.accs.EventReceiver m=0x208000}]
05-11 14:26:46.503  3843  3882 I am_broadcast_discard_app: [0,210185233,android.intent.action.PACKAGE_REMOVED,38,ResolveInfo{fed4ff4 com.ss.android.essay.joke/com.taobao.agoo.AgooCommondReceiver m=0x208000}]
05-11 14:26:46.505  3843  3882 I am_broadcast_discard_app: [0,210185233,android.intent.action.PACKAGE_REMOVED,39,ResolveInfo{11f931d com.ss.android.essay.joke/com.huawei.android.pushagent.PushEventReceiver m=0x208000}]
05-11 14:26:46.513  3843  8624 I am_broadcast_discard_app: [0,210185233,android.intent.action.PACKAGE_REMOVED,41,ResolveInfo{eb2a992 com.tencent.news/.system.BootBroadcastReceiver m=0x208000}]
05-11 14:26:46.518  3843  3882 I am_broadcast_discard_app: [0,210185233,android.intent.action.PACKAGE_REMOVED,42,ResolveInfo{aa8df63 com.tencent.news/com.huawei.android.pushagent.PushEventReceiver m=0x208000}]
05-11 14:26:46.668  3843  4786 I am_wtf  : [0,3843,system_server,-1,ActivityManager,Sending non-protected broadcast com.vivo.behavior.app.add from system 5666:com.vivo.abe/1000 pkg com.vivo.abe]
05-11 14:26:46.669  3843  4786 I am_wtf  : [0,3843,system_server,-1,ActivityManager,Sending non-protected broadcast com.vivo.behavior.app.add from system 5666:com.vivo.abe/1000 pkg com.vivo.abe]
05-11 14:26:46.687  3843  4831 I am_wtf  : [0,3843,system_server,-1,ActivityManager,Sending non-protected broadcast com.vivo.applicationbehaviorengine.power.refreshList from system 5666:com.vivo.abe/1000 pkg com.vivo.abe]
05-11 14:26:46.713  3843 21046 I am_proc_start: [0,16010,10113,com.vivo.game,broadcast,com.vivo.game/.model.GameReceiver]
05-11 14:26:46.743  3843  4811 I am_proc_bound: [0,16010,com.vivo.game]
05-11 14:26:47.723  3843 21037 I am_broadcast_discard_app: [0,203899929,android.intent.action.PACKAGE_ADDED,16,ResolveInfo{f9c0b33 com.jingdong.app.mall/.broadcastReceiver.AppStateRecevier m=0x208000}]
05-11 14:26:47.724  3843  3882 I am_broadcast_discard_app: [0,203899929,android.intent.action.PACKAGE_ADDED,17,ResolveInfo{5df5c69 com.jingdong.app.mall/com.huawei.android.pushagent.PushEventReceiver m=0x208000}]
05-11 14:26:47.729  3843  3882 I am_broadcast_discard_app: [0,203899929,android.intent.action.PACKAGE_ADDED,18,ResolveInfo{5129a1c com.jm.android.jumei/cn.jpush.android.service.PushReceiver m=0x208000}]
05-11 14:26:47.730  3843  3882 I am_broadcast_discard_app: [0,203899929,android.intent.action.PACKAGE_ADDED,19,ResolveInfo{1885625 com.sina.weibo/.bundlemanager.WBBroadcastDeliver m=0x208000}]
05-11 14:26:47.731  3843  3882 I am_broadcast_discard_app: [0,203899929,android.intent.action.PACKAGE_ADDED,20,ResolveInfo{6ea23fa com.sina.weibo/com.huawei.android.pushagent.PushEventReceiver m=0x208000}]
05-11 14:26:47.735  3843  3882 I am_broadcast_discard_app: [0,203899929,android.intent.action.PACKAGE_ADDED,21,ResolveInfo{bbd3c08 com.ss.android.article.news/com.ss.android.message.MessageReceiver m=0x208000}]
05-11 14:26:47.739  3843  3882 I am_broadcast_discard_app: [0,203899929,android.intent.action.PACKAGE_ADDED,22,ResolveInfo{7a685c6 com.ss.android.article.news/com.huawei.android.pushagent.PushEventReceiver m=0x208000}]
05-11 14:26:47.741  3843  3882 I am_broadcast_discard_app: [0,203899929,android.intent.action.PACKAGE_ADDED,23,ResolveInfo{bcd7987 com.ss.android.article.news/com.ss.android.download.DownloadReceiver m=0x208000}]
05-11 14:26:47.744  3843  3882 I am_broadcast_discard_app: [0,203899929,android.intent.action.PACKAGE_ADDED,24,ResolveInfo{6ee10b4 com.ss.android.article.video/com.ss.android.message.MessageReceiver m=0x208000}]
05-11 14:26:47.746  3843  3882 I am_broadcast_discard_app: [0,203899929,android.intent.action.PACKAGE_ADDED,25,ResolveInfo{bac24dd com.ss.android.article.video/com.huawei.android.pushagent.PushEventReceiver m=0x208000}]
05-11 14:26:47.749  3843  3882 I am_broadcast_discard_app: [0,203899929,android.intent.action.PACKAGE_ADDED,26,ResolveInfo{b753852 com.ss.android.article.video/com.ss.android.download.DownloadReceiver m=0x208000}]
05-11 14:26:47.750  3843  3882 I am_broadcast_discard_app: [0,203899929,android.intent.action.PACKAGE_ADDED,27,ResolveInfo{97e2723 com.ss.android.essay.joke/com.ss.android.message.MessageReceiver m=0x208000}]
05-11 14:26:47.751  3843  3882 I am_broadcast_discard_app: [0,203899929,android.intent.action.PACKAGE_ADDED,28,ResolveInfo{2b58420 com.ss.android.essay.joke/com.huawei.android.pushagent.PushEventReceiver m=0x208000}]
05-11 14:26:47.752  3843  3882 I am_broadcast_discard_app: [0,203899929,android.intent.action.PACKAGE_ADDED,29,ResolveInfo{64b31d9 com.ss.android.essay.joke/com.ss.android.download.DownloadReceiver m=0x208000}]
05-11 14:26:47.753  3843  3882 I am_broadcast_discard_app: [0,203899929,android.intent.action.PACKAGE_ADDED,30,ResolveInfo{e0a879e com.supercell.clashofclans.vivo/com.kunlun.platform.android.KunlunReceiver m=0x208000}]
05-11 14:26:47.754  3843  3882 I am_broadcast_discard_app: [0,203899929,android.intent.action.PACKAGE_ADDED,31,ResolveInfo{202127f com.supercell.clashofclans.vivo/com.vivo.sdkplugin.accounts.VivoApkInstallRecevier m=0x208000}]
05-11 14:26:47.761  3843  4811 I am_broadcast_discard_app: [0,203899929,android.intent.action.PACKAGE_ADDED,33,ResolveInfo{9bec24c com.tencent.news/.system.BootBroadcastReceiver m=0x208000}]
05-11 14:26:47.762  3843  3882 I am_broadcast_discard_app: [0,203899929,android.intent.action.PACKAGE_ADDED,34,ResolveInfo{8341295 com.tencent.news/com.huawei.android.pushagent.PushEventReceiver m=0x208000}]
05-11 14:26:47.805  3843 21050 I am_broadcast_discard_app: [0,203899929,android.intent.action.PACKAGE_ADDED,39,ResolveInfo{137faa com.wepie.snake.vivo/com.vivo.sdkplugin.accounts.VivoApkInstallRecevier m=0x208000}]
05-11 14:26:47.856  3843 21036 I am_broadcast_discard_app: [0,11491227,android.intent.action.PACKAGE_REPLACED,7,ResolveInfo{43bb738 com.ss.android.article.news/com.ss.android.download.DownloadReceiver m=0x208000}]
05-11 14:26:47.857  3843  3882 I am_broadcast_discard_app: [0,11491227,android.intent.action.PACKAGE_REPLACED,8,ResolveInfo{c904311 com.ss.android.article.video/com.ss.android.download.DownloadReceiver m=0x208000}]
05-11 14:26:47.858  3843  3882 I am_broadcast_discard_app: [0,11491227,android.intent.action.PACKAGE_REPLACED,9,ResolveInfo{e01ec76 com.ss.android.essay.joke/com.ss.android.download.DownloadReceiver m=0x208000}]
05-11 14:26:47.861  3843  3882 I am_broadcast_discard_app: [0,11491227,android.intent.action.PACKAGE_REPLACED,10,ResolveInfo{621d277 com.supercell.clashofclans.vivo/com.vivo.sdkplugin.accounts.VivoApkInstallRecevier m=0x208000}]
05-11 14:26:47.876  3843 21048 I am_broadcast_discard_app: [0,11491227,android.intent.action.PACKAGE_REPLACED,13,ResolveInfo{6d71f13 com.wepie.snake.vivo/com.vivo.sdkplugin.accounts.VivoApkInstallRecevier m=0x208000}]
05-11 14:26:48.954  3843 21050 I am_proc_died: [0,16010,com.vivo.game]
05-11 14:26:48.954  3843 21050 I am_schedule_service_restart: [0,com.vivo.game/.update.GameReceiverService,1000]
05-11 14:26:53.876  3843  3881 I am_pss  : [10606,10034,com.bbk.launcher2,118313984,112373760,0]
05-11 14:26:56.736  3843  4216 I netstats_mobile_sample: [44214,133,25076,179,44214,133,23644,179,44214,133,23644,179,1494484016739]
05-11 14:26:56.737  3843  4216 I netstats_wifi_sample: [23317610094,16082926,558494964,8173894,23317560008,16079526,444060691,8173749,23317523059,16079288,444060647,8173747,1494484016739]
05-11 14:26:56.784  3843  3881 I am_pss  : [7656,10063,com.iqoo.secure:remote,58637312,54910976,0]
05-11 14:27:00.048  3843  3881 I am_pss  : [7245,10081,com.vivo.safecenter,8960000,8216576,0]
05-11 14:27:01.802  3843  3881 I am_pss  : [15697,1000,com.iqoo.engineermode,5167104,4173824,0]
05-11 14:27:03.657  3843  3881 I am_pss  : [5814,1000,com.vivo.doubleinstance,4040704,3436544,0]
05-11 14:27:05.964  3843  3881 I am_pss  : [6030,10132,com.tencent.mm,150352896,144486400,0]
05-11 14:27:05.987  3843  3881 I am_pss  : [7483,10132,com.tencent.mm:push,16661504,14684160,0]
05-11 14:27:09.442  3843  4275 I am_proc_start: [0,16101,1000,com.bbk.facewake,service,com.bbk.facewake/.FaceWakeService]
05-11 14:27:09.465  3843 21038 I am_proc_bound: [0,16101,com.bbk.facewake]
05-11 14:27:09.535  3843  3881 I am_pss  : [5956,10030,com.bbk.appstore,97556480,92860416,0]
05-11 14:27:09.665  3843  3884 I am_wtf  : [0,3843,system_server,-1,ActivityManager,Sending non-protected broadcast vivo.intent.action.CHECK_ALERT_WINDOW from system 3843:system/1000 pkg android]
05-11 14:27:09.668  3843  3884 I am_wtf  : [0,3843,system_server,-1,ActivityManager,Sending non-protected broadcast vivo.intent.action.CHECK_ALERT_WINDOW from system 3843:system/1000 pkg android]
05-11 14:27:18.175  3843  3921 I power_sleep_requested: 0
05-11 14:27:18.187  3843 21037 I am_kill : [0,13337,com.vivo.numbermark,906,empty #17]
05-11 14:27:18.210  3843  3843 I power_screen_state: [0,3,0,0]
05-11 14:27:18.210  3843  3843 I screen_toggled: 0
05-11 14:27:18.210  3843  3843 I sysui_histogram: [screen_timeout,30]
05-11 14:27:18.234  3843  3865 I am_proc_died: [0,13337,com.vivo.numbermark]
05-11 14:27:18.235  3843  3843 I power_screen_broadcast_send: 1
05-11 14:27:18.236  3843  3881 I am_pss  : [10366,10045,com.vivo.weather.provider,11076608,9916416,0]
05-11 14:27:18.243  3843  3843 I am_pause_activity: [0,12450827,com.bbk.launcher2/.Launcher]
05-11 14:27:18.246 10606 10606 I am_on_paused_called: [0,com.bbk.launcher2.Launcher,handlePauseActivity]
05-11 14:27:18.284  3843  3881 I am_pss  : [13108,10114,com.vivo.space,10131456,8826880,0]
05-11 14:27:18.285  3843  3882 I am_stop_activity: [0,12450827,com.bbk.launcher2/.Launcher]
05-11 14:27:18.300 10606 10606 I am_on_stop_called: [0,com.bbk.launcher2.Launcher,sleeping]
05-11 14:27:18.308  3843  3881 I am_pss  : [4442,10062,com.baidu.input_bbk.service,44800000,42618880,0]
05-11 14:27:18.325  3843  3881 I am_pss  : [10221,1000,com.qti.service.colorservice,5300224,4722688,0]
05-11 14:27:18.346  3843  3881 I am_pss  : [6903,10128,com.tencent.mobileqq:MSF,17203200,15974400,0]
05-11 14:27:18.379  3843  3881 I am_pss  : [7100,10025,com.vivo.browser,56068096,51015680,0]
05-11 14:27:18.411  3843  3881 I am_pss  : [6917,10128,com.tencent.mobileqq,46859264,40284160,0]
05-11 14:27:18.431  3843  3881 I am_pss  : [9233,99000,com.vivo.browser:sandboxed_process0,8285184,7053312,0]
05-11 14:27:18.452  3843  3881 I am_pss  : [7995,1000,com.vivo.permissionmanager,57863168,54075392,0]
05-11 14:27:18.471  3843  3881 I am_pss  : [21839,10128,com.tencent.mobileqq:tool,11472896,10207232,0]
05-11 14:27:18.488  3843  3881 I am_pss  : [4302,1000,com.vivo.appfilter,7216128,6467584,0]
05-11 14:27:18.504  3843  3881 I am_pss  : [8373,1000,com.qualcomm.qti.appnetaccess,4123648,3538944,0]
05-11 14:27:18.522  3843  3881 I am_pss  : [7297,1000,com.vivo.abe:pushservice_v1,13859840,12267520,0]
05-11 14:27:18.539  3843  3881 I am_pss  : [5942,1000,com.vivo.wifi.networkdetect,6108160,5435392,0]
05-11 14:27:18.557  3843  3881 I am_pss  : [28834,10056,com.vivo.doubletimezoneclock,14208000,13139968,0]
05-11 14:27:18.574  3843  3881 I am_pss  : [5037,10002,com.vivo.sim.contacts,5527552,4685824,0]
05-11 14:27:18.591  3843  3881 I am_pss  : [8405,10028,com.vivo.audiofx,4127744,3567616,0]
05-11 14:27:18.609  3843  3881 I am_pss  : [4841,1000,com.vivo.smartmultiwindow,21875712,20926464,0]
05-11 14:27:18.627  3843  3881 I am_pss  : [8562,10132,com.tencent.mm:exdevice,11053056,9981952,0]
05-11 14:27:18.643  3843  3881 I am_pss  : [8548,1000,org.simalliance.openmobileapi.service:remote,3737600,3117056,0]
05-11 14:27:18.653   512   512 I sf_frame_dur: [SurfaceView - ,4,161,5,0,0,0,1]
05-11 14:27:18.660  3843  3881 I am_pss  : [5080,1001,com.qualcomm.qcrilmsgtunnel,4517888,3977216,0]
05-11 14:27:18.677  3843  3881 I am_pss  : [8070,1000,com.qualcomm.qti.qs,4345856,3760128,0]
05-11 14:27:18.693  3843  3881 I am_pss  : [7748,1000,com.qualcomm.display,3152896,2637824,0]
05-11 14:27:18.709  3843  3881 I am_pss  : [5718,10071,com.oma.drm.server,3386368,2838528,0]
05-11 14:27:18.728  3843  3881 I am_pss  : [5704,10017,com.baidu.map.location,15343616,13844480,0]
05-11 14:27:18.744  3843  3881 I am_pss  : [5692,1001,com.qualcomm.qti.loadcarrier,3082240,2535424,0]
05-11 14:27:18.761  3843  3881 I am_pss  : [5678,1000,com.alps.lcn,6858752,6115328,0]
05-11 14:27:18.781  3843  3881 I am_pss  : [5666,1000,com.vivo.abe,21544960,20455424,0]
05-11 14:27:18.807  3843  3881 I am_pss  : [4805,1001,com.android.phone,40686592,38785024,0]
05-11 14:27:18.830  3843  3881 I am_pss  : [3494,1000,com.vivo.upslide,39767040,37883904,0]
05-11 14:27:18.847  3843  3881 I am_pss  : [4769,1000,com.android.server.telecom,9029632,8339456,0]
05-11 14:27:18.865  3843  3881 I am_pss  : [4758,1000,.dataservices,7572480,6864896,0]
05-11 14:27:18.887  3843  3881 I am_pss  : [4700,1000,com.vivo.daemonService,24526848,23015424,0]
05-11 14:27:18.923  3843  3881 I am_pss  : [4538,10024,com.android.systemui,102461440,98754560,0]
05-11 14:27:18.988  3843  3881 I am_pss  : [3843,1000,system,160948224,156999680,0]
05-11 14:27:19.265  3843  3881 I am_meminfo: [601792512,38658048,0,339296256,252574720]
05-11 14:27:19.277  3843 21046 I am_wtf  : [0,3843,system_server,-1,ActivityManager,Sending non-protected broadcast com.vivo.updater.action.SCREEN_OFF from system 4700:com.vivo.daemonService/1000 pkg com.vivo.daemonService]
05-11 14:27:19.292  3843  3881 I am_pss  : [11107,10008,com.android.defcontainer,6669312,5853184,0]
05-11 14:27:19.513  3843  3843 I power_screen_broadcast_done: [0,1278,1]
05-11 14:27:19.719  3843 21048 I am_create_task: [0,57]
05-11 14:27:19.719  3843 21048 I am_create_activity: [0,127819780,57,com.tencent.reading/com.tencent.news.push.alive.offactivity.HollowActivity,NULL,NULL,NULL,276824064]
05-11 14:27:19.720  3843 21048 I wm_task_created: [57,1]
05-11 14:27:19.721  3843 21048 I wm_task_moved: [57,1,8]
05-11 14:27:19.721  3843 21048 I am_focused_stack: [0,1,0,startedActivity setFocusedActivity]
05-11 14:27:19.721  3843 21048 I wm_task_moved: [57,1,8]
05-11 14:27:19.724  3843 21048 I am_focused_activity: [0,com.tencent.reading/com.tencent.news.push.alive.offactivity.HollowActivity,startedActivity]
05-11 14:27:19.734  3843 21048 I am_restart_activity: [0,127819780,57,com.tencent.reading/com.tencent.news.push.alive.offactivity.HollowActivity]
05-11 14:27:19.736  3843 21048 I am_pause_activity: [0,127819780,com.tencent.reading/com.tencent.news.push.alive.offactivity.HollowActivity]
05-11 14:27:19.739  3843 21048 I sysui_action: [323,com.tencent.reading/com.tencent.news.push.alive.offactivity.HollowActivity]
05-11 14:27:19.739  3843 21048 I sysui_action: [324,true]
05-11 14:27:19.739  3843 21048 I sysui_action: [325,11521]
05-11 14:27:19.751  3843  3915 I sysui_action: [320,3]
05-11 14:27:19.751  3843  3915 I sysui_action: [319,54]
05-11 14:27:19.821  4181  4181 I am_on_resume_called: [0,com.tencent.news.push.alive.offactivity.HollowActivity,LAUNCH_ACTIVITY]
05-11 14:27:19.827  4181  4181 I am_on_paused_called: [0,com.tencent.news.push.alive.offactivity.HollowActivity,handlePauseActivity]
05-11 14:27:19.830  3843  3882 I am_stop_activity: [0,127819780,com.tencent.reading/com.tencent.news.push.alive.offactivity.HollowActivity]
05-11 14:27:19.832  3843  3882 I sysui_count: [window_time_0,36]
05-11 14:27:19.861  4181  4181 I am_on_stop_called: [0,com.tencent.news.push.alive.offactivity.HollowActivity,sleeping]
05-11 14:27:19.878  3843  3915 I sysui_action: [322,181]
05-11 14:27:19.878  3843  3915 I am_activity_launch_time: [0,127819780,com.tencent.reading/com.tencent.news.push.alive.offactivity.HollowActivity,142,150]
05-11 14:27:21.507  3843  4788 I am_new_intent: [0,30008712,57,com.tencent.reading/com.tencent.news.push.alive.offactivity.HollowActivity,NULL,NULL,NULL,276824064]
05-11 14:27:21.507  3843  4788 I wm_task_moved: [57,1,8]
05-11 14:27:21.512  3843  4788 I am_resume_activity: [0,127819780,57,com.tencent.reading/com.tencent.news.push.alive.offactivity.HollowActivity]
05-11 14:27:21.549  3843  4788 I am_pause_activity: [0,127819780,com.tencent.reading/com.tencent.news.push.alive.offactivity.HollowActivity]
05-11 14:27:21.562  3843  4788 I sysui_action: [323,com.tencent.reading/com.tencent.news.push.alive.offactivity.HollowActivity]
05-11 14:27:21.562  3843  4788 I sysui_action: [324,true]
05-11 14:27:21.562  3843  4788 I sysui_action: [325,11523]
05-11 14:27:21.563  3843  3915 I sysui_action: [320,3]
05-11 14:27:21.563  3843  3915 I sysui_action: [319,64]
05-11 14:27:21.567  4181  4181 I am_on_resume_called: [0,com.tencent.news.push.alive.offactivity.HollowActivity,RESUME_ACTIVITY]
05-11 14:27:21.569  4181  4181 I am_on_paused_called: [0,com.tencent.news.push.alive.offactivity.HollowActivity,handlePauseActivity]
05-11 14:27:21.571  3843  3882 I am_stop_activity: [0,127819780,com.tencent.reading/com.tencent.news.push.alive.offactivity.HollowActivity]
05-11 14:27:21.588  4181  4181 I am_on_stop_called: [0,com.tencent.news.push.alive.offactivity.HollowActivity,sleeping]
05-11 14:27:23.468  4538  4538 I sysui_view_visibility: [111,100]
05-11 14:27:23.492  4538  4538 I sysui_status_bar_state: [1,1,0,0,0,1]
05-11 14:27:23.616  3843  8739 I am_wtf  : [0,3843,system_server,-1,ActivityManager,Sending non-protected broadcast action.com.vlife.provider.sync from system 4538:com.android.systemui/u0a24 pkg com.android.systemui]
05-11 14:27:23.617  3843  8739 I am_wtf  : [0,3843,system_server,-1,ActivityManager,Sending non-protected broadcast action.com.vlife.provider.sync from system 4538:com.android.systemui/u0a24 pkg com.android.systemui]
05-11 14:27:23.620  3843  4786 I am_wtf  : [0,3843,system_server,-1,ActivityManager,Sending non-protected broadcast action.com.vlife.provider.sync from system 4538:com.android.systemui/u0a24 pkg com.android.systemui]
05-11 14:27:23.622  3843  4786 I am_wtf  : [0,3843,system_server,-1,ActivityManager,Sending non-protected broadcast action.com.vlife.provider.sync from system 4538:com.android.systemui/u0a24 pkg com.android.systemui]
05-11 14:27:23.641  3843  4699 I am_proc_start: [0,16228,10089,com.vlife.vivo.wallpaper:main,service,com.vlife.vivo.wallpaper/com.vlife.TService]
05-11 14:27:23.673  3843 21046 I am_wtf  : [0,3843,system_server,-1,ActivityManager,Sending non-protected broadcast action.com.vlife.provider.sync from system 4538:com.android.systemui/u0a24 pkg com.android.systemui]
05-11 14:27:23.675  3843 21046 I am_wtf  : [0,3843,system_server,-1,ActivityManager,Sending non-protected broadcast action.com.vlife.provider.sync from system 4538:com.android.systemui/u0a24 pkg com.android.systemui]
05-11 14:27:23.679  3843 21037 I am_wtf  : [0,3843,system_server,-1,ActivityManager,Sending non-protected broadcast action.com.vlife.provider.sync from system 4538:com.android.systemui/u0a24 pkg com.android.systemui]
05-11 14:27:23.680  3843 21037 I am_wtf  : [0,3843,system_server,-1,ActivityManager,Sending non-protected broadcast action.com.vlife.provider.sync from system 4538:com.android.systemui/u0a24 pkg com.android.systemui]
05-11 14:27:23.737  3843 21048 I am_proc_bound: [0,16228,com.vlife.vivo.wallpaper:main]
05-11 14:27:23.750  3843 21037 I notification_expansion: [0|android|10011|null|1000,0,0,196470,196470,0]
05-11 14:27:23.752  3843  4698 I notification_expansion: [0|android|110110|null|1000,0,0,196482,196482,0]
05-11 14:27:23.753  3843  4788 I notification_expansion: [0|com.android.bbklog|2147483647|group_key_override|1000|ranker_bundle,0,1,134006,134006,0]
05-11 14:27:23.755  3843 21050 I notification_expansion: [0|com.vivo.abe|2147483647|group_key_override|1000|ranker_bundle,0,1,343260,343260,0]
05-11 14:27:29.722  3843  3881 I am_pss  : [7656,10063,com.iqoo.secure:remote,52482048,49733632,0]
05-11 14:27:31.846  3843  3881 I am_pss  : [9783,10077,com.android.printspooler,3604480,2859008,0]
05-11 14:27:38.749  3843  3881 I am_pss  : [5814,1000,com.vivo.doubleinstance,4038656,3444736,0]
05-11 14:27:38.801  3843  3881 I am_pss  : [4442,10062,com.baidu.input_bbk.service,44573696,42598400,0]
05-11 14:27:38.834  3843  3881 I am_pss  : [10221,1000,com.qti.service.colorservice,5301248,4722688,0]
05-11 14:27:38.877  3843  3881 I am_pss  : [6903,10128,com.tencent.mobileqq:MSF,15490048,14249984,0]
05-11 14:27:38.930  3843  3881 I am_pss  : [7100,10025,com.vivo.browser,56001536,50999296,0]
05-11 14:27:38.962  3843  3881 I am_pss  : [6917,10128,com.tencent.mobileqq,47066112,40505344,0]
05-11 14:27:38.981  3843  3881 I am_pss  : [9233,99000,com.vivo.browser:sandboxed_process0,8237056,7053312,0]
05-11 14:27:39.001  3843  3881 I am_pss  : [7995,1000,com.vivo.permissionmanager,57769984,54095872,0]
05-11 14:27:39.020  3843  3881 I am_pss  : [21839,10128,com.tencent.mobileqq:tool,11518976,10289152,0]
05-11 14:27:39.036  3843  3881 I am_pss  : [4302,1000,com.vivo.appfilter,7310336,6561792,0]
05-11 14:27:39.050  3843  3881 I am_pss  : [8373,1000,com.qualcomm.qti.appnetaccess,4123648,3538944,0]
05-11 14:27:39.067  3843  3881 I am_pss  : [7297,1000,com.vivo.abe:pushservice_v1,13858816,12267520,0]
05-11 14:27:39.082  3843  3881 I am_pss  : [5942,1000,com.vivo.wifi.networkdetect,6108160,5435392,0]
05-11 14:27:39.098  3843  3881 I am_pss  : [28834,10056,com.vivo.doubletimezoneclock,14205952,13135872,0]
05-11 14:27:39.113  3843  3881 I am_pss  : [5037,10002,com.vivo.sim.contacts,5527552,4685824,0]
05-11 14:27:39.128  3843  3881 I am_pss  : [8405,10028,com.vivo.audiofx,4127744,3567616,0]
05-11 14:27:39.144  3843  3881 I am_pss  : [4841,1000,com.vivo.smartmultiwindow,21874688,20926464,0]
05-11 14:27:39.161  3843  3881 I am_pss  : [8562,10132,com.tencent.mm:exdevice,11008000,9981952,0]
05-11 14:27:39.176  3843  3881 I am_pss  : [8548,1000,org.simalliance.openmobileapi.service:remote,3737600,3117056,0]
05-11 14:27:39.195  3843  3881 I am_pss  : [5080,1001,com.qualcomm.qcrilmsgtunnel,4630528,4079616,0]
05-11 14:27:39.210  3843  3881 I am_pss  : [8070,1000,com.qualcomm.qti.qs,4345856,3760128,0]
05-11 14:27:39.225  3843  3881 I am_pss  : [7748,1000,com.qualcomm.display,3152896,2637824,0]
05-11 14:27:39.854  3843  3881 I am_pss  : [4181,10171,com.tencent.reading:PushService,19578880,16822272,0]
05-11 14:27:40.047  3843  4126 I sysui_histogram: [power_double_tap_interval,372876]
05-11 14:27:40.053  3843  3843 I power_screen_state: [1,0,0,0]
05-11 14:27:40.053  3843  3843 I screen_toggled: 1
05-11 14:27:40.057  3843  3843 I power_screen_broadcast_send: 1
05-11 14:27:40.058  4538  4538 I sysui_histogram: [note_load,10]
05-11 14:27:40.060  3843 21321 I notification_panel_revealed: 10
05-11 14:27:40.168  3843 21047 I am_wtf  : [0,3843,system_server,-1,ActivityManager,Sending non-protected broadcast com.vivo.updater.action.SCREEN_ON from system 4700:com.vivo.daemonService/1000 pkg com.vivo.daemonService]
05-11 14:27:40.284  3843 21050 I am_finish_activity: [0,127819780,57,com.tencent.reading/com.tencent.news.push.alive.offactivity.HollowActivity,app-request]
05-11 14:27:40.296   512   512 I sf_frame_dur: [ColorFade,2,0,1,0,0,0,0]
05-11 14:27:40.302  3843 21050 I am_focused_stack: [0,0,1,finishActivity adjustFocus setFocusedActivity]
05-11 14:27:40.303  3843 21050 I wm_task_moved: [34,1,1]
05-11 14:27:40.310  3843 21050 I am_focused_activity: [0,com.bbk.launcher2/.Launcher,finishActivity adjustFocus]
05-11 14:27:40.319  3843 21050 I am_destroy_activity: [0,127819780,57,com.tencent.reading/com.tencent.news.push.alive.offactivity.HollowActivity,finish-imm]
05-11 14:27:40.359  3843  8739 I wm_task_removed: [57,removeAppToken: last token]
05-11 14:27:40.359  3843  8739 I wm_task_removed: [57,removeTask]
05-11 14:27:40.373  3843  8739 I am_resume_activity: [0,12450827,34,com.bbk.launcher2/.Launcher]
05-11 14:27:40.422 10606 10606 I am_on_resume_called: [0,com.bbk.launcher2.Launcher,RESUME_ACTIVITY]
05-11 14:27:40.431  3843  3843 I power_screen_broadcast_done: [1,375,1]
05-11 14:27:41.427  3843  3843 I free_storage_changed: 5782962176
05-11 14:27:41.733  4538  4538 I screen_toggled: 2
05-11 14:27:41.752  4538  4538 I sysui_status_bar_state: [1,0,0,0,0,1]
05-11 14:27:41.777  4538  4538 I sysui_view_visibility: [111,0]
05-11 14:27:41.804  3843  3882 I am_broadcast_discard_app: [0,83424234,android.intent.action.USER_PRESENT,0,ResolveInfo{94d56db cn.wps.moffice_eng/cn.wps.moffice.service.receivers.MonitorServiceReceiver p=2147483647 m=0x108000}]
05-11 14:27:41.805  3843  3882 I am_broadcast_discard_app: [0,83424234,android.intent.action.USER_PRESENT,1,ResolveInfo{ec6e578 com.jingdong.app.mall/com.tencent.android.tpush.XGPushReceiver p=2147483647 m=0x108000}]
05-11 14:27:41.811  3843  3882 I am_broadcast_discard_app: [0,83424234,android.intent.action.USER_PRESENT,2,ResolveInfo{76a7451 com.qq.ac.android/com.tencent.android.tpush.XGPushReceiver p=2147483647 m=0x108000}]
05-11 14:27:41.831  3843  4431 I notification_expansion: [0|com.android.systemui|2147483647|group_key_override|10024|ranker_bundle,0,1,104830,104830,0]
05-11 14:27:41.832  3843  4811 I notification_expansion: [0|com.android.systemui|10000|null|10024,0,1,104839,104839,103801]
05-11 14:27:41.833  3843 21036 I notification_expansion: [0|android|2147483647|group_key_override|1000|ranker_bundle,0,1,214542,214542,0]
05-11 14:27:41.833  3843 21047 I notification_expansion: [0|android|10011|null|1000,0,1,214553,214553,0]
05-11 14:27:41.834  3843  4812 I notification_expansion: [0|android|110110|null|1000,0,1,214564,214564,0]
05-11 14:27:41.834  3843  4788 I notification_expansion: [0|com.android.bbklog|2147483647|group_key_override|1000|ranker_bundle,0,1,152087,152087,0]
05-11 14:27:41.836  3843  8740 I notification_expansion: [0|com.vivo.abe|2147483647|group_key_override|1000|ranker_bundle,0,1,361340,361340,0]
05-11 14:27:41.910  3843  3882 I am_proc_start: [0,16416,10091,com.bbk.calendar,broadcast,com.bbk.calendar/.alerts.BirthdayReceiver]
05-11 14:27:41.931  3843  4786 I am_proc_bound: [0,16416,com.bbk.calendar]
05-11 14:27:41.967   512   512 I sf_frame_dur: [SurfaceView - StatusBar,4,22,2,4,1,0,2]
05-11 14:27:41.971  3843  8737 I notification_panel_hidden: []
05-11 14:27:42.095  3843 21049 I am_proc_start: [0,16432,10004,com.android.providers.calendar,content provider,com.android.providers.calendar/.CalendarProvider2]
05-11 14:27:42.122  3843  3865 I am_proc_bound: [0,16432,com.android.providers.calendar]
05-11 14:27:42.132  3843  8624 I am_broadcast_discard_app: [0,83424234,android.intent.action.USER_PRESENT,13,ResolveInfo{2e2b9a cn.wps.moffice_eng/com.igexin.sdk.PushReceiver m=0x108000}]
05-11 14:27:42.133  3843  3882 I am_broadcast_discard_app: [0,83424234,android.intent.action.USER_PRESENT,14,ResolveInfo{80daccb com.baidu.BaiduMap/com.baidu.android.pushservice.PushServiceReceiver m=0x108000}]
05-11 14:27:42.135  3843  3882 I am_broadcast_discard_app: [0,83424234,android.intent.action.USER_PRESENT,15,ResolveInfo{87a9ca8 com.campmobile.snowcamera/com.baidu.android.pushservice.PushServiceReceiver m=0x108000}]
05-11 14:27:42.136  3843  3882 I am_broadcast_discard_app: [0,83424234,android.intent.action.USER_PRESENT,16,ResolveInfo{9e013c1 com.cubic.autohome/com.igexin.sdk.PushReceiver m=0x108000}]
05-11 14:27:42.137  3843  3882 I am_broadcast_discard_app: [0,83424234,android.intent.action.USER_PRESENT,17,ResolveInfo{2b36766 com.duowan.kiwi/com.yy.pushsvc.WakeUpReceiver m=0x108000}]
05-11 14:27:42.138  3843  3882 I am_broadcast_discard_app: [0,83424234,android.intent.action.USER_PRESENT,18,ResolveInfo{ec84aa7 com.jm.android.jumei/com.igexin.sdk.PushReceiver m=0x108000}]
05-11 14:27:42.144  3843  3882 I am_broadcast_discard_app: [0,83424234,android.intent.action.USER_PRESENT,20,ResolveInfo{630db54 com.jm.android.jumei/.push.JMAliReceiver m=0x108000}]
05-11 14:27:42.145  3843  3882 I am_broadcast_discard_app: [0,83424234,android.intent.action.USER_PRESENT,21,ResolveInfo{c992afd com.jm.android.jumei/com.taobao.accs.EventReceiver m=0x108000}]
05-11 14:27:42.146  3843  3882 I am_broadcast_discard_app: [0,83424234,android.intent.action.USER_PRESENT,22,ResolveInfo{4fe93f2 com.meitu.meiyancamera/com.igexin.sdk.PushReceiver m=0x108000}]
05-11 14:27:42.147  3843  3882 I am_broadcast_discard_app: [0,83424234,android.intent.action.USER_PRESENT,23,ResolveInfo{a4ea43 com.sankuai.meituan/com.dianping.base.push.pushservice.PhoneStatusReceiver m=0x108000}]
05-11 14:27:42.148  3843  3882 I am_broadcast_discard_app: [0,83424234,android.intent.action.USER_PRESENT,24,ResolveInfo{86a58c0 com.ss.android.article.news/com.ss.android.message.MessageReceiver m=0x108000}]
05-11 14:27:42.149  3843  3882 I am_broadcast_discard_app: [0,83424234,android.intent.action.USER_PRESENT,25,ResolveInfo{d279f9 com.ss.android.article.news/com.taobao.accs.EventReceiver m=0x108000}]
05-11 14:27:42.149  3843  3882 I am_broadcast_discard_app: [0,83424234,android.intent.action.USER_PRESENT,26,ResolveInfo{a5dfd3e com.ss.android.article.news/.AliyunPushMsgReceiver m=0x108000}]
05-11 14:27:42.150  3843  3882 I am_broadcast_discard_app: [0,83424234,android.intent.action.USER_PRESENT,27,ResolveInfo{921e79f com.ss.android.article.news/com.ss.android.message.sswo.SswoReceiver m=0x108000}]
05-11 14:27:42.151  3843  3882 I am_broadcast_discard_app: [0,83424234,android.intent.action.USER_PRESENT,28,ResolveInfo{bfc40ec com.ss.android.article.video/com.ss.android.message.MessageReceiver m=0x108000}]
05-11 14:27:42.152  3843  3882 I am_broadcast_discard_app: [0,83424234,android.intent.action.USER_PRESENT,29,ResolveInfo{8b7bcb5 com.ss.android.article.video/com.taobao.accs.EventReceiver m=0x108000}]
05-11 14:27:42.153  3843  3882 I am_broadcast_discard_app: [0,83424234,android.intent.action.USER_PRESENT,30,ResolveInfo{3475ebb com.ss.android.essay.joke/com.ss.android.message.MessageReceiver m=0x108000}]
05-11 14:27:42.155  3843  3882 I am_broadcast_discard_app: [0,83424234,android.intent.action.USER_PRESENT,31,ResolveInfo{3e27fd8 com.ss.android.essay.joke/com.ss.android.message.sswo.SswoReceiver m=0x108000}]
05-11 14:27:42.155  3843  3882 I am_broadcast_discard_app: [0,83424234,android.intent.action.USER_PRESENT,32,ResolveInfo{3746f31 com.ss.android.essay.joke/com.taobao.accs.EventReceiver m=0x108000}]
05-11 14:27:42.156  3843  3882 I am_broadcast_discard_app: [0,83424234,android.intent.action.USER_PRESENT,33,ResolveInfo{35a7616 com.tencent.news/.push.alive.offactivity.OffScreenReceiver m=0x108000}]
05-11 14:27:42.156  3843  3882 I am_broadcast_discard_app: [0,83424234,android.intent.action.USER_PRESENT,34,ResolveInfo{8832b97 com.tencent.news/com.taobao.accs.EventReceiver m=0x108000}]
05-11 14:27:42.162  3843 21047 I am_broadcast_discard_app: [0,83424234,android.intent.action.USER_PRESENT,36,ResolveInfo{4ebc184 com.wepie.snake.vivo/com.wepie.snake.helper.push.NoticeReceiver m=0x108000}]
05-11 14:27:42.166  3843  3882 I am_broadcast_discard_app: [0,83424234,android.intent.action.USER_PRESENT,37,ResolveInfo{d6fcd6d me.ele/com.igexin.sdk.PushReceiver m=0x108000}]
05-11 14:27:42.210  3843  8741 I am_proc_start: [0,16447,10044,com.vivo.weather.location,service,com.vivo.weather/.LocalCityLocateService]
05-11 14:27:42.231  3843  4672 I am_proc_bound: [0,16447,com.vivo.weather.location]
05-11 14:27:42.285  3843  3882 I am_proc_start: [0,16461,10106,com.vivo.widget.calendar,broadcast,com.vivo.widget.calendar/.CalendarAppWidgetProvider]
05-11 14:27:42.305  3843 21046 I am_proc_bound: [0,16461,com.vivo.widget.calendar]
05-11 14:27:42.481  3843  8736 I am_kill : [0,11122,com.android.keychain,906,empty #17]
05-11 14:27:42.515  3843  4831 I am_proc_died: [0,11122,com.android.keychain]
05-11 14:27:43.072  3843  4698 I force_gc: Binder
05-11 14:27:44.117  3843  3881 I am_pss  : [16228,10089,com.vlife.vivo.wallpaper:main,12100608,8253440,0]
05-11 14:27:44.615  3843  8741 I am_create_task: [0,58]
05-11 14:27:44.615  3843  8741 I am_create_activity: [0,50706837,58,com.vivo.gallery/com.android.gallery3d.vivo.GalleryTabActivity,android.intent.action.MAIN,NULL,NULL,807403520]
05-11 14:27:44.616  3843  8741 I wm_task_created: [58,1]
05-11 14:27:44.616  3843  8741 I wm_task_moved: [58,1,8]
05-11 14:27:44.617  3843  8741 I am_focused_stack: [0,1,0,startedActivity setFocusedActivity]
05-11 14:27:44.617  3843  8741 I wm_task_moved: [58,1,8]
05-11 14:27:44.618  3843  8741 I am_focused_activity: [0,com.vivo.gallery/com.android.gallery3d.vivo.GalleryTabActivity,startedActivity]
05-11 14:27:44.619  3843  8741 I am_pause_activity: [0,12450827,com.bbk.launcher2/.Launcher]
05-11 14:27:44.621  3843  8741 I sysui_action: [323,com.vivo.gallery/com.android.gallery3d.vivo.GalleryTabActivity]
05-11 14:27:44.621  3843  8741 I sysui_action: [324,true]
05-11 14:27:44.621  3843  8741 I sysui_action: [325,11546]
05-11 14:27:44.639 10606 10606 I am_on_paused_called: [0,com.bbk.launcher2.Launcher,handlePauseActivity]
05-11 14:27:44.646  3843 21037 I am_restart_activity: [0,50706837,58,com.vivo.gallery/com.android.gallery3d.vivo.GalleryTabActivity]
05-11 14:27:44.668  3843  3882 I sysui_count: [window_time_0,25]
05-11 14:27:44.696  3843  3915 I sysui_action: [321,184]
05-11 14:27:44.873  3843 21046 I am_proc_died: [0,16447,com.vivo.weather.location]
05-11 14:27:44.874  3843 21046 I am_schedule_service_restart: [0,com.vivo.weather/.LocalCityLocateService,1000]
05-11 14:27:45.155 11881 11881 I am_on_resume_called: [0,com.android.gallery3d.vivo.FolderPageActivity,moveToState-STARTED]
05-11 14:27:45.156 11881 11881 I am_on_resume_called: [0,com.android.gallery3d.vivo.GalleryTabActivity,LAUNCH_ACTIVITY]
05-11 14:27:45.377  3843  3915 I sysui_action: [322,865]
