05-11 16:31:31.708  3843  3882 I am_broadcast_discard_app: [0,196509149,android.intent.action.USER_PRESENT,41,ResolveInfo{6d4e07b com.letv.android.client/.receiver.LockScreenReceiver m=0x108000}]
05-11 16:31:31.708  3843  3882 I am_broadcast_discard_app: [0,196509149,android.intent.action.USER_PRESENT,42,ResolveInfo{f2b3e98 com.letv.android.client/cn.jpush.android.service.PushReceiver m=0x108000}]
05-11 16:31:31.709  3843  3882 I am_broadcast_discard_app: [0,196509149,android.intent.action.USER_PRESENT,43,ResolveInfo{40c26f1 com.meitu.meipaimv/com.igexin.sdk.PushReceiver m=0x108000}]
05-11 16:31:31.709  3843  3882 I am_broadcast_discard_app: [0,196509149,android.intent.action.USER_PRESENT,44,ResolveInfo{c7032d6 com.meitu.meiyancamera/com.igexin.sdk.PushReceiver m=0x108000}]
05-11 16:31:31.710  3843  3882 I am_broadcast_discard_app: [0,196509149,android.intent.action.USER_PRESENT,45,ResolveInfo{2c70957 com.mogujie/com.igexin.sdk.PushReceiver m=0x108000}]
05-11 16:31:31.712  3843  3882 I am_broadcast_discard_app: [0,196509149,android.intent.action.USER_PRESENT,46,ResolveInfo{3e1ac44 com.sankuai.meituan/com.dianping.base.push.pushservice.PhoneStatusReceiver m=0x108000}]
05-11 16:31:31.712  3843  3882 I am_broadcast_discard_app: [0,196509149,android.intent.action.USER_PRESENT,47,ResolveInfo{a2b412d com.sankuai.meituan.takeoutnew/com.dianping.base.push.pushservice.PhoneStatusReceiver m=0x108000}]
05-11 16:31:31.715  3843  3882 I am_broadcast_discard_app: [0,196509149,android.intent.action.USER_PRESENT,48,ResolveInfo{814a662 com.sina.news/com.igexin.sdk.PushReceiver m=0x108000}]
05-11 16:31:31.720  3843 21050 I am_broadcast_discard_app: [0,196509149,android.intent.action.USER_PRESENT,50,ResolveInfo{e6f48b0 com.ss.android.article.news/com.ss.android.message.MessageReceiver m=0x108000}]
05-11 16:31:31.722  3843  3882 I am_broadcast_discard_app: [0,196509149,android.intent.action.USER_PRESENT,51,ResolveInfo{5a7c329 com.ss.android.article.news/com.taobao.accs.EventReceiver m=0x108000}]
05-11 16:31:31.723  3843  3882 I am_broadcast_discard_app: [0,196509149,android.intent.action.USER_PRESENT,52,ResolveInfo{9ac6ae com.ss.android.article.news/.AliyunPushMsgReceiver m=0x108000}]
05-11 16:31:31.724  3843  3882 I am_broadcast_discard_app: [0,196509149,android.intent.action.USER_PRESENT,53,ResolveInfo{303cc4f com.ss.android.article.news/com.ss.android.message.sswo.SswoReceiver m=0x108000}]
05-11 16:31:31.725  3843  3882 I am_broadcast_discard_app: [0,196509149,android.intent.action.USER_PRESENT,54,ResolveInfo{4f83fdc com.ss.android.article.video/com.ss.android.message.MessageReceiver m=0x108000}]
05-11 16:31:31.726  3843  3882 I am_broadcast_discard_app: [0,196509149,android.intent.action.USER_PRESENT,55,ResolveInfo{15068e5 com.ss.android.article.video/com.taobao.accs.EventReceiver m=0x108000}]
05-11 16:31:31.726  3843  3882 I am_broadcast_discard_app: [0,196509149,android.intent.action.USER_PRESENT,56,ResolveInfo{5509fba com.ss.android.essay.joke/com.ss.android.message.MessageReceiver m=0x108000}]
05-11 16:31:31.727  3843  3882 I am_broadcast_discard_app: [0,196509149,android.intent.action.USER_PRESENT,57,ResolveInfo{7dade6b com.ss.android.essay.joke/com.ss.android.message.sswo.SswoReceiver m=0x108000}]
05-11 16:31:31.727  3843  3882 I am_broadcast_discard_app: [0,196509149,android.intent.action.USER_PRESENT,58,ResolveInfo{9b77dc8 com.ss.android.essay.joke/com.taobao.accs.EventReceiver m=0x108000}]
05-11 16:31:31.728  3843  3882 I am_broadcast_discard_app: [0,196509149,android.intent.action.USER_PRESENT,59,ResolveInfo{c23ae61 com.tencent.news/.push.alive.offactivity.OffScreenReceiver m=0x108000}]
05-11 16:31:31.728  3843  3882 I am_broadcast_discard_app: [0,196509149,android.intent.action.USER_PRESENT,60,ResolveInfo{a58fd86 com.tencent.news/com.taobao.accs.EventReceiver m=0x108000}]
05-11 16:31:31.731  3843  4698 I am_broadcast_discard_app: [0,196509149,android.intent.action.USER_PRESENT,62,ResolveInfo{c6f647 com.wepie.snake.vivo/com.wepie.snake.helper.push.NoticeReceiver m=0x108000}]
05-11 16:31:31.735  3843 21044 I am_broadcast_discard_app: [0,196509149,android.intent.action.USER_PRESENT,64,ResolveInfo{5aaae74 com.youku.phone/com.taobao.accs.EventReceiver m=0x108000}]
05-11 16:31:31.736  3843  3882 I am_broadcast_discard_app: [0,196509149,android.intent.action.USER_PRESENT,65,ResolveInfo{c8bcf9d me.ele/com.igexin.sdk.PushReceiver m=0x108000}]
05-11 16:31:32.473  3843  3866 I am_finish_activity: [0,9301840,147,com.bbk.appstore/.ui.details.AppDetailActivity,app-request]
05-11 16:31:32.475  3843  3866 I wm_task_moved: [147,1,11]
05-11 16:31:32.479  3843  3866 I am_focused_activity: [0,com.bbk.appstore/.ui.search.SearchActivity,finishActivity adjustFocus]
05-11 16:31:32.480  3843  3866 I am_pause_activity: [0,9301840,com.bbk.appstore/.ui.details.AppDetailActivity]
05-11 16:31:32.486 16762 16762 I am_on_paused_called: [0,com.bbk.appstore.ui.details.AppDetailActivity,handlePauseActivity]
05-11 16:31:32.494  3843 21044 I am_resume_activity: [0,243433915,147,com.bbk.appstore/.ui.search.SearchActivity]
05-11 16:31:32.500 16762 16762 I am_on_resume_called: [0,com.bbk.appstore.ui.search.SearchActivity,RESUME_ACTIVITY]
05-11 16:31:32.551  3843  3915 I sysui_action: [322,63980]
05-11 16:31:32.847  3843  3882 I am_destroy_activity: [0,9301840,147,com.bbk.appstore/.ui.details.AppDetailActivity,finish-imm]
05-11 16:31:32.849 16762 16762 I am_on_stop_called: [0,com.bbk.appstore.ui.details.AppDetailActivity,destroy]
05-11 16:31:32.858   512   512 I sf_frame_dur: [com.bbk.appstore/com.bbk.appstore.ui.details.AppDetailActivity,4,0,2,3,0,0,1]
05-11 16:31:32.928  3843 21044 I am_finish_activity: [0,243433915,147,com.bbk.appstore/.ui.search.SearchActivity,app-request]
05-11 16:31:32.929  3843 21044 I wm_task_moved: [147,1,11]
05-11 16:31:32.931  3843 21044 I am_focused_activity: [0,com.bbk.appstore/.ui.AppStoreTabActivity,finishActivity adjustFocus]
05-11 16:31:32.931  3843 21044 I am_pause_activity: [0,243433915,com.bbk.appstore/.ui.search.SearchActivity]
05-11 16:31:32.933 16762 16762 I am_on_paused_called: [0,com.bbk.appstore.ui.search.SearchActivity,handlePauseActivity]
05-11 16:31:32.939  3843  8624 I am_resume_activity: [0,228628190,147,com.bbk.appstore/.ui.AppStoreTabActivity]
05-11 16:31:32.947 16762 16762 I am_on_resume_called: [0,com.bbk.appstore.ui.AppStoreTabActivity,RESUME_ACTIVITY]
05-11 16:31:33.054  3843 21321 I am_destroy_activity: [0,243433915,147,com.bbk.appstore/.ui.search.SearchActivity,finish-imm]
05-11 16:31:33.055 16762 16762 I am_on_stop_called: [0,com.bbk.appstore.ui.search.SearchActivity,destroy]
05-11 16:31:33.058   512   512 I sf_frame_dur: [com.bbk.appstore/com.bbk.appstore.ui.search.SearchActivity,0,0,0,1,0,0,0]
05-11 16:31:33.142  3843 21043 I am_finish_activity: [0,228628190,147,com.bbk.appstore/.ui.AppStoreTabActivity,app-request]
05-11 16:31:33.142  3843 21043 I am_focused_stack: [0,0,1,finishActivity adjustFocus setFocusedActivity]
05-11 16:31:33.142  3843 21043 I wm_task_moved: [34,1,1]
05-11 16:31:33.145  3843 21043 I am_focused_activity: [0,com.bbk.launcher2/.Launcher,finishActivity adjustFocus]
05-11 16:31:33.175  3843 21043 I am_pause_activity: [0,228628190,com.bbk.appstore/.ui.AppStoreTabActivity]
05-11 16:31:33.199 16762 16762 I am_on_paused_called: [0,com.bbk.appstore.ui.AppStoreTabActivity,handlePauseActivity]
05-11 16:31:33.209  3843 21048 I am_resume_activity: [0,12450827,34,com.bbk.launcher2/.Launcher]
05-11 16:31:33.219 10606 10606 I am_on_resume_called: [0,com.bbk.launcher2.Launcher,RESUME_ACTIVITY]
05-11 16:31:33.530  3843  3882 I am_destroy_activity: [0,228628190,147,com.bbk.appstore/.ui.AppStoreTabActivity,finish-imm]
05-11 16:31:33.540 16762 16762 I am_on_stop_called: [0,com.bbk.appstore.ui.AppStoreTabActivity,destroy]
05-11 16:31:33.595  3843  3915 I wm_task_removed: [147,removeAppToken: last token]
05-11 16:31:33.595  3843  3915 I wm_task_removed: [147,removeTask]
05-11 16:31:33.611   512   512 I sf_frame_dur: [com.bbk.appstore/com.bbk.appstore.ui.AppStoreTabActivity,0,1,0,0,0,0,0]
05-11 16:31:34.053  3843  4698 I am_proc_start: [0,15838,10044,com.vivo.weather.location,service,com.vivo.weather/.LocalCityLocateService]
05-11 16:31:34.065  3843  4431 I am_proc_bound: [0,15838,com.vivo.weather.location]
05-11 16:31:34.396  3843  4786 I am_proc_died: [0,15838,com.vivo.weather.location]
05-11 16:31:34.397  3843  4786 I am_schedule_service_restart: [0,com.vivo.weather/.LocalCityLocateService,1000]
05-11 16:31:34.400  3843  4786 I am_mem_factor: [1,0]
05-11 16:31:49.518  3843  3881 I am_pss  : [7245,10081,com.vivo.safecenter,8826880,8265728,0]
05-11 16:31:49.555  3843  3881 I am_pss  : [7656,10063,com.iqoo.secure:remote,38725632,37732352,0]
05-11 16:31:49.573  3843  3881 I am_pss  : [5718,10071,com.oma.drm.server,5109760,4673536,0]
05-11 16:31:49.594  3843  3881 I am_pss  : [5704,10017,com.baidu.map.location,15080448,13770752,0]
05-11 16:31:49.610  3843  3881 I am_pss  : [5692,1001,com.qualcomm.qti.loadcarrier,4717568,4284416,0]
05-11 16:31:49.628  3843  3881 I am_pss  : [5678,1000,com.alps.lcn,7681024,6778880,0]
05-11 16:31:49.645  3843  3881 I am_pss  : [5666,1000,com.vivo.abe,28623872,27381760,0]
05-11 16:31:49.667  3843  3881 I am_pss  : [4805,1001,com.android.phone,38133760,37007360,0]
05-11 16:31:49.690  3843  3881 I am_pss  : [3494,1000,com.vivo.upslide,86257664,83582976,0]
05-11 16:31:49.703  3843  3881 I am_pss  : [4769,1000,com.android.server.telecom,7684096,7192576,0]
05-11 16:31:49.718  3843  3881 I am_pss  : [4758,1000,.dataservices,8528896,8069120,0]
05-11 16:31:49.736  3843  3881 I am_pss  : [4700,1000,com.vivo.daemonService,23278592,21835776,0]
05-11 16:31:49.768  3843  3881 I am_pss  : [4538,10024,com.android.systemui,94381056,90599424,0]
05-11 16:31:49.827  3843  3881 I am_pss  : [3843,1000,system,169391104,165588992,0]
05-11 16:31:52.874  3843  4812 I am_mem_factor: [0,1]
05-11 16:31:53.160  3843  3881 I am_meminfo: [325173248,96477184,0,355708928,238981120]
05-11 16:31:53.184  3843  3881 I am_pss  : [10606,10034,com.bbk.launcher2,102691840,100515840,0]
05-11 16:31:53.203  3843  3881 I am_pss  : [5036,10171,com.tencent.reading:PushService,15749120,10039296,0]
05-11 16:31:53.227  3843  3881 I am_pss  : [4442,10062,com.baidu.input_bbk.service,52442112,50073600,0]
05-11 16:31:53.265  3843  3881 I am_pss  : [6030,10132,com.tencent.mm,153964544,147533824,0]
05-11 16:31:53.279  3843  3881 I am_pss  : [10221,1000,com.qti.service.colorservice,5365760,4878336,0]
05-11 16:31:53.295  3843  3881 I am_pss  : [11668,10009,com.android.dialer,25523200,23420928,0]
05-11 16:31:53.331  3843  3881 I am_pss  : [4735,10171,com.tencent.reading,72391680,64184320,0]
05-11 16:31:53.348  3843  3881 I am_pss  : [32490,10033,com.android.filemanager,18419712,15708160,0]
05-11 16:31:53.364  3843  3881 I am_pss  : [29700,10011,android.process.media,16332800,14970880,0]
05-11 16:31:53.393  3843  3881 I am_pss  : [26496,10131,com.wuba,44516352,39763968,0]
05-11 16:31:53.410  3843  3881 I am_pss  : [9452,10131,com.wuba.plugin.dawn.process,14573568,13668352,0]
05-11 16:31:53.424  3843  3881 I am_pss  : [5814,1000,com.vivo.doubleinstance,5670912,5156864,0]
05-11 16:31:53.439  3843  3881 I am_pss  : [11439,10101,com.vivo.sdkplugin,6394880,5763072,0]
05-11 16:31:53.457  3843  3881 I am_pss  : [6903,10128,com.tencent.mobileqq:MSF,20375552,19050496,0]
05-11 16:31:53.501  3843  3881 I am_pss  : [6917,10128,com.tencent.mobileqq,75052032,71598080,0]
05-11 16:31:53.517  3843  3881 I am_pss  : [11585,10085,com.vivo.secime.service,16433152,15245312,0]
05-11 16:31:53.534  3843  3881 I am_pss  : [7483,10132,com.tencent.mm:push,18519040,17088512,0]
05-11 16:31:53.549  3843  3881 I am_pss  : [30217,10045,com.vivo.weather.provider,12272640,10305536,0]
05-11 16:31:53.575  3843  3881 I am_pss  : [16762,10030,com.bbk.appstore,116832256,109547520,0]
05-11 16:31:53.597  3843  3881 I am_pss  : [7336,10131,com.wuba:downloadapkservice,28743680,26947584,0]
05-11 16:31:53.613  3843  3881 I am_pss  : [26258,10229,com.sohu.sohuvideo:sohunews,12032000,10686464,0]
05-11 16:31:53.661  3843  3881 I am_pss  : [5143,10064,com.bbk.iqoo.logsystem,27774976,25804800,0]
05-11 16:31:53.677  3843  3881 I am_pss  : [25881,10172,com.cubic.autohome,13639680,12296192,0]
05-11 16:31:53.692  3843  3881 I am_pss  : [7245,10081,com.vivo.safecenter,8826880,8265728,0]
05-11 16:31:53.706  3843  3881 I am_pss  : [4302,1000,com.vivo.appfilter,12693504,12054528,0]
05-11 16:31:53.720  3843  3881 I am_pss  : [8019,10004,com.android.providers.calendar,5313536,3784704,0]
05-11 16:31:53.735  3843  3881 I am_pss  : [7402,10087,com.bbk.updater,9712640,7950336,0]
05-11 16:31:53.749  3843  3881 I am_pss  : [31630,10091,com.bbk.calendar,4360192,3248128,0]
05-11 16:31:53.767  3843  3881 I am_pss  : [23778,10130,com.sina.weibo,17143808,16097280,0]
05-11 16:31:53.784  3843  3881 I am_pss  : [5321,1000,com.bbk.facewake,11125760,9486336,0]
05-11 16:31:53.801  3843  3881 I am_pss  : [7656,10063,com.iqoo.secure:remote,38725632,37732352,0]
05-11 16:31:53.819  3843  3881 I am_pss  : [5939,10041,com.android.BBKClock,19186688,16216064,0]
05-11 16:31:53.835  3843  3881 I am_pss  : [28270,10179,com.achievo.vipshop:remote,11230208,9846784,0]
05-11 16:31:53.852  3843  3881 I am_pss  : [12273,10132,com.tencent.mm:appbrand0,14902272,14004224,0]
05-11 16:31:53.866  3843  3881 I am_pss  : [14273,10013,android.ext.services,4469760,2818048,0]
05-11 16:31:53.887  3843  3881 I am_pss  : [25978,10097,com.vivo.gallery,119670784,115740672,0]
05-11 16:31:53.906  3843  3881 I am_pss  : [7422,10055,com.vivo.devicereg,50831360,50257920,0]
05-11 16:31:53.922  3843  3881 I am_pss  : [30045,10002,android.process.acore,31563776,30707712,0]
05-11 16:31:53.937  3843  3881 I am_pss  : [32096,10018,com.vivo.numbermark,4597760,2899968,0]
05-11 16:31:53.954  3843  3881 I am_pss  : [8155,1000,com.iqoo.engineermode,16317440,13139968,0]
05-11 16:31:53.969  3843  3881 I am_pss  : [28834,10056,com.vivo.doubletimezoneclock,14708736,13660160,0]
05-11 16:31:53.986  3843  3881 I am_pss  : [6689,10043,com.android.VideoPlayer,15007744,12455936,0]
05-11 16:31:54.001  3843  3881 I am_pss  : [8405,10028,com.vivo.audiofx,6378496,5844992,0]
05-11 16:31:54.016  3843  3881 I am_pss  : [4841,1000,com.vivo.smartmultiwindow,20541440,19398656,0]
05-11 16:31:54.031  3843  3881 I am_pss  : [27874,1000,com.vivo.abe:pushservice_v1,12447744,10518528,0]
05-11 16:31:54.050  3843  3881 I am_pss  : [6008,1000,com.android.bbklog,24829952,23093248,0]
05-11 16:31:54.066  3843  3881 I am_pss  : [30514,10179,com.achievo.vipshop,6946816,4919296,0]
05-11 16:31:54.083  3843  3881 I am_pss  : [30442,10179,com.achievo.vipshop:pushservice,10205184,7725056,0]
05-11 16:31:54.097  3843  3881 I am_pss  : [29288,1000,com.qualcomm.qti.appnetaccess,3436544,2953216,0]
05-11 16:31:54.116  3843  3881 I am_pss  : [21437,10172,com.cubic.autohome:pushservice,20069376,18173952,0]
05-11 16:31:54.134  3843  3881 I am_pss  : [5843,10180,com.immomo.momo,16457728,15548416,0]
05-11 16:31:54.149  3843  3881 I am_pss  : [5942,1000,com.vivo.wifi.networkdetect,6444032,6000640,0]
05-11 16:31:54.163  3843  3881 I am_pss  : [23837,1000,com.volte.config,4580352,4132864,0]
05-11 16:31:54.180  3843  3881 I am_pss  : [18317,10179,com.achievo.vipshop.MqttService,13059072,11395072,0]
05-11 16:31:54.199  3843  3881 I am_pss  : [4711,1000,com.android.settings,31868928,30085120,0]
05-11 16:31:54.217  3843  3881 I am_pss  : [6538,10130,com.sina.weibo:remote,17516544,16322560,0]
05-11 16:31:54.231  3843  3881 I am_pss  : [6502,1000,com.qualcomm.display,4816896,4358144,0]
05-11 16:31:54.245  3843  3881 I am_pss  : [6080,1000,org.simalliance.openmobileapi.service:remote,4943872,4481024,0]
05-11 16:31:54.262  3843  3881 I am_pss  : [7995,1000,com.vivo.permissionmanager,24671232,24186880,0]
05-11 16:31:54.276  3843  3881 I am_pss  : [5037,10002,com.vivo.sim.contacts,5747712,5320704,0]
05-11 16:31:54.293  3843  3881 I am_pss  : [8642,1000,com.vivo.intelliengine,21942272,21049344,0]
05-11 16:31:54.309  3843  3881 I am_pss  : [8562,10132,com.tencent.mm:exdevice,12598272,11874304,0]
05-11 16:31:54.323  3843  3881 I am_pss  : [5080,1001,com.qualcomm.qcrilmsgtunnel,6310912,5734400,0]
05-11 16:31:54.337  3843  3881 I am_pss  : [5718,10071,com.oma.drm.server,5109760,4673536,0]
05-11 16:31:54.352  3843  3881 I am_pss  : [5704,10017,com.baidu.map.location,15080448,13770752,0]
05-11 16:31:54.366  3843  3881 I am_pss  : [5692,1001,com.qualcomm.qti.loadcarrier,4717568,4284416,0]
05-11 16:31:54.381  3843  3881 I am_pss  : [5678,1000,com.alps.lcn,7681024,6778880,0]
05-11 16:31:54.397  3843  3881 I am_pss  : [5666,1000,com.vivo.abe,28623872,27381760,0]
05-11 16:31:54.419  3843  3881 I am_pss  : [4805,1001,com.android.phone,38133760,37007360,0]
05-11 16:31:54.442  3843  3881 I am_pss  : [3494,1000,com.vivo.upslide,86257664,83582976,0]
05-11 16:31:54.456  3843  3881 I am_pss  : [4769,1000,com.android.server.telecom,7684096,7192576,0]
05-11 16:31:54.471  3843  3881 I am_pss  : [4758,1000,.dataservices,8528896,8069120,0]
05-11 16:31:54.489  3843  3881 I am_pss  : [4700,1000,com.vivo.daemonService,23299072,21856256,0]
05-11 16:31:54.521  3843  3881 I am_pss  : [4538,10024,com.android.systemui,94467072,90660864,0]
05-11 16:31:54.558  3843  3884 I am_wtf  : [0,3843,system_server,-1,ActivityManager,Sending non-protected broadcast vivo.intent.action.CHECK_ALERT_WINDOW from system 3843:system/1000 pkg android]
05-11 16:31:54.560  3843  3884 I am_wtf  : [0,3843,system_server,-1,ActivityManager,Sending non-protected broadcast vivo.intent.action.CHECK_ALERT_WINDOW from system 3843:system/1000 pkg android]
05-11 16:31:54.580  3843  3881 I am_pss  : [3843,1000,system,169497600,165695488,0]
05-11 16:32:00.029  3843  3843 I notification_enqueue: [10064,5143,com.bbk.iqoo.logsystem,3,NULL,0,Notification(pri=-2 contentView=com.bbk.iqoo.logsystem/0x3030028 vibrate=null sound=null defaults=0x0 flags=0x40 color=0xff607d8b vis=PRIVATE),1]
05-11 16:32:00.040  3843  4831 I notification_autogrouped: 0|com.bbk.iqoo.logsystem|3|null|10064
05-11 16:32:00.045  3843 21037 I notification_autogrouped: 0|com.bbk.iqoo.logsystem|3|null|10064
05-11 16:32:03.514  3843  3921 I power_sleep_requested: 0
05-11 16:32:03.514  3843  3843 I power_screen_state: [0,3,0,0]
05-11 16:32:03.514  3843  3843 I screen_toggled: 0
05-11 16:32:03.514  3843  3843 I sysui_histogram: [screen_timeout,30]
05-11 16:32:03.517  3843  3843 I power_screen_broadcast_send: 1
05-11 16:32:03.527  3843  3843 I am_pause_activity: [0,12450827,com.bbk.launcher2/.Launcher]
05-11 16:32:03.530 10606 10606 I am_on_paused_called: [0,com.bbk.launcher2.Launcher,handlePauseActivity]
05-11 16:32:03.573  3843  3843 I sysui_histogram: [fingerprint_token,0]
05-11 16:32:03.608  3843  3882 I am_stop_activity: [0,12450827,com.bbk.launcher2/.Launcher]
05-11 16:32:03.615  3843  3881 I am_pss  : [7245,10081,com.vivo.safecenter,8826880,8265728,0]
05-11 16:32:03.634 10606 10606 I am_on_stop_called: [0,com.bbk.launcher2.Launcher,sleeping]
05-11 16:32:03.638  3843  3881 I am_pss  : [7656,10063,com.iqoo.secure:remote,38725632,37732352,0]
05-11 16:32:03.690  3843 21044 I am_wtf  : [0,3843,system_server,-1,ActivityManager,Sending non-protected broadcast com.vivo.updater.action.SCREEN_OFF from system 4700:com.vivo.daemonService/1000 pkg com.vivo.daemonService]
05-11 16:32:03.987   512   512 I sf_frame_dur: [SurfaceView - ,8,191,8,0,1,0,0]
05-11 16:32:04.036  3843  3843 I power_screen_broadcast_done: [0,518,1]
05-11 16:32:04.230  3843  8739 I am_create_task: [0,149]
05-11 16:32:04.230  3843  8739 I am_create_activity: [0,243106007,149,com.tencent.reading/com.tencent.news.push.alive.offactivity.HollowActivity,NULL,NULL,NULL,276824064]
05-11 16:32:04.233  3843  8739 I wm_task_created: [149,1]
05-11 16:32:04.234  3843  8739 I wm_task_moved: [149,1,11]
05-11 16:32:04.234  3843  8739 I am_focused_stack: [0,1,0,startedActivity setFocusedActivity]
05-11 16:32:04.234  3843  8739 I wm_task_moved: [149,1,11]
05-11 16:32:04.239  3843  8739 I am_focused_activity: [0,com.tencent.reading/com.tencent.news.push.alive.offactivity.HollowActivity,startedActivity]
05-11 16:32:04.250  3843  8739 I am_restart_activity: [0,243106007,149,com.tencent.reading/com.tencent.news.push.alive.offactivity.HollowActivity]
05-11 16:32:04.252  3843  8739 I am_pause_activity: [0,243106007,com.tencent.reading/com.tencent.news.push.alive.offactivity.HollowActivity]
05-11 16:32:04.254  3843  8739 I sysui_action: [323,com.tencent.reading/com.tencent.news.push.alive.offactivity.HollowActivity]
05-11 16:32:04.255  3843  8739 I sysui_action: [324,true]
05-11 16:32:04.255  3843  8739 I sysui_action: [325,18941]
05-11 16:32:04.267  3843  3915 I sysui_action: [320,3]
05-11 16:32:04.267  3843  3915 I sysui_action: [319,49]
05-11 16:32:04.270  5036  5036 I am_on_resume_called: [0,com.tencent.news.push.alive.offactivity.HollowActivity,LAUNCH_ACTIVITY]
05-11 16:32:04.274  5036  5036 I am_on_paused_called: [0,com.tencent.news.push.alive.offactivity.HollowActivity,handlePauseActivity]
05-11 16:32:04.276  3843  3882 I am_stop_activity: [0,243106007,com.tencent.reading/com.tencent.news.push.alive.offactivity.HollowActivity]
05-11 16:32:04.277  3843  3882 I sysui_count: [window_time_0,98]
05-11 16:32:04.297  5036  5036 I am_on_stop_called: [0,com.tencent.news.push.alive.offactivity.HollowActivity,sleeping]
05-11 16:32:04.321  3843  3915 I sysui_action: [322,103]
05-11 16:32:04.321  3843  3915 I am_activity_launch_time: [0,243106007,com.tencent.reading/com.tencent.news.push.alive.offactivity.HollowActivity,69,80]
05-11 16:32:05.465  3843  3843 I sysui_histogram: [fingerprint_token,0]
05-11 16:32:06.035  3843  3865 I am_new_intent: [0,125019976,149,com.tencent.reading/com.tencent.news.push.alive.offactivity.HollowActivity,NULL,NULL,NULL,276824064]
05-11 16:32:06.036  3843  3865 I wm_task_moved: [149,1,11]
05-11 16:32:06.044  3843  3865 I am_resume_activity: [0,243106007,149,com.tencent.reading/com.tencent.news.push.alive.offactivity.HollowActivity]
05-11 16:32:06.091  3843  3865 I am_pause_activity: [0,243106007,com.tencent.reading/com.tencent.news.push.alive.offactivity.HollowActivity]
05-11 16:32:06.106  3843  3865 I sysui_action: [323,com.tencent.reading/com.tencent.news.push.alive.offactivity.HollowActivity]
05-11 16:32:06.106  3843  3865 I sysui_action: [324,true]
05-11 16:32:06.106  3843  3865 I sysui_action: [325,18942]
05-11 16:32:06.107  3843  3915 I sysui_action: [320,3]
05-11 16:32:06.107  3843  3915 I sysui_action: [319,84]
05-11 16:32:06.112  5036  5036 I am_on_resume_called: [0,com.tencent.news.push.alive.offactivity.HollowActivity,RESUME_ACTIVITY]
05-11 16:32:06.113  5036  5036 I am_on_paused_called: [0,com.tencent.news.push.alive.offactivity.HollowActivity,handlePauseActivity]
05-11 16:32:06.115  3843  3882 I am_stop_activity: [0,243106007,com.tencent.reading/com.tencent.news.push.alive.offactivity.HollowActivity]
05-11 16:32:06.136  5036  5036 I am_on_stop_called: [0,com.tencent.news.push.alive.offactivity.HollowActivity,sleeping]
05-11 16:32:08.281  3843  3843 I sysui_histogram: [fingerprint_token,0]
05-11 16:32:08.733  4538  4538 I sysui_view_visibility: [111,100]
05-11 16:32:08.756  4538  4538 I sysui_status_bar_state: [1,1,0,0,1,0]
05-11 16:32:08.800  3843  4699 I am_wtf  : [0,3843,system_server,-1,ActivityManager,Sending non-protected broadcast action.com.vlife.provider.sync from system 4538:com.android.systemui/u0a24 pkg com.android.systemui]
05-11 16:32:08.802  3843  4699 I am_wtf  : [0,3843,system_server,-1,ActivityManager,Sending non-protected broadcast action.com.vlife.provider.sync from system 4538:com.android.systemui/u0a24 pkg com.android.systemui]
05-11 16:32:08.806  3843 21048 I am_wtf  : [0,3843,system_server,-1,ActivityManager,Sending non-protected broadcast action.com.vlife.provider.sync from system 4538:com.android.systemui/u0a24 pkg com.android.systemui]
05-11 16:32:08.809  3843 21048 I am_wtf  : [0,3843,system_server,-1,ActivityManager,Sending non-protected broadcast action.com.vlife.provider.sync from system 4538:com.android.systemui/u0a24 pkg com.android.systemui]
05-11 16:32:08.832  3843  5752 I am_wtf  : [0,3843,system_server,-1,ActivityManager,Sending non-protected broadcast action.com.vlife.provider.sync from system 4538:com.android.systemui/u0a24 pkg com.android.systemui]
05-11 16:32:08.834  3843  5752 I am_wtf  : [0,3843,system_server,-1,ActivityManager,Sending non-protected broadcast action.com.vlife.provider.sync from system 4538:com.android.systemui/u0a24 pkg com.android.systemui]
05-11 16:32:08.840  3843 21045 I am_wtf  : [0,3843,system_server,-1,ActivityManager,Sending non-protected broadcast action.com.vlife.provider.sync from system 4538:com.android.systemui/u0a24 pkg com.android.systemui]
05-11 16:32:08.842  3843 21045 I am_wtf  : [0,3843,system_server,-1,ActivityManager,Sending non-protected broadcast action.com.vlife.provider.sync from system 4538:com.android.systemui/u0a24 pkg com.android.systemui]
05-11 16:32:08.887  3843 21049 I notification_expansion: [0|android|10011|null|1000,0,0,2170529,2170529,0]
05-11 16:32:08.888  3843  4812 I notification_expansion: [0|android|110110|null|1000,0,0,2170537,2170537,0]
05-11 16:32:08.889  3843 21036 I notification_expansion: [0|com.android.bbklog|2147483647|group_key_override|1000|ranker_bundle,0,1,2793919,2793919,2290610]
05-11 16:32:08.892  3843  4699 I notification_expansion: [0|com.bbk.facewake|2147483647|group_key_override|1000|ranker_bundle,0,1,7218108,7218108,2290613]
05-11 16:32:08.893  3843 21048 I notification_expansion: [0|com.vivo.abe|2147483647|group_key_override|1000|ranker_bundle,0,1,7828398,7828398,2290615]
05-11 16:32:12.309  3843  3843 I sysui_histogram: [fingerprint_token,0]
05-11 16:32:23.984  3843  4126 I sysui_histogram: [power_double_tap_interval,53191]
05-11 16:32:23.989  3843  3843 I power_screen_state: [1,0,0,0]
05-11 16:32:23.989  3843  3843 I screen_toggled: 1
05-11 16:32:23.991  3843  3843 I power_screen_broadcast_send: 1
05-11 16:32:23.996  4538  4538 I sysui_histogram: [note_load,12]
05-11 16:32:23.996  3843  8739 I notification_panel_revealed: 12
05-11 16:32:24.083  3843  3881 I am_pss  : [18317,10179,com.achievo.vipshop.MqttService,13058048,11395072,0]
05-11 16:32:24.120  3843  3881 I am_pss  : [4442,10062,com.baidu.input_bbk.service,52446208,50077696,0]
05-11 16:32:24.173  3843  3881 I am_pss  : [6030,10132,com.tencent.mm,153997312,147566592,0]
05-11 16:32:24.193  3843  3881 I am_pss  : [10221,1000,com.qti.service.colorservice,5365760,4878336,0]
05-11 16:32:24.213  3843  3881 I am_pss  : [11668,10009,com.android.dialer,25523200,23420928,0]
05-11 16:32:24.239   512   512 I sf_frame_dur: [ColorFade,3,0,0,0,0,0,0]
05-11 16:32:24.254  3843  3881 I am_pss  : [4735,10171,com.tencent.reading,72707072,64499712,0]
05-11 16:32:24.270  3843  3881 I am_pss  : [32490,10033,com.android.filemanager,18419712,15708160,0]
05-11 16:32:24.285  3843  3881 I am_pss  : [29700,10011,android.process.media,16336896,14974976,0]
05-11 16:32:24.314  3843  3881 I am_pss  : [26496,10131,com.wuba,44516352,39763968,0]
05-11 16:32:24.330  3843  3881 I am_pss  : [9452,10131,com.wuba.plugin.dawn.process,14573568,13668352,0]
05-11 16:32:24.344  3843  3881 I am_pss  : [5814,1000,com.vivo.doubleinstance,5670912,5156864,0]
05-11 16:32:24.359  3843  3881 I am_pss  : [11439,10101,com.vivo.sdkplugin,6394880,5763072,0]
05-11 16:32:24.377  3843  3881 I am_pss  : [6903,10128,com.tencent.mobileqq:MSF,20457472,19132416,0]
05-11 16:32:24.420  3843  3881 I am_pss  : [6917,10128,com.tencent.mobileqq,75265024,71811072,0]
05-11 16:32:24.437  3843  3881 I am_pss  : [11585,10085,com.vivo.secime.service,16375808,15187968,0]
05-11 16:32:24.453  3843  3881 I am_pss  : [7483,10132,com.tencent.mm:push,18523136,17092608,0]
05-11 16:32:24.469  3843  3881 I am_pss  : [7402,10087,com.bbk.updater,9782272,8019968,0]
05-11 16:32:24.517  3843  3881 I am_pss  : [5143,10064,com.bbk.iqoo.logsystem,27824128,25853952,0]
05-11 16:32:24.532  3843  3881 I am_pss  : [30217,10045,com.vivo.weather.provider,12235776,10268672,0]
05-11 16:32:24.558  3843  3881 I am_pss  : [16762,10030,com.bbk.appstore,116877312,109592576,0]
05-11 16:32:24.579  3843  3881 I am_pss  : [7336,10131,com.wuba:downloadapkservice,28751872,26955776,0]
05-11 16:32:24.595  3843  3881 I am_pss  : [26258,10229,com.sohu.sohuvideo:sohunews,12068864,10723328,0]
05-11 16:32:24.612  3843  3881 I am_pss  : [25881,10172,com.cubic.autohome,13639680,12296192,0]
05-11 16:32:24.626  3843  3881 I am_pss  : [4302,1000,com.vivo.appfilter,12697600,12058624,0]
05-11 16:32:24.640  3843  3881 I am_pss  : [8019,10004,com.android.providers.calendar,5313536,3784704,0]
05-11 16:32:24.654  3843  3881 I am_pss  : [31630,10091,com.bbk.calendar,4360192,3248128,0]
05-11 16:32:24.671  3843  3881 I am_pss  : [23778,10130,com.sina.weibo,17143808,16097280,0]
05-11 16:32:24.689  3843  3881 I am_pss  : [7656,10063,com.iqoo.secure:remote,38733824,37740544,0]
05-11 16:32:24.708  3843  3881 I am_pss  : [5939,10041,com.android.BBKClock,19186688,16216064,0]
05-11 16:32:24.725  3843  3881 I am_pss  : [28270,10179,com.achievo.vipshop:remote,11230208,9846784,0]
05-11 16:32:24.742  3843  3881 I am_pss  : [12273,10132,com.tencent.mm:appbrand0,14902272,14004224,0]
05-11 16:32:24.756  3843  3881 I am_pss  : [14273,10013,android.ext.services,4506624,2854912,0]
05-11 16:32:24.777  3843  3881 I am_pss  : [25978,10097,com.vivo.gallery,119669760,115740672,0]
05-11 16:32:24.789  3843  3843 I sysui_action: [252,true]
05-11 16:32:24.792  4538  9190 I screen_toggled: 2
05-11 16:32:24.801  4538  4538 I sysui_status_bar_state: [1,0,0,0,1,0]
05-11 16:32:24.801  3843  3881 I am_pss  : [7422,10055,com.vivo.devicereg,50831360,50257920,0]
05-11 16:32:24.816  4538  4538 I sysui_view_visibility: [111,0]
05-11 16:32:24.821  3843  3881 I am_pss  : [30045,10002,android.process.acore,31563776,30707712,0]
05-11 16:32:24.850  3843  8739 I am_resume_activity: [0,243106007,149,com.tencent.reading/com.tencent.news.push.alive.offactivity.HollowActivity]
05-11 16:32:24.859  3843  3881 I am_pss  : [32096,10018,com.vivo.numbermark,4597760,2899968,0]
05-11 16:32:24.868  3843  5710 I am_finish_activity: [0,243106007,149,com.tencent.reading/com.tencent.news.push.alive.offactivity.HollowActivity,app-request]
05-11 16:32:24.868  3843  5710 I am_focused_stack: [0,0,1,finishActivity adjustFocus setFocusedActivity]
05-11 16:32:24.869  3843  5710 I wm_task_moved: [34,1,1]
05-11 16:32:24.872  3843  5710 I am_focused_activity: [0,com.bbk.launcher2/.Launcher,finishActivity adjustFocus]
05-11 16:32:24.890  3843  5710 I am_pause_activity: [0,243106007,com.tencent.reading/com.tencent.news.push.alive.offactivity.HollowActivity]
05-11 16:32:24.895  3843  3881 I am_pss  : [8155,1000,com.iqoo.engineermode,16317440,13139968,0]
05-11 16:32:24.895  5036  5036 I am_on_resume_called: [0,com.tencent.news.push.alive.offactivity.HollowActivity,RESUME_ACTIVITY]
05-11 16:32:24.902  3843  3882 I am_broadcast_discard_app: [0,64603130,android.intent.action.USER_PRESENT,0,ResolveInfo{acacdab cn.wps.moffice_eng/cn.wps.moffice.service.receivers.MonitorServiceReceiver p=2147483647 m=0x108000}]
05-11 16:32:24.911  3843  3882 I am_broadcast_discard_app: [0,64603130,android.intent.action.USER_PRESENT,1,ResolveInfo{cf94fa1 com.eg.android.AlipayGphone/com.alipay.pushsdk.BroadcastActionReceiver p=2147483647 m=0x108000}]
05-11 16:32:24.913  3843  3882 I am_broadcast_discard_app: [0,64603130,android.intent.action.USER_PRESENT,2,ResolveInfo{5e69987 com.jingdong.app.mall/com.tencent.android.tpush.XGPushReceiver p=2147483647 m=0x108000}]
05-11 16:32:24.914  3843  3882 I am_broadcast_discard_app: [0,64603130,android.intent.action.USER_PRESENT,3,ResolveInfo{b60b0b4 com.qq.ac.android/com.tencent.android.tpush.XGPushReceiver p=2147483647 m=0x108000}]
05-11 16:32:24.916  3843  3882 I am_broadcast_discard_app: [0,64603130,android.intent.action.USER_PRESENT,4,ResolveInfo{d3a44dd com.sina.news/.receiver.UserPresentReceiver p=2147483647 m=0x108000}]
05-11 16:32:24.917  3843  3881 I am_pss  : [28834,10056,com.vivo.doubletimezoneclock,14239744,13189120,0]
05-11 16:32:24.918  5036  5036 I am_on_paused_called: [0,com.tencent.news.push.alive.offactivity.HollowActivity,handlePauseActivity]
05-11 16:32:24.923  3843 21038 I am_destroy_activity: [0,243106007,149,com.tencent.reading/com.tencent.news.push.alive.offactivity.HollowActivity,finish-imm]
05-11 16:32:24.926  3843 21037 I notification_expansion: [0|com.android.systemui|2147483647|group_key_override|10024|ranker_bundle,0,1,118621,118621,0]
05-11 16:32:24.927  3843  3866 I notification_expansion: [0|com.android.systemui|10000|null|10024,0,1,118636,118636,0]
05-11 16:32:24.927  3843 21044 I notification_expansion: [0|android|2147483647|group_key_override|1000|ranker_bundle,0,1,2186547,2186547,0]
05-11 16:32:24.929  3843 21049 I notification_expansion: [0|android|10011|null|1000,0,1,2186571,2186571,0]
05-11 16:32:24.930  3843 21050 I notification_expansion: [0|android|110110|null|1000,0,1,2186579,2186579,0]
05-11 16:32:24.931  3843  4812 I notification_expansion: [0|com.android.bbklog|2147483647|group_key_override|1000|ranker_bundle,0,1,2809961,2809961,2306652]
05-11 16:32:24.932  3843  4698 I notification_expansion: [0|com.bbk.facewake|2147483647|group_key_override|1000|ranker_bundle,0,1,7234148,7234148,2306653]
05-11 16:32:24.935  3843  8740 I notification_expansion: [0|com.vivo.abe|2147483647|group_key_override|1000|ranker_bundle,0,1,7844439,7844439,2306656]
05-11 16:32:24.940  3843 21038 I am_resume_activity: [0,12450827,34,com.bbk.launcher2/.Launcher]
05-11 16:32:24.951  3843  3881 I am_pss  : [6689,10043,com.android.VideoPlayer,15007744,12455936,0]
05-11 16:32:24.955 10606 10606 I am_on_resume_called: [0,com.bbk.launcher2.Launcher,RESUME_ACTIVITY]
05-11 16:32:24.971  3843  3881 I am_pss  : [8405,10028,com.vivo.audiofx,6378496,5844992,0]
05-11 16:32:24.987  3843  8740 I am_broadcast_discard_app: [0,64603130,android.intent.action.USER_PRESENT,7,ResolveInfo{57e779b com.audiocn.kalaok/com.eguan.monitor.receiver.SystemStartReceiver p=9999 m=0x108000}]
05-11 16:32:24.993  3843  3882 I am_broadcast_discard_app: [0,64603130,android.intent.action.USER_PRESENT,8,ResolveInfo{ec46311 com.changba/com.eguan.drivermonitor.receiver.SystemStartReceiver p=1000 m=0x108000}]
05-11 16:32:24.993  5036  5036 I am_on_stop_called: [0,com.tencent.news.push.alive.offactivity.HollowActivity,destroy]
05-11 16:32:24.993  3843  3881 I am_pss  : [4841,1000,com.vivo.smartmultiwindow,20541440,19398656,0]
05-11 16:32:25.008  3843  5752 I wm_task_removed: [149,removeAppToken: last token]
05-11 16:32:25.008  3843  5752 I wm_task_removed: [149,removeTask]
05-11 16:32:25.009   512   512 I sf_frame_dur: [SurfaceView - StatusBar,0,0,2,3,0,0,2]
05-11 16:32:25.010  3843 21321 I notification_panel_hidden: []
05-11 16:32:25.017  3843  3881 I am_pss  : [27874,1000,com.vivo.abe:pushservice_v1,12451840,10522624,0]
05-11 16:32:25.041  3843  3881 I am_pss  : [6008,1000,com.android.bbklog,24829952,23093248,0]
05-11 16:32:25.060  3843  3881 I am_pss  : [30514,10179,com.achievo.vipshop,6950912,4923392,0]
05-11 16:32:25.063  3843  8739 I am_broadcast_discard_app: [0,64603130,android.intent.action.USER_PRESENT,17,ResolveInfo{8c2f277 air.tv.douyu.android/com.taobao.accs.EventReceiver m=0x108000}]
05-11 16:32:25.065  3843  3882 I am_broadcast_discard_app: [0,64603130,android.intent.action.USER_PRESENT,18,ResolveInfo{febaee4 cn.wps.moffice_eng/com.igexin.sdk.PushReceiver m=0x108000}]
05-11 16:32:25.066  3843  3882 I am_broadcast_discard_app: [0,64603130,android.intent.action.USER_PRESENT,19,ResolveInfo{efb1f4d com.Qunar/com.igexin.sdk.PushReceiver m=0x108000}]
05-11 16:32:25.066  3843  3882 I am_broadcast_discard_app: [0,64603130,android.intent.action.USER_PRESENT,20,ResolveInfo{703fa02 com.audiocn.kalaok/com.audiocn.karaoke.phone.notification.NotificationReceiver m=0x108000}]
05-11 16:32:25.067  3843  3882 I am_broadcast_discard_app: [0,64603130,android.intent.action.USER_PRESENT,21,ResolveInfo{26a3f13 com.audiocn.kalaok/com.igexin.sdk.PushReceiver m=0x108000}]
05-11 16:32:25.068  3843  3882 I am_broadcast_discard_app: [0,64603130,android.intent.action.USER_PRESENT,22,ResolveInfo{226d550 com.audiocn.kalaok/com.taobao.accs.EventReceiver m=0x108000}]
05-11 16:32:25.069  3843  3882 I am_broadcast_discard_app: [0,64603130,android.intent.action.USER_PRESENT,23,ResolveInfo{b676349 com.autonavi.minimap/com.taobao.accs.EventReceiver m=0x108000}]
05-11 16:32:25.070  3843  3882 I am_broadcast_discard_app: [0,64603130,android.intent.action.USER_PRESENT,24,ResolveInfo{ebbb44e com.baidu.BaiduMap/com.baidu.android.pushservice.PushServiceReceiver m=0x108000}]
05-11 16:32:25.070  3843  3882 I am_broadcast_discard_app: [0,64603130,android.intent.action.USER_PRESENT,25,ResolveInfo{92fb96f com.baidu.netdisk/com.baidu.android.pushservice.PushServiceReceiver m=0x108000}]
05-11 16:32:25.070  3843  3882 I am_broadcast_discard_app: [0,64603130,android.intent.action.USER_PRESENT,26,ResolveInfo{eabf67c com.baidu.netdisk/com.baidu.devicesecurity.receiver.DSDeviceAdminReceiver m=0x108000}]
05-11 16:32:25.071  3843  3882 I am_broadcast_discard_app: [0,64603130,android.intent.action.USER_PRESENT,27,ResolveInfo{439eb05 com.baidu.news/com.baidu.android.pushservice.PushServiceReceiver m=0x108000}]
05-11 16:32:25.071  3843  3882 I am_broadcast_discard_app: [0,64603130,android.intent.action.USER_PRESENT,28,ResolveInfo{d22c75a com.campmobile.snowcamera/com.baidu.android.pushservice.PushServiceReceiver m=0x108000}]
05-11 16:32:25.072  3843  3882 I am_broadcast_discard_app: [0,64603130,android.intent.action.USER_PRESENT,29,ResolveInfo{a287d8b com.changba/com.taobao.accs.EventReceiver m=0x108000}]
05-11 16:32:25.075  3843  8740 I am_broadcast_discard_app: [0,64603130,android.intent.action.USER_PRESENT,31,ResolveInfo{dfffe68 com.dianping.v1/com.dianping.base.push.pushservice.PhoneStatusReceiver m=0x108000}]
05-11 16:32:25.076  3843  3882 I am_broadcast_discard_app: [0,64603130,android.intent.action.USER_PRESENT,32,ResolveInfo{1f33281 com.duowan.kiwi/com.yy.pushsvc.WakeUpReceiver m=0x108000}]
05-11 16:32:25.077  3843  3882 I am_broadcast_discard_app: [0,64603130,android.intent.action.USER_PRESENT,33,ResolveInfo{eb5ff26 com.ganji.android/com.ganji.im.receiver.NetworkStateBroadcastReceiver m=0x108000}]
05-11 16:32:25.078  3843  3882 I am_broadcast_discard_app: [0,64603130,android.intent.action.USER_PRESENT,34,ResolveInfo{49f6767 com.ganji.android/com.igexin.sdk.PushReceiver m=0x108000}]
05-11 16:32:25.079  3843  3882 I am_broadcast_discard_app: [0,64603130,android.intent.action.USER_PRESENT,35,ResolveInfo{a0a9914 com.jm.android.jumei/com.igexin.sdk.PushReceiver m=0x108000}]
05-11 16:32:25.080  3843  3881 I am_pss  : [30442,10179,com.achievo.vipshop:pushservice,10213376,7733248,0]
05-11 16:32:25.080  3843  3882 I am_broadcast_discard_app: [0,64603130,android.intent.action.USER_PRESENT,37,ResolveInfo{a9f75bd com.jm.android.jumei/.push.JMAliReceiver m=0x108000}]
05-11 16:32:25.082  3843  3882 I am_broadcast_discard_app: [0,64603130,android.intent.action.USER_PRESENT,38,ResolveInfo{8f2e7b2 com.jm.android.jumei/com.taobao.accs.EventReceiver m=0x108000}]
05-11 16:32:25.083  3843  3882 I am_broadcast_discard_app: [0,64603130,android.intent.action.USER_PRESENT,39,ResolveInfo{7b11303 com.juanpi.ui/.push.receiver.JPPushReceiver m=0x108000}]
05-11 16:32:25.083  3843  3882 I am_broadcast_discard_app: [0,64603130,android.intent.action.USER_PRESENT,40,ResolveInfo{1823280 com.juanpi.ui/com.igexin.sdk.PushReceiver m=0x108000}]
05-11 16:32:25.084  3843  3882 I am_broadcast_discard_app: [0,64603130,android.intent.action.USER_PRESENT,41,ResolveInfo{ed2b0b9 com.letv.android.client/.receiver.LockScreenReceiver m=0x108000}]
05-11 16:32:25.085  3843  3882 I am_broadcast_discard_app: [0,64603130,android.intent.action.USER_PRESENT,42,ResolveInfo{9a3ccfe com.letv.android.client/cn.jpush.android.service.PushReceiver m=0x108000}]
05-11 16:32:25.086  3843  3882 I am_broadcast_discard_app: [0,64603130,android.intent.action.USER_PRESENT,43,ResolveInfo{da7dc5f com.meitu.meipaimv/com.igexin.sdk.PushReceiver m=0x108000}]
05-11 16:32:25.087  3843  3882 I am_broadcast_discard_app: [0,64603130,android.intent.action.USER_PRESENT,44,ResolveInfo{617f6ac com.meitu.meiyancamera/com.igexin.sdk.PushReceiver m=0x108000}]
05-11 16:32:25.088  3843  3882 I am_broadcast_discard_app: [0,64603130,android.intent.action.USER_PRESENT,45,ResolveInfo{a649f75 com.mogujie/com.igexin.sdk.PushReceiver m=0x108000}]
05-11 16:32:25.088  3843  3882 I am_broadcast_discard_app: [0,64603130,android.intent.action.USER_PRESENT,46,ResolveInfo{eebbb0a com.sankuai.meituan/com.dianping.base.push.pushservice.PhoneStatusReceiver m=0x108000}]
05-11 16:32:25.089  3843  3882 I am_broadcast_discard_app: [0,64603130,android.intent.action.USER_PRESENT,47,ResolveInfo{117df7b com.sankuai.meituan.takeoutnew/com.dianping.base.push.pushservice.PhoneStatusReceiver m=0x108000}]
05-11 16:32:25.090  3843  3882 I am_broadcast_discard_app: [0,64603130,android.intent.action.USER_PRESENT,48,ResolveInfo{163d198 com.sina.news/com.igexin.sdk.PushReceiver m=0x108000}]
05-11 16:32:25.095  3843 21044 I am_broadcast_discard_app: [0,64603130,android.intent.action.USER_PRESENT,50,ResolveInfo{4127dd6 com.ss.android.article.news/com.ss.android.message.MessageReceiver m=0x108000}]
05-11 16:32:25.095  3843  3882 I am_broadcast_discard_app: [0,64603130,android.intent.action.USER_PRESENT,51,ResolveInfo{7baf857 com.ss.android.article.news/com.taobao.accs.EventReceiver m=0x108000}]
05-11 16:32:25.097  3843  3882 I am_broadcast_discard_app: [0,64603130,android.intent.action.USER_PRESENT,52,ResolveInfo{c906f44 com.ss.android.article.news/.AliyunPushMsgReceiver m=0x108000}]
05-11 16:32:25.097  3843  3882 I am_broadcast_discard_app: [0,64603130,android.intent.action.USER_PRESENT,53,ResolveInfo{dfe482d com.ss.android.article.news/com.ss.android.message.sswo.SswoReceiver m=0x108000}]
05-11 16:32:25.098  3843  3882 I am_broadcast_discard_app: [0,64603130,android.intent.action.USER_PRESENT,54,ResolveInfo{f10a162 com.ss.android.article.video/com.ss.android.message.MessageReceiver m=0x108000}]
05-11 16:32:25.098  3843  3882 I am_broadcast_discard_app: [0,64603130,android.intent.action.USER_PRESENT,55,ResolveInfo{f0cc2f3 com.ss.android.article.video/com.taobao.accs.EventReceiver m=0x108000}]
05-11 16:32:25.099  3843  3882 I am_broadcast_discard_app: [0,64603130,android.intent.action.USER_PRESENT,56,ResolveInfo{6c73bb0 com.ss.android.essay.joke/com.ss.android.message.MessageReceiver m=0x108000}]
05-11 16:32:25.100  3843  3882 I am_broadcast_discard_app: [0,64603130,android.intent.action.USER_PRESENT,57,ResolveInfo{1243a29 com.ss.android.essay.joke/com.ss.android.message.sswo.SswoReceiver m=0x108000}]
05-11 16:32:25.100  3843  3881 I am_pss  : [29288,1000,com.qualcomm.qti.appnetaccess,3436544,2953216,0]
05-11 16:32:25.102  3843  3882 I am_broadcast_discard_app: [0,64603130,android.intent.action.USER_PRESENT,58,ResolveInfo{adb71ae com.ss.android.essay.joke/com.taobao.accs.EventReceiver m=0x108000}]
05-11 16:32:25.103  3843  3882 I am_broadcast_discard_app: [0,64603130,android.intent.action.USER_PRESENT,59,ResolveInfo{6a69b4f com.tencent.news/.push.alive.offactivity.OffScreenReceiver m=0x108000}]
05-11 16:32:25.103  3843  3882 I am_broadcast_discard_app: [0,64603130,android.intent.action.USER_PRESENT,60,ResolveInfo{65c62dc com.tencent.news/com.taobao.accs.EventReceiver m=0x108000}]
05-11 16:32:25.106  3843 21046 I am_broadcast_discard_app: [0,64603130,android.intent.action.USER_PRESENT,62,ResolveInfo{d9d4fe5 com.wepie.snake.vivo/com.wepie.snake.helper.push.NoticeReceiver m=0x108000}]
05-11 16:32:25.111  3843 21045 I am_broadcast_discard_app: [0,64603130,android.intent.action.USER_PRESENT,64,ResolveInfo{a70faba com.youku.phone/com.taobao.accs.EventReceiver m=0x108000}]
05-11 16:32:25.112  3843  3882 I am_broadcast_discard_app: [0,64603130,android.intent.action.USER_PRESENT,65,ResolveInfo{45b9d6b me.ele/com.igexin.sdk.PushReceiver m=0x108000}]
05-11 16:32:25.124  3843  3881 I am_pss  : [21437,10172,com.cubic.autohome:pushservice,20356096,18456576,0]
05-11 16:32:25.142  3843  3881 I am_pss  : [5843,10180,com.immomo.momo,16478208,15568896,0]
05-11 16:32:25.156  3843  3881 I am_pss  : [5942,1000,com.vivo.wifi.networkdetect,6444032,6000640,0]
05-11 16:32:25.170  3843  3881 I am_pss  : [23837,1000,com.volte.config,4580352,4132864,0]
05-11 16:32:25.188  3843  3881 I am_pss  : [4711,1000,com.android.settings,31868928,30085120,0]
05-11 16:32:25.206  3843  3881 I am_pss  : [6538,10130,com.sina.weibo:remote,17537024,16343040,0]
05-11 16:32:25.220  3843  3881 I am_pss  : [6502,1000,com.qualcomm.display,4816896,4358144,0]
05-11 16:32:25.234  3843  3881 I am_pss  : [6080,1000,org.simalliance.openmobileapi.service:remote,4943872,4481024,0]
05-11 16:32:25.251  3843  3881 I am_pss  : [7995,1000,com.vivo.permissionmanager,24769536,24285184,0]
05-11 16:32:25.265  3843  3881 I am_pss  : [5037,10002,com.vivo.sim.contacts,5747712,5320704,0]
05-11 16:32:25.283  3843  3881 I am_pss  : [8642,1000,com.vivo.intelliengine,21942272,21049344,0]
05-11 16:32:25.298  3843  3881 I am_pss  : [8562,10132,com.tencent.mm:exdevice,12598272,11874304,0]
05-11 16:32:25.313  3843  3881 I am_pss  : [5080,1001,com.qualcomm.qcrilmsgtunnel,6384640,5808128,0]
05-11 16:32:25.318  3843 21043 I am_wtf  : [0,3843,system_server,-1,ActivityManager,Sending non-protected broadcast com.vivo.updater.action.SCREEN_ON from system 4700:com.vivo.daemonService/1000 pkg com.vivo.daemonService]
05-11 16:32:25.426  3843  3843 I power_screen_broadcast_done: [1,1436,1]
05-11 16:32:26.390  3843  3866 I am_create_task: [0,150]
05-11 16:32:26.390  3843  3866 I am_create_activity: [0,90984163,150,com.vivo.gallery/com.android.gallery3d.vivo.GalleryTabActivity,android.intent.action.MAIN,NULL,NULL,807403520]
05-11 16:32:26.391  3843  3866 I wm_task_created: [150,1]
05-11 16:32:26.391  3843  3866 I wm_task_moved: [150,1,11]
05-11 16:32:26.392  3843  3866 I am_focused_stack: [0,1,0,startedActivity setFocusedActivity]
05-11 16:32:26.392  3843  3866 I wm_task_moved: [150,1,11]
05-11 16:32:26.393  3843  3866 I am_focused_activity: [0,com.vivo.gallery/com.android.gallery3d.vivo.GalleryTabActivity,startedActivity]
05-11 16:32:26.393  3843  3866 I am_pause_activity: [0,12450827,com.bbk.launcher2/.Launcher]
05-11 16:32:26.396  3843  3866 I sysui_action: [323,com.vivo.gallery/com.android.gallery3d.vivo.GalleryTabActivity]
05-11 16:32:26.396  3843  3866 I sysui_action: [324,true]
05-11 16:32:26.396  3843  3866 I sysui_action: [325,18963]
05-11 16:32:26.398 10606 10606 I am_on_paused_called: [0,com.bbk.launcher2.Launcher,handlePauseActivity]
05-11 16:32:26.403  3843  5710 I am_restart_activity: [0,90984163,150,com.vivo.gallery/com.android.gallery3d.vivo.GalleryTabActivity]
05-11 16:32:26.410  3843  3882 I sysui_count: [window_time_0,22]
05-11 16:32:26.454  3843  3915 I sysui_action: [321,74]
05-11 16:32:26.827 25978 25978 I am_on_resume_called: [0,com.android.gallery3d.vivo.FolderPageActivity,moveToState-STARTED]
05-11 16:32:26.827 25978 25978 I am_on_resume_called: [0,com.android.gallery3d.vivo.GalleryTabActivity,LAUNCH_ACTIVITY]
05-11 16:32:26.933  3843  3915 I sysui_action: [322,553]
05-11 16:32:26.933  3843  3915 I am_activity_launch_time: [0,90984163,com.vivo.gallery/com.android.gallery3d.vivo.GalleryTabActivity,534,534]
05-11 16:32:26.942  3843 21048 I am_stop_activity: [0,12450827,com.bbk.launcher2/.Launcher]
05-11 16:32:26.947 10606 10606 I am_on_stop_called: [0,com.bbk.launcher2.Launcher,handleStopActivity]
05-11 16:32:26.965   512   512 I sf_frame_dur: [com.bbk.launcher2/com.bbk.launcher2.Launcher,1,1,0,2,1,1,3]
05-11 16:32:28.406  3843  4698 I wm_task_moved: [150,1,11]
05-11 16:32:28.406  3843  4698 I am_create_activity: [0,160597384,150,com.vivo.gallery/com.android.gallery3d.vivo.NewPageActivity,NULL,NULL,NULL,0]
05-11 16:32:28.407  3843  4698 I wm_task_moved: [150,1,11]
05-11 16:32:28.409  3843  4698 I am_focused_activity: [0,com.vivo.gallery/com.android.gallery3d.vivo.NewPageActivity,startedActivity]
05-11 16:32:28.409  3843  4698 I am_pause_activity: [0,90984163,com.vivo.gallery/com.android.gallery3d.vivo.GalleryTabActivity]
05-11 16:32:28.418 25978 25978 I am_on_paused_called: [0,com.android.gallery3d.vivo.FolderPageActivity,performPause]
05-11 16:32:28.418 25978 25978 I am_on_paused_called: [0,com.android.gallery3d.vivo.GalleryTabActivity,handlePauseActivity]
05-11 16:32:28.423  3843 21045 I am_restart_activity: [0,160597384,150,com.vivo.gallery/com.android.gallery3d.vivo.NewPageActivity]
05-11 16:32:28.432  3843  3882 I sysui_count: [window_time_0,2]
05-11 16:32:28.495 25978 25978 I am_on_resume_called: [0,com.android.gallery3d.vivo.NewPageActivity,LAUNCH_ACTIVITY]
05-11 16:32:28.667  3843  3915 I am_activity_launch_time: [0,160597384,com.vivo.gallery/com.android.gallery3d.vivo.NewPageActivity,247,247]
05-11 16:32:28.978  3843  3882 I am_stop_activity: [0,90984163,com.vivo.gallery/com.android.gallery3d.vivo.GalleryTabActivity]
05-11 16:32:28.981 25978 25978 I am_on_stop_called: [0,com.android.gallery3d.vivo.CameraPageActivity,moveToState-STARTED]
05-11 16:32:28.981 25978 25978 I am_on_stop_called: [0,com.android.gallery3d.vivo.FolderPageActivity,moveToState-STARTED]
05-11 16:32:29.011 25978 25978 I am_on_stop_called: [0,com.android.gallery3d.vivo.GalleryTabActivity,handleStopActivity]
05-11 16:32:29.039   512   512 I sf_frame_dur: [com.vivo.gallery/com.android.gallery3d.vivo.GalleryTabActivity,6,0,2,1,0,1,0]
05-11 16:32:35.157  3843  4672 I am_finish_activity: [0,160597384,150,com.vivo.gallery/com.android.gallery3d.vivo.NewPageActivity,app-request]
05-11 16:32:35.158  3843  4672 I wm_task_moved: [150,1,11]
05-11 16:32:35.160  3843  4672 I am_focused_activity: [0,com.vivo.gallery/com.android.gallery3d.vivo.GalleryTabActivity,finishActivity adjustFocus]
