05-13 14:03:32.700  4060  4100 I am_pss  : [12412,10128,com.tencent.mobileqq:TMAssistantDownloadSDKService,16090112,14188544,0]
05-13 14:03:32.718  4060  4100 I am_pss  : [5403,1000,com.android.settings,20790272,19451904,0]
05-13 14:03:32.735  4060  4100 I am_pss  : [16602,10085,com.vivo.secime.service,17359872,11038720,0]
05-13 14:03:33.261  4060  4100 I am_pss  : [5857,10064,com.bbk.iqoo.logsystem,59384832,57483264,0]
05-13 14:03:33.276  4060  4100 I am_pss  : [15831,1000,com.qti.service.colorservice,3729408,2985984,0]
05-13 14:03:33.290  4060  4100 I am_pss  : [4971,1000,com.vivo.appfilter,8460288,7581696,0]
05-13 14:03:33.305  4060  4100 I am_pss  : [16654,10056,com.vivo.doubletimezoneclock,14334976,12898304,0]
05-13 14:03:33.322  4060  4100 I am_pss  : [15967,10030,com.bbk.appstore,16800768,14753792,0]
05-13 14:03:33.336  4060  4100 I am_pss  : [6950,1000,com.vivo.wifi.networkdetect,4838400,3923968,0]
05-13 14:03:33.356  4060  4100 I am_pss  : [23624,10155,com.eg.android.AlipayGphone:push,33550336,24764416,0]
05-13 14:03:33.384  4060  4100 I am_pss  : [24614,10155,com.eg.android.AlipayGphone,68826112,59052032,0]
05-13 14:03:33.399  4060  4100 I am_pss  : [25602,10087,com.bbk.updater,10293248,8777728,0]
05-13 14:03:33.414  4060  4100 I am_pss  : [21539,10011,android.process.media,7218176,5763072,0]
05-13 14:03:33.429  4060  4100 I am_pss  : [12702,10028,com.vivo.audiofx,5253120,4329472,0]
05-13 14:03:33.443  4060  4100 I am_pss  : [25708,1000,com.volte.config,3299328,2379776,0]
05-13 14:03:33.457  4060  4100 I am_pss  : [25684,1000,com.qualcomm.display,3408896,2494464,0]
05-13 14:03:33.473  4060  4100 I am_pss  : [25633,10092,com.android.camera,14187520,11632640,0]
05-13 14:03:33.487  4060  4100 I am_pss  : [25551,1000,com.qualcomm.qti.appnetaccess,3667968,2686976,0]
05-13 14:03:33.502  4060  4100 I am_pss  : [20210,10002,android.process.acore,16142336,14114816,0]
05-13 14:03:33.517  4060  4100 I am_pss  : [25218,10045,com.vivo.weather.provider,12774400,10924032,0]
05-13 14:03:33.532  4060  4100 I am_pss  : [14795,10097,com.vivo.gallery,6219776,4198400,0]
05-13 14:03:33.547  4060  4100 I am_pss  : [25271,1000,org.simalliance.openmobileapi.service:remote,4584448,3289088,0]
05-13 14:03:33.562  4060  4100 I am_pss  : [18605,10041,com.android.BBKClock,4972544,3751936,0]
05-13 14:03:33.578  4060  4100 I am_pss  : [17284,10110,com.chaozh.iReader,13522944,11403264,0]
05-13 14:03:33.594  4060  4100 I am_pss  : [16755,1000,com.vivo.abe:pushservice_v1,12390400,10297344,0]
05-13 14:03:33.612  4060  4100 I am_pss  : [5482,1000,com.vivo.smartmultiwindow,20680704,19120128,0]
05-13 14:03:33.627  4060  4100 I am_pss  : [11158,10081,com.vivo.safecenter,6342656,5545984,0]
05-13 14:03:33.642  4060  4100 I am_pss  : [14966,10101,com.vivo.sdkplugin,5143552,3264512,0]
05-13 14:03:33.663  4060  4100 I am_pss  : [20188,10132,com.tencent.mm:tools,21096448,17862656,0]
05-13 14:03:33.681  4060  4100 I am_pss  : [7740,10132,com.tencent.mm:push,19604480,17293312,0]
05-13 14:03:33.702  4060  4100 I am_pss  : [9134,10128,com.tencent.mobileqq:openSdk,28703744,23490560,0]
05-13 14:03:33.717  4060  4100 I am_pss  : [9272,1000,com.vivo.permissionmanager,12519424,11657216,0]
05-13 14:03:33.736  4060  4100 I am_pss  : [19927,1001,com.android.incallui,17307648,15929344,0]
05-13 14:03:33.753  4060  4100 I am_pss  : [8885,10063,com.iqoo.secure:remote,35903488,34402304,0]
05-13 14:03:33.768  4060  4100 I am_pss  : [5788,10002,com.vivo.sim.contacts,4321280,3530752,0]
05-13 14:03:33.786  4060  4100 I am_pss  : [5066,1002,com.android.bluetooth,9014272,7585792,0]
05-13 14:03:33.802  4060  4100 I am_pss  : [9962,1000,com.vivo.intelliengine,10110976,8916992,0]
05-13 14:03:33.819  4060  4100 I am_pss  : [9904,10132,com.tencent.mm:exdevice,10109952,8671232,0]
05-13 14:03:33.833  4060  4100 I am_pss  : [5803,1001,com.qualcomm.qcrilmsgtunnel,3823616,3100672,0]
05-13 14:03:33.849  4060  4100 I am_pss  : [7978,10132,com.tencent.mm:recovery,7477248,5996544,0]
05-13 14:03:33.863  4060  4100 I am_pss  : [6494,10071,com.oma.drm.server,3662848,2945024,0]
05-13 14:03:33.880  4060  4100 I am_pss  : [6478,10017,com.baidu.map.location,14663680,13090816,0]
05-13 14:03:33.894  4060  4100 I am_pss  : [6467,1001,com.qualcomm.qti.loadcarrier,3382272,2674688,0]
05-13 14:03:33.909  4060  4100 I am_pss  : [6452,1000,com.alps.lcn,6894592,5967872,0]
05-13 14:03:33.926  4060  4100 I am_pss  : [6440,1000,com.vivo.abe,25920512,23846912,0]
05-13 14:03:33.948  4060  4100 I am_pss  : [5547,1001,com.android.phone,34444288,32796672,0]
05-13 14:03:33.973  4060  4100 I am_pss  : [7389,1000,com.vivo.upslide,115386368,113086464,0]
05-13 14:03:33.988  4060  4100 I am_pss  : [5513,1000,com.android.server.telecom,7676928,6815744,0]
05-13 14:03:34.004  4060  4100 I am_pss  : [5507,1000,.dataservices,7052288,6217728,0]
05-13 14:03:34.027  4060  4100 I am_pss  : [5389,1000,com.vivo.daemonService,30220288,28266496,0]
05-13 14:03:34.058  4060  4100 I am_pss  : [5202,10024,com.android.systemui,94559232,90177536,0]
05-13 14:03:34.115  4060  4100 I am_pss  : [4060,1000,system,152264704,148353024,0]
05-13 14:03:34.274  4060  4060 I power_screen_broadcast_done: [1,2209,1]
05-13 14:03:39.118  4060  4114 I power_sleep_requested: 0
05-13 14:03:39.121  4060  4060 I power_screen_state: [0,3,0,0]
05-13 14:03:39.121  4060  4060 I screen_toggled: 0
05-13 14:03:39.121  4060  4060 I sysui_histogram: [screen_timeout,30]
05-13 14:03:39.122  4060  4060 I power_screen_broadcast_send: 1
05-13 14:03:39.135  4060 23153 I notification_panel_hidden: []
05-13 14:03:39.194  4060 17965 I am_wtf  : [0,4060,system_server,-1,ActivityManager,Sending non-protected broadcast com.vivo.updater.action.SCREEN_OFF from system 5389:com.vivo.daemonService/1000 pkg com.vivo.daemonService]
05-13 14:03:39.218  4060  5137 I am_wtf  : [0,4060,system_server,-1,ActivityManager,Sending non-protected broadcast action.com.vlife.provider.sync from system 5202:com.android.systemui/u0a24 pkg com.android.systemui]
05-13 14:03:39.219  4060  5137 I am_wtf  : [0,4060,system_server,-1,ActivityManager,Sending non-protected broadcast action.com.vlife.provider.sync from system 5202:com.android.systemui/u0a24 pkg com.android.systemui]
05-13 14:03:39.222  4060  5421 I am_wtf  : [0,4060,system_server,-1,ActivityManager,Sending non-protected broadcast action.com.vlife.provider.sync from system 5202:com.android.systemui/u0a24 pkg com.android.systemui]
05-13 14:03:39.223  4060  5421 I am_wtf  : [0,4060,system_server,-1,ActivityManager,Sending non-protected broadcast action.com.vlife.provider.sync from system 5202:com.android.systemui/u0a24 pkg com.android.systemui]
05-13 14:03:39.250  4060  4077 I am_proc_start: [0,32086,10089,com.vlife.vivo.wallpaper:main,service,com.vlife.vivo.wallpaper/com.vlife.TService]
05-13 14:03:39.284  4060 17969 I am_proc_bound: [0,32086,com.vlife.vivo.wallpaper:main]
05-13 14:03:39.459  4060  4060 I power_screen_broadcast_done: [0,337,1]
05-13 14:04:19.716  4060 17969 I am_mem_factor: [2,3]
05-13 14:04:19.938  4060  4100 I am_pss  : [10441,10128,com.tencent.mobileqq,207269888,199430144,0]
05-13 14:04:19.964  4060  4100 I am_pss  : [7786,10128,com.tencent.mobileqq:MSF,27534336,25112576,0]
05-13 14:04:19.993  4060  4100 I am_pss  : [7375,10034,com.bbk.launcher2,98381824,95354880,0]
05-13 14:04:20.010  4060  4100 I am_pss  : [6575,1000,com.vivo.doubleinstance,4307968,3571712,0]
05-13 14:04:20.048  4060  4100 I am_pss  : [7930,10132,com.tencent.mm,119752704,114765824,0]
05-13 14:04:20.070  4060  4100 I am_pss  : [6631,1000,com.android.bbklog,28054528,25878528,0]
05-13 14:04:20.101  4060  4100 I am_pss  : [5085,10062,com.baidu.input_bbk.service,60676096,56041472,0]
05-13 14:04:20.119  4060  4100 I am_pss  : [12412,10128,com.tencent.mobileqq:TMAssistantDownloadSDKService,16446464,14610432,0]
05-13 14:04:20.136  4060  4100 I am_pss  : [5403,1000,com.android.settings,20790272,19451904,0]
05-13 14:04:20.154  4060  4100 I am_pss  : [16602,10085,com.vivo.secime.service,17359872,11038720,0]
05-13 14:04:20.668  4060  4100 I am_pss  : [5857,10064,com.bbk.iqoo.logsystem,59317248,57491456,0]
05-13 14:04:20.682  4060  4100 I am_pss  : [25602,10087,com.bbk.updater,10407936,8892416,0]
05-13 14:04:20.696  4060  4100 I am_pss  : [15831,1000,com.qti.service.colorservice,3729408,2985984,0]
05-13 14:04:20.711  4060  4100 I am_pss  : [21539,10011,android.process.media,7217152,5763072,0]
05-13 14:04:20.725  4060  4100 I am_pss  : [4971,1000,com.vivo.appfilter,8460288,7581696,0]
05-13 14:04:20.740  4060  4100 I am_pss  : [16654,10056,com.vivo.doubletimezoneclock,14334976,12898304,0]
05-13 14:04:20.757  4060  4100 I am_pss  : [15967,10030,com.bbk.appstore,16800768,14753792,0]
05-13 14:04:20.771  4060  4100 I am_pss  : [6950,1000,com.vivo.wifi.networkdetect,4838400,3923968,0]
05-13 14:04:20.791  4060  4100 I am_pss  : [23624,10155,com.eg.android.AlipayGphone:push,33345536,24739840,0]
05-13 14:04:20.819  4060  4100 I am_pss  : [24614,10155,com.eg.android.AlipayGphone,68613120,59011072,0]
05-13 14:04:20.834  4060  4100 I am_pss  : [12702,10028,com.vivo.audiofx,5251072,4325376,0]
05-13 14:04:20.848  4060  4100 I am_pss  : [25708,1000,com.volte.config,3302400,2383872,0]
05-13 14:04:20.862  4060  4100 I am_pss  : [25684,1000,com.qualcomm.display,3411968,2498560,0]
05-13 14:04:20.878  4060  4100 I am_pss  : [25633,10092,com.android.camera,14055424,11620352,0]
05-13 14:04:20.892  4060  4100 I am_pss  : [25551,1000,com.qualcomm.qti.appnetaccess,3671040,2691072,0]
05-13 14:04:20.907  4060  4100 I am_pss  : [20210,10002,android.process.acore,16141312,14114816,0]
05-13 14:04:20.922  4060  4100 I am_pss  : [25218,10045,com.vivo.weather.provider,12774400,10924032,0]
05-13 14:04:20.937  4060  4100 I am_pss  : [14795,10097,com.vivo.gallery,6099968,4194304,0]
05-13 14:04:20.952  4060  4100 I am_pss  : [25271,1000,org.simalliance.openmobileapi.service:remote,4584448,3289088,0]
05-13 14:04:20.966  4060  4100 I am_pss  : [18605,10041,com.android.BBKClock,4971520,3751936,0]
05-13 14:04:20.987  4060  4100 I am_pss  : [17284,10110,com.chaozh.iReader,13402112,11395072,0]
05-13 14:04:21.002  4060  4100 I am_pss  : [16755,1000,com.vivo.abe:pushservice_v1,12388352,10297344,0]
05-13 14:04:21.019  4060  4100 I am_pss  : [5482,1000,com.vivo.smartmultiwindow,20679680,19120128,0]
05-13 14:04:21.034  4060  4100 I am_pss  : [11158,10081,com.vivo.safecenter,6342656,5545984,0]
05-13 14:04:21.049  4060  4100 I am_pss  : [14966,10101,com.vivo.sdkplugin,5037056,3264512,0]
05-13 14:04:21.070  4060  4100 I am_pss  : [20188,10132,com.tencent.mm:tools,20981760,17866752,0]
05-13 14:04:21.087  4060  4100 I am_pss  : [7740,10132,com.tencent.mm:push,19532800,17293312,0]
05-13 14:04:21.108  4060  4100 I am_pss  : [9134,10128,com.tencent.mobileqq:openSdk,29022208,23941120,0]
05-13 14:04:21.124  4060  4100 I am_pss  : [9272,1000,com.vivo.permissionmanager,12519424,11657216,0]
05-13 14:04:21.142  4060  4100 I am_pss  : [19927,1001,com.android.incallui,17307648,15929344,0]
05-13 14:04:21.159  4060  4100 I am_pss  : [8885,10063,com.iqoo.secure:remote,36019200,34516992,0]
05-13 14:04:21.172  4060  4100 I am_pss  : [5788,10002,com.vivo.sim.contacts,4321280,3530752,0]
05-13 14:04:21.191  4060  4100 I am_pss  : [5066,1002,com.android.bluetooth,8943616,7585792,0]
05-13 14:04:21.206  4060  4100 I am_pss  : [9962,1000,com.vivo.intelliengine,10110976,8916992,0]
05-13 14:04:21.222  4060  4100 I am_pss  : [9904,10132,com.tencent.mm:exdevice,10059776,8675328,0]
05-13 14:04:21.236  4060  4100 I am_pss  : [5803,1001,com.qualcomm.qcrilmsgtunnel,3823616,3100672,0]
05-13 14:04:21.251  4060  4100 I am_pss  : [7978,10132,com.tencent.mm:recovery,7418880,5996544,0]
05-13 14:04:34.702  4060  5555 I am_proc_died: [0,31714,com.tencent.mobileqq:qzone]
05-13 14:04:34.703  4060  5555 I am_schedule_service_restart: [0,com.tencent.mobileqq/cooperation.qzone.remote.logic.QzoneWebPluginProxyService,1000]
05-13 14:04:35.727  4060  4102 I am_proc_start: [0,32165,10128,com.tencent.mobileqq:qzone,service,com.tencent.mobileqq/cooperation.qzone.remote.logic.QzoneWebPluginProxyService]
05-13 14:04:35.755  4060  9064 I am_proc_bound: [0,32165,com.tencent.mobileqq:qzone]
05-13 14:04:39.732 10441 11461 I force_gc: Binder
05-13 14:04:51.363  4060  4100 I am_pss  : [32086,10089,com.vlife.vivo.wallpaper:main,9246720,7008256,0]
05-13 14:04:56.287  4060  4102 I am_broadcast_discard_app: [0,77984485,NULL,0,ResolveInfo{cc861ba com.happyelements.AndroidAnimal/com.happyelements.gsp.android.notification.gcn.GcnBroadcastReceiver m=0x0}]
05-13 14:04:56.377  4060  4100 I am_pss  : [32165,10128,com.tencent.mobileqq:qzone,35458048,31072256,0]
05-13 14:04:56.381  4060  4100 I sync    : [com.tencent.mtt.account.sync,0,4,105225487]
05-13 14:06:28.523  4060  4308 I sysui_histogram: [power_double_tap_interval,176470]
05-13 14:06:28.527  4060  4060 I power_screen_state: [1,0,0,0]
05-13 14:06:28.527  4060  4060 I screen_toggled: 1
05-13 14:06:28.531  4060  4060 I power_screen_broadcast_send: 1
05-13 14:06:28.534  5202  5202 I sysui_histogram: [note_load,3]
05-13 14:06:28.534  4060  5536 I notification_panel_revealed: 3
05-13 14:06:28.582  4060  4060 I am_broadcast_discard_app: [0,59495950,NULL,0,ResolveInfo{a96982f com.happyelements.AndroidAnimal/com.happyelements.gsp.android.notification.gcn.GcnBroadcastReceiver m=0x0}]
05-13 14:06:28.694  4060 23153 I am_wtf  : [0,4060,system_server,-1,ActivityManager,Sending non-protected broadcast com.vivo.updater.action.SCREEN_ON from system 5389:com.vivo.daemonService/1000 pkg com.vivo.daemonService]
05-13 14:06:28.733  4060  4100 I am_pss  : [4060,1000,system,153294848,149381120,0]
05-13 14:06:28.754  4060  4100 I am_pss  : [5389,1000,com.vivo.daemonService,26109952,24154112,0]
05-13 14:06:28.768  4060  4100 I am_pss  : [11158,10081,com.vivo.safecenter,6342656,5545984,0]
05-13 14:06:28.785  4060  4100 I am_pss  : [8885,10063,com.iqoo.secure:remote,36064256,34562048,0]
05-13 14:06:28.799  4060  4100 I am_pss  : [6494,10071,com.oma.drm.server,3662848,2945024,0]
05-13 14:06:28.815  4060  4100 I am_pss  : [6478,10017,com.baidu.map.location,14712832,13139968,0]
05-13 14:06:28.829  4060  4100 I am_pss  : [6467,1001,com.qualcomm.qti.loadcarrier,3382272,2674688,0]
05-13 14:06:28.840   513   513 I sf_frame_dur: [ColorFade,2,1,0,0,0,0,0]
05-13 14:06:28.843  4060  4100 I am_pss  : [6452,1000,com.alps.lcn,6894592,5967872,0]
05-13 14:06:28.860  4060  4100 I am_pss  : [6440,1000,com.vivo.abe,25882624,23810048,0]
05-13 14:06:28.881  4060  4100 I am_pss  : [5547,1001,com.android.phone,34484224,32837632,0]
05-13 14:06:28.904  4060  4100 I am_pss  : [7389,1000,com.vivo.upslide,115463168,113164288,0]
05-13 14:06:28.918  4060  4100 I am_pss  : [5513,1000,com.android.server.telecom,7676928,6815744,0]
05-13 14:06:28.934  4060  4100 I am_pss  : [5507,1000,.dataservices,7060480,6225920,0]
05-13 14:06:28.965  4060  4100 I am_pss  : [5202,10024,com.android.systemui,94682112,90300416,0]
05-13 14:06:29.114  4060  4060 I power_screen_broadcast_done: [1,583,1]
05-13 14:06:29.612  5202  5202 I sysui_status_bar_state: [1,1,0,1,1,0]
05-13 14:06:36.342  4060  4114 I power_sleep_requested: 0
05-13 14:06:36.346  4060  4060 I power_screen_state: [0,3,0,0]
05-13 14:06:36.346  4060  4060 I screen_toggled: 0
05-13 14:06:36.346  4060  4060 I sysui_histogram: [screen_timeout,30]
05-13 14:06:36.346  4060  4060 I power_screen_broadcast_send: 1
05-13 14:06:36.360  4060  5539 I notification_panel_hidden: []
05-13 14:06:36.422  4060  5143 I am_wtf  : [0,4060,system_server,-1,ActivityManager,Sending non-protected broadcast com.vivo.updater.action.SCREEN_OFF from system 5389:com.vivo.daemonService/1000 pkg com.vivo.daemonService]
05-13 14:06:36.450  4060  5554 I am_wtf  : [0,4060,system_server,-1,ActivityManager,Sending non-protected broadcast action.com.vlife.provider.sync from system 5202:com.android.systemui/u0a24 pkg com.android.systemui]
05-13 14:06:36.451  4060  5554 I am_wtf  : [0,4060,system_server,-1,ActivityManager,Sending non-protected broadcast action.com.vlife.provider.sync from system 5202:com.android.systemui/u0a24 pkg com.android.systemui]
05-13 14:06:36.458  4060 19040 I am_wtf  : [0,4060,system_server,-1,ActivityManager,Sending non-protected broadcast action.com.vlife.provider.sync from system 5202:com.android.systemui/u0a24 pkg com.android.systemui]
05-13 14:06:36.459  4060 19040 I am_wtf  : [0,4060,system_server,-1,ActivityManager,Sending non-protected broadcast action.com.vlife.provider.sync from system 5202:com.android.systemui/u0a24 pkg com.android.systemui]
05-13 14:06:36.459  5202  5202 I sysui_status_bar_state: [1,1,0,0,1,0]
05-13 14:06:36.494  4060  5421 I am_wtf  : [0,4060,system_server,-1,ActivityManager,Sending non-protected broadcast action.com.vlife.provider.sync from system 5202:com.android.systemui/u0a24 pkg com.android.systemui]
05-13 14:06:36.495  4060  5421 I am_wtf  : [0,4060,system_server,-1,ActivityManager,Sending non-protected broadcast action.com.vlife.provider.sync from system 5202:com.android.systemui/u0a24 pkg com.android.systemui]
05-13 14:06:36.498  4060 17967 I am_wtf  : [0,4060,system_server,-1,ActivityManager,Sending non-protected broadcast action.com.vlife.provider.sync from system 5202:com.android.systemui/u0a24 pkg com.android.systemui]
05-13 14:06:36.499  4060 17967 I am_wtf  : [0,4060,system_server,-1,ActivityManager,Sending non-protected broadcast action.com.vlife.provider.sync from system 5202:com.android.systemui/u0a24 pkg com.android.systemui]
05-13 14:06:36.708  4060  4060 I power_screen_broadcast_done: [0,363,1]
05-13 14:06:39.327  4060 19040 I battery_discharge: [6987165,100,99]
05-13 14:06:39.327  4060 19040 I battery_status: [2,2,1,2,Li-ion]
05-13 14:06:39.357  4060  4060 I power_screen_state: [1,0,0,0]
05-13 14:06:39.357  4060  4060 I screen_toggled: 1
05-13 14:06:39.360  4060  4060 I power_screen_broadcast_send: 1
05-13 14:06:39.408  4060  5554 I am_broadcast_discard_app: [0,34619781,android.intent.action.ACTION_POWER_CONNECTED,1,ResolveInfo{9187101 com.jingdong.app.mall/com.tencent.android.tpush.XGPushReceiver p=2147483647 m=0x108000}]
05-13 14:06:39.409  4060  4102 I am_broadcast_discard_app: [0,34619781,android.intent.action.ACTION_POWER_CONNECTED,2,ResolveInfo{99c9ba6 com.tuan800.tao800/com.tencent.android.tpush.XGPushReceiver p=2147483647 m=0x108000}]
05-13 14:06:39.410  4060  4102 I am_broadcast_discard_app: [0,34619781,android.intent.action.ACTION_POWER_CONNECTED,3,ResolveInfo{77f09e7 com.tuan800.tao800/.share.utils.AlarmReceiver p=1000 m=0x108000}]
05-13 14:06:39.449  4060  4060 I sysui_histogram: [fingerprint_token,0]
05-13 14:06:39.450  5202  5202 I sysui_histogram: [note_load,3]
05-13 14:06:39.456  4060 23035 I notification_panel_revealed: 3
05-13 14:06:39.500  4060 17970 I am_broadcast_discard_app: [0,34619781,android.intent.action.ACTION_POWER_CONNECTED,8,ResolveInfo{9285d83 com.baidu.BaiduMap/com.baidu.android.pushservice.PushServiceReceiver m=0x108000}]
05-13 14:06:39.501  4060  4102 I am_broadcast_discard_app: [0,34619781,android.intent.action.ACTION_POWER_CONNECTED,9,ResolveInfo{8ffeb00 com.baidu.lbs.waimai/com.baidu.waimai.link.LinkServiceReceiver m=0x108000}]
05-13 14:06:39.501  4060  4102 I am_broadcast_discard_app: [0,34619781,android.intent.action.ACTION_POWER_CONNECTED,10,ResolveInfo{913f39 com.baidu.netdisk/com.baidu.android.pushservice.PushServiceReceiver m=0x108000}]
05-13 14:06:39.505  4060  4102 I am_broadcast_discard_app: [0,34619781,android.intent.action.ACTION_POWER_CONNECTED,11,ResolveInfo{e31797e com.baidu.netdisk/.kernel.device.monitor.battery.BatteryMonitor m=0x108000}]
05-13 14:06:39.506  4060  4102 I am_broadcast_discard_app: [0,34619781,android.intent.action.ACTION_POWER_CONNECTED,12,ResolveInfo{3894edf com.gameabc.zhanqiAndroid/com.igexin.sdk.PushReceiver m=0x108000}]
05-13 14:06:39.507  4060  4102 I am_broadcast_discard_app: [0,34619781,android.intent.action.ACTION_POWER_CONNECTED,13,ResolveInfo{6f8b72c com.handsgo.jiakao.android/io.rong.push.PushReceiver m=0x108000}]
05-13 14:06:39.510  4060  4102 I am_broadcast_discard_app: [0,34619781,android.intent.action.ACTION_POWER_CONNECTED,14,ResolveInfo{7bd95f5 com.hunantv.imgo.activity/com.igexin.sdk.PushReceiver m=0x108000}]
05-13 14:06:39.514  4060  4102 I am_broadcast_discard_app: [0,34619781,android.intent.action.ACTION_POWER_CONNECTED,15,ResolveInfo{fe7af8a com.jm.android.jumei/com.igexin.sdk.PushReceiver m=0x108000}]
05-13 14:06:39.519  4060  4102 I am_broadcast_discard_app: [0,34619781,android.intent.action.ACTION_POWER_CONNECTED,16,ResolveInfo{bddf9fb com.meitu.meiyancamera/com.igexin.sdk.PushReceiver m=0x108000}]
05-13 14:06:39.520  4060  4102 I am_broadcast_discard_app: [0,34619781,android.intent.action.ACTION_POWER_CONNECTED,17,ResolveInfo{2d01a18 com.meitu.wheecam/com.igexin.sdk.PushReceiver m=0x108000}]
05-13 14:06:39.521  4060  4102 I am_broadcast_discard_app: [0,34619781,android.intent.action.ACTION_POWER_CONNECTED,18,ResolveInfo{11e9c71 com.mobike.mobikeapp/com.igexin.sdk.PushReceiver m=0x108000}]
05-13 14:06:39.521  4060  4102 I am_broadcast_discard_app: [0,34619781,android.intent.action.ACTION_POWER_CONNECTED,19,ResolveInfo{e193a56 com.nuomi/com.baidu.android.pushservice.PushServiceReceiver m=0x108000}]
05-13 14:06:39.522  4060  4102 I am_broadcast_discard_app: [0,34619781,android.intent.action.ACTION_POWER_CONNECTED,20,ResolveInfo{5083ad7 com.pplive.androidphone/io.rong.push.PushReceiver m=0x108000}]
05-13 14:06:39.524  4060  4102 I am_broadcast_discard_app: [0,34619781,android.intent.action.ACTION_POWER_CONNECTED,21,ResolveInfo{fb8bfc4 com.shoujiduoduo.ringtone/com.igexin.sdk.PushReceiver m=0x108000}]
05-13 14:06:39.578  4060  4102 I am_proc_start: [0,32548,10142,com.sie.mp,broadcast,com.sie.mp/com.vivo.push.sdk.service.PushServiceReceiver]
05-13 14:06:39.582  4060 23154 I am_proc_bound: [0,32548,com.sie.mp]
05-13 14:06:39.696  4060 17966 I am_wtf  : [0,4060,system_server,-1,ActivityManager,Sending non-protected broadcast com.vivo.updater.action.SCREEN_ON from system 5389:com.vivo.daemonService/1000 pkg com.vivo.daemonService]
05-13 14:06:39.699   513   513 I sf_frame_dur: [ColorFade,3,0,0,0,0,0,0]
05-13 14:06:39.725  4060  4060 I notification_enqueue: [1000,4060,android,110110,NULL,0,Notification(pri=0 contentView=null vibrate=null sound=null tick defaults=0x0 flags=0x2 color=0xff607d8b vis=PUBLIC),0]
05-13 14:06:39.743  4060  4060 I notification_enqueue: [1000,4060,android,10011,NULL,0,Notification(pri=2 contentView=android/0x3030020 vibrate=null sound=null tick defaults=0x0 flags=0x2 color=0x00000000 vis=PUBLIC),0]
05-13 14:06:39.750  4060 23035 I notification_autogrouped: 0|android|110110|null|1000
05-13 14:06:39.751  4060  4060 I notification_enqueue: [1000,4060,android,2147483647,group_key_override,0,Notification(pri=0 contentView=null vibrate=null sound=null defaults=0x0 flags=0x700 color=0xff607d8b groupKey=ranker_bundle vis=PRIVATE),0]
05-13 14:06:39.752  4060  5421 I notification_autogrouped: 0|android|110110|null|1000
05-13 14:06:39.755  4060 23154 I notification_autogrouped: 0|android|110110|null|1000
05-13 14:06:39.756  4060  5309 I notification_autogrouped: 0|android|110110|null|1000
05-13 14:06:39.756  4060  5309 I notification_autogrouped: 0|android|10011|null|1000
05-13 14:06:39.830  4060  5143 I notification_expansion: [0|android|10011|null|1000,1,1,88,88,0]
05-13 14:06:39.838  4060  4077 I notification_expansion: [0|android|10011|null|1000,0,0,96,96,0]
05-13 14:06:39.971  4060  4060 I power_screen_broadcast_done: [1,611,1]
05-13 14:06:40.412  4060 17967 I am_proc_start: [0,32688,10142,com.sie.mp:pushservice,service,com.sie.mp/com.igexin.sdk.PushService]
05-13 14:06:40.414  4060 17974 I am_broadcast_discard_app: [0,34619781,android.intent.action.ACTION_POWER_CONNECTED,24,ResolveInfo{8576b8e com.ss.android.article.news/com.ss.android.message.MessageReceiver m=0x108000}]
05-13 14:06:40.419  4060  4102 I am_broadcast_discard_app: [0,34619781,android.intent.action.ACTION_POWER_CONNECTED,25,ResolveInfo{dd23faf com.ss.android.essay.joke/com.ss.android.message.MessageReceiver m=0x108000}]
05-13 14:06:40.419  4060  4102 I am_broadcast_discard_app: [0,34619781,android.intent.action.ACTION_POWER_CONNECTED,26,ResolveInfo{2469fbc com.tencent.mtt/.browser.push.service.ConnectivityReceiver m=0x108000}]
05-13 14:06:40.420  4060  4102 I am_broadcast_discard_app: [0,34619781,android.intent.action.ACTION_POWER_CONNECTED,27,ResolveInfo{4257b45 com.tencent.qqlive/.services.push.PushAlarmReceiver m=0x108000}]
05-13 14:06:40.422  4060  4102 I am_broadcast_discard_app: [0,34619781,android.intent.action.ACTION_POWER_CONNECTED,28,ResolveInfo{be2b29a com.tuan800.tao800/com.igexin.sdk.PushReceiver m=0x108000}]
05-13 14:06:40.423  4060  4102 I am_broadcast_discard_app: [0,34619781,android.intent.action.ACTION_POWER_CONNECTED,29,ResolveInfo{f0d27cb com.wuba/com.igexin.sdk.PushReceiver m=0x108000}]
05-13 14:06:40.424  4060  4102 I am_broadcast_discard_app: [0,34619781,android.intent.action.ACTION_POWER_CONNECTED,30,ResolveInfo{cbbfba8 com.ximalaya.ting.android/com.igexin.sdk.PushReceiver m=0x108000}]
05-13 14:06:40.425  4060  4102 I am_broadcast_discard_app: [0,34619781,android.intent.action.ACTION_POWER_CONNECTED,31,ResolveInfo{ea786c1 so.ofo.labofo/com.igexin.sdk.PushReceiver m=0x108000}]
05-13 14:06:40.436  4060  5309 I am_proc_bound: [0,32688,com.sie.mp:pushservice]
05-13 14:06:41.271  4060  4076 I am_proc_died: [0,32688,com.sie.mp:pushservice]
05-13 14:06:41.902  4060  5137 I am_proc_died: [0,24614,com.eg.android.AlipayGphone]
05-13 14:06:41.903  4060  5137 I am_schedule_service_restart: [0,com.eg.android.AlipayGphone/com.alipay.android.launcher.service.LauncherService,1000]
05-13 14:06:46.502  4060  4114 I power_sleep_requested: 0
05-13 14:06:46.514  4060  4060 I power_screen_state: [0,3,0,0]
05-13 14:06:46.514  4060  4060 I screen_toggled: 0
05-13 14:06:46.514  4060  4060 I sysui_histogram: [screen_timeout,30]
05-13 14:06:46.514  4060  4060 I power_screen_broadcast_send: 1
05-13 14:06:46.523  4060 17970 I notification_panel_hidden: []
05-13 14:06:46.591  4060  6533 I am_wtf  : [0,4060,system_server,-1,ActivityManager,Sending non-protected broadcast com.vivo.updater.action.SCREEN_OFF from system 5389:com.vivo.daemonService/1000 pkg com.vivo.daemonService]
05-13 14:06:46.647  4060 17969 I am_wtf  : [0,4060,system_server,-1,ActivityManager,Sending non-protected broadcast action.com.vlife.provider.sync from system 5202:com.android.systemui/u0a24 pkg com.android.systemui]
05-13 14:06:46.649  4060 17969 I am_wtf  : [0,4060,system_server,-1,ActivityManager,Sending non-protected broadcast action.com.vlife.provider.sync from system 5202:com.android.systemui/u0a24 pkg com.android.systemui]
05-13 14:06:46.651  4060 23155 I am_wtf  : [0,4060,system_server,-1,ActivityManager,Sending non-protected broadcast action.com.vlife.provider.sync from system 5202:com.android.systemui/u0a24 pkg com.android.systemui]
05-13 14:06:46.652  4060 23155 I am_wtf  : [0,4060,system_server,-1,ActivityManager,Sending non-protected broadcast action.com.vlife.provider.sync from system 5202:com.android.systemui/u0a24 pkg com.android.systemui]
05-13 14:06:46.839  4060  4060 I power_screen_broadcast_done: [0,325,1]
05-13 14:06:57.353  4060  4898 I stream_devices_changed: [0,1,4]
05-13 14:06:57.356  4060  4898 I stream_devices_changed: [2,2,6]
05-13 14:06:57.358  4060  4898 I stream_devices_changed: [4,2,6]
05-13 14:06:57.361  4060  4898 I stream_devices_changed: [6,1,4]
05-13 14:06:57.368  4060  4898 I stream_devices_changed: [3,2,4]
05-13 14:06:57.404  4060  4898 I volume_changed: [3,12,10,15,updateStreamVolume]
05-13 14:06:58.428  4060  4060 I sysui_histogram: [fingerprint_token,0]
05-13 14:07:19.718  4060  4060 I free_storage_changed: 22766829568
05-13 14:07:33.970  4060  4100 I am_pss  : [32548,10142,com.sie.mp,15556608,12312576,0]
05-13 14:07:34.010  4060  4100 I am_pss  : [8885,10063,com.iqoo.secure:remote,36081664,34648064,0]
05-13 14:07:34.872  4060 17969 I am_proc_died: [0,32165,com.tencent.mobileqq:qzone]
05-13 14:07:34.873  4060 17969 I am_schedule_service_restart: [0,com.tencent.mobileqq/cooperation.qzone.remote.logic.QzoneWebPluginProxyService,1000]
05-13 14:07:35.894  4060  4102 I am_proc_start: [0,440,10128,com.tencent.mobileqq:qzone,service,com.tencent.mobileqq/cooperation.qzone.remote.logic.QzoneWebPluginProxyService]
05-13 14:07:35.925  4060 19040 I am_proc_bound: [0,440,com.tencent.mobileqq:qzone]
05-13 14:07:56.080  4060  4100 I am_pss  : [440,10128,com.tencent.mobileqq:qzone,35398656,30969856,0]
05-13 14:07:56.177  4060  4060 I sysui_action: [252,true]
05-13 14:07:56.250  5202  5238 I screen_toggled: 2
05-13 14:07:56.268  4060  4060 I power_screen_state: [1,0,0,0]
05-13 14:07:56.268  4060  4060 I screen_toggled: 1
05-13 14:07:56.269  4060  4060 I power_screen_broadcast_send: 1
05-13 14:07:56.273  4060  4102 I am_broadcast_discard_app: [0,254374493,NULL,0,ResolveInfo{66c37d2 com.happyelements.AndroidAnimal/com.happyelements.gsp.android.notification.gcn.GcnBroadcastReceiver m=0x0}]
05-13 14:07:56.300   513   513 I sf_frame_dur: [ColorFade,3,0,0,0,0,0,0]
05-13 14:07:56.303  5202  5202 I sysui_status_bar_state: [1,0,0,0,1,0]
05-13 14:07:56.324  4060  6527 I am_wtf  : [0,4060,system_server,-1,ActivityManager,Sending non-protected broadcast com.vivo.updater.action.SCREEN_ON from system 5389:com.vivo.daemonService/1000 pkg com.vivo.daemonService]
05-13 14:07:56.337  5202  5202 I sysui_view_visibility: [111,0]
05-13 14:07:56.374  4060  5564 I am_resume_activity: [0,246401512,6,com.tencent.mobileqq/.activity.NotificationActivity]
05-13 14:07:56.382 10441 10441 I am_on_resume_called: [0,com.tencent.mobileqq.activity.NotificationActivity,RESUME_ACTIVITY]
05-13 14:07:56.396  4060  4102 I am_broadcast_discard_app: [0,104559288,android.intent.action.USER_PRESENT,0,ResolveInfo{db0d3f6 com.happyelements.AndroidAnimal/cn.egame.terminal.sdk.EgameCoreReceiver p=2147483647 m=0x108000}]
05-13 14:07:56.401  4060  5539 I notification_expansion: [0|android|10011|null|1000,0,1,76659,76659,0]
05-13 14:07:56.402  4060 23035 I notification_expansion: [0|android|110110|null|1000,0,1,76678,76678,0]
05-13 14:07:56.403  4060  9064 I notification_expansion: [0|com.android.bbklog|2147483647|group_key_override|1000|ranker_bundle,0,1,9364946,9364946,7060223]
05-13 14:07:56.405  5202  5202 I sysui_histogram: [note_load,6]
05-13 14:07:56.405  4060 19040 I notification_panel_revealed: 6
05-13 14:07:56.407  4060  5421 I am_broadcast_discard_app: [0,104559288,android.intent.action.USER_PRESENT,2,ResolveInfo{fd0accd com.jingdong.app.mall/com.tencent.android.tpush.XGPushReceiver p=2147483647 m=0x108000}]
05-13 14:07:56.409  4060  4102 I am_broadcast_discard_app: [0,104559288,android.intent.action.USER_PRESENT,4,ResolveInfo{40e3982 com.tuan800.tao800/com.tencent.android.tpush.XGPushReceiver p=2147483647 m=0x108000}]
05-13 14:07:56.531  4060  4077 I notification_panel_hidden: []
05-13 14:07:56.534   513   513 I sf_frame_dur: [SurfaceView - StatusBar,16,34,278,1,6,0,9]
05-13 14:07:56.545  4060  5565 I am_broadcast_discard_app: [0,104559288,android.intent.action.USER_PRESENT,6,ResolveInfo{5fcdaef bubei.tingshu/com.eguan.monitor.receiver.SystemStartReceiver p=9999 m=0x108000}]
05-13 14:07:56.546  4060  4102 I am_broadcast_discard_app: [0,104559288,android.intent.action.USER_PRESENT,7,ResolveInfo{d83a885 com.kuaikan.comic/com.eguan.monitor.receiver.SystemStartReciever p=9999 m=0x108000}]
05-13 14:07:56.563  4060  4102 I am_proc_start: [0,623,10091,com.bbk.calendar,broadcast,com.bbk.calendar/.alerts.BirthdayReceiver]
05-13 14:07:56.594  4060  5555 I am_proc_bound: [0,623,com.bbk.calendar]
05-13 14:07:56.656  4060  4060 I power_screen_broadcast_done: [1,387,1]
05-13 14:07:56.730  4060 17967 I am_proc_start: [0,748,10004,com.android.providers.calendar,content provider,com.android.providers.calendar/.CalendarProvider2]
05-13 14:07:56.744  4060  6527 I am_proc_bound: [0,748,com.android.providers.calendar]
05-13 14:07:56.761  4060 17969 I am_broadcast_discard_app: [0,104559288,android.intent.action.USER_PRESENT,16,ResolveInfo{2cc0732 air.tv.douyu.android/com.taobao.accs.EventReceiver m=0x108000}]
05-13 14:07:56.762  4060  4102 I am_broadcast_discard_app: [0,104559288,android.intent.action.USER_PRESENT,17,ResolveInfo{dbc7c83 bubei.tingshu/com.taobao.accs.EventReceiver m=0x108000}]
05-13 14:07:56.763  4060  4102 I am_broadcast_discard_app: [0,104559288,android.intent.action.USER_PRESENT,18,ResolveInfo{7831e00 com.Qunar/com.igexin.sdk.PushReceiver m=0x108000}]
05-13 14:07:56.764  4060  4102 I am_broadcast_discard_app: [0,104559288,android.intent.action.USER_PRESENT,19,ResolveInfo{9f7f639 com.UCMobile/com.taobao.accs.EventReceiver m=0x108000}]
05-13 14:07:56.768  4060  4102 I am_broadcast_discard_app: [0,104559288,android.intent.action.USER_PRESENT,20,ResolveInfo{4af647e com.autonavi.minimap/com.taobao.accs.EventReceiver m=0x108000}]
05-13 14:07:56.769  4060  4102 I am_broadcast_discard_app: [0,104559288,android.intent.action.USER_PRESENT,21,ResolveInfo{6c05ddf com.babycloud.hanju/com.taobao.accs.EventReceiver m=0x108000}]
05-13 14:07:56.769  4060  4102 I am_broadcast_discard_app: [0,104559288,android.intent.action.USER_PRESENT,22,ResolveInfo{5fc1a2c com.baidu.BaiduMap/com.baidu.android.pushservice.PushServiceReceiver m=0x108000}]
05-13 14:07:56.770  4060  4102 I am_broadcast_discard_app: [0,104559288,android.intent.action.USER_PRESENT,24,ResolveInfo{658bcf5 com.baidu.netdisk/com.baidu.android.pushservice.PushServiceReceiver m=0x108000}]
05-13 14:07:56.771  4060  4102 I am_broadcast_discard_app: [0,104559288,android.intent.action.USER_PRESENT,25,ResolveInfo{7d94a8a com.baidu.netdisk/com.baidu.devicesecurity.receiver.DSDeviceAdminReceiver m=0x108000}]
05-13 14:07:56.772  4060  4102 I am_broadcast_discard_app: [0,104559288,android.intent.action.USER_PRESENT,26,ResolveInfo{cf6f8fb com.duowan.kiwi/com.yy.pushsvc.WakeUpReceiver m=0x108000}]
05-13 14:07:56.773  4060  4102 I am_broadcast_discard_app: [0,104559288,android.intent.action.USER_PRESENT,27,ResolveInfo{226ad18 com.gameabc.zhanqiAndroid/com.igexin.sdk.PushReceiver m=0x108000}]
05-13 14:07:56.773  4060  4102 I am_broadcast_discard_app: [0,104559288,android.intent.action.USER_PRESENT,28,ResolveInfo{bc53371 com.handsgo.jiakao.android/io.rong.push.PushReceiver m=0x108000}]
05-13 14:07:56.774  4060  4102 I am_broadcast_discard_app: [0,104559288,android.intent.action.USER_PRESENT,29,ResolveInfo{3098556 com.happyelements.AndroidAnimal/com.happyelements.gsp.android.notification.gcn.GcnBroadcastReceiver m=0x108000}]
05-13 14:07:56.774  4060  4102 I am_broadcast_discard_app: [0,104559288,android.intent.action.USER_PRESENT,30,ResolveInfo{83229d7 com.hunantv.imgo.activity/com.igexin.sdk.PushReceiver m=0x108000}]
05-13 14:07:56.774  4060  4102 I am_broadcast_discard_app: [0,104559288,android.intent.action.USER_PRESENT,31,ResolveInfo{96582c4 com.jm.android.jumei/com.igexin.sdk.PushReceiver m=0x108000}]
05-13 14:07:56.775  4060  4102 I am_broadcast_discard_app: [0,104559288,android.intent.action.USER_PRESENT,32,ResolveInfo{5a895ad com.jm.android.jumei/.push.JMAliReceiver m=0x108000}]
05-13 14:07:56.775  4060  4102 I am_broadcast_discard_app: [0,104559288,android.intent.action.USER_PRESENT,33,ResolveInfo{730a0e2 com.jm.android.jumei/com.taobao.accs.EventReceiver m=0x108000}]
05-13 14:07:56.775  4060  4102 I am_broadcast_discard_app: [0,104559288,android.intent.action.USER_PRESENT,35,ResolveInfo{1858c73 com.letv.android.client/.receiver.LockScreenReceiver m=0x108000}]
05-13 14:07:56.776  4060  4102 I am_broadcast_discard_app: [0,104559288,android.intent.action.USER_PRESENT,36,ResolveInfo{a9a0730 com.letv.android.client/cn.jpush.android.service.PushReceiver m=0x108000}]
05-13 14:07:56.776  4060  4102 I am_broadcast_discard_app: [0,104559288,android.intent.action.USER_PRESENT,37,ResolveInfo{e5dfa9 com.meitu.meiyancamera/com.igexin.sdk.PushReceiver m=0x108000}]
05-13 14:07:56.776  4060  4102 I am_broadcast_discard_app: [0,104559288,android.intent.action.USER_PRESENT,38,ResolveInfo{1bbe92e com.meitu.wheecam/com.meitu.pushkit.InnerReceiver m=0x108000}]
05-13 14:07:56.777  4060  4102 I am_broadcast_discard_app: [0,104559288,android.intent.action.USER_PRESENT,39,ResolveInfo{5a27ccf com.meitu.wheecam/com.igexin.sdk.PushReceiver m=0x108000}]
05-13 14:07:56.778  4060  4102 I am_broadcast_discard_app: [0,104559288,android.intent.action.USER_PRESENT,40,ResolveInfo{f50665c com.mobike.mobikeapp/com.igexin.sdk.PushReceiver m=0x108000}]
05-13 14:07:56.778  4060  4102 I am_broadcast_discard_app: [0,104559288,android.intent.action.USER_PRESENT,41,ResolveInfo{b93cd65 com.mobike.mobikeapp/com.hyphenate.chat.EMMonitorReceiver m=0x108000}]
05-13 14:07:56.778  4060  4102 I am_broadcast_discard_app: [0,104559288,android.intent.action.USER_PRESENT,42,ResolveInfo{7a16a3a com.nuomi/com.baidu.android.pushservice.PushServiceReceiver m=0x108000}]
05-13 14:07:56.779  4060  4102 I am_broadcast_discard_app: [0,104559288,android.intent.action.USER_PRESENT,43,ResolveInfo{f416eb com.nuomi/com.baidu.ibeacon.service.SystemBroadcastReceiver m=0x108000}]
05-13 14:07:56.779  4060  4102 I am_broadcast_discard_app: [0,104559288,android.intent.action.USER_PRESENT,44,ResolveInfo{bab8c48 com.pplive.androidphone/.push.getui.PushReceiver m=0x108000}]
05-13 14:07:56.780  4060  4102 I am_broadcast_discard_app: [0,104559288,android.intent.action.USER_PRESENT,45,ResolveInfo{478dae1 com.pplive.androidphone/com.igexin.sdk.PushReceiver m=0x108000}]
05-13 14:07:56.780  4060  4102 I am_broadcast_discard_app: [0,104559288,android.intent.action.USER_PRESENT,46,ResolveInfo{52bf006 com.pplive.androidphone/com.pplive.pushmsgsdk.SdkReceiver m=0x108000}]
05-13 14:07:56.780  4060  4102 I am_broadcast_discard_app: [0,104559288,android.intent.action.USER_PRESENT,47,ResolveInfo{17b36c7 com.pplive.androidphone/io.rong.push.PushReceiver m=0x108000}]
05-13 14:07:56.781  4060  4102 I am_broadcast_discard_app: [0,104559288,android.intent.action.USER_PRESENT,48,ResolveInfo{11124f4 com.qzone/com.tencent.wns.export.AutoStartReceiver m=0x108000}]
05-13 14:07:56.781  4060  4102 I am_broadcast_discard_app: [0,104559288,android.intent.action.USER_PRESENT,49,ResolveInfo{647441d com.shoujiduoduo.ringtone/com.igexin.sdk.PushReceiver m=0x108000}]
05-13 14:07:56.795  4060 23153 I am_proc_start: [0,778,10142,com.sie.mp:pushservice,service,com.sie.mp/com.igexin.sdk.PushService]
05-13 14:07:56.796  4060  6533 I am_broadcast_discard_app: [0,104559288,android.intent.action.USER_PRESENT,51,ResolveInfo{e870692 com.ss.android.article.news/com.ss.android.message.MessageReceiver m=0x108000}]
05-13 14:07:56.796  4060  4102 I am_broadcast_discard_app: [0,104559288,android.intent.action.USER_PRESENT,52,ResolveInfo{a6a7863 com.ss.android.article.news/com.taobao.accs.EventReceiver m=0x108000}]
05-13 14:07:56.799  4060  4102 I am_broadcast_discard_app: [0,104559288,android.intent.action.USER_PRESENT,53,ResolveInfo{f959c60 com.ss.android.article.news/.AliyunPushMsgReceiver m=0x108000}]
05-13 14:07:56.800  4060  4102 I am_broadcast_discard_app: [0,104559288,android.intent.action.USER_PRESENT,54,ResolveInfo{a990519 com.ss.android.article.news/com.ss.android.message.sswo.SswoReceiver m=0x108000}]
05-13 14:07:56.801  4060  4102 I am_broadcast_discard_app: [0,104559288,android.intent.action.USER_PRESENT,55,ResolveInfo{d0af9de com.ss.android.essay.joke/com.ss.android.message.MessageReceiver m=0x108000}]
05-13 14:07:56.801  4060  4102 I am_broadcast_discard_app: [0,104559288,android.intent.action.USER_PRESENT,56,ResolveInfo{58237bf com.ss.android.essay.joke/com.ss.android.message.sswo.SswoReceiver m=0x108000}]
05-13 14:07:56.802  4060  4102 I am_broadcast_discard_app: [0,104559288,android.intent.action.USER_PRESENT,57,ResolveInfo{2281e8c com.ss.android.essay.joke/com.taobao.accs.EventReceiver m=0x108000}]
05-13 14:07:56.803  4060  4102 I am_broadcast_discard_app: [0,104559288,android.intent.action.USER_PRESENT,58,ResolveInfo{abd9d5 com.taobao.taobao/com.taobao.accs.EventReceiver m=0x108000}]
05-13 14:07:56.803  4060  4102 I am_broadcast_discard_app: [0,104559288,android.intent.action.USER_PRESENT,59,ResolveInfo{548d5ea com.tencent.news/.push.alive.offactivity.OffScreenReceiver m=0x108000}]
05-13 14:07:56.804  4060  4102 I am_broadcast_discard_app: [0,104559288,android.intent.action.USER_PRESENT,60,ResolveInfo{e2c90db com.tencent.news/com.taobao.accs.EventReceiver m=0x108000}]
05-13 14:07:56.805  4060  4102 I am_broadcast_discard_app: [0,104559288,android.intent.action.USER_PRESENT,62,ResolveInfo{17e9778 com.tuan800.tao800/com.igexin.sdk.PushReceiver m=0x108000}]
05-13 14:07:56.806  4060  4102 I am_broadcast_discard_app: [0,104559288,android.intent.action.USER_PRESENT,63,ResolveInfo{3dd3e51 com.wepie.snake.vivo/com.wepie.snake.helper.push.NoticeReceiver m=0x108000}]
05-13 14:07:56.807  4060  4102 I am_broadcast_discard_app: [0,104559288,android.intent.action.USER_PRESENT,64,ResolveInfo{1d666b6 com.wuba/com.igexin.sdk.PushReceiver m=0x108000}]
05-13 14:07:56.809  4060  4102 I am_broadcast_discard_app: [0,104559288,android.intent.action.USER_PRESENT,65,ResolveInfo{2595fb7 com.ximalaya.ting.android/com.igexin.sdk.PushReceiver m=0x108000}]
05-13 14:07:56.810  4060  4102 I am_broadcast_discard_app: [0,104559288,android.intent.action.USER_PRESENT,66,ResolveInfo{9c1b324 com.ximalaya.ting.android/com.sina.util.dnscache.net.networktype.NetworkStateReceiver m=0x108000}]
05-13 14:07:56.810  4060  4102 I am_broadcast_discard_app: [0,104559288,android.intent.action.USER_PRESENT,67,ResolveInfo{de66e8d com.youku.phone/com.taobao.accs.EventReceiver m=0x108000}]
05-13 14:07:56.811  4060  4102 I am_broadcast_discard_app: [0,104559288,android.intent.action.USER_PRESENT,68,ResolveInfo{eda3842 so.ofo.labofo/com.igexin.sdk.PushReceiver m=0x108000}]
05-13 14:07:56.813  4060  4102 I am_broadcast_discard_app: [999,85606483,android.intent.action.USER_PRESENT,0,ResolveInfo{ef8dd90 com.taobao.taobao/com.taobao.accs.EventReceiver m=0x108000}]
05-13 14:07:56.815  4060 17971 I am_proc_bound: [0,778,com.sie.mp:pushservice]
05-13 14:07:56.864  4060  4102 I am_proc_start: [0,824,10106,com.vivo.widget.calendar,broadcast,com.vivo.widget.calendar/.CalendarAppWidgetProvider]
05-13 14:07:56.869  4060 23035 I am_mem_factor: [1,2]
05-13 14:07:56.874  4060 17971 I am_proc_bound: [0,824,com.vivo.widget.calendar]
05-13 14:07:57.125  4060  4100 I am_meminfo: [222973952,587407360,0,385605632,229176320]
05-13 14:07:57.193  4060  4100 I am_pss  : [10441,10128,com.tencent.mobileqq,204044288,196153344,0]
05-13 14:07:57.211  4060  4100 I am_pss  : [7786,10128,com.tencent.mobileqq:MSF,32518144,30121984,0]
05-13 14:07:57.234  4060  4100 I am_pss  : [7375,10034,com.bbk.launcher2,94615552,91738112,0]
05-13 14:07:57.253  4060  4100 I am_pss  : [440,10128,com.tencent.mobileqq:qzone,36159488,31866880,0]
05-13 14:07:57.266  4060  4100 I am_pss  : [6575,1000,com.vivo.doubleinstance,4241408,3551232,0]
05-13 14:07:57.302  4060  4100 I am_pss  : [7930,10132,com.tencent.mm,119019520,114135040,0]
05-13 14:07:57.322  4060  4100 I am_pss  : [6631,1000,com.android.bbklog,28062720,25944064,0]
05-13 14:07:57.335  4060  6521 I am_finish_activity: [0,246401512,6,com.tencent.mobileqq/.activity.NotificationActivity,app-request]
05-13 14:07:57.336  4060  6521 I am_pause_activity: [0,246401512,com.tencent.mobileqq/.activity.NotificationActivity]
05-13 14:07:57.349 10441 10441 I am_on_paused_called: [0,com.tencent.mobileqq.activity.NotificationActivity,handlePauseActivity]
05-13 14:07:57.357  4060  6527 I am_resume_activity: [0,46280169,6,com.tencent.mobileqq/.activity.SplashActivity]
05-13 14:07:57.363  4060  4100 I am_pss  : [5085,10062,com.baidu.input_bbk.service,60563456,55963648,0]
05-13 14:07:57.376 10441 10441 I am_on_resume_called: [0,com.tencent.mobileqq.activity.SplashActivity,RESUME_ACTIVITY]
05-13 14:07:57.386  4060  4100 I am_pss  : [12412,10128,com.tencent.mobileqq:TMAssistantDownloadSDKService,18268160,16482304,0]
05-13 14:07:57.406  4060  4100 I am_pss  : [5403,1000,com.android.settings,20658176,19365888,0]
05-13 14:07:57.423  4060  4100 I am_pss  : [16602,10085,com.vivo.secime.service,17308672,11030528,0]
05-13 14:07:57.443  4060  4100 I am_pss  : [32548,10142,com.sie.mp,13335552,8470528,0]
05-13 14:07:57.459  4060  4100 I am_pss  : [11158,10081,com.vivo.safecenter,6320128,5566464,0]
05-13 14:07:57.473  4060  4100 I am_pss  : [4971,1000,com.vivo.appfilter,8409088,7581696,0]
05-13 14:07:57.489  4060  4100 I am_pss  : [25602,10087,com.bbk.updater,9365504,7966720,0]
05-13 14:07:57.505  4060  4100 I am_pss  : [21539,10011,android.process.media,21869568,19927040,0]
05-13 14:07:57.578   513   513 I sf_frame_dur: [com.tencent.mobileqq/com.tencent.mobileqq.activity.NotificationActivity,0,0,0,0,0,1,8]
05-13 14:07:57.656  4060 17970 I am_proc_died: [0,778,com.sie.mp:pushservice]
05-13 14:07:57.678   513   513 I sf_frame_dur: [com.tencent.mobileqq/com.tencent.mobileqq.activity.NotificationActivity,0,0,0,0,0,0,8]
05-13 14:07:57.719  4060  5564 I am_destroy_activity: [0,246401512,6,com.tencent.mobileqq/.activity.NotificationActivity,finish-idle]
05-13 14:07:57.729 10441 10441 I am_on_stop_called: [0,com.tencent.mobileqq.activity.NotificationActivity,destroy]
05-13 14:07:57.807  4060  4102 I am_proc_start: [0,956,10128,com.tencent.mobileqq:tool,broadcast,com.tencent.mobileqq/.webprocess.WebProcessReceiver]
05-13 14:07:57.826  4060  5564 I am_proc_bound: [0,956,com.tencent.mobileqq:tool]
05-13 14:07:58.164  4060  4100 I am_pss  : [5857,10064,com.bbk.iqoo.logsystem,59411456,57638912,0]
05-13 14:07:58.178  4060  4100 I am_pss  : [15831,1000,com.qti.service.colorservice,3675136,2977792,0]
05-13 14:07:58.203  4060  4100 I am_pss  : [23624,10155,com.eg.android.AlipayGphone:push,38264832,34619392,0]
05-13 14:07:58.224  4060  4100 I am_pss  : [15967,10030,com.bbk.appstore,15836160,12775424,0]
05-13 14:07:58.246  4060  4100 I am_pss  : [14795,10097,com.vivo.gallery,94839808,92676096,0]
05-13 14:07:58.262  4060  4100 I am_pss  : [32086,10089,com.vlife.vivo.wallpaper:main,9297920,7151616,0]
05-13 14:07:58.276  4060  4100 I am_pss  : [31800,10013,android.ext.services,3992576,2658304,0]
05-13 14:07:58.300  4060  4100 I am_pss  : [8522,10055,com.vivo.devicereg,41384960,40361984,0]
05-13 14:07:58.319  4060  4100 I am_pss  : [16654,10056,com.vivo.doubletimezoneclock,13648896,12312576,0]
05-13 14:07:58.335  4060  4100 I am_pss  : [6950,1000,com.vivo.wifi.networkdetect,4769792,3907584,0]
05-13 14:07:58.358  4060  4100 I am_pss  : [12702,10028,com.vivo.audiofx,5039104,4161536,0]
05-13 14:07:58.372  4060  4100 I am_pss  : [25708,1000,com.volte.config,3166208,2326528,0]
05-13 14:07:58.386  4060  4100 I am_pss  : [25684,1000,com.qualcomm.display,3268608,2424832,0]
05-13 14:07:58.402  4060  4100 I am_pss  : [25633,10092,com.android.camera,13629440,11243520,0]
05-13 14:07:58.417  4060  4100 I am_pss  : [25551,1000,com.qualcomm.qti.appnetaccess,3521536,2621440,0]
05-13 14:07:58.434  4060  4100 I am_pss  : [20210,10002,android.process.acore,15809536,13967360,0]
05-13 14:07:58.451  4060  4100 I am_pss  : [25218,10045,com.vivo.weather.provider,11668480,9973760,0]
05-13 14:07:58.465  4060  4100 I am_pss  : [25271,1000,org.simalliance.openmobileapi.service:remote,3982336,2842624,0]
05-13 14:07:58.479  4060  4100 I am_pss  : [18605,10041,com.android.BBKClock,4860928,3739648,0]
05-13 14:07:58.495  4060  4100 I am_pss  : [17284,10110,com.chaozh.iReader,13201408,11272192,0]
05-13 14:07:58.512  4060  4100 I am_pss  : [16755,1000,com.vivo.abe:pushservice_v1,17428480,14004224,0]
05-13 14:07:58.529  4060  4100 I am_pss  : [5482,1000,com.vivo.smartmultiwindow,20449280,18939904,0]
05-13 14:07:58.544  4060  4100 I am_pss  : [14966,10101,com.vivo.sdkplugin,4957184,3268608,0]
05-13 14:07:58.565  4060  4100 I am_pss  : [20188,10132,com.tencent.mm:tools,20894720,17920000,0]
05-13 14:07:58.582  4060  4100 I am_pss  : [7740,10132,com.tencent.mm:push,19418112,17326080,0]
05-13 14:07:58.604  4060  4100 I am_pss  : [9134,10128,com.tencent.mobileqq:openSdk,27437056,22294528,0]
05-13 14:07:58.618  4060  4100 I am_pss  : [9272,1000,com.vivo.permissionmanager,12546048,11722752,0]
05-13 14:07:58.640  4060  4100 I am_pss  : [19927,1001,com.android.incallui,17196032,15867904,0]
05-13 14:07:58.661  4060  4100 I am_pss  : [8885,10063,com.iqoo.secure:remote,110724096,106905600,0]
05-13 14:07:58.675  4060  4100 I am_pss  : [5788,10002,com.vivo.sim.contacts,4277248,3526656,0]
05-13 14:07:58.675  4060  4076 I am_proc_died: [0,440,com.tencent.mobileqq:qzone]
05-13 14:07:58.676  4060  4076 I am_schedule_service_restart: [0,com.tencent.mobileqq/cooperation.qzone.remote.logic.QzoneWebPluginProxyService,1000]
05-13 14:07:58.692  4060  4100 I am_pss  : [5066,1002,com.android.bluetooth,8932352,7573504,0]
05-13 14:07:58.707  4060  4100 I am_pss  : [9962,1000,com.vivo.intelliengine,9899008,8777728,0]
05-13 14:07:58.726  4060  4100 I am_pss  : [9904,10132,com.tencent.mm:exdevice,9966592,8671232,0]
05-13 14:07:58.740  4060  4100 I am_pss  : [5803,1001,com.qualcomm.qcrilmsgtunnel,3780608,3100672,0]
05-13 14:07:58.755  4060  4100 I am_pss  : [7978,10132,com.tencent.mm:recovery,7325696,5996544,0]
05-13 14:07:58.769  4060  4100 I am_pss  : [6494,10071,com.oma.drm.server,3611648,2940928,0]
05-13 14:07:58.799  4060  4100 I am_pss  : [6478,10017,com.baidu.map.location,14648320,13160448,0]
05-13 14:07:58.821  4060  4100 I am_pss  : [6467,1001,com.qualcomm.qti.loadcarrier,3333120,2666496,0]
05-13 14:07:58.846  4060  4100 I am_pss  : [6452,1000,com.alps.lcn,6841344,5963776,0]
05-13 14:07:58.869  4060  4100 I am_pss  : [6440,1000,com.vivo.abe,26208256,24219648,0]
05-13 14:07:58.893  4060  4100 I am_pss  : [5547,1001,com.android.phone,34832384,33222656,0]
05-13 14:07:58.917  4060  4100 I am_pss  : [7389,1000,com.vivo.upslide,114405376,111190016,0]
05-13 14:07:58.931  4060  4100 I am_pss  : [5513,1000,com.android.server.telecom,7658496,6840320,0]
05-13 14:07:58.946  4060  4100 I am_pss  : [5507,1000,.dataservices,7009280,6225920,0]
